OpenJDK 64-Bit Server VM (25.222-b10) for linux-amd64 JRE (1.8.0_222-b10), built on Jul 11 2019 03:23:03 by "mockbuild" with gcc 4.8.5 20150623 (Red Hat 4.8.5-36)
Memory: 4k page, physical 32780060k(17732636k free), swap 2097148k(1794996k free)
CommandLine flags: -XX:InitialHeapSize=4294967296 -XX:InitialTenuringThreshold=1 -XX:MaxHeapSize=4294967296 -XX:MaxNewSize=536870912 -XX:MaxTenuringThreshold=1 -XX:NewSize=536870912 -XX:OldPLABSize=16 -XX:+PrintGC -XX:+PrintGCDetails -XX:+PrintGCTimeStamps -XX:+UseCompressedClassPointers -XX:+UseCompressedOops -XX:+UseConcMarkSweepGC -XX:+UseParNewGC 
2.193: [GC (CMS Initial Mark) [1 CMS-initial-mark: 0K(3670016K)] 386313K(4141888K), 0.1491233 secs] [Times: user=0.21 sys=0.00, real=0.15 secs] 
2.342: [CMS-concurrent-mark-start]
2.343: [CMS-concurrent-mark: 0.001/0.001 secs] [Times: user=0.00 sys=0.00, real=0.00 secs] 
2.343: [CMS-concurrent-preclean-start]
2.347: [CMS-concurrent-preclean: 0.004/0.004 secs] [Times: user=0.02 sys=0.00, real=0.01 secs] 
2.347: [CMS-concurrent-abortable-preclean-start]
2.668: [GC (Allocation Failure) 2.668: [ParNew: 419456K->42702K(471872K), 0.0339240 secs] 419456K->42702K(4141888K), 0.0340042 secs] [Times: user=0.13 sys=0.03, real=0.03 secs] 
4.066: [CMS-concurrent-abortable-preclean: 0.976/1.719 secs] [Times: user=5.29 sys=0.11, real=1.72 secs] 
4.066: [GC (CMS Final Remark) [YG occupancy: 266154 K (471872 K)]4.066: [Rescan (parallel) , 0.0174822 secs]4.084: [weak refs processing, 0.0000230 secs]4.084: [class unloading, 0.0061186 secs]4.090: [scrub symbol table, 0.0083717 secs]4.098: [scrub string table, 0.0005676 secs][1 CMS-remark: 0K(3670016K)] 266154K(4141888K), 0.0340026 secs] [Times: user=0.15 sys=0.00, real=0.03 secs] 
4.101: [CMS-concurrent-sweep-start]
4.101: [CMS-concurrent-sweep: 0.000/0.000 secs] [Times: user=0.00 sys=0.00, real=0.00 secs] 
4.101: [CMS-concurrent-reset-start]
4.129: [CMS-concurrent-reset: 0.029/0.029 secs] [Times: user=0.03 sys=0.03, real=0.03 secs] 
6.390: [GC (Allocation Failure) 6.390: [ParNew: 462158K->41740K(471872K), 0.1942514 secs] 462158K->71347K(4141888K), 0.1943397 secs] [Times: user=0.46 sys=0.08, real=0.20 secs] 
551.341: [GC (Allocation Failure) 551.342: [ParNew: 461196K->16814K(471872K), 0.0453409 secs] 490803K->61722K(4141888K), 0.0454450 secs] [Times: user=0.10 sys=0.01, real=0.05 secs] 
1189.845: [GC (Allocation Failure) 1189.845: [ParNew: 436270K->5413K(471872K), 0.0114490 secs] 481178K->56622K(4141888K), 0.0115327 secs] [Times: user=0.06 sys=0.00, real=0.01 secs] 
1865.148: [GC (Allocation Failure) 1865.148: [ParNew: 424869K->2151K(471872K), 0.0072834 secs] 476078K->54308K(4141888K), 0.0073504 secs] [Times: user=0.04 sys=0.00, real=0.01 secs] 
2569.844: [GC (Allocation Failure) 2569.844: [ParNew: 421607K->1502K(471872K), 0.0093542 secs] 473764K->54371K(4141888K), 0.0094329 secs] [Times: user=0.04 sys=0.00, real=0.00 secs] 
3259.842: [GC (Allocation Failure) 3259.842: [ParNew: 420958K->1308K(471872K), 0.0092843 secs] 473827K->54789K(4141888K), 0.0093818 secs] [Times: user=0.05 sys=0.01, real=0.01 secs] 
3965.145: [GC (Allocation Failure) 3965.145: [ParNew: 420764K->1083K(471872K), 0.0072089 secs] 474245K->54901K(4141888K), 0.0072843 secs] [Times: user=0.04 sys=0.00, real=0.00 secs] 
4685.145: [GC (Allocation Failure) 4685.145: [ParNew: 420539K->968K(471872K), 0.0060422 secs] 474357K->55204K(4141888K), 0.0061307 secs] [Times: user=0.05 sys=0.00, real=0.00 secs] 
5375.152: [GC (Allocation Failure) 5375.153: [ParNew: 420424K->986K(471872K), 0.0055523 secs] 474660K->55533K(4141888K), 0.0056641 secs] [Times: user=0.04 sys=0.00, real=0.01 secs] 
6093.180: [GC (Allocation Failure) 6093.180: [ParNew: 420442K->733K(471872K), 0.0051892 secs] 474989K->55666K(4141888K), 0.0052661 secs] [Times: user=0.04 sys=0.00, real=0.01 secs] 
6815.146: [GC (Allocation Failure) 6815.146: [ParNew: 420189K->833K(471872K), 0.0053605 secs] 475122K->56212K(4141888K), 0.0054458 secs] [Times: user=0.04 sys=0.00, real=0.00 secs] 
7519.843: [GC (Allocation Failure) 7519.843: [ParNew: 420289K->1333K(471872K), 0.0058169 secs] 475668K->57020K(4141888K), 0.0059248 secs] [Times: user=0.04 sys=0.00, real=0.01 secs] 
8239.845: [GC (Allocation Failure) 8239.845: [ParNew: 420789K->1564K(471872K), 0.0059629 secs] 476476K->57696K(4141888K), 0.0060568 secs] [Times: user=0.04 sys=0.00, real=0.00 secs] 
8952.400: [GC (Allocation Failure) 8952.400: [ParNew: 421020K->909K(471872K), 0.0116404 secs] 477152K->57778K(4141888K), 0.0117453 secs] [Times: user=0.05 sys=0.00, real=0.01 secs] 
9650.151: [GC (Allocation Failure) 9650.151: [ParNew: 420365K->992K(471872K), 0.0073358 secs] 477234K->58197K(4141888K), 0.0074085 secs] [Times: user=0.05 sys=0.00, real=0.01 secs] 
10385.147: [GC (Allocation Failure) 10385.147: [ParNew: 420448K->963K(471872K), 0.0072936 secs] 477653K->58516K(4141888K), 0.0074096 secs] [Times: user=0.05 sys=0.00, real=0.01 secs] 
11089.839: [GC (Allocation Failure) 11089.839: [ParNew: 420419K->1057K(471872K), 0.0068833 secs] 477972K->58981K(4141888K), 0.0069613 secs] [Times: user=0.05 sys=0.00, real=0.01 secs] 
11809.846: [GC (Allocation Failure) 11809.846: [ParNew: 420513K->1099K(471872K), 0.0054604 secs] 478437K->59341K(4141888K), 0.0055403 secs] [Times: user=0.04 sys=0.00, real=0.00 secs] 
12544.336: [GC (Allocation Failure) 12544.336: [ParNew: 420555K->678K(471872K), 0.0056545 secs] 478797K->59326K(4141888K), 0.0057752 secs] [Times: user=0.04 sys=0.00, real=0.00 secs] 
13219.858: [GC (Allocation Failure) 13219.858: [ParNew: 420134K->770K(471872K), 0.0054407 secs] 478782K->59726K(4141888K), 0.0055379 secs] [Times: user=0.04 sys=0.00, real=0.00 secs] 
13955.144: [GC (Allocation Failure) 13955.144: [ParNew: 420226K->851K(471872K), 0.0052740 secs] 479182K->60183K(4141888K), 0.0053461 secs] [Times: user=0.04 sys=0.01, real=0.00 secs] 
14654.510: [GC (Allocation Failure) 14654.510: [ParNew: 420307K->935K(471872K), 0.0065981 secs] 479639K->60608K(4141888K), 0.0067312 secs] [Times: user=0.04 sys=0.00, real=0.01 secs] 
15379.844: [GC (Allocation Failure) 15379.844: [ParNew: 420391K->998K(471872K), 0.0052116 secs] 480064K->61049K(4141888K), 0.0053062 secs] [Times: user=0.03 sys=0.00, real=0.00 secs] 
16099.847: [GC (Allocation Failure) 16099.847: [ParNew: 420454K->1288K(471872K), 0.0059008 secs] 480505K->61742K(4141888K), 0.0059888 secs] [Times: user=0.05 sys=0.00, real=0.00 secs] 
16802.057: [GC (Allocation Failure) 16802.057: [ParNew: 420744K->1053K(471872K), 0.0056442 secs] 481198K->61942K(4141888K), 0.0057499 secs] [Times: user=0.04 sys=0.00, real=0.00 secs] 
17513.548: [GC (Allocation Failure) 17513.549: [ParNew: 420509K->690K(471872K), 0.0058140 secs] 481398K->62022K(4141888K), 0.0059232 secs] [Times: user=0.04 sys=0.00, real=0.01 secs] 
18245.151: [GC (Allocation Failure) 18245.151: [ParNew: 420146K->999K(471872K), 0.0071378 secs] 481478K->62676K(4141888K), 0.0072784 secs] [Times: user=0.05 sys=0.00, real=0.01 secs] 
18949.844: [GC (Allocation Failure) 18949.844: [ParNew: 420455K->1390K(471872K), 0.0061790 secs] 482132K->63375K(4141888K), 0.0062618 secs] [Times: user=0.04 sys=0.00, real=0.00 secs] 
19685.141: [GC (Allocation Failure) 19685.141: [ParNew: 420846K->782K(471872K), 0.0052538 secs] 482831K->63271K(4141888K), 0.0053587 secs] [Times: user=0.04 sys=0.00, real=0.01 secs] 
20378.751: [GC (Allocation Failure) 20378.751: [ParNew: 420238K->940K(471872K), 0.0055988 secs] 482727K->63669K(4141888K), 0.0056981 secs] [Times: user=0.04 sys=0.00, real=0.01 secs] 
21095.146: [GC (Allocation Failure) 21095.147: [ParNew: 420396K->798K(471872K), 0.0056597 secs] 483125K->63984K(4141888K), 0.0057494 secs] [Times: user=0.04 sys=0.00, real=0.00 secs] 
21815.148: [GC (Allocation Failure) 21815.148: [ParNew: 420254K->1148K(471872K), 0.0057958 secs] 483440K->64673K(4141888K), 0.0058988 secs] [Times: user=0.04 sys=0.00, real=0.01 secs] 
22519.845: [GC (Allocation Failure) 22519.845: [ParNew: 420604K->1520K(471872K), 0.0062246 secs] 484129K->65351K(4141888K), 0.0063398 secs] [Times: user=0.05 sys=0.00, real=0.00 secs] 
23255.146: [GC (Allocation Failure) 23255.146: [ParNew: 420976K->1174K(471872K), 0.0053749 secs] 484807K->65508K(4141888K), 0.0054539 secs] [Times: user=0.04 sys=0.00, real=0.00 secs] 
23959.846: [GC (Allocation Failure) 23959.846: [ParNew: 420630K->1536K(471872K), 0.0070827 secs] 484964K->66228K(4141888K), 0.0071871 secs] [Times: user=0.05 sys=0.00, real=0.00 secs] 
24665.194: [GC (Allocation Failure) 24665.194: [ParNew: 420992K->785K(471872K), 0.0055142 secs] 485684K->65854K(4141888K), 0.0056047 secs] [Times: user=0.04 sys=0.01, real=0.00 secs] 
25399.842: [GC (Allocation Failure) 25399.842: [ParNew: 420241K->1115K(471872K), 0.0056940 secs] 485310K->66586K(4141888K), 0.0058002 secs] [Times: user=0.04 sys=0.00, real=0.01 secs] 
26105.142: [GC (Allocation Failure) 26105.142: [ParNew: 420571K->1287K(471872K), 0.0058068 secs] 486042K->67065K(4141888K), 0.0059185 secs] [Times: user=0.04 sys=0.00, real=0.01 secs] 
26825.150: [GC (Allocation Failure) 26825.150: [ParNew: 420743K->1231K(471872K), 0.0077036 secs] 486521K->67321K(4141888K), 0.0078231 secs] [Times: user=0.04 sys=0.00, real=0.01 secs] 
27551.956: [GC (Allocation Failure) 27551.956: [ParNew: 420687K->755K(471872K), 0.0096659 secs] 486777K->67312K(4141888K), 0.0098267 secs] [Times: user=0.04 sys=0.00, real=0.01 secs] 
28235.645: [GC (Allocation Failure) 28235.645: [ParNew: 420211K->756K(471872K), 0.0090294 secs] 486768K->67587K(4141888K), 0.0091618 secs] [Times: user=0.04 sys=0.00, real=0.01 secs] 
28969.843: [GC (Allocation Failure) 28969.843: [ParNew: 420212K->945K(471872K), 0.0072526 secs] 487043K->68183K(4141888K), 0.0073500 secs] [Times: user=0.05 sys=0.00, real=0.01 secs] 
29675.147: [GC (Allocation Failure) 29675.147: [ParNew: 420401K->1249K(471872K), 0.0061699 secs] 487639K->68794K(4141888K), 0.0062601 secs] [Times: user=0.04 sys=0.01, real=0.00 secs] 
30409.839: [GC (Allocation Failure) 30409.839: [ParNew: 420705K->1112K(471872K), 0.0054377 secs] 488250K->68967K(4141888K), 0.0055047 secs] [Times: user=0.04 sys=0.00, real=0.01 secs] 
31129.842: [GC (Allocation Failure) 31129.842: [ParNew: 420568K->1191K(471872K), 0.0056059 secs] 488423K->69512K(4141888K), 0.0056857 secs] [Times: user=0.04 sys=0.00, real=0.01 secs] 
31819.844: [GC (Allocation Failure) 31819.844: [ParNew: 420647K->1471K(471872K), 0.0057755 secs] 488968K->70148K(4141888K), 0.0058473 secs] [Times: user=0.04 sys=0.00, real=0.00 secs] 
32542.093: [GC (Allocation Failure) 32542.093: [ParNew: 420927K->894K(471872K), 0.0057088 secs] 489604K->70008K(4141888K), 0.0058121 secs] [Times: user=0.04 sys=0.00, real=0.01 secs] 
33254.440: [GC (Allocation Failure) 33254.440: [ParNew: 420350K->861K(471872K), 0.0052765 secs] 489464K->70379K(4141888K), 0.0053561 secs] [Times: user=0.04 sys=0.01, real=0.01 secs] 
33979.843: [GC (Allocation Failure) 33979.843: [ParNew: 420317K->1010K(471872K), 0.0054384 secs] 489835K->70837K(4141888K), 0.0055191 secs] [Times: user=0.04 sys=0.00, real=0.01 secs] 
34699.849: [GC (Allocation Failure) 34699.849: [ParNew: 420466K->812K(471872K), 0.0055547 secs] 490293K->71044K(4141888K), 0.0056610 secs] [Times: user=0.04 sys=0.01, real=0.01 secs] 
35402.089: [GC (Allocation Failure) 35402.089: [ParNew: 420268K->849K(471872K), 0.0053399 secs] 490500K->71384K(4141888K), 0.0054711 secs] [Times: user=0.03 sys=0.00, real=0.01 secs] 
36125.144: [GC (Allocation Failure) 36125.144: [ParNew: 420305K->940K(471872K), 0.0054018 secs] 490840K->71855K(4141888K), 0.0055001 secs] [Times: user=0.04 sys=0.00, real=0.00 secs] 
36846.243: [GC (Allocation Failure) 36846.243: [ParNew: 420396K->676K(471872K), 0.0055596 secs] 491311K->71993K(4141888K), 0.0056602 secs] [Times: user=0.04 sys=0.00, real=0.01 secs] 
37565.142: [GC (Allocation Failure) 37565.142: [ParNew: 420132K->1156K(471872K), 0.0063421 secs] 491449K->72784K(4141888K), 0.0064507 secs] [Times: user=0.05 sys=0.00, real=0.01 secs] 
38285.147: [GC (Allocation Failure) 38285.147: [ParNew: 420612K->1104K(471872K), 0.0054980 secs] 492240K->73170K(4141888K), 0.0055814 secs] [Times: user=0.04 sys=0.00, real=0.00 secs] 
38989.845: [GC (Allocation Failure) 38989.845: [ParNew: 420560K->1532K(471872K), 0.0055361 secs] 492626K->73839K(4141888K), 0.0056310 secs] [Times: user=0.04 sys=0.00, real=0.00 secs] 
39709.839: [GC (Allocation Failure) 39709.839: [ParNew: 420988K->898K(471872K), 0.0060598 secs] 493295K->73770K(4141888K), 0.0061768 secs] [Times: user=0.04 sys=0.00, real=0.01 secs] 
40429.845: [GC (Allocation Failure) 40429.845: [ParNew: 420354K->1263K(471872K), 0.0063957 secs] 493226K->74474K(4141888K), 0.0064861 secs] [Times: user=0.04 sys=0.00, real=0.00 secs] 
41135.146: [GC (Allocation Failure) 41135.146: [ParNew: 420719K->1461K(471872K), 0.0059683 secs] 493930K->74986K(4141888K), 0.0060775 secs] [Times: user=0.04 sys=0.00, real=0.00 secs] 
41869.837: [GC (Allocation Failure) 41869.837: [ParNew: 420917K->875K(471872K), 0.0056157 secs] 494442K->74773K(4141888K), 0.0057102 secs] [Times: user=0.04 sys=0.00, real=0.00 secs] 
42559.849: [GC (Allocation Failure) 42559.849: [ParNew: 420324K->1081K(471872K), 0.0056238 secs] 494222K->75349K(4141888K), 0.0057168 secs] [Times: user=0.04 sys=0.00, real=0.01 secs] 
43279.849: [GC (Allocation Failure) 43279.849: [ParNew: 420537K->904K(471872K), 0.0074677 secs] 494805K->75613K(4141888K), 0.0075918 secs] [Times: user=0.04 sys=0.00, real=0.01 secs] 
44015.142: [GC (Allocation Failure) 44015.142: [ParNew: 420360K->783K(471872K), 0.0054784 secs] 495069K->75831K(4141888K), 0.0055515 secs] [Times: user=0.04 sys=0.00, real=0.01 secs] 
44707.451: [GC (Allocation Failure) 44707.451: [ParNew: 420239K->961K(471872K), 0.0057280 secs] 495287K->76314K(4141888K), 0.0058490 secs] [Times: user=0.04 sys=0.00, real=0.01 secs] 
45439.845: [GC (Allocation Failure) 45439.845: [ParNew: 420417K->1056K(471872K), 0.0054750 secs] 495770K->76784K(4141888K), 0.0056178 secs] [Times: user=0.04 sys=0.00, real=0.00 secs] 
46152.000: [GC (Allocation Failure) 46152.000: [ParNew: 420512K->887K(471872K), 0.0054057 secs] 496240K->77016K(4141888K), 0.0055290 secs] [Times: user=0.04 sys=0.00, real=0.01 secs] 
46849.850: [GC (Allocation Failure) 46849.850: [ParNew: 420343K->1265K(471872K), 0.0053714 secs] 496472K->77668K(4141888K), 0.0054515 secs] [Times: user=0.04 sys=0.00, real=0.01 secs] 
47585.144: [GC (Allocation Failure) 47585.144: [ParNew: 420721K->960K(471872K), 0.0056264 secs] 497124K->77891K(4141888K), 0.0057295 secs] [Times: user=0.04 sys=0.00, real=0.00 secs] 
48289.838: [GC (Allocation Failure) 48289.838: [ParNew: 420416K->1174K(471872K), 0.0057473 secs] 497347K->78411K(4141888K), 0.0058426 secs] [Times: user=0.04 sys=0.00, real=0.01 secs] 
49010.745: [GC (Allocation Failure) 49010.745: [ParNew: 420630K->961K(471872K), 0.0064180 secs] 497867K->78509K(4141888K), 0.0065456 secs] [Times: user=0.05 sys=0.01, real=0.00 secs] 
49745.145: [GC (Allocation Failure) 49745.145: [ParNew: 420417K->896K(471872K), 0.0055313 secs] 497965K->78910K(4141888K), 0.0056189 secs] [Times: user=0.05 sys=0.00, real=0.00 secs] 
50435.146: [GC (Allocation Failure) 50435.146: [ParNew: 420352K->1181K(471872K), 0.0056453 secs] 498366K->79434K(4141888K), 0.0057161 secs] [Times: user=0.04 sys=0.00, real=0.00 secs] 
51155.151: [GC (Allocation Failure) 51155.151: [ParNew: 420637K->944K(471872K), 0.0069954 secs] 498890K->79638K(4141888K), 0.0070924 secs] [Times: user=0.04 sys=0.00, real=0.01 secs] 
51859.848: [GC (Allocation Failure) 51859.848: [ParNew: 420400K->1236K(471872K), 0.0119394 secs] 499094K->80236K(4141888K), 0.0120632 secs] [Times: user=0.05 sys=0.00, real=0.01 secs] 
52595.147: [GC (Allocation Failure) 52595.147: [ParNew: 420692K->1090K(471872K), 0.0083147 secs] 499692K->80400K(4141888K), 0.0084329 secs] [Times: user=0.04 sys=0.00, real=0.01 secs] 
53320.745: [GC (Allocation Failure) 53320.745: [ParNew: 420546K->697K(471872K), 0.0076077 secs] 499856K->80473K(4141888K), 0.0077206 secs] [Times: user=0.04 sys=0.00, real=0.00 secs] 
54005.146: [GC (Allocation Failure) 54005.146: [ParNew: 420153K->1356K(471872K), 0.0059430 secs] 499929K->81372K(4141888K), 0.0060380 secs] [Times: user=0.04 sys=0.01, real=0.00 secs] 
54739.841: [GC (Allocation Failure) 54739.841: [ParNew: 420812K->904K(471872K), 0.0060610 secs] 500828K->81414K(4141888K), 0.0061329 secs] [Times: user=0.04 sys=0.00, real=0.01 secs] 
55452.367: [GC (Allocation Failure) 55452.367: [ParNew: 420360K->974K(471872K), 0.0058357 secs] 500870K->81888K(4141888K), 0.0059761 secs] [Times: user=0.04 sys=0.00, real=0.00 secs] 
56165.148: [GC (Allocation Failure) 56165.148: [ParNew: 420430K->1198K(471872K), 0.0055497 secs] 501344K->82450K(4141888K), 0.0056212 secs] [Times: user=0.04 sys=0.01, real=0.00 secs] 
56899.843: [GC (Allocation Failure) 56899.843: [ParNew: 420654K->1177K(471872K), 0.0059530 secs] 501906K->82709K(4141888K), 0.0060391 secs] [Times: user=0.04 sys=0.00, real=0.01 secs] 
57602.047: [GC (Allocation Failure) 57602.047: [ParNew: 420633K->1050K(471872K), 0.0067024 secs] 502165K->83014K(4141888K), 0.0068194 secs] [Times: user=0.05 sys=0.00, real=0.01 secs] 
58317.065: [GC (Allocation Failure) 58317.065: [ParNew: 420506K->768K(471872K), 0.0060451 secs] 502470K->83110K(4141888K), 0.0061493 secs] [Times: user=0.04 sys=0.00, real=0.00 secs] 
59045.149: [GC (Allocation Failure) 59045.149: [ParNew: 420224K->852K(471872K), 0.0056011 secs] 502566K->83645K(4141888K), 0.0056995 secs] [Times: user=0.05 sys=0.00, real=0.01 secs] 
59749.843: [GC (Allocation Failure) 59749.843: [ParNew: 420308K->1289K(471872K), 0.0074417 secs] 503101K->84387K(4141888K), 0.0075442 secs] [Times: user=0.05 sys=0.00, real=0.01 secs] 
60485.145: [GC (Allocation Failure) 60485.145: [ParNew: 420745K->1245K(471872K), 0.0057147 secs] 503843K->84654K(4141888K), 0.0058021 secs] [Times: user=0.04 sys=0.00, real=0.00 secs] 
61189.842: [GC (Allocation Failure) 61189.842: [ParNew: 420701K->1306K(471872K), 0.0056706 secs] 504110K->85084K(4141888K), 0.0057586 secs] [Times: user=0.04 sys=0.00, real=0.01 secs] 
61895.155: [GC (Allocation Failure) 61895.155: [ParNew: 420762K->983K(471872K), 0.0078499 secs] 504540K->85200K(4141888K), 0.0079591 secs] [Times: user=0.05 sys=0.00, real=0.00 secs] 
62629.844: [GC (Allocation Failure) 62629.844: [ParNew: 420439K->1149K(471872K), 0.0079374 secs] 504656K->85821K(4141888K), 0.0080897 secs] [Times: user=0.06 sys=0.00, real=0.01 secs] 
63335.149: [GC (Allocation Failure) 63335.149: [ParNew: 420605K->1645K(471872K), 0.0058508 secs] 505277K->86623K(4141888K), 0.0059398 secs] [Times: user=0.04 sys=0.00, real=0.01 secs] 
64069.839: [GC (Allocation Failure) 64069.839: [ParNew: 421101K->1117K(471872K), 0.0070886 secs] 506079K->86469K(4141888K), 0.0071637 secs] [Times: user=0.04 sys=0.01, real=0.01 secs] 
64775.141: [GC (Allocation Failure) 64775.141: [ParNew: 420573K->1184K(471872K), 0.0073061 secs] 505925K->86903K(4141888K), 0.0073967 secs] [Times: user=0.04 sys=0.00, real=0.01 secs] 
65479.845: [GC (Allocation Failure) 65479.845: [ParNew: 420640K->1020K(471872K), 0.0065865 secs] 506359K->87179K(4141888K), 0.0066569 secs] [Times: user=0.05 sys=0.00, real=0.00 secs] 
66215.145: [GC (Allocation Failure) 66215.145: [ParNew: 420476K->1066K(471872K), 0.0075949 secs] 506635K->87563K(4141888K), 0.0076747 secs] [Times: user=0.04 sys=0.00, real=0.00 secs] 
66919.847: [GC (Allocation Failure) 66919.847: [ParNew: 420522K->1242K(471872K), 0.0055047 secs] 507019K->88044K(4141888K), 0.0055834 secs] [Times: user=0.04 sys=0.00, real=0.00 secs] 
67644.470: [GC (Allocation Failure) 67644.470: [ParNew: 420698K->882K(471872K), 0.0170403 secs] 507500K->88059K(4141888K), 0.0171120 secs] [Times: user=0.10 sys=0.00, real=0.02 secs] 
68354.073: [GC (Allocation Failure) 68354.074: [ParNew: 420338K->937K(471872K), 0.0146701 secs] 507515K->88513K(4141888K), 0.0148063 secs] [Times: user=0.08 sys=0.00, real=0.02 secs] 
69065.141: [GC (Allocation Failure) 69065.141: [ParNew: 420393K->870K(471872K), 0.0069863 secs] 507969K->88817K(4141888K), 0.0070578 secs] [Times: user=0.04 sys=0.01, real=0.01 secs] 
69785.151: [GC (Allocation Failure) 69785.151: [ParNew: 420326K->1101K(471872K), 0.0066306 secs] 508273K->89516K(4141888K), 0.0068270 secs] [Times: user=0.04 sys=0.00, real=0.01 secs] 
70489.842: [GC (Allocation Failure) 70489.842: [ParNew: 420557K->1294K(471872K), 0.0061107 secs] 508972K->90131K(4141888K), 0.0061906 secs] [Times: user=0.04 sys=0.00, real=0.01 secs] 
71209.845: [GC (Allocation Failure) 71209.845: [ParNew: 420750K->1090K(471872K), 0.0051723 secs] 509587K->90238K(4141888K), 0.0052580 secs] [Times: user=0.04 sys=0.01, real=0.00 secs] 
71945.146: [GC (Allocation Failure) 71945.146: [ParNew: 420546K->1065K(471872K), 0.0055323 secs] 509694K->90549K(4141888K), 0.0056140 secs] [Times: user=0.04 sys=0.00, real=0.00 secs] 
72635.145: [GC (Allocation Failure) 72635.145: [ParNew: 420521K->1344K(471872K), 0.0071546 secs] 510005K->91197K(4141888K), 0.0072276 secs] [Times: user=0.04 sys=0.00, real=0.00 secs] 
73369.837: [GC (Allocation Failure) 73369.837: [ParNew: 420800K->1027K(471872K), 0.0056881 secs] 510653K->91321K(4141888K), 0.0057874 secs] [Times: user=0.04 sys=0.00, real=0.00 secs] 
74075.137: [GC (Allocation Failure) 74075.137: [ParNew: 420483K->933K(471872K), 0.0062490 secs] 510777K->91533K(4141888K), 0.0063886 secs] [Times: user=0.04 sys=0.00, real=0.00 secs] 
74795.147: [GC (Allocation Failure) 74795.147: [ParNew: 420389K->919K(471872K), 0.0052277 secs] 510989K->91831K(4141888K), 0.0053167 secs] [Times: user=0.03 sys=0.00, real=0.00 secs] 
75529.840: [GC (Allocation Failure) 75529.840: [ParNew: 420375K->1061K(471872K), 0.0053763 secs] 511287K->92310K(4141888K), 0.0054777 secs] [Times: user=0.04 sys=0.00, real=0.01 secs] 
76219.842: [GC (Allocation Failure) 76219.842: [ParNew: 420517K->1240K(471872K), 0.0053758 secs] 511766K->92858K(4141888K), 0.0054554 secs] [Times: user=0.04 sys=0.00, real=0.01 secs] 
76939.846: [GC (Allocation Failure) 76939.846: [ParNew: 420696K->1215K(471872K), 0.0055971 secs] 512314K->93210K(4141888K), 0.0056726 secs] [Times: user=0.04 sys=0.00, real=0.00 secs] 
77654.477: [GC (Allocation Failure) 77654.477: [ParNew: 420671K->1141K(471872K), 0.0085271 secs] 512666K->93538K(4141888K), 0.0086146 secs] [Times: user=0.04 sys=0.00, real=0.01 secs] 
78379.845: [GC (Allocation Failure) 78379.845: [ParNew: 420597K->985K(471872K), 0.0090884 secs] 512994K->93805K(4141888K), 0.0091661 secs] [Times: user=0.04 sys=0.00, real=0.01 secs] 
79115.143: [GC (Allocation Failure) 79115.144: [ParNew: 420441K->1099K(471872K), 0.0068882 secs] 513261K->94197K(4141888K), 0.0069879 secs] [Times: user=0.05 sys=0.00, real=0.01 secs] 
79805.142: [GC (Allocation Failure) 79805.142: [ParNew: 420555K->1006K(471872K), 0.0055962 secs] 513653K->94536K(4141888K), 0.0056686 secs] [Times: user=0.04 sys=0.00, real=0.01 secs] 
80525.148: [GC (Allocation Failure) 80525.148: [ParNew: 420462K->1113K(471872K), 0.0062947 secs] 513992K->95022K(4141888K), 0.0063841 secs] [Times: user=0.05 sys=0.00, real=0.01 secs] 
81252.204: [GC (Allocation Failure) 81252.204: [ParNew: 420569K->1070K(471872K), 0.0070991 secs] 514478K->95318K(4141888K), 0.0072244 secs] [Times: user=0.05 sys=0.00, real=0.00 secs] 
81965.146: [GC (Allocation Failure) 81965.146: [ParNew: 420526K->975K(471872K), 0.0062973 secs] 514774K->95625K(4141888K), 0.0063803 secs] [Times: user=0.04 sys=0.00, real=0.00 secs] 
82685.150: [GC (Allocation Failure) 82685.150: [ParNew: 420431K->1106K(471872K), 0.0089253 secs] 515081K->96036K(4141888K), 0.0090313 secs] [Times: user=0.07 sys=0.00, real=0.01 secs] 
83389.844: [GC (Allocation Failure) 83389.844: [ParNew: 420562K->1227K(471872K), 0.0057205 secs] 515492K->96525K(4141888K), 0.0058034 secs] [Times: user=0.04 sys=0.00, real=0.00 secs] 
84109.841: [GC (Allocation Failure) 84109.841: [ParNew: 420683K->900K(471872K), 0.0062120 secs] 515981K->96639K(4141888K), 0.0062982 secs] [Times: user=0.04 sys=0.00, real=0.01 secs] 
84829.904: [GC (Allocation Failure) 84829.904: [ParNew: 420356K->1077K(471872K), 0.0053272 secs] 516095K->97154K(4141888K), 0.0054025 secs] [Times: user=0.04 sys=0.00, real=0.00 secs] 
85535.149: [GC (Allocation Failure) 85535.149: [ParNew: 420533K->1120K(471872K), 0.0066212 secs] 516610K->97620K(4141888K), 0.0067029 secs] [Times: user=0.05 sys=0.00, real=0.01 secs] 
86269.838: [GC (Allocation Failure) 86269.838: [ParNew: 420576K->1072K(471872K), 0.0054762 secs] 517076K->97947K(4141888K), 0.0055500 secs] [Times: user=0.04 sys=0.01, real=0.00 secs] 
86975.142: [GC (Allocation Failure) 86975.142: [ParNew: 420528K->981K(471872K), 0.0065589 secs] 517403K->98385K(4141888K), 0.0066425 secs] [Times: user=0.04 sys=0.00, real=0.01 secs] 
87679.846: [GC (Allocation Failure) 87679.846: [ParNew: 420437K->1078K(471872K), 0.0080685 secs] 517841K->98923K(4141888K), 0.0081850 secs] [Times: user=0.05 sys=0.00, real=0.01 secs] 
88415.144: [GC (Allocation Failure) 88415.144: [ParNew: 420534K->1123K(471872K), 0.0065365 secs] 518379K->99306K(4141888K), 0.0066300 secs] [Times: user=0.04 sys=0.00, real=0.00 secs] 
89119.833: [GC (Allocation Failure) 89119.833: [ParNew: 420579K->1069K(471872K), 0.0058808 secs] 518762K->99558K(4141888K), 0.0059821 secs] [Times: user=0.04 sys=0.00, real=0.01 secs] 
89839.844: [GC (Allocation Failure) 89839.844: [ParNew: 420525K->1087K(471872K), 0.0053238 secs] 519014K->99952K(4141888K), 0.0053950 secs] [Times: user=0.04 sys=0.00, real=0.00 secs] 
90552.000: [GC (Allocation Failure) 90552.000: [ParNew: 420543K->946K(471872K), 0.0178906 secs] 519408K->100212K(4141888K), 0.0179980 secs] [Times: user=0.06 sys=0.00, real=0.02 secs] 
91249.845: [GC (Allocation Failure) 91249.845: [ParNew: 420402K->1028K(471872K), 0.0099182 secs] 519668K->100565K(4141888K), 0.0100013 secs] [Times: user=0.04 sys=0.00, real=0.01 secs] 
91985.144: [GC (Allocation Failure) 91985.144: [ParNew: 420484K->878K(471872K), 0.0129222 secs] 520021K->100825K(4141888K), 0.0130557 secs] [Times: user=0.06 sys=0.00, real=0.01 secs] 
92689.842: [GC (Allocation Failure) 92689.842: [ParNew: 420334K->1316K(471872K), 0.0060355 secs] 520281K->101569K(4141888K), 0.0061147 secs] [Times: user=0.04 sys=0.00, real=0.01 secs] 
93424.448: [GC (Allocation Failure) 93424.448: [ParNew: 420772K->961K(471872K), 0.0061845 secs] 521025K->101641K(4141888K), 0.0063275 secs] [Times: user=0.04 sys=0.00, real=0.01 secs] 
94145.145: [GC (Allocation Failure) 94145.145: [ParNew: 420417K->992K(471872K), 0.0057150 secs] 521097K->102010K(4141888K), 0.0057998 secs] [Times: user=0.04 sys=0.00, real=0.00 secs] 
94835.145: [GC (Allocation Failure) 94835.145: [ParNew: 420448K->1227K(471872K), 0.0072837 secs] 521466K->102613K(4141888K), 0.0073799 secs] [Times: user=0.04 sys=0.01, real=0.00 secs] 
95555.148: [GC (Allocation Failure) 95555.148: [ParNew: 420683K->1108K(471872K), 0.0069962 secs] 522069K->102934K(4141888K), 0.0070969 secs] [Times: user=0.05 sys=0.00, real=0.01 secs] 
96259.843: [GC (Allocation Failure) 96259.843: [ParNew: 420564K->1382K(471872K), 0.0057908 secs] 522390K->103514K(4141888K), 0.0059160 secs] [Times: user=0.04 sys=0.01, real=0.01 secs] 
96995.142: [GC (Allocation Failure) 96995.142: [ParNew: 420838K->1167K(471872K), 0.0090129 secs] 522970K->103610K(4141888K), 0.0090952 secs] [Times: user=0.06 sys=0.00, real=0.01 secs] 
97715.151: [GC (Allocation Failure) 97715.151: [ParNew: 420623K->1161K(471872K), 0.0072590 secs] 523066K->103941K(4141888K), 0.0073831 secs] [Times: user=0.05 sys=0.00, real=0.01 secs] 
98405.144: [GC (Allocation Failure) 98405.144: [ParNew: 420617K->1289K(471872K), 0.0056352 secs] 523397K->104438K(4141888K), 0.0057151 secs] [Times: user=0.04 sys=0.00, real=0.00 secs] 
99126.613: [GC (Allocation Failure) 99126.613: [ParNew: 420745K->872K(471872K), 0.0057950 secs] 523894K->104397K(4141888K), 0.0058755 secs] [Times: user=0.04 sys=0.00, real=0.01 secs] 
99852.204: [GC (Allocation Failure) 99852.204: [ParNew: 420328K->758K(471872K), 0.0062134 secs] 523853K->104687K(4141888K), 0.0063113 secs] [Times: user=0.04 sys=0.00, real=0.00 secs] 
100565.142: [GC (Allocation Failure) 100565.142: [ParNew: 420214K->1069K(471872K), 0.0061983 secs] 524143K->105336K(4141888K), 0.0062778 secs] [Times: user=0.04 sys=0.00, real=0.01 secs] 
101285.146: [GC (Allocation Failure) 101285.146: [ParNew: 420525K->1165K(471872K), 0.0060181 secs] 524792K->105827K(4141888K), 0.0061244 secs] [Times: user=0.05 sys=0.00, real=0.00 secs] 
101989.844: [GC (Allocation Failure) 101989.844: [ParNew: 420621K->1304K(471872K), 0.0057008 secs] 525283K->106399K(4141888K), 0.0057729 secs] [Times: user=0.04 sys=0.00, real=0.01 secs] 
102695.149: [GC (Allocation Failure) 102695.149: [ParNew: 420744K->988K(471872K), 0.0055218 secs] 525838K->106459K(4141888K), 0.0055994 secs] [Times: user=0.03 sys=0.00, real=0.01 secs] 
103429.841: [GC (Allocation Failure) 103429.841: [ParNew: 420444K->1056K(471872K), 0.0059656 secs] 525915K->106930K(4141888K), 0.0060556 secs] [Times: user=0.04 sys=0.00, real=0.01 secs] 
104135.143: [GC (Allocation Failure) 104135.143: [ParNew: 420512K->1251K(471872K), 0.0056509 secs] 526386K->107430K(4141888K), 0.0057293 secs] [Times: user=0.03 sys=0.00, real=0.01 secs] 
104855.146: [GC (Allocation Failure) 104855.146: [ParNew: 420707K->1277K(471872K), 0.0057472 secs] 526886K->107766K(4141888K), 0.0058320 secs] [Times: user=0.04 sys=0.01, real=0.00 secs] 
105559.841: [GC (Allocation Failure) 105559.841: [ParNew: 420733K->1364K(471872K), 0.0059602 secs] 527222K->108219K(4141888K), 0.0060599 secs] [Times: user=0.04 sys=0.00, real=0.01 secs] 
106265.150: [GC (Allocation Failure) 106265.150: [ParNew: 420820K->1193K(471872K), 0.0091452 secs] 527675K->108490K(4141888K), 0.0092209 secs] [Times: user=0.05 sys=0.00, real=0.01 secs] 
106999.842: [GC (Allocation Failure) 106999.842: [ParNew: 420649K->973K(471872K), 0.0068945 secs] 527946K->108608K(4141888K), 0.0069791 secs] [Times: user=0.05 sys=0.00, real=0.01 secs] 
107705.144: [GC (Allocation Failure) 107705.145: [ParNew: 420421K->1217K(471872K), 0.0078443 secs] 528057K->109161K(4141888K), 0.0079677 secs] [Times: user=0.04 sys=0.00, real=0.00 secs] 
108425.148: [GC (Allocation Failure) 108425.148: [ParNew: 420673K->1324K(471872K), 0.0060944 secs] 528617K->109642K(4141888K), 0.0061893 secs] [Times: user=0.04 sys=0.00, real=0.01 secs] 
109152.147: [GC (Allocation Failure) 109152.147: [ParNew: 420780K->1014K(471872K), 0.0058782 secs] 529098K->109785K(4141888K), 0.0059734 secs] [Times: user=0.04 sys=0.00, real=0.00 secs] 
109849.838: [GC (Allocation Failure) 109849.838: [ParNew: 420470K->789K(471872K), 0.0056581 secs] 529241K->109959K(4141888K), 0.0057619 secs] [Times: user=0.04 sys=0.00, real=0.01 secs] 
110569.844: [GC (Allocation Failure) 110569.844: [ParNew: 420245K->1073K(471872K), 0.0068591 secs] 529415K->110588K(4141888K), 0.0069530 secs] [Times: user=0.05 sys=0.00, real=0.00 secs] 
111275.148: [GC (Allocation Failure) 111275.148: [ParNew: 420529K->1282K(471872K), 0.0058774 secs] 530044K->111102K(4141888K), 0.0060013 secs] [Times: user=0.04 sys=0.00, real=0.01 secs] 
112001.467: [GC (Allocation Failure) 112001.467: [ParNew: 420738K->779K(471872K), 0.0057568 secs] 530558K->110975K(4141888K), 0.0058556 secs] [Times: user=0.04 sys=0.00, real=0.00 secs] 
112729.840: [GC (Allocation Failure) 112729.840: [ParNew: 420235K->1033K(471872K), 0.0056029 secs] 530431K->111506K(4141888K), 0.0056983 secs] [Times: user=0.04 sys=0.00, real=0.01 secs] 
113406.665: [GC (Allocation Failure) 113406.665: [ParNew: 420489K->931K(471872K), 0.0061016 secs] 530962K->111773K(4141888K), 0.0063008 secs] [Times: user=0.05 sys=0.00, real=0.00 secs] 
114139.844: [GC (Allocation Failure) 114139.844: [ParNew: 420387K->933K(471872K), 0.0058970 secs] 531229K->112216K(4141888K), 0.0059802 secs] [Times: user=0.04 sys=0.00, real=0.00 secs] 
114852.151: [GC (Allocation Failure) 114852.151: [ParNew: 420389K->961K(471872K), 0.0185655 secs] 531672K->112582K(4141888K), 0.0186725 secs] [Times: user=0.05 sys=0.01, real=0.02 secs] 
115565.150: [GC (Allocation Failure) 115565.150: [ParNew: 420417K->1008K(471872K), 0.0103394 secs] 532038K->112967K(4141888K), 0.0104679 secs] [Times: user=0.04 sys=0.00, real=0.01 secs] 
116299.837: [GC (Allocation Failure) 116299.837: [ParNew: 420464K->876K(471872K), 0.0085536 secs] 532423K->113180K(4141888K), 0.0086435 secs] [Times: user=0.04 sys=0.00, real=0.01 secs] 
116995.625: [GC (Allocation Failure) 116995.625: [ParNew: 420332K->922K(471872K), 0.0073794 secs] 532636K->113710K(4141888K), 0.0074875 secs] [Times: user=0.05 sys=0.00, real=0.00 secs] 
117709.842: [GC (Allocation Failure) 117709.842: [ParNew: 420378K->842K(471872K), 0.0068589 secs] 533166K->114069K(4141888K), 0.0069364 secs] [Times: user=0.04 sys=0.00, real=0.01 secs] 
118436.571: [GC (Allocation Failure) 118436.571: [ParNew: 420298K->770K(471872K), 0.0079574 secs] 533525K->114337K(4141888K), 0.0080955 secs] [Times: user=0.05 sys=0.00, real=0.01 secs] 
119135.150: [GC (Allocation Failure) 119135.150: [ParNew: 420226K->871K(471872K), 0.0070570 secs] 533793K->114744K(4141888K), 0.0071633 secs] [Times: user=0.04 sys=0.00, real=0.01 secs] 
119869.840: [GC (Allocation Failure) 119869.840: [ParNew: 420327K->940K(471872K), 0.0058680 secs] 534200K->115188K(4141888K), 0.0059585 secs] [Times: user=0.04 sys=0.00, real=0.01 secs] 
120575.145: [GC (Allocation Failure) 120575.145: [ParNew: 420396K->1095K(471872K), 0.0057363 secs] 534644K->115710K(4141888K), 0.0058388 secs] [Times: user=0.04 sys=0.00, real=0.00 secs] 
121279.843: [GC (Allocation Failure) 121279.843: [ParNew: 420551K->1003K(471872K), 0.0059445 secs] 535166K->115995K(4141888K), 0.0060363 secs] [Times: user=0.05 sys=0.00, real=0.01 secs] 
121999.848: [GC (Allocation Failure) 121999.848: [ParNew: 420459K->926K(471872K), 0.0058814 secs] 535451K->116321K(4141888K), 0.0059831 secs] [Times: user=0.04 sys=0.00, real=0.01 secs] 
122705.145: [GC (Allocation Failure) 122705.145: [ParNew: 420382K->1222K(471872K), 0.0056187 secs] 535777K->116922K(4141888K), 0.0057059 secs] [Times: user=0.04 sys=0.00, real=0.00 secs] 
123439.839: [GC (Allocation Failure) 123439.839: [ParNew: 420678K->1140K(471872K), 0.0054471 secs] 536378K->117151K(4141888K), 0.0055167 secs] [Times: user=0.04 sys=0.00, real=0.01 secs] 
124152.299: [GC (Allocation Failure) 124152.299: [ParNew: 420596K->910K(471872K), 0.0062050 secs] 536607K->117503K(4141888K), 0.0063033 secs] [Times: user=0.04 sys=0.00, real=0.01 secs] 
124849.841: [GC (Allocation Failure) 124849.841: [ParNew: 420366K->1015K(471872K), 0.0072860 secs] 536959K->117879K(4141888K), 0.0073738 secs] [Times: user=0.05 sys=0.00, real=0.01 secs] 
125585.140: [GC (Allocation Failure) 125585.140: [ParNew: 420471K->859K(471872K), 0.0089059 secs] 537335K->118132K(4141888K), 0.0090413 secs] [Times: user=0.05 sys=0.00, real=0.01 secs] 
126275.148: [GC (Allocation Failure) 126275.148: [ParNew: 420315K->1311K(471872K), 0.0056287 secs] 537588K->118891K(4141888K), 0.0057062 secs] [Times: user=0.04 sys=0.00, real=0.01 secs] 
127009.843: [GC (Allocation Failure) 127009.843: [ParNew: 420767K->1059K(471872K), 0.0058849 secs] 538347K->118949K(4141888K), 0.0059873 secs] [Times: user=0.05 sys=0.00, real=0.01 secs] 
127745.139: [GC (Allocation Failure) 127745.139: [ParNew: 420515K->921K(471872K), 0.0082162 secs] 538405K->119149K(4141888K), 0.0083200 secs] [Times: user=0.05 sys=0.00, real=0.01 secs] 
128419.845: [GC (Allocation Failure) 128419.845: [ParNew: 420377K->1199K(471872K), 0.0056691 secs] 538605K->119795K(4141888K), 0.0057540 secs] [Times: user=0.04 sys=0.00, real=0.00 secs] 
129155.143: [GC (Allocation Failure) 129155.143: [ParNew: 420655K->891K(471872K), 0.0056493 secs] 539251K->119864K(4141888K), 0.0057594 secs] [Times: user=0.04 sys=0.00, real=0.01 secs] 
129854.705: [GC (Allocation Failure) 129854.705: [ParNew: 420347K->923K(471872K), 0.0064523 secs] 539320K->120234K(4141888K), 0.0065467 secs] [Times: user=0.04 sys=0.00, real=0.00 secs] 
130579.842: [GC (Allocation Failure) 130579.842: [ParNew: 420379K->941K(471872K), 0.0078332 secs] 539690K->120623K(4141888K), 0.0079229 secs] [Times: user=0.04 sys=0.00, real=0.01 secs] 
131299.847: [GC (Allocation Failure) 131299.847: [ParNew: 420397K->1476K(471872K), 0.0072316 secs] 540079K->121436K(4141888K), 0.0073592 secs] [Times: user=0.04 sys=0.00, real=0.01 secs] 
132002.053: [GC (Allocation Failure) 132002.053: [ParNew: 420932K->1095K(471872K), 0.0143111 secs] 540892K->121731K(4141888K), 0.0144169 secs] [Times: user=0.07 sys=0.00, real=0.02 secs] 
132709.845: [GC (Allocation Failure) 132709.845: [ParNew: 420551K->966K(471872K), 0.0066818 secs] 541187K->121979K(4141888K), 0.0067626 secs] [Times: user=0.04 sys=0.00, real=0.00 secs] 
133445.146: [GC (Allocation Failure) 133445.146: [ParNew: 420422K->822K(471872K), 0.0097080 secs] 541435K->122238K(4141888K), 0.0098008 secs] [Times: user=0.05 sys=0.00, real=0.01 secs] 
134149.837: [GC (Allocation Failure) 134149.837: [ParNew: 420278K->1052K(471872K), 0.0058728 secs] 541694K->122774K(4141888K), 0.0059745 secs] [Times: user=0.04 sys=0.00, real=0.00 secs] 
134869.844: [GC (Allocation Failure) 134869.844: [ParNew: 420508K->1219K(471872K), 0.0058098 secs] 542230K->123250K(4141888K), 0.0059062 secs] [Times: user=0.04 sys=0.00, real=0.00 secs] 
135575.146: [GC (Allocation Failure) 135575.146: [ParNew: 420675K->1225K(471872K), 0.0057102 secs] 542706K->123622K(4141888K), 0.0057876 secs] [Times: user=0.05 sys=0.00, real=0.00 secs] 
136295.145: [GC (Allocation Failure) 136295.145: [ParNew: 420681K->929K(471872K), 0.0056558 secs] 543078K->123766K(4141888K), 0.0057431 secs] [Times: user=0.04 sys=0.01, real=0.00 secs] 
137015.147: [GC (Allocation Failure) 137015.147: [ParNew: 420385K->1098K(471872K), 0.0070853 secs] 543222K->124274K(4141888K), 0.0071766 secs] [Times: user=0.04 sys=0.00, real=0.01 secs] 
137719.843: [GC (Allocation Failure) 137719.843: [ParNew: 420554K->1428K(471872K), 0.0072165 secs] 543730K->124909K(4141888K), 0.0072966 secs] [Times: user=0.05 sys=0.00, real=0.01 secs] 
138439.847: [GC (Allocation Failure) 138439.847: [ParNew: 420884K->1173K(471872K), 0.0060734 secs] 544365K->125028K(4141888K), 0.0061511 secs] [Times: user=0.05 sys=0.00, real=0.00 secs] 
139153.365: [GC (Allocation Failure) 139153.365: [ParNew: 420629K->990K(471872K), 0.0068606 secs] 544484K->125246K(4141888K), 0.0069763 secs] [Times: user=0.04 sys=0.00, real=0.00 secs] 
139850.965: [GC (Allocation Failure) 139850.965: [ParNew: 420446K->673K(471872K), 0.0057034 secs] 544702K->125385K(4141888K), 0.0058095 secs] [Times: user=0.04 sys=0.00, real=0.00 secs] 
140585.142: [GC (Allocation Failure) 140585.142: [ParNew: 420129K->796K(471872K), 0.0052862 secs] 544841K->125848K(4141888K), 0.0053672 secs] [Times: user=0.04 sys=0.00, real=0.01 secs] 
141289.842: [GC (Allocation Failure) 141289.842: [ParNew: 420252K->1061K(471872K), 0.0058508 secs] 545304K->126419K(4141888K), 0.0059303 secs] [Times: user=0.04 sys=0.00, real=0.01 secs] 
142009.848: [GC (Allocation Failure) 142009.848: [ParNew: 420517K->1170K(471872K), 0.0063538 secs] 545875K->126901K(4141888K), 0.0064544 secs] [Times: user=0.05 sys=0.00, real=0.01 secs] 
142735.702: [GC (Allocation Failure) 142735.702: [ParNew: 420626K->867K(471872K), 0.0064972 secs] 546357K->127000K(4141888K), 0.0066082 secs] [Times: user=0.05 sys=0.00, real=0.01 secs] 
143419.845: [GC (Allocation Failure) 143419.845: [ParNew: 420323K->1250K(471872K), 0.0056290 secs] 546456K->127623K(4141888K), 0.0057243 secs] [Times: user=0.04 sys=0.00, real=0.00 secs] 
144155.148: [GC (Allocation Failure) 144155.148: [ParNew: 420706K->1065K(471872K), 0.0190132 secs] 547079K->127878K(4141888K), 0.0191903 secs] [Times: user=0.14 sys=0.00, real=0.02 secs] 
144859.847: [GC (Allocation Failure) 144859.847: [ParNew: 420521K->1443K(471872K), 0.0057285 secs] 547334K->128562K(4141888K), 0.0058375 secs] [Times: user=0.04 sys=0.00, real=0.00 secs] 
145595.144: [GC (Allocation Failure) 145595.144: [ParNew: 420899K->934K(471872K), 0.0051403 secs] 548018K->128364K(4141888K), 0.0052162 secs] [Times: user=0.04 sys=0.00, real=0.00 secs] 
146315.150: [GC (Allocation Failure) 146315.150: [ParNew: 420390K->1150K(471872K), 0.0056771 secs] 547820K->128917K(4141888K), 0.0057746 secs] [Times: user=0.04 sys=0.00, real=0.01 secs] 
147005.143: [GC (Allocation Failure) 147005.143: [ParNew: 420606K->1368K(471872K), 0.0058583 secs] 548373K->129504K(4141888K), 0.0059394 secs] [Times: user=0.04 sys=0.00, real=0.01 secs] 
147725.148: [GC (Allocation Failure) 147725.148: [ParNew: 420824K->1209K(471872K), 0.0061103 secs] 548960K->129902K(4141888K), 0.0062140 secs] [Times: user=0.04 sys=0.00, real=0.01 secs] 
148451.609: [GC (Allocation Failure) 148451.610: [ParNew: 420665K->981K(471872K), 0.0102384 secs] 549358K->130013K(4141888K), 0.0103447 secs] [Times: user=0.05 sys=0.00, real=0.01 secs] 
149165.146: [GC (Allocation Failure) 149165.146: [ParNew: 420437K->1272K(471872K), 0.0068198 secs] 549469K->130641K(4141888K), 0.0069044 secs] [Times: user=0.04 sys=0.00, real=0.00 secs] 
149899.840: [GC (Allocation Failure) 149899.840: [ParNew: 420728K->1147K(471872K), 0.0061209 secs] 550097K->130858K(4141888K), 0.0062133 secs] [Times: user=0.04 sys=0.00, real=0.01 secs] 
150602.030: [GC (Allocation Failure) 150602.030: [ParNew: 420603K->915K(471872K), 0.0059951 secs] 550314K->130995K(4141888K), 0.0060954 secs] [Times: user=0.05 sys=0.00, real=0.01 secs] 
151309.841: [GC (Allocation Failure) 151309.841: [ParNew: 420371K->1008K(471872K), 0.0053965 secs] 550451K->131462K(4141888K), 0.0054664 secs] [Times: user=0.04 sys=0.00, real=0.01 secs] 
152045.141: [GC (Allocation Failure) 152045.141: [ParNew: 420464K->751K(471872K), 0.0065387 secs] 550918K->131607K(4141888K), 0.0066153 secs] [Times: user=0.05 sys=0.00, real=0.01 secs] 
152735.151: [GC (Allocation Failure) 152735.151: [ParNew: 420207K->1098K(471872K), 0.0054642 secs] 551063K->132260K(4141888K), 0.0055546 secs] [Times: user=0.04 sys=0.00, real=0.01 secs] 
153469.842: [GC (Allocation Failure) 153469.842: [ParNew: 420554K->1164K(471872K), 0.0058018 secs] 551716K->132637K(4141888K), 0.0058854 secs] [Times: user=0.04 sys=0.00, real=0.01 secs] 
154175.145: [GC (Allocation Failure) 154175.145: [ParNew: 420620K->1332K(471872K), 0.0079701 secs] 552093K->133237K(4141888K), 0.0080542 secs] [Times: user=0.05 sys=0.00, real=0.00 secs] 
154879.845: [GC (Allocation Failure) 154879.845: [ParNew: 420788K->1346K(471872K), 0.0054760 secs] 552693K->133628K(4141888K), 0.0055493 secs] [Times: user=0.04 sys=0.00, real=0.00 secs] 
155615.142: [GC (Allocation Failure) 155615.143: [ParNew: 420802K->832K(471872K), 0.0061351 secs] 553084K->133632K(4141888K), 0.0062213 secs] [Times: user=0.04 sys=0.01, real=0.01 secs] 
156319.837: [GC (Allocation Failure) 156319.837: [ParNew: 420288K->1102K(471872K), 0.0055612 secs] 553088K->134208K(4141888K), 0.0056654 secs] [Times: user=0.04 sys=0.00, real=0.00 secs] 
157039.844: [GC (Allocation Failure) 157039.844: [ParNew: 420558K->1234K(471872K), 0.0075597 secs] 553664K->134651K(4141888K), 0.0076646 secs] [Times: user=0.05 sys=0.00, real=0.01 secs] 
157752.688: [GC (Allocation Failure) 157752.688: [ParNew: 420690K->1031K(471872K), 0.0081618 secs] 554107K->134849K(4141888K), 0.0082740 secs] [Times: user=0.05 sys=0.00, real=0.01 secs] 
158449.853: [GC (Allocation Failure) 158449.853: [ParNew: 420487K->929K(471872K), 0.0069933 secs] 554305K->135083K(4141888K), 0.0071044 secs] [Times: user=0.04 sys=0.00, real=0.01 secs] 
159185.144: [GC (Allocation Failure) 159185.144: [ParNew: 420385K->953K(471872K), 0.0072775 secs] 554539K->135453K(4141888K), 0.0073590 secs] [Times: user=0.05 sys=0.00, real=0.00 secs] 
159889.842: [GC (Allocation Failure) 159889.843: [ParNew: 420409K->1189K(471872K), 0.0058306 secs] 554909K->135996K(4141888K), 0.0059278 secs] [Times: user=0.04 sys=0.01, real=0.01 secs] 
160625.141: [GC (Allocation Failure) 160625.141: [ParNew: 420645K->1045K(471872K), 0.0055546 secs] 555452K->136226K(4141888K), 0.0056315 secs] [Times: user=0.04 sys=0.00, real=0.01 secs] 
161345.146: [GC (Allocation Failure) 161345.146: [ParNew: 420501K->1095K(471872K), 0.0057374 secs] 555682K->136677K(4141888K), 0.0058083 secs] [Times: user=0.04 sys=0.00, real=0.00 secs] 
162035.147: [GC (Allocation Failure) 162035.147: [ParNew: 420551K->1326K(471872K), 0.0063281 secs] 556133K->137213K(4141888K), 0.0064063 secs] [Times: user=0.04 sys=0.01, real=0.00 secs] 
162769.841: [GC (Allocation Failure) 162769.841: [ParNew: 420782K->1009K(471872K), 0.0060385 secs] 556669K->137389K(4141888K), 0.0061213 secs] [Times: user=0.04 sys=0.00, real=0.01 secs] 
163460.551: [GC (Allocation Failure) 163460.552: [ParNew: 420465K->1141K(471872K), 0.0061510 secs] 556845K->137826K(4141888K), 0.0063116 secs] [Times: user=0.04 sys=0.00, real=0.01 secs] 
164195.148: [GC (Allocation Failure) 164195.148: [ParNew: 420597K->1060K(471872K), 0.0055087 secs] 557282K->138130K(4141888K), 0.0055824 secs] [Times: user=0.04 sys=0.00, real=0.00 secs] 
164929.843: [GC (Allocation Failure) 164929.843: [ParNew: 420516K->1296K(471872K), 0.0072870 secs] 557586K->138639K(4141888K), 0.0073798 secs] [Times: user=0.05 sys=0.00, real=0.01 secs] 
165619.843: [GC (Allocation Failure) 165619.843: [ParNew: 420752K->1395K(471872K), 0.0064123 secs] 558095K->139107K(4141888K), 0.0065286 secs] [Times: user=0.04 sys=0.00, real=0.01 secs] 
166355.144: [GC (Allocation Failure) 166355.144: [ParNew: 420851K->855K(471872K), 0.0056684 secs] 558563K->139007K(4141888K), 0.0057579 secs] [Times: user=0.04 sys=0.00, real=0.01 secs] 
167054.350: [GC (Allocation Failure) 167054.350: [ParNew: 420311K->1121K(471872K), 0.0068659 secs] 558463K->139611K(4141888K), 0.0069940 secs] [Times: user=0.04 sys=0.00, real=0.01 secs] 
167779.842: [GC (Allocation Failure) 167779.842: [ParNew: 420577K->970K(471872K), 0.0082979 secs] 559067K->139771K(4141888K), 0.0083777 secs] [Times: user=0.05 sys=0.00, real=0.01 secs] 
168515.144: [GC (Allocation Failure) 168515.144: [ParNew: 420426K->918K(471872K), 0.0057831 secs] 559227K->140056K(4141888K), 0.0058870 secs] [Times: user=0.04 sys=0.00, real=0.00 secs] 
169202.082: [GC (Allocation Failure) 169202.082: [ParNew: 420374K->907K(471872K), 0.0120906 secs] 559512K->140418K(4141888K), 0.0122036 secs] [Times: user=0.07 sys=0.00, real=0.02 secs] 
169923.742: [GC (Allocation Failure) 169923.742: [ParNew: 420363K->676K(471872K), 0.0068142 secs] 559874K->140625K(4141888K), 0.0068910 secs] [Times: user=0.05 sys=0.00, real=0.01 secs] 
170645.146: [GC (Allocation Failure) 170645.146: [ParNew: 420132K->974K(471872K), 0.0056348 secs] 560081K->141378K(4141888K), 0.0057504 secs] [Times: user=0.04 sys=0.00, real=0.00 secs] 
171349.843: [GC (Allocation Failure) 171349.843: [ParNew: 420430K->1288K(471872K), 0.0060057 secs] 560834K->141998K(4141888K), 0.0060986 secs] [Times: user=0.05 sys=0.00, real=0.01 secs] 
172076.591: [GC (Allocation Failure) 172076.591: [ParNew: 420744K->903K(471872K), 0.0060434 secs] 561454K->141987K(4141888K), 0.0061683 secs] [Times: user=0.04 sys=0.01, real=0.01 secs] 
172775.154: [GC (Allocation Failure) 172775.154: [ParNew: 420359K->943K(471872K), 0.0071058 secs] 561443K->142396K(4141888K), 0.0072516 secs] [Times: user=0.05 sys=0.00, real=0.01 secs] 
173495.145: [GC (Allocation Failure) 173495.145: [ParNew: 420399K->769K(471872K), 0.0088301 secs] 561852K->142599K(4141888K), 0.0089277 secs] [Times: user=0.05 sys=0.00, real=0.00 secs] 
174215.147: [GC (Allocation Failure) 174215.147: [ParNew: 420225K->1043K(471872K), 0.0069973 secs] 562055K->143272K(4141888K), 0.0070945 secs] [Times: user=0.04 sys=0.00, real=0.01 secs] 
174919.844: [GC (Allocation Failure) 174919.844: [ParNew: 420499K->1298K(471872K), 0.0060587 secs] 562728K->143834K(4141888K), 0.0061506 secs] [Times: user=0.04 sys=0.00, real=0.00 secs] 
175639.849: [GC (Allocation Failure) 175639.849: [ParNew: 420754K->986K(471872K), 0.0055204 secs] 563290K->143831K(4141888K), 0.0055951 secs] [Times: user=0.04 sys=0.00, real=0.01 secs] 
176359.837: [GC (Allocation Failure) 176359.837: [ParNew: 420442K->933K(471872K), 0.0074540 secs] 563287K->144210K(4141888K), 0.0075784 secs] [Times: user=0.06 sys=0.00, real=0.01 secs] 
177065.145: [GC (Allocation Failure) 177065.145: [ParNew: 420389K->990K(471872K), 0.0061200 secs] 563666K->144643K(4141888K), 0.0061964 secs] [Times: user=0.04 sys=0.00, real=0.00 secs] 
177785.147: [GC (Allocation Failure) 177785.147: [ParNew: 420446K->1328K(471872K), 0.0056865 secs] 564099K->145384K(4141888K), 0.0057896 secs] [Times: user=0.04 sys=0.00, real=0.00 secs] 
178489.843: [GC (Allocation Failure) 178489.843: [ParNew: 420784K->1455K(471872K), 0.0059009 secs] 564840K->145932K(4141888K), 0.0059817 secs] [Times: user=0.04 sys=0.01, real=0.01 secs] 
179210.363: [GC (Allocation Failure) 179210.363: [ParNew: 420911K->875K(471872K), 0.0053786 secs] 565388K->145662K(4141888K), 0.0054564 secs] [Times: user=0.04 sys=0.00, real=0.01 secs] 
179945.144: [GC (Allocation Failure) 179945.144: [ParNew: 420331K->993K(471872K), 0.0056886 secs] 565118K->146117K(4141888K), 0.0057901 secs] [Times: user=0.04 sys=0.00, real=0.00 secs] 
180635.145: [GC (Allocation Failure) 180635.145: [ParNew: 420449K->1192K(471872K), 0.0063997 secs] 565573K->146685K(4141888K), 0.0064962 secs] [Times: user=0.05 sys=0.00, real=0.00 secs] 
181355.148: [GC (Allocation Failure) 181355.148: [ParNew: 420648K->1122K(471872K), 0.0055395 secs] 566141K->146990K(4141888K), 0.0056342 secs] [Times: user=0.04 sys=0.00, real=0.01 secs] 
182059.844: [GC (Allocation Failure) 182059.844: [ParNew: 420578K->1392K(471872K), 0.0059025 secs] 566446K->147566K(4141888K), 0.0060112 secs] [Times: user=0.04 sys=0.00, real=0.00 secs] 
182779.846: [GC (Allocation Failure) 182779.846: [ParNew: 420848K->1342K(471872K), 0.0066410 secs] 567022K->147891K(4141888K), 0.0067496 secs] [Times: user=0.04 sys=0.00, real=0.00 secs] 
183515.145: [GC (Allocation Failure) 183515.145: [ParNew: 420798K->1156K(471872K), 0.0068308 secs] 567347K->147979K(4141888K), 0.0069209 secs] [Times: user=0.05 sys=0.00, real=0.00 secs] 
184202.090: [GC (Allocation Failure) 184202.090: [ParNew: 420612K->853K(471872K), 0.0056940 secs] 567435K->148108K(4141888K), 0.0057872 secs] [Times: user=0.04 sys=0.01, real=0.01 secs] 
184925.146: [GC (Allocation Failure) 184925.146: [ParNew: 420309K->1033K(471872K), 0.0065164 secs] 567564K->148664K(4141888K), 0.0066197 secs] [Times: user=0.05 sys=0.00, real=0.00 secs] 
185645.149: [GC (Allocation Failure) 185645.149: [ParNew: 420489K->1054K(471872K), 0.0060262 secs] 568120K->149024K(4141888K), 0.0061232 secs] [Times: user=0.04 sys=0.00, real=0.01 secs] 
186349.845: [GC (Allocation Failure) 186349.845: [ParNew: 420510K->1360K(471872K), 0.0058093 secs] 568480K->149816K(4141888K), 0.0058890 secs] [Times: user=0.04 sys=0.01, real=0.00 secs] 
187085.156: [GC (Allocation Failure) 187085.156: [ParNew: 420816K->1233K(471872K), 0.0236557 secs] 569272K->150000K(4141888K), 0.0237879 secs] [Times: user=0.18 sys=0.01, real=0.02 secs] 
187776.125: [GC (Allocation Failure) 187776.125: [ParNew: 420689K->935K(471872K), 0.0062002 secs] 569456K->150070K(4141888K), 0.0062945 secs] [Times: user=0.04 sys=0.00, real=0.00 secs] 
188495.143: [GC (Allocation Failure) 188495.144: [ParNew: 420391K->966K(471872K), 0.0059619 secs] 569526K->150542K(4141888K), 0.0060754 secs] [Times: user=0.04 sys=0.01, real=0.01 secs] 
189215.146: [GC (Allocation Failure) 189215.146: [ParNew: 420422K->1221K(471872K), 0.0071076 secs] 569998K->151135K(4141888K), 0.0072046 secs] [Times: user=0.04 sys=0.00, real=0.00 secs] 
189919.842: [GC (Allocation Failure) 189919.842: [ParNew: 420677K->1385K(471872K), 0.0061843 secs] 570591K->151605K(4141888K), 0.0062605 secs] [Times: user=0.04 sys=0.01, real=0.01 secs] 
190648.636: [GC (Allocation Failure) 190648.636: [ParNew: 420841K->890K(471872K), 0.0056783 secs] 571061K->151484K(4141888K), 0.0057943 secs] [Times: user=0.04 sys=0.00, real=0.00 secs] 
191354.284: [GC (Allocation Failure) 191354.284: [ParNew: 420346K->942K(471872K), 0.0242452 secs] 570940K->151938K(4141888K), 0.0243783 secs] [Times: user=0.06 sys=0.00, real=0.02 secs] 
192065.143: [GC (Allocation Failure) 192065.143: [ParNew: 420398K->776K(471872K), 0.0069811 secs] 571394K->152207K(4141888K), 0.0070631 secs] [Times: user=0.04 sys=0.01, real=0.01 secs] 
192785.146: [GC (Allocation Failure) 192785.146: [ParNew: 420232K->1278K(471872K), 0.0074577 secs] 571663K->153053K(4141888K), 0.0075359 secs] [Times: user=0.05 sys=0.00, real=0.00 secs] 
193489.842: [GC (Allocation Failure) 193489.842: [ParNew: 420734K->1329K(471872K), 0.0070203 secs] 572509K->153526K(4141888K), 0.0071092 secs] [Times: user=0.05 sys=0.00, real=0.01 secs] 
194225.145: [GC (Allocation Failure) 194225.145: [ParNew: 420785K->947K(471872K), 0.0064146 secs] 572982K->153521K(4141888K), 0.0065302 secs] [Times: user=0.04 sys=0.00, real=0.00 secs] 
194945.147: [GC (Allocation Failure) 194945.147: [ParNew: 420403K->1426K(471872K), 0.0068406 secs] 572977K->154283K(4141888K), 0.0069250 secs] [Times: user=0.04 sys=0.00, real=0.01 secs] 
195635.145: [GC (Allocation Failure) 195635.145: [ParNew: 420882K->1340K(471872K), 0.0056080 secs] 573739K->154565K(4141888K), 0.0057012 secs] [Times: user=0.04 sys=0.00, real=0.00 secs] 
196355.146: [GC (Allocation Failure) 196355.146: [ParNew: 420796K->1316K(471872K), 0.0067716 secs] 574021K->154982K(4141888K), 0.0068602 secs] [Times: user=0.04 sys=0.00, real=0.00 secs] 
197059.844: [GC (Allocation Failure) 197059.844: [ParNew: 420772K->1375K(471872K), 0.0072986 secs] 574438K->155346K(4141888K), 0.0074023 secs] [Times: user=0.05 sys=0.00, real=0.01 secs] 
197785.351: [GC (Allocation Failure) 197785.352: [ParNew: 420831K->704K(471872K), 0.0057347 secs] 574802K->154986K(4141888K), 0.0058431 secs] [Times: user=0.04 sys=0.00, real=0.01 secs] 
198515.146: [GC (Allocation Failure) 198515.146: [ParNew: 420160K->970K(471872K), 0.0052983 secs] 574442K->155590K(4141888K), 0.0053821 secs] [Times: user=0.03 sys=0.00, real=0.00 secs] 
199205.141: [GC (Allocation Failure) 199205.142: [ParNew: 420426K->1099K(471872K), 0.0067001 secs] 575046K->156087K(4141888K), 0.0067899 secs] [Times: user=0.05 sys=0.00, real=0.01 secs] 
199925.146: [GC (Allocation Failure) 199925.146: [ParNew: 420555K->973K(471872K), 0.0059820 secs] 575543K->156401K(4141888K), 0.0060908 secs] [Times: user=0.05 sys=0.00, real=0.00 secs] 
200646.013: [GC (Allocation Failure) 200646.013: [ParNew: 420429K->889K(471872K), 0.0057007 secs] 575857K->156653K(4141888K), 0.0058097 secs] [Times: user=0.04 sys=0.00, real=0.01 secs] 
201349.843: [GC (Allocation Failure) 201349.843: [ParNew: 420345K->1400K(471872K), 0.0062197 secs] 576109K->157586K(4141888K), 0.0063121 secs] [Times: user=0.05 sys=0.00, real=0.01 secs] 
202085.145: [GC (Allocation Failure) 202085.145: [ParNew: 420856K->1067K(471872K), 0.0053155 secs] 577042K->157628K(4141888K), 0.0053910 secs] [Times: user=0.04 sys=0.00, real=0.00 secs] 
202789.841: [GC (Allocation Failure) 202789.841: [ParNew: 420523K->1335K(471872K), 0.0060457 secs] 577084K->158265K(4141888K), 0.0061406 secs] [Times: user=0.04 sys=0.00, real=0.01 secs] 
203496.026: [GC (Allocation Failure) 203496.027: [ParNew: 420791K->841K(471872K), 0.0058012 secs] 577721K->158147K(4141888K), 0.0058986 secs] [Times: user=0.04 sys=0.00, real=0.00 secs] 
204229.841: [GC (Allocation Failure) 204229.841: [ParNew: 420297K->986K(471872K), 0.0057760 secs] 577603K->158694K(4141888K), 0.0058573 secs] [Times: user=0.04 sys=0.00, real=0.01 secs] 
204935.146: [GC (Allocation Failure) 204935.146: [ParNew: 420442K->1448K(471872K), 0.0064584 secs] 578150K->159462K(4141888K), 0.0065741 secs] [Times: user=0.04 sys=0.00, real=0.00 secs] 
205658.196: [GC (Allocation Failure) 205658.196: [ParNew: 420904K->1068K(471872K), 0.0058024 secs] 578918K->159391K(4141888K), 0.0058754 secs] [Times: user=0.04 sys=0.00, real=0.00 secs] 
206359.848: [GC (Allocation Failure) 206359.849: [ParNew: 420524K->1079K(471872K), 0.0056976 secs] 578847K->159835K(4141888K), 0.0058028 secs] [Times: user=0.03 sys=0.00, real=0.01 secs] 
207079.842: [GC (Allocation Failure) 207079.843: [ParNew: 420535K->891K(471872K), 0.0062974 secs] 579291K->160023K(4141888K), 0.0064094 secs] [Times: user=0.05 sys=0.00, real=0.01 secs] 
207799.845: [GC (Allocation Failure) 207799.845: [ParNew: 420347K->1013K(471872K), 0.0055538 secs] 579479K->160483K(4141888K), 0.0056388 secs] [Times: user=0.04 sys=0.01, real=0.00 secs] 
208505.142: [GC (Allocation Failure) 208505.142: [ParNew: 420469K->1323K(471872K), 0.0058968 secs] 579939K->161163K(4141888K), 0.0059791 secs] [Times: user=0.05 sys=0.00, real=0.01 secs] 
209225.146: [GC (Allocation Failure) 209225.146: [ParNew: 420779K->1191K(471872K), 0.0056732 secs] 580619K->161456K(4141888K), 0.0057620 secs] [Times: user=0.04 sys=0.00, real=0.00 secs] 
209950.774: [GC (Allocation Failure) 209950.774: [ParNew: 420647K->959K(471872K), 0.0077327 secs] 580912K->161562K(4141888K), 0.0078614 secs] [Times: user=0.04 sys=0.00, real=0.00 secs] 
210635.146: [GC (Allocation Failure) 210635.146: [ParNew: 420415K->1267K(471872K), 0.0055050 secs] 581018K->162238K(4141888K), 0.0055859 secs] [Times: user=0.04 sys=0.00, real=0.00 secs] 
211369.839: [GC (Allocation Failure) 211369.839: [ParNew: 420723K->929K(471872K), 0.0059188 secs] 581694K->162276K(4141888K), 0.0060081 secs] [Times: user=0.04 sys=0.00, real=0.01 secs] 
212059.855: [GC (Allocation Failure) 212059.855: [ParNew: 420385K->1196K(471872K), 0.0061933 secs] 581732K->162849K(4141888K), 0.0063204 secs] [Times: user=0.05 sys=0.00, real=0.00 secs] 
212795.146: [GC (Allocation Failure) 212795.146: [ParNew: 420652K->859K(471872K), 0.0057864 secs] 582305K->162885K(4141888K), 0.0058792 secs] [Times: user=0.04 sys=0.00, real=0.00 secs] 
213515.151: [GC (Allocation Failure) 213515.151: [ParNew: 420315K->1115K(471872K), 0.0062190 secs] 582341K->163415K(4141888K), 0.0063261 secs] [Times: user=0.04 sys=0.00, real=0.01 secs] 
214205.141: [GC (Allocation Failure) 214205.142: [ParNew: 420571K->1100K(471872K), 0.0058394 secs] 582871K->163832K(4141888K), 0.0059236 secs] [Times: user=0.04 sys=0.00, real=0.01 secs] 
214925.148: [GC (Allocation Failure) 214925.148: [ParNew: 420556K->1070K(471872K), 0.0063444 secs] 583288K->164178K(4141888K), 0.0064420 secs] [Times: user=0.04 sys=0.00, real=0.01 secs] 
215646.235: [GC (Allocation Failure) 215646.235: [ParNew: 420526K->847K(471872K), 0.0064866 secs] 583634K->164294K(4141888K), 0.0065949 secs] [Times: user=0.04 sys=0.00, real=0.00 secs] 
216349.842: [GC (Allocation Failure) 216349.842: [ParNew: 420303K->1390K(471872K), 0.0062856 secs] 583750K->165207K(4141888K), 0.0063764 secs] [Times: user=0.04 sys=0.00, real=0.01 secs] 
217085.143: [GC (Allocation Failure) 217085.143: [ParNew: 420846K->1420K(471872K), 0.0054895 secs] 584663K->165663K(4141888K), 0.0055592 secs] [Times: user=0.04 sys=0.00, real=0.01 secs] 
217775.595: [GC (Allocation Failure) 217775.595: [ParNew: 420876K->976K(471872K), 0.0057668 secs] 585119K->165587K(4141888K), 0.0058428 secs] [Times: user=0.04 sys=0.00, real=0.00 secs] 
218495.147: [GC (Allocation Failure) 218495.147: [ParNew: 420432K->886K(471872K), 0.0054824 secs] 585043K->165938K(4141888K), 0.0055614 secs] [Times: user=0.03 sys=0.00, real=0.00 secs] 
219229.838: [GC (Allocation Failure) 219229.838: [ParNew: 420342K->754K(471872K), 0.0058753 secs] 585394K->166144K(4141888K), 0.0059816 secs] [Times: user=0.04 sys=0.00, real=0.01 secs] 
219935.051: [GC (Allocation Failure) 219935.051: [ParNew: 420210K->1002K(471872K), 0.0068973 secs] 585600K->166698K(4141888K), 0.0070072 secs] [Times: user=0.04 sys=0.00, real=0.01 secs] 
220655.146: [GC (Allocation Failure) 220655.146: [ParNew: 420458K->957K(471872K), 0.0052452 secs] 586154K->167028K(4141888K), 0.0053251 secs] [Times: user=0.03 sys=0.00, real=0.00 secs] 
221359.846: [GC (Allocation Failure) 221359.846: [ParNew: 420413K->1198K(471872K), 0.0060251 secs] 586484K->167637K(4141888K), 0.0061540 secs] [Times: user=0.04 sys=0.00, real=0.00 secs] 
222065.147: [GC (Allocation Failure) 222065.147: [ParNew: 420654K->932K(471872K), 0.0062118 secs] 587093K->167811K(4141888K), 0.0063102 secs] [Times: user=0.04 sys=0.00, real=0.00 secs] 
222799.845: [GC (Allocation Failure) 222799.845: [ParNew: 420388K->955K(471872K), 0.0060157 secs] 587267K->168173K(4141888K), 0.0061649 secs] [Times: user=0.05 sys=0.00, real=0.00 secs] 
223505.144: [GC (Allocation Failure) 223505.144: [ParNew: 420411K->1138K(471872K), 0.0128015 secs] 587629K->168661K(4141888K), 0.0129094 secs] [Times: user=0.08 sys=0.01, real=0.01 secs] 
224225.152: [GC (Allocation Failure) 224225.152: [ParNew: 420594K->1059K(471872K), 0.0164434 secs] 588117K->168957K(4141888K), 0.0165495 secs] [Times: user=0.10 sys=0.00, real=0.02 secs] 
224945.160: [GC (Allocation Failure) 224945.160: [ParNew: 420515K->1299K(471872K), 0.0133646 secs] 588413K->169585K(4141888K), 0.0135228 secs] [Times: user=0.09 sys=0.01, real=0.01 secs] 
225635.147: [GC (Allocation Failure) 225635.147: [ParNew: 420755K->1320K(471872K), 0.0063484 secs] 589041K->169976K(4141888K), 0.0064273 secs] [Times: user=0.05 sys=0.00, real=0.00 secs] 
226358.951: [GC (Allocation Failure) 226358.951: [ParNew: 420776K->796K(471872K), 0.0058225 secs] 589432K->169892K(4141888K), 0.0059299 secs] [Times: user=0.04 sys=0.00, real=0.01 secs] 
227060.057: [GC (Allocation Failure) 227060.057: [ParNew: 420252K->866K(471872K), 0.0058837 secs] 589348K->170268K(4141888K), 0.0059855 secs] [Times: user=0.04 sys=0.00, real=0.00 secs] 
227795.146: [GC (Allocation Failure) 227795.146: [ParNew: 420322K->999K(471872K), 0.0051889 secs] 589724K->170712K(4141888K), 0.0052800 secs] [Times: user=0.04 sys=0.00, real=0.00 secs] 
228529.838: [GC (Allocation Failure) 228529.838: [ParNew: 420455K->910K(471872K), 0.0058227 secs] 590168K->171004K(4141888K), 0.0059232 secs] [Times: user=0.04 sys=0.00, real=0.01 secs] 
229205.150: [GC (Allocation Failure) 229205.150: [ParNew: 420366K->1186K(471872K), 0.0055951 secs] 590460K->171649K(4141888K), 0.0056714 secs] [Times: user=0.04 sys=0.00, real=0.01 secs] 
229939.837: [GC (Allocation Failure) 229939.837: [ParNew: 420642K->762K(471872K), 0.0059064 secs] 591105K->171598K(4141888K), 0.0059988 secs] [Times: user=0.04 sys=0.00, real=0.00 secs] 
230652.749: [GC (Allocation Failure) 230652.749: [ParNew: 420218K->805K(471872K), 0.0196161 secs] 591054K->172048K(4141888K), 0.0197226 secs] [Times: user=0.07 sys=0.00, real=0.02 secs] 
231365.147: [GC (Allocation Failure) 231365.147: [ParNew: 420261K->1209K(471872K), 0.0105572 secs] 591504K->172789K(4141888K), 0.0106485 secs] [Times: user=0.06 sys=0.00, real=0.01 secs] 
232085.157: [GC (Allocation Failure) 232085.157: [ParNew: 420665K->1321K(471872K), 0.0128082 secs] 592245K->173360K(4141888K), 0.0129308 secs] [Times: user=0.08 sys=0.00, real=0.01 secs] 
232789.849: [GC (Allocation Failure) 232789.849: [ParNew: 420777K->1292K(471872K), 0.0122434 secs] 592816K->173699K(4141888K), 0.0123677 secs] [Times: user=0.09 sys=0.00, real=0.01 secs] 
233495.733: [GC (Allocation Failure) 233495.733: [ParNew: 420748K->954K(471872K), 0.0147424 secs] 593155K->173738K(4141888K), 0.0148853 secs] [Times: user=0.10 sys=0.00, real=0.02 secs] 
234229.862: [GC (Allocation Failure) 234229.862: [ParNew: 420410K->994K(471872K), 0.0158904 secs] 593194K->174181K(4141888K), 0.0160058 secs] [Times: user=0.10 sys=0.01, real=0.02 secs] 
234935.148: [GC (Allocation Failure) 234935.148: [ParNew: 420450K->1355K(471872K), 0.0154855 secs] 593637K->174926K(4141888K), 0.0156285 secs] [Times: user=0.08 sys=0.00, real=0.02 secs] 
235656.833: [GC (Allocation Failure) 235656.833: [ParNew: 420811K->829K(471872K), 0.0083184 secs] 594382K->174710K(4141888K), 0.0084110 secs] [Times: user=0.05 sys=0.01, real=0.01 secs] 
236359.850: [GC (Allocation Failure) 236359.850: [ParNew: 420285K->1117K(471872K), 0.0073409 secs] 594166K->175430K(4141888K), 0.0074537 secs] [Times: user=0.04 sys=0.00, real=0.01 secs] 
237072.373: [GC (Allocation Failure) 237072.373: [ParNew: 420573K->764K(471872K), 0.0070665 secs] 594886K->175454K(4141888K), 0.0071596 secs] [Times: user=0.04 sys=0.00, real=0.01 secs] 
237799.845: [GC (Allocation Failure) 237799.845: [ParNew: 420220K->925K(471872K), 0.0144220 secs] 594910K->175957K(4141888K), 0.0145320 secs] [Times: user=0.10 sys=0.00, real=0.01 secs] 
238505.142: [GC (Allocation Failure) 238505.142: [ParNew: 420381K->1122K(471872K), 0.0066472 secs] 595413K->176524K(4141888K), 0.0067446 secs] [Times: user=0.04 sys=0.01, real=0.01 secs] 
239225.143: [GC (Allocation Failure) 239225.143: [ParNew: 420578K->1047K(471872K), 0.0151611 secs] 595980K->176759K(4141888K), 0.0152720 secs] [Times: user=0.10 sys=0.01, real=0.02 secs] 
239945.149: [GC (Allocation Failure) 239945.149: [ParNew: 420503K->1095K(471872K), 0.0111285 secs] 596215K->177389K(4141888K), 0.0112209 secs] [Times: user=0.06 sys=0.00, real=0.01 secs] 
240635.151: [GC (Allocation Failure) 240635.151: [ParNew: 420551K->1294K(471872K), 0.0083865 secs] 596845K->177957K(4141888K), 0.0084900 secs] [Times: user=0.06 sys=0.00, real=0.01 secs] 
241355.153: [GC (Allocation Failure) 241355.153: [ParNew: 420750K->1250K(471872K), 0.0151905 secs] 597413K->178288K(4141888K), 0.0153143 secs] [Times: user=0.09 sys=0.00, real=0.02 secs] 
242059.848: [GC (Allocation Failure) 242059.848: [ParNew: 420706K->1437K(471872K), 0.0066594 secs] 597744K->178781K(4141888K), 0.0067856 secs] [Times: user=0.05 sys=0.00, real=0.01 secs] 
242783.380: [GC (Allocation Failure) 242783.380: [ParNew: 420893K->907K(471872K), 0.0063579 secs] 598237K->178626K(4141888K), 0.0064899 secs] [Times: user=0.04 sys=0.01, real=0.01 secs] 
243515.147: [GC (Allocation Failure) 243515.147: [ParNew: 420363K->1097K(471872K), 0.0086711 secs] 598082K->179090K(4141888K), 0.0087758 secs] [Times: user=0.05 sys=0.00, real=0.01 secs] 
244204.731: [GC (Allocation Failure) 244204.731: [ParNew: 420553K->917K(471872K), 0.0073628 secs] 598546K->179342K(4141888K), 0.0074529 secs] [Times: user=0.05 sys=0.00, real=0.01 secs] 
244925.146: [GC (Allocation Failure) 244925.146: [ParNew: 420373K->915K(471872K), 0.0060964 secs] 598798K->179715K(4141888K), 0.0062213 secs] [Times: user=0.04 sys=0.00, real=0.00 secs] 
245651.919: [GC (Allocation Failure) 245651.919: [ParNew: 420371K->875K(471872K), 0.0077193 secs] 599171K->180015K(4141888K), 0.0078479 secs] [Times: user=0.04 sys=0.00, real=0.01 secs] 
246349.845: [GC (Allocation Failure) 246349.845: [ParNew: 420331K->1008K(471872K), 0.0071414 secs] 599471K->180475K(4141888K), 0.0072244 secs] [Times: user=0.04 sys=0.01, real=0.00 secs] 
247085.145: [GC (Allocation Failure) 247085.146: [ParNew: 420464K->983K(471872K), 0.0226769 secs] 599931K->180802K(4141888K), 0.0227621 secs] [Times: user=0.09 sys=0.01, real=0.02 secs] 
247775.147: [GC (Allocation Failure) 247775.147: [ParNew: 420439K->1263K(471872K), 0.0074571 secs] 600258K->181566K(4141888K), 0.0075464 secs] [Times: user=0.05 sys=0.01, real=0.01 secs] 
248495.147: [GC (Allocation Failure) 248495.147: [ParNew: 420719K->782K(471872K), 0.0110287 secs] 601022K->181526K(4141888K), 0.0111289 secs] [Times: user=0.06 sys=0.00, real=0.01 secs] 
249215.148: [GC (Allocation Failure) 249215.148: [ParNew: 420238K->1189K(471872K), 0.0070394 secs] 600982K->182272K(4141888K), 0.0071681 secs] [Times: user=0.05 sys=0.00, real=0.01 secs] 
249919.842: [GC (Allocation Failure) 249919.842: [ParNew: 420645K->1445K(471872K), 0.0079890 secs] 601728K->182834K(4141888K), 0.0081065 secs] [Times: user=0.05 sys=0.01, real=0.01 secs] 
250655.145: [GC (Allocation Failure) 250655.145: [ParNew: 420901K->941K(471872K), 0.0083968 secs] 602290K->182704K(4141888K), 0.0085159 secs] [Times: user=0.05 sys=0.00, real=0.00 secs] 
251353.725: [GC (Allocation Failure) 251353.725: [ParNew: 420397K->868K(471872K), 0.0193399 secs] 602160K->183033K(4141888K), 0.0194566 secs] [Times: user=0.05 sys=0.00, real=0.02 secs] 
252065.145: [GC (Allocation Failure) 252065.145: [ParNew: 420324K->997K(471872K), 0.0097639 secs] 602489K->183533K(4141888K), 0.0098540 secs] [Times: user=0.06 sys=0.00, real=0.01 secs] 
252785.148: [GC (Allocation Failure) 252785.148: [ParNew: 420453K->983K(471872K), 0.0100438 secs] 602989K->183926K(4141888K), 0.0101786 secs] [Times: user=0.06 sys=0.00, real=0.01 secs] 
253489.841: [GC (Allocation Failure) 253489.841: [ParNew: 420439K->1240K(471872K), 0.0070331 secs] 603382K->184489K(4141888K), 0.0071366 secs] [Times: user=0.04 sys=0.01, real=0.01 secs] 
254209.850: [GC (Allocation Failure) 254209.850: [ParNew: 420696K->1342K(471872K), 0.0072170 secs] 603945K->184966K(4141888K), 0.0073466 secs] [Times: user=0.05 sys=0.00, real=0.01 secs] 
254929.847: [GC (Allocation Failure) 254929.847: [ParNew: 420798K->1340K(471872K), 0.0151112 secs] 604422K->185365K(4141888K), 0.0152268 secs] [Times: user=0.08 sys=0.00, real=0.01 secs] 
255619.841: [GC (Allocation Failure) 255619.841: [ParNew: 420796K->1286K(471872K), 0.0069877 secs] 604821K->185795K(4141888K), 0.0070741 secs] [Times: user=0.05 sys=0.00, real=0.01 secs] 
256339.843: [GC (Allocation Failure) 256339.843: [ParNew: 420742K->1063K(471872K), 0.0092667 secs] 605251K->186013K(4141888K), 0.0093731 secs] [Times: user=0.07 sys=0.00, real=0.01 secs] 
257052.802: [GC (Allocation Failure) 257052.802: [ParNew: 420519K->969K(471872K), 0.0108747 secs] 605469K->186258K(4141888K), 0.0109692 secs] [Times: user=0.05 sys=0.00, real=0.01 secs] 
257779.837: [GC (Allocation Failure) 257779.837: [ParNew: 420425K->861K(471872K), 0.0072270 secs] 605714K->186492K(4141888K), 0.0073291 secs] [Times: user=0.05 sys=0.00, real=0.01 secs] 
258499.840: [GC (Allocation Failure) 258499.840: [ParNew: 420317K->998K(471872K), 0.0063092 secs] 605948K->186970K(4141888K), 0.0064402 secs] [Times: user=0.04 sys=0.00, real=0.01 secs] 
259189.848: [GC (Allocation Failure) 259189.848: [ParNew: 420454K->1131K(471872K), 0.0063997 secs] 606426K->187472K(4141888K), 0.0064892 secs] [Times: user=0.05 sys=0.00, real=0.01 secs] 
259904.564: [GC (Allocation Failure) 259904.564: [ParNew: 420587K->756K(471872K), 0.0058772 secs] 606928K->187471K(4141888K), 0.0059768 secs] [Times: user=0.04 sys=0.00, real=0.01 secs] 
260629.842: [GC (Allocation Failure) 260629.842: [ParNew: 420212K->851K(471872K), 0.0063681 secs] 606927K->187968K(4141888K), 0.0065287 secs] [Times: user=0.04 sys=0.01, real=0.01 secs] 
261319.845: [GC (Allocation Failure) 261319.845: [ParNew: 420307K->1334K(471872K), 0.0083319 secs] 607424K->188757K(4141888K), 0.0084373 secs] [Times: user=0.05 sys=0.00, real=0.00 secs] 
262055.146: [GC (Allocation Failure) 262055.146: [ParNew: 420790K->1151K(471872K), 0.0092916 secs] 608213K->188949K(4141888K), 0.0093769 secs] [Times: user=0.06 sys=0.00, real=0.01 secs] 
262754.040: [GC (Allocation Failure) 262754.040: [ParNew: 420607K->1237K(471872K), 0.0068789 secs] 608405K->189435K(4141888K), 0.0069815 secs] [Times: user=0.04 sys=0.00, real=0.01 secs] 
263465.143: [GC (Allocation Failure) 263465.143: [ParNew: 420693K->892K(471872K), 0.0076383 secs] 608891K->189579K(4141888K), 0.0077208 secs] [Times: user=0.06 sys=0.01, real=0.01 secs] 
264065.137: [GC (Allocation Failure) 264065.137: [ParNew: 420348K->1532K(471872K), 0.0056173 secs] 609035K->190627K(4141888K), 0.0057040 secs] [Times: user=0.04 sys=0.00, real=0.00 secs] 
264285.643: [GC (Allocation Failure) 264285.643: [ParNew: 420988K->4613K(471872K), 0.0074976 secs] 610083K->194859K(4141888K), 0.0075924 secs] [Times: user=0.05 sys=0.00, real=0.01 secs] 
264337.209: [GC (Allocation Failure) 264337.209: [ParNew: 424069K->2794K(471872K), 0.0088693 secs] 614315K->196862K(4141888K), 0.0089512 secs] [Times: user=0.06 sys=0.00, real=0.01 secs] 
264374.979: [GC (Allocation Failure) 264374.979: [ParNew: 422250K->1172K(471872K), 0.0064739 secs] 616318K->196142K(4141888K), 0.0065651 secs] [Times: user=0.05 sys=0.00, real=0.01 secs] 
264404.989: [GC (Allocation Failure) 264404.989: [ParNew: 420628K->1243K(471872K), 0.0072378 secs] 615598K->196549K(4141888K), 0.0073108 secs] [Times: user=0.05 sys=0.00, real=0.01 secs] 
264432.786: [GC (Allocation Failure) 264432.786: [ParNew: 420699K->853K(471872K), 0.0069888 secs] 616005K->196928K(4141888K), 0.0070657 secs] [Times: user=0.05 sys=0.01, real=0.00 secs] 
264457.677: [GC (Allocation Failure) 264457.677: [ParNew: 420309K->1770K(471872K), 0.0060644 secs] 616384K->197903K(4141888K), 0.0061470 secs] [Times: user=0.05 sys=0.00, real=0.00 secs] 
264481.579: [GC (Allocation Failure) 264481.579: [ParNew: 421226K->2685K(471872K), 0.0062767 secs] 617359K->198914K(4141888K), 0.0063743 secs] [Times: user=0.04 sys=0.00, real=0.01 secs] 
264517.329: [GC (Allocation Failure) 264517.329: [ParNew: 422141K->2574K(471872K), 0.0056594 secs] 618370K->199253K(4141888K), 0.0057390 secs] [Times: user=0.04 sys=0.00, real=0.01 secs] 
264537.961: [GC (Allocation Failure) 264537.961: [ParNew: 422030K->1789K(471872K), 0.0066232 secs] 618709K->198743K(4141888K), 0.0067221 secs] [Times: user=0.04 sys=0.00, real=0.01 secs] 
264557.148: [GC (Allocation Failure) 264557.148: [ParNew: 421245K->806K(471872K), 0.0054420 secs] 618199K->197803K(4141888K), 0.0055222 secs] [Times: user=0.04 sys=0.00, real=0.01 secs] 
264575.803: [GC (Allocation Failure) 264575.803: [ParNew: 420262K->1129K(471872K), 0.0052416 secs] 617259K->198376K(4141888K), 0.0053133 secs] [Times: user=0.04 sys=0.00, real=0.01 secs] 
264593.307: [GC (Allocation Failure) 264593.307: [ParNew: 420585K->2282K(471872K), 0.0058917 secs] 617832K->199573K(4141888K), 0.0059825 secs] [Times: user=0.04 sys=0.00, real=0.00 secs] 
264609.708: [GC (Allocation Failure) 264609.708: [ParNew: 421738K->1510K(471872K), 0.0080759 secs] 619029K->198849K(4141888K), 0.0081932 secs] [Times: user=0.05 sys=0.00, real=0.01 secs] 
264625.205: [GC (Allocation Failure) 264625.205: [ParNew: 420966K->2273K(471872K), 0.0067405 secs] 618305K->199676K(4141888K), 0.0068174 secs] [Times: user=0.04 sys=0.00, real=0.00 secs] 
264642.250: [GC (Allocation Failure) 264642.250: [ParNew: 421729K->1946K(471872K), 0.0088058 secs] 619132K->199396K(4141888K), 0.0089175 secs] [Times: user=0.06 sys=0.01, real=0.01 secs] 
264657.477: [GC (Allocation Failure) 264657.477: [ParNew: 421402K->2595K(471872K), 0.0051091 secs] 618852K->200152K(4141888K), 0.0052071 secs] [Times: user=0.04 sys=0.01, real=0.00 secs] 
264673.114: [GC (Allocation Failure) 264673.114: [ParNew: 422051K->3166K(471872K), 0.0054656 secs] 619608K->200758K(4141888K), 0.0055394 secs] [Times: user=0.04 sys=0.00, real=0.00 secs] 
264687.317: [GC (Allocation Failure) 264687.317: [ParNew: 422622K->3232K(471872K), 0.0055191 secs] 620214K->200884K(4141888K), 0.0055956 secs] [Times: user=0.05 sys=0.00, real=0.00 secs] 
264701.589: [GC (Allocation Failure) 264701.589: [ParNew: 422688K->4094K(471872K), 0.0054796 secs] 620340K->201785K(4141888K), 0.0055788 secs] [Times: user=0.04 sys=0.01, real=0.01 secs] 
264715.799: [GC (Allocation Failure) 264715.799: [ParNew: 423550K->3718K(471872K), 0.0055879 secs] 621241K->201446K(4141888K), 0.0056716 secs] [Times: user=0.04 sys=0.00, real=0.01 secs] 
264729.423: [GC (Allocation Failure) 264729.423: [ParNew: 423174K->4033K(471872K), 0.0054563 secs] 620902K->201794K(4141888K), 0.0055519 secs] [Times: user=0.04 sys=0.00, real=0.01 secs] 
264742.619: [GC (Allocation Failure) 264742.619: [ParNew: 423489K->3348K(471872K), 0.0065743 secs] 621250K->201220K(4141888K), 0.0066683 secs] [Times: user=0.04 sys=0.00, real=0.01 secs] 
264756.331: [GC (Allocation Failure) 264756.331: [ParNew: 422804K->3961K(471872K), 0.0055243 secs] 620676K->201872K(4141888K), 0.0056402 secs] [Times: user=0.04 sys=0.01, real=0.01 secs] 
264769.281: [GC (Allocation Failure) 264769.281: [ParNew: 423417K->4549K(471872K), 0.0056594 secs] 621328K->202521K(4141888K), 0.0057433 secs] [Times: user=0.04 sys=0.00, real=0.01 secs] 
264782.172: [GC (Allocation Failure) 264782.172: [ParNew: 424005K->4863K(471872K), 0.0056387 secs] 621977K->202862K(4141888K), 0.0057368 secs] [Times: user=0.04 sys=0.00, real=0.01 secs] 
264795.008: [GC (Allocation Failure) 264795.008: [ParNew: 423993K->5267K(471872K), 0.0069571 secs] 621992K->203294K(4141888K), 0.0070332 secs] [Times: user=0.04 sys=0.00, real=0.01 secs] 
264807.005: [GC (Allocation Failure) 264807.005: [ParNew: 424723K->5555K(471872K), 0.0065632 secs] 622750K->203640K(4141888K), 0.0066618 secs] [Times: user=0.05 sys=0.00, real=0.00 secs] 
264819.605: [GC (Allocation Failure) 264819.605: [ParNew: 425011K->5470K(471872K), 0.0069752 secs] 623096K->203598K(4141888K), 0.0070580 secs] [Times: user=0.04 sys=0.00, real=0.00 secs] 
264831.019: [GC (Allocation Failure) 264831.019: [ParNew: 424926K->4474K(471872K), 0.0057428 secs] 623054K->202639K(4141888K), 0.0058257 secs] [Times: user=0.05 sys=0.00, real=0.01 secs] 
264844.330: [GC (Allocation Failure) 264844.330: [ParNew: 423930K->6557K(471872K), 0.0055765 secs] 622095K->204782K(4141888K), 0.0056553 secs] [Times: user=0.05 sys=0.00, real=0.01 secs] 
264859.138: [GC (Allocation Failure) 264859.138: [ParNew: 426013K->6588K(471872K), 0.0055634 secs] 624238K->204879K(4141888K), 0.0056688 secs] [Times: user=0.04 sys=0.01, real=0.01 secs] 
264872.918: [GC (Allocation Failure) 264872.918: [ParNew: 426044K->2062K(471872K), 0.0055728 secs] 624335K->200583K(4141888K), 0.0056660 secs] [Times: user=0.04 sys=0.00, real=0.00 secs] 
264884.474: [GC (Allocation Failure) 264884.474: [ParNew: 421518K->2586K(471872K), 0.0083579 secs] 620039K->201146K(4141888K), 0.0084344 secs] [Times: user=0.04 sys=0.00, real=0.00 secs] 
264896.248: [GC (Allocation Failure) 264896.248: [ParNew: 422042K->3458K(471872K), 0.0068653 secs] 620602K->202079K(4141888K), 0.0069662 secs] [Times: user=0.04 sys=0.01, real=0.01 secs] 
264907.394: [GC (Allocation Failure) 264907.394: [ParNew: 422914K->1894K(471872K), 0.0056854 secs] 621535K->200606K(4141888K), 0.0057602 secs] [Times: user=0.04 sys=0.00, real=0.00 secs] 
264918.545: [GC (Allocation Failure) 264918.545: [ParNew: 421350K->5539K(471872K), 0.0059414 secs] 620062K->204309K(4141888K), 0.0060494 secs] [Times: user=0.04 sys=0.00, real=0.00 secs] 
264928.660: [GC (Allocation Failure) 264928.660: [ParNew: 424995K->4777K(471872K), 0.0083046 secs] 623765K->203602K(4141888K), 0.0084181 secs] [Times: user=0.05 sys=0.00, real=0.01 secs] 
264938.967: [GC (Allocation Failure) 264938.967: [ParNew: 424233K->5739K(471872K), 0.0058770 secs] 623058K->204658K(4141888K), 0.0059792 secs] [Times: user=0.05 sys=0.01, real=0.00 secs] 
264949.139: [GC (Allocation Failure) 264949.139: [ParNew: 425195K->5598K(471872K), 0.0061749 secs] 624114K->204568K(4141888K), 0.0062685 secs] [Times: user=0.04 sys=0.00, real=0.01 secs] 
264958.675: [GC (Allocation Failure) 264958.675: [ParNew: 425054K->3901K(471872K), 0.0069066 secs] 624024K->202910K(4141888K), 0.0069821 secs] [Times: user=0.05 sys=0.00, real=0.00 secs] 
264968.323: [GC (Allocation Failure) 264968.323: [ParNew: 423357K->2571K(471872K), 0.0051053 secs] 622366K->201670K(4141888K), 0.0051842 secs] [Times: user=0.04 sys=0.01, real=0.01 secs] 
264978.203: [GC (Allocation Failure) 264978.203: [ParNew: 422027K->5756K(471872K), 0.0056732 secs] 621126K->204913K(4141888K), 0.0057665 secs] [Times: user=0.04 sys=0.00, real=0.01 secs] 
264987.429: [GC (Allocation Failure) 264987.429: [ParNew: 425126K->6366K(471872K), 0.0056496 secs] 624283K->205586K(4141888K), 0.0057326 secs] [Times: user=0.04 sys=0.01, real=0.01 secs] 
264996.380: [GC (Allocation Failure) 264996.380: [ParNew: 425822K->1965K(471872K), 0.0049343 secs] 625042K->201234K(4141888K), 0.0050087 secs] [Times: user=0.03 sys=0.00, real=0.01 secs] 
265007.240: [GC (Allocation Failure) 265007.240: [ParNew: 421421K->3564K(471872K), 0.0054562 secs] 620690K->202957K(4141888K), 0.0055367 secs] [Times: user=0.04 sys=0.00, real=0.01 secs] 
265016.714: [GC (Allocation Failure) 265016.714: [ParNew: 423020K->2059K(471872K), 0.0049861 secs] 622413K->201507K(4141888K), 0.0050618 secs] [Times: user=0.04 sys=0.00, real=0.00 secs] 
265025.469: [GC (Allocation Failure) 265025.469: [ParNew: 421390K->5835K(471872K), 0.0063453 secs] 620838K->205325K(4141888K), 0.0064737 secs] [Times: user=0.04 sys=0.00, real=0.01 secs] 
265034.351: [GC (Allocation Failure) 265034.351: [ParNew: 425291K->4117K(471872K), 0.0055929 secs] 624781K->203680K(4141888K), 0.0056761 secs] [Times: user=0.04 sys=0.00, real=0.01 secs] 
265041.984: [GC (Allocation Failure) 265041.984: [ParNew: 423573K->6472K(471872K), 0.0061446 secs] 623136K->206097K(4141888K), 0.0062333 secs] [Times: user=0.04 sys=0.00, real=0.00 secs] 
265050.230: [GC (Allocation Failure) 265050.230: [ParNew: 425928K->9796K(471872K), 0.0061040 secs] 625553K->209476K(4141888K), 0.0062140 secs] [Times: user=0.04 sys=0.00, real=0.01 secs] 
265057.847: [GC (Allocation Failure) 265057.847: [ParNew: 429252K->7771K(471872K), 0.0071083 secs] 628932K->207502K(4141888K), 0.0072000 secs] [Times: user=0.05 sys=0.00, real=0.01 secs] 
265065.949: [GC (Allocation Failure) 265065.949: [ParNew: 426944K->8491K(471872K), 0.0055253 secs] 626675K->208269K(4141888K), 0.0056220 secs] [Times: user=0.04 sys=0.00, real=0.01 secs] 
265073.844: [GC (Allocation Failure) 265073.844: [ParNew: 427947K->2128K(471872K), 0.0054846 secs] 627725K->201979K(4141888K), 0.0055620 secs] [Times: user=0.04 sys=0.00, real=0.01 secs] 
265081.151: [GC (Allocation Failure) 265081.151: [ParNew: 421584K->6256K(471872K), 0.0068345 secs] 621435K->206163K(4141888K), 0.0069228 secs] [Times: user=0.05 sys=0.00, real=0.01 secs] 
265088.201: [GC (Allocation Failure) 265088.201: [ParNew: 425712K->3815K(471872K), 0.0053298 secs] 625619K->203761K(4141888K), 0.0054061 secs] [Times: user=0.04 sys=0.00, real=0.01 secs] 
265095.492: [GC (Allocation Failure) 265095.492: [ParNew: 423260K->1708K(471872K), 0.0048950 secs] 623206K->201742K(4141888K), 0.0049632 secs] [Times: user=0.04 sys=0.00, real=0.01 secs] 
265102.478: [GC (Allocation Failure) 265102.478: [ParNew: 421164K->1137K(471872K), 0.0049394 secs] 621198K->201250K(4141888K), 0.0050109 secs] [Times: user=0.04 sys=0.00, real=0.00 secs] 
265109.692: [GC (Allocation Failure) 265109.692: [ParNew: 420593K->6714K(471872K), 0.0051552 secs] 620706K->206885K(4141888K), 0.0052458 secs] [Times: user=0.03 sys=0.00, real=0.01 secs] 
265116.676: [GC (Allocation Failure) 265116.676: [ParNew: 425826K->8368K(471872K), 0.0058333 secs] 625997K->208586K(4141888K), 0.0059331 secs] [Times: user=0.04 sys=0.01, real=0.00 secs] 
265123.540: [GC (Allocation Failure) 265123.540: [ParNew: 427424K->6318K(471872K), 0.0058448 secs] 627642K->206604K(4141888K), 0.0059389 secs] [Times: user=0.04 sys=0.00, real=0.01 secs] 
265130.473: [GC (Allocation Failure) 265130.473: [ParNew: 425374K->4792K(471872K), 0.0060473 secs] 625660K->205136K(4141888K), 0.0061410 secs] [Times: user=0.05 sys=0.00, real=0.01 secs] 
265137.358: [GC (Allocation Failure) 265137.358: [ParNew: 424248K->6247K(471872K), 0.0052367 secs] 624592K->206649K(4141888K), 0.0053177 secs] [Times: user=0.04 sys=0.01, real=0.00 secs] 
265144.462: [GC (Allocation Failure) 265144.462: [ParNew: 425703K->3612K(471872K), 0.0054947 secs] 626105K->204073K(4141888K), 0.0055776 secs] [Times: user=0.04 sys=0.00, real=0.01 secs] 
265150.953: [GC (Allocation Failure) 265150.953: [ParNew: 423068K->2291K(471872K), 0.0055563 secs] 623529K->202806K(4141888K), 0.0056554 secs] [Times: user=0.04 sys=0.00, real=0.01 secs] 
265156.924: [GC (Allocation Failure) 265156.924: [ParNew: 421747K->2614K(471872K), 0.0079011 secs] 622262K->203180K(4141888K), 0.0080182 secs] [Times: user=0.05 sys=0.00, real=0.00 secs] 
265163.178: [GC (Allocation Failure) 265163.178: [ParNew: 422070K->1875K(471872K), 0.0074475 secs] 622636K->202731K(4141888K), 0.0075416 secs] [Times: user=0.04 sys=0.00, real=0.01 secs] 
265170.077: [GC (Allocation Failure) 265170.077: [ParNew: 421212K->5501K(471872K), 0.0087912 secs] 622067K->206405K(4141888K), 0.0088903 secs] [Times: user=0.05 sys=0.00, real=0.01 secs] 
265176.312: [GC (Allocation Failure) 265176.312: [ParNew: 424957K->2064K(471872K), 0.0075027 secs] 625861K->203033K(4141888K), 0.0075993 secs] [Times: user=0.04 sys=0.00, real=0.01 secs] 
265182.230: [GC (Allocation Failure) 265182.231: [ParNew: 421520K->2687K(471872K), 0.0080696 secs] 622489K->203781K(4141888K), 0.0081579 secs] [Times: user=0.06 sys=0.00, real=0.01 secs] 
265187.811: [GC (Allocation Failure) 265187.811: [ParNew: 422143K->2652K(471872K), 0.0053604 secs] 623237K->203846K(4141888K), 0.0054305 secs] [Times: user=0.04 sys=0.00, real=0.01 secs] 
265193.978: [GC (Allocation Failure) 265193.978: [ParNew: 422108K->5520K(471872K), 0.0059696 secs] 623302K->206817K(4141888K), 0.0060792 secs] [Times: user=0.04 sys=0.00, real=0.01 secs] 
265200.146: [GC (Allocation Failure) 265200.146: [ParNew: 424976K->5780K(471872K), 0.0056214 secs] 626273K->207143K(4141888K), 0.0057141 secs] [Times: user=0.04 sys=0.00, real=0.00 secs] 
265205.725: [GC (Allocation Failure) 265205.725: [ParNew: 425236K->2965K(471872K), 0.0057430 secs] 626599K->204483K(4141888K), 0.0058246 secs] [Times: user=0.04 sys=0.00, real=0.00 secs] 
265211.910: [GC (Allocation Failure) 265211.910: [ParNew: 421841K->5909K(471872K), 0.0056950 secs] 623359K->207515K(4141888K), 0.0057734 secs] [Times: user=0.04 sys=0.00, real=0.01 secs] 
265217.904: [GC (Allocation Failure) 265217.904: [ParNew: 425365K->3096K(471872K), 0.0050833 secs] 626971K->204823K(4141888K), 0.0051707 secs] [Times: user=0.04 sys=0.00, real=0.00 secs] 
265223.500: [GC (Allocation Failure) 265223.500: [ParNew: 422552K->5532K(471872K), 0.0060159 secs] 624279K->207347K(4141888K), 0.0061339 secs] [Times: user=0.05 sys=0.00, real=0.01 secs] 
265229.074: [GC (Allocation Failure) 265229.074: [ParNew: 424988K->9726K(471872K), 0.0063187 secs] 626803K->211606K(4141888K), 0.0064414 secs] [Times: user=0.04 sys=0.00, real=0.00 secs] 
265235.337: [GC (Allocation Failure) 265235.337: [ParNew: 429182K->5950K(471872K), 0.0053364 secs] 631062K->207895K(4141888K), 0.0054199 secs] [Times: user=0.04 sys=0.00, real=0.00 secs] 
265240.573: [GC (Allocation Failure) 265240.574: [ParNew: 425406K->6120K(471872K), 0.0055802 secs] 627351K->208125K(4141888K), 0.0056762 secs] [Times: user=0.04 sys=0.00, real=0.01 secs] 
265246.066: [GC (Allocation Failure) 265246.066: [ParNew: 425576K->7005K(471872K), 0.0058522 secs] 627581K->209061K(4141888K), 0.0059446 secs] [Times: user=0.04 sys=0.01, real=0.00 secs] 
265251.456: [GC (Allocation Failure) 265251.456: [ParNew: 426461K->9037K(471872K), 0.0057364 secs] 628517K->211173K(4141888K), 0.0058421 secs] [Times: user=0.04 sys=0.00, real=0.00 secs] 
265256.963: [GC (Allocation Failure) 265256.963: [ParNew: 428493K->7706K(471872K), 0.0066450 secs] 630629K->209901K(4141888K), 0.0067602 secs] [Times: user=0.05 sys=0.01, real=0.01 secs] 
265262.398: [GC (Allocation Failure) 265262.398: [ParNew: 427162K->12400K(471872K), 0.0060473 secs] 629357K->214724K(4141888K), 0.0061333 secs] [Times: user=0.05 sys=0.00, real=0.01 secs] 
265267.717: [GC (Allocation Failure) 265267.717: [ParNew: 431856K->9434K(471872K), 0.0059614 secs] 634180K->211802K(4141888K), 0.0060540 secs] [Times: user=0.04 sys=0.00, real=0.00 secs] 
265273.312: [GC (Allocation Failure) 265273.312: [ParNew: 428890K->9677K(471872K), 0.0065205 secs] 631258K->212135K(4141888K), 0.0066015 secs] [Times: user=0.04 sys=0.00, real=0.01 secs] 
265278.782: [GC (Allocation Failure) 265278.782: [ParNew: 428565K->10616K(471872K), 0.0061681 secs] 631022K->213107K(4141888K), 0.0062477 secs] [Times: user=0.04 sys=0.00, real=0.01 secs] 
265284.195: [GC (Allocation Failure) 265284.195: [ParNew: 430072K->5508K(471872K), 0.0088670 secs] 632563K->208109K(4141888K), 0.0089389 secs] [Times: user=0.05 sys=0.00, real=0.01 secs] 
265289.344: [GC (Allocation Failure) 265289.344: [ParNew: 424964K->3643K(471872K), 0.0059767 secs] 627565K->206301K(4141888K), 0.0060661 secs] [Times: user=0.04 sys=0.00, real=0.01 secs] 
265294.677: [GC (Allocation Failure) 265294.677: [ParNew: 423099K->3216K(471872K), 0.0050918 secs] 625757K->205931K(4141888K), 0.0051759 secs] [Times: user=0.03 sys=0.00, real=0.00 secs] 
265300.096: [GC (Allocation Failure) 265300.096: [ParNew: 422672K->4683K(471872K), 0.0052694 secs] 625387K->207448K(4141888K), 0.0053457 secs] [Times: user=0.04 sys=0.00, real=0.00 secs] 
265305.407: [GC (Allocation Failure) 265305.407: [ParNew: 424139K->4071K(471872K), 0.0058334 secs] 626904K->206907K(4141888K), 0.0059207 secs] [Times: user=0.04 sys=0.00, real=0.00 secs] 
265310.054: [GC (Allocation Failure) 265310.054: [ParNew: 423527K->7202K(471872K), 0.0066695 secs] 626363K->210101K(4141888K), 0.0067544 secs] [Times: user=0.04 sys=0.00, real=0.01 secs] 
265315.516: [GC (Allocation Failure) 265315.516: [ParNew: 426658K->5844K(471872K), 0.0049342 secs] 629557K->208803K(4141888K), 0.0050096 secs] [Times: user=0.04 sys=0.00, real=0.00 secs] 
265320.312: [GC (Allocation Failure) 265320.312: [ParNew: 425300K->2996K(471872K), 0.0050362 secs] 628259K->206027K(4141888K), 0.0051067 secs] [Times: user=0.04 sys=0.00, real=0.01 secs] 
265325.645: [GC (Allocation Failure) 265325.645: [ParNew: 422452K->7056K(471872K), 0.0055511 secs] 625483K->210129K(4141888K), 0.0056385 secs] [Times: user=0.04 sys=0.00, real=0.00 secs] 
265330.531: [GC (Allocation Failure) 265330.531: [ParNew: 425990K->9244K(471872K), 0.0058768 secs] 629063K->212399K(4141888K), 0.0059642 secs] [Times: user=0.04 sys=0.00, real=0.01 secs] 
265350.291: [GC (Allocation Failure) 265350.291: [ParNew: 428700K->4434K(471872K), 0.0054979 secs] 631855K->207633K(4141888K), 0.0055947 secs] [Times: user=0.04 sys=0.00, real=0.01 secs] 
265424.854: [GC (Allocation Failure) 265424.854: [ParNew: 423875K->3855K(471872K), 0.0059228 secs] 627075K->208258K(4141888K), 0.0060086 secs] [Times: user=0.04 sys=0.00, real=0.00 secs] 
265516.385: [GC (Allocation Failure) 265516.385: [ParNew: 423311K->3379K(471872K), 0.0088883 secs] 627714K->209939K(4141888K), 0.0089920 secs] [Times: user=0.05 sys=0.00, real=0.01 secs] 
265639.876: [GC (Allocation Failure) 265639.876: [ParNew: 422835K->3862K(471872K), 0.0107799 secs] 629395K->212149K(4141888K), 0.0108642 secs] [Times: user=0.06 sys=0.00, real=0.01 secs] 
265761.290: [GC (Allocation Failure) 265761.290: [ParNew: 423318K->3743K(471872K), 0.0078275 secs] 631605K->214132K(4141888K), 0.0079318 secs] [Times: user=0.05 sys=0.00, real=0.01 secs] 
265851.397: [GC (Allocation Failure) 265851.397: [ParNew: 423199K->4515K(471872K), 0.0099130 secs] 633588K->217023K(4141888K), 0.0099960 secs] [Times: user=0.06 sys=0.01, real=0.01 secs] 
265930.260: [GC (Allocation Failure) 265930.260: [ParNew: 423971K->4955K(471872K), 0.0089337 secs] 636479K->220185K(4141888K), 0.0090419 secs] [Times: user=0.06 sys=0.01, real=0.01 secs] 
265994.497: [GC (Allocation Failure) 265994.497: [ParNew: 424411K->4409K(471872K), 0.0097155 secs] 639641K->222407K(4141888K), 0.0098237 secs] [Times: user=0.06 sys=0.00, real=0.01 secs] 
266063.061: [GC (Allocation Failure) 266063.061: [ParNew: 423865K->4303K(471872K), 0.0079399 secs] 641863K->224928K(4141888K), 0.0080222 secs] [Times: user=0.05 sys=0.01, real=0.01 secs] 
266132.317: [GC (Allocation Failure) 266132.317: [ParNew: 423759K->5003K(471872K), 0.0111591 secs] 644384K->228205K(4141888K), 0.0112605 secs] [Times: user=0.05 sys=0.01, real=0.01 secs] 
266198.551: [GC (Allocation Failure) 266198.551: [ParNew: 424459K->4534K(471872K), 0.0124266 secs] 647661K->230282K(4141888K), 0.0125139 secs] [Times: user=0.05 sys=0.00, real=0.02 secs] 
266259.404: [GC (Allocation Failure) 266259.404: [ParNew: 423990K->5051K(471872K), 0.0093256 secs] 649738K->233136K(4141888K), 0.0094182 secs] [Times: user=0.04 sys=0.00, real=0.00 secs] 
266323.277: [GC (Allocation Failure) 266323.277: [ParNew: 424507K->4769K(471872K), 0.0134608 secs] 652592K->235522K(4141888K), 0.0135518 secs] [Times: user=0.05 sys=0.00, real=0.01 secs] 
266384.059: [GC (Allocation Failure) 266384.059: [ParNew: 424225K->4873K(471872K), 0.0129988 secs] 654978K->238011K(4141888K), 0.0130810 secs] [Times: user=0.05 sys=0.01, real=0.01 secs] 
266443.053: [GC (Allocation Failure) 266443.053: [ParNew: 424329K->4968K(471872K), 0.0078771 secs] 657467K->240624K(4141888K), 0.0079633 secs] [Times: user=0.05 sys=0.00, real=0.01 secs] 
266500.981: [GC (Allocation Failure) 266500.981: [ParNew: 424424K->3705K(471872K), 0.0085046 secs] 660080K->241780K(4141888K), 0.0085927 secs] [Times: user=0.05 sys=0.00, real=0.01 secs] 
266554.522: [GC (Allocation Failure) 266554.523: [ParNew: 423161K->4317K(471872K), 0.0126515 secs] 661236K->244802K(4141888K), 0.0127661 secs] [Times: user=0.05 sys=0.00, real=0.02 secs] 
266607.207: [GC (Allocation Failure) 266607.207: [ParNew: 423773K->3466K(471872K), 0.0116557 secs] 664258K->246054K(4141888K), 0.0117462 secs] [Times: user=0.05 sys=0.00, real=0.01 secs] 
266656.491: [GC (Allocation Failure) 266656.491: [ParNew: 422922K->4920K(471872K), 0.0110751 secs] 665510K->249941K(4141888K), 0.0111964 secs] [Times: user=0.06 sys=0.01, real=0.01 secs] 
266707.888: [GC (Allocation Failure) 266707.888: [ParNew: 424376K->5004K(471872K), 0.0179183 secs] 669397K->252854K(4141888K), 0.0180126 secs] [Times: user=0.06 sys=0.01, real=0.02 secs] 
266763.556: [GC (Allocation Failure) 266763.556: [ParNew: 424460K->3682K(471872K), 0.0092986 secs] 672310K->253948K(4141888K), 0.0093985 secs] [Times: user=0.05 sys=0.00, real=0.01 secs] 
266818.296: [GC (Allocation Failure) 266818.296: [ParNew: 423138K->3651K(471872K), 0.0075102 secs] 673404K->256035K(4141888K), 0.0075849 secs] [Times: user=0.05 sys=0.00, real=0.00 secs] 
266875.269: [GC (Allocation Failure) 266875.269: [ParNew: 423107K->3505K(471872K), 0.0076200 secs] 675491K->257996K(4141888K), 0.0077170 secs] [Times: user=0.05 sys=0.01, real=0.01 secs] 
266932.966: [GC (Allocation Failure) 266932.966: [ParNew: 422961K->4131K(471872K), 0.0086291 secs] 677452K->260702K(4141888K), 0.0087180 secs] [Times: user=0.04 sys=0.00, real=0.01 secs] 
266985.859: [GC (Allocation Failure) 266985.859: [ParNew: 423587K->4552K(471872K), 0.0078390 secs] 680158K->263235K(4141888K), 0.0079618 secs] [Times: user=0.05 sys=0.01, real=0.01 secs] 
267035.496: [GC (Allocation Failure) 267035.496: [ParNew: 424008K->3917K(471872K), 0.0079018 secs] 682691K->264731K(4141888K), 0.0079886 secs] [Times: user=0.05 sys=0.00, real=0.01 secs] 
267091.415: [GC (Allocation Failure) 267091.415: [ParNew: 423373K->4375K(471872K), 0.0081127 secs] 684187K->267489K(4141888K), 0.0082153 secs] [Times: user=0.05 sys=0.01, real=0.00 secs] 
267143.073: [GC (Allocation Failure) 267143.073: [ParNew: 423831K->4368K(471872K), 0.0073321 secs] 686945K->269672K(4141888K), 0.0074128 secs] [Times: user=0.04 sys=0.01, real=0.01 secs] 
267199.087: [GC (Allocation Failure) 267199.087: [ParNew: 423824K->5112K(471872K), 0.0094262 secs] 689128K->272437K(4141888K), 0.0095368 secs] [Times: user=0.05 sys=0.00, real=0.01 secs] 
267253.980: [GC (Allocation Failure) 267253.980: [ParNew: 424568K->4805K(471872K), 0.0164898 secs] 691893K->275748K(4141888K), 0.0166026 secs] [Times: user=0.05 sys=0.00, real=0.02 secs] 
267318.098: [GC (Allocation Failure) 267318.098: [ParNew: 424261K->4604K(471872K), 0.0100113 secs] 695204K->277757K(4141888K), 0.0101008 secs] [Times: user=0.05 sys=0.01, real=0.01 secs] 
267392.864: [GC (Allocation Failure) 267392.864: [ParNew: 424060K->4107K(471872K), 0.0071979 secs] 697213K->279381K(4141888K), 0.0072797 secs] [Times: user=0.05 sys=0.00, real=0.00 secs] 
267465.660: [GC (Allocation Failure) 267465.660: [ParNew: 423563K->4311K(471872K), 0.0078267 secs] 698837K->282044K(4141888K), 0.0079084 secs] [Times: user=0.06 sys=0.00, real=0.01 secs] 
267540.271: [GC (Allocation Failure) 267540.271: [ParNew: 423767K->4395K(471872K), 0.0088361 secs] 701500K->284379K(4141888K), 0.0089472 secs] [Times: user=0.05 sys=0.01, real=0.01 secs] 
267602.039: [GC (Allocation Failure) 267602.039: [ParNew: 423851K->3854K(471872K), 0.0083578 secs] 703835K->286153K(4141888K), 0.0084680 secs] [Times: user=0.06 sys=0.01, real=0.01 secs] 
267672.555: [GC (Allocation Failure) 267672.555: [ParNew: 423310K->4553K(471872K), 0.0074854 secs] 705609K->289108K(4141888K), 0.0075707 secs] [Times: user=0.05 sys=0.01, real=0.00 secs] 
267746.048: [GC (Allocation Failure) 267746.048: [ParNew: 424009K->4572K(471872K), 0.0073635 secs] 708564K->291449K(4141888K), 0.0074431 secs] [Times: user=0.05 sys=0.00, real=0.01 secs] 
267807.026: [GC (Allocation Failure) 267807.026: [ParNew: 424028K->3438K(471872K), 0.0076414 secs] 710905K->292521K(4141888K), 0.0077318 secs] [Times: user=0.05 sys=0.00, real=0.01 secs] 
267869.808: [GC (Allocation Failure) 267869.809: [ParNew: 422894K->3684K(471872K), 0.0086322 secs] 711977K->294732K(4141888K), 0.0087380 secs] [Times: user=0.05 sys=0.00, real=0.01 secs] 
267936.159: [GC (Allocation Failure) 267936.159: [ParNew: 423140K->3980K(471872K), 0.0078871 secs] 714188K->297339K(4141888K), 0.0079772 secs] [Times: user=0.05 sys=0.00, real=0.01 secs] 
268003.064: [GC (Allocation Failure) 268003.064: [ParNew: 423436K->3555K(471872K), 0.0075080 secs] 716795K->299009K(4141888K), 0.0075990 secs] [Times: user=0.05 sys=0.00, real=0.00 secs] 
268069.538: [GC (Allocation Failure) 268069.538: [ParNew: 423011K->4197K(471872K), 0.0070029 secs] 718465K->301749K(4141888K), 0.0070982 secs] [Times: user=0.04 sys=0.00, real=0.01 secs] 
268133.600: [GC (Allocation Failure) 268133.600: [ParNew: 423653K->3539K(471872K), 0.0075786 secs] 721205K->303064K(4141888K), 0.0076770 secs] [Times: user=0.05 sys=0.00, real=0.01 secs] 
268199.319: [GC (Allocation Failure) 268199.320: [ParNew: 422995K->4014K(471872K), 0.0073664 secs] 722520K->305591K(4141888K), 0.0074546 secs] [Times: user=0.05 sys=0.00, real=0.01 secs] 
268266.433: [GC (Allocation Failure) 268266.433: [ParNew: 423470K->3870K(471872K), 0.0073884 secs] 725047K->307641K(4141888K), 0.0074782 secs] [Times: user=0.05 sys=0.00, real=0.01 secs] 
268332.602: [GC (Allocation Failure) 268332.602: [ParNew: 423326K->4250K(471872K), 0.0073269 secs] 727097K->309905K(4141888K), 0.0074302 secs] [Times: user=0.04 sys=0.00, real=0.01 secs] 
268402.847: [GC (Allocation Failure) 268402.847: [ParNew: 423706K->3248K(471872K), 0.0079209 secs] 729361K->310896K(4141888K), 0.0080091 secs] [Times: user=0.05 sys=0.00, real=0.01 secs] 
268462.863: [GC (Allocation Failure) 268462.863: [ParNew: 422704K->3809K(471872K), 0.0069907 secs] 730352K->313306K(4141888K), 0.0070903 secs] [Times: user=0.04 sys=0.00, real=0.01 secs] 
268530.199: [GC (Allocation Failure) 268530.199: [ParNew: 423265K->4283K(471872K), 0.0083451 secs] 732762K->315872K(4141888K), 0.0084650 secs] [Times: user=0.06 sys=0.00, real=0.01 secs] 
268591.230: [GC (Allocation Failure) 268591.230: [ParNew: 423739K->3227K(471872K), 0.0073973 secs] 735328K->316736K(4141888K), 0.0074787 secs] [Times: user=0.06 sys=0.00, real=0.01 secs] 
268624.915: [GC (Allocation Failure) 268624.915: [ParNew: 422683K->3268K(471872K), 0.0132780 secs] 736192K->318588K(4141888K), 0.0133688 secs] [Times: user=0.05 sys=0.00, real=0.01 secs] 
268689.618: [GC (Allocation Failure) 268689.618: [ParNew: 422724K->3169K(471872K), 0.0095124 secs] 738044K->319783K(4141888K), 0.0096255 secs] [Times: user=0.05 sys=0.01, real=0.01 secs] 
268753.055: [GC (Allocation Failure) 268753.055: [ParNew: 422625K->3413K(471872K), 0.0345137 secs] 739239K->321872K(4141888K), 0.0346059 secs] [Times: user=0.11 sys=0.01, real=0.03 secs] 
268813.497: [GC (Allocation Failure) 268813.497: [ParNew: 422869K->3681K(471872K), 0.0112348 secs] 741328K->323987K(4141888K), 0.0113097 secs] [Times: user=0.05 sys=0.00, real=0.01 secs] 
268857.289: [GC (Allocation Failure) 268857.289: [ParNew: 423137K->3748K(471872K), 0.0064136 secs] 743443K->325816K(4141888K), 0.0064917 secs] [Times: user=0.04 sys=0.01, real=0.01 secs] 
268908.780: [GC (Allocation Failure) 268908.780: [ParNew: 423204K->3356K(471872K), 0.0062549 secs] 745272K->327595K(4141888K), 0.0063369 secs] [Times: user=0.04 sys=0.00, real=0.01 secs] 
268966.722: [GC (Allocation Failure) 268966.722: [ParNew: 422812K->3534K(471872K), 0.0066931 secs] 747051K->329625K(4141888K), 0.0067763 secs] [Times: user=0.04 sys=0.00, real=0.01 secs] 
269033.056: [GC (Allocation Failure) 269033.056: [ParNew: 422990K->3497K(471872K), 0.0073722 secs] 749081K->331101K(4141888K), 0.0074554 secs] [Times: user=0.04 sys=0.00, real=0.00 secs] 
269093.521: [GC (Allocation Failure) 269093.521: [ParNew: 422953K->3155K(471872K), 0.0071248 secs] 750557K->333070K(4141888K), 0.0072064 secs] [Times: user=0.05 sys=0.00, real=0.01 secs] 
269160.027: [GC (Allocation Failure) 269160.027: [ParNew: 422611K->3391K(471872K), 0.0073572 secs] 752526K->335032K(4141888K), 0.0074752 secs] [Times: user=0.05 sys=0.00, real=0.01 secs] 
269221.802: [GC (Allocation Failure) 269221.802: [ParNew: 422847K->4052K(471872K), 0.0077347 secs] 754488K->337461K(4141888K), 0.0078213 secs] [Times: user=0.05 sys=0.00, real=0.01 secs] 
269293.053: [GC (Allocation Failure) 269293.054: [ParNew: 423508K->3634K(471872K), 0.0068735 secs] 756917K->339318K(4141888K), 0.0069631 secs] [Times: user=0.05 sys=0.01, real=0.01 secs] 
269361.883: [GC (Allocation Failure) 269361.883: [ParNew: 423090K->3132K(471872K), 0.0070830 secs] 758774K->340515K(4141888K), 0.0071965 secs] [Times: user=0.05 sys=0.00, real=0.01 secs] 
269430.704: [GC (Allocation Failure) 269430.704: [ParNew: 422588K->2998K(471872K), 0.0075760 secs] 759971K->342277K(4141888K), 0.0076845 secs] [Times: user=0.05 sys=0.00, real=0.00 secs] 
269491.732: [GC (Allocation Failure) 269491.732: [ParNew: 422454K->3690K(471872K), 0.0071136 secs] 761733K->344587K(4141888K), 0.0072118 secs] [Times: user=0.04 sys=0.00, real=0.01 secs] 
269545.938: [GC (Allocation Failure) 269545.939: [ParNew: 423146K->2915K(471872K), 0.0066473 secs] 764043K->345590K(4141888K), 0.0067327 secs] [Times: user=0.05 sys=0.01, real=0.01 secs] 
269615.159: [GC (Allocation Failure) 269615.159: [ParNew: 422371K->3175K(471872K), 0.0063619 secs] 765046K->347202K(4141888K), 0.0064580 secs] [Times: user=0.05 sys=0.01, real=0.01 secs] 
269683.381: [GC (Allocation Failure) 269683.381: [ParNew: 422623K->3664K(471872K), 0.0071263 secs] 766651K->349398K(4141888K), 0.0072137 secs] [Times: user=0.04 sys=0.01, real=0.01 secs] 
269752.351: [GC (Allocation Failure) 269752.351: [ParNew: 423120K->3430K(471872K), 0.0073341 secs] 768854K->351089K(4141888K), 0.0074357 secs] [Times: user=0.04 sys=0.01, real=0.01 secs] 
269818.262: [GC (Allocation Failure) 269818.262: [ParNew: 422886K->3037K(471872K), 0.0068477 secs] 770545K->352393K(4141888K), 0.0069435 secs] [Times: user=0.04 sys=0.00, real=0.01 secs] 
269887.802: [GC (Allocation Failure) 269887.802: [ParNew: 422493K->3341K(471872K), 0.0062811 secs] 771849K->354450K(4141888K), 0.0063835 secs] [Times: user=0.04 sys=0.00, real=0.01 secs] 
269939.901: [GC (Allocation Failure) 269939.901: [ParNew: 422797K->3258K(471872K), 0.0068544 secs] 773906K->356060K(4141888K), 0.0069415 secs] [Times: user=0.04 sys=0.00, real=0.01 secs] 
270003.061: [GC (Allocation Failure) 270003.061: [ParNew: 422714K->3297K(471872K), 0.0064327 secs] 775516K->357423K(4141888K), 0.0065231 secs] [Times: user=0.05 sys=0.00, real=0.01 secs] 
270070.416: [GC (Allocation Failure) 270070.416: [ParNew: 422753K->3403K(471872K), 0.0072519 secs] 776879K->359354K(4141888K), 0.0073580 secs] [Times: user=0.04 sys=0.00, real=0.00 secs] 
270139.846: [GC (Allocation Failure) 270139.846: [ParNew: 422859K->3207K(471872K), 0.0066529 secs] 778810K->360767K(4141888K), 0.0067396 secs] [Times: user=0.05 sys=0.01, real=0.00 secs] 
270211.479: [GC (Allocation Failure) 270211.479: [ParNew: 422663K->3313K(471872K), 0.0066316 secs] 780223K->362444K(4141888K), 0.0067347 secs] [Times: user=0.04 sys=0.01, real=0.01 secs] 
270275.147: [GC (Allocation Failure) 270275.147: [ParNew: 422769K->3381K(471872K), 0.0064117 secs] 781900K->364068K(4141888K), 0.0064951 secs] [Times: user=0.05 sys=0.01, real=0.00 secs] 
270343.053: [GC (Allocation Failure) 270343.053: [ParNew: 422837K->3244K(471872K), 0.0064676 secs] 783524K->365648K(4141888K), 0.0065551 secs] [Times: user=0.05 sys=0.00, real=0.01 secs] 
270413.700: [GC (Allocation Failure) 270413.700: [ParNew: 422700K->3203K(471872K), 0.0072009 secs] 785104K->367184K(4141888K), 0.0073013 secs] [Times: user=0.05 sys=0.00, real=0.01 secs] 
270483.224: [GC (Allocation Failure) 270483.224: [ParNew: 422659K->3143K(471872K), 0.0071724 secs] 786640K->368685K(4141888K), 0.0072579 secs] [Times: user=0.05 sys=0.00, real=0.00 secs] 
270550.623: [GC (Allocation Failure) 270550.623: [ParNew: 422599K->3076K(471872K), 0.0062652 secs] 788141K->370189K(4141888K), 0.0063622 secs] [Times: user=0.04 sys=0.00, real=0.01 secs] 
270618.925: [GC (Allocation Failure) 270618.925: [ParNew: 422532K->3526K(471872K), 0.0069838 secs] 789645K->372185K(4141888K), 0.0070903 secs] [Times: user=0.04 sys=0.00, real=0.00 secs] 
270688.032: [GC (Allocation Failure) 270688.032: [ParNew: 422982K->2867K(471872K), 0.0066110 secs] 791641K->373102K(4141888K), 0.0067017 secs] [Times: user=0.04 sys=0.00, real=0.01 secs] 
270769.801: [GC (Allocation Failure) 270769.801: [ParNew: 422323K->3098K(471872K), 0.0064643 secs] 792558K->374885K(4141888K), 0.0065527 secs] [Times: user=0.05 sys=0.00, real=0.01 secs] 
270845.145: [GC (Allocation Failure) 270845.145: [ParNew: 422554K->3177K(471872K), 0.0070062 secs] 794341K->376587K(4141888K), 0.0070835 secs] [Times: user=0.05 sys=0.00, real=0.00 secs] 
270929.696: [GC (Allocation Failure) 270929.697: [ParNew: 422633K->3535K(471872K), 0.0073664 secs] 796043K->378664K(4141888K), 0.0074714 secs] [Times: user=0.05 sys=0.00, real=0.01 secs] 
271021.648: [GC (Allocation Failure) 271021.648: [ParNew: 422991K->3828K(471872K), 0.0066273 secs] 798120K->380829K(4141888K), 0.0067070 secs] [Times: user=0.05 sys=0.00, real=0.01 secs] 
271086.625: [GC (Allocation Failure) 271086.625: [ParNew: 423284K->2368K(471872K), 0.0077121 secs] 800285K->381119K(4141888K), 0.0078033 secs] [Times: user=0.05 sys=0.01, real=0.00 secs] 
271145.148: [GC (Allocation Failure) 271145.148: [ParNew: 421824K->2547K(471872K), 0.0065733 secs] 800575K->382566K(4141888K), 0.0066631 secs] [Times: user=0.04 sys=0.00, real=0.01 secs] 
271220.622: [GC (Allocation Failure) 271220.622: [ParNew: 422003K->2950K(471872K), 0.0062570 secs] 802022K->384169K(4141888K), 0.0063490 secs] [Times: user=0.05 sys=0.01, real=0.01 secs] 
271307.989: [GC (Allocation Failure) 271307.989: [ParNew: 422406K->3430K(471872K), 0.0068440 secs] 803625K->386372K(4141888K), 0.0069210 secs] [Times: user=0.05 sys=0.01, real=0.01 secs] 
271395.581: [GC (Allocation Failure) 271395.581: [ParNew: 422886K->3202K(471872K), 0.0066101 secs] 805828K->387848K(4141888K), 0.0066970 secs] [Times: user=0.04 sys=0.00, real=0.01 secs] 
271477.509: [GC (Allocation Failure) 271477.509: [ParNew: 422658K->3314K(471872K), 0.0071812 secs] 807304K->389731K(4141888K), 0.0072738 secs] [Times: user=0.05 sys=0.00, real=0.01 secs] 
271571.628: [GC (Allocation Failure) 271571.628: [ParNew: 422770K->3233K(471872K), 0.0070220 secs] 809187K->391342K(4141888K), 0.0071244 secs] [Times: user=0.05 sys=0.00, real=0.01 secs] 
271676.712: [GC (Allocation Failure) 271676.712: [ParNew: 422689K->3045K(471872K), 0.0081165 secs] 810798K->392973K(4141888K), 0.0081998 secs] [Times: user=0.04 sys=0.00, real=0.01 secs] 
271777.110: [GC (Allocation Failure) 271777.110: [ParNew: 422501K->3534K(471872K), 0.0091796 secs] 812429K->395217K(4141888K), 0.0092623 secs] [Times: user=0.05 sys=0.00, real=0.01 secs] 
271888.042: [GC (Allocation Failure) 271888.042: [ParNew: 422990K->3590K(471872K), 0.0071607 secs] 814673K->397262K(4141888K), 0.0072534 secs] [Times: user=0.04 sys=0.00, real=0.01 secs] 
272003.061: [GC (Allocation Failure) 272003.061: [ParNew: 423046K->3221K(471872K), 0.0078464 secs] 816718K->398767K(4141888K), 0.0079236 secs] [Times: user=0.05 sys=0.01, real=0.01 secs] 
272115.580: [GC (Allocation Failure) 272115.580: [ParNew: 422677K->3392K(471872K), 0.0072051 secs] 818223K->400748K(4141888K), 0.0073147 secs] [Times: user=0.05 sys=0.00, real=0.01 secs] 
272141.503: [GC (Allocation Failure) 272141.503: [ParNew: 422848K->3046K(471872K), 0.0068848 secs] 820204K->402497K(4141888K), 0.0069973 secs] [Times: user=0.04 sys=0.00, real=0.01 secs] 
272158.101: [GC (Allocation Failure) 272158.101: [ParNew: 422502K->1684K(471872K), 0.0060811 secs] 821953K->401962K(4141888K), 0.0061574 secs] [Times: user=0.04 sys=0.00, real=0.01 secs] 
272265.229: [GC (Allocation Failure) 272265.229: [ParNew: 421133K->3322K(471872K), 0.0065147 secs] 821412K->404221K(4141888K), 0.0065976 secs] [Times: user=0.04 sys=0.00, real=0.01 secs] 
272356.731: [GC (Allocation Failure) 272356.731: [ParNew: 422778K->3619K(471872K), 0.0072487 secs] 823677K->406528K(4141888K), 0.0073456 secs] [Times: user=0.04 sys=0.00, real=0.01 secs] 
272375.617: [GC (Allocation Failure) 272375.618: [ParNew: 423075K->2796K(471872K), 0.0067331 secs] 825984K->407847K(4141888K), 0.0068321 secs] [Times: user=0.04 sys=0.01, real=0.01 secs] 
272448.243: [GC (Allocation Failure) 272448.243: [ParNew: 422252K->2921K(471872K), 0.0065300 secs] 827303K->408343K(4141888K), 0.0066426 secs] [Times: user=0.05 sys=0.00, real=0.01 secs] 
272543.598: [GC (Allocation Failure) 272543.598: [ParNew: 422377K->3931K(471872K), 0.0066909 secs] 827799K->411187K(4141888K), 0.0067851 secs] [Times: user=0.04 sys=0.00, real=0.01 secs] 
272632.319: [GC (Allocation Failure) 272632.319: [ParNew: 423387K->2744K(471872K), 0.0065559 secs] 830643K->412456K(4141888K), 0.0066495 secs] [Times: user=0.05 sys=0.00, real=0.01 secs] 
272709.147: [GC (Allocation Failure) 272709.147: [ParNew: 422200K->2978K(471872K), 0.0068582 secs] 831912K->414085K(4141888K), 0.0069454 secs] [Times: user=0.04 sys=0.00, real=0.01 secs] 
272788.944: [GC (Allocation Failure) 272788.944: [ParNew: 422434K->2783K(471872K), 0.0069392 secs] 833541K->415258K(4141888K), 0.0070185 secs] [Times: user=0.05 sys=0.00, real=0.00 secs] 
272870.332: [GC (Allocation Failure) 272870.332: [ParNew: 422239K->2462K(471872K), 0.0061792 secs] 834714K->416187K(4141888K), 0.0062566 secs] [Times: user=0.04 sys=0.00, real=0.01 secs] 
272953.212: [GC (Allocation Failure) 272953.212: [ParNew: 421918K->2839K(471872K), 0.0163617 secs] 835643K->417833K(4141888K), 0.0164909 secs] [Times: user=0.04 sys=0.01, real=0.02 secs] 
273019.528: [GC (Allocation Failure) 273019.528: [ParNew: 422295K->3617K(471872K), 0.0082103 secs] 837289K->419944K(4141888K), 0.0083254 secs] [Times: user=0.05 sys=0.00, real=0.01 secs] 
273061.151: [GC (Allocation Failure) 273061.151: [ParNew: 423073K->2424K(471872K), 0.0064736 secs] 839400K->420184K(4141888K), 0.0065548 secs] [Times: user=0.04 sys=0.00, real=0.01 secs] 
273114.170: [GC (Allocation Failure) 273114.170: [ParNew: 421880K->2186K(471872K), 0.0060172 secs] 839640K->420838K(4141888K), 0.0061196 secs] [Times: user=0.04 sys=0.01, real=0.01 secs] 
273163.082: [GC (Allocation Failure) 273163.083: [ParNew: 421642K->1942K(471872K), 0.0058567 secs] 840294K->421601K(4141888K), 0.0059346 secs] [Times: user=0.05 sys=0.00, real=0.01 secs] 
273229.499: [GC (Allocation Failure) 273229.499: [ParNew: 421398K->2086K(471872K), 0.0057237 secs] 841057K->422543K(4141888K), 0.0058160 secs] [Times: user=0.04 sys=0.00, real=0.01 secs] 
273293.068: [GC (Allocation Failure) 273293.068: [ParNew: 421542K->2190K(471872K), 0.0060804 secs] 841999K->423533K(4141888K), 0.0061542 secs] [Times: user=0.04 sys=0.01, real=0.01 secs] 
273361.023: [GC (Allocation Failure) 273361.023: [ParNew: 421641K->2323K(471872K), 0.0066863 secs] 842984K->424684K(4141888K), 0.0067680 secs] [Times: user=0.05 sys=0.00, real=0.01 secs] 
273427.451: [GC (Allocation Failure) 273427.452: [ParNew: 421779K->1700K(471872K), 0.0062817 secs] 844140K->425002K(4141888K), 0.0063694 secs] [Times: user=0.05 sys=0.00, real=0.01 secs] 
273480.683: [GC (Allocation Failure) 273480.683: [ParNew: 421156K->1973K(471872K), 0.0063016 secs] 844458K->426148K(4141888K), 0.0063821 secs] [Times: user=0.05 sys=0.00, real=0.01 secs] 
273533.056: [GC (Allocation Failure) 273533.057: [ParNew: 421429K->1999K(471872K), 0.0058397 secs] 845604K->426968K(4141888K), 0.0059166 secs] [Times: user=0.05 sys=0.00, real=0.00 secs] 
273599.204: [GC (Allocation Failure) 273599.204: [ParNew: 421455K->2144K(471872K), 0.0060591 secs] 846424K->427930K(4141888K), 0.0061540 secs] [Times: user=0.04 sys=0.00, real=0.00 secs] 
273665.981: [GC (Allocation Failure) 273665.981: [ParNew: 421600K->2190K(471872K), 0.0062003 secs] 847386K->429055K(4141888K), 0.0063147 secs] [Times: user=0.04 sys=0.00, real=0.01 secs] 
273741.452: [GC (Allocation Failure) 273741.452: [ParNew: 421646K->1877K(471872K), 0.0063233 secs] 848511K->429571K(4141888K), 0.0064043 secs] [Times: user=0.04 sys=0.01, real=0.01 secs] 
273813.067: [GC (Allocation Failure) 273813.067: [ParNew: 421333K->3017K(471872K), 0.0064062 secs] 849027K->431726K(4141888K), 0.0064812 secs] [Times: user=0.04 sys=0.00, real=0.00 secs] 
273880.389: [GC (Allocation Failure) 273880.389: [ParNew: 422473K->2648K(471872K), 0.0060056 secs] 851182K->432960K(4141888K), 0.0060901 secs] [Times: user=0.04 sys=0.00, real=0.01 secs] 
273957.320: [GC (Allocation Failure) 273957.320: [ParNew: 422104K->2014K(471872K), 0.0065912 secs] 852416K->433340K(4141888K), 0.0066680 secs] [Times: user=0.04 sys=0.00, real=0.01 secs] 
274017.473: [GC (Allocation Failure) 274017.473: [ParNew: 421470K->2503K(471872K), 0.0140000 secs] 852796K->434873K(4141888K), 0.0140801 secs] [Times: user=0.07 sys=0.00, real=0.02 secs] 
274093.108: [GC (Allocation Failure) 274093.108: [ParNew: 421959K->2310K(471872K), 0.0082429 secs] 854329K->435590K(4141888K), 0.0083236 secs] [Times: user=0.05 sys=0.00, real=0.01 secs] 
274134.055: [GC (Allocation Failure) 274134.055: [ParNew: 421766K->2082K(471872K), 0.0068910 secs] 855046K->436502K(4141888K), 0.0069719 secs] [Times: user=0.05 sys=0.00, real=0.00 secs] 
274190.300: [GC (Allocation Failure) 274190.300: [ParNew: 421538K->2420K(471872K), 0.0057141 secs] 855958K->437676K(4141888K), 0.0057954 secs] [Times: user=0.04 sys=0.00, real=0.01 secs] 
274236.856: [GC (Allocation Failure) 274236.856: [ParNew: 421876K->2096K(471872K), 0.0062523 secs] 857132K->438498K(4141888K), 0.0063424 secs] [Times: user=0.04 sys=0.00, real=0.00 secs] 
274287.372: [GC (Allocation Failure) 274287.372: [ParNew: 421493K->2683K(471872K), 0.0061549 secs] 857895K->439897K(4141888K), 0.0062378 secs] [Times: user=0.04 sys=0.00, real=0.01 secs] 
274343.078: [GC (Allocation Failure) 274343.078: [ParNew: 422139K->2680K(471872K), 0.0063230 secs] 859353K->440772K(4141888K), 0.0064007 secs] [Times: user=0.04 sys=0.00, real=0.01 secs] 
274392.510: [GC (Allocation Failure) 274392.510: [ParNew: 422136K->2285K(471872K), 0.0061002 secs] 860228K->441230K(4141888K), 0.0062185 secs] [Times: user=0.04 sys=0.01, real=0.01 secs] 
274445.146: [GC (Allocation Failure) 274445.147: [ParNew: 421741K->2317K(471872K), 0.0060652 secs] 860686K->441935K(4141888K), 0.0061507 secs] [Times: user=0.04 sys=0.01, real=0.00 secs] 
274523.067: [GC (Allocation Failure) 274523.067: [ParNew: 421773K->2666K(471872K), 0.0059629 secs] 861391K->443001K(4141888K), 0.0060637 secs] [Times: user=0.04 sys=0.00, real=0.00 secs] 
274594.400: [GC (Allocation Failure) 274594.401: [ParNew: 422074K->3049K(471872K), 0.0062273 secs] 862409K->444763K(4141888K), 0.0063109 secs] [Times: user=0.05 sys=0.00, real=0.01 secs] 
274624.660: [GC (Allocation Failure) 274624.660: [ParNew: 422505K->2703K(471872K), 0.0068167 secs] 864219K->445537K(4141888K), 0.0068954 secs] [Times: user=0.05 sys=0.00, real=0.01 secs] 
274662.809: [GC (Allocation Failure) 274662.809: [ParNew: 422159K->2039K(471872K), 0.0058058 secs] 864993K->445456K(4141888K), 0.0058734 secs] [Times: user=0.04 sys=0.00, real=0.01 secs] 
274748.850: [GC (Allocation Failure) 274748.850: [ParNew: 421495K->2114K(471872K), 0.0059761 secs] 864912K->446217K(4141888K), 0.0060531 secs] [Times: user=0.04 sys=0.00, real=0.01 secs] 
274833.079: [GC (Allocation Failure) 274833.079: [ParNew: 421570K->2777K(471872K), 0.0066944 secs] 865673K->448212K(4141888K), 0.0067676 secs] [Times: user=0.04 sys=0.01, real=0.01 secs] 
274917.773: [GC (Allocation Failure) 274917.773: [ParNew: 422233K->2400K(471872K), 0.0064867 secs] 867668K->449154K(4141888K), 0.0065649 secs] [Times: user=0.05 sys=0.00, real=0.01 secs] 
275009.482: [GC (Allocation Failure) 275009.482: [ParNew: 421856K->2382K(471872K), 0.0060265 secs] 868610K->450180K(4141888K), 0.0061068 secs] [Times: user=0.04 sys=0.01, real=0.01 secs] 
275087.738: [GC (Allocation Failure) 275087.738: [ParNew: 421838K->3097K(471872K), 0.0062076 secs] 869636K->451962K(4141888K), 0.0062969 secs] [Times: user=0.04 sys=0.01, real=0.01 secs] 
275159.428: [GC (Allocation Failure) 275159.428: [ParNew: 422553K->3155K(471872K), 0.0063062 secs] 871418K->453977K(4141888K), 0.0063915 secs] [Times: user=0.04 sys=0.00, real=0.01 secs] 
275239.843: [GC (Allocation Failure) 275239.843: [ParNew: 422611K->2455K(471872K), 0.0058093 secs] 873433K->454316K(4141888K), 0.0058873 secs] [Times: user=0.04 sys=0.00, real=0.01 secs] 
275304.086: [GC (Allocation Failure) 275304.086: [ParNew: 421911K->3787K(471872K), 0.0062854 secs] 873772K->456784K(4141888K), 0.0063741 secs] [Times: user=0.04 sys=0.00, real=0.00 secs] 
275374.957: [GC (Allocation Failure) 275374.957: [ParNew: 423243K->2881K(471872K), 0.0062169 secs] 876240K->458238K(4141888K), 0.0062947 secs] [Times: user=0.05 sys=0.00, real=0.00 secs] 
275449.842: [GC (Allocation Failure) 275449.842: [ParNew: 422337K->2937K(471872K), 0.0072477 secs] 877694K->459733K(4141888K), 0.0073324 secs] [Times: user=0.04 sys=0.00, real=0.01 secs] 
275523.052: [GC (Allocation Failure) 275523.052: [ParNew: 422393K->2504K(471872K), 0.0060772 secs] 879189K->460250K(4141888K), 0.0061610 secs] [Times: user=0.05 sys=0.00, real=0.01 secs] 
275599.166: [GC (Allocation Failure) 275599.166: [ParNew: 421960K->2931K(471872K), 0.0065492 secs] 879706K->461619K(4141888K), 0.0066357 secs] [Times: user=0.04 sys=0.00, real=0.00 secs] 
275667.475: [GC (Allocation Failure) 275667.475: [ParNew: 422387K->2926K(471872K), 0.0061415 secs] 881075K->462522K(4141888K), 0.0062273 secs] [Times: user=0.04 sys=0.00, real=0.00 secs] 
275681.491: [GC (Allocation Failure) 275681.491: [ParNew: 422382K->2174K(471872K), 0.0061499 secs] 881978K->463086K(4141888K), 0.0062244 secs] [Times: user=0.04 sys=0.00, real=0.01 secs] 
275691.319: [GC (Allocation Failure) 275691.319: [ParNew: 421630K->1686K(471872K), 0.0056005 secs] 882542K->462861K(4141888K), 0.0056941 secs] [Times: user=0.04 sys=0.00, real=0.01 secs] 
275760.826: [GC (Allocation Failure) 275760.826: [ParNew: 421142K->2186K(471872K), 0.0053737 secs] 882317K->463515K(4141888K), 0.0054482 secs] [Times: user=0.04 sys=0.00, real=0.00 secs] 
275850.151: [GC (Allocation Failure) 275850.151: [ParNew: 421630K->2451K(471872K), 0.0065863 secs] 882959K->465154K(4141888K), 0.0066679 secs] [Times: user=0.05 sys=0.00, real=0.01 secs] 
275903.381: [GC (Allocation Failure) 275903.381: [ParNew: 421907K->2293K(471872K), 0.0060908 secs] 884610K->466200K(4141888K), 0.0061988 secs] [Times: user=0.04 sys=0.00, real=0.01 secs] 
275917.551: [GC (Allocation Failure) 275917.551: [ParNew: 421749K->2502K(471872K), 0.0062060 secs] 885656K->467495K(4141888K), 0.0062802 secs] [Times: user=0.04 sys=0.00, real=0.01 secs] 
275973.427: [GC (Allocation Failure) 275973.427: [ParNew: 421958K->2565K(471872K), 0.0053932 secs] 886951K->467798K(4141888K), 0.0054719 secs] [Times: user=0.04 sys=0.00, real=0.00 secs] 
276043.056: [GC (Allocation Failure) 276043.056: [ParNew: 422021K->2896K(471872K), 0.0065534 secs] 887254K->469675K(4141888K), 0.0066403 secs] [Times: user=0.05 sys=0.00, real=0.00 secs] 
276127.916: [GC (Allocation Failure) 276127.916: [ParNew: 422352K->3039K(471872K), 0.0060245 secs] 889131K->471225K(4141888K), 0.0061179 secs] [Times: user=0.04 sys=0.00, real=0.00 secs] 
276217.225: [GC (Allocation Failure) 276217.225: [ParNew: 422495K->2705K(471872K), 0.0060637 secs] 890681K->472158K(4141888K), 0.0061458 secs] [Times: user=0.04 sys=0.00, real=0.00 secs] 
276293.064: [GC (Allocation Failure) 276293.064: [ParNew: 422161K->2861K(471872K), 0.0064727 secs] 891614K->473566K(4141888K), 0.0065542 secs] [Times: user=0.05 sys=0.00, real=0.00 secs] 
276379.844: [GC (Allocation Failure) 276379.844: [ParNew: 422317K->3117K(471872K), 0.0067219 secs] 893022K->475360K(4141888K), 0.0068206 secs] [Times: user=0.04 sys=0.00, real=0.00 secs] 
276459.203: [GC (Allocation Failure) 276459.203: [ParNew: 422573K->3019K(471872K), 0.0062919 secs] 894816K->476487K(4141888K), 0.0063708 secs] [Times: user=0.04 sys=0.00, real=0.01 secs] 
276533.748: [GC (Allocation Failure) 276533.748: [ParNew: 422475K->2899K(471872K), 0.0064135 secs] 895943K->477335K(4141888K), 0.0064976 secs] [Times: user=0.05 sys=0.00, real=0.01 secs] 
276592.818: [GC (Allocation Failure) 276592.818: [ParNew: 422355K->2276K(471872K), 0.0067001 secs] 896791K->477667K(4141888K), 0.0067953 secs] [Times: user=0.04 sys=0.00, real=0.01 secs] 
276603.935: [GC (Allocation Failure) 276603.935: [ParNew: 421732K->1566K(471872K), 0.0061109 secs] 897123K->478474K(4141888K), 0.0061906 secs] [Times: user=0.04 sys=0.00, real=0.00 secs] 
276610.796: [GC (Allocation Failure) 276610.796: [ParNew: 421022K->1640K(471872K), 0.0061185 secs] 897930K->478928K(4141888K), 0.0062260 secs] [Times: user=0.04 sys=0.00, real=0.00 secs] 
276663.070: [GC (Allocation Failure) 276663.070: [ParNew: 421096K->1935K(471872K), 0.0058368 secs] 898384K->479361K(4141888K), 0.0059159 secs] [Times: user=0.04 sys=0.00, real=0.01 secs] 
276751.439: [GC (Allocation Failure) 276751.439: [ParNew: 421391K->2551K(471872K), 0.0060698 secs] 898817K->480811K(4141888K), 0.0061564 secs] [Times: user=0.04 sys=0.01, real=0.01 secs] 
276833.074: [GC (Allocation Failure) 276833.074: [ParNew: 422007K->2669K(471872K), 0.0061452 secs] 900267K->482128K(4141888K), 0.0062285 secs] [Times: user=0.04 sys=0.00, real=0.01 secs] 
276905.148: [GC (Allocation Failure) 276905.148: [ParNew: 422125K->2422K(471872K), 0.0060932 secs] 901584K->482909K(4141888K), 0.0061738 secs] [Times: user=0.04 sys=0.00, real=0.01 secs] 
276982.072: [GC (Allocation Failure) 276982.072: [ParNew: 421878K->2277K(471872K), 0.0062029 secs] 902365K->483933K(4141888K), 0.0062875 secs] [Times: user=0.04 sys=0.00, real=0.01 secs] 
277023.651: [GC (Allocation Failure) 277023.651: [ParNew: 421733K->2415K(471872K), 0.0058015 secs] 903389K->485046K(4141888K), 0.0058769 secs] [Times: user=0.04 sys=0.00, real=0.01 secs] 
277085.265: [GC (Allocation Failure) 277085.265: [ParNew: 421871K->2982K(471872K), 0.0059795 secs] 904502K->486275K(4141888K), 0.0060741 secs] [Times: user=0.04 sys=0.00, real=0.00 secs] 
277159.991: [GC (Allocation Failure) 277159.991: [ParNew: 422438K->2844K(471872K), 0.0059088 secs] 905731K->487148K(4141888K), 0.0060096 secs] [Times: user=0.05 sys=0.00, real=0.01 secs] 
277225.015: [GC (Allocation Failure) 277225.015: [ParNew: 422300K->3244K(471872K), 0.0067851 secs] 906604K->488825K(4141888K), 0.0068640 secs] [Times: user=0.05 sys=0.01, real=0.00 secs] 
277275.951: [GC (Allocation Failure) 277275.951: [ParNew: 422700K->2106K(471872K), 0.0063743 secs] 908281K->488873K(4141888K), 0.0064604 secs] [Times: user=0.04 sys=0.00, real=0.01 secs] 
277353.049: [GC (Allocation Failure) 277353.049: [ParNew: 421562K->2669K(471872K), 0.0058373 secs] 908329K->490323K(4141888K), 0.0059168 secs] [Times: user=0.04 sys=0.01, real=0.01 secs] 
277425.881: [GC (Allocation Failure) 277425.881: [ParNew: 422125K->2368K(471872K), 0.0061100 secs] 909779K->491405K(4141888K), 0.0061884 secs] [Times: user=0.05 sys=0.00, real=0.01 secs] 
277498.241: [GC (Allocation Failure) 277498.241: [ParNew: 421824K->3404K(471872K), 0.0062367 secs] 910861K->493439K(4141888K), 0.0063200 secs] [Times: user=0.05 sys=0.00, real=0.01 secs] 
277566.193: [GC (Allocation Failure) 277566.193: [ParNew: 422860K->3828K(471872K), 0.0059730 secs] 912895K->495233K(4141888K), 0.0060530 secs] [Times: user=0.04 sys=0.01, real=0.01 secs] 
277623.198: [GC (Allocation Failure) 277623.198: [ParNew: 423284K->3275K(471872K), 0.0075053 secs] 914689K->496025K(4141888K), 0.0075824 secs] [Times: user=0.05 sys=0.00, real=0.01 secs] 
277693.061: [GC (Allocation Failure) 277693.061: [ParNew: 422731K->2374K(471872K), 0.0060748 secs] 915481K->496012K(4141888K), 0.0061484 secs] [Times: user=0.04 sys=0.00, real=0.01 secs] 
277743.067: [GC (Allocation Failure) 277743.067: [ParNew: 421830K->2375K(471872K), 0.0059675 secs] 915468K->497069K(4141888K), 0.0060414 secs] [Times: user=0.05 sys=0.00, real=0.00 secs] 
277805.151: [GC (Allocation Failure) 277805.151: [ParNew: 421831K->2997K(471872K), 0.0063825 secs] 916525K->498809K(4141888K), 0.0064720 secs] [Times: user=0.04 sys=0.00, real=0.01 secs] 
277872.185: [GC (Allocation Failure) 277872.185: [ParNew: 422453K->3707K(471872K), 0.0072384 secs] 918265K->500673K(4141888K), 0.0073211 secs] [Times: user=0.04 sys=0.00, real=0.00 secs] 
277913.955: [GC (Allocation Failure) 277913.955: [ParNew: 423163K->3163K(471872K), 0.0059344 secs] 920129K->501072K(4141888K), 0.0060162 secs] [Times: user=0.04 sys=0.00, real=0.00 secs] 
277955.152: [GC (Allocation Failure) 277955.152: [ParNew: 422619K->2246K(471872K), 0.0062425 secs] 920528K->501050K(4141888K), 0.0063244 secs] [Times: user=0.05 sys=0.00, real=0.01 secs] 
278022.015: [GC (Allocation Failure) 278022.015: [ParNew: 421702K->2334K(471872K), 0.0060307 secs] 920506K->502063K(4141888K), 0.0061264 secs] [Times: user=0.04 sys=0.00, real=0.00 secs] 
278083.078: [GC (Allocation Failure) 278083.078: [ParNew: 421790K->2517K(471872K), 0.0065361 secs] 921519K->503125K(4141888K), 0.0066122 secs] [Times: user=0.04 sys=0.00, real=0.01 secs] 
278141.169: [GC (Allocation Failure) 278141.169: [ParNew: 421973K->2764K(471872K), 0.0064156 secs] 922581K->504429K(4141888K), 0.0064962 secs] [Times: user=0.05 sys=0.00, real=0.01 secs] 
278169.574: [GC (Allocation Failure) 278169.574: [ParNew: 422220K->2553K(471872K), 0.0061443 secs] 923885K->505612K(4141888K), 0.0062243 secs] [Times: user=0.04 sys=0.00, real=0.00 secs] 
278190.261: [GC (Allocation Failure) 278190.261: [ParNew: 422009K->2743K(471872K), 0.0054428 secs] 925068K->506224K(4141888K), 0.0055168 secs] [Times: user=0.04 sys=0.00, real=0.01 secs] 
278252.249: [GC (Allocation Failure) 278252.249: [ParNew: 422199K->3670K(471872K), 0.0055748 secs] 925680K->507678K(4141888K), 0.0056461 secs] [Times: user=0.04 sys=0.00, real=0.01 secs] 
278316.059: [GC (Allocation Failure) 278316.059: [ParNew: 423126K->3022K(471872K), 0.0075155 secs] 927134K->507991K(4141888K), 0.0075960 secs] [Times: user=0.04 sys=0.00, real=0.01 secs] 
278374.351: [GC (Allocation Failure) 278374.351: [ParNew: 422478K->2301K(471872K), 0.0101661 secs] 927447K->508096K(4141888K), 0.0102506 secs] [Times: user=0.05 sys=0.00, real=0.01 secs] 
278438.276: [GC (Allocation Failure) 278438.276: [ParNew: 421757K->2568K(471872K), 0.0079927 secs] 927552K->509434K(4141888K), 0.0081014 secs] [Times: user=0.05 sys=0.00, real=0.01 secs] 
278500.187: [GC (Allocation Failure) 278500.188: [ParNew: 422024K->3016K(471872K), 0.0080594 secs] 928890K->510712K(4141888K), 0.0081535 secs] [Times: user=0.05 sys=0.01, real=0.01 secs] 
278562.228: [GC (Allocation Failure) 278562.228: [ParNew: 422472K->3816K(471872K), 0.0077505 secs] 930168K->512318K(4141888K), 0.0078611 secs] [Times: user=0.05 sys=0.00, real=0.01 secs] 
278620.216: [GC (Allocation Failure) 278620.216: [ParNew: 423272K->2932K(471872K), 0.0062902 secs] 931774K->512526K(4141888K), 0.0063949 secs] [Times: user=0.05 sys=0.00, real=0.00 secs] 
278662.224: [GC (Allocation Failure) 278662.224: [ParNew: 422388K->2905K(471872K), 0.0056105 secs] 931982K->513316K(4141888K), 0.0056958 secs] [Times: user=0.04 sys=0.00, real=0.00 secs] 
278714.558: [GC (Allocation Failure) 278714.558: [ParNew: 422361K->2581K(471872K), 0.0060798 secs] 932772K->513950K(4141888K), 0.0061671 secs] [Times: user=0.05 sys=0.00, real=0.01 secs] 
278783.287: [GC (Allocation Failure) 278783.287: [ParNew: 422037K->2827K(471872K), 0.0065846 secs] 933406K->515176K(4141888K), 0.0066712 secs] [Times: user=0.05 sys=0.00, real=0.01 secs] 
278846.224: [GC (Allocation Failure) 278846.224: [ParNew: 422283K->5198K(471872K), 0.0061890 secs] 934632K->518458K(4141888K), 0.0062702 secs] [Times: user=0.04 sys=0.00, real=0.00 secs] 
278911.221: [GC (Allocation Failure) 278911.221: [ParNew: 424654K->4600K(471872K), 0.0063322 secs] 937914K->518666K(4141888K), 0.0064045 secs] [Times: user=0.04 sys=0.00, real=0.01 secs] 
278972.225: [GC (Allocation Failure) 278972.225: [ParNew: 424056K->4266K(471872K), 0.0066159 secs] 938122K->519200K(4141888K), 0.0067121 secs] [Times: user=0.05 sys=0.00, real=0.00 secs] 
279034.030: [GC (Allocation Failure) 279034.030: [ParNew: 423722K->3364K(471872K), 0.0063745 secs] 938656K->519642K(4141888K), 0.0064702 secs] [Times: user=0.04 sys=0.00, real=0.01 secs] 
279094.283: [GC (Allocation Failure) 279094.283: [ParNew: 422820K->3301K(471872K), 0.0059772 secs] 939098K->520459K(4141888K), 0.0060623 secs] [Times: user=0.05 sys=0.00, real=0.01 secs] 
279161.264: [GC (Allocation Failure) 279161.264: [ParNew: 422757K->2605K(471872K), 0.0062561 secs] 939915K->520605K(4141888K), 0.0063448 secs] [Times: user=0.04 sys=0.00, real=0.00 secs] 
279226.025: [GC (Allocation Failure) 279226.025: [ParNew: 422061K->2029K(471872K), 0.0059942 secs] 940061K->520915K(4141888K), 0.0060941 secs] [Times: user=0.05 sys=0.00, real=0.00 secs] 
279289.134: [GC (Allocation Failure) 279289.134: [ParNew: 421485K->2943K(471872K), 0.0070038 secs] 940371K->522642K(4141888K), 0.0070899 secs] [Times: user=0.05 sys=0.00, real=0.01 secs] 
279338.217: [GC (Allocation Failure) 279338.217: [ParNew: 422132K->4261K(471872K), 0.0058224 secs] 941831K->525559K(4141888K), 0.0059102 secs] [Times: user=0.05 sys=0.00, real=0.00 secs] 
279372.530: [GC (Allocation Failure) 279372.530: [ParNew: 423717K->2261K(471872K), 0.0055990 secs] 945015K->524103K(4141888K), 0.0056790 secs] [Times: user=0.04 sys=0.00, real=0.01 secs] 
279418.353: [GC (Allocation Failure) 279418.353: [ParNew: 421717K->2467K(471872K), 0.0076353 secs] 943559K->524754K(4141888K), 0.0077170 secs] [Times: user=0.05 sys=0.00, real=0.01 secs] 
279450.645: [GC (Allocation Failure) 279450.645: [ParNew: 421923K->2064K(471872K), 0.0093848 secs] 944210K->525539K(4141888K), 0.0094725 secs] [Times: user=0.05 sys=0.01, real=0.01 secs] 
279459.535: [GC (Allocation Failure) 279459.535: [ParNew: 421479K->2285K(471872K), 0.0059903 secs] 944954K->526277K(4141888K), 0.0060708 secs] [Times: user=0.04 sys=0.01, real=0.00 secs] 
279513.064: [GC (Allocation Failure) 279513.064: [ParNew: 421741K->2268K(471872K), 0.0056463 secs] 945733K->526369K(4141888K), 0.0057186 secs] [Times: user=0.04 sys=0.00, real=0.00 secs] 
279545.796: [GC (Allocation Failure) 279545.796: [ParNew: 421724K->2213K(471872K), 0.0091856 secs] 945825K->527427K(4141888K), 0.0092652 secs] [Times: user=0.05 sys=0.01, real=0.01 secs] 
279610.233: [GC (Allocation Failure) 279610.233: [ParNew: 421669K->2594K(471872K), 0.0076800 secs] 946883K->528540K(4141888K), 0.0077662 secs] [Times: user=0.05 sys=0.01, real=0.01 secs] 
279673.062: [GC (Allocation Failure) 279673.062: [ParNew: 422050K->2493K(471872K), 0.0058840 secs] 947996K->529779K(4141888K), 0.0059658 secs] [Times: user=0.05 sys=0.00, real=0.01 secs] 
279734.189: [GC (Allocation Failure) 279734.190: [ParNew: 421949K->2460K(471872K), 0.0059148 secs] 949235K->530711K(4141888K), 0.0060032 secs] [Times: user=0.04 sys=0.00, real=0.01 secs] 
279781.588: [GC (Allocation Failure) 279781.588: [ParNew: 421916K->2703K(471872K), 0.0059452 secs] 950167K->531593K(4141888K), 0.0060513 secs] [Times: user=0.05 sys=0.00, real=0.01 secs] 
279842.225: [GC (Allocation Failure) 279842.225: [ParNew: 422159K->4258K(471872K), 0.0062778 secs] 951049K->534567K(4141888K), 0.0063647 secs] [Times: user=0.04 sys=0.00, real=0.00 secs] 
279903.058: [GC (Allocation Failure) 279903.058: [ParNew: 423714K->3016K(471872K), 0.0056274 secs] 954023K->534249K(4141888K), 0.0057026 secs] [Times: user=0.04 sys=0.00, real=0.00 secs] 
279947.331: [GC (Allocation Failure) 279947.331: [ParNew: 422472K->3654K(471872K), 0.0061823 secs] 953705K->535988K(4141888K), 0.0062734 secs] [Times: user=0.05 sys=0.00, real=0.01 secs] 
280010.261: [GC (Allocation Failure) 280010.261: [ParNew: 423110K->2910K(471872K), 0.0058048 secs] 955444K->535849K(4141888K), 0.0058793 secs] [Times: user=0.04 sys=0.00, real=0.01 secs] 
280072.251: [GC (Allocation Failure) 280072.251: [ParNew: 422366K->4560K(471872K), 0.0063008 secs] 955305K->538096K(4141888K), 0.0063860 secs] [Times: user=0.04 sys=0.01, real=0.01 secs] 
280129.601: [GC (Allocation Failure) 280129.602: [ParNew: 424016K->2794K(471872K), 0.0057684 secs] 957552K->536906K(4141888K), 0.0058575 secs] [Times: user=0.04 sys=0.00, real=0.01 secs] 
280135.625: [GC (Allocation Failure) 280135.625: [ParNew: 422250K->2248K(471872K), 0.0058391 secs] 956362K->537404K(4141888K), 0.0059106 secs] [Times: user=0.04 sys=0.00, real=0.00 secs] 
280140.694: [GC (Allocation Failure) 280140.694: [ParNew: 421704K->1705K(471872K), 0.0052283 secs] 956860K->537462K(4141888K), 0.0052990 secs] [Times: user=0.03 sys=0.00, real=0.00 secs] 
280145.091: [GC (Allocation Failure) 280145.091: [ParNew: 421161K->810K(471872K), 0.0049864 secs] 956918K->536779K(4141888K), 0.0050595 secs] [Times: user=0.04 sys=0.00, real=0.01 secs] 
280149.408: [GC (Allocation Failure) 280149.408: [ParNew: 420266K->1422K(471872K), 0.0058829 secs] 956235K->537525K(4141888K), 0.0059569 secs] [Times: user=0.04 sys=0.00, real=0.01 secs] 
280152.160: [GC (Allocation Failure) 280152.160: [ParNew: 420878K->1452K(471872K), 0.0057587 secs] 956981K->537776K(4141888K), 0.0058365 secs] [Times: user=0.04 sys=0.00, real=0.01 secs] 
280154.525: [GC (Allocation Failure) 280154.525: [ParNew: 420908K->1633K(471872K), 0.0093417 secs] 957232K->538232K(4141888K), 0.0094143 secs] [Times: user=0.04 sys=0.00, real=0.01 secs] 
280159.827: [GC (Allocation Failure) 280159.827: [ParNew: 421089K->1687K(471872K), 0.0070451 secs] 957688K->538912K(4141888K), 0.0071318 secs] [Times: user=0.04 sys=0.01, real=0.01 secs] 
280212.308: [GC (Allocation Failure) 280212.308: [ParNew: 421143K->2783K(471872K), 0.0084786 secs] 958368K->540105K(4141888K), 0.0086029 secs] [Times: user=0.06 sys=0.00, real=0.01 secs] 
280269.306: [GC (Allocation Failure) 280269.306: [ParNew: 422239K->3431K(471872K), 0.0065252 secs] 959561K->541499K(4141888K), 0.0066352 secs] [Times: user=0.04 sys=0.01, real=0.00 secs] 
280331.878: [GC (Allocation Failure) 280331.878: [ParNew: 422887K->2408K(471872K), 0.0060105 secs] 960955K->541238K(4141888K), 0.0061113 secs] [Times: user=0.04 sys=0.00, real=0.01 secs] 
280395.271: [GC (Allocation Failure) 280395.271: [ParNew: 421864K->3790K(471872K), 0.0058913 secs] 960694K->543384K(4141888K), 0.0059900 secs] [Times: user=0.04 sys=0.00, real=0.01 secs] 
280455.760: [GC (Allocation Failure) 280455.760: [ParNew: 423246K->3476K(471872K), 0.0085431 secs] 962840K->543959K(4141888K), 0.0086248 secs] [Times: user=0.05 sys=0.00, real=0.01 secs] 
280517.082: [GC (Allocation Failure) 280517.082: [ParNew: 422932K->3089K(471872K), 0.0085196 secs] 963415K->545106K(4141888K), 0.0086053 secs] [Times: user=0.04 sys=0.00, real=0.01 secs] 
280559.307: [GC (Allocation Failure) 280559.307: [ParNew: 422545K->3209K(471872K), 0.0118831 secs] 964562K->545928K(4141888K), 0.0119727 secs] [Times: user=0.06 sys=0.01, real=0.01 secs] 
280572.335: [GC (Allocation Failure) 280572.335: [ParNew: 422665K->3044K(471872K), 0.0063886 secs] 965384K->546622K(4141888K), 0.0064761 secs] [Times: user=0.05 sys=0.00, real=0.00 secs] 
280624.153: [GC (Allocation Failure) 280624.153: [ParNew: 422500K->1979K(471872K), 0.0055433 secs] 966078K->545970K(4141888K), 0.0056423 secs] [Times: user=0.04 sys=0.00, real=0.01 secs] 
280685.980: [GC (Allocation Failure) 280685.980: [ParNew: 421435K->2517K(471872K), 0.0075375 secs] 965426K->547077K(4141888K), 0.0076144 secs] [Times: user=0.05 sys=0.00, real=0.01 secs] 
280743.361: [GC (Allocation Failure) 280743.362: [ParNew: 421973K->5465K(471872K), 0.0070321 secs] 966533K->550971K(4141888K), 0.0071297 secs] [Times: user=0.05 sys=0.00, real=0.01 secs] 
280773.064: [GC (Allocation Failure) 280773.064: [ParNew: 424921K->3808K(471872K), 0.0096369 secs] 970427K->550271K(4141888K), 0.0097104 secs] [Times: user=0.04 sys=0.00, real=0.01 secs] 
280817.481: [GC (Allocation Failure) 280817.481: [ParNew: 423264K->2045K(471872K), 0.0073507 secs] 969727K->549289K(4141888K), 0.0074354 secs] [Times: user=0.04 sys=0.00, real=0.01 secs] 
280866.301: [GC (Allocation Failure) 280866.301: [ParNew: 421501K->3977K(471872K), 0.0061926 secs] 968745K->551940K(4141888K), 0.0062695 secs] [Times: user=0.04 sys=0.01, real=0.01 secs] 
280923.055: [GC (Allocation Failure) 280923.055: [ParNew: 423433K->2994K(471872K), 0.0057846 secs] 971396K->552171K(4141888K), 0.0058645 secs] [Times: user=0.04 sys=0.00, real=0.00 secs] 
280969.806: [GC (Allocation Failure) 280969.806: [ParNew: 422450K->1882K(471872K), 0.0057364 secs] 971627K->551892K(4141888K), 0.0058500 secs] [Times: user=0.04 sys=0.01, real=0.00 secs] 
281017.321: [GC (Allocation Failure) 281017.321: [ParNew: 421338K->3240K(471872K), 0.0055864 secs] 971348K->553830K(4141888K), 0.0057435 secs] [Times: user=0.04 sys=0.01, real=0.01 secs] 
281070.151: [GC (Allocation Failure) 281070.151: [ParNew: 422696K->3130K(471872K), 0.0057668 secs] 973286K->554918K(4141888K), 0.0058476 secs] [Times: user=0.04 sys=0.00, real=0.01 secs] 
281112.359: [GC (Allocation Failure) 281112.359: [ParNew: 422586K->2658K(471872K), 0.0057243 secs] 974374K->555301K(4141888K), 0.0058286 secs] [Times: user=0.04 sys=0.00, real=0.01 secs] 
281133.063: [GC (Allocation Failure) 281133.063: [ParNew: 422114K->1832K(471872K), 0.0055800 secs] 974757K->555113K(4141888K), 0.0056612 secs] [Times: user=0.04 sys=0.00, real=0.01 secs] 
281192.296: [GC (Allocation Failure) 281192.296: [ParNew: 421288K->4260K(471872K), 0.0057826 secs] 974569K->558003K(4141888K), 0.0058678 secs] [Times: user=0.04 sys=0.00, real=0.00 secs] 
281251.223: [GC (Allocation Failure) 281251.223: [ParNew: 423716K->3675K(471872K), 0.0057648 secs] 977459K->558318K(4141888K), 0.0058384 secs] [Times: user=0.05 sys=0.00, real=0.01 secs] 
281285.361: [GC (Allocation Failure) 281285.361: [ParNew: 423131K->3517K(471872K), 0.0059676 secs] 977774K->558924K(4141888K), 0.0060493 secs] [Times: user=0.04 sys=0.00, real=0.01 secs] 
281314.315: [GC (Allocation Failure) 281314.315: [ParNew: 422973K->6310K(471872K), 0.0064345 secs] 978380K->563380K(4141888K), 0.0065223 secs] [Times: user=0.04 sys=0.01, real=0.00 secs] 
281366.776: [GC (Allocation Failure) 281366.776: [ParNew: 425766K->3640K(471872K), 0.0056381 secs] 982836K->561195K(4141888K), 0.0057153 secs] [Times: user=0.04 sys=0.01, real=0.00 secs] 
281396.350: [GC (Allocation Failure) 281396.350: [ParNew: 423096K->2432K(471872K), 0.0064043 secs] 980651K->560958K(4141888K), 0.0064811 secs] [Times: user=0.04 sys=0.00, real=0.01 secs] 
281423.956: [GC (Allocation Failure) 281423.956: [ParNew: 421888K->2421K(471872K), 0.0054599 secs] 980414K->561476K(4141888K), 0.0055404 secs] [Times: user=0.04 sys=0.00, real=0.00 secs] 
281444.366: [GC (Allocation Failure) 281444.366: [ParNew: 421877K->1902K(471872K), 0.0054080 secs] 980932K->561540K(4141888K), 0.0055018 secs] [Times: user=0.04 sys=0.00, real=0.00 secs] 
281478.302: [GC (Allocation Failure) 281478.302: [ParNew: 421358K->5525K(471872K), 0.0058963 secs] 980996K->565481K(4141888K), 0.0059978 secs] [Times: user=0.04 sys=0.00, real=0.01 secs] 
281497.959: [GC (Allocation Failure) 281497.960: [ParNew: 424981K->3609K(471872K), 0.0058482 secs] 984937K->564252K(4141888K), 0.0059298 secs] [Times: user=0.05 sys=0.00, real=0.01 secs] 
281550.332: [GC (Allocation Failure) 281550.332: [ParNew: 423065K->6433K(471872K), 0.0058455 secs] 983708K->567373K(4141888K), 0.0059346 secs] [Times: user=0.04 sys=0.00, real=0.01 secs] 
281577.613: [GC (Allocation Failure) 281577.613: [ParNew: 425889K->2108K(471872K), 0.0056921 secs] 986829K->563776K(4141888K), 0.0057641 secs] [Times: user=0.04 sys=0.00, real=0.01 secs] 
281616.345: [GC (Allocation Failure) 281616.345: [ParNew: 421564K->5821K(471872K), 0.0079159 secs] 983232K->567923K(4141888K), 0.0080170 secs] [Times: user=0.06 sys=0.00, real=0.00 secs] 
281656.386: [GC (Allocation Failure) 281656.386: [ParNew: 425277K->4570K(471872K), 0.0109855 secs] 987379K->567137K(4141888K), 0.0110795 secs] [Times: user=0.05 sys=0.00, real=0.01 secs] 
281681.849: [GC (Allocation Failure) 281681.849: [ParNew: 424026K->2490K(471872K), 0.0078917 secs] 986593K->565936K(4141888K), 0.0079772 secs] [Times: user=0.05 sys=0.00, real=0.01 secs] 
281708.652: [GC (Allocation Failure) 281708.652: [ParNew: 421946K->1330K(471872K), 0.0060020 secs] 985392K->565957K(4141888K), 0.0060849 secs] [Times: user=0.04 sys=0.00, real=0.01 secs] 
281715.814: [GC (Allocation Failure) 281715.814: [ParNew: 420711K->2924K(471872K), 0.0056913 secs] 985339K->568097K(4141888K), 0.0057678 secs] [Times: user=0.04 sys=0.00, real=0.01 secs] 
281752.451: [GC (Allocation Failure) 281752.452: [ParNew: 422380K->2202K(471872K), 0.0057847 secs] 987553K->567708K(4141888K), 0.0058915 secs] [Times: user=0.05 sys=0.00, real=0.01 secs] 
281799.341: [GC (Allocation Failure) 281799.341: [ParNew: 421658K->5926K(471872K), 0.0058952 secs] 987164K->572234K(4141888K), 0.0060045 secs] [Times: user=0.04 sys=0.00, real=0.01 secs] 
281855.248: [GC (Allocation Failure) 281855.248: [ParNew: 425289K->6412K(471872K), 0.0063844 secs] 991598K->573316K(4141888K), 0.0064849 secs] [Times: user=0.05 sys=0.00, real=0.01 secs] 
281907.883: [GC (Allocation Failure) 281907.883: [ParNew: 425868K->6673K(471872K), 0.0059924 secs] 992772K->574424K(4141888K), 0.0060774 secs] [Times: user=0.05 sys=0.00, real=0.01 secs] 
281951.481: [GC (Allocation Failure) 281951.481: [ParNew: 426129K->4737K(471872K), 0.0054968 secs] 993880K->573159K(4141888K), 0.0055930 secs] [Times: user=0.04 sys=0.01, real=0.01 secs] 
281986.520: [GC (Allocation Failure) 281986.520: [ParNew: 424193K->2912K(471872K), 0.0059254 secs] 992615K->572326K(4141888K), 0.0060086 secs] [Times: user=0.04 sys=0.00, real=0.01 secs] 
282038.334: [GC (Allocation Failure) 282038.334: [ParNew: 422368K->5960K(471872K), 0.0062529 secs] 991782K->575919K(4141888K), 0.0063669 secs] [Times: user=0.05 sys=0.00, real=0.01 secs] 
282084.140: [GC (Allocation Failure) 282084.140: [ParNew: 425416K->5053K(471872K), 0.0057188 secs] 995375K->575836K(4141888K), 0.0058090 secs] [Times: user=0.04 sys=0.00, real=0.01 secs] 
282115.625: [GC (Allocation Failure) 282115.625: [ParNew: 424509K->2341K(471872K), 0.0056764 secs] 995292K->574581K(4141888K), 0.0057645 secs] [Times: user=0.04 sys=0.00, real=0.00 secs] 
282161.239: [GC (Allocation Failure) 282161.239: [ParNew: 421797K->6023K(471872K), 0.0059950 secs] 994037K->578752K(4141888K), 0.0060915 secs] [Times: user=0.05 sys=0.01, real=0.01 secs] 
282176.884: [GC (Allocation Failure) 282176.884: [ParNew: 425479K->2799K(471872K), 0.0056215 secs] 998208K->576219K(4141888K), 0.0057072 secs] [Times: user=0.04 sys=0.00, real=0.01 secs] 
282188.982: [GC (Allocation Failure) 282188.982: [ParNew: 422255K->1102K(471872K), 0.0054067 secs] 995675K->575352K(4141888K), 0.0054769 secs] [Times: user=0.03 sys=0.00, real=0.01 secs] 
282228.550: [GC (Allocation Failure) 282228.550: [ParNew: 420558K->2642K(471872K), 0.0059271 secs] 994808K->577192K(4141888K), 0.0060193 secs] [Times: user=0.05 sys=0.00, real=0.01 secs] 
282236.836: [GC (Allocation Failure) 282236.836: [ParNew: 421968K->6633K(471872K), 0.0058580 secs] 996518K->582191K(4141888K), 0.0059486 secs] [Times: user=0.04 sys=0.00, real=0.00 secs] 
282237.282: [GC (Allocation Failure) 282237.282: [ParNew: 426089K->518K(471872K), 0.0082726 secs] 1001647K->581778K(4141888K), 0.0083634 secs] [Times: user=0.06 sys=0.01, real=0.01 secs] 
282237.823: [GC (Allocation Failure) 282237.823: [ParNew: 419974K->196K(471872K), 0.0051574 secs] 1001234K->581576K(4141888K), 0.0052281 secs] [Times: user=0.04 sys=0.00, real=0.01 secs] 
282265.721: [GC (Allocation Failure) 282265.721: [ParNew: 419652K->1193K(471872K), 0.0051756 secs] 1001032K->582579K(4141888K), 0.0052634 secs] [Times: user=0.03 sys=0.00, real=0.01 secs] 
282302.248: [GC (Allocation Failure) 282302.248: [ParNew: 420649K->1730K(471872K), 0.0055091 secs] 1002035K->583866K(4141888K), 0.0055936 secs] [Times: user=0.04 sys=0.00, real=0.01 secs] 
282350.403: [GC (Allocation Failure) 282350.403: [ParNew: 421186K->2364K(471872K), 0.0058029 secs] 1003322K->584964K(4141888K), 0.0058894 secs] [Times: user=0.05 sys=0.00, real=0.01 secs] 
282405.241: [GC (Allocation Failure) 282405.241: [ParNew: 421362K->7367K(471872K), 0.0062388 secs] 1003962K->590632K(4141888K), 0.0063279 secs] [Times: user=0.04 sys=0.00, real=0.01 secs] 
282457.201: [GC (Allocation Failure) 282457.201: [ParNew: 426823K->2951K(471872K), 0.0054630 secs] 1010088K->586970K(4141888K), 0.0055387 secs] [Times: user=0.04 sys=0.00, real=0.01 secs] 
282503.855: [GC (Allocation Failure) 282503.855: [ParNew: 422407K->2148K(471872K), 0.0069327 secs] 1006426K->586823K(4141888K), 0.0070333 secs] [Times: user=0.05 sys=0.00, real=0.00 secs] 
282537.526: [GC (Allocation Failure) 282537.526: [ParNew: 421602K->2185K(471872K), 0.0057527 secs] 1006277K->587360K(4141888K), 0.0058427 secs] [Times: user=0.04 sys=0.00, real=0.00 secs] 
282588.246: [GC (Allocation Failure) 282588.246: [ParNew: 421641K->6432K(471872K), 0.0061724 secs] 1006816K->592109K(4141888K), 0.0062836 secs] [Times: user=0.05 sys=0.00, real=0.00 secs] 
282635.143: [GC (Allocation Failure) 282635.143: [ParNew: 425888K->4107K(471872K), 0.0056292 secs] 1011565K->590600K(4141888K), 0.0057072 secs] [Times: user=0.04 sys=0.01, real=0.01 secs] 
282657.332: [GC (Allocation Failure) 282657.332: [ParNew: 423563K->2144K(471872K), 0.0055613 secs] 1010056K->589322K(4141888K), 0.0056425 secs] [Times: user=0.03 sys=0.00, real=0.01 secs] 
282709.320: [GC (Allocation Failure) 282709.320: [ParNew: 421600K->6820K(471872K), 0.0061865 secs] 1008778K->594333K(4141888K), 0.0063018 secs] [Times: user=0.05 sys=0.00, real=0.01 secs] 
282758.218: [GC (Allocation Failure) 282758.218: [ParNew: 426276K->4393K(471872K), 0.0059463 secs] 1013789K->593169K(4141888K), 0.0060331 secs] [Times: user=0.05 sys=0.00, real=0.01 secs] 
282785.142: [GC (Allocation Failure) 282785.142: [ParNew: 423849K->2278K(471872K), 0.0058460 secs] 1012625K->591681K(4141888K), 0.0059273 secs] [Times: user=0.04 sys=0.00, real=0.01 secs] 
282829.844: [GC (Allocation Failure) 282829.844: [ParNew: 421734K->3357K(471872K), 0.0054332 secs] 1011137K->593138K(4141888K), 0.0055059 secs] [Times: user=0.04 sys=0.00, real=0.00 secs] 
282858.408: [GC (Allocation Failure) 282858.408: [ParNew: 422813K->3034K(471872K), 0.0055761 secs] 1012594K->594299K(4141888K), 0.0056683 secs] [Times: user=0.04 sys=0.01, real=0.01 secs] 
282885.927: [GC (Allocation Failure) 282885.927: [ParNew: 422490K->2259K(471872K), 0.0053599 secs] 1013755K->594289K(4141888K), 0.0054427 secs] [Times: user=0.04 sys=0.00, real=0.00 secs] 
282896.511: [GC (Allocation Failure) 282896.511: [ParNew: 421715K->2096K(471872K), 0.0070847 secs] 1013745K->594611K(4141888K), 0.0071722 secs] [Times: user=0.05 sys=0.00, real=0.01 secs] 
282908.929: [GC (Allocation Failure) 282908.929: [ParNew: 421552K->1980K(471872K), 0.0069091 secs] 1014067K->594697K(4141888K), 0.0069835 secs] [Times: user=0.05 sys=0.00, real=0.01 secs] 
282954.313: [GC (Allocation Failure) 282954.313: [ParNew: 421436K->6883K(471872K), 0.0060574 secs] 1014153K->599881K(4141888K), 0.0061684 secs] [Times: user=0.05 sys=0.01, real=0.01 secs] 
282979.845: [GC (Allocation Failure) 282979.845: [ParNew: 426339K->3977K(471872K), 0.0066871 secs] 1019337K->597737K(4141888K), 0.0067661 secs] [Times: user=0.04 sys=0.00, real=0.00 secs] 
282996.497: [GC (Allocation Failure) 282996.498: [ParNew: 423415K->2984K(471872K), 0.0058555 secs] 1017175K->598711K(4141888K), 0.0059506 secs] [Times: user=0.04 sys=0.00, real=0.00 secs] 
283004.260: [GC (Allocation Failure) 283004.260: [ParNew: 422056K->2737K(471872K), 0.0055655 secs] 1017783K->598685K(4141888K), 0.0056436 secs] [Times: user=0.04 sys=0.00, real=0.01 secs] 
283033.059: [GC (Allocation Failure) 283033.059: [ParNew: 422193K->1798K(471872K), 0.0053100 secs] 1018141K->598134K(4141888K), 0.0053873 secs] [Times: user=0.04 sys=0.00, real=0.01 secs] 
283067.278: [GC (Allocation Failure) 283067.278: [ParNew: 421254K->8275K(471872K), 0.0061330 secs] 1017590K->604968K(4141888K), 0.0062265 secs] [Times: user=0.04 sys=0.00, real=0.01 secs] 
283094.866: [GC (Allocation Failure) 283094.866: [ParNew: 427731K->3157K(471872K), 0.0060140 secs] 1024424K->600901K(4141888K), 0.0061027 secs] [Times: user=0.04 sys=0.00, real=0.00 secs] 
283142.259: [GC (Allocation Failure) 283142.259: [ParNew: 422025K->7350K(471872K), 0.0061314 secs] 1019770K->605550K(4141888K), 0.0062539 secs] [Times: user=0.04 sys=0.00, real=0.01 secs] 
283186.364: [GC (Allocation Failure) 283186.365: [ParNew: 426806K->9937K(471872K), 0.0068015 secs] 1025006K->609059K(4141888K), 0.0069117 secs] [Times: user=0.05 sys=0.00, real=0.00 secs] 
283235.093: [GC (Allocation Failure) 283235.093: [ParNew: 429393K->5395K(471872K), 0.0059535 secs] 1028515K->606130K(4141888K), 0.0060491 secs] [Times: user=0.05 sys=0.01, real=0.01 secs] 
283266.268: [GC (Allocation Failure) 283266.268: [ParNew: 424851K->7805K(471872K), 0.0061687 secs] 1025586K->609045K(4141888K), 0.0062628 secs] [Times: user=0.05 sys=0.00, real=0.01 secs] 
283286.726: [GC (Allocation Failure) 283286.726: [ParNew: 427261K->3244K(471872K), 0.0053927 secs] 1028501K->605581K(4141888K), 0.0054759 secs] [Times: user=0.04 sys=0.00, real=0.00 secs] 
283319.318: [GC (Allocation Failure) 283319.318: [ParNew: 422700K->7334K(471872K), 0.0059429 secs] 1025037K->609961K(4141888K), 0.0060382 secs] [Times: user=0.05 sys=0.01, real=0.01 secs] 
283369.317: [GC (Allocation Failure) 283369.317: [ParNew: 426790K->6164K(471872K), 0.0076937 secs] 1029417K->609326K(4141888K), 0.0077788 secs] [Times: user=0.05 sys=0.00, real=0.01 secs] 
283404.391: [GC (Allocation Failure) 283404.391: [ParNew: 425620K->3966K(471872K), 0.0074984 secs] 1028782K->608495K(4141888K), 0.0076069 secs] [Times: user=0.05 sys=0.00, real=0.01 secs] 
283444.469: [GC (Allocation Failure) 283444.469: [ParNew: 423422K->3256K(471872K), 0.0055821 secs] 1027951K->608262K(4141888K), 0.0056708 secs] [Times: user=0.04 sys=0.00, real=0.01 secs] 
283485.078: [GC (Allocation Failure) 283485.078: [ParNew: 422627K->3955K(471872K), 0.0072999 secs] 1027632K->610067K(4141888K), 0.0073865 secs] [Times: user=0.04 sys=0.00, real=0.01 secs] 
283493.231: [GC (Allocation Failure) 283493.231: [ParNew: 423411K->4876K(471872K), 0.0055770 secs] 1029523K->612341K(4141888K), 0.0056619 secs] [Times: user=0.04 sys=0.00, real=0.01 secs] 
283540.273: [GC (Allocation Failure) 283540.273: [ParNew: 424332K->2226K(471872K), 0.0054849 secs] 1031797K->610049K(4141888K), 0.0055621 secs] [Times: user=0.04 sys=0.00, real=0.01 secs] 
283575.790: [GC (Allocation Failure) 283575.790: [ParNew: 421682K->2018K(471872K), 0.0055933 secs] 1029505K->610579K(4141888K), 0.0056737 secs] [Times: user=0.04 sys=0.00, real=0.01 secs] 
283627.625: [GC (Allocation Failure) 283627.625: [ParNew: 421474K->2372K(471872K), 0.0058937 secs] 1030035K->611436K(4141888K), 0.0059922 secs] [Times: user=0.04 sys=0.00, real=0.00 secs] 
283673.775: [GC (Allocation Failure) 283673.775: [ParNew: 421828K->3756K(471872K), 0.0059669 secs] 1030892K->613646K(4141888K), 0.0060518 secs] [Times: user=0.04 sys=0.00, real=0.00 secs] 
283677.323: [GC (Allocation Failure) 283677.323: [ParNew: 423212K->3135K(471872K), 0.0059733 secs] 1033102K->614249K(4141888K), 0.0060841 secs] [Times: user=0.04 sys=0.00, real=0.01 secs] 
283680.605: [GC (Allocation Failure) 283680.605: [ParNew: 422591K->3244K(471872K), 0.0054211 secs] 1033705K->614485K(4141888K), 0.0055020 secs] [Times: user=0.04 sys=0.00, real=0.00 secs] 
283685.293: [GC (Allocation Failure) 283685.293: [ParNew: 422700K->3800K(471872K), 0.0060702 secs] 1033941K->615888K(4141888K), 0.0061405 secs] [Times: user=0.04 sys=0.00, real=0.01 secs] 
283687.882: [GC (Allocation Failure) 283687.882: [ParNew: 423256K->2823K(471872K), 0.0054555 secs] 1035344K->615198K(4141888K), 0.0055222 secs] [Times: user=0.04 sys=0.00, real=0.01 secs] 
283691.387: [GC (Allocation Failure) 283691.387: [ParNew: 422279K->1909K(471872K), 0.0048900 secs] 1034654K->614373K(4141888K), 0.0049575 secs] [Times: user=0.03 sys=0.01, real=0.00 secs] 
283693.597: [GC (Allocation Failure) 283693.597: [ParNew: 421365K->1380K(471872K), 0.0050195 secs] 1033829K->614038K(4141888K), 0.0050869 secs] [Times: user=0.04 sys=0.00, real=0.00 secs] 
283696.425: [GC (Allocation Failure) 283696.425: [ParNew: 420836K->2293K(471872K), 0.0050274 secs] 1033494K->615745K(4141888K), 0.0050973 secs] [Times: user=0.04 sys=0.00, real=0.00 secs] 
283699.603: [GC (Allocation Failure) 283699.603: [ParNew: 421749K->2972K(471872K), 0.0052441 secs] 1035201K->616607K(4141888K), 0.0053159 secs] [Times: user=0.04 sys=0.00, real=0.01 secs] 
283703.156: [GC (Allocation Failure) 283703.156: [ParNew: 422428K->2319K(471872K), 0.0053701 secs] 1036063K->616046K(4141888K), 0.0054717 secs] [Times: user=0.04 sys=0.00, real=0.00 secs] 
283706.460: [GC (Allocation Failure) 283706.460: [ParNew: 421775K->2874K(471872K), 0.0049963 secs] 1035502K->616760K(4141888K), 0.0050662 secs] [Times: user=0.03 sys=0.00, real=0.01 secs] 
283735.166: [GC (Allocation Failure) 283735.166: [ParNew: 422330K->1494K(471872K), 0.0052661 secs] 1036216K->615465K(4141888K), 0.0053644 secs] [Times: user=0.04 sys=0.00, real=0.00 secs] 
283764.256: [GC (Allocation Failure) 283764.256: [ParNew: 420950K->2029K(471872K), 0.0072531 secs] 1034921K->616688K(4141888K), 0.0073460 secs] [Times: user=0.04 sys=0.00, real=0.00 secs] 
283808.277: [GC (Allocation Failure) 283808.277: [ParNew: 421485K->6925K(471872K), 0.0070830 secs] 1036144K->622204K(4141888K), 0.0071906 secs] [Times: user=0.05 sys=0.00, real=0.01 secs] 
283860.333: [GC (Allocation Failure) 283860.333: [ParNew: 426381K->8077K(471872K), 0.0063307 secs] 1041660K->624213K(4141888K), 0.0064288 secs] [Times: user=0.05 sys=0.00, real=0.01 secs] 
283920.280: [GC (Allocation Failure) 283920.280: [ParNew: 427533K->5380K(471872K), 0.0058192 secs] 1043669K->622233K(4141888K), 0.0059103 secs] [Times: user=0.04 sys=0.00, real=0.01 secs] 
283957.265: [GC (Allocation Failure) 283957.265: [ParNew: 424836K->2355K(471872K), 0.0057427 secs] 1041689K->619947K(4141888K), 0.0058315 secs] [Times: user=0.04 sys=0.00, real=0.00 secs] 
283996.260: [GC (Allocation Failure) 283996.260: [ParNew: 421811K->5446K(471872K), 0.0059247 secs] 1039403K->623527K(4141888K), 0.0060046 secs] [Times: user=0.04 sys=0.00, real=0.01 secs] 
284051.319: [GC (Allocation Failure) 284051.319: [ParNew: 424902K->8239K(471872K), 0.0056934 secs] 1042983K->627684K(4141888K), 0.0057802 secs] [Times: user=0.05 sys=0.00, real=0.01 secs] 
284075.362: [GC (Allocation Failure) 284075.362: [ParNew: 427695K->3223K(471872K), 0.0055801 secs] 1047140K->623610K(4141888K), 0.0056524 secs] [Times: user=0.04 sys=0.01, real=0.01 secs] 
284101.630: [GC (Allocation Failure) 284101.630: [ParNew: 422679K->2831K(471872K), 0.0054446 secs] 1043066K->623906K(4141888K), 0.0055180 secs] [Times: user=0.04 sys=0.01, real=0.01 secs] 
284108.754: [GC (Allocation Failure) 284108.754: [ParNew: 422287K->2915K(471872K), 0.0059314 secs] 1043362K->624598K(4141888K), 0.0060059 secs] [Times: user=0.04 sys=0.00, real=0.00 secs] 
284143.632: [GC (Allocation Failure) 284143.632: [ParNew: 422371K->2158K(471872K), 0.0053502 secs] 1044054K->624029K(4141888K), 0.0054429 secs] [Times: user=0.04 sys=0.00, real=0.01 secs] 
284179.280: [GC (Allocation Failure) 284179.280: [ParNew: 421614K->6052K(471872K), 0.0081115 secs] 1043485K->628605K(4141888K), 0.0082079 secs] [Times: user=0.06 sys=0.00, real=0.01 secs] 
284234.366: [GC (Allocation Failure) 284234.366: [ParNew: 425508K->8152K(471872K), 0.0064215 secs] 1048061K->631275K(4141888K), 0.0065282 secs] [Times: user=0.05 sys=0.00, real=0.00 secs] 
284277.109: [GC (Allocation Failure) 284277.109: [ParNew: 427608K->4452K(471872K), 0.0065666 secs] 1050731K->628133K(4141888K), 0.0066442 secs] [Times: user=0.05 sys=0.00, real=0.01 secs] 
284307.111: [GC (Allocation Failure) 284307.111: [ParNew: 423908K->3301K(471872K), 0.0056500 secs] 1047589K->628576K(4141888K), 0.0057250 secs] [Times: user=0.04 sys=0.00, real=0.01 secs] 
284316.818: [GC (Allocation Failure) 284316.818: [ParNew: 422757K->2662K(471872K), 0.0056089 secs] 1048032K->629614K(4141888K), 0.0056877 secs] [Times: user=0.04 sys=0.01, real=0.01 secs] 
284333.051: [GC (Allocation Failure) 284333.051: [ParNew: 422118K->1747K(471872K), 0.0053073 secs] 1049070K->628852K(4141888K), 0.0053868 secs] [Times: user=0.04 sys=0.00, real=0.01 secs] 
284361.280: [GC (Allocation Failure) 284361.280: [ParNew: 421203K->4567K(471872K), 0.0055598 secs] 1048308K->632081K(4141888K), 0.0056595 secs] [Times: user=0.04 sys=0.01, real=0.01 secs] 
284384.301: [GC (Allocation Failure) 284384.301: [ParNew: 424023K->2871K(471872K), 0.0060523 secs] 1051537K->631032K(4141888K), 0.0061256 secs] [Times: user=0.04 sys=0.00, real=0.01 secs] 
284413.925: [GC (Allocation Failure) 284413.925: [ParNew: 422327K->3097K(471872K), 0.0054775 secs] 1050488K->631660K(4141888K), 0.0055747 secs] [Times: user=0.03 sys=0.00, real=0.00 secs] 
284453.752: [GC (Allocation Failure) 284453.752: [ParNew: 422553K->2164K(471872K), 0.0059301 secs] 1051116K->631918K(4141888K), 0.0060326 secs] [Times: user=0.04 sys=0.00, real=0.01 secs] 
284484.273: [GC (Allocation Failure) 284484.273: [ParNew: 421620K->5674K(471872K), 0.0058872 secs] 1051374K->636070K(4141888K), 0.0059780 secs] [Times: user=0.04 sys=0.00, real=0.01 secs] 
284531.293: [GC (Allocation Failure) 284531.293: [ParNew: 425130K->4067K(471872K), 0.0063712 secs] 1055526K->634886K(4141888K), 0.0064593 secs] [Times: user=0.04 sys=0.00, real=0.01 secs] 
284561.547: [GC (Allocation Failure) 284561.547: [ParNew: 423523K->2896K(471872K), 0.0056733 secs] 1054342K->634681K(4141888K), 0.0057464 secs] [Times: user=0.04 sys=0.00, real=0.00 secs] 
284605.311: [GC (Allocation Failure) 284605.311: [ParNew: 422352K->4962K(471872K), 0.0059676 secs] 1054137K->637271K(4141888K), 0.0060446 secs] [Times: user=0.04 sys=0.00, real=0.01 secs] 
284652.356: [GC (Allocation Failure) 284652.356: [ParNew: 424418K->7272K(471872K), 0.0069916 secs] 1056727K->640119K(4141888K), 0.0070901 secs] [Times: user=0.04 sys=0.00, real=0.00 secs] 
284667.624: [GC (Allocation Failure) 284667.624: [ParNew: 426667K->2743K(471872K), 0.0060265 secs] 1059514K->636535K(4141888K), 0.0061152 secs] [Times: user=0.04 sys=0.00, real=0.01 secs] 
284714.292: [GC (Allocation Failure) 284714.292: [ParNew: 422199K->10008K(471872K), 0.0061676 secs] 1055991K->644199K(4141888K), 0.0062653 secs] [Times: user=0.04 sys=0.00, real=0.01 secs] 
284763.061: [GC (Allocation Failure) 284763.061: [ParNew: 429464K->3668K(471872K), 0.0059370 secs] 1063655K->638777K(4141888K), 0.0060134 secs] [Times: user=0.04 sys=0.00, real=0.01 secs] 
284784.326: [GC (Allocation Failure) 284784.326: [ParNew: 421994K->9693K(471872K), 0.0058433 secs] 1057103K->645533K(4141888K), 0.0059293 secs] [Times: user=0.04 sys=0.01, real=0.00 secs] 
284806.123: [GC (Allocation Failure) 284806.124: [ParNew: 429149K->4364K(471872K), 0.0059209 secs] 1064989K->640677K(4141888K), 0.0059973 secs] [Times: user=0.04 sys=0.00, real=0.01 secs] 
284836.324: [GC (Allocation Failure) 284836.324: [ParNew: 423790K->8145K(471872K), 0.0063608 secs] 1060103K->645615K(4141888K), 0.0064684 secs] [Times: user=0.05 sys=0.00, real=0.00 secs] 
284852.315: [GC (Allocation Failure) 284852.315: [ParNew: 427473K->10436K(471872K), 0.0060026 secs] 1064943K->648559K(4141888K), 0.0060967 secs] [Times: user=0.04 sys=0.00, real=0.00 secs] 
284896.282: [GC (Allocation Failure) 284896.282: [ParNew: 429892K->7398K(471872K), 0.0069488 secs] 1068015K->645750K(4141888K), 0.0070529 secs] [Times: user=0.05 sys=0.00, real=0.01 secs] 
284912.259: [GC (Allocation Failure) 284912.259: [ParNew: 426839K->5228K(471872K), 0.0056356 secs] 1065191K->644541K(4141888K), 0.0057116 secs] [Times: user=0.04 sys=0.00, real=0.01 secs] 
284919.847: [GC (Allocation Failure) 284919.847: [ParNew: 424684K->2577K(471872K), 0.0052753 secs] 1063997K->642148K(4141888K), 0.0053540 secs] [Times: user=0.04 sys=0.00, real=0.00 secs] 
284949.870: [GC (Allocation Failure) 284949.870: [ParNew: 422033K->2545K(471872K), 0.0053559 secs] 1061604K->643050K(4141888K), 0.0054501 secs] [Times: user=0.04 sys=0.01, real=0.01 secs] 
284967.253: [GC (Allocation Failure) 284967.253: [ParNew: 422001K->7120K(471872K), 0.0060805 secs] 1062506K->648311K(4141888K), 0.0062271 secs] [Times: user=0.05 sys=0.00, real=0.01 secs] 
284994.199: [GC (Allocation Failure) 284994.199: [ParNew: 426576K->2795K(471872K), 0.0055588 secs] 1067767K->644820K(4141888K), 0.0056554 secs] [Times: user=0.04 sys=0.00, real=0.01 secs] 
285019.285: [GC (Allocation Failure) 285019.285: [ParNew: 422251K->2376K(471872K), 0.0071211 secs] 1064276K->644855K(4141888K), 0.0072194 secs] [Times: user=0.05 sys=0.00, real=0.00 secs] 
285043.055: [GC (Allocation Failure) 285043.055: [ParNew: 421832K->1822K(471872K), 0.0054958 secs] 1064311K->644838K(4141888K), 0.0055745 secs] [Times: user=0.03 sys=0.00, real=0.00 secs] 
285093.063: [GC (Allocation Failure) 285093.063: [ParNew: 421278K->2802K(471872K), 0.0054011 secs] 1064294K->646247K(4141888K), 0.0054758 secs] [Times: user=0.04 sys=0.00, real=0.01 secs] 
285125.148: [GC (Allocation Failure) 285125.148: [ParNew: 422258K->2604K(471872K), 0.0068160 secs] 1065703K->646897K(4141888K), 0.0068896 secs] [Times: user=0.05 sys=0.01, real=0.01 secs] 
285157.278: [GC (Allocation Failure) 285157.278: [ParNew: 422015K->11578K(471872K), 0.0063182 secs] 1066308K->656472K(4141888K), 0.0064173 secs] [Times: user=0.04 sys=0.00, real=0.01 secs] 
285202.296: [GC (Allocation Failure) 285202.296: [ParNew: 430493K->11895K(471872K), 0.0058587 secs] 1075387K->657152K(4141888K), 0.0059679 secs] [Times: user=0.04 sys=0.01, real=0.00 secs] 
285225.198: [GC (Allocation Failure) 285225.198: [ParNew: 431351K->3239K(471872K), 0.0057342 secs] 1076608K->649309K(4141888K), 0.0058372 secs] [Times: user=0.04 sys=0.00, real=0.01 secs] 
285271.287: [GC (Allocation Failure) 285271.287: [ParNew: 422695K->7732K(471872K), 0.0055151 secs] 1068765K->654207K(4141888K), 0.0056053 secs] [Times: user=0.04 sys=0.00, real=0.00 secs] 
285310.646: [GC (Allocation Failure) 285310.646: [ParNew: 427147K->3139K(471872K), 0.0059963 secs] 1073622K->650566K(4141888K), 0.0060752 secs] [Times: user=0.04 sys=0.00, real=0.00 secs] 
285338.315: [GC (Allocation Failure) 285338.315: [ParNew: 422595K->8888K(471872K), 0.0063412 secs] 1070022K->656908K(4141888K), 0.0064586 secs] [Times: user=0.04 sys=0.00, real=0.00 secs] 
285393.050: [GC (Allocation Failure) 285393.050: [ParNew: 428344K->5164K(471872K), 0.0054674 secs] 1076364K->653701K(4141888K), 0.0055568 secs] [Times: user=0.04 sys=0.00, real=0.01 secs] 
285439.731: [GC (Allocation Failure) 285439.731: [ParNew: 424620K->3401K(471872K), 0.0055167 secs] 1073157K->652990K(4141888K), 0.0056088 secs] [Times: user=0.04 sys=0.01, real=0.01 secs] 
285455.281: [GC (Allocation Failure) 285455.281: [ParNew: 422857K->9088K(471872K), 0.0062144 secs] 1072446K->659298K(4141888K), 0.0063102 secs] [Times: user=0.05 sys=0.00, real=0.01 secs] 
285507.286: [GC (Allocation Failure) 285507.286: [ParNew: 428544K->4858K(471872K), 0.0057154 secs] 1078754K->655883K(4141888K), 0.0058013 secs] [Times: user=0.04 sys=0.00, real=0.00 secs] 
285540.085: [GC (Allocation Failure) 285540.085: [ParNew: 424314K->3216K(471872K), 0.0059654 secs] 1075339K->655223K(4141888K), 0.0060603 secs] [Times: user=0.05 sys=0.00, real=0.00 secs] 
285576.291: [GC (Allocation Failure) 285576.291: [ParNew: 422672K->2529K(471872K), 0.0058064 secs] 1074679K->655002K(4141888K), 0.0058889 secs] [Times: user=0.04 sys=0.00, real=0.01 secs] 
285596.842: [GC (Allocation Failure) 285596.842: [ParNew: 421985K->2484K(471872K), 0.0060117 secs] 1074458K->655941K(4141888K), 0.0060916 secs] [Times: user=0.04 sys=0.00, real=0.01 secs] 
285626.506: [GC (Allocation Failure) 285626.506: [ParNew: 421940K->2223K(471872K), 0.0058501 secs] 1075397K->656026K(4141888K), 0.0059339 secs] [Times: user=0.04 sys=0.00, real=0.00 secs] 
285643.270: [GC (Allocation Failure) 285643.271: [ParNew: 421395K->10357K(471872K), 0.0061211 secs] 1075197K->664847K(4141888K), 0.0062476 secs] [Times: user=0.05 sys=0.00, real=0.01 secs] 
285692.760: [GC (Allocation Failure) 285692.760: [ParNew: 429813K->3374K(471872K), 0.0056060 secs] 1084303K->658194K(4141888K), 0.0056946 secs] [Times: user=0.04 sys=0.00, real=0.01 secs] 
285706.309: [GC (Allocation Failure) 285706.309: [ParNew: 422830K->5723K(471872K), 0.0055350 secs] 1077650K->661231K(4141888K), 0.0056259 secs] [Times: user=0.04 sys=0.00, real=0.01 secs] 
285722.162: [GC (Allocation Failure) 285722.162: [ParNew: 425179K->3342K(471872K), 0.0053748 secs] 1080687K->659231K(4141888K), 0.0054465 secs] [Times: user=0.04 sys=0.00, real=0.01 secs] 
285729.620: [GC (Allocation Failure) 285729.620: [ParNew: 422798K->1078K(471872K), 0.0055112 secs] 1078687K->658164K(4141888K), 0.0055940 secs] [Times: user=0.04 sys=0.00, real=0.01 secs] 
285760.535: [GC (Allocation Failure) 285760.535: [ParNew: 420534K->2664K(471872K), 0.0055360 secs] 1077620K->659999K(4141888K), 0.0056078 secs] [Times: user=0.05 sys=0.00, real=0.00 secs] 
285800.139: [GC (Allocation Failure) 285800.139: [ParNew: 422120K->2300K(471872K), 0.0061845 secs] 1079455K->660511K(4141888K), 0.0062726 secs] [Times: user=0.05 sys=0.00, real=0.01 secs] 
285826.333: [GC (Allocation Failure) 285826.333: [ParNew: 421604K->7274K(471872K), 0.0059833 secs] 1079815K->666174K(4141888K), 0.0060696 secs] [Times: user=0.04 sys=0.00, real=0.01 secs] 
285874.270: [GC (Allocation Failure) 285874.270: [ParNew: 426117K->10966K(471872K), 0.0058273 secs] 1085016K->670378K(4141888K), 0.0059205 secs] [Times: user=0.04 sys=0.00, real=0.01 secs] 
285917.626: [GC (Allocation Failure) 285917.626: [ParNew: 430422K->3546K(471872K), 0.0054886 secs] 1089834K->663910K(4141888K), 0.0055657 secs] [Times: user=0.04 sys=0.00, real=0.00 secs] 
285948.319: [GC (Allocation Failure) 285948.319: [ParNew: 423002K->8615K(471872K), 0.0062069 secs] 1083366K->669647K(4141888K), 0.0063038 secs] [Times: user=0.04 sys=0.00, real=0.01 secs] 
285998.218: [GC (Allocation Failure) 285998.218: [ParNew: 428071K->4543K(471872K), 0.0054484 secs] 1089103K->665921K(4141888K), 0.0055399 secs] [Times: user=0.04 sys=0.00, real=0.00 secs] 
286049.303: [GC (Allocation Failure) 286049.303: [ParNew: 423999K->2651K(471872K), 0.0058760 secs] 1085377K->664696K(4141888K), 0.0059681 secs] [Times: user=0.04 sys=0.00, real=0.01 secs] 
286072.276: [GC (Allocation Failure) 286072.276: [ParNew: 422107K->8075K(471872K), 0.0060034 secs] 1084152K->670800K(4141888K), 0.0061120 secs] [Times: user=0.04 sys=0.00, real=0.00 secs] 
286118.256: [GC (Allocation Failure) 286118.256: [ParNew: 426989K->4628K(471872K), 0.0059001 secs] 1089714K->667845K(4141888K), 0.0059765 secs] [Times: user=0.04 sys=0.00, real=0.00 secs] 
286159.991: [GC (Allocation Failure) 286159.991: [ParNew: 424084K->2935K(471872K), 0.0057138 secs] 1087301K->667792K(4141888K), 0.0058140 secs] [Times: user=0.04 sys=0.01, real=0.01 secs] 
286181.331: [GC (Allocation Failure) 286181.331: [ParNew: 422391K->2438K(471872K), 0.0054873 secs] 1087248K->668100K(4141888K), 0.0055662 secs] [Times: user=0.04 sys=0.00, real=0.01 secs] 
286216.786: [GC (Allocation Failure) 286216.786: [ParNew: 421894K->3013K(471872K), 0.0054741 secs] 1087556K->668960K(4141888K), 0.0055499 secs] [Times: user=0.04 sys=0.00, real=0.00 secs] 
286252.303: [GC (Allocation Failure) 286252.303: [ParNew: 422469K->9133K(471872K), 0.0058011 secs] 1088416K->675734K(4141888K), 0.0058845 secs] [Times: user=0.04 sys=0.00, real=0.01 secs] 
286295.148: [GC (Allocation Failure) 286295.148: [ParNew: 428589K->3414K(471872K), 0.0054145 secs] 1095190K->670899K(4141888K), 0.0054982 secs] [Times: user=0.04 sys=0.00, real=0.00 secs] 
286314.335: [GC (Allocation Failure) 286314.335: [ParNew: 422870K->2320K(471872K), 0.0056098 secs] 1090355K->670408K(4141888K), 0.0056941 secs] [Times: user=0.04 sys=0.00, real=0.00 secs] 
286352.856: [GC (Allocation Failure) 286352.856: [ParNew: 421776K->2428K(471872K), 0.0052734 secs] 1089864K->670930K(4141888K), 0.0053480 secs] [Times: user=0.04 sys=0.01, real=0.00 secs] 
286370.308: [GC (Allocation Failure) 286370.308: [ParNew: 421884K->9294K(471872K), 0.0056687 secs] 1090386K->678351K(4141888K), 0.0057587 secs] [Times: user=0.04 sys=0.00, real=0.01 secs] 
286403.056: [GC (Allocation Failure) 286403.056: [ParNew: 428750K->2702K(471872K), 0.0050288 secs] 1097807K->672223K(4141888K), 0.0051055 secs] [Times: user=0.03 sys=0.00, real=0.00 secs] 
286413.505: [GC (Allocation Failure) 286413.505: [ParNew: 422158K->927K(471872K), 0.0056576 secs] 1091679K->671935K(4141888K), 0.0057398 secs] [Times: user=0.04 sys=0.00, real=0.00 secs] 
286433.303: [GC (Allocation Failure) 286433.303: [ParNew: 420383K->2575K(471872K), 0.0053534 secs] 1091391K->673719K(4141888K), 0.0054482 secs] [Times: user=0.04 sys=0.00, real=0.01 secs] 
286441.230: [GC (Allocation Failure) 286441.230: [ParNew: 422031K->2231K(471872K), 0.0071054 secs] 1093175K->673887K(4141888K), 0.0071779 secs] [Times: user=0.05 sys=0.00, real=0.01 secs] 
286447.876: [GC (Allocation Failure) 286447.876: [ParNew: 421687K->1182K(471872K), 0.0050816 secs] 1093343K->674089K(4141888K), 0.0051617 secs] [Times: user=0.04 sys=0.00, real=0.00 secs] 
286455.051: [GC (Allocation Failure) 286455.051: [ParNew: 420638K->1224K(471872K), 0.0051569 secs] 1093545K->674237K(4141888K), 0.0052462 secs] [Times: user=0.03 sys=0.00, real=0.01 secs] 
286473.273: [GC (Allocation Failure) 286473.273: [ParNew: 420680K->1633K(471872K), 0.0051926 secs] 1093693K->675153K(4141888K), 0.0052683 secs] [Times: user=0.04 sys=0.00, real=0.01 secs] 
286489.739: [GC (Allocation Failure) 286489.739: [ParNew: 421089K->2158K(471872K), 0.0060067 secs] 1094609K->676532K(4141888K), 0.0061030 secs] [Times: user=0.05 sys=0.00, real=0.01 secs] 
286516.885: [GC (Allocation Failure) 286516.885: [ParNew: 421614K->2356K(471872K), 0.0049791 secs] 1095988K->677105K(4141888K), 0.0050659 secs] [Times: user=0.04 sys=0.00, real=0.00 secs] 
286531.422: [GC (Allocation Failure) 286531.422: [ParNew: 421812K->1962K(471872K), 0.0060007 secs] 1096561K->678273K(4141888K), 0.0061158 secs] [Times: user=0.04 sys=0.00, real=0.01 secs] 
286540.443: [GC (Allocation Failure) 286540.443: [ParNew: 421238K->2509K(471872K), 0.0054625 secs] 1097549K->679074K(4141888K), 0.0055495 secs] [Times: user=0.04 sys=0.00, real=0.01 secs] 
286552.305: [GC (Allocation Failure) 286552.305: [ParNew: 421697K->10853K(471872K), 0.0060368 secs] 1098262K->687539K(4141888K), 0.0061482 secs] [Times: user=0.04 sys=0.00, real=0.00 secs] 
286560.600: [GC (Allocation Failure) 286560.600: [ParNew: 430309K->7482K(471872K), 0.0054295 secs] 1106995K->684709K(4141888K), 0.0055240 secs] [Times: user=0.04 sys=0.00, real=0.01 secs] 
286561.171: [GC (Allocation Failure) 286561.171: [ParNew: 426938K->561K(471872K), 0.0064341 secs] 1104165K->683785K(4141888K), 0.0065174 secs] [Times: user=0.05 sys=0.01, real=0.01 secs] 
286561.696: [GC (Allocation Failure) 286561.696: [ParNew: 420017K->534K(471872K), 0.0048961 secs] 1103241K->683775K(4141888K), 0.0049732 secs] [Times: user=0.03 sys=0.00, real=0.00 secs] 
286562.219: [GC (Allocation Failure) 286562.219: [ParNew: 419888K->2137K(471872K), 0.0058865 secs] 1103129K->685805K(4141888K), 0.0059681 secs] [Times: user=0.04 sys=0.01, real=0.01 secs] 
286586.722: [GC (Allocation Failure) 286586.722: [ParNew: 421593K->2393K(471872K), 0.0052402 secs] 1105261K->686068K(4141888K), 0.0053196 secs] [Times: user=0.04 sys=0.00, real=0.01 secs] 
286607.068: [GC (Allocation Failure) 286607.068: [ParNew: 421849K->3500K(471872K), 0.0053736 secs] 1105524K->687621K(4141888K), 0.0054644 secs] [Times: user=0.04 sys=0.00, real=0.00 secs] 
286625.144: [GC (Allocation Failure) 286625.144: [ParNew: 422956K->2190K(471872K), 0.0052690 secs] 1107077K->687214K(4141888K), 0.0053512 secs] [Times: user=0.04 sys=0.00, real=0.00 secs] 
286666.306: [GC (Allocation Failure) 286666.306: [ParNew: 421646K->6308K(471872K), 0.0068818 secs] 1106670K->691694K(4141888K), 0.0069716 secs] [Times: user=0.05 sys=0.00, real=0.00 secs] 
286678.400: [GC (Allocation Failure) 286678.400: [ParNew: 425764K->3420K(471872K), 0.0056390 secs] 1111150K->689798K(4141888K), 0.0057348 secs] [Times: user=0.04 sys=0.00, real=0.01 secs] 
286724.398: [GC (Allocation Failure) 286724.398: [ParNew: 422872K->8281K(471872K), 0.0061562 secs] 1109250K->694860K(4141888K), 0.0062487 secs] [Times: user=0.05 sys=0.00, real=0.01 secs] 
286738.642: [GC (Allocation Failure) 286738.642: [ParNew: 427737K->3362K(471872K), 0.0056497 secs] 1114316K->691379K(4141888K), 0.0057494 secs] [Times: user=0.03 sys=0.01, real=0.01 secs] 
286775.147: [GC (Allocation Failure) 286775.147: [ParNew: 422818K->2682K(471872K), 0.0053291 secs] 1110835K->691006K(4141888K), 0.0054031 secs] [Times: user=0.04 sys=0.00, real=0.00 secs] 
286796.568: [GC (Allocation Failure) 286796.568: [ParNew: 422138K->2410K(471872K), 0.0059573 secs] 1110462K->691465K(4141888K), 0.0060384 secs] [Times: user=0.05 sys=0.00, real=0.00 secs] 
286821.034: [GC (Allocation Failure) 286821.034: [ParNew: 421866K->2339K(471872K), 0.0053106 secs] 1110921K->691830K(4141888K), 0.0054097 secs] [Times: user=0.04 sys=0.00, real=0.00 secs] 
286832.224: [GC (Allocation Failure) 286832.224: [ParNew: 421795K->934K(471872K), 0.0057335 secs] 1111286K->691839K(4141888K), 0.0058264 secs] [Times: user=0.04 sys=0.00, real=0.01 secs] 
286849.397: [GC (Allocation Failure) 286849.397: [ParNew: 420390K->11096K(471872K), 0.0060336 secs] 1111295K->702279K(4141888K), 0.0061577 secs] [Times: user=0.04 sys=0.01, real=0.00 secs] 
286865.269: [GC (Allocation Failure) 286865.269: [ParNew: 430552K->11284K(471872K), 0.0055316 secs] 1121735K->703039K(4141888K), 0.0056252 secs] [Times: user=0.04 sys=0.00, real=0.01 secs] 
286892.526: [GC (Allocation Failure) 286892.526: [ParNew: 430740K->3689K(471872K), 0.0060571 secs] 1122495K->695696K(4141888K), 0.0061621 secs] [Times: user=0.05 sys=0.00, real=0.00 secs] 
286907.335: [GC (Allocation Failure) 286907.335: [ParNew: 423145K->6792K(471872K), 0.0058646 secs] 1115152K->700673K(4141888K), 0.0059497 secs] [Times: user=0.05 sys=0.01, real=0.00 secs] 
286924.344: [GC (Allocation Failure) 286924.344: [ParNew: 426248K->10893K(471872K), 0.0060953 secs] 1120129K->705115K(4141888K), 0.0062337 secs] [Times: user=0.04 sys=0.00, real=0.00 secs] 
286971.356: [GC (Allocation Failure) 286971.356: [ParNew: 430349K->12042K(471872K), 0.0066841 secs] 1124571K->706443K(4141888K), 0.0067872 secs] [Times: user=0.05 sys=0.00, real=0.00 secs] 
286985.144: [GC (Allocation Failure) 286985.144: [ParNew: 431498K->6842K(471872K), 0.0057686 secs] 1125899K->702229K(4141888K), 0.0058424 secs] [Times: user=0.04 sys=0.00, real=0.00 secs] 
286999.553: [GC (Allocation Failure) 286999.553: [ParNew: 426298K->2809K(471872K), 0.0057547 secs] 1121685K->699103K(4141888K), 0.0058412 secs] [Times: user=0.04 sys=0.00, real=0.01 secs] 
287033.345: [GC (Allocation Failure) 287033.345: [ParNew: 422265K->8933K(471872K), 0.0058532 secs] 1118559K->705634K(4141888K), 0.0059506 secs] [Times: user=0.04 sys=0.00, real=0.00 secs] 
287059.838: [GC (Allocation Failure) 287059.838: [ParNew: 428389K->3077K(471872K), 0.0052922 secs] 1125090K->700230K(4141888K), 0.0053804 secs] [Times: user=0.04 sys=0.00, real=0.00 secs] 
287101.318: [GC (Allocation Failure) 287101.318: [ParNew: 422533K->10582K(471872K), 0.0062538 secs] 1119686K->708471K(4141888K), 0.0063785 secs] [Times: user=0.04 sys=0.01, real=0.01 secs] 
287148.485: [GC (Allocation Failure) 287148.485: [ParNew: 430038K->3930K(471872K), 0.0054606 secs] 1127927K->702629K(4141888K), 0.0055386 secs] [Times: user=0.04 sys=0.00, real=0.00 secs] 
287167.316: [GC (Allocation Failure) 287167.316: [ParNew: 423245K->7863K(471872K), 0.0084092 secs] 1121944K->707309K(4141888K), 0.0085017 secs] [Times: user=0.05 sys=0.00, real=0.01 secs] 
287198.714: [GC (Allocation Failure) 287198.714: [ParNew: 427319K->4016K(471872K), 0.0074185 secs] 1126765K->703875K(4141888K), 0.0075117 secs] [Times: user=0.04 sys=0.00, real=0.00 secs] 
287215.383: [GC (Allocation Failure) 287215.383: [ParNew: 423472K->5641K(471872K), 0.0059134 secs] 1123331K->706129K(4141888K), 0.0060076 secs] [Times: user=0.05 sys=0.00, real=0.01 secs] 
287218.496: [GC (Allocation Failure) 287218.496: [ParNew: 425097K->3054K(471872K), 0.0052398 secs] 1125585K->704207K(4141888K), 0.0053154 secs] [Times: user=0.04 sys=0.00, real=0.00 secs] 
287221.378: [GC (Allocation Failure) 287221.378: [ParNew: 422510K->3954K(471872K), 0.0054002 secs] 1123663K->706269K(4141888K), 0.0054841 secs] [Times: user=0.04 sys=0.00, real=0.01 secs] 
287224.348: [GC (Allocation Failure) 287224.348: [ParNew: 423410K->13427K(471872K), 0.0061854 secs] 1125725K->715857K(4141888K), 0.0062919 secs] [Times: user=0.04 sys=0.00, real=0.01 secs] 
287226.524: [GC (Allocation Failure) 287226.524: [ParNew: 432883K->5894K(471872K), 0.0057525 secs] 1135313K->709368K(4141888K), 0.0058329 secs] [Times: user=0.05 sys=0.00, real=0.00 secs] 
287229.305: [GC (Allocation Failure) 287229.305: [ParNew: 425298K->8537K(471872K), 0.0054402 secs] 1128773K->712125K(4141888K), 0.0055197 secs] [Times: user=0.04 sys=0.00, real=0.00 secs] 
287231.382: [GC (Allocation Failure) 287231.382: [ParNew: 427993K->5429K(471872K), 0.0050513 secs] 1131581K->709286K(4141888K), 0.0051254 secs] [Times: user=0.04 sys=0.00, real=0.01 secs] 
287234.415: [GC (Allocation Failure) 287234.415: [ParNew: 424885K->3323K(471872K), 0.0068471 secs] 1128742K->708292K(4141888K), 0.0069301 secs] [Times: user=0.04 sys=0.01, real=0.00 secs] 
287237.364: [GC (Allocation Failure) 287237.364: [ParNew: 422779K->2394K(471872K), 0.0049529 secs] 1127748K->707546K(4141888K), 0.0050188 secs] [Times: user=0.04 sys=0.00, real=0.00 secs] 
287241.472: [GC (Allocation Failure) 287241.472: [ParNew: 421850K->4580K(471872K), 0.0053954 secs] 1127002K->709902K(4141888K), 0.0054666 secs] [Times: user=0.04 sys=0.01, real=0.01 secs] 
287243.658: [GC (Allocation Failure) 287243.658: [ParNew: 423739K->5382K(471872K), 0.0065554 secs] 1129061K->710884K(4141888K), 0.0066470 secs] [Times: user=0.04 sys=0.00, real=0.01 secs] 
287247.687: [GC (Allocation Failure) 287247.687: [ParNew: 424838K->2336K(471872K), 0.0052743 secs] 1130340K->707997K(4141888K), 0.0053591 secs] [Times: user=0.04 sys=0.00, real=0.00 secs] 
287250.456: [GC (Allocation Failure) 287250.456: [ParNew: 421792K->3438K(471872K), 0.0053310 secs] 1127453K->709314K(4141888K), 0.0054035 secs] [Times: user=0.04 sys=0.00, real=0.00 secs] 
287253.575: [GC (Allocation Failure) 287253.575: [ParNew: 422894K->4909K(471872K), 0.0051984 secs] 1128770K->710881K(4141888K), 0.0052766 secs] [Times: user=0.03 sys=0.00, real=0.00 secs] 
287255.380: [GC (Allocation Failure) 287255.380: [ParNew: 424365K->3744K(471872K), 0.0050732 secs] 1130337K->709811K(4141888K), 0.0051512 secs] [Times: user=0.04 sys=0.00, real=0.01 secs] 
287285.329: [GC (Allocation Failure) 287285.329: [ParNew: 423200K->13537K(471872K), 0.0061244 secs] 1129267K->719637K(4141888K), 0.0062320 secs] [Times: user=0.05 sys=0.00, real=0.01 secs] 
287334.365: [GC (Allocation Failure) 287334.365: [ParNew: 432993K->7447K(471872K), 0.0059602 secs] 1139093K->714366K(4141888K), 0.0060572 secs] [Times: user=0.05 sys=0.01, real=0.00 secs] 
287351.359: [GC (Allocation Failure) 287351.359: [ParNew: 426903K->4229K(471872K), 0.0054913 secs] 1133822K->711866K(4141888K), 0.0055765 secs] [Times: user=0.04 sys=0.00, real=0.01 secs] 
287399.294: [GC (Allocation Failure) 287399.294: [ParNew: 423685K->10909K(471872K), 0.0059592 secs] 1131322K->719330K(4141888K), 0.0060548 secs] [Times: user=0.04 sys=0.00, real=0.00 secs] 
287422.044: [GC (Allocation Failure) 287422.044: [ParNew: 430365K->3124K(471872K), 0.0060218 secs] 1138786K->712371K(4141888K), 0.0061045 secs] [Times: user=0.04 sys=0.00, real=0.00 secs] 
287428.923: [GC (Allocation Failure) 287428.923: [ParNew: 422580K->1200K(471872K), 0.0062671 secs] 1131827K->711903K(4141888K), 0.0063600 secs] [Times: user=0.05 sys=0.00, real=0.01 secs] 
287435.565: [GC (Allocation Failure) 287435.565: [ParNew: 420656K->1370K(471872K), 0.0055474 secs] 1131359K->712565K(4141888K), 0.0056414 secs] [Times: user=0.04 sys=0.00, real=0.00 secs] 
287449.173: [GC (Allocation Failure) 287449.173: [ParNew: 420826K->1236K(471872K), 0.0051964 secs] 1132021K->712562K(4141888K), 0.0052877 secs] [Times: user=0.04 sys=0.00, real=0.01 secs] 
287462.920: [GC (Allocation Failure) 287462.920: [ParNew: 420692K->1648K(471872K), 0.0054275 secs] 1132018K->713317K(4141888K), 0.0055163 secs] [Times: user=0.04 sys=0.00, real=0.01 secs] 
287469.376: [GC (Allocation Failure) 287469.376: [ParNew: 421104K->1774K(471872K), 0.0049148 secs] 1132773K->713663K(4141888K), 0.0050008 secs] [Times: user=0.04 sys=0.00, real=0.00 secs] 
287499.533: [GC (Allocation Failure) 287499.533: [ParNew: 421068K->3224K(471872K), 0.0051736 secs] 1132956K->715187K(4141888K), 0.0052550 secs] [Times: user=0.03 sys=0.00, real=0.01 secs] 
287528.324: [GC (Allocation Failure) 287528.325: [ParNew: 422680K->5466K(471872K), 0.0060182 secs] 1134643K->717805K(4141888K), 0.0061060 secs] [Times: user=0.04 sys=0.00, real=0.00 secs] 
287573.059: [GC (Allocation Failure) 287573.059: [ParNew: 424922K->3294K(471872K), 0.0058707 secs] 1137261K->716420K(4141888K), 0.0059501 secs] [Times: user=0.04 sys=0.00, real=0.01 secs] 
287594.383: [GC (Allocation Failure) 287594.383: [ParNew: 422750K->2249K(471872K), 0.0052945 secs] 1135876K->716008K(4141888K), 0.0053672 secs] [Times: user=0.04 sys=0.00, real=0.01 secs] 
287619.110: [GC (Allocation Failure) 287619.110: [ParNew: 421705K->2556K(471872K), 0.0053451 secs] 1135464K->716667K(4141888K), 0.0054234 secs] [Times: user=0.03 sys=0.01, real=0.01 secs] 
287630.932: [GC (Allocation Failure) 287630.932: [ParNew: 422012K->1016K(471872K), 0.0054037 secs] 1136123K->716850K(4141888K), 0.0054787 secs] [Times: user=0.04 sys=0.00, real=0.01 secs] 
287655.300: [GC (Allocation Failure) 287655.300: [ParNew: 420472K->11583K(471872K), 0.0055746 secs] 1136306K->727690K(4141888K), 0.0056666 secs] [Times: user=0.04 sys=0.00, real=0.01 secs] 
287691.984: [GC (Allocation Failure) 287691.984: [ParNew: 431039K->3414K(471872K), 0.0056122 secs] 1147146K->720161K(4141888K), 0.0056973 secs] [Times: user=0.04 sys=0.00, real=0.00 secs] 
287717.300: [GC (Allocation Failure) 287717.300: [ParNew: 422870K->5329K(471872K), 0.0082865 secs] 1139617K->723063K(4141888K), 0.0083888 secs] [Times: user=0.05 sys=0.00, real=0.01 secs] 
287765.308: [GC (Allocation Failure) 287765.308: [ParNew: 424785K->10518K(471872K), 0.0067959 secs] 1142519K->728610K(4141888K), 0.0068993 secs] [Times: user=0.04 sys=0.00, real=0.01 secs] 
287780.925: [GC (Allocation Failure) 287780.925: [ParNew: 429974K->4959K(471872K), 0.0058192 secs] 1148066K->723570K(4141888K), 0.0059011 secs] [Times: user=0.04 sys=0.00, real=0.00 secs] 
287826.365: [GC (Allocation Failure) 287826.365: [ParNew: 424415K->11753K(471872K), 0.0059267 secs] 1143026K->730577K(4141888K), 0.0060166 secs] [Times: user=0.04 sys=0.00, real=0.00 secs] 
287849.104: [GC (Allocation Failure) 287849.104: [ParNew: 431209K->3631K(471872K), 0.0067487 secs] 1150033K->723476K(4141888K), 0.0068272 secs] [Times: user=0.03 sys=0.01, real=0.01 secs] 
287887.212: [GC (Allocation Failure) 287887.212: [ParNew: 423087K->2609K(471872K), 0.0067354 secs] 1142932K->723227K(4141888K), 0.0068252 secs] [Times: user=0.05 sys=0.00, real=0.01 secs] 
287894.331: [GC (Allocation Failure) 287894.331: [ParNew: 422065K->8481K(471872K), 0.0070330 secs] 1142683K->729882K(4141888K), 0.0071427 secs] [Times: user=0.05 sys=0.00, real=0.01 secs] 
287913.452: [GC (Allocation Failure) 287913.452: [ParNew: 427937K->4967K(471872K), 0.0051064 secs] 1149338K->726605K(4141888K), 0.0051812 secs] [Times: user=0.04 sys=0.00, real=0.01 secs] 
287943.055: [GC (Allocation Failure) 287943.055: [ParNew: 424423K->1935K(471872K), 0.0064928 secs] 1146061K->724835K(4141888K), 0.0066035 secs] [Times: user=0.04 sys=0.00, real=0.00 secs] 
287959.845: [GC (Allocation Failure) 287959.845: [ParNew: 421391K->2950K(471872K), 0.0072308 secs] 1144291K->726456K(4141888K), 0.0073211 secs] [Times: user=0.05 sys=0.00, real=0.00 secs] 
288002.045: [GC (Allocation Failure) 288002.045: [ParNew: 422406K->3011K(471872K), 0.0071573 secs] 1145912K->727057K(4141888K), 0.0072439 secs] [Times: user=0.04 sys=0.00, real=0.00 secs] 
288017.457: [GC (Allocation Failure) 288017.457: [ParNew: 422467K->8994K(471872K), 0.0090362 secs] 1146513K->733894K(4141888K), 0.0091282 secs] [Times: user=0.05 sys=0.00, real=0.01 secs] 
288061.230: [GC (Allocation Failure) 288061.230: [ParNew: 428450K->4784K(471872K), 0.0058015 secs] 1153350K->729933K(4141888K), 0.0059073 secs] [Times: user=0.04 sys=0.00, real=0.01 secs] 
288082.415: [GC (Allocation Failure) 288082.415: [ParNew: 424240K->2643K(471872K), 0.0069758 secs] 1149389K->728812K(4141888K), 0.0070646 secs] [Times: user=0.04 sys=0.00, real=0.00 secs] 
288125.145: [GC (Allocation Failure) 288125.145: [ParNew: 422099K->3170K(471872K), 0.0065816 secs] 1148268K->729711K(4141888K), 0.0066697 secs] [Times: user=0.05 sys=0.00, real=0.00 secs] 
288143.307: [GC (Allocation Failure) 288143.308: [ParNew: 422626K->11038K(471872K), 0.0055509 secs] 1149167K->738845K(4141888K), 0.0056341 secs] [Times: user=0.04 sys=0.00, real=0.00 secs] 
288183.874: [GC (Allocation Failure) 288183.874: [ParNew: 430180K->3768K(471872K), 0.0056844 secs] 1157987K->731909K(4141888K), 0.0057640 secs] [Times: user=0.04 sys=0.00, real=0.00 secs] 
288201.721: [GC (Allocation Failure) 288201.721: [ParNew: 423224K->2987K(471872K), 0.0053415 secs] 1151365K->731749K(4141888K), 0.0054427 secs] [Times: user=0.04 sys=0.00, real=0.01 secs] 
288216.721: [GC (Allocation Failure) 288216.721: [ParNew: 422443K->3096K(471872K), 0.0056457 secs] 1151205K->732288K(4141888K), 0.0057253 secs] [Times: user=0.05 sys=0.00, real=0.01 secs] 
288256.722: [GC (Allocation Failure) 288256.722: [ParNew: 422552K->3340K(471872K), 0.0092129 secs] 1151744K->732789K(4141888K), 0.0093143 secs] [Times: user=0.04 sys=0.00, real=0.01 secs] 
288288.502: [GC (Allocation Failure) 288288.503: [ParNew: 422796K->2833K(471872K), 0.0061812 secs] 1152245K->733590K(4141888K), 0.0062709 secs] [Times: user=0.04 sys=0.00, real=0.01 secs] 
288321.335: [GC (Allocation Failure) 288321.335: [ParNew: 421707K->11675K(471872K), 0.0072445 secs] 1152463K->742994K(4141888K), 0.0073497 secs] [Times: user=0.04 sys=0.00, real=0.00 secs] 
288331.703: [GC (Allocation Failure) 288331.703: [ParNew: 431131K->3404K(471872K), 0.0086030 secs] 1162450K->735267K(4141888K), 0.0087049 secs] [Times: user=0.05 sys=0.00, real=0.01 secs] 
288343.735: [GC (Allocation Failure) 288343.736: [ParNew: 422860K->2051K(471872K), 0.0169692 secs] 1154723K->735185K(4141888K), 0.0170643 secs] [Times: user=0.11 sys=0.00, real=0.01 secs] 
288374.352: [GC (Allocation Failure) 288374.352: [ParNew: 421507K->6646K(471872K), 0.0069188 secs] 1154641K->740657K(4141888K), 0.0069969 secs] [Times: user=0.05 sys=0.01, real=0.01 secs] 
288389.124: [GC (Allocation Failure) 288389.124: [ParNew: 426102K->3464K(471872K), 0.0053039 secs] 1160113K->738532K(4141888K), 0.0053928 secs] [Times: user=0.04 sys=0.00, real=0.00 secs] 
288432.379: [GC (Allocation Failure) 288432.379: [ParNew: 422920K->7122K(471872K), 0.0055106 secs] 1157988K->742428K(4141888K), 0.0055948 secs] [Times: user=0.04 sys=0.00, real=0.01 secs] 
288447.166: [GC (Allocation Failure) 288447.166: [ParNew: 426578K->2451K(471872K), 0.0054340 secs] 1161884K->738646K(4141888K), 0.0055205 secs] [Times: user=0.04 sys=0.00, real=0.00 secs] 
288455.555: [GC (Allocation Failure) 288455.555: [ParNew: 421907K->2513K(471872K), 0.0053078 secs] 1158102K->738870K(4141888K), 0.0053819 secs] [Times: user=0.04 sys=0.00, real=0.00 secs] 
288465.302: [GC (Allocation Failure) 288465.302: [ParNew: 421969K->1149K(471872K), 0.0054933 secs] 1158326K->738751K(4141888K), 0.0055809 secs] [Times: user=0.05 sys=0.00, real=0.01 secs] 
288471.713: [GC (Allocation Failure) 288471.714: [ParNew: 420605K->1630K(471872K), 0.0052562 secs] 1158207K->739630K(4141888K), 0.0053328 secs] [Times: user=0.04 sys=0.00, real=0.01 secs] 
288498.399: [GC (Allocation Failure) 288498.399: [ParNew: 421086K->15758K(471872K), 0.0064991 secs] 1159086K->753809K(4141888K), 0.0065953 secs] [Times: user=0.05 sys=0.00, real=0.01 secs] 
288512.327: [GC (Allocation Failure) 288512.327: [ParNew: 435214K->15344K(471872K), 0.0066304 secs] 1173265K->754166K(4141888K), 0.0067282 secs] [Times: user=0.05 sys=0.00, real=0.01 secs] 
288545.144: [GC (Allocation Failure) 288545.144: [ParNew: 434800K->5585K(471872K), 0.0054579 secs] 1173622K->745932K(4141888K), 0.0055367 secs] [Times: user=0.04 sys=0.00, real=0.00 secs] 
288566.304: [GC (Allocation Failure) 288566.304: [ParNew: 425041K->6416K(471872K), 0.0058228 secs] 1165388K->747303K(4141888K), 0.0059070 secs] [Times: user=0.04 sys=0.00, real=0.00 secs] 
288589.197: [GC (Allocation Failure) 288589.197: [ParNew: 425872K->3883K(471872K), 0.0053843 secs] 1166759K->745391K(4141888K), 0.0054848 secs] [Times: user=0.04 sys=0.00, real=0.00 secs] 
288618.004: [GC (Allocation Failure) 288618.005: [ParNew: 423339K->3853K(471872K), 0.0051875 secs] 1164847K->745740K(4141888K), 0.0052934 secs] [Times: user=0.04 sys=0.00, real=0.00 secs] 
288631.350: [GC (Allocation Failure) 288631.350: [ParNew: 423309K->10503K(471872K), 0.0058479 secs] 1165196K->753323K(4141888K), 0.0059470 secs] [Times: user=0.05 sys=0.00, real=0.01 secs] 
288661.897: [GC (Allocation Failure) 288661.897: [ParNew: 429959K->4435K(471872K), 0.0053814 secs] 1172779K->747565K(4141888K), 0.0054877 secs] [Times: user=0.04 sys=0.00, real=0.00 secs] 
288687.333: [GC (Allocation Failure) 288687.333: [ParNew: 423348K->11749K(471872K), 0.0055602 secs] 1166478K->755495K(4141888K), 0.0056620 secs] [Times: user=0.04 sys=0.00, real=0.01 secs] 
288725.146: [GC (Allocation Failure) 288725.146: [ParNew: 431205K->3835K(471872K), 0.0053831 secs] 1174951K->748609K(4141888K), 0.0054628 secs] [Times: user=0.04 sys=0.00, real=0.00 secs] 
288745.212: [GC (Allocation Failure) 288745.212: [ParNew: 423291K->2888K(471872K), 0.0065813 secs] 1168065K->748068K(4141888K), 0.0066599 secs] [Times: user=0.05 sys=0.00, real=0.01 secs] 
288760.332: [GC (Allocation Failure) 288760.332: [ParNew: 422344K->1941K(471872K), 0.0060290 secs] 1167524K->747764K(4141888K), 0.0061162 secs] [Times: user=0.04 sys=0.00, real=0.01 secs] 
288801.345: [GC (Allocation Failure) 288801.345: [ParNew: 421397K->10538K(471872K), 0.0060958 secs] 1167220K->756587K(4141888K), 0.0061868 secs] [Times: user=0.05 sys=0.00, real=0.00 secs] 
288817.311: [GC (Allocation Failure) 288817.311: [ParNew: 429994K->10376K(471872K), 0.0071570 secs] 1176043K->757260K(4141888K), 0.0072584 secs] [Times: user=0.04 sys=0.01, real=0.01 secs] 
288852.025: [GC (Allocation Failure) 288852.025: [ParNew: 429831K->3156K(471872K), 0.0069370 secs] 1176715K->751299K(4141888K), 0.0070324 secs] [Times: user=0.04 sys=0.01, real=0.00 secs] 
288865.365: [GC (Allocation Failure) 288865.366: [ParNew: 422612K->2755K(471872K), 0.0064380 secs] 1170755K->751449K(4141888K), 0.0065225 secs] [Times: user=0.04 sys=0.00, real=0.00 secs] 
288890.651: [GC (Allocation Failure) 288890.651: [ParNew: 422211K->2665K(471872K), 0.0053567 secs] 1170905K->751825K(4141888K), 0.0054367 secs] [Times: user=0.04 sys=0.00, real=0.01 secs] 
288931.351: [GC (Allocation Failure) 288931.351: [ParNew: 422076K->6354K(471872K), 0.0054937 secs] 1171236K->756106K(4141888K), 0.0055842 secs] [Times: user=0.04 sys=0.01, real=0.01 secs] 
288956.561: [GC (Allocation Failure) 288956.561: [ParNew: 425810K->3915K(471872K), 0.0051805 secs] 1175562K->754416K(4141888K), 0.0052527 secs] [Times: user=0.04 sys=0.00, real=0.01 secs] 
288989.507: [GC (Allocation Failure) 288989.507: [ParNew: 423371K->2998K(471872K), 0.0050025 secs] 1173872K->753833K(4141888K), 0.0050887 secs] [Times: user=0.04 sys=0.00, real=0.00 secs] 
289000.378: [GC (Allocation Failure) 289000.378: [ParNew: 421726K->15010K(471872K), 0.0060030 secs] 1172562K->766681K(4141888K), 0.0061038 secs] [Times: user=0.05 sys=0.01, real=0.01 secs] 
289046.335: [GC (Allocation Failure) 289046.335: [ParNew: 434466K->11666K(471872K), 0.0073777 secs] 1186137K->763675K(4141888K), 0.0074922 secs] [Times: user=0.05 sys=0.00, real=0.00 secs] 
289061.313: [GC (Allocation Failure) 289061.313: [ParNew: 431122K->12435K(471872K), 0.0068582 secs] 1183131K->765184K(4141888K), 0.0069567 secs] [Times: user=0.05 sys=0.00, real=0.01 secs] 
289103.334: [GC (Allocation Failure) 289103.334: [ParNew: 431891K->8091K(471872K), 0.0062348 secs] 1184640K->762149K(4141888K), 0.0063270 secs] [Times: user=0.05 sys=0.00, real=0.00 secs] 
289120.310: [GC (Allocation Failure) 289120.311: [ParNew: 427547K->10334K(471872K), 0.0056949 secs] 1181605K->765429K(4141888K), 0.0057813 secs] [Times: user=0.04 sys=0.00, real=0.01 secs] 
289142.933: [GC (Allocation Failure) 289142.934: [ParNew: 429790K->3807K(471872K), 0.0055085 secs] 1184885K->759172K(4141888K), 0.0055877 secs] [Times: user=0.05 sys=0.00, real=0.01 secs] 
289148.488: [GC (Allocation Failure) 289148.488: [ParNew: 423263K->1614K(471872K), 0.0059150 secs] 1178628K->758714K(4141888K), 0.0059841 secs] [Times: user=0.04 sys=0.01, real=0.00 secs] 
289153.469: [GC (Allocation Failure) 289153.470: [ParNew: 421070K->2432K(471872K), 0.0049785 secs] 1178170K->759784K(4141888K), 0.0050524 secs] [Times: user=0.04 sys=0.00, real=0.01 secs] 
289167.131: [GC (Allocation Failure) 289167.131: [ParNew: 421881K->2570K(471872K), 0.0058934 secs] 1179232K->760275K(4141888K), 0.0059711 secs] [Times: user=0.04 sys=0.00, real=0.01 secs] 
289176.051: [GC (Allocation Failure) 289176.051: [ParNew: 422026K->2301K(471872K), 0.0055551 secs] 1179731K->760548K(4141888K), 0.0056499 secs] [Times: user=0.05 sys=0.00, real=0.01 secs] 
289213.056: [GC (Allocation Failure) 289213.056: [ParNew: 421757K->2823K(471872K), 0.0057510 secs] 1180004K->761356K(4141888K), 0.0058289 secs] [Times: user=0.04 sys=0.00, real=0.00 secs] 
289236.372: [GC (Allocation Failure) 289236.372: [ParNew: 421755K->8440K(471872K), 0.0066194 secs] 1180287K->767718K(4141888K), 0.0067280 secs] [Times: user=0.05 sys=0.00, real=0.01 secs] 
289243.070: [GC (Allocation Failure) 289243.070: [ParNew: 427896K->3607K(471872K), 0.0051682 secs] 1187174K->763306K(4141888K), 0.0052438 secs] [Times: user=0.04 sys=0.00, real=0.01 secs] 
289252.637: [GC (Allocation Failure) 289252.637: [ParNew: 423063K->2594K(471872K), 0.0054123 secs] 1182762K->762782K(4141888K), 0.0055099 secs] [Times: user=0.04 sys=0.00, real=0.00 secs] 
289266.209: [GC (Allocation Failure) 289266.209: [ParNew: 422050K->1686K(471872K), 0.0055806 secs] 1182238K->763232K(4141888K), 0.0056791 secs] [Times: user=0.04 sys=0.00, real=0.01 secs] 
289273.112: [GC (Allocation Failure) 289273.113: [ParNew: 421142K->1258K(471872K), 0.0049290 secs] 1182688K->763064K(4141888K), 0.0050003 secs] [Times: user=0.04 sys=0.00, real=0.01 secs] 
289277.321: [GC (Allocation Failure) 289277.322: [ParNew: 420714K->1302K(471872K), 0.0053549 secs] 1182520K->763260K(4141888K), 0.0054443 secs] [Times: user=0.03 sys=0.00, real=0.01 secs] 
289281.469: [GC (Allocation Failure) 289281.469: [ParNew: 420758K->3049K(471872K), 0.0050567 secs] 1182716K->765101K(4141888K), 0.0051386 secs] [Times: user=0.04 sys=0.00, real=0.01 secs] 
289292.349: [GC (Allocation Failure) 289292.349: [ParNew: 421834K->8432K(471872K), 0.0064639 secs] 1183885K->770678K(4141888K), 0.0065529 secs] [Times: user=0.04 sys=0.00, real=0.01 secs] 
289303.142: [GC (Allocation Failure) 289303.142: [ParNew: 427888K->3206K(471872K), 0.0051085 secs] 1190134K->765832K(4141888K), 0.0051845 secs] [Times: user=0.04 sys=0.01, real=0.01 secs] 
289342.190: [GC (Allocation Failure) 289342.190: [ParNew: 422662K->3130K(471872K), 0.0053232 secs] 1185288K->765851K(4141888K), 0.0053996 secs] [Times: user=0.04 sys=0.01, real=0.01 secs] 
289359.288: [GC (Allocation Failure) 289359.288: [ParNew: 422295K->10649K(471872K), 0.0062871 secs] 1185017K->774241K(4141888K), 0.0063837 secs] [Times: user=0.04 sys=0.00, real=0.01 secs] 
289391.056: [GC (Allocation Failure) 289391.056: [ParNew: 430105K->4125K(471872K), 0.0050954 secs] 1193697K->768091K(4141888K), 0.0051740 secs] [Times: user=0.04 sys=0.00, real=0.00 secs] 
289420.336: [GC (Allocation Failure) 289420.336: [ParNew: 423079K->12163K(471872K), 0.0060766 secs] 1187045K->776972K(4141888K), 0.0061725 secs] [Times: user=0.05 sys=0.00, real=0.00 secs] 
289442.699: [GC (Allocation Failure) 289442.699: [ParNew: 431619K->3386K(471872K), 0.0054382 secs] 1196428K->768563K(4141888K), 0.0055389 secs] [Times: user=0.04 sys=0.00, real=0.01 secs] 
289480.305: [GC (Allocation Failure) 289480.305: [ParNew: 422842K->13806K(471872K), 0.0058989 secs] 1188019K->779419K(4141888K), 0.0059963 secs] [Times: user=0.04 sys=0.00, real=0.00 secs] 
289523.060: [GC (Allocation Failure) 289523.060: [ParNew: 433262K->3640K(471872K), 0.0056232 secs] 1198875K->770098K(4141888K), 0.0057025 secs] [Times: user=0.04 sys=0.00, real=0.01 secs] 
289545.826: [GC (Allocation Failure) 289545.826: [ParNew: 423096K->2312K(471872K), 0.0056649 secs] 1189554K->769523K(4141888K), 0.0057638 secs] [Times: user=0.04 sys=0.00, real=0.00 secs] 
289558.559: [GC (Allocation Failure) 289558.559: [ParNew: 421768K->2467K(471872K), 0.0051049 secs] 1188979K->769944K(4141888K), 0.0051783 secs] [Times: user=0.04 sys=0.00, real=0.01 secs] 
289597.425: [GC (Allocation Failure) 289597.425: [ParNew: 421923K->7974K(471872K), 0.0063442 secs] 1189400K->775929K(4141888K), 0.0064378 secs] [Times: user=0.04 sys=0.00, real=0.00 secs] 
289633.061: [GC (Allocation Failure) 289633.061: [ParNew: 427430K->5170K(471872K), 0.0060138 secs] 1195385K->773667K(4141888K), 0.0060999 secs] [Times: user=0.04 sys=0.00, real=0.01 secs] 
289663.327: [GC (Allocation Failure) 289663.327: [ParNew: 423840K->13541K(471872K), 0.0063103 secs] 1192336K->782474K(4141888K), 0.0064301 secs] [Times: user=0.04 sys=0.00, real=0.00 secs] 
289703.328: [GC (Allocation Failure) 289703.328: [ParNew: 432997K->3666K(471872K), 0.0058429 secs] 1201930K->773126K(4141888K), 0.0059213 secs] [Times: user=0.04 sys=0.00, real=0.00 secs] 
289721.175: [GC (Allocation Failure) 289721.175: [ParNew: 423117K->2980K(471872K), 0.0054233 secs] 1192576K->773119K(4141888K), 0.0055211 secs] [Times: user=0.04 sys=0.00, real=0.00 secs] 
289732.335: [GC (Allocation Failure) 289732.335: [ParNew: 422436K->9211K(471872K), 0.0065149 secs] 1192575K->779864K(4141888K), 0.0066511 secs] [Times: user=0.05 sys=0.00, real=0.00 secs] 
289780.341: [GC (Allocation Failure) 289780.341: [ParNew: 428667K->12507K(471872K), 0.0067625 secs] 1199320K->783391K(4141888K), 0.0068566 secs] [Times: user=0.04 sys=0.00, real=0.01 secs] 
289810.114: [GC (Allocation Failure) 289810.114: [ParNew: 431963K->7257K(471872K), 0.0053820 secs] 1202847K->779192K(4141888K), 0.0054577 secs] [Times: user=0.04 sys=0.00, real=0.00 secs] 
289838.403: [GC (Allocation Failure) 289838.403: [ParNew: 426713K->14223K(471872K), 0.0067889 secs] 1198648K->786470K(4141888K), 0.0069053 secs] [Times: user=0.05 sys=0.00, real=0.01 secs] 
289854.327: [GC (Allocation Failure) 289854.327: [ParNew: 433679K->14368K(471872K), 0.0064512 secs] 1205926K->787319K(4141888K), 0.0065448 secs] [Times: user=0.04 sys=0.00, real=0.01 secs] 
289902.349: [GC (Allocation Failure) 289902.349: [ParNew: 433824K->12616K(471872K), 0.0083641 secs] 1206775K->785757K(4141888K), 0.0084637 secs] [Times: user=0.06 sys=0.00, real=0.01 secs] 
289938.460: [GC (Allocation Failure) 289938.460: [ParNew: 432072K->7040K(471872K), 0.0055549 secs] 1205213K->780758K(4141888K), 0.0056441 secs] [Times: user=0.04 sys=0.00, real=0.01 secs] 
289951.525: [GC (Allocation Failure) 289951.525: [ParNew: 426496K->2777K(471872K), 0.0058184 secs] 1200214K->779008K(4141888K), 0.0058931 secs] [Times: user=0.04 sys=0.00, real=0.00 secs] 
289956.615: [GC (Allocation Failure) 289956.615: [ParNew: 422233K->1777K(471872K), 0.0050052 secs] 1198464K->778235K(4141888K), 0.0050742 secs] [Times: user=0.04 sys=0.00, real=0.00 secs] 
289960.438: [GC (Allocation Failure) 289960.438: [ParNew: 421142K->6361K(471872K), 0.0051644 secs] 1197601K->783005K(4141888K), 0.0052678 secs] [Times: user=0.03 sys=0.00, real=0.00 secs] 
289960.926: [GC (Allocation Failure) 289960.926: [ParNew: 425817K->2132K(471872K), 0.0068532 secs] 1202461K->784761K(4141888K), 0.0069425 secs] [Times: user=0.04 sys=0.01, real=0.00 secs] 
289961.341: [GC (Allocation Failure) 289961.341: [ParNew: 421588K->15273K(471872K), 0.0084335 secs] 1204217K->797935K(4141888K), 0.0085308 secs] [Times: user=0.06 sys=0.00, real=0.01 secs] 
289961.833: [GC (Allocation Failure) 289961.833: [ParNew: 434368K->5915K(471872K), 0.0072121 secs] 1217030K->790030K(4141888K), 0.0072972 secs] [Times: user=0.06 sys=0.00, real=0.01 secs] 
289974.211: [GC (Allocation Failure) 289974.211: [ParNew: 425371K->4135K(471872K), 0.0078195 secs] 1209486K->788281K(4141888K), 0.0079016 secs] [Times: user=0.05 sys=0.00, real=0.01 secs] 
289979.765: [GC (Allocation Failure) 289979.765: [ParNew: 423591K->3098K(471872K), 0.0054739 secs] 1207737K->787616K(4141888K), 0.0055537 secs] [Times: user=0.04 sys=0.00, real=0.00 secs] 
289985.574: [GC (Allocation Failure) 289985.574: [ParNew: 422498K->1238K(471872K), 0.0057300 secs] 1207016K->787158K(4141888K), 0.0058295 secs] [Times: user=0.04 sys=0.00, real=0.01 secs] 
289990.461: [GC (Allocation Failure) 289990.461: [ParNew: 420694K->1144K(471872K), 0.0049193 secs] 1206614K->787311K(4141888K), 0.0049941 secs] [Times: user=0.04 sys=0.00, real=0.01 secs] 
289994.256: [GC (Allocation Failure) 289994.256: [ParNew: 420600K->1958K(471872K), 0.0057047 secs] 1206767K->788423K(4141888K), 0.0057798 secs] [Times: user=0.04 sys=0.00, real=0.00 secs] 
289997.449: [GC (Allocation Failure) 289997.449: [ParNew: 421414K->3438K(471872K), 0.0052788 secs] 1207879K->790198K(4141888K), 0.0053629 secs] [Times: user=0.04 sys=0.00, real=0.01 secs] 
290011.209: [GC (Allocation Failure) 290011.210: [ParNew: 422894K->3093K(471872K), 0.0052205 secs] 1209654K->789983K(4141888K), 0.0052927 secs] [Times: user=0.04 sys=0.00, real=0.01 secs] 
290019.203: [GC (Allocation Failure) 290019.203: [ParNew: 422505K->3393K(471872K), 0.0057873 secs] 1209395K->791712K(4141888K), 0.0058677 secs] [Times: user=0.04 sys=0.00, real=0.01 secs] 
290024.566: [GC (Allocation Failure) 290024.566: [ParNew: 422849K->2411K(471872K), 0.0050290 secs] 1211168K->790940K(4141888K), 0.0050951 secs] [Times: user=0.03 sys=0.00, real=0.00 secs] 
290028.788: [GC (Allocation Failure) 290028.788: [ParNew: 421867K->1256K(471872K), 0.0051859 secs] 1210396K->791303K(4141888K), 0.0052622 secs] [Times: user=0.03 sys=0.00, real=0.00 secs] 
290030.866: [GC (Allocation Failure) 290030.866: [ParNew: 420712K->2844K(471872K), 0.0048977 secs] 1210759K->793079K(4141888K), 0.0049670 secs] [Times: user=0.04 sys=0.00, real=0.00 secs] 
290034.301: [GC (Allocation Failure) 290034.301: [ParNew: 422300K->1567K(471872K), 0.0052821 secs] 1212535K->793118K(4141888K), 0.0053564 secs] [Times: user=0.04 sys=0.00, real=0.01 secs] 
290038.638: [GC (Allocation Failure) 290038.638: [ParNew: 421023K->2501K(471872K), 0.0048363 secs] 1212574K->794225K(4141888K), 0.0049162 secs] [Times: user=0.04 sys=0.00, real=0.00 secs] 
290042.152: [GC (Allocation Failure) 290042.152: [ParNew: 421957K->947K(471872K), 0.0061036 secs] 1213681K->794371K(4141888K), 0.0061868 secs] [Times: user=0.04 sys=0.00, real=0.01 secs] 
290043.541: [GC (Allocation Failure) 290043.541: [ParNew: 420403K->1166K(471872K), 0.0074730 secs] 1213827K->795076K(4141888K), 0.0075547 secs] [Times: user=0.04 sys=0.00, real=0.01 secs] 
290045.783: [GC (Allocation Failure) 290045.783: [ParNew: 420622K->2343K(471872K), 0.0058453 secs] 1214532K->796320K(4141888K), 0.0059132 secs] [Times: user=0.04 sys=0.00, real=0.01 secs] 
290047.234: [GC (Allocation Failure) 290047.234: [ParNew: 421799K->2012K(471872K), 0.0046836 secs] 1215776K->796126K(4141888K), 0.0047535 secs] [Times: user=0.04 sys=0.00, real=0.01 secs] 
290051.642: [GC (Allocation Failure) 290051.642: [ParNew: 421466K->1152K(471872K), 0.0064968 secs] 1215580K->795313K(4141888K), 0.0065783 secs] [Times: user=0.04 sys=0.00, real=0.01 secs] 
290052.878: [GC (Allocation Failure) 290052.878: [ParNew: 420608K->610K(471872K), 0.0150896 secs] 1214769K->794937K(4141888K), 0.0151640 secs] [Times: user=0.06 sys=0.00, real=0.01 secs] 
290054.209: [GC (Allocation Failure) 290054.209: [ParNew: 420066K->2750K(471872K), 0.0115808 secs] 1214393K->797249K(4141888K), 0.0116611 secs] [Times: user=0.07 sys=0.00, real=0.01 secs] 
290058.201: [GC (Allocation Failure) 290058.201: [ParNew: 422206K->1094K(471872K), 0.0058216 secs] 1216705K->796396K(4141888K), 0.0059199 secs] [Times: user=0.04 sys=0.01, real=0.01 secs] 
290064.141: [GC (Allocation Failure) 290064.141: [ParNew: 420389K->2798K(471872K), 0.0049530 secs] 1215692K->798199K(4141888K), 0.0050382 secs] [Times: user=0.04 sys=0.00, real=0.01 secs] 
290076.414: [GC (Allocation Failure) 290076.414: [ParNew: 422254K->1496K(471872K), 0.0054549 secs] 1217655K->797287K(4141888K), 0.0055542 secs] [Times: user=0.04 sys=0.00, real=0.00 secs] 
290080.481: [GC (Allocation Failure) 290080.481: [ParNew: 420952K->2109K(471872K), 0.0049598 secs] 1216743K->798257K(4141888K), 0.0050290 secs] [Times: user=0.04 sys=0.00, real=0.01 secs] 
290085.361: [GC (Allocation Failure) 290085.361: [ParNew: 421565K->12565K(471872K), 0.0054382 secs] 1217713K->808805K(4141888K), 0.0055153 secs] [Times: user=0.04 sys=0.00, real=0.01 secs] 
290092.485: [GC (Allocation Failure) 290092.485: [ParNew: 432021K->3591K(471872K), 0.0053198 secs] 1228261K->800047K(4141888K), 0.0053948 secs] [Times: user=0.04 sys=0.00, real=0.00 secs] 
290096.756: [GC (Allocation Failure) 290096.756: [ParNew: 423047K->2291K(471872K), 0.0051742 secs] 1219503K->799337K(4141888K), 0.0052610 secs] [Times: user=0.04 sys=0.00, real=0.00 secs] 
290101.077: [GC (Allocation Failure) 290101.077: [ParNew: 421747K->1951K(471872K), 0.0045304 secs] 1218793K->799189K(4141888K), 0.0046102 secs] [Times: user=0.03 sys=0.00, real=0.00 secs] 
290109.696: [GC (Allocation Failure) 290109.697: [ParNew: 421407K->981K(471872K), 0.0052865 secs] 1218645K->799478K(4141888K), 0.0053584 secs] [Times: user=0.04 sys=0.00, real=0.00 secs] 
290144.328: [GC (Allocation Failure) 290144.328: [ParNew: 420437K->12914K(471872K), 0.0054083 secs] 1218934K->811532K(4141888K), 0.0054947 secs] [Times: user=0.05 sys=0.00, real=0.00 secs] 
290155.436: [GC (Allocation Failure) 290155.436: [ParNew: 432363K->2918K(471872K), 0.0059020 secs] 1230981K->802665K(4141888K), 0.0059930 secs] [Times: user=0.04 sys=0.00, real=0.00 secs] 
290166.165: [GC (Allocation Failure) 290166.165: [ParNew: 422374K->2053K(471872K), 0.0068611 secs] 1222121K->802405K(4141888K), 0.0069418 secs] [Times: user=0.05 sys=0.00, real=0.00 secs] 
290202.220: [GC (Allocation Failure) 290202.220: [ParNew: 421509K->2855K(471872K), 0.0072058 secs] 1221861K->803577K(4141888K), 0.0072851 secs] [Times: user=0.04 sys=0.00, real=0.01 secs] 
290207.320: [GC (Allocation Failure) 290207.320: [ParNew: 422311K->6006K(471872K), 0.0078148 secs] 1223033K->807498K(4141888K), 0.0079097 secs] [Times: user=0.04 sys=0.00, real=0.01 secs] 
290212.326: [GC (Allocation Failure) 290212.326: [ParNew: 425462K->8422K(471872K), 0.0063159 secs] 1226954K->811276K(4141888K), 0.0063923 secs] [Times: user=0.05 sys=0.00, real=0.00 secs] 
290216.441: [GC (Allocation Failure) 290216.441: [ParNew: 427878K->2705K(471872K), 0.0049664 secs] 1230732K->805718K(4141888K), 0.0050369 secs] [Times: user=0.04 sys=0.00, real=0.01 secs] 
290229.198: [GC (Allocation Failure) 290229.198: [ParNew: 422161K->2331K(471872K), 0.0049151 secs] 1225174K->805622K(4141888K), 0.0049890 secs] [Times: user=0.03 sys=0.01, real=0.00 secs] 
290260.094: [GC (Allocation Failure) 290260.094: [ParNew: 421787K->1709K(471872K), 0.0056193 secs] 1225078K->806411K(4141888K), 0.0057220 secs] [Times: user=0.05 sys=0.00, real=0.01 secs] 
290273.393: [GC (Allocation Failure) 290273.393: [ParNew: 421165K->13803K(471872K), 0.0064615 secs] 1225867K->819126K(4141888K), 0.0065686 secs] [Times: user=0.04 sys=0.00, real=0.01 secs] 
290281.355: [GC (Allocation Failure) 290281.355: [ParNew: 433259K->10301K(471872K), 0.0060688 secs] 1238582K->816096K(4141888K), 0.0061656 secs] [Times: user=0.04 sys=0.00, real=0.00 secs] 
290291.979: [GC (Allocation Failure) 290291.979: [ParNew: 429757K->5381K(471872K), 0.0053464 secs] 1235552K->812577K(4141888K), 0.0054258 secs] [Times: user=0.04 sys=0.00, real=0.01 secs] 
290304.006: [GC (Allocation Failure) 290304.006: [ParNew: 424837K->2125K(471872K), 0.0065807 secs] 1232033K->809619K(4141888K), 0.0066719 secs] [Times: user=0.04 sys=0.00, real=0.00 secs] 
290331.037: [GC (Allocation Failure) 290331.037: [ParNew: 421581K->2813K(471872K), 0.0051611 secs] 1229075K->810669K(4141888K), 0.0052377 secs] [Times: user=0.04 sys=0.00, real=0.00 secs] 
290342.317: [GC (Allocation Failure) 290342.317: [ParNew: 421255K->16412K(471872K), 0.0061008 secs] 1229111K->824934K(4141888K), 0.0062070 secs] [Times: user=0.05 sys=0.00, real=0.00 secs] 
290370.138: [GC (Allocation Failure) 290370.138: [ParNew: 435868K->4118K(471872K), 0.0051777 secs] 1244390K->812918K(4141888K), 0.0052666 secs] [Times: user=0.04 sys=0.00, real=0.00 secs] 
290378.155: [GC (Allocation Failure) 290378.155: [ParNew: 423574K->1929K(471872K), 0.0058670 secs] 1232374K->812860K(4141888K), 0.0059403 secs] [Times: user=0.05 sys=0.00, real=0.00 secs] 
290388.339: [GC (Allocation Failure) 290388.340: [ParNew: 421379K->5570K(471872K), 0.0070781 secs] 1232309K->816670K(4141888K), 0.0071557 secs] [Times: user=0.04 sys=0.00, real=0.01 secs] 
290400.380: [GC (Allocation Failure) 290400.381: [ParNew: 425026K->6051K(471872K), 0.0053712 secs] 1236126K->817602K(4141888K), 0.0054770 secs] [Times: user=0.04 sys=0.00, real=0.01 secs] 
290424.951: [GC (Allocation Failure) 290424.952: [ParNew: 425507K->4150K(471872K), 0.0055556 secs] 1237058K->815933K(4141888K), 0.0056411 secs] [Times: user=0.04 sys=0.00, real=0.01 secs] 
290439.044: [GC (Allocation Failure) 290439.044: [ParNew: 423606K->1450K(471872K), 0.0055519 secs] 1235389K->815346K(4141888K), 0.0056446 secs] [Times: user=0.04 sys=0.00, real=0.01 secs] 
290444.931: [GC (Allocation Failure) 290444.932: [ParNew: 420906K->1394K(471872K), 0.0051456 secs] 1234802K->815734K(4141888K), 0.0052203 secs] [Times: user=0.04 sys=0.00, real=0.01 secs] 
290448.982: [GC (Allocation Failure) 290448.982: [ParNew: 420850K->2592K(471872K), 0.0048300 secs] 1235190K->817082K(4141888K), 0.0049069 secs] [Times: user=0.03 sys=0.00, real=0.01 secs] 
290451.415: [GC (Allocation Failure) 290451.416: [ParNew: 422048K->2791K(471872K), 0.0059459 secs] 1236538K->818022K(4141888K), 0.0060376 secs] [Times: user=0.05 sys=0.00, real=0.00 secs] 
290454.030: [GC (Allocation Failure) 290454.030: [ParNew: 422247K->2218K(471872K), 0.0052325 secs] 1237478K->818824K(4141888K), 0.0053189 secs] [Times: user=0.03 sys=0.00, real=0.01 secs] 
290465.500: [GC (Allocation Failure) 290465.500: [ParNew: 421674K->14562K(471872K), 0.0060613 secs] 1238280K->831423K(4141888K), 0.0061722 secs] [Times: user=0.05 sys=0.00, real=0.01 secs] 
290512.383: [GC (Allocation Failure) 290512.383: [ParNew: 433869K->14933K(471872K), 0.0058409 secs] 1250730K->832071K(4141888K), 0.0059288 secs] [Times: user=0.04 sys=0.00, real=0.01 secs] 
290526.310: [GC (Allocation Failure) 290526.310: [ParNew: 434271K->15369K(471872K), 0.0061475 secs] 1251410K->833096K(4141888K), 0.0062421 secs] [Times: user=0.04 sys=0.00, real=0.01 secs] 
290535.818: [GC (Allocation Failure) 290535.818: [ParNew: 434805K->4264K(471872K), 0.0052090 secs] 1252532K->822587K(4141888K), 0.0052805 secs] [Times: user=0.04 sys=0.00, real=0.00 secs] 
290567.394: [GC (Allocation Failure) 290567.394: [ParNew: 423720K->4840K(471872K), 0.0058297 secs] 1242043K->824690K(4141888K), 0.0059140 secs] [Times: user=0.05 sys=0.00, real=0.00 secs] 
290583.308: [GC (Allocation Failure) 290583.308: [ParNew: 423120K->12871K(471872K), 0.0063379 secs] 1242969K->833421K(4141888K), 0.0064332 secs] [Times: user=0.05 sys=0.00, real=0.01 secs] 
290624.556: [GC (Allocation Failure) 290624.556: [ParNew: 432327K->3953K(471872K), 0.0052951 secs] 1252877K->824705K(4141888K), 0.0053712 secs] [Times: user=0.04 sys=0.00, real=0.00 secs] 
290644.337: [GC (Allocation Failure) 290644.337: [ParNew: 423409K->6284K(471872K), 0.0059444 secs] 1244161K->827873K(4141888K), 0.0060306 secs] [Times: user=0.04 sys=0.00, real=0.00 secs] 
290664.610: [GC (Allocation Failure) 290664.610: [ParNew: 425740K->3906K(471872K), 0.0050359 secs] 1247329K->825673K(4141888K), 0.0051346 secs] [Times: user=0.03 sys=0.00, real=0.01 secs] 
290695.208: [GC (Allocation Failure) 290695.208: [ParNew: 423362K->2850K(471872K), 0.0056830 secs] 1245129K->825439K(4141888K), 0.0057902 secs] [Times: user=0.04 sys=0.00, real=0.00 secs] 
290709.307: [GC (Allocation Failure) 290709.307: [ParNew: 422306K->11780K(471872K), 0.0056974 secs] 1244895K->834875K(4141888K), 0.0057775 secs] [Times: user=0.04 sys=0.00, real=0.00 secs] 
290740.123: [GC (Allocation Failure) 290740.123: [ParNew: 431216K->3380K(471872K), 0.0049711 secs] 1254311K->826696K(4141888K), 0.0050426 secs] [Times: user=0.03 sys=0.00, real=0.01 secs] 
290753.353: [GC (Allocation Failure) 290753.353: [ParNew: 422826K->12195K(471872K), 0.0068138 secs] 1246141K->836353K(4141888K), 0.0069121 secs] [Times: user=0.05 sys=0.00, real=0.01 secs] 
290756.377: [GC (Allocation Failure) 290756.377: [ParNew: 431651K->6386K(471872K), 0.0059892 secs] 1255809K->831189K(4141888K), 0.0060810 secs] [Times: user=0.04 sys=0.00, real=0.00 secs] 
290759.330: [GC (Allocation Failure) 290759.330: [ParNew: 425842K->5013K(471872K), 0.0058220 secs] 1250645K->831194K(4141888K), 0.0058955 secs] [Times: user=0.04 sys=0.00, real=0.01 secs] 
290761.058: [GC (Allocation Failure) 290761.058: [ParNew: 424469K->3092K(471872K), 0.0048450 secs] 1250650K->829400K(4141888K), 0.0049104 secs] [Times: user=0.04 sys=0.00, real=0.00 secs] 
290762.379: [GC (Allocation Failure) 290762.379: [ParNew: 421599K->16388K(471872K), 0.0055696 secs] 1247908K->842897K(4141888K), 0.0056809 secs] [Times: user=0.04 sys=0.00, real=0.01 secs] 
290764.534: [GC (Allocation Failure) 290764.534: [ParNew: 435844K->6351K(471872K), 0.0054350 secs] 1262353K->832960K(4141888K), 0.0055145 secs] [Times: user=0.04 sys=0.00, real=0.00 secs] 
290766.414: [GC (Allocation Failure) 290766.414: [ParNew: 425636K->7173K(471872K), 0.0061115 secs] 1252245K->834024K(4141888K), 0.0061987 secs] [Times: user=0.04 sys=0.00, real=0.00 secs] 
290767.705: [GC (Allocation Failure) 290767.705: [ParNew: 426629K->5156K(471872K), 0.0054000 secs] 1253480K->832327K(4141888K), 0.0054789 secs] [Times: user=0.04 sys=0.00, real=0.00 secs] 
290768.576: [GC (Allocation Failure) 290768.577: [ParNew: 424612K->4803K(471872K), 0.0050932 secs] 1251783K->833282K(4141888K), 0.0051751 secs] [Times: user=0.03 sys=0.00, real=0.00 secs] 
290770.325: [GC (Allocation Failure) 290770.325: [ParNew: 422959K->14872K(471872K), 0.0058095 secs] 1251438K->843486K(4141888K), 0.0058872 secs] [Times: user=0.04 sys=0.00, real=0.00 secs] 
290771.550: [GC (Allocation Failure) 290771.550: [ParNew: 434328K->8012K(471872K), 0.0053188 secs] 1262942K->836689K(4141888K), 0.0054105 secs] [Times: user=0.04 sys=0.00, real=0.01 secs] 
290773.439: [GC (Allocation Failure) 290773.439: [ParNew: 427095K->5260K(471872K), 0.0054597 secs] 1255772K->835421K(4141888K), 0.0055531 secs] [Times: user=0.03 sys=0.00, real=0.01 secs] 
290776.455: [GC (Allocation Failure) 290776.455: [ParNew: 424716K->2119K(471872K), 0.0048482 secs] 1254877K->832369K(4141888K), 0.0049193 secs] [Times: user=0.03 sys=0.00, real=0.00 secs] 
290778.610: [GC (Allocation Failure) 290778.610: [ParNew: 421575K->6240K(471872K), 0.0054956 secs] 1251825K->836577K(4141888K), 0.0055835 secs] [Times: user=0.04 sys=0.00, real=0.01 secs] 
290780.894: [GC (Allocation Failure) 290780.894: [ParNew: 425558K->6155K(471872K), 0.0050162 secs] 1255895K->836545K(4141888K), 0.0050873 secs] [Times: user=0.04 sys=0.00, real=0.00 secs] 
290784.439: [GC (Allocation Failure) 290784.439: [ParNew: 425611K->1820K(471872K), 0.0049720 secs] 1256001K->832350K(4141888K), 0.0050570 secs] [Times: user=0.04 sys=0.00, real=0.01 secs] 
290786.546: [GC (Allocation Failure) 290786.546: [ParNew: 421276K->5185K(471872K), 0.0054629 secs] 1251806K->835939K(4141888K), 0.0055474 secs] [Times: user=0.04 sys=0.00, real=0.00 secs] 
290789.474: [GC (Allocation Failure) 290789.474: [ParNew: 424641K->6927K(471872K), 0.0056908 secs] 1255395K->837959K(4141888K), 0.0058013 secs] [Times: user=0.04 sys=0.00, real=0.00 secs] 
290792.449: [GC (Allocation Failure) 290792.449: [ParNew: 426383K->7355K(471872K), 0.0051183 secs] 1257415K->838546K(4141888K), 0.0052055 secs] [Times: user=0.04 sys=0.00, real=0.01 secs] 
290794.418: [GC (Allocation Failure) 290794.418: [ParNew: 426811K->4771K(471872K), 0.0055918 secs] 1258002K->836123K(4141888K), 0.0056826 secs] [Times: user=0.04 sys=0.00, real=0.01 secs] 
290796.630: [GC (Allocation Failure) 290796.630: [ParNew: 424227K->6385K(471872K), 0.0048504 secs] 1255579K->837854K(4141888K), 0.0049165 secs] [Times: user=0.03 sys=0.00, real=0.01 secs] 
290811.396: [GC (Allocation Failure) 290811.396: [ParNew: 425841K->6477K(471872K), 0.0062130 secs] 1257310K->837984K(4141888K), 0.0062912 secs] [Times: user=0.04 sys=0.00, real=0.00 secs] 
290827.360: [GC (Allocation Failure) 290827.360: [ParNew: 425458K->14409K(471872K), 0.0059312 secs] 1256966K->846635K(4141888K), 0.0060317 secs] [Times: user=0.04 sys=0.00, real=0.01 secs] 
290872.417: [GC (Allocation Failure) 290872.417: [ParNew: 433865K->9372K(471872K), 0.0143452 secs] 1266091K->842282K(4141888K), 0.0144512 secs] [Times: user=0.10 sys=0.01, real=0.01 secs] 
290888.367: [GC (Allocation Failure) 290888.367: [ParNew: 428828K->10360K(471872K), 0.0064420 secs] 1261738K->844002K(4141888K), 0.0065386 secs] [Times: user=0.05 sys=0.00, real=0.00 secs] 
290915.998: [GC (Allocation Failure) 290915.998: [ParNew: 429816K->4894K(471872K), 0.0051210 secs] 1263458K->838852K(4141888K), 0.0051956 secs] [Times: user=0.04 sys=0.00, real=0.00 secs] 
290945.371: [GC (Allocation Failure) 290945.371: [ParNew: 424350K->14240K(471872K), 0.0062993 secs] 1258308K->848659K(4141888K), 0.0064073 secs] [Times: user=0.04 sys=0.00, real=0.01 secs] 
290966.532: [GC (Allocation Failure) 290966.532: [ParNew: 433604K->5127K(471872K), 0.0054577 secs] 1268022K->840014K(4141888K), 0.0055305 secs] [Times: user=0.04 sys=0.00, real=0.01 secs] 
290974.889: [GC (Allocation Failure) 290974.890: [ParNew: 424583K->2756K(471872K), 0.0063963 secs] 1259470K->840505K(4141888K), 0.0064830 secs] [Times: user=0.04 sys=0.00, real=0.01 secs] 
290979.789: [GC (Allocation Failure) 290979.789: [ParNew: 422195K->1290K(471872K), 0.0052041 secs] 1259945K->839322K(4141888K), 0.0052998 secs] [Times: user=0.04 sys=0.00, real=0.01 secs] 
290987.584: [GC (Allocation Failure) 290987.584: [ParNew: 420720K->1775K(471872K), 0.0050687 secs] 1258751K->839885K(4141888K), 0.0051543 secs] [Times: user=0.04 sys=0.01, real=0.01 secs] 
290992.927: [GC (Allocation Failure) 290992.927: [ParNew: 421231K->1169K(471872K), 0.0066347 secs] 1259341K->839490K(4141888K), 0.0067294 secs] [Times: user=0.04 sys=0.00, real=0.01 secs] 
290994.880: [GC (Allocation Failure) 290994.880: [ParNew: 420562K->2309K(471872K), 0.0064680 secs] 1258883K->840805K(4141888K), 0.0065628 secs] [Times: user=0.04 sys=0.00, real=0.01 secs] 
290996.630: [GC (Allocation Failure) 290996.630: [ParNew: 421661K->2382K(471872K), 0.0064758 secs] 1260157K->842319K(4141888K), 0.0065619 secs] [Times: user=0.05 sys=0.00, real=0.01 secs] 
290999.715: [GC (Allocation Failure) 290999.715: [ParNew: 421830K->2695K(471872K), 0.0051728 secs] 1261768K->842806K(4141888K), 0.0052657 secs] [Times: user=0.04 sys=0.00, real=0.00 secs] 
291001.093: [GC (Allocation Failure) 291001.093: [ParNew: 422151K->3965K(471872K), 0.0048599 secs] 1262262K->844164K(4141888K), 0.0049302 secs] [Times: user=0.04 sys=0.00, real=0.01 secs] 
291003.718: [GC (Allocation Failure) 291003.718: [ParNew: 423421K->1390K(471872K), 0.0054401 secs] 1263620K->843004K(4141888K), 0.0055205 secs] [Times: user=0.04 sys=0.00, real=0.00 secs] 
291006.602: [GC (Allocation Failure) 291006.602: [ParNew: 420846K->2361K(471872K), 0.0054226 secs] 1262460K->844135K(4141888K), 0.0055252 secs] [Times: user=0.04 sys=0.00, real=0.01 secs] 
291017.320: [GC (Allocation Failure) 291017.320: [ParNew: 421817K->2221K(471872K), 0.0052746 secs] 1263591K->844368K(4141888K), 0.0053778 secs] [Times: user=0.04 sys=0.00, real=0.01 secs] 
291049.842: [GC (Allocation Failure) 291049.842: [ParNew: 421677K->1558K(471872K), 0.0059224 secs] 1263824K->845122K(4141888K), 0.0060118 secs] [Times: user=0.04 sys=0.01, real=0.01 secs] 
291066.389: [GC (Allocation Failure) 291066.389: [ParNew: 421014K->13925K(471872K), 0.0066242 secs] 1264578K->858059K(4141888K), 0.0067384 secs] [Times: user=0.05 sys=0.00, real=0.01 secs] 
291075.298: [GC (Allocation Failure) 291075.298: [ParNew: 433381K->15163K(471872K), 0.0056988 secs] 1277515K->859810K(4141888K), 0.0057849 secs] [Times: user=0.04 sys=0.00, real=0.00 secs] 
291122.396: [GC (Allocation Failure) 291122.396: [ParNew: 434619K->12835K(471872K), 0.0078947 secs] 1279266K->857718K(4141888K), 0.0080006 secs] [Times: user=0.05 sys=0.00, real=0.01 secs] 
291136.832: [GC (Allocation Failure) 291136.832: [ParNew: 432291K->4026K(471872K), 0.0053460 secs] 1277174K->849570K(4141888K), 0.0054323 secs] [Times: user=0.04 sys=0.00, real=0.01 secs] 
291163.109: [GC (Allocation Failure) 291163.109: [ParNew: 423482K->2170K(471872K), 0.0055464 secs] 1269026K->849226K(4141888K), 0.0056244 secs] [Times: user=0.04 sys=0.00, real=0.01 secs] 
291174.975: [GC (Allocation Failure) 291174.975: [ParNew: 421549K->2017K(471872K), 0.0062270 secs] 1268605K->850182K(4141888K), 0.0063092 secs] [Times: user=0.04 sys=0.00, real=0.00 secs] 
291189.385: [GC (Allocation Failure) 291189.385: [ParNew: 421473K->9361K(471872K), 0.0054147 secs] 1269638K->857666K(4141888K), 0.0054954 secs] [Times: user=0.04 sys=0.00, real=0.00 secs] 
291223.056: [GC (Allocation Failure) 291223.056: [ParNew: 428817K->3590K(471872K), 0.0067135 secs] 1277122K->852242K(4141888K), 0.0067889 secs] [Times: user=0.04 sys=0.00, real=0.00 secs] 
291244.321: [GC (Allocation Failure) 291244.321: [ParNew: 422429K->8065K(471872K), 0.0085071 secs] 1271081K->857362K(4141888K), 0.0086000 secs] [Times: user=0.05 sys=0.00, real=0.01 secs] 
291272.065: [GC (Allocation Failure) 291272.065: [ParNew: 427521K->4193K(471872K), 0.0070069 secs] 1276818K->854050K(4141888K), 0.0071113 secs] [Times: user=0.05 sys=0.00, real=0.00 secs] 
291310.449: [GC (Allocation Failure) 291310.449: [ParNew: 423649K->12559K(471872K), 0.0071891 secs] 1273506K->863008K(4141888K), 0.0073013 secs] [Times: user=0.05 sys=0.00, real=0.01 secs] 
291324.261: [GC (Allocation Failure) 291324.261: [ParNew: 432015K->7644K(471872K), 0.0053640 secs] 1282464K->858585K(4141888K), 0.0054841 secs] [Times: user=0.04 sys=0.00, real=0.01 secs] 
291364.311: [GC (Allocation Failure) 291364.311: [ParNew: 427027K->16032K(471872K), 0.0059347 secs] 1277969K->867143K(4141888K), 0.0060256 secs] [Times: user=0.05 sys=0.00, real=0.01 secs] 
291380.446: [GC (Allocation Failure) 291380.447: [ParNew: 434432K->14143K(471872K), 0.0062864 secs] 1285544K->866882K(4141888K), 0.0063953 secs] [Times: user=0.05 sys=0.00, real=0.00 secs] 
291425.311: [GC (Allocation Failure) 291425.311: [ParNew: 433599K->4468K(471872K), 0.0068764 secs] 1286338K->857412K(4141888K), 0.0069529 secs] [Times: user=0.04 sys=0.00, real=0.01 secs] 
291433.437: [GC (Allocation Failure) 291433.437: [ParNew: 422637K->6828K(471872K), 0.0060129 secs] 1275582K->860814K(4141888K), 0.0061084 secs] [Times: user=0.04 sys=0.00, real=0.00 secs] 
291438.553: [GC (Allocation Failure) 291438.553: [ParNew: 426284K->3635K(471872K), 0.0052414 secs] 1280270K->857984K(4141888K), 0.0053169 secs] [Times: user=0.04 sys=0.00, real=0.01 secs] 
291445.429: [GC (Allocation Failure) 291445.429: [ParNew: 423091K->2575K(471872K), 0.0049163 secs] 1277440K->857027K(4141888K), 0.0050005 secs] [Times: user=0.04 sys=0.00, real=0.01 secs] 
291461.607: [GC (Allocation Failure) 291461.607: [ParNew: 422031K->1430K(471872K), 0.0055592 secs] 1276483K->857387K(4141888K), 0.0056471 secs] [Times: user=0.05 sys=0.00, real=0.00 secs] 
291486.331: [GC (Allocation Failure) 291486.331: [ParNew: 419979K->11611K(471872K), 0.0059948 secs] 1275936K->867985K(4141888K), 0.0060961 secs] [Times: user=0.05 sys=0.00, real=0.01 secs] 
291500.346: [GC (Allocation Failure) 291500.346: [ParNew: 431067K->3788K(471872K), 0.0053616 secs] 1287441K->860718K(4141888K), 0.0054394 secs] [Times: user=0.04 sys=0.00, real=0.00 secs] 
291546.507: [GC (Allocation Failure) 291546.507: [ParNew: 423244K->12754K(471872K), 0.0059731 secs] 1280174K->869841K(4141888K), 0.0060804 secs] [Times: user=0.04 sys=0.00, real=0.00 secs] 
291558.160: [GC (Allocation Failure) 291558.160: [ParNew: 432210K->4044K(471872K), 0.0057851 secs] 1289297K->861851K(4141888K), 0.0058770 secs] [Times: user=0.04 sys=0.00, real=0.01 secs] 
291587.150: [GC (Allocation Failure) 291587.150: [ParNew: 423500K->2961K(471872K), 0.0055823 secs] 1281307K->861315K(4141888K), 0.0056668 secs] [Times: user=0.04 sys=0.00, real=0.01 secs] 
291613.055: [GC (Allocation Failure) 291613.055: [ParNew: 422417K->3024K(471872K), 0.0051141 secs] 1280771K->861911K(4141888K), 0.0051916 secs] [Times: user=0.03 sys=0.01, real=0.00 secs] 
291641.442: [GC (Allocation Failure) 291641.442: [ParNew: 422480K->3150K(471872K), 0.0055350 secs] 1281367K->862754K(4141888K), 0.0056178 secs] [Times: user=0.04 sys=0.00, real=0.01 secs] 
291669.351: [GC (Allocation Failure) 291669.351: [ParNew: 421754K->16441K(471872K), 0.0060176 secs] 1281359K->876352K(4141888K), 0.0061226 secs] [Times: user=0.05 sys=0.00, real=0.01 secs] 
291682.753: [GC (Allocation Failure) 291682.753: [ParNew: 435876K->3878K(471872K), 0.0055033 secs] 1295787K->865495K(4141888K), 0.0055859 secs] [Times: user=0.04 sys=0.00, real=0.01 secs] 
291701.829: [GC (Allocation Failure) 291701.829: [ParNew: 423279K->9409K(471872K), 0.0055467 secs] 1284896K->871193K(4141888K), 0.0056373 secs] [Times: user=0.04 sys=0.00, real=0.01 secs] 
291702.296: [GC (Allocation Failure) 291702.296: [ParNew: 428865K->3783K(471872K), 0.0061915 secs] 1290649K->872183K(4141888K), 0.0062835 secs] [Times: user=0.04 sys=0.00, real=0.00 secs] 
291702.779: [GC (Allocation Failure) 291702.779: [ParNew: 423239K->2961K(471872K), 0.0052946 secs] 1291639K->871405K(4141888K), 0.0053761 secs] [Times: user=0.04 sys=0.00, real=0.01 secs] 
291726.173: [GC (Allocation Failure) 291726.173: [ParNew: 422273K->3419K(471872K), 0.0052534 secs] 1290716K->871893K(4141888K), 0.0053310 secs] [Times: user=0.04 sys=0.00, real=0.01 secs] 
291741.846: [GC (Allocation Failure) 291741.846: [ParNew: 422875K->3974K(471872K), 0.0058919 secs] 1291349K->872894K(4141888K), 0.0059735 secs] [Times: user=0.04 sys=0.00, real=0.00 secs] 
291754.202: [GC (Allocation Failure) 291754.202: [ParNew: 423430K->3310K(471872K), 0.0050686 secs] 1292350K->872787K(4141888K), 0.0051544 secs] [Times: user=0.04 sys=0.00, real=0.01 secs] 
291790.388: [GC (Allocation Failure) 291790.388: [ParNew: 422766K->12435K(471872K), 0.0066881 secs] 1292243K->882066K(4141888K), 0.0067909 secs] [Times: user=0.05 sys=0.00, real=0.01 secs] 
291804.353: [GC (Allocation Failure) 291804.353: [ParNew: 431891K->16853K(471872K), 0.0091746 secs] 1301522K->888142K(4141888K), 0.0092959 secs] [Times: user=0.06 sys=0.01, real=0.01 secs] 
291848.435: [GC (Allocation Failure) 291848.435: [ParNew: 436309K->15969K(471872K), 0.0070506 secs] 1307598K->887388K(4141888K), 0.0071558 secs] [Times: user=0.05 sys=0.00, real=0.00 secs] 
291862.748: [GC (Allocation Failure) 291862.748: [ParNew: 435425K->5469K(471872K), 0.0093705 secs] 1306844K->877706K(4141888K), 0.0094778 secs] [Times: user=0.05 sys=0.00, real=0.01 secs] 
291873.993: [GC (Allocation Failure) 291873.993: [ParNew: 424925K->3879K(471872K), 0.0075882 secs] 1297162K->876762K(4141888K), 0.0076751 secs] [Times: user=0.04 sys=0.01, real=0.01 secs] 
291883.762: [GC (Allocation Failure) 291883.762: [ParNew: 423335K->2281K(471872K), 0.0079975 secs] 1296218K->876650K(4141888K), 0.0080781 secs] [Times: user=0.04 sys=0.00, real=0.01 secs] 
291894.649: [GC (Allocation Failure) 291894.649: [ParNew: 421737K->1064K(471872K), 0.0053677 secs] 1296106K->876010K(4141888K), 0.0054380 secs] [Times: user=0.04 sys=0.00, real=0.01 secs] 
291921.395: [GC (Allocation Failure) 291921.395: [ParNew: 420520K->7385K(471872K), 0.0057223 secs] 1295466K->882760K(4141888K), 0.0058098 secs] [Times: user=0.04 sys=0.00, real=0.00 secs] 
291931.359: [GC (Allocation Failure) 291931.359: [ParNew: 426841K->3723K(471872K), 0.0055141 secs] 1302216K->879953K(4141888K), 0.0055970 secs] [Times: user=0.04 sys=0.00, real=0.01 secs] 
291970.366: [GC (Allocation Failure) 291970.366: [ParNew: 423179K->8149K(471872K), 0.0059509 secs] 1299409K->885967K(4141888K), 0.0060627 secs] [Times: user=0.05 sys=0.00, real=0.00 secs] 
291984.739: [GC (Allocation Failure) 291984.739: [ParNew: 427605K->3540K(471872K), 0.0056982 secs] 1305423K->882912K(4141888K), 0.0058036 secs] [Times: user=0.04 sys=0.00, real=0.01 secs] 
291991.351: [GC (Allocation Failure) 291991.351: [ParNew: 422996K->2814K(471872K), 0.0064137 secs] 1302368K->882512K(4141888K), 0.0064876 secs] [Times: user=0.04 sys=0.00, real=0.01 secs] 
292002.631: [GC (Allocation Failure) 292002.632: [ParNew: 422270K->1610K(471872K), 0.0060339 secs] 1301968K->882770K(4141888K), 0.0061201 secs] [Times: user=0.05 sys=0.00, real=0.01 secs] 
292008.127: [GC (Allocation Failure) 292008.127: [ParNew: 421066K->895K(471872K), 0.0049032 secs] 1302226K->882312K(4141888K), 0.0049793 secs] [Times: user=0.04 sys=0.00, real=0.00 secs] 
292014.355: [GC (Allocation Failure) 292014.355: [ParNew: 420351K->963K(471872K), 0.0051388 secs] 1301768K->882619K(4141888K), 0.0052073 secs] [Times: user=0.04 sys=0.00, real=0.00 secs] 
292038.304: [GC (Allocation Failure) 292038.304: [ParNew: 420419K->13705K(471872K), 0.0051134 secs] 1302075K->895447K(4141888K), 0.0051982 secs] [Times: user=0.04 sys=0.00, real=0.00 secs] 
292048.217: [GC (Allocation Failure) 292048.217: [ParNew: 433161K->2798K(471872K), 0.0075114 secs] 1314903K->885389K(4141888K), 0.0075947 secs] [Times: user=0.05 sys=0.00, real=0.01 secs] 
292081.948: [GC (Allocation Failure) 292081.948: [ParNew: 422166K->3839K(471872K), 0.0073233 secs] 1304758K->887056K(4141888K), 0.0073980 secs] [Times: user=0.05 sys=0.00, real=0.01 secs] 
292096.391: [GC (Allocation Failure) 292096.391: [ParNew: 423295K->13385K(471872K), 0.0068859 secs] 1306512K->897207K(4141888K), 0.0069996 secs] [Times: user=0.05 sys=0.00, real=0.01 secs] 
292112.400: [GC (Allocation Failure) 292112.400: [ParNew: 432841K->11677K(471872K), 0.0062117 secs] 1316663K->895916K(4141888K), 0.0063109 secs] [Times: user=0.05 sys=0.00, real=0.01 secs] 
292148.535: [GC (Allocation Failure) 292148.535: [ParNew: 431133K->6619K(471872K), 0.0058231 secs] 1315372K->892396K(4141888K), 0.0059074 secs] [Times: user=0.05 sys=0.00, real=0.00 secs] 
292159.845: [GC (Allocation Failure) 292159.845: [ParNew: 426075K->3735K(471872K), 0.0054856 secs] 1311852K->891115K(4141888K), 0.0055715 secs] [Times: user=0.04 sys=0.00, real=0.00 secs] 
292166.323: [GC (Allocation Failure) 292166.323: [ParNew: 423191K->15418K(471872K), 0.0063152 secs] 1310571K->903253K(4141888K), 0.0064065 secs] [Times: user=0.05 sys=0.00, real=0.01 secs] 
292181.531: [GC (Allocation Failure) 292181.531: [ParNew: 434874K->4502K(471872K), 0.0049353 secs] 1322709K->892611K(4141888K), 0.0050119 secs] [Times: user=0.03 sys=0.01, real=0.01 secs] 
292217.344: [GC (Allocation Failure) 292217.344: [ParNew: 423958K->12181K(471872K), 0.0068788 secs] 1312067K->900730K(4141888K), 0.0069722 secs] [Times: user=0.05 sys=0.00, real=0.00 secs] 
292231.362: [GC (Allocation Failure) 292231.362: [ParNew: 431637K->18622K(471872K), 0.0068638 secs] 1320186K->907993K(4141888K), 0.0069688 secs] [Times: user=0.05 sys=0.00, real=0.01 secs] 
292278.396: [GC (Allocation Failure) 292278.396: [ParNew: 438078K->15978K(471872K), 0.0066840 secs] 1327449K->905852K(4141888K), 0.0068098 secs] [Times: user=0.05 sys=0.00, real=0.00 secs] 
292288.373: [GC (Allocation Failure) 292288.373: [ParNew: 435054K->18318K(471872K), 0.0060865 secs] 1324928K->908937K(4141888K), 0.0061983 secs] [Times: user=0.04 sys=0.00, real=0.01 secs] 
292305.028: [GC (Allocation Failure) 292305.029: [ParNew: 437774K->4706K(471872K), 0.0051403 secs] 1328393K->895862K(4141888K), 0.0052340 secs] [Times: user=0.04 sys=0.00, real=0.01 secs] 
292340.278: [GC (Allocation Failure) 292340.278: [ParNew: 424162K->3752K(471872K), 0.0058200 secs] 1315318K->895205K(4141888K), 0.0059051 secs] [Times: user=0.04 sys=0.00, real=0.01 secs] 
292352.337: [GC (Allocation Failure) 292352.337: [ParNew: 423208K->12687K(471872K), 0.0067477 secs] 1314661K->904866K(4141888K), 0.0068497 secs] [Times: user=0.04 sys=0.00, real=0.01 secs] 
292394.248: [GC (Allocation Failure) 292394.249: [ParNew: 432143K->6383K(471872K), 0.0055985 secs] 1324322K->898731K(4141888K), 0.0057201 secs] [Times: user=0.05 sys=0.00, real=0.01 secs] 
292410.377: [GC (Allocation Failure) 292410.377: [ParNew: 425839K->13461K(471872K), 0.0056194 secs] 1318187K->906472K(4141888K), 0.0057355 secs] [Times: user=0.04 sys=0.00, real=0.00 secs] 
292445.150: [GC (Allocation Failure) 292445.150: [ParNew: 432917K->3357K(471872K), 0.0050817 secs] 1325928K->896854K(4141888K), 0.0051517 secs] [Times: user=0.04 sys=0.00, real=0.01 secs] 
292471.328: [GC (Allocation Failure) 292471.328: [ParNew: 422813K->5911K(471872K), 0.0056722 secs] 1316310K->900245K(4141888K), 0.0057586 secs] [Times: user=0.05 sys=0.00, real=0.01 secs] 
292496.868: [GC (Allocation Failure) 292496.868: [ParNew: 425367K->3121K(471872K), 0.0052245 secs] 1319701K->898287K(4141888K), 0.0053036 secs] [Times: user=0.04 sys=0.00, real=0.00 secs] 
292526.404: [GC (Allocation Failure) 292526.404: [ParNew: 421544K->18661K(471872K), 0.0059658 secs] 1316710K->914524K(4141888K), 0.0060700 secs] [Times: user=0.04 sys=0.00, real=0.00 secs] 
292538.246: [GC (Allocation Failure) 292538.246: [ParNew: 438117K->4828K(471872K), 0.0051229 secs] 1333980K->901355K(4141888K), 0.0052236 secs] [Times: user=0.04 sys=0.00, real=0.00 secs] 
292580.426: [GC (Allocation Failure) 292580.426: [ParNew: 424284K->11107K(471872K), 0.0066272 secs] 1320811K->907913K(4141888K), 0.0067282 secs] [Times: user=0.05 sys=0.00, real=0.00 secs] 
292593.819: [GC (Allocation Failure) 292593.819: [ParNew: 430563K->6976K(471872K), 0.0054897 secs] 1327369K->905292K(4141888K), 0.0055785 secs] [Times: user=0.03 sys=0.00, real=0.01 secs] 
292622.244: [GC (Allocation Failure) 292622.244: [ParNew: 426432K->4849K(471872K), 0.0053816 secs] 1324748K->903539K(4141888K), 0.0054606 secs] [Times: user=0.04 sys=0.00, real=0.00 secs] 
292644.339: [GC (Allocation Failure) 292644.340: [ParNew: 423809K->17449K(471872K), 0.0060556 secs] 1322498K->916695K(4141888K), 0.0061536 secs] [Times: user=0.05 sys=0.00, real=0.01 secs] 
292655.143: [GC (Allocation Failure) 292655.143: [ParNew: 436905K->4210K(471872K), 0.0049595 secs] 1336151K->904112K(4141888K), 0.0050380 secs] [Times: user=0.04 sys=0.00, real=0.01 secs] 
292678.952: [GC (Allocation Failure) 292678.952: [ParNew: 423666K->4201K(471872K), 0.0051492 secs] 1323568K->904333K(4141888K), 0.0052260 secs] [Times: user=0.03 sys=0.00, real=0.01 secs] 
292688.146: [GC (Allocation Failure) 292688.146: [ParNew: 423657K->2503K(471872K), 0.0062637 secs] 1323789K->905119K(4141888K), 0.0063500 secs] [Times: user=0.05 sys=0.00, real=0.00 secs] 
292696.964: [GC (Allocation Failure) 292696.965: [ParNew: 421959K->1386K(471872K), 0.0049860 secs] 1324575K->904267K(4141888K), 0.0050572 secs] [Times: user=0.03 sys=0.00, real=0.00 secs] 
292700.049: [GC (Allocation Failure) 292700.049: [ParNew: 420842K->2598K(471872K), 0.0050435 secs] 1323723K->905868K(4141888K), 0.0051182 secs] [Times: user=0.04 sys=0.00, real=0.01 secs] 
292702.366: [GC (Allocation Failure) 292702.366: [ParNew: 422054K->4492K(471872K), 0.0053103 secs] 1325324K->908122K(4141888K), 0.0053949 secs] [Times: user=0.04 sys=0.00, real=0.00 secs] 
292705.411: [GC (Allocation Failure) 292705.411: [ParNew: 423948K->17756K(471872K), 0.0072976 secs] 1327578K->921588K(4141888K), 0.0073919 secs] [Times: user=0.05 sys=0.00, real=0.01 secs] 
292708.993: [GC (Allocation Failure) 292708.993: [ParNew: 437212K->9214K(471872K), 0.0052438 secs] 1341044K->913159K(4141888K), 0.0053164 secs] [Times: user=0.04 sys=0.00, real=0.01 secs] 
292709.945: [GC (Allocation Failure) 292709.945: [ParNew: 428670K->4066K(471872K), 0.0047012 secs] 1332615K->908268K(4141888K), 0.0047718 secs] [Times: user=0.03 sys=0.00, real=0.00 secs] 
292712.619: [GC (Allocation Failure) 292712.619: [ParNew: 423522K->1766K(471872K), 0.0052910 secs] 1327724K->907440K(4141888K), 0.0053801 secs] [Times: user=0.04 sys=0.00, real=0.01 secs] 
292715.162: [GC (Allocation Failure) 292715.162: [ParNew: 421222K->2712K(471872K), 0.0049425 secs] 1326896K->908829K(4141888K), 0.0050120 secs] [Times: user=0.03 sys=0.00, real=0.01 secs] 
292717.099: [GC (Allocation Failure) 292717.099: [ParNew: 422168K->2767K(471872K), 0.0051232 secs] 1328285K->909249K(4141888K), 0.0052059 secs] [Times: user=0.04 sys=0.00, real=0.01 secs] 
292719.314: [GC (Allocation Failure) 292719.314: [ParNew: 421690K->17644K(471872K), 0.0060318 secs] 1328172K->924340K(4141888K), 0.0061187 secs] [Times: user=0.05 sys=0.00, real=0.00 secs] 
292754.618: [GC (Allocation Failure) 292754.618: [ParNew: 437014K->4770K(471872K), 0.0057702 secs] 1343710K->911561K(4141888K), 0.0058948 secs] [Times: user=0.05 sys=0.00, real=0.00 secs] 
292772.461: [GC (Allocation Failure) 292772.461: [ParNew: 424226K->3869K(471872K), 0.0055508 secs] 1331017K->912043K(4141888K), 0.0056417 secs] [Times: user=0.05 sys=0.00, real=0.01 secs] 
292780.687: [GC (Allocation Failure) 292780.687: [ParNew: 423316K->3099K(471872K), 0.0051554 secs] 1331489K->911886K(4141888K), 0.0052394 secs] [Times: user=0.04 sys=0.00, real=0.00 secs] 
292788.280: [GC (Allocation Failure) 292788.280: [ParNew: 422554K->3168K(471872K), 0.0056724 secs] 1331341K->912185K(4141888K), 0.0057466 secs] [Times: user=0.04 sys=0.00, real=0.01 secs] 
292800.285: [GC (Allocation Failure) 292800.285: [ParNew: 422624K->1285K(471872K), 0.0055098 secs] 1331641K->912193K(4141888K), 0.0055822 secs] [Times: user=0.04 sys=0.00, real=0.00 secs] 
292809.459: [GC (Allocation Failure) 292809.459: [ParNew: 420741K->1040K(471872K), 0.0053084 secs] 1331649K->912193K(4141888K), 0.0053900 secs] [Times: user=0.04 sys=0.00, real=0.01 secs] 
292817.510: [GC (Allocation Failure) 292817.510: [ParNew: 420496K->777K(471872K), 0.0049171 secs] 1331649K->912135K(4141888K), 0.0050059 secs] [Times: user=0.04 sys=0.00, real=0.01 secs] 
292826.324: [GC (Allocation Failure) 292826.324: [ParNew: 420233K->3046K(471872K), 0.0053516 secs] 1331591K->914520K(4141888K), 0.0054383 secs] [Times: user=0.04 sys=0.00, real=0.00 secs] 
292831.334: [GC (Allocation Failure) 292831.334: [ParNew: 422502K->11190K(471872K), 0.0052484 secs] 1333976K->922983K(4141888K), 0.0053404 secs] [Times: user=0.04 sys=0.00, real=0.00 secs] 
292836.330: [GC (Allocation Failure) 292836.330: [ParNew: 430528K->16209K(471872K), 0.0061830 secs] 1342321K->928165K(4141888K), 0.0063015 secs] [Times: user=0.05 sys=0.00, real=0.01 secs] 
292838.285: [GC (Allocation Failure) 292838.285: [ParNew: 435665K->3846K(471872K), 0.0047469 secs] 1347621K->915921K(4141888K), 0.0048215 secs] [Times: user=0.03 sys=0.00, real=0.00 secs] 
292840.863: [GC (Allocation Failure) 292840.863: [ParNew: 423302K->3099K(471872K), 0.0050683 secs] 1335377K->915376K(4141888K), 0.0051526 secs] [Times: user=0.04 sys=0.00, real=0.01 secs] 
292859.526: [GC (Allocation Failure) 292859.526: [ParNew: 422555K->3028K(471872K), 0.0051545 secs] 1334832K->915386K(4141888K), 0.0052535 secs] [Times: user=0.03 sys=0.00, real=0.00 secs] 
292888.428: [GC (Allocation Failure) 292888.428: [ParNew: 421189K->17722K(471872K), 0.0062602 secs] 1333548K->930889K(4141888K), 0.0063729 secs] [Times: user=0.04 sys=0.00, real=0.01 secs] 
292898.402: [GC (Allocation Failure) 292898.402: [ParNew: 434872K->17681K(471872K), 0.0062233 secs] 1348040K->931548K(4141888K), 0.0063383 secs] [Times: user=0.05 sys=0.00, real=0.01 secs] 
292918.615: [GC (Allocation Failure) 292918.615: [ParNew: 437137K->4238K(471872K), 0.0052929 secs] 1351004K->918605K(4141888K), 0.0053648 secs] [Times: user=0.04 sys=0.01, real=0.00 secs] 
292953.426: [GC (Allocation Failure) 292953.426: [ParNew: 423694K->16985K(471872K), 0.0060098 secs] 1338061K->931691K(4141888K), 0.0061195 secs] [Times: user=0.04 sys=0.00, real=0.00 secs] 
292969.845: [GC (Allocation Failure) 292969.845: [ParNew: 436441K->4319K(471872K), 0.0056012 secs] 1351147K->920183K(4141888K), 0.0056745 secs] [Times: user=0.04 sys=0.00, real=0.00 secs] 
292998.131: [GC (Allocation Failure) 292998.131: [ParNew: 423775K->2347K(471872K), 0.0058468 secs] 1339639K->919877K(4141888K), 0.0059406 secs] [Times: user=0.05 sys=0.00, real=0.01 secs] 
293020.309: [GC (Allocation Failure) 293020.309: [ParNew: 421803K->13846K(471872K), 0.0062745 secs] 1339333K->932936K(4141888K), 0.0063877 secs] [Times: user=0.05 sys=0.00, real=0.01 secs] 
293063.380: [GC (Allocation Failure) 293063.380: [ParNew: 433302K->4453K(471872K), 0.0153768 secs] 1352392K->923861K(4141888K), 0.0154767 secs] [Times: user=0.06 sys=0.00, real=0.02 secs] 
293081.358: [GC (Allocation Failure) 293081.358: [ParNew: 423893K->11440K(471872K), 0.0071491 secs] 1343301K->931745K(4141888K), 0.0072592 secs] [Times: user=0.05 sys=0.00, real=0.01 secs] 
293098.807: [GC (Allocation Failure) 293098.807: [ParNew: 430871K->3960K(471872K), 0.0049603 secs] 1351176K->924654K(4141888K), 0.0050375 secs] [Times: user=0.04 sys=0.00, real=0.00 secs] 
293122.497: [GC (Allocation Failure) 293122.497: [ParNew: 423416K->1528K(471872K), 0.0056010 secs] 1344110K->924012K(4141888K), 0.0056762 secs] [Times: user=0.04 sys=0.01, real=0.00 secs] 
293142.390: [GC (Allocation Failure) 293142.391: [ParNew: 420984K->5212K(471872K), 0.0055728 secs] 1343468K->928242K(4141888K), 0.0056780 secs] [Times: user=0.03 sys=0.00, real=0.01 secs] 
293173.697: [GC (Allocation Failure) 293173.697: [ParNew: 424668K->2358K(471872K), 0.0055524 secs] 1347698K->925643K(4141888K), 0.0056415 secs] [Times: user=0.04 sys=0.00, real=0.00 secs] 
293197.367: [GC (Allocation Failure) 293197.367: [ParNew: 421284K->20554K(471872K), 0.0063258 secs] 1344569K->944278K(4141888K), 0.0064292 secs] [Times: user=0.05 sys=0.00, real=0.01 secs] 
293212.719: [GC (Allocation Failure) 293212.719: [ParNew: 440010K->3999K(471872K), 0.0055502 secs] 1363734K->929149K(4141888K), 0.0056293 secs] [Times: user=0.03 sys=0.00, real=0.01 secs] 
293251.402: [GC (Allocation Failure) 293251.402: [ParNew: 423455K->15076K(471872K), 0.0068356 secs] 1348605K->941920K(4141888K), 0.0069616 secs] [Times: user=0.05 sys=0.01, real=0.01 secs] 
293261.259: [GC (Allocation Failure) 293261.259: [ParNew: 434532K->4405K(471872K), 0.0057475 secs] 1361376K->932146K(4141888K), 0.0058353 secs] [Times: user=0.03 sys=0.00, real=0.01 secs] 
293269.232: [GC (Allocation Failure) 293269.232: [ParNew: 423861K->3168K(471872K), 0.0059731 secs] 1351602K->931480K(4141888K), 0.0060662 secs] [Times: user=0.04 sys=0.00, real=0.01 secs] 
293315.433: [GC (Allocation Failure) 293315.433: [ParNew: 422624K->17166K(471872K), 0.0071086 secs] 1350936K->945643K(4141888K), 0.0072171 secs] [Times: user=0.05 sys=0.00, real=0.01 secs] 
293330.392: [GC (Allocation Failure) 293330.392: [ParNew: 435819K->13366K(471872K), 0.0093781 secs] 1364296K->942633K(4141888K), 0.0094878 secs] [Times: user=0.06 sys=0.00, real=0.01 secs] 
293363.052: [GC (Allocation Failure) 293363.052: [ParNew: 432822K->5013K(471872K), 0.0104364 secs] 1362089K->934478K(4141888K), 0.0105367 secs] [Times: user=0.06 sys=0.00, real=0.01 secs] 
293377.342: [GC (Allocation Failure) 293377.342: [ParNew: 424386K->7596K(471872K), 0.0063741 secs] 1353851K->938891K(4141888K), 0.0064651 secs] [Times: user=0.04 sys=0.01, real=0.01 secs] 
293391.358: [GC (Allocation Failure) 293391.358: [ParNew: 427052K->15010K(471872K), 0.0062658 secs] 1358347K->946678K(4141888K), 0.0063553 secs] [Times: user=0.05 sys=0.00, real=0.01 secs] 
293435.342: [GC (Allocation Failure) 293435.342: [ParNew: 434401K->5474K(471872K), 0.0051724 secs] 1366069K->937343K(4141888K), 0.0052510 secs] [Times: user=0.04 sys=0.00, real=0.01 secs] 
293447.369: [GC (Allocation Failure) 293447.369: [ParNew: 424930K->12625K(471872K), 0.0088536 secs] 1356799K->945605K(4141888K), 0.0089860 secs] [Times: user=0.05 sys=0.00, real=0.01 secs] 
293481.664: [GC (Allocation Failure) 293481.664: [ParNew: 432081K->8353K(471872K), 0.0053451 secs] 1365061K->941890K(4141888K), 0.0054211 secs] [Times: user=0.04 sys=0.00, real=0.00 secs] 
293491.573: [GC (Allocation Failure) 293491.573: [ParNew: 427809K->3460K(471872K), 0.0059879 secs] 1361346K->939164K(4141888K), 0.0060658 secs] [Times: user=0.04 sys=0.00, real=0.01 secs] 
293497.579: [GC (Allocation Failure) 293497.579: [ParNew: 422916K->2970K(471872K), 0.0054101 secs] 1358620K->938883K(4141888K), 0.0054905 secs] [Times: user=0.04 sys=0.00, real=0.01 secs] 
293501.561: [GC (Allocation Failure) 293501.561: [ParNew: 422426K->4101K(471872K), 0.0051105 secs] 1358339K->940492K(4141888K), 0.0052039 secs] [Times: user=0.04 sys=0.00, real=0.01 secs] 
293505.590: [GC (Allocation Failure) 293505.590: [ParNew: 423557K->3970K(471872K), 0.0055915 secs] 1359948K->941021K(4141888K), 0.0056817 secs] [Times: user=0.05 sys=0.00, real=0.01 secs] 
293512.576: [GC (Allocation Failure) 293512.576: [ParNew: 423426K->5413K(471872K), 0.0048585 secs] 1360477K->942557K(4141888K), 0.0049542 secs] [Times: user=0.04 sys=0.00, real=0.00 secs] 
293517.259: [GC (Allocation Failure) 293517.259: [ParNew: 424869K->5123K(471872K), 0.0057002 secs] 1362013K->942485K(4141888K), 0.0057985 secs] [Times: user=0.04 sys=0.01, real=0.01 secs] 
293522.627: [GC (Allocation Failure) 293522.627: [ParNew: 424579K->1859K(471872K), 0.0055048 secs] 1361941K->940974K(4141888K), 0.0056135 secs] [Times: user=0.04 sys=0.00, real=0.00 secs] 
293526.251: [GC (Allocation Failure) 293526.251: [ParNew: 421315K->834K(471872K), 0.0064708 secs] 1360430K->940247K(4141888K), 0.0065628 secs] [Times: user=0.05 sys=0.00, real=0.01 secs] 
293530.669: [GC (Allocation Failure) 293530.669: [ParNew: 419598K->2991K(471872K), 0.0088165 secs] 1359011K->942529K(4141888K), 0.0089382 secs] [Times: user=0.05 sys=0.00, real=0.01 secs] 
293534.434: [GC (Allocation Failure) 293534.434: [ParNew: 422447K->2246K(471872K), 0.0061249 secs] 1361985K->941922K(4141888K), 0.0062203 secs] [Times: user=0.04 sys=0.00, real=0.00 secs] 
293538.376: [GC (Allocation Failure) 293538.376: [ParNew: 421702K->2407K(471872K), 0.0050639 secs] 1361378K->942184K(4141888K), 0.0051555 secs] [Times: user=0.04 sys=0.00, real=0.00 secs] 
293541.241: [GC (Allocation Failure) 293541.241: [ParNew: 421863K->1903K(471872K), 0.0059811 secs] 1361640K->942742K(4141888K), 0.0060971 secs] [Times: user=0.04 sys=0.00, real=0.01 secs] 
293549.020: [GC (Allocation Failure) 293549.020: [ParNew: 421185K->1980K(471872K), 0.0047856 secs] 1362024K->943074K(4141888K), 0.0048672 secs] [Times: user=0.04 sys=0.00, real=0.01 secs] 
293553.346: [GC (Allocation Failure) 293553.346: [ParNew: 421077K->2774K(471872K), 0.0053353 secs] 1362171K->944830K(4141888K), 0.0054158 secs] [Times: user=0.04 sys=0.00, real=0.00 secs] 
293557.064: [GC (Allocation Failure) 293557.064: [ParNew: 422230K->5080K(471872K), 0.0051979 secs] 1364286K->947326K(4141888K), 0.0052757 secs] [Times: user=0.04 sys=0.00, real=0.00 secs] 
293560.348: [GC (Allocation Failure) 293560.348: [ParNew: 424384K->17469K(471872K), 0.0059564 secs] 1366630K->959936K(4141888K), 0.0060710 secs] [Times: user=0.04 sys=0.00, real=0.01 secs] 
293562.406: [GC (Allocation Failure) 293562.406: [ParNew: 436925K->4622K(471872K), 0.0050639 secs] 1379392K->947306K(4141888K), 0.0051396 secs] [Times: user=0.04 sys=0.00, real=0.00 secs] 
293563.929: [GC (Allocation Failure) 293563.929: [ParNew: 423935K->5162K(471872K), 0.0050433 secs] 1366619K->947935K(4141888K), 0.0051409 secs] [Times: user=0.04 sys=0.00, real=0.01 secs] 
293568.737: [GC (Allocation Failure) 293568.737: [ParNew: 424618K->2865K(471872K), 0.0050063 secs] 1367391K->945774K(4141888K), 0.0050821 secs] [Times: user=0.03 sys=0.00, real=0.00 secs] 
293572.377: [GC (Allocation Failure) 293572.378: [ParNew: 422321K->15759K(471872K), 0.0060016 secs] 1365230K->958916K(4141888K), 0.0060932 secs] [Times: user=0.04 sys=0.00, real=0.00 secs] 
293575.349: [GC (Allocation Failure) 293575.349: [ParNew: 435047K->5567K(471872K), 0.0055255 secs] 1378204K->948906K(4141888K), 0.0055957 secs] [Times: user=0.05 sys=0.00, real=0.01 secs] 
293582.288: [GC (Allocation Failure) 293582.288: [ParNew: 425023K->5321K(471872K), 0.0052682 secs] 1368362K->948848K(4141888K), 0.0053469 secs] [Times: user=0.04 sys=0.00, real=0.00 secs] 
293583.123: [GC (Allocation Failure) 293583.123: [ParNew: 424604K->4080K(471872K), 0.0058164 secs] 1368130K->950159K(4141888K), 0.0058962 secs] [Times: user=0.04 sys=0.00, real=0.01 secs] 
293587.738: [GC (Allocation Failure) 293587.738: [ParNew: 423536K->4061K(471872K), 0.0049211 secs] 1369615K->950258K(4141888K), 0.0050105 secs] [Times: user=0.03 sys=0.00, real=0.00 secs] 
293590.063: [GC (Allocation Failure) 293590.063: [ParNew: 423267K->1749K(471872K), 0.0047370 secs] 1369464K->948154K(4141888K), 0.0048046 secs] [Times: user=0.04 sys=0.00, real=0.01 secs] 
293595.307: [GC (Allocation Failure) 293595.307: [ParNew: 421205K->1767K(471872K), 0.0048721 secs] 1367610K->948235K(4141888K), 0.0049430 secs] [Times: user=0.04 sys=0.00, real=0.00 secs] 
293596.342: [GC (Allocation Failure) 293596.342: [ParNew: 421223K->1755K(471872K), 0.0050241 secs] 1367691K->948369K(4141888K), 0.0050909 secs] [Times: user=0.04 sys=0.00, real=0.01 secs] 
293601.372: [GC (Allocation Failure) 293601.372: [ParNew: 421211K->3399K(471872K), 0.0054024 secs] 1367825K->950129K(4141888K), 0.0054768 secs] [Times: user=0.04 sys=0.00, real=0.01 secs] 
293603.701: [GC (Allocation Failure) 293603.701: [ParNew: 422855K->3409K(471872K), 0.0055330 secs] 1369585K->950506K(4141888K), 0.0056090 secs] [Times: user=0.04 sys=0.00, real=0.01 secs] 
293605.017: [GC (Allocation Failure) 293605.017: [ParNew: 422865K->4439K(471872K), 0.0047162 secs] 1369962K->951728K(4141888K), 0.0047815 secs] [Times: user=0.04 sys=0.00, real=0.00 secs] 
293607.394: [GC (Allocation Failure) 293607.394: [ParNew: 423895K->2543K(471872K), 0.0050022 secs] 1371184K->949932K(4141888K), 0.0050745 secs] [Times: user=0.04 sys=0.00, real=0.01 secs] 
293610.352: [GC (Allocation Failure) 293610.352: [ParNew: 421999K->3770K(471872K), 0.0052913 secs] 1369388K->951257K(4141888K), 0.0053743 secs] [Times: user=0.04 sys=0.00, real=0.01 secs] 
293615.516: [GC (Allocation Failure) 293615.516: [ParNew: 423226K->2902K(471872K), 0.0056546 secs] 1370713K->950703K(4141888K), 0.0057259 secs] [Times: user=0.04 sys=0.00, real=0.00 secs] 
293616.958: [GC (Allocation Failure) 293616.958: [ParNew: 422358K->2172K(471872K), 0.0054506 secs] 1370159K->950325K(4141888K), 0.0055204 secs] [Times: user=0.04 sys=0.00, real=0.00 secs] 
293618.362: [GC (Allocation Failure) 293618.362: [ParNew: 421628K->3451K(471872K), 0.0047163 secs] 1369781K->951664K(4141888K), 0.0047961 secs] [Times: user=0.04 sys=0.00, real=0.01 secs] 
293621.218: [GC (Allocation Failure) 293621.218: [ParNew: 422592K->3916K(471872K), 0.0050175 secs] 1370805K->952192K(4141888K), 0.0050876 secs] [Times: user=0.04 sys=0.00, real=0.00 secs] 
293624.322: [GC (Allocation Failure) 293624.322: [ParNew: 423372K->13295K(471872K), 0.0079343 secs] 1371648K->962175K(4141888K), 0.0080305 secs] [Times: user=0.05 sys=0.00, real=0.01 secs] 
293626.741: [GC (Allocation Failure) 293626.741: [ParNew: 432751K->4614K(471872K), 0.0066171 secs] 1381631K->953630K(4141888K), 0.0066939 secs] [Times: user=0.04 sys=0.00, real=0.01 secs] 
293629.384: [GC (Allocation Failure) 293629.384: [ParNew: 423973K->16065K(471872K), 0.0064436 secs] 1372989K->966753K(4141888K), 0.0065330 secs] [Times: user=0.04 sys=0.00, real=0.01 secs] 
293633.408: [GC (Allocation Failure) 293633.408: [ParNew: 435461K->6962K(471872K), 0.0053726 secs] 1386149K->958004K(4141888K), 0.0054514 secs] [Times: user=0.04 sys=0.00, real=0.00 secs] 
293643.049: [GC (Allocation Failure) 293643.049: [ParNew: 426418K->2661K(471872K), 0.0058198 secs] 1377460K->954101K(4141888K), 0.0059102 secs] [Times: user=0.04 sys=0.00, real=0.01 secs] 
293654.644: [GC (Allocation Failure) 293654.644: [ParNew: 422091K->3695K(471872K), 0.0054236 secs] 1373531K->956762K(4141888K), 0.0055048 secs] [Times: user=0.05 sys=0.00, real=0.00 secs] 
293668.027: [GC (Allocation Failure) 293668.027: [ParNew: 422979K->3727K(471872K), 0.0056128 secs] 1376047K->957195K(4141888K), 0.0056958 secs] [Times: user=0.04 sys=0.00, real=0.00 secs] 
293678.078: [GC (Allocation Failure) 293678.078: [ParNew: 423183K->5185K(471872K), 0.0054343 secs] 1376651K->958884K(4141888K), 0.0055224 secs] [Times: user=0.04 sys=0.00, real=0.00 secs] 
293683.116: [GC (Allocation Failure) 293683.116: [ParNew: 424641K->4176K(471872K), 0.0051201 secs] 1378340K->958718K(4141888K), 0.0051938 secs] [Times: user=0.03 sys=0.00, real=0.00 secs] 
293690.360: [GC (Allocation Failure) 293690.360: [ParNew: 423632K->16651K(471872K), 0.0057081 secs] 1378174K->971355K(4141888K), 0.0058047 secs] [Times: user=0.04 sys=0.00, real=0.01 secs] 
293692.214: [GC (Allocation Failure) 293692.214: [ParNew: 436107K->10601K(471872K), 0.0093637 secs] 1390811K->965951K(4141888K), 0.0094692 secs] [Times: user=0.06 sys=0.00, real=0.01 secs] 
293692.697: [GC (Allocation Failure) 293692.697: [ParNew: 430057K->4264K(471872K), 0.0083003 secs] 1385407K->966007K(4141888K), 0.0083980 secs] [Times: user=0.06 sys=0.00, real=0.01 secs] 
293693.158: [GC (Allocation Failure) 293693.158: [ParNew: 422872K->3872K(471872K), 0.0083027 secs] 1384615K->965712K(4141888K), 0.0083849 secs] [Times: user=0.04 sys=0.00, real=0.01 secs] 
293696.371: [GC (Allocation Failure) 293696.371: [ParNew: 423328K->17950K(471872K), 0.0092745 secs] 1385168K->979837K(4141888K), 0.0093674 secs] [Times: user=0.05 sys=0.00, real=0.01 secs] 
293702.304: [GC (Allocation Failure) 293702.304: [ParNew: 437358K->8867K(471872K), 0.0066492 secs] 1399246K->971600K(4141888K), 0.0067188 secs] [Times: user=0.04 sys=0.00, real=0.00 secs] 
293707.893: [GC (Allocation Failure) 293707.893: [ParNew: 428323K->2744K(471872K), 0.0054274 secs] 1391056K->967138K(4141888K), 0.0055102 secs] [Times: user=0.04 sys=0.00, real=0.01 secs] 
293714.988: [GC (Allocation Failure) 293714.988: [ParNew: 422200K->5552K(471872K), 0.0058307 secs] 1386594K->970242K(4141888K), 0.0059393 secs] [Times: user=0.04 sys=0.00, real=0.00 secs] 
293722.236: [GC (Allocation Failure) 293722.236: [ParNew: 425008K->2845K(471872K), 0.0055969 secs] 1389698K->967832K(4141888K), 0.0056710 secs] [Times: user=0.04 sys=0.00, real=0.00 secs] 
293731.251: [GC (Allocation Failure) 293731.251: [ParNew: 422061K->2000K(471872K), 0.0053986 secs] 1387048K->967270K(4141888K), 0.0054801 secs] [Times: user=0.04 sys=0.00, real=0.01 secs] 
293740.970: [GC (Allocation Failure) 293740.970: [ParNew: 420627K->5021K(471872K), 0.0067863 secs] 1385896K->970545K(4141888K), 0.0068918 secs] [Times: user=0.05 sys=0.00, real=0.01 secs] 
293745.962: [GC (Allocation Failure) 293745.962: [ParNew: 423708K->4853K(471872K), 0.0053687 secs] 1389232K->970675K(4141888K), 0.0054478 secs] [Times: user=0.04 sys=0.00, real=0.01 secs] 
293750.392: [GC (Allocation Failure) 293750.392: [ParNew: 424309K->3616K(471872K), 0.0050228 secs] 1390131K->969875K(4141888K), 0.0050955 secs] [Times: user=0.03 sys=0.00, real=0.01 secs] 
293754.348: [GC (Allocation Failure) 293754.348: [ParNew: 423072K->2769K(471872K), 0.0050860 secs] 1389331K->969182K(4141888K), 0.0051799 secs] [Times: user=0.04 sys=0.00, real=0.00 secs] 
293758.037: [GC (Allocation Failure) 293758.037: [ParNew: 422225K->4054K(471872K), 0.0052142 secs] 1388638K->970655K(4141888K), 0.0052956 secs] [Times: user=0.04 sys=0.00, real=0.00 secs] 
293760.008: [GC (Allocation Failure) 293760.008: [ParNew: 423510K->3065K(471872K), 0.0047431 secs] 1390111K->969817K(4141888K), 0.0048258 secs] [Times: user=0.04 sys=0.00, real=0.00 secs] 
293764.535: [GC (Allocation Failure) 293764.535: [ParNew: 422521K->1405K(471872K), 0.0060032 secs] 1389273K->969767K(4141888K), 0.0060897 secs] [Times: user=0.04 sys=0.00, real=0.00 secs] 
293768.032: [GC (Allocation Failure) 293768.032: [ParNew: 420861K->2995K(471872K), 0.0050200 secs] 1389223K->971537K(4141888K), 0.0051108 secs] [Times: user=0.04 sys=0.00, real=0.01 secs] 
293774.861: [GC (Allocation Failure) 293774.861: [ParNew: 422451K->1334K(471872K), 0.0049661 secs] 1390993K->970156K(4141888K), 0.0050463 secs] [Times: user=0.03 sys=0.00, real=0.01 secs] 
293782.673: [GC (Allocation Failure) 293782.673: [ParNew: 420790K->1919K(471872K), 0.0048889 secs] 1389612K->970919K(4141888K), 0.0049667 secs] [Times: user=0.04 sys=0.00, real=0.01 secs] 
293785.996: [GC (Allocation Failure) 293785.996: [ParNew: 421233K->3643K(471872K), 0.0055723 secs] 1390233K->972900K(4141888K), 0.0056606 secs] [Times: user=0.04 sys=0.00, real=0.00 secs] 
293791.273: [GC (Allocation Failure) 293791.273: [ParNew: 423099K->4773K(471872K), 0.0049198 secs] 1392356K->974147K(4141888K), 0.0050022 secs] [Times: user=0.04 sys=0.00, real=0.01 secs] 
293802.729: [GC (Allocation Failure) 293802.729: [ParNew: 424229K->3414K(471872K), 0.0052723 secs] 1393603K->973022K(4141888K), 0.0053513 secs] [Times: user=0.04 sys=0.00, real=0.01 secs] 
293813.394: [GC (Allocation Failure) 293813.394: [ParNew: 422870K->16023K(471872K), 0.0061643 secs] 1392478K->986410K(4141888K), 0.0062592 secs] [Times: user=0.05 sys=0.00, real=0.00 secs] 
293818.310: [GC (Allocation Failure) 293818.310: [ParNew: 435479K->7314K(471872K), 0.0049266 secs] 1405866K->978002K(4141888K), 0.0050151 secs] [Times: user=0.03 sys=0.00, real=0.01 secs] 
293825.279: [GC (Allocation Failure) 293825.279: [ParNew: 426770K->2590K(471872K), 0.0047914 secs] 1397458K->973610K(4141888K), 0.0048732 secs] [Times: user=0.03 sys=0.00, real=0.00 secs] 
293833.228: [GC (Allocation Failure) 293833.228: [ParNew: 422046K->1134K(471872K), 0.0059217 secs] 1393066K->973951K(4141888K), 0.0060212 secs] [Times: user=0.04 sys=0.00, real=0.01 secs] 
293840.418: [GC (Allocation Failure) 293840.418: [ParNew: 420590K->2190K(471872K), 0.0052631 secs] 1393407K->975506K(4141888K), 0.0053415 secs] [Times: user=0.04 sys=0.00, real=0.00 secs] 
293865.465: [GC (Allocation Failure) 293865.465: [ParNew: 421646K->15221K(471872K), 0.0062508 secs] 1394962K->989215K(4141888K), 0.0063575 secs] [Times: user=0.05 sys=0.00, real=0.00 secs] 
293877.056: [GC (Allocation Failure) 293877.056: [ParNew: 434677K->4775K(471872K), 0.0054702 secs] 1408671K->979743K(4141888K), 0.0055522 secs] [Times: user=0.04 sys=0.00, real=0.00 secs] 
293898.568: [GC (Allocation Failure) 293898.568: [ParNew: 424231K->4109K(471872K), 0.0049932 secs] 1399199K->979274K(4141888K), 0.0050677 secs] [Times: user=0.04 sys=0.00, real=0.00 secs] 
293913.328: [GC (Allocation Failure) 293913.328: [ParNew: 423565K->1741K(471872K), 0.0057339 secs] 1398730K->978926K(4141888K), 0.0058080 secs] [Times: user=0.04 sys=0.00, real=0.00 secs] 
293921.209: [GC (Allocation Failure) 293921.209: [ParNew: 421197K->1942K(471872K), 0.0052939 secs] 1398382K->979492K(4141888K), 0.0053738 secs] [Times: user=0.04 sys=0.00, real=0.01 secs] 
293925.391: [GC (Allocation Failure) 293925.391: [ParNew: 420518K->17115K(471872K), 0.0059750 secs] 1398068K->994983K(4141888K), 0.0060832 secs] [Times: user=0.04 sys=0.01, real=0.01 secs] 
293935.226: [GC (Allocation Failure) 293935.226: [ParNew: 436571K->4015K(471872K), 0.0051873 secs] 1414439K->982202K(4141888K), 0.0052573 secs] [Times: user=0.04 sys=0.00, real=0.00 secs] 
293944.246: [GC (Allocation Failure) 293944.246: [ParNew: 423471K->3687K(471872K), 0.0050286 secs] 1401658K->982313K(4141888K), 0.0051182 secs] [Times: user=0.04 sys=0.00, real=0.00 secs] 
293969.030: [GC (Allocation Failure) 293969.030: [ParNew: 423018K->3141K(471872K), 0.0056851 secs] 1401643K->983725K(4141888K), 0.0057639 secs] [Times: user=0.04 sys=0.00, real=0.01 secs] 
293977.028: [GC (Allocation Failure) 293977.028: [ParNew: 422493K->3038K(471872K), 0.0052752 secs] 1403077K->984850K(4141888K), 0.0053493 secs] [Times: user=0.04 sys=0.00, real=0.00 secs] 
293984.243: [GC (Allocation Failure) 293984.243: [ParNew: 422494K->3553K(471872K), 0.0052945 secs] 1404306K->985635K(4141888K), 0.0053800 secs] [Times: user=0.03 sys=0.00, real=0.01 secs] 
293987.305: [GC (Allocation Failure) 293987.306: [ParNew: 423000K->2982K(471872K), 0.0051955 secs] 1405082K->985310K(4141888K), 0.0052696 secs] [Times: user=0.03 sys=0.00, real=0.00 secs] 
293990.430: [GC (Allocation Failure) 293990.431: [ParNew: 422438K->2618K(471872K), 0.0051057 secs] 1404766K->985521K(4141888K), 0.0051803 secs] [Times: user=0.04 sys=0.00, real=0.01 secs] 
293995.195: [GC (Allocation Failure) 293995.195: [ParNew: 422074K->1814K(471872K), 0.0054516 secs] 1404977K->986562K(4141888K), 0.0055260 secs] [Times: user=0.04 sys=0.00, real=0.00 secs] 
293998.457: [GC (Allocation Failure) 293998.457: [ParNew: 421270K->2969K(471872K), 0.0051434 secs] 1406018K->987974K(4141888K), 0.0052176 secs] [Times: user=0.04 sys=0.00, real=0.00 secs] 
294000.287: [GC (Allocation Failure) 294000.287: [ParNew: 422425K->3093K(471872K), 0.0051073 secs] 1407430K->988207K(4141888K), 0.0051867 secs] [Times: user=0.04 sys=0.00, real=0.00 secs] 
294002.896: [GC (Allocation Failure) 294002.896: [ParNew: 422549K->4865K(471872K), 0.0058182 secs] 1407663K->990221K(4141888K), 0.0059121 secs] [Times: user=0.04 sys=0.00, real=0.00 secs] 
294003.796: [GC (Allocation Failure) 294003.796: [ParNew: 424321K->5388K(471872K), 0.0051179 secs] 1409677K->990853K(4141888K), 0.0051946 secs] [Times: user=0.04 sys=0.00, real=0.00 secs] 
294006.158: [GC (Allocation Failure) 294006.158: [ParNew: 424844K->2499K(471872K), 0.0060221 secs] 1410309K->989588K(4141888K), 0.0060968 secs] [Times: user=0.05 sys=0.01, real=0.00 secs] 
294043.597: [GC (Allocation Failure) 294043.597: [ParNew: 421955K->2172K(471872K), 0.0050731 secs] 1409044K->989306K(4141888K), 0.0051664 secs] [Times: user=0.03 sys=0.00, real=0.00 secs] 
294057.359: [GC (Allocation Failure) 294057.359: [ParNew: 421628K->7156K(471872K), 0.0066530 secs] 1408762K->995447K(4141888K), 0.0067412 secs] [Times: user=0.05 sys=0.00, real=0.01 secs] 
294069.454: [GC (Allocation Failure) 294069.454: [ParNew: 426612K->4506K(471872K), 0.0050766 secs] 1414903K->993005K(4141888K), 0.0051738 secs] [Times: user=0.04 sys=0.00, real=0.01 secs] 
294076.693: [GC (Allocation Failure) 294076.693: [ParNew: 423962K->1682K(471872K), 0.0057801 secs] 1412461K->992352K(4141888K), 0.0058561 secs] [Times: user=0.04 sys=0.00, real=0.01 secs] 
294087.711: [GC (Allocation Failure) 294087.711: [ParNew: 421138K->1711K(471872K), 0.0055030 secs] 1411808K->992570K(4141888K), 0.0055751 secs] [Times: user=0.04 sys=0.00, real=0.01 secs] 
294100.410: [GC (Allocation Failure) 294100.410: [ParNew: 421167K->2516K(471872K), 0.0050232 secs] 1412026K->993803K(4141888K), 0.0051029 secs] [Times: user=0.04 sys=0.00, real=0.01 secs] 
294117.445: [GC (Allocation Failure) 294117.445: [ParNew: 421972K->14040K(471872K), 0.0066093 secs] 1413259K->1006302K(4141888K), 0.0067112 secs] [Times: user=0.05 sys=0.00, real=0.00 secs] 
294147.608: [GC (Allocation Failure) 294147.608: [ParNew: 433496K->7198K(471872K), 0.0049653 secs] 1425758K->999814K(4141888K), 0.0050474 secs] [Times: user=0.04 sys=0.00, real=0.00 secs] 
294166.437: [GC (Allocation Failure) 294166.437: [ParNew: 426654K->12673K(471872K), 0.0073070 secs] 1419270K->1005709K(4141888K), 0.0074197 secs] [Times: user=0.05 sys=0.00, real=0.01 secs] 
294173.079: [GC (Allocation Failure) 294173.079: [ParNew: 432129K->6100K(471872K), 0.0052358 secs] 1425165K->1000018K(4141888K), 0.0053192 secs] [Times: user=0.04 sys=0.00, real=0.01 secs] 
294185.145: [GC (Allocation Failure) 294185.145: [ParNew: 425556K->3391K(471872K), 0.0050431 secs] 1419474K->997494K(4141888K), 0.0051191 secs] [Times: user=0.04 sys=0.00, real=0.00 secs] 
294203.223: [GC (Allocation Failure) 294203.223: [ParNew: 422847K->3046K(471872K), 0.0056464 secs] 1416950K->997461K(4141888K), 0.0057290 secs] [Times: user=0.04 sys=0.00, real=0.01 secs] 
294213.347: [GC (Allocation Failure) 294213.347: [ParNew: 422502K->1872K(471872K), 0.0055469 secs] 1416917K->998504K(4141888K), 0.0056267 secs] [Times: user=0.05 sys=0.00, real=0.00 secs] 
294230.334: [GC (Allocation Failure) 294230.334: [ParNew: 421328K->12436K(471872K), 0.0074726 secs] 1417960K->1009292K(4141888K), 0.0075589 secs] [Times: user=0.05 sys=0.00, real=0.00 secs] 
294243.225: [GC (Allocation Failure) 294243.225: [ParNew: 431892K->3509K(471872K), 0.0070023 secs] 1428748K->1000886K(4141888K), 0.0070838 secs] [Times: user=0.04 sys=0.01, real=0.00 secs] 
294265.580: [GC (Allocation Failure) 294265.580: [ParNew: 422965K->3595K(471872K), 0.0052851 secs] 1420342K->1001263K(4141888K), 0.0053671 secs] [Times: user=0.03 sys=0.00, real=0.01 secs] 
294281.524: [GC (Allocation Failure) 294281.524: [ParNew: 423051K->3632K(471872K), 0.0057855 secs] 1420719K->1003552K(4141888K), 0.0058725 secs] [Times: user=0.04 sys=0.00, real=0.00 secs] 
294295.177: [GC (Allocation Failure) 294295.177: [ParNew: 422950K->4801K(471872K), 0.0055017 secs] 1422870K->1006412K(4141888K), 0.0055834 secs] [Times: user=0.04 sys=0.00, real=0.00 secs] 
294298.352: [GC (Allocation Failure) 294298.352: [ParNew: 424005K->9021K(471872K), 0.0054883 secs] 1425616K->1011491K(4141888K), 0.0055636 secs] [Times: user=0.04 sys=0.00, real=0.01 secs] 
294301.042: [GC (Allocation Failure) 294301.042: [ParNew: 428363K->4673K(471872K), 0.0047355 secs] 1430833K->1007252K(4141888K), 0.0048207 secs] [Times: user=0.03 sys=0.00, real=0.01 secs] 
294302.388: [GC (Allocation Failure) 294302.388: [ParNew: 424129K->8795K(471872K), 0.0058715 secs] 1426708K->1011842K(4141888K), 0.0059618 secs] [Times: user=0.05 sys=0.01, real=0.00 secs] 
294304.306: [GC (Allocation Failure) 294304.306: [ParNew: 428251K->5338K(471872K), 0.0062642 secs] 1431298K->1010072K(4141888K), 0.0063665 secs] [Times: user=0.04 sys=0.00, real=0.00 secs] 
294305.644: [GC (Allocation Failure) 294305.644: [ParNew: 424794K->7771K(471872K), 0.0055602 secs] 1429528K->1012576K(4141888K), 0.0056563 secs] [Times: user=0.04 sys=0.00, real=0.00 secs] 
294307.080: [GC (Allocation Failure) 294307.080: [ParNew: 427227K->5175K(471872K), 0.0049893 secs] 1432032K->1010242K(4141888K), 0.0050621 secs] [Times: user=0.03 sys=0.00, real=0.01 secs] 
294308.499: [GC (Allocation Failure) 294308.499: [ParNew: 424631K->8240K(471872K), 0.0050343 secs] 1429698K->1013380K(4141888K), 0.0051176 secs] [Times: user=0.04 sys=0.00, real=0.00 secs] 
294309.444: [GC (Allocation Failure) 294309.444: [ParNew: 427696K->2887K(471872K), 0.0054691 secs] 1432836K->1009777K(4141888K), 0.0055489 secs] [Times: user=0.04 sys=0.00, real=0.01 secs] 
294310.634: [GC (Allocation Failure) 294310.634: [ParNew: 422343K->7540K(471872K), 0.0055444 secs] 1429233K->1014501K(4141888K), 0.0056305 secs] [Times: user=0.04 sys=0.00, real=0.00 secs] 
294312.633: [GC (Allocation Failure) 294312.633: [ParNew: 426996K->7792K(471872K), 0.0055622 secs] 1433957K->1015146K(4141888K), 0.0056445 secs] [Times: user=0.04 sys=0.00, real=0.01 secs] 
294313.459: [GC (Allocation Failure) 294313.459: [ParNew: 427248K->4560K(471872K), 0.0049404 secs] 1434602K->1012013K(4141888K), 0.0050093 secs] [Times: user=0.04 sys=0.00, real=0.01 secs] 
294315.096: [GC (Allocation Failure) 294315.096: [ParNew: 424016K->2159K(471872K), 0.0056165 secs] 1431469K->1009747K(4141888K), 0.0056879 secs] [Times: user=0.04 sys=0.00, real=0.00 secs] 
294316.347: [GC (Allocation Failure) 294316.347: [ParNew: 421615K->7095K(471872K), 0.0056184 secs] 1429203K->1015008K(4141888K), 0.0056988 secs] [Times: user=0.05 sys=0.00, real=0.00 secs] 
294317.438: [GC (Allocation Failure) 294317.438: [ParNew: 426551K->6328K(471872K), 0.0054275 secs] 1434464K->1014301K(4141888K), 0.0055079 secs] [Times: user=0.04 sys=0.00, real=0.00 secs] 
294319.434: [GC (Allocation Failure) 294319.434: [ParNew: 425784K->8272K(471872K), 0.0048047 secs] 1433757K->1016519K(4141888K), 0.0048799 secs] [Times: user=0.04 sys=0.00, real=0.00 secs] 
294321.166: [GC (Allocation Failure) 294321.166: [ParNew: 427474K->2427K(471872K), 0.0047760 secs] 1435721K->1010749K(4141888K), 0.0048443 secs] [Times: user=0.04 sys=0.01, real=0.00 secs] 
294322.514: [GC (Allocation Failure) 294322.514: [ParNew: 421727K->6068K(471872K), 0.0054433 secs] 1430048K->1014514K(4141888K), 0.0055189 secs] [Times: user=0.04 sys=0.00, real=0.00 secs] 
294323.390: [GC (Allocation Failure) 294323.390: [ParNew: 425524K->4745K(471872K), 0.0054601 secs] 1433970K->1013269K(4141888K), 0.0055499 secs] [Times: user=0.05 sys=0.00, real=0.01 secs] 
294325.418: [GC (Allocation Failure) 294325.418: [ParNew: 424074K->8838K(471872K), 0.0055538 secs] 1432598K->1017418K(4141888K), 0.0056373 secs] [Times: user=0.04 sys=0.00, real=0.01 secs] 
294327.344: [GC (Allocation Failure) 294327.344: [ParNew: 428294K->7394K(471872K), 0.0053449 secs] 1436874K->1016248K(4141888K), 0.0054227 secs] [Times: user=0.04 sys=0.00, real=0.00 secs] 
294328.251: [GC (Allocation Failure) 294328.251: [ParNew: 426850K->3023K(471872K), 0.0055655 secs] 1435704K->1012459K(4141888K), 0.0056364 secs] [Times: user=0.04 sys=0.00, real=0.01 secs] 
294329.792: [GC (Allocation Failure) 294329.792: [ParNew: 422479K->4164K(471872K), 0.0047649 secs] 1431915K->1013698K(4141888K), 0.0048402 secs] [Times: user=0.04 sys=0.00, real=0.01 secs] 
294330.743: [GC (Allocation Failure) 294330.743: [ParNew: 423620K->3495K(471872K), 0.0050653 secs] 1433154K->1013093K(4141888K), 0.0051403 secs] [Times: user=0.04 sys=0.00, real=0.01 secs] 
294331.779: [GC (Allocation Failure) 294331.779: [ParNew: 422951K->7525K(471872K), 0.0054603 secs] 1432549K->1017179K(4141888K), 0.0055484 secs] [Times: user=0.04 sys=0.00, real=0.01 secs] 
294334.482: [GC (Allocation Failure) 294334.483: [ParNew: 426981K->6478K(471872K), 0.0073879 secs] 1436635K->1016450K(4141888K), 0.0074672 secs] [Times: user=0.04 sys=0.00, real=0.01 secs] 
294336.505: [GC (Allocation Failure) 294336.505: [ParNew: 425934K->4894K(471872K), 0.0074875 secs] 1435906K->1014965K(4141888K), 0.0075647 secs] [Times: user=0.04 sys=0.00, real=0.00 secs] 
294338.467: [GC (Allocation Failure) 294338.467: [ParNew: 424350K->3802K(471872K), 0.0101374 secs] 1434421K->1013970K(4141888K), 0.0102102 secs] [Times: user=0.04 sys=0.00, real=0.01 secs] 
294347.838: [GC (Allocation Failure) 294347.838: [ParNew: 423258K->2402K(471872K), 0.0055248 secs] 1433426K->1012677K(4141888K), 0.0055946 secs] [Times: user=0.04 sys=0.00, real=0.01 secs] 
294362.370: [GC (Allocation Failure) 294362.370: [ParNew: 421858K->19585K(471872K), 0.0063786 secs] 1432133K->1030730K(4141888K), 0.0065121 secs] [Times: user=0.05 sys=0.00, real=0.01 secs] 
294384.145: [GC (Allocation Failure) 294384.145: [ParNew: 439041K->4185K(471872K), 0.0054029 secs] 1450186K->1015593K(4141888K), 0.0054819 secs] [Times: user=0.04 sys=0.00, real=0.00 secs] 
294413.409: [GC (Allocation Failure) 294413.409: [ParNew: 423641K->8178K(471872K), 0.0061970 secs] 1435049K->1020146K(4141888K), 0.0063032 secs] [Times: user=0.05 sys=0.01, real=0.01 secs] 
294417.370: [GC (Allocation Failure) 294417.370: [ParNew: 427634K->17778K(471872K), 0.0061665 secs] 1439602K->1030479K(4141888K), 0.0062621 secs] [Times: user=0.04 sys=0.00, real=0.01 secs] 
294422.395: [GC (Allocation Failure) 294422.395: [ParNew: 437234K->4964K(471872K), 0.0048184 secs] 1449935K->1017909K(4141888K), 0.0048910 secs] [Times: user=0.04 sys=0.00, real=0.00 secs] 
294426.321: [GC (Allocation Failure) 294426.321: [ParNew: 424420K->15276K(471872K), 0.0054936 secs] 1437365K->1028458K(4141888K), 0.0055831 secs] [Times: user=0.04 sys=0.00, real=0.01 secs] 
294444.618: [GC (Allocation Failure) 294444.618: [ParNew: 434732K->2878K(471872K), 0.0050596 secs] 1447914K->1016235K(4141888K), 0.0051422 secs] [Times: user=0.04 sys=0.00, real=0.00 secs] 
294471.505: [GC (Allocation Failure) 294471.505: [ParNew: 422334K->20785K(471872K), 0.0073312 secs] 1435691K->1034587K(4141888K), 0.0074433 secs] [Times: user=0.06 sys=0.00, real=0.00 secs] 
294484.417: [GC (Allocation Failure) 294484.417: [ParNew: 440228K->19040K(471872K), 0.0065874 secs] 1454030K->1033342K(4141888K), 0.0066944 secs] [Times: user=0.04 sys=0.00, real=0.01 secs] 
294506.529: [GC (Allocation Failure) 294506.529: [ParNew: 438323K->5425K(471872K), 0.0054588 secs] 1452624K->1019898K(4141888K), 0.0055466 secs] [Times: user=0.04 sys=0.00, real=0.01 secs] 
294510.768: [GC (Allocation Failure) 294510.768: [ParNew: 424881K->2693K(471872K), 0.0056761 secs] 1439354K->1019234K(4141888K), 0.0057552 secs] [Times: user=0.04 sys=0.00, real=0.01 secs] 
294520.423: [GC (Allocation Failure) 294520.423: [ParNew: 422021K->2703K(471872K), 0.0049421 secs] 1438561K->1019386K(4141888K), 0.0050226 secs] [Times: user=0.03 sys=0.00, real=0.01 secs] 
294521.864: [GC (Allocation Failure) 294521.864: [ParNew: 422159K->1074K(471872K), 0.0048598 secs] 1438842K->1018129K(4141888K), 0.0049369 secs] [Times: user=0.04 sys=0.00, real=0.01 secs] 
294525.965: [GC (Allocation Failure) 294525.965: [ParNew: 420530K->713K(471872K), 0.0045735 secs] 1437585K->1017903K(4141888K), 0.0046471 secs] [Times: user=0.04 sys=0.00, real=0.00 secs] 
294531.629: [GC (Allocation Failure) 294531.629: [ParNew: 419926K->2347K(471872K), 0.0050680 secs] 1437116K->1019730K(4141888K), 0.0051379 secs] [Times: user=0.03 sys=0.00, real=0.01 secs] 
294535.420: [GC (Allocation Failure) 294535.420: [ParNew: 421803K->16419K(471872K), 0.0066594 secs] 1439186K->1034037K(4141888K), 0.0067560 secs] [Times: user=0.05 sys=0.00, real=0.01 secs] 
294536.697: [GC (Allocation Failure) 294536.697: [ParNew: 435875K->5351K(471872K), 0.0046765 secs] 1453493K->1023094K(4141888K), 0.0047499 secs] [Times: user=0.04 sys=0.00, real=0.00 secs] 
294539.335: [GC (Allocation Failure) 294539.335: [ParNew: 424807K->5829K(471872K), 0.0057001 secs] 1442550K->1025246K(4141888K), 0.0057963 secs] [Times: user=0.05 sys=0.00, real=0.00 secs] 
294541.278: [GC (Allocation Failure) 294541.278: [ParNew: 425285K->4145K(471872K), 0.0048796 secs] 1444702K->1023744K(4141888K), 0.0049529 secs] [Times: user=0.04 sys=0.00, real=0.00 secs] 
294544.460: [GC (Allocation Failure) 294544.460: [ParNew: 423369K->4513K(471872K), 0.0055248 secs] 1442968K->1024199K(4141888K), 0.0055996 secs] [Times: user=0.04 sys=0.00, real=0.01 secs] 
294547.423: [GC (Allocation Failure) 294547.423: [ParNew: 423969K->5832K(471872K), 0.0049801 secs] 1443655K->1025696K(4141888K), 0.0050534 secs] [Times: user=0.03 sys=0.00, real=0.01 secs] 
294548.743: [GC (Allocation Failure) 294548.743: [ParNew: 425288K->2558K(471872K), 0.0047044 secs] 1445152K->1022600K(4141888K), 0.0047830 secs] [Times: user=0.04 sys=0.00, real=0.01 secs] 
294550.796: [GC (Allocation Failure) 294550.796: [ParNew: 422014K->2852K(471872K), 0.0063283 secs] 1442056K->1023085K(4141888K), 0.0064024 secs] [Times: user=0.04 sys=0.00, real=0.00 secs] 
294553.349: [GC (Allocation Failure) 294553.349: [ParNew: 422308K->3120K(471872K), 0.0065762 secs] 1442541K->1023432K(4141888K), 0.0066648 secs] [Times: user=0.04 sys=0.00, real=0.01 secs] 
294583.152: [GC (Allocation Failure) 294583.152: [ParNew: 422576K->2206K(471872K), 0.0080013 secs] 1442888K->1024641K(4141888K), 0.0080794 secs] [Times: user=0.04 sys=0.00, real=0.01 secs] 
294597.407: [GC (Allocation Failure) 294597.407: [ParNew: 421662K->16263K(471872K), 0.0062212 secs] 1444097K->1039259K(4141888K), 0.0063209 secs] [Times: user=0.05 sys=0.00, real=0.00 secs] 
294610.070: [GC (Allocation Failure) 294610.070: [ParNew: 435719K->5021K(471872K), 0.0051503 secs] 1458715K->1028487K(4141888K), 0.0052502 secs] [Times: user=0.04 sys=0.00, real=0.01 secs] 
294614.461: [GC (Allocation Failure) 294614.461: [ParNew: 424477K->3735K(471872K), 0.0055797 secs] 1447943K->1027708K(4141888K), 0.0056794 secs] [Times: user=0.04 sys=0.00, real=0.01 secs] 
294657.322: [GC (Allocation Failure) 294657.322: [ParNew: 422648K->4699K(471872K), 0.0052699 secs] 1446621K->1028743K(4141888K), 0.0053486 secs] [Times: user=0.04 sys=0.00, real=0.01 secs] 
294670.146: [GC (Allocation Failure) 294670.146: [ParNew: 424149K->3102K(471872K), 0.0058187 secs] 1448193K->1027871K(4141888K), 0.0059210 secs] [Times: user=0.04 sys=0.00, real=0.00 secs] 
294684.919: [GC (Allocation Failure) 294684.919: [ParNew: 422558K->2963K(471872K), 0.0049148 secs] 1447327K->1028430K(4141888K), 0.0049892 secs] [Times: user=0.03 sys=0.00, real=0.01 secs] 
294706.162: [GC (Allocation Failure) 294706.163: [ParNew: 422419K->3027K(471872K), 0.0057126 secs] 1447886K->1030341K(4141888K), 0.0058052 secs] [Times: user=0.04 sys=0.00, real=0.01 secs] 
294716.025: [GC (Allocation Failure) 294716.025: [ParNew: 422483K->2127K(471872K), 0.0054098 secs] 1449797K->1030589K(4141888K), 0.0054827 secs] [Times: user=0.03 sys=0.01, real=0.00 secs] 
294722.365: [GC (Allocation Failure) 294722.365: [ParNew: 420325K->20616K(471872K), 0.0057609 secs] 1448786K->1049420K(4141888K), 0.0058579 secs] [Times: user=0.03 sys=0.01, real=0.00 secs] 
294735.340: [GC (Allocation Failure) 294735.340: [ParNew: 440072K->16186K(471872K), 0.0061454 secs] 1468876K->1045286K(4141888K), 0.0062444 secs] [Times: user=0.04 sys=0.00, real=0.01 secs] 
294776.993: [GC (Allocation Failure) 294776.993: [ParNew: 435556K->6020K(471872K), 0.0054242 secs] 1464657K->1035385K(4141888K), 0.0055072 secs] [Times: user=0.03 sys=0.00, real=0.01 secs] 
294784.552: [GC (Allocation Failure) 294784.552: [ParNew: 425476K->4160K(471872K), 0.0058655 secs] 1454841K->1034760K(4141888K), 0.0059621 secs] [Times: user=0.04 sys=0.00, real=0.01 secs] 
294799.217: [GC (Allocation Failure) 294799.218: [ParNew: 423616K->2670K(471872K), 0.0051158 secs] 1454216K->1033732K(4141888K), 0.0052041 secs] [Times: user=0.04 sys=0.00, real=0.00 secs] 
294844.357: [GC (Allocation Failure) 294844.357: [ParNew: 421638K->18065K(471872K), 0.0066114 secs] 1452701K->1049352K(4141888K), 0.0067208 secs] [Times: user=0.05 sys=0.00, real=0.00 secs] 
294856.718: [GC (Allocation Failure) 294856.718: [ParNew: 437521K->4387K(471872K), 0.0055302 secs] 1468808K->1036366K(4141888K), 0.0056194 secs] [Times: user=0.04 sys=0.00, real=0.00 secs] 
294858.104: [GC (Allocation Failure) 294858.104: [ParNew: 423778K->8858K(471872K), 0.0054039 secs] 1455757K->1042203K(4141888K), 0.0054901 secs] [Times: user=0.04 sys=0.00, real=0.00 secs] 
294858.591: [GC (Allocation Failure) 294858.591: [ParNew: 428314K->3053K(471872K), 0.0057953 secs] 1461659K->1042361K(4141888K), 0.0058706 secs] [Times: user=0.04 sys=0.00, real=0.01 secs] 
294859.027: [GC (Allocation Failure) 294859.027: [ParNew: 422509K->3029K(471872K), 0.0045580 secs] 1461817K->1042380K(4141888K), 0.0046335 secs] [Times: user=0.03 sys=0.00, real=0.00 secs] 
294871.996: [GC (Allocation Failure) 294871.996: [ParNew: 422485K->2658K(471872K), 0.0064814 secs] 1461836K->1042035K(4141888K), 0.0065637 secs] [Times: user=0.05 sys=0.00, real=0.00 secs] 
294902.401: [GC (Allocation Failure) 294902.401: [ParNew: 422114K->20941K(471872K), 0.0076773 secs] 1461491K->1060625K(4141888K), 0.0077865 secs] [Times: user=0.05 sys=0.00, real=0.01 secs] 
294916.722: [GC (Allocation Failure) 294916.722: [ParNew: 440375K->8548K(471872K), 0.0051748 secs] 1480059K->1048965K(4141888K), 0.0052603 secs] [Times: user=0.04 sys=0.00, real=0.01 secs] 
294927.089: [GC (Allocation Failure) 294927.089: [ParNew: 428004K->3521K(471872K), 0.0050957 secs] 1468421K->1044671K(4141888K), 0.0051665 secs] [Times: user=0.04 sys=0.00, real=0.01 secs] 
294939.613: [GC (Allocation Failure) 294939.613: [ParNew: 422977K->2044K(471872K), 0.0058521 secs] 1464127K->1045014K(4141888K), 0.0059301 secs] [Times: user=0.04 sys=0.01, real=0.01 secs] 
294943.219: [GC (Allocation Failure) 294943.219: [ParNew: 421500K->1936K(471872K), 0.0053369 secs] 1464470K->1045633K(4141888K), 0.0054063 secs] [Times: user=0.04 sys=0.00, real=0.01 secs] 
294948.008: [GC (Allocation Failure) 294948.008: [ParNew: 421392K->1448K(471872K), 0.0047335 secs] 1465089K->1045306K(4141888K), 0.0048148 secs] [Times: user=0.04 sys=0.00, real=0.00 secs] 
294951.628: [GC (Allocation Failure) 294951.628: [ParNew: 420904K->604K(471872K), 0.0049922 secs] 1464762K->1044628K(4141888K), 0.0050611 secs] [Times: user=0.03 sys=0.00, real=0.00 secs] 
294953.509: [GC (Allocation Failure) 294953.509: [ParNew: 420060K->495K(471872K), 0.0052210 secs] 1464084K->1044698K(4141888K), 0.0053077 secs] [Times: user=0.04 sys=0.00, real=0.01 secs] 
294954.418: [GC (Allocation Failure) 294954.418: [ParNew: 419951K->2113K(471872K), 0.0048277 secs] 1464154K->1046420K(4141888K), 0.0049007 secs] [Times: user=0.03 sys=0.00, real=0.00 secs] 
294964.591: [GC (Allocation Failure) 294964.591: [ParNew: 421569K->3661K(471872K), 0.0052818 secs] 1465876K->1048018K(4141888K), 0.0053560 secs] [Times: user=0.04 sys=0.00, real=0.01 secs] 
294972.394: [GC (Allocation Failure) 294972.394: [ParNew: 422948K->16911K(471872K), 0.0060626 secs] 1467305K->1062569K(4141888K), 0.0061659 secs] [Times: user=0.05 sys=0.00, real=0.00 secs] 
294977.432: [GC (Allocation Failure) 294977.432: [ParNew: 436367K->12062K(471872K), 0.0065339 secs] 1482025K->1058174K(4141888K), 0.0066506 secs] [Times: user=0.05 sys=0.00, real=0.01 secs] 
294983.291: [GC (Allocation Failure) 294983.291: [ParNew: 431518K->7978K(471872K), 0.0055280 secs] 1477630K->1054200K(4141888K), 0.0056116 secs] [Times: user=0.04 sys=0.00, real=0.01 secs] 
294989.102: [GC (Allocation Failure) 294989.102: [ParNew: 427434K->2919K(471872K), 0.0055684 secs] 1473656K->1051307K(4141888K), 0.0056573 secs] [Times: user=0.04 sys=0.00, real=0.01 secs] 
295001.704: [GC (Allocation Failure) 295001.704: [ParNew: 422375K->1845K(471872K), 0.0050210 secs] 1470763K->1050332K(4141888K), 0.0051016 secs] [Times: user=0.03 sys=0.00, real=0.00 secs] 
295022.343: [GC (Allocation Failure) 295022.343: [ParNew: 421301K->3419K(471872K), 0.0067410 secs] 1469788K->1052349K(4141888K), 0.0068245 secs] [Times: user=0.05 sys=0.00, real=0.01 secs] 
295035.566: [GC (Allocation Failure) 295035.566: [ParNew: 422875K->3251K(471872K), 0.0058069 secs] 1471805K->1053036K(4141888K), 0.0058840 secs] [Times: user=0.04 sys=0.01, real=0.00 secs] 
295047.557: [GC (Allocation Failure) 295047.557: [ParNew: 422707K->3032K(471872K), 0.0049336 secs] 1472492K->1053085K(4141888K), 0.0050130 secs] [Times: user=0.04 sys=0.00, real=0.00 secs] 
295087.767: [GC (Allocation Failure) 295087.767: [ParNew: 422488K->3272K(471872K), 0.0053190 secs] 1472541K->1053531K(4141888K), 0.0053976 secs] [Times: user=0.04 sys=0.00, real=0.00 secs] 
295099.376: [GC (Allocation Failure) 295099.376: [ParNew: 422272K->19940K(471872K), 0.0065079 secs] 1472531K->1071145K(4141888K), 0.0066287 secs] [Times: user=0.05 sys=0.00, real=0.00 secs] 
295125.985: [GC (Allocation Failure) 295125.985: [ParNew: 439396K->4661K(471872K), 0.0057798 secs] 1490601K->1056090K(4141888K), 0.0058687 secs] [Times: user=0.04 sys=0.00, real=0.00 secs] 
295145.723: [GC (Allocation Failure) 295145.723: [ParNew: 424117K->4049K(471872K), 0.0056617 secs] 1475546K->1056057K(4141888K), 0.0057473 secs] [Times: user=0.04 sys=0.00, real=0.01 secs] 
295160.372: [GC (Allocation Failure) 295160.372: [ParNew: 423505K->11258K(471872K), 0.0065002 secs] 1475513K->1064490K(4141888K), 0.0066127 secs] [Times: user=0.04 sys=0.00, real=0.01 secs] 
295186.525: [GC (Allocation Failure) 295186.525: [ParNew: 430691K->4806K(471872K), 0.0104366 secs] 1483923K->1058563K(4141888K), 0.0105168 secs] [Times: user=0.06 sys=0.00, real=0.01 secs] 
295210.444: [GC (Allocation Failure) 295210.444: [ParNew: 424262K->10386K(471872K), 0.0072473 secs] 1478019K->1064535K(4141888K), 0.0073511 secs] [Times: user=0.05 sys=0.00, real=0.00 secs] 
295223.337: [GC (Allocation Failure) 295223.337: [ParNew: 428259K->17888K(471872K), 0.0063780 secs] 1482407K->1073564K(4141888K), 0.0064908 secs] [Times: user=0.04 sys=0.00, real=0.00 secs] 
295265.569: [GC (Allocation Failure) 295265.569: [ParNew: 437185K->6929K(471872K), 0.0057754 secs] 1492860K->1062754K(4141888K), 0.0058852 secs] [Times: user=0.04 sys=0.00, real=0.01 secs] 
295271.360: [GC (Allocation Failure) 295271.360: [ParNew: 426385K->19639K(471872K), 0.0072053 secs] 1482210K->1076574K(4141888K), 0.0073038 secs] [Times: user=0.05 sys=0.00, real=0.01 secs] 
295284.417: [GC (Allocation Failure) 295284.417: [ParNew: 439095K->14301K(471872K), 0.0066664 secs] 1496030K->1071668K(4141888K), 0.0067530 secs] [Times: user=0.04 sys=0.00, real=0.01 secs] 
295299.962: [GC (Allocation Failure) 295299.962: [ParNew: 433757K->4505K(471872K), 0.0061863 secs] 1491124K->1062335K(4141888K), 0.0062629 secs] [Times: user=0.04 sys=0.01, real=0.01 secs] 
295328.445: [GC (Allocation Failure) 295328.445: [ParNew: 423961K->20708K(471872K), 0.0077419 secs] 1481791K->1078891K(4141888K), 0.0078451 secs] [Times: user=0.05 sys=0.00, real=0.00 secs] 
295343.402: [GC (Allocation Failure) 295343.402: [ParNew: 439250K->8185K(471872K), 0.0058428 secs] 1497433K->1067717K(4141888K), 0.0059294 secs] [Times: user=0.04 sys=0.00, real=0.01 secs] 
295378.105: [GC (Allocation Failure) 295378.105: [ParNew: 427605K->3841K(471872K), 0.0051790 secs] 1487136K->1063681K(4141888K), 0.0052593 secs] [Times: user=0.04 sys=0.00, real=0.00 secs] 
295395.143: [GC (Allocation Failure) 295395.143: [ParNew: 423297K->2779K(471872K), 0.0055375 secs] 1483137K->1063326K(4141888K), 0.0056165 secs] [Times: user=0.04 sys=0.00, real=0.01 secs] 
295406.371: [GC (Allocation Failure) 295406.372: [ParNew: 422235K->16851K(471872K), 0.0056076 secs] 1482782K->1077915K(4141888K), 0.0056972 secs] [Times: user=0.04 sys=0.00, real=0.01 secs] 
295417.488: [GC (Allocation Failure) 295417.488: [ParNew: 435719K->5482K(471872K), 0.0051044 secs] 1496784K->1066860K(4141888K), 0.0051910 secs] [Times: user=0.04 sys=0.00, real=0.00 secs] 
295423.896: [GC (Allocation Failure) 295423.896: [ParNew: 424938K->2819K(471872K), 0.0059099 secs] 1486316K->1066237K(4141888K), 0.0059864 secs] [Times: user=0.05 sys=0.00, real=0.00 secs] 
295434.110: [GC (Allocation Failure) 295434.110: [ParNew: 422179K->3055K(471872K), 0.0054949 secs] 1485598K->1066880K(4141888K), 0.0056153 secs] [Times: user=0.04 sys=0.00, real=0.01 secs] 
295450.754: [GC (Allocation Failure) 295450.754: [ParNew: 422455K->4635K(471872K), 0.0050776 secs] 1486280K->1068895K(4141888K), 0.0051636 secs] [Times: user=0.04 sys=0.00, real=0.00 secs] 
295463.477: [GC (Allocation Failure) 295463.477: [ParNew: 424091K->8967K(471872K), 0.0087017 secs] 1488351K->1074486K(4141888K), 0.0087928 secs] [Times: user=0.04 sys=0.00, real=0.01 secs] 
295475.410: [GC (Allocation Failure) 295475.410: [ParNew: 428423K->6026K(471872K), 0.0076751 secs] 1493942K->1072100K(4141888K), 0.0077508 secs] [Times: user=0.05 sys=0.00, real=0.01 secs] 
295505.581: [GC (Allocation Failure) 295505.581: [ParNew: 425482K->2277K(471872K), 0.0060094 secs] 1491556K->1070180K(4141888K), 0.0060835 secs] [Times: user=0.04 sys=0.01, real=0.01 secs] 
295520.441: [GC (Allocation Failure) 295520.441: [ParNew: 421733K->13192K(471872K), 0.0071612 secs] 1489636K->1082084K(4141888K), 0.0072745 secs] [Times: user=0.05 sys=0.00, real=0.01 secs] 
295528.442: [GC (Allocation Failure) 295528.442: [ParNew: 432648K->20350K(471872K), 0.0073526 secs] 1501540K->1089956K(4141888K), 0.0074551 secs] [Times: user=0.05 sys=0.00, real=0.01 secs] 
295536.884: [GC (Allocation Failure) 295536.884: [ParNew: 439806K->6219K(471872K), 0.0061575 secs] 1509412K->1077595K(4141888K), 0.0062580 secs] [Times: user=0.05 sys=0.00, real=0.00 secs] 
295544.840: [GC (Allocation Failure) 295544.840: [ParNew: 425675K->2433K(471872K), 0.0049606 secs] 1497051K->1074113K(4141888K), 0.0050364 secs] [Times: user=0.03 sys=0.00, real=0.01 secs] 
295550.203: [GC (Allocation Failure) 295550.203: [ParNew: 421889K->2747K(471872K), 0.0048474 secs] 1493569K->1074600K(4141888K), 0.0049172 secs] [Times: user=0.04 sys=0.00, real=0.01 secs] 
295556.005: [GC (Allocation Failure) 295556.005: [ParNew: 422203K->2116K(471872K), 0.0050771 secs] 1494056K->1074190K(4141888K), 0.0051576 secs] [Times: user=0.04 sys=0.00, real=0.00 secs] 
295571.480: [GC (Allocation Failure) 295571.480: [ParNew: 421572K->11182K(471872K), 0.0065145 secs] 1493646K->1083440K(4141888K), 0.0066120 secs] [Times: user=0.05 sys=0.00, real=0.01 secs] 
295582.423: [GC (Allocation Failure) 295582.423: [ParNew: 430638K->14938K(471872K), 0.0116213 secs] 1502896K->1088170K(4141888K), 0.0117397 secs] [Times: user=0.07 sys=0.00, real=0.02 secs] 
295589.379: [GC (Allocation Failure) 295589.379: [ParNew: 434394K->15332K(471872K), 0.0096984 secs] 1507626K->1088801K(4141888K), 0.0097890 secs] [Times: user=0.04 sys=0.01, real=0.01 secs] 
295622.073: [GC (Allocation Failure) 295622.073: [ParNew: 434788K->5451K(471872K), 0.0078827 secs] 1508257K->1081012K(4141888K), 0.0079569 secs] [Times: user=0.04 sys=0.00, real=0.01 secs] 
295633.455: [GC (Allocation Failure) 295633.455: [ParNew: 424907K->11163K(471872K), 0.0078426 secs] 1500468K->1087557K(4141888K), 0.0079405 secs] [Times: user=0.05 sys=0.00, real=0.00 secs] 
295646.386: [GC (Allocation Failure) 295646.387: [ParNew: 430619K->22601K(471872K), 0.0074866 secs] 1507013K->1099425K(4141888K), 0.0075849 secs] [Times: user=0.05 sys=0.00, real=0.01 secs] 
295660.522: [GC (Allocation Failure) 295660.522: [ParNew: 442057K->9283K(471872K), 0.0049154 secs] 1518881K->1086313K(4141888K), 0.0049921 secs] [Times: user=0.04 sys=0.00, real=0.01 secs] 
295673.059: [GC (Allocation Failure) 295673.059: [ParNew: 428739K->2480K(471872K), 0.0058164 secs] 1505769K->1081408K(4141888K), 0.0058932 secs] [Times: user=0.04 sys=0.00, real=0.01 secs] 
295695.773: [GC (Allocation Failure) 295695.773: [ParNew: 421936K->3666K(471872K), 0.0057215 secs] 1500864K->1083167K(4141888K), 0.0058032 secs] [Times: user=0.04 sys=0.01, real=0.01 secs] 
295703.226: [GC (Allocation Failure) 295703.226: [ParNew: 423122K->3300K(471872K), 0.0053846 secs] 1502623K->1084013K(4141888K), 0.0054688 secs] [Times: user=0.04 sys=0.00, real=0.00 secs] 
295709.469: [GC (Allocation Failure) 295709.469: [ParNew: 421840K->16619K(471872K), 0.0059350 secs] 1502553K->1097582K(4141888K), 0.0060351 secs] [Times: user=0.04 sys=0.00, real=0.01 secs] 
295729.845: [GC (Allocation Failure) 295729.845: [ParNew: 436075K->4334K(471872K), 0.0088994 secs] 1517038K->1085615K(4141888K), 0.0089713 secs] [Times: user=0.04 sys=0.00, real=0.01 secs] 
295755.478: [GC (Allocation Failure) 295755.478: [ParNew: 423790K->17412K(471872K), 0.0071945 secs] 1505071K->1099189K(4141888K), 0.0073048 secs] [Times: user=0.06 sys=0.00, real=0.01 secs] 
295768.373: [GC (Allocation Failure) 295768.373: [ParNew: 436868K->17999K(471872K), 0.0071010 secs] 1518645K->1100719K(4141888K), 0.0071986 secs] [Times: user=0.05 sys=0.00, real=0.01 secs] 
295807.055: [GC (Allocation Failure) 295807.055: [ParNew: 437455K->7026K(471872K), 0.0082886 secs] 1520175K->1089963K(4141888K), 0.0083794 secs] [Times: user=0.05 sys=0.00, real=0.00 secs] 
295811.630: [GC (Allocation Failure) 295811.630: [ParNew: 426482K->3670K(471872K), 0.0085656 secs] 1509419K->1089444K(4141888K), 0.0086441 secs] [Times: user=0.04 sys=0.00, real=0.01 secs] 
295815.175: [GC (Allocation Failure) 295815.175: [ParNew: 423126K->2012K(471872K), 0.0057282 secs] 1508900K->1088096K(4141888K), 0.0058272 secs] [Times: user=0.04 sys=0.00, real=0.00 secs] 
295816.819: [GC (Allocation Failure) 295816.819: [ParNew: 421468K->2762K(471872K), 0.0047912 secs] 1507552K->1089058K(4141888K), 0.0048766 secs] [Times: user=0.03 sys=0.00, real=0.01 secs] 
295817.604: [GC (Allocation Failure) 295817.604: [ParNew: 422218K->2100K(471872K), 0.0049880 secs] 1508514K->1088468K(4141888K), 0.0050615 secs] [Times: user=0.04 sys=0.00, real=0.01 secs] 
295824.751: [GC (Allocation Failure) 295824.751: [ParNew: 421556K->3417K(471872K), 0.0048614 secs] 1507924K->1089831K(4141888K), 0.0049428 secs] [Times: user=0.03 sys=0.00, real=0.01 secs] 
295842.655: [GC (Allocation Failure) 295842.655: [ParNew: 422873K->2875K(471872K), 0.0049352 secs] 1509287K->1090024K(4141888K), 0.0050186 secs] [Times: user=0.04 sys=0.00, real=0.00 secs] 
295877.426: [GC (Allocation Failure) 295877.426: [ParNew: 422331K->13307K(471872K), 0.0070962 secs] 1509480K->1100873K(4141888K), 0.0071970 secs] [Times: user=0.05 sys=0.00, real=0.00 secs] 
295886.359: [GC (Allocation Failure) 295886.359: [ParNew: 431238K->25278K(471872K), 0.0067169 secs] 1518804K->1113699K(4141888K), 0.0068289 secs] [Times: user=0.05 sys=0.00, real=0.01 secs] 
295909.843: [GC (Allocation Failure) 295909.843: [ParNew: 444734K->4758K(471872K), 0.0051347 secs] 1533155K->1093664K(4141888K), 0.0052079 secs] [Times: user=0.04 sys=0.00, real=0.01 secs] 
295938.428: [GC (Allocation Failure) 295938.428: [ParNew: 424214K->18651K(471872K), 0.0057324 secs] 1513120K->1107895K(4141888K), 0.0058437 secs] [Times: user=0.05 sys=0.00, real=0.00 secs] 
295951.410: [GC (Allocation Failure) 295951.410: [ParNew: 436595K->21158K(471872K), 0.0066527 secs] 1525839K->1111702K(4141888K), 0.0067645 secs] [Times: user=0.05 sys=0.00, real=0.01 secs] 
295987.568: [GC (Allocation Failure) 295987.568: [ParNew: 440614K->5129K(471872K), 0.0060057 secs] 1531158K->1095927K(4141888K), 0.0060989 secs] [Times: user=0.05 sys=0.00, real=0.01 secs] 
296008.763: [GC (Allocation Failure) 296008.763: [ParNew: 424392K->22887K(471872K), 0.0064960 secs] 1515189K->1114507K(4141888K), 0.0065965 secs] [Times: user=0.04 sys=0.00, real=0.01 secs] 
296020.017: [GC (Allocation Failure) 296020.017: [ParNew: 442343K->4858K(471872K), 0.0084320 secs] 1533963K->1097576K(4141888K), 0.0085042 secs] [Times: user=0.05 sys=0.00, real=0.01 secs] 
296060.479: [GC (Allocation Failure) 296060.479: [ParNew: 424314K->11653K(471872K), 0.0097377 secs] 1517032K->1104541K(4141888K), 0.0098650 secs] [Times: user=0.05 sys=0.00, real=0.01 secs] 
296070.507: [GC (Allocation Failure) 296070.507: [ParNew: 431109K->9192K(471872K), 0.0064237 secs] 1523997K->1103640K(4141888K), 0.0065220 secs] [Times: user=0.04 sys=0.00, real=0.00 secs] 
296080.620: [GC (Allocation Failure) 296080.620: [ParNew: 428648K->6242K(471872K), 0.0050444 secs] 1523096K->1101148K(4141888K), 0.0051326 secs] [Times: user=0.04 sys=0.00, real=0.01 secs] 
296120.439: [GC (Allocation Failure) 296120.439: [ParNew: 425698K->7736K(471872K), 0.0063052 secs] 1520604K->1104435K(4141888K), 0.0064026 secs] [Times: user=0.04 sys=0.00, real=0.01 secs] 
296131.458: [GC (Allocation Failure) 296131.458: [ParNew: 427192K->18475K(471872K), 0.0071695 secs] 1523891K->1117442K(4141888K), 0.0072731 secs] [Times: user=0.05 sys=0.00, real=0.01 secs] 
296149.401: [GC (Allocation Failure) 296149.401: [ParNew: 437931K->8564K(471872K), 0.0050289 secs] 1536898K->1107888K(4141888K), 0.0051150 secs] [Times: user=0.04 sys=0.00, real=0.01 secs] 
296167.582: [GC (Allocation Failure) 296167.582: [ParNew: 428020K->3391K(471872K), 0.0058061 secs] 1527344K->1104730K(4141888K), 0.0058900 secs] [Times: user=0.05 sys=0.00, real=0.01 secs] 
296183.443: [GC (Allocation Failure) 296183.443: [ParNew: 422078K->22102K(471872K), 0.0062348 secs] 1523417K->1123902K(4141888K), 0.0063418 secs] [Times: user=0.05 sys=0.00, real=0.01 secs] 
296192.496: [GC (Allocation Failure) 296192.496: [ParNew: 441558K->17559K(471872K), 0.0063689 secs] 1543358K->1120554K(4141888K), 0.0064890 secs] [Times: user=0.05 sys=0.01, real=0.00 secs] 
296213.626: [GC (Allocation Failure) 296213.626: [ParNew: 437015K->5313K(471872K), 0.0050514 secs] 1540010K->1108792K(4141888K), 0.0051381 secs] [Times: user=0.04 sys=0.01, real=0.00 secs] 
296224.021: [GC (Allocation Failure) 296224.021: [ParNew: 424769K->2110K(471872K), 0.0063216 secs] 1528248K->1108242K(4141888K), 0.0063988 secs] [Times: user=0.04 sys=0.00, real=0.01 secs] 
296230.203: [GC (Allocation Failure) 296230.203: [ParNew: 421566K->2409K(471872K), 0.0051850 secs] 1527698K->1108770K(4141888K), 0.0052605 secs] [Times: user=0.03 sys=0.00, real=0.01 secs] 
296235.083: [GC (Allocation Failure) 296235.083: [ParNew: 421865K->2181K(471872K), 0.0048069 secs] 1528226K->1108708K(4141888K), 0.0048835 secs] [Times: user=0.04 sys=0.00, real=0.01 secs] 
296240.086: [GC (Allocation Failure) 296240.086: [ParNew: 421637K->3767K(471872K), 0.0054624 secs] 1528164K->1110441K(4141888K), 0.0055593 secs] [Times: user=0.04 sys=0.00, real=0.00 secs] 
296243.476: [GC (Allocation Failure) 296243.476: [ParNew: 423223K->17862K(471872K), 0.0069064 secs] 1529897K->1124830K(4141888K), 0.0070054 secs] [Times: user=0.05 sys=0.00, real=0.00 secs] 
296245.547: [GC (Allocation Failure) 296245.547: [ParNew: 437318K->8847K(471872K), 0.0047156 secs] 1544286K->1116121K(4141888K), 0.0047967 secs] [Times: user=0.04 sys=0.00, real=0.00 secs] 
296248.067: [GC (Allocation Failure) 296248.067: [ParNew: 428303K->5467K(471872K), 0.0049416 secs] 1535577K->1113125K(4141888K), 0.0050169 secs] [Times: user=0.04 sys=0.00, real=0.00 secs] 
296250.059: [GC (Allocation Failure) 296250.059: [ParNew: 424923K->3159K(471872K), 0.0053998 secs] 1532581K->1112581K(4141888K), 0.0054738 secs] [Times: user=0.04 sys=0.00, real=0.01 secs] 
296252.004: [GC (Allocation Failure) 296252.004: [ParNew: 422615K->2549K(471872K), 0.0051263 secs] 1532037K->1112098K(4141888K), 0.0051933 secs] [Times: user=0.04 sys=0.00, real=0.00 secs] 
296254.150: [GC (Allocation Failure) 296254.150: [ParNew: 422005K->6148K(471872K), 0.0051573 secs] 1531554K->1115929K(4141888K), 0.0052375 secs] [Times: user=0.04 sys=0.00, real=0.01 secs] 
296255.031: [GC (Allocation Failure) 296255.031: [ParNew: 425604K->3024K(471872K), 0.0055783 secs] 1535385K->1114746K(4141888K), 0.0056685 secs] [Times: user=0.04 sys=0.00, real=0.01 secs] 
296255.756: [GC (Allocation Failure) 296255.756: [ParNew: 422480K->2525K(471872K), 0.0052431 secs] 1534202K->1114431K(4141888K), 0.0053105 secs] [Times: user=0.04 sys=0.00, real=0.00 secs] 
296258.237: [GC (Allocation Failure) 296258.237: [ParNew: 421981K->5130K(471872K), 0.0049184 secs] 1533887K->1117120K(4141888K), 0.0049941 secs] [Times: user=0.04 sys=0.00, real=0.00 secs] 
296260.358: [GC (Allocation Failure) 296260.358: [ParNew: 424362K->20857K(471872K), 0.0059210 secs] 1536352K->1133322K(4141888K), 0.0060256 secs] [Times: user=0.05 sys=0.00, real=0.01 secs] 
296265.767: [GC (Allocation Failure) 296265.767: [ParNew: 440313K->4748K(471872K), 0.0052582 secs] 1552778K->1117676K(4141888K), 0.0053466 secs] [Times: user=0.04 sys=0.00, real=0.00 secs] 
296282.576: [GC (Allocation Failure) 296282.576: [ParNew: 424204K->3254K(471872K), 0.0061309 secs] 1537132K->1118037K(4141888K), 0.0062097 secs] [Times: user=0.04 sys=0.00, real=0.00 secs] 
296285.938: [GC (Allocation Failure) 296285.938: [ParNew: 422710K->2697K(471872K), 0.0053601 secs] 1537493K->1118362K(4141888K), 0.0054306 secs] [Times: user=0.04 sys=0.00, real=0.00 secs] 
296289.074: [GC (Allocation Failure) 296289.074: [ParNew: 422153K->2162K(471872K), 0.0047698 secs] 1537818K->1118035K(4141888K), 0.0048400 secs] [Times: user=0.03 sys=0.00, real=0.01 secs] 
296291.703: [GC (Allocation Failure) 296291.703: [ParNew: 421618K->3056K(471872K), 0.0049997 secs] 1537491K->1119240K(4141888K), 0.0050857 secs] [Times: user=0.04 sys=0.01, real=0.01 secs] 
296295.152: [GC (Allocation Failure) 296295.152: [ParNew: 422512K->2968K(471872K), 0.0049627 secs] 1538696K->1119277K(4141888K), 0.0050374 secs] [Times: user=0.03 sys=0.00, real=0.01 secs] 
296296.611: [GC (Allocation Failure) 296296.611: [ParNew: 422424K->825K(471872K), 0.0049176 secs] 1538733K->1117328K(4141888K), 0.0049881 secs] [Times: user=0.03 sys=0.00, real=0.01 secs] 
296305.407: [GC (Allocation Failure) 296305.407: [ParNew: 420281K->6075K(471872K), 0.0052725 secs] 1536784K->1122639K(4141888K), 0.0053491 secs] [Times: user=0.04 sys=0.00, real=0.00 secs] 
296317.368: [GC (Allocation Failure) 296317.368: [ParNew: 425531K->7701K(471872K), 0.0058532 secs] 1542095K->1124983K(4141888K), 0.0059658 secs] [Times: user=0.04 sys=0.01, real=0.00 secs] 
296323.509: [GC (Allocation Failure) 296323.510: [ParNew: 427103K->5294K(471872K), 0.0054164 secs] 1544385K->1122841K(4141888K), 0.0054909 secs] [Times: user=0.03 sys=0.00, real=0.01 secs] 
296331.728: [GC (Allocation Failure) 296331.728: [ParNew: 424750K->2820K(471872K), 0.0055903 secs] 1542297K->1122380K(4141888K), 0.0056779 secs] [Times: user=0.04 sys=0.00, real=0.00 secs] 
296342.378: [GC (Allocation Failure) 296342.379: [ParNew: 422276K->1422K(471872K), 0.0050317 secs] 1541836K->1121481K(4141888K), 0.0051037 secs] [Times: user=0.03 sys=0.00, real=0.00 secs] 
296349.726: [GC (Allocation Failure) 296349.726: [ParNew: 420878K->1151K(471872K), 0.0049836 secs] 1540937K->1121463K(4141888K), 0.0050620 secs] [Times: user=0.04 sys=0.00, real=0.00 secs] 
296358.540: [GC (Allocation Failure) 296358.540: [ParNew: 420607K->2480K(471872K), 0.0049918 secs] 1540919K->1122938K(4141888K), 0.0050785 secs] [Times: user=0.03 sys=0.00, real=0.01 secs] 
296364.426: [GC (Allocation Failure) 296364.426: [ParNew: 421936K->16203K(471872K), 0.0071483 secs] 1542394K->1137167K(4141888K), 0.0072368 secs] [Times: user=0.05 sys=0.00, real=0.00 secs] 
296368.870: [GC (Allocation Failure) 296368.870: [ParNew: 435659K->6094K(471872K), 0.0081078 secs] 1556623K->1127275K(4141888K), 0.0081815 secs] [Times: user=0.05 sys=0.00, real=0.01 secs] 
296374.685: [GC (Allocation Failure) 296374.685: [ParNew: 425550K->3762K(471872K), 0.0053951 secs] 1546731K->1125160K(4141888K), 0.0054692 secs] [Times: user=0.04 sys=0.00, real=0.00 secs] 
296377.773: [GC (Allocation Failure) 296377.773: [ParNew: 423218K->3872K(471872K), 0.0052380 secs] 1544616K->1125439K(4141888K), 0.0053250 secs] [Times: user=0.04 sys=0.00, real=0.01 secs] 
296381.397: [GC (Allocation Failure) 296381.397: [ParNew: 423328K->4833K(471872K), 0.0047812 secs] 1544895K->1126479K(4141888K), 0.0048801 secs] [Times: user=0.04 sys=0.00, real=0.00 secs] 
296385.916: [GC (Allocation Failure) 296385.917: [ParNew: 424289K->4327K(471872K), 0.0059829 secs] 1545935K->1126135K(4141888K), 0.0060789 secs] [Times: user=0.04 sys=0.00, real=0.00 secs] 
296389.780: [GC (Allocation Failure) 296389.780: [ParNew: 423183K->3853K(471872K), 0.0054563 secs] 1544991K->1127601K(4141888K), 0.0055722 secs] [Times: user=0.04 sys=0.00, real=0.01 secs] 
296425.479: [GC (Allocation Failure) 296425.479: [ParNew: 423309K->17058K(471872K), 0.0072311 secs] 1547057K->1140861K(4141888K), 0.0073451 secs] [Times: user=0.05 sys=0.00, real=0.01 secs] 
296431.055: [GC (Allocation Failure) 296431.055: [ParNew: 436514K->9980K(471872K), 0.0058534 secs] 1560317K->1135047K(4141888K), 0.0059321 secs] [Times: user=0.04 sys=0.00, real=0.00 secs] 
296439.400: [GC (Allocation Failure) 296439.400: [ParNew: 429436K->17359K(471872K), 0.0066098 secs] 1554503K->1142703K(4141888K), 0.0067073 secs] [Times: user=0.05 sys=0.00, real=0.01 secs] 
296453.837: [GC (Allocation Failure) 296453.837: [ParNew: 436815K->8198K(471872K), 0.0052631 secs] 1562159K->1134130K(4141888K), 0.0053524 secs] [Times: user=0.04 sys=0.00, real=0.00 secs] 
296486.389: [GC (Allocation Failure) 296486.389: [ParNew: 427654K->3200K(471872K), 0.0058284 secs] 1553586K->1131319K(4141888K), 0.0059052 secs] [Times: user=0.05 sys=0.00, real=0.01 secs] 
296497.463: [GC (Allocation Failure) 296497.463: [ParNew: 422560K->5488K(471872K), 0.0070624 secs] 1550679K->1134983K(4141888K), 0.0071728 secs] [Times: user=0.04 sys=0.00, real=0.01 secs] 
296516.391: [GC (Allocation Failure) 296516.392: [ParNew: 424944K->2862K(471872K), 0.0050815 secs] 1554439K->1132527K(4141888K), 0.0051561 secs] [Times: user=0.04 sys=0.00, real=0.01 secs] 
296530.364: [GC (Allocation Failure) 296530.364: [ParNew: 422318K->1707K(471872K), 0.0059169 secs] 1551983K->1133410K(4141888K), 0.0059931 secs] [Times: user=0.04 sys=0.00, real=0.00 secs] 
296549.421: [GC (Allocation Failure) 296549.421: [ParNew: 421163K->21202K(471872K), 0.0076002 secs] 1552866K->1153561K(4141888K), 0.0077037 secs] [Times: user=0.05 sys=0.00, real=0.01 secs] 
296563.414: [GC (Allocation Failure) 296563.414: [ParNew: 440658K->21541K(471872K), 0.0068552 secs] 1573017K->1154685K(4141888K), 0.0069512 secs] [Times: user=0.05 sys=0.01, real=0.01 secs] 
296593.229: [GC (Allocation Failure) 296593.229: [ParNew: 440991K->11669K(471872K), 0.0056552 secs] 1574135K->1144985K(4141888K), 0.0057587 secs] [Times: user=0.04 sys=0.01, real=0.01 secs] 
296593.559: [GC (Allocation Failure) 296593.559: [ParNew: 431125K->3596K(471872K), 0.0073237 secs] 1564441K->1143780K(4141888K), 0.0074159 secs] [Times: user=0.05 sys=0.00, real=0.01 secs] 
296593.980: [GC (Allocation Failure) 296593.980: [ParNew: 422503K->3347K(471872K), 0.0049420 secs] 1562687K->1143600K(4141888K), 0.0050147 secs] [Times: user=0.04 sys=0.00, real=0.01 secs] 
296594.344: [GC (Allocation Failure) 296594.344: [ParNew: 422803K->3103K(471872K), 0.0047710 secs] 1563056K->1143400K(4141888K), 0.0048571 secs] [Times: user=0.03 sys=0.00, real=0.00 secs] 
296597.191: [GC (Allocation Failure) 296597.191: [ParNew: 422559K->2706K(471872K), 0.0052742 secs] 1562856K->1143051K(4141888K), 0.0053543 secs] [Times: user=0.03 sys=0.00, real=0.01 secs] 
296599.435: [GC (Allocation Failure) 296599.435: [ParNew: 422162K->3355K(471872K), 0.0050023 secs] 1562507K->1143959K(4141888K), 0.0050788 secs] [Times: user=0.04 sys=0.00, real=0.00 secs] 
296600.233: [GC (Allocation Failure) 296600.233: [ParNew: 422811K->3543K(471872K), 0.0048710 secs] 1563415K->1144365K(4141888K), 0.0049438 secs] [Times: user=0.04 sys=0.00, real=0.01 secs] 
296602.196: [GC (Allocation Failure) 296602.196: [ParNew: 422999K->3653K(471872K), 0.0049019 secs] 1563821K->1144568K(4141888K), 0.0049702 secs] [Times: user=0.03 sys=0.00, real=0.00 secs] 
296613.440: [GC (Allocation Failure) 296613.440: [ParNew: 423109K->19732K(471872K), 0.0076224 secs] 1564024K->1160731K(4141888K), 0.0077324 secs] [Times: user=0.06 sys=0.00, real=0.01 secs] 
296626.339: [GC (Allocation Failure) 296626.339: [ParNew: 439188K->23408K(471872K), 0.0057617 secs] 1580187K->1164972K(4141888K), 0.0058593 secs] [Times: user=0.05 sys=0.00, real=0.01 secs] 
296644.934: [GC (Allocation Failure) 296644.934: [ParNew: 442864K->5708K(471872K), 0.0052379 secs] 1584428K->1147654K(4141888K), 0.0053156 secs] [Times: user=0.04 sys=0.01, real=0.01 secs] 
296654.331: [GC (Allocation Failure) 296654.331: [ParNew: 425164K->2906K(471872K), 0.0057913 secs] 1567110K->1147909K(4141888K), 0.0058904 secs] [Times: user=0.04 sys=0.00, real=0.01 secs] 
296674.390: [GC (Allocation Failure) 296674.390: [ParNew: 422362K->11927K(471872K), 0.0067157 secs] 1567365K->1157317K(4141888K), 0.0068051 secs] [Times: user=0.05 sys=0.00, real=0.01 secs] 
296687.419: [GC (Allocation Failure) 296687.419: [ParNew: 431106K->21600K(471872K), 0.0068019 secs] 1576495K->1167592K(4141888K), 0.0069159 secs] [Times: user=0.04 sys=0.00, real=0.01 secs] 
296731.408: [GC (Allocation Failure) 296731.408: [ParNew: 441056K->8319K(471872K), 0.0054858 secs] 1587048K->1154543K(4141888K), 0.0055685 secs] [Times: user=0.04 sys=0.01, real=0.01 secs] 
296741.422: [GC (Allocation Failure) 296741.422: [ParNew: 427775K->19677K(471872K), 0.0061933 secs] 1573999K->1166857K(4141888K), 0.0063055 secs] [Times: user=0.05 sys=0.00, real=0.01 secs] 
296753.065: [GC (Allocation Failure) 296753.065: [ParNew: 439133K->4546K(471872K), 0.0055041 secs] 1586313K->1152690K(4141888K), 0.0055889 secs] [Times: user=0.04 sys=0.00, real=0.00 secs] 
296770.929: [GC (Allocation Failure) 296770.929: [ParNew: 424002K->1465K(471872K), 0.0058777 secs] 1572146K->1151654K(4141888K), 0.0059742 secs] [Times: user=0.04 sys=0.01, real=0.01 secs] 
296795.363: [GC (Allocation Failure) 296795.363: [ParNew: 420921K->2929K(471872K), 0.0052193 secs] 1571110K->1153621K(4141888K), 0.0053050 secs] [Times: user=0.04 sys=0.00, real=0.01 secs] 
296804.396: [GC (Allocation Failure) 296804.396: [ParNew: 422385K->3570K(471872K), 0.0049905 secs] 1573077K->1154754K(4141888K), 0.0050676 secs] [Times: user=0.04 sys=0.00, real=0.00 secs] 
296812.298: [GC (Allocation Failure) 296812.298: [ParNew: 423026K->3906K(471872K), 0.0049024 secs] 1574210K->1155837K(4141888K), 0.0049823 secs] [Times: user=0.03 sys=0.00, real=0.00 secs] 
296855.352: [GC (Allocation Failure) 296855.352: [ParNew: 423362K->18723K(471872K), 0.0058449 secs] 1575293K->1170747K(4141888K), 0.0059408 secs] [Times: user=0.05 sys=0.00, real=0.01 secs] 
296866.420: [GC (Allocation Failure) 296866.420: [ParNew: 438179K->16348K(471872K), 0.0080276 secs] 1590203K->1169356K(4141888K), 0.0081891 secs] [Times: user=0.05 sys=0.01, real=0.01 secs] 
296889.447: [GC (Allocation Failure) 296889.447: [ParNew: 435804K->10045K(471872K), 0.0050757 secs] 1588812K->1163371K(4141888K), 0.0051557 secs] [Times: user=0.04 sys=0.00, real=0.00 secs] 
296893.059: [GC (Allocation Failure) 296893.059: [ParNew: 429501K->2306K(471872K), 0.0054655 secs] 1582827K->1157866K(4141888K), 0.0055400 secs] [Times: user=0.04 sys=0.00, real=0.01 secs] 
296912.932: [GC (Allocation Failure) 296912.932: [ParNew: 421762K->2520K(471872K), 0.0049888 secs] 1577322K->1158376K(4141888K), 0.0050655 secs] [Times: user=0.04 sys=0.00, real=0.01 secs] 
296915.355: [GC (Allocation Failure) 296915.355: [ParNew: 421976K->3653K(471872K), 0.0063549 secs] 1577832K->1160997K(4141888K), 0.0064322 secs] [Times: user=0.04 sys=0.00, real=0.00 secs] 
296918.407: [GC (Allocation Failure) 296918.407: [ParNew: 422979K->16057K(471872K), 0.0070695 secs] 1580323K->1173545K(4141888K), 0.0071603 secs] [Times: user=0.05 sys=0.00, real=0.01 secs] 
296927.451: [GC (Allocation Failure) 296927.451: [ParNew: 435513K->4160K(471872K), 0.0048933 secs] 1593001K->1161721K(4141888K), 0.0049730 secs] [Times: user=0.04 sys=0.00, real=0.01 secs] 
296948.456: [GC (Allocation Failure) 296948.456: [ParNew: 423616K->3546K(471872K), 0.0055725 secs] 1581177K->1161417K(4141888K), 0.0056697 secs] [Times: user=0.04 sys=0.00, real=0.00 secs] 
296977.611: [GC (Allocation Failure) 296977.611: [ParNew: 423002K->4287K(471872K), 0.0058118 secs] 1580873K->1163073K(4141888K), 0.0058944 secs] [Times: user=0.04 sys=0.00, real=0.01 secs] 
296988.371: [GC (Allocation Failure) 296988.371: [ParNew: 423743K->7910K(471872K), 0.0057876 secs] 1582529K->1167690K(4141888K), 0.0058808 secs] [Times: user=0.04 sys=0.00, real=0.01 secs] 
297022.099: [GC (Allocation Failure) 297022.099: [ParNew: 427366K->4554K(471872K), 0.0055087 secs] 1587146K->1164890K(4141888K), 0.0056311 secs] [Times: user=0.04 sys=0.00, real=0.01 secs] 
297028.740: [GC (Allocation Failure) 297028.740: [ParNew: 424010K->3727K(471872K), 0.0063811 secs] 1584346K->1166584K(4141888K), 0.0064625 secs] [Times: user=0.04 sys=0.01, real=0.01 secs] 
297035.491: [GC (Allocation Failure) 297035.491: [ParNew: 423183K->16443K(471872K), 0.0066548 secs] 1586040K->1179603K(4141888K), 0.0067532 secs] [Times: user=0.05 sys=0.00, real=0.01 secs] 
297037.959: [GC (Allocation Failure) 297037.959: [ParNew: 435899K->8309K(471872K), 0.0047926 secs] 1599059K->1172071K(4141888K), 0.0048623 secs] [Times: user=0.03 sys=0.00, real=0.00 secs] 
297041.713: [GC (Allocation Failure) 297041.713: [ParNew: 427765K->5683K(471872K), 0.0049006 secs] 1591527K->1169782K(4141888K), 0.0049752 secs] [Times: user=0.04 sys=0.00, real=0.01 secs] 
297046.834: [GC (Allocation Failure) 297046.834: [ParNew: 425139K->6435K(471872K), 0.0053412 secs] 1589238K->1170972K(4141888K), 0.0054375 secs] [Times: user=0.04 sys=0.01, real=0.00 secs] 
297049.932: [GC (Allocation Failure) 297049.932: [ParNew: 425891K->5112K(471872K), 0.0052941 secs] 1590428K->1169904K(4141888K), 0.0053852 secs] [Times: user=0.04 sys=0.00, real=0.01 secs] 
297053.708: [GC (Allocation Failure) 297053.708: [ParNew: 424568K->6346K(471872K), 0.0050679 secs] 1589360K->1171287K(4141888K), 0.0051498 secs] [Times: user=0.04 sys=0.00, real=0.00 secs] 
297059.706: [GC (Allocation Failure) 297059.706: [ParNew: 425802K->4628K(471872K), 0.0056217 secs] 1590743K->1171502K(4141888K), 0.0057005 secs] [Times: user=0.05 sys=0.00, real=0.00 secs] 
297064.708: [GC (Allocation Failure) 297064.708: [ParNew: 424084K->4428K(471872K), 0.0053267 secs] 1590958K->1171663K(4141888K), 0.0054085 secs] [Times: user=0.04 sys=0.00, real=0.00 secs] 
297067.169: [GC (Allocation Failure) 297067.169: [ParNew: 423884K->4532K(471872K), 0.0049104 secs] 1591119K->1172029K(4141888K), 0.0049832 secs] [Times: user=0.03 sys=0.00, real=0.01 secs] 
297069.841: [GC (Allocation Failure) 297069.841: [ParNew: 423988K->1484K(471872K), 0.0063580 secs] 1591485K->1169097K(4141888K), 0.0064330 secs] [Times: user=0.04 sys=0.00, real=0.01 secs] 
297074.238: [GC (Allocation Failure) 297074.238: [ParNew: 420940K->3568K(471872K), 0.0055008 secs] 1588553K->1171411K(4141888K), 0.0055866 secs] [Times: user=0.04 sys=0.00, real=0.00 secs] 
297076.779: [GC (Allocation Failure) 297076.780: [ParNew: 423024K->4523K(471872K), 0.0055673 secs] 1590867K->1172478K(4141888K), 0.0056503 secs] [Times: user=0.03 sys=0.00, real=0.01 secs] 
297079.838: [GC (Allocation Failure) 297079.838: [ParNew: 423979K->3228K(471872K), 0.0045058 secs] 1591934K->1171265K(4141888K), 0.0045755 secs] [Times: user=0.03 sys=0.00, real=0.00 secs] 
297083.054: [GC (Allocation Failure) 297083.054: [ParNew: 422684K->1535K(471872K), 0.0054821 secs] 1590721K->1170214K(4141888K), 0.0055640 secs] [Times: user=0.04 sys=0.00, real=0.00 secs] 
297084.964: [GC (Allocation Failure) 297084.964: [ParNew: 420991K->2539K(471872K), 0.0051348 secs] 1589670K->1171701K(4141888K), 0.0052054 secs] [Times: user=0.04 sys=0.00, real=0.00 secs] 
297087.150: [GC (Allocation Failure) 297087.150: [ParNew: 421995K->3136K(471872K), 0.0049002 secs] 1591157K->1172375K(4141888K), 0.0049770 secs] [Times: user=0.03 sys=0.00, real=0.01 secs] 
297092.281: [GC (Allocation Failure) 297092.281: [ParNew: 422275K->6161K(471872K), 0.0049293 secs] 1591514K->1175655K(4141888K), 0.0050085 secs] [Times: user=0.03 sys=0.00, real=0.01 secs] 
297095.903: [GC (Allocation Failure) 297095.903: [ParNew: 425500K->4933K(471872K), 0.0047795 secs] 1594993K->1175379K(4141888K), 0.0048560 secs] [Times: user=0.04 sys=0.00, real=0.01 secs] 
297098.386: [GC (Allocation Failure) 297098.387: [ParNew: 424389K->7623K(471872K), 0.0061045 secs] 1594835K->1178367K(4141888K), 0.0061985 secs] [Times: user=0.05 sys=0.00, real=0.00 secs] 
297100.479: [GC (Allocation Failure) 297100.479: [ParNew: 427032K->7887K(471872K), 0.0072300 secs] 1597776K->1178775K(4141888K), 0.0073138 secs] [Times: user=0.04 sys=0.00, real=0.01 secs] 
297102.352: [GC (Allocation Failure) 297102.352: [ParNew: 427165K->5840K(471872K), 0.0051790 secs] 1598053K->1176892K(4141888K), 0.0052547 secs] [Times: user=0.04 sys=0.00, real=0.01 secs] 
297106.154: [GC (Allocation Failure) 297106.154: [ParNew: 425296K->2527K(471872K), 0.0058076 secs] 1596348K->1175424K(4141888K), 0.0058845 secs] [Times: user=0.04 sys=0.01, real=0.00 secs] 
297107.447: [GC (Allocation Failure) 297107.447: [ParNew: 421983K->19000K(471872K), 0.0074813 secs] 1594880K->1192590K(4141888K), 0.0075930 secs] [Times: user=0.06 sys=0.00, real=0.01 secs] 
297110.401: [GC (Allocation Failure) 297110.401: [ParNew: 438075K->11198K(471872K), 0.0067971 secs] 1611666K->1184964K(4141888K), 0.0068811 secs] [Times: user=0.05 sys=0.00, real=0.01 secs] 
297112.427: [GC (Allocation Failure) 297112.427: [ParNew: 430227K->17489K(471872K), 0.0088658 secs] 1603993K->1191392K(4141888K), 0.0089864 secs] [Times: user=0.05 sys=0.00, real=0.01 secs] 
297114.444: [GC (Allocation Failure) 297114.444: [ParNew: 436945K->18008K(471872K), 0.0068634 secs] 1610848K->1192121K(4141888K), 0.0069953 secs] [Times: user=0.05 sys=0.00, real=0.01 secs] 
297115.688: [GC (Allocation Failure) 297115.688: [ParNew: 437464K->7766K(471872K), 0.0055055 secs] 1611577K->1183694K(4141888K), 0.0055937 secs] [Times: user=0.04 sys=0.01, real=0.01 secs] 
297118.876: [GC (Allocation Failure) 297118.876: [ParNew: 427222K->4260K(471872K), 0.0053095 secs] 1603150K->1180259K(4141888K), 0.0053968 secs] [Times: user=0.04 sys=0.00, real=0.00 secs] 
297125.431: [GC (Allocation Failure) 297125.431: [ParNew: 423295K->7890K(471872K), 0.0054264 secs] 1599294K->1184218K(4141888K), 0.0055273 secs] [Times: user=0.04 sys=0.00, real=0.01 secs] 
297127.062: [GC (Allocation Failure) 297127.062: [ParNew: 427221K->3138K(471872K), 0.0054938 secs] 1603549K->1180646K(4141888K), 0.0055835 secs] [Times: user=0.04 sys=0.00, real=0.01 secs] 
297130.695: [GC (Allocation Failure) 297130.695: [ParNew: 422594K->6067K(471872K), 0.0048168 secs] 1600102K->1183636K(4141888K), 0.0048954 secs] [Times: user=0.04 sys=0.00, real=0.00 secs] 
297136.369: [GC (Allocation Failure) 297136.369: [ParNew: 425523K->7106K(471872K), 0.0056695 secs] 1603092K->1184842K(4141888K), 0.0057570 secs] [Times: user=0.04 sys=0.00, real=0.01 secs] 
297137.488: [GC (Allocation Failure) 297137.489: [ParNew: 426293K->5064K(471872K), 0.0052749 secs] 1604029K->1183072K(4141888K), 0.0053675 secs] [Times: user=0.04 sys=0.00, real=0.01 secs] 
297140.470: [GC (Allocation Failure) 297140.470: [ParNew: 424520K->4702K(471872K), 0.0054558 secs] 1602528K->1182771K(4141888K), 0.0055425 secs] [Times: user=0.04 sys=0.00, real=0.01 secs] 
297141.192: [GC (Allocation Failure) 297141.192: [ParNew: 424158K->2726K(471872K), 0.0048586 secs] 1602227K->1181497K(4141888K), 0.0049416 secs] [Times: user=0.04 sys=0.00, real=0.01 secs] 
297141.740: [GC (Allocation Failure) 297141.740: [ParNew: 422182K->4282K(471872K), 0.0053776 secs] 1600953K->1183187K(4141888K), 0.0054818 secs] [Times: user=0.04 sys=0.00, real=0.01 secs] 
297145.349: [GC (Allocation Failure) 297145.349: [ParNew: 423672K->3112K(471872K), 0.0050751 secs] 1602577K->1182064K(4141888K), 0.0051560 secs] [Times: user=0.04 sys=0.00, real=0.01 secs] 
297146.631: [GC (Allocation Failure) 297146.631: [ParNew: 422318K->3256K(471872K), 0.0052141 secs] 1601270K->1182451K(4141888K), 0.0052853 secs] [Times: user=0.04 sys=0.00, real=0.01 secs] 
297148.203: [GC (Allocation Failure) 297148.203: [ParNew: 422712K->6859K(471872K), 0.0052304 secs] 1601907K->1186380K(4141888K), 0.0053081 secs] [Times: user=0.03 sys=0.00, real=0.01 secs] 
297149.199: [GC (Allocation Failure) 297149.199: [ParNew: 426054K->5426K(471872K), 0.0047410 secs] 1605575K->1185062K(4141888K), 0.0048270 secs] [Times: user=0.04 sys=0.00, real=0.01 secs] 
297152.013: [GC (Allocation Failure) 297152.013: [ParNew: 424882K->5024K(471872K), 0.0055301 secs] 1604518K->1184853K(4141888K), 0.0056099 secs] [Times: user=0.04 sys=0.00, real=0.01 secs] 
297152.543: [GC (Allocation Failure) 297152.543: [ParNew: 424480K->5819K(471872K), 0.0054833 secs] 1604309K->1186243K(4141888K), 0.0055813 secs] [Times: user=0.04 sys=0.00, real=0.01 secs] 
297154.965: [GC (Allocation Failure) 297154.965: [ParNew: 425275K->2542K(471872K), 0.0047007 secs] 1605699K->1183099K(4141888K), 0.0047772 secs] [Times: user=0.04 sys=0.00, real=0.00 secs] 
297157.832: [GC (Allocation Failure) 297157.832: [ParNew: 421998K->5382K(471872K), 0.0070680 secs] 1602555K->1186099K(4141888K), 0.0071704 secs] [Times: user=0.05 sys=0.00, real=0.01 secs] 
297159.293: [GC (Allocation Failure) 297159.294: [ParNew: 424536K->4759K(471872K), 0.0049832 secs] 1605253K->1185640K(4141888K), 0.0050662 secs] [Times: user=0.03 sys=0.00, real=0.01 secs] 
297162.332: [GC (Allocation Failure) 297162.332: [ParNew: 424215K->15839K(471872K), 0.0053891 secs] 1605096K->1196834K(4141888K), 0.0054723 secs] [Times: user=0.04 sys=0.00, real=0.01 secs] 
297165.287: [GC (Allocation Failure) 297165.287: [ParNew: 435295K->3991K(471872K), 0.0048796 secs] 1616290K->1185127K(4141888K), 0.0049480 secs] [Times: user=0.03 sys=0.00, real=0.00 secs] 
297166.494: [GC (Allocation Failure) 297166.494: [ParNew: 423315K->1986K(471872K), 0.0052985 secs] 1604451K->1185125K(4141888K), 0.0053744 secs] [Times: user=0.04 sys=0.00, real=0.00 secs] 
297168.923: [GC (Allocation Failure) 297168.923: [ParNew: 421442K->3941K(471872K), 0.0048822 secs] 1604581K->1187197K(4141888K), 0.0049629 secs] [Times: user=0.04 sys=0.00, real=0.01 secs] 
297170.771: [GC (Allocation Failure) 297170.771: [ParNew: 423397K->5013K(471872K), 0.0047712 secs] 1606653K->1188572K(4141888K), 0.0048400 secs] [Times: user=0.04 sys=0.00, real=0.01 secs] 
297173.331: [GC (Allocation Failure) 297173.331: [ParNew: 424421K->4789K(471872K), 0.0051860 secs] 1607980K->1188905K(4141888K), 0.0052718 secs] [Times: user=0.04 sys=0.00, real=0.01 secs] 
297175.369: [GC (Allocation Failure) 297175.369: [ParNew: 424245K->19768K(471872K), 0.0057832 secs] 1608361K->1204227K(4141888K), 0.0058834 secs] [Times: user=0.04 sys=0.00, real=0.01 secs] 
297178.262: [GC (Allocation Failure) 297178.262: [ParNew: 439224K->5995K(471872K), 0.0052161 secs] 1623683K->1190589K(4141888K), 0.0053002 secs] [Times: user=0.04 sys=0.00, real=0.01 secs] 
297181.365: [GC (Allocation Failure) 297181.365: [ParNew: 425165K->5833K(471872K), 0.0077051 secs] 1609760K->1192554K(4141888K), 0.0077878 secs] [Times: user=0.05 sys=0.01, real=0.00 secs] 
297184.264: [GC (Allocation Failure) 297184.264: [ParNew: 425121K->7135K(471872K), 0.0051774 secs] 1611842K->1194176K(4141888K), 0.0052628 secs] [Times: user=0.04 sys=0.00, real=0.00 secs] 
297190.297: [GC (Allocation Failure) 297190.297: [ParNew: 426591K->5691K(471872K), 0.0057554 secs] 1613632K->1192898K(4141888K), 0.0058657 secs] [Times: user=0.04 sys=0.00, real=0.00 secs] 
297200.299: [GC (Allocation Failure) 297200.299: [ParNew: 425147K->6119K(471872K), 0.0049427 secs] 1612354K->1193640K(4141888K), 0.0050259 secs] [Times: user=0.04 sys=0.00, real=0.01 secs] 
297212.285: [GC (Allocation Failure) 297212.285: [ParNew: 425575K->7305K(471872K), 0.0058360 secs] 1613096K->1195050K(4141888K), 0.0059276 secs] [Times: user=0.04 sys=0.00, real=0.00 secs] 
297216.491: [GC (Allocation Failure) 297216.491: [ParNew: 426761K->3632K(471872K), 0.0050818 secs] 1614506K->1191844K(4141888K), 0.0051596 secs] [Times: user=0.04 sys=0.00, real=0.01 secs] 
297221.285: [GC (Allocation Failure) 297221.285: [ParNew: 422695K->7199K(471872K), 0.0054001 secs] 1610907K->1195841K(4141888K), 0.0054909 secs] [Times: user=0.04 sys=0.00, real=0.00 secs] 
297226.244: [GC (Allocation Failure) 297226.244: [ParNew: 426655K->3882K(471872K), 0.0050755 secs] 1615297K->1192876K(4141888K), 0.0051596 secs] [Times: user=0.04 sys=0.00, real=0.01 secs] 
297230.382: [GC (Allocation Failure) 297230.382: [ParNew: 423178K->20076K(471872K), 0.0061493 secs] 1612172K->1209266K(4141888K), 0.0062539 secs] [Times: user=0.04 sys=0.00, real=0.01 secs] 
297234.276: [GC (Allocation Failure) 297234.276: [ParNew: 439532K->7871K(471872K), 0.0055530 secs] 1628722K->1197260K(4141888K), 0.0056409 secs] [Times: user=0.05 sys=0.00, real=0.00 secs] 
297237.563: [GC (Allocation Failure) 297237.563: [ParNew: 427304K->8434K(471872K), 0.0054509 secs] 1616693K->1198029K(4141888K), 0.0055507 secs] [Times: user=0.04 sys=0.01, real=0.01 secs] 
297244.280: [GC (Allocation Failure) 297244.280: [ParNew: 427097K->3942K(471872K), 0.0057133 secs] 1616692K->1195643K(4141888K), 0.0058064 secs] [Times: user=0.05 sys=0.00, real=0.01 secs] 
297248.644: [GC (Allocation Failure) 297248.644: [ParNew: 423299K->2580K(471872K), 0.0050155 secs] 1615000K->1194815K(4141888K), 0.0050990 secs] [Times: user=0.04 sys=0.00, real=0.00 secs] 
297252.879: [GC (Allocation Failure) 297252.879: [ParNew: 422036K->1895K(471872K), 0.0093439 secs] 1614271K->1194334K(4141888K), 0.0094409 secs] [Times: user=0.04 sys=0.00, real=0.01 secs] 
297257.988: [GC (Allocation Failure) 297257.988: [ParNew: 421351K->1953K(471872K), 0.0089833 secs] 1613790K->1194791K(4141888K), 0.0090588 secs] [Times: user=0.03 sys=0.00, real=0.01 secs] 
297263.273: [GC (Allocation Failure) 297263.273: [ParNew: 421409K->6792K(471872K), 0.0068523 secs] 1614247K->1200063K(4141888K), 0.0069611 secs] [Times: user=0.05 sys=0.00, real=0.01 secs] 
297269.298: [GC (Allocation Failure) 297269.299: [ParNew: 425657K->6259K(471872K), 0.0053105 secs] 1618928K->1199761K(4141888K), 0.0053936 secs] [Times: user=0.04 sys=0.00, real=0.01 secs] 
297279.418: [GC (Allocation Failure) 297279.418: [ParNew: 425715K->5820K(471872K), 0.0050982 secs] 1619217K->1199563K(4141888K), 0.0051796 secs] [Times: user=0.04 sys=0.00, real=0.00 secs] 
297284.299: [GC (Allocation Failure) 297284.299: [ParNew: 425276K->4798K(471872K), 0.0088732 secs] 1619019K->1199195K(4141888K), 0.0089532 secs] [Times: user=0.05 sys=0.01, real=0.01 secs] 
297289.443: [GC (Allocation Failure) 297289.443: [ParNew: 424254K->3785K(471872K), 0.0068531 secs] 1618651K->1198326K(4141888K), 0.0069247 secs] [Times: user=0.04 sys=0.00, real=0.01 secs] 
297291.780: [GC (Allocation Failure) 297291.780: [ParNew: 423241K->4065K(471872K), 0.0050478 secs] 1617782K->1199008K(4141888K), 0.0051251 secs] [Times: user=0.04 sys=0.00, real=0.01 secs] 
297294.804: [GC (Allocation Failure) 297294.804: [ParNew: 423396K->3773K(471872K), 0.0047422 secs] 1618339K->1199018K(4141888K), 0.0048254 secs] [Times: user=0.04 sys=0.00, real=0.00 secs] 
297297.425: [GC (Allocation Failure) 297297.425: [ParNew: 423229K->18558K(471872K), 0.0074373 secs] 1618474K->1213939K(4141888K), 0.0075358 secs] [Times: user=0.05 sys=0.00, real=0.00 secs] 
297301.504: [GC (Allocation Failure) 297301.504: [ParNew: 438014K->7888K(471872K), 0.0056142 secs] 1633395K->1205108K(4141888K), 0.0056891 secs] [Times: user=0.04 sys=0.00, real=0.00 secs] 
297304.754: [GC (Allocation Failure) 297304.754: [ParNew: 427344K->3094K(471872K), 0.0050241 secs] 1624564K->1200484K(4141888K), 0.0051270 secs] [Times: user=0.03 sys=0.01, real=0.01 secs] 
297307.612: [GC (Allocation Failure) 297307.612: [ParNew: 422550K->2041K(471872K), 0.0048980 secs] 1619940K->1199561K(4141888K), 0.0049699 secs] [Times: user=0.04 sys=0.00, real=0.01 secs] 
297313.062: [GC (Allocation Failure) 297313.062: [ParNew: 421497K->1655K(471872K), 0.0047910 secs] 1619017K->1199368K(4141888K), 0.0048979 secs] [Times: user=0.03 sys=0.00, real=0.01 secs] 
297317.303: [GC (Allocation Failure) 297317.303: [ParNew: 421111K->4675K(471872K), 0.0052117 secs] 1618824K->1202749K(4141888K), 0.0053232 secs] [Times: user=0.04 sys=0.00, real=0.01 secs] 
297323.364: [GC (Allocation Failure) 297323.364: [ParNew: 424131K->6824K(471872K), 0.0055586 secs] 1622205K->1205166K(4141888K), 0.0056740 secs] [Times: user=0.04 sys=0.00, real=0.00 secs] 
297326.764: [GC (Allocation Failure) 297326.764: [ParNew: 426280K->2474K(471872K), 0.0056510 secs] 1624622K->1201102K(4141888K), 0.0057432 secs] [Times: user=0.05 sys=0.00, real=0.01 secs] 
297330.300: [GC (Allocation Failure) 297330.300: [ParNew: 421446K->7203K(471872K), 0.0053281 secs] 1620074K->1205999K(4141888K), 0.0054307 secs] [Times: user=0.04 sys=0.01, real=0.01 secs] 
297334.563: [GC (Allocation Failure) 297334.563: [ParNew: 426414K->3197K(471872K), 0.0050149 secs] 1625210K->1202098K(4141888K), 0.0051098 secs] [Times: user=0.04 sys=0.01, real=0.01 secs] 
297338.272: [GC (Allocation Failure) 297338.272: [ParNew: 422301K->5646K(471872K), 0.0087779 secs] 1621202K->1204949K(4141888K), 0.0088802 secs] [Times: user=0.06 sys=0.00, real=0.01 secs] 
297343.378: [GC (Allocation Failure) 297343.378: [ParNew: 425102K->16972K(471872K), 0.0102190 secs] 1624405K->1216949K(4141888K), 0.0103250 secs] [Times: user=0.07 sys=0.00, real=0.01 secs] 
297350.293: [GC (Allocation Failure) 297350.293: [ParNew: 435955K->9695K(471872K), 0.0052129 secs] 1635932K->1210042K(4141888K), 0.0053006 secs] [Times: user=0.03 sys=0.00, real=0.01 secs] 
297354.293: [GC (Allocation Failure) 297354.293: [ParNew: 429151K->7732K(471872K), 0.0053889 secs] 1629498K->1208249K(4141888K), 0.0054846 secs] [Times: user=0.04 sys=0.00, real=0.01 secs] 
297357.337: [GC (Allocation Failure) 297357.337: [ParNew: 427188K->7277K(471872K), 0.0057314 secs] 1627705K->1207911K(4141888K), 0.0058276 secs] [Times: user=0.04 sys=0.00, real=0.00 secs] 
297359.743: [GC (Allocation Failure) 297359.743: [ParNew: 426621K->5457K(471872K), 0.0049012 secs] 1627256K->1206308K(4141888K), 0.0049731 secs] [Times: user=0.04 sys=0.00, real=0.01 secs] 
297362.860: [GC (Allocation Failure) 297362.860: [ParNew: 424913K->3554K(471872K), 0.0059025 secs] 1625764K->1206253K(4141888K), 0.0059848 secs] [Times: user=0.05 sys=0.00, real=0.01 secs] 
297368.654: [GC (Allocation Failure) 297368.654: [ParNew: 423010K->3892K(471872K), 0.0052609 secs] 1625709K->1207081K(4141888K), 0.0053473 secs] [Times: user=0.04 sys=0.00, real=0.00 secs] 
297372.711: [GC (Allocation Failure) 297372.711: [ParNew: 423348K->3234K(471872K), 0.0054995 secs] 1626537K->1206717K(4141888K), 0.0055901 secs] [Times: user=0.04 sys=0.00, real=0.01 secs] 
297376.280: [GC (Allocation Failure) 297376.280: [ParNew: 422690K->5203K(471872K), 0.0053921 secs] 1626173K->1208826K(4141888K), 0.0054849 secs] [Times: user=0.03 sys=0.00, real=0.01 secs] 
297379.597: [GC (Allocation Failure) 297379.597: [ParNew: 424573K->3317K(471872K), 0.0048638 secs] 1628196K->1207392K(4141888K), 0.0049503 secs] [Times: user=0.04 sys=0.00, real=0.00 secs] 
297382.478: [GC (Allocation Failure) 297382.478: [ParNew: 422773K->2181K(471872K), 0.0045941 secs] 1626848K->1206451K(4141888K), 0.0046725 secs] [Times: user=0.03 sys=0.00, real=0.00 secs] 
297383.531: [GC (Allocation Failure) 297383.531: [ParNew: 421537K->8069K(471872K), 0.0053974 secs] 1625806K->1212599K(4141888K), 0.0055051 secs] [Times: user=0.04 sys=0.01, real=0.01 secs] 
297383.957: [GC (Allocation Failure) 297383.957: [ParNew: 427525K->5263K(471872K), 0.0061597 secs] 1632055K->1215168K(4141888K), 0.0062506 secs] [Times: user=0.03 sys=0.01, real=0.00 secs] 
297384.396: [GC (Allocation Failure) 297384.396: [ParNew: 424603K->3580K(471872K), 0.0045923 secs] 1634508K->1213828K(4141888K), 0.0046698 secs] [Times: user=0.04 sys=0.00, real=0.00 secs] 
297387.140: [GC (Allocation Failure) 297387.140: [ParNew: 423036K->3317K(471872K), 0.0049404 secs] 1633284K->1213597K(4141888K), 0.0050199 secs] [Times: user=0.04 sys=0.00, real=0.01 secs] 
297392.355: [GC (Allocation Failure) 297392.355: [ParNew: 422773K->3878K(471872K), 0.0050925 secs] 1633053K->1214340K(4141888K), 0.0051618 secs] [Times: user=0.04 sys=0.00, real=0.00 secs] 
297406.405: [GC (Allocation Failure) 297406.405: [ParNew: 422675K->23812K(471872K), 0.0061980 secs] 1633136K->1235157K(4141888K), 0.0062968 secs] [Times: user=0.05 sys=0.00, real=0.00 secs] 
297415.424: [GC (Allocation Failure) 297415.424: [ParNew: 443268K->27514K(471872K), 0.0073355 secs] 1654613K->1239458K(4141888K), 0.0074424 secs] [Times: user=0.06 sys=0.00, real=0.00 secs] 
297430.438: [GC (Allocation Failure) 297430.438: [ParNew: 446970K->9708K(471872K), 0.0051477 secs] 1658914K->1222283K(4141888K), 0.0052223 secs] [Times: user=0.04 sys=0.00, real=0.00 secs] 
297451.313: [GC (Allocation Failure) 297451.313: [ParNew: 429073K->2479K(471872K), 0.0065113 secs] 1641649K->1217327K(4141888K), 0.0066108 secs] [Times: user=0.05 sys=0.00, real=0.01 secs] 
297459.349: [GC (Allocation Failure) 297459.349: [ParNew: 421935K->2975K(471872K), 0.0051162 secs] 1636783K->1218435K(4141888K), 0.0052071 secs] [Times: user=0.03 sys=0.00, real=0.01 secs] 
297463.399: [GC (Allocation Failure) 297463.399: [ParNew: 421457K->22292K(471872K), 0.0062714 secs] 1636917K->1238227K(4141888K), 0.0063856 secs] [Times: user=0.04 sys=0.00, real=0.01 secs] 
297467.198: [GC (Allocation Failure) 297467.198: [ParNew: 441748K->4655K(471872K), 0.0048714 secs] 1657683K->1220871K(4141888K), 0.0049490 secs] [Times: user=0.03 sys=0.00, real=0.00 secs] 
297474.450: [GC (Allocation Failure) 297474.450: [ParNew: 424111K->21219K(471872K), 0.0070506 secs] 1640327K->1237883K(4141888K), 0.0071537 secs] [Times: user=0.05 sys=0.00, real=0.01 secs] 
297480.388: [GC (Allocation Failure) 297480.388: [ParNew: 440675K->20938K(471872K), 0.0058091 secs] 1657339K->1237981K(4141888K), 0.0059111 secs] [Times: user=0.04 sys=0.00, real=0.01 secs] 
297490.148: [GC (Allocation Failure) 297490.148: [ParNew: 440394K->5208K(471872K), 0.0057393 secs] 1657437K->1222489K(4141888K), 0.0058414 secs] [Times: user=0.04 sys=0.00, real=0.01 secs] 
297511.123: [GC (Allocation Failure) 297511.123: [ParNew: 424269K->3700K(471872K), 0.0058710 secs] 1641549K->1223731K(4141888K), 0.0059572 secs] [Times: user=0.05 sys=0.00, real=0.01 secs] 
297517.164: [GC (Allocation Failure) 297517.164: [ParNew: 423156K->4601K(471872K), 0.0052867 secs] 1643187K->1225334K(4141888K), 0.0053697 secs] [Times: user=0.03 sys=0.00, real=0.00 secs] 
297523.126: [GC (Allocation Failure) 297523.126: [ParNew: 424057K->3284K(471872K), 0.0047131 secs] 1644790K->1224279K(4141888K), 0.0047899 secs] [Times: user=0.04 sys=0.00, real=0.00 secs] 
297526.349: [GC (Allocation Failure) 297526.350: [ParNew: 422740K->16761K(471872K), 0.0057504 secs] 1643735K->1238005K(4141888K), 0.0058594 secs] [Times: user=0.04 sys=0.00, real=0.01 secs] 
297528.485: [GC (Allocation Failure) 297528.485: [ParNew: 436217K->3768K(471872K), 0.0052933 secs] 1657461K->1225108K(4141888K), 0.0053806 secs] [Times: user=0.04 sys=0.00, real=0.00 secs] 
297531.180: [GC (Allocation Failure) 297531.180: [ParNew: 422857K->4192K(471872K), 0.0087610 secs] 1644197K->1227719K(4141888K), 0.0088478 secs] [Times: user=0.06 sys=0.00, real=0.01 secs] 
297534.187: [GC (Allocation Failure) 297534.187: [ParNew: 423648K->5382K(471872K), 0.0051467 secs] 1647175K->1229144K(4141888K), 0.0052393 secs] [Times: user=0.03 sys=0.01, real=0.00 secs] 
297537.226: [GC (Allocation Failure) 297537.226: [ParNew: 424838K->5758K(471872K), 0.0049655 secs] 1648600K->1229784K(4141888K), 0.0050500 secs] [Times: user=0.03 sys=0.00, real=0.00 secs] 
297539.221: [GC (Allocation Failure) 297539.221: [ParNew: 425214K->5417K(471872K), 0.0049533 secs] 1649240K->1229669K(4141888K), 0.0050355 secs] [Times: user=0.03 sys=0.00, real=0.01 secs] 
297541.412: [GC (Allocation Failure) 297541.412: [ParNew: 424873K->3181K(471872K), 0.0047831 secs] 1649125K->1227525K(4141888K), 0.0048615 secs] [Times: user=0.04 sys=0.00, real=0.01 secs] 
297544.139: [GC (Allocation Failure) 297544.139: [ParNew: 422637K->1235K(471872K), 0.0054697 secs] 1646981K->1227483K(4141888K), 0.0055478 secs] [Times: user=0.04 sys=0.00, real=0.01 secs] 
297546.666: [GC (Allocation Failure) 297546.666: [ParNew: 420691K->638K(471872K), 0.0049389 secs] 1646939K->1227060K(4141888K), 0.0050165 secs] [Times: user=0.03 sys=0.00, real=0.00 secs] 
297548.480: [GC (Allocation Failure) 297548.480: [ParNew: 420094K->2444K(471872K), 0.0051604 secs] 1646516K->1228997K(4141888K), 0.0052412 secs] [Times: user=0.04 sys=0.00, real=0.01 secs] 
297549.991: [GC (Allocation Failure) 297549.991: [ParNew: 421900K->1420K(471872K), 0.0048526 secs] 1648453K->1228302K(4141888K), 0.0049417 secs] [Times: user=0.04 sys=0.00, real=0.01 secs] 
297552.661: [GC (Allocation Failure) 297552.661: [ParNew: 420876K->4899K(471872K), 0.0049742 secs] 1647758K->1231886K(4141888K), 0.0050633 secs] [Times: user=0.03 sys=0.00, real=0.01 secs] 
297553.278: [GC (Allocation Failure) 297553.278: [ParNew: 424355K->4442K(471872K), 0.0065980 secs] 1651342K->1231737K(4141888K), 0.0066998 secs] [Times: user=0.04 sys=0.00, real=0.01 secs] 
297554.526: [GC (Allocation Failure) 297554.526: [ParNew: 423898K->3770K(471872K), 0.0060382 secs] 1651193K->1231260K(4141888K), 0.0061081 secs] [Times: user=0.04 sys=0.00, real=0.00 secs] 
297557.441: [GC (Allocation Failure) 297557.441: [ParNew: 423226K->2316K(471872K), 0.0095701 secs] 1650716K->1229971K(4141888K), 0.0096527 secs] [Times: user=0.05 sys=0.00, real=0.01 secs] 
297558.074: [GC (Allocation Failure) 297558.074: [ParNew: 421772K->691K(471872K), 0.0061657 secs] 1649427K->1228608K(4141888K), 0.0062350 secs] [Times: user=0.03 sys=0.00, real=0.00 secs] 
297564.867: [GC (Allocation Failure) 297564.867: [ParNew: 420142K->896K(471872K), 0.0063628 secs] 1648059K->1228848K(4141888K), 0.0064416 secs] [Times: user=0.04 sys=0.00, real=0.01 secs] 
297589.428: [GC (Allocation Failure) 297589.428: [ParNew: 420352K->18465K(471872K), 0.0078865 secs] 1648304K->1247026K(4141888K), 0.0079928 secs] [Times: user=0.05 sys=0.00, real=0.01 secs] 
297602.409: [GC (Allocation Failure) 297602.409: [ParNew: 435104K->22088K(471872K), 0.0066701 secs] 1663665K->1251437K(4141888K), 0.0067918 secs] [Times: user=0.05 sys=0.01, real=0.01 secs] 
297612.885: [GC (Allocation Failure) 297612.885: [ParNew: 441466K->5955K(471872K), 0.0053323 secs] 1670815K->1235632K(4141888K), 0.0054083 secs] [Times: user=0.04 sys=0.00, real=0.00 secs] 
297620.325: [GC (Allocation Failure) 297620.325: [ParNew: 425411K->1830K(471872K), 0.0057999 secs] 1655088K->1234040K(4141888K), 0.0058774 secs] [Times: user=0.04 sys=0.00, real=0.00 secs] 
297624.732: [GC (Allocation Failure) 297624.732: [ParNew: 421286K->2138K(471872K), 0.0050664 secs] 1653496K->1234678K(4141888K), 0.0051496 secs] [Times: user=0.04 sys=0.00, real=0.01 secs] 
297633.892: [GC (Allocation Failure) 297633.892: [ParNew: 421594K->1794K(471872K), 0.0049030 secs] 1654134K->1234708K(4141888K), 0.0049798 secs] [Times: user=0.04 sys=0.00, real=0.01 secs] 
297645.193: [GC (Allocation Failure) 297645.193: [ParNew: 420994K->4366K(471872K), 0.0050870 secs] 1653908K->1237651K(4141888K), 0.0051789 secs] [Times: user=0.03 sys=0.00, real=0.01 secs] 
297656.476: [GC (Allocation Failure) 297656.476: [ParNew: 423151K->24237K(471872K), 0.0085296 secs] 1656436K->1258190K(4141888K), 0.0086344 secs] [Times: user=0.04 sys=0.00, real=0.01 secs] 
297663.398: [GC (Allocation Failure) 297663.398: [ParNew: 443693K->23672K(471872K), 0.0073033 secs] 1677646K->1258315K(4141888K), 0.0074074 secs] [Times: user=0.05 sys=0.00, real=0.01 secs] 
297703.118: [GC (Allocation Failure) 297703.118: [ParNew: 442941K->7375K(471872K), 0.0056970 secs] 1677584K->1244014K(4141888K), 0.0057762 secs] [Times: user=0.04 sys=0.00, real=0.01 secs] 
297709.349: [GC (Allocation Failure) 297709.349: [ParNew: 426831K->10347K(471872K), 0.0090159 secs] 1663470K->1248301K(4141888K), 0.0091041 secs] [Times: user=0.05 sys=0.01, real=0.01 secs] 
297714.248: [GC (Allocation Failure) 297714.248: [ParNew: 429803K->5059K(471872K), 0.0064482 secs] 1667757K->1243623K(4141888K), 0.0065255 secs] [Times: user=0.04 sys=0.00, real=0.01 secs] 
297718.489: [GC (Allocation Failure) 297718.489: [ParNew: 424515K->4714K(471872K), 0.0053175 secs] 1663079K->1243477K(4141888K), 0.0053913 secs] [Times: user=0.03 sys=0.00, real=0.01 secs] 
297721.809: [GC (Allocation Failure) 297721.809: [ParNew: 424170K->3271K(471872K), 0.0052369 secs] 1662933K->1242409K(4141888K), 0.0053076 secs] [Times: user=0.04 sys=0.00, real=0.01 secs] 
297723.220: [GC (Allocation Failure) 297723.220: [ParNew: 422727K->3298K(471872K), 0.0050600 secs] 1661865K->1242718K(4141888K), 0.0051436 secs] [Times: user=0.03 sys=0.00, real=0.01 secs] 
297724.695: [GC (Allocation Failure) 297724.695: [ParNew: 422754K->3586K(471872K), 0.0047334 secs] 1662174K->1243104K(4141888K), 0.0048077 secs] [Times: user=0.03 sys=0.00, real=0.00 secs] 
297742.612: [GC (Allocation Failure) 297742.612: [ParNew: 423042K->2305K(471872K), 0.0058069 secs] 1662560K->1243657K(4141888K), 0.0058878 secs] [Times: user=0.04 sys=0.00, real=0.01 secs] 
297749.718: [GC (Allocation Failure) 297749.718: [ParNew: 421761K->1943K(471872K), 0.0053572 secs] 1663113K->1244430K(4141888K), 0.0054444 secs] [Times: user=0.03 sys=0.00, real=0.01 secs] 
297758.379: [GC (Allocation Failure) 297758.379: [ParNew: 421399K->2192K(471872K), 0.0090549 secs] 1663886K->1245185K(4141888K), 0.0091424 secs] [Times: user=0.04 sys=0.00, real=0.01 secs] 
297767.483: [GC (Allocation Failure) 297767.483: [ParNew: 421648K->16338K(471872K), 0.0068837 secs] 1664641K->1259607K(4141888K), 0.0069965 secs] [Times: user=0.05 sys=0.01, real=0.01 secs] 
297779.377: [GC (Allocation Failure) 297779.377: [ParNew: 435794K->11736K(471872K), 0.0053737 secs] 1679063K->1255566K(4141888K), 0.0054565 secs] [Times: user=0.04 sys=0.00, real=0.00 secs] 
297783.304: [GC (Allocation Failure) 297783.304: [ParNew: 431192K->5428K(471872K), 0.0054298 secs] 1675022K->1249651K(4141888K), 0.0055116 secs] [Times: user=0.04 sys=0.00, real=0.00 secs] 
297784.708: [GC (Allocation Failure) 297784.708: [ParNew: 424884K->5743K(471872K), 0.0054153 secs] 1669107K->1250411K(4141888K), 0.0054984 secs] [Times: user=0.04 sys=0.00, real=0.00 secs] 
297786.314: [GC (Allocation Failure) 297786.314: [ParNew: 425199K->5767K(471872K), 0.0057319 secs] 1669867K->1250699K(4141888K), 0.0058181 secs] [Times: user=0.04 sys=0.00, real=0.00 secs] 
297787.091: [GC (Allocation Failure) 297787.091: [ParNew: 425223K->3409K(471872K), 0.0054533 secs] 1670155K->1250379K(4141888K), 0.0055432 secs] [Times: user=0.04 sys=0.01, real=0.01 secs] 
297789.267: [GC (Allocation Failure) 297789.267: [ParNew: 422865K->4916K(471872K), 0.0051953 secs] 1669835K->1252362K(4141888K), 0.0052729 secs] [Times: user=0.04 sys=0.00, real=0.00 secs] 
297792.321: [GC (Allocation Failure) 297792.322: [ParNew: 424372K->3077K(471872K), 0.0048107 secs] 1671818K->1250774K(4141888K), 0.0048886 secs] [Times: user=0.03 sys=0.00, real=0.01 secs] 
297798.773: [GC (Allocation Failure) 297798.773: [ParNew: 422533K->1702K(471872K), 0.0053450 secs] 1670230K->1249671K(4141888K), 0.0054207 secs] [Times: user=0.03 sys=0.00, real=0.01 secs] 
297819.817: [GC (Allocation Failure) 297819.817: [ParNew: 421158K->2910K(471872K), 0.0050792 secs] 1669127K->1251419K(4141888K), 0.0051667 secs] [Times: user=0.03 sys=0.00, real=0.00 secs] 
297828.426: [GC (Allocation Failure) 297828.426: [ParNew: 422366K->20049K(471872K), 0.0062952 secs] 1670875K->1269739K(4141888K), 0.0063969 secs] [Times: user=0.05 sys=0.00, real=0.00 secs] 
297834.703: [GC (Allocation Failure) 297834.703: [ParNew: 439476K->6448K(471872K), 0.0058664 secs] 1689166K->1258083K(4141888K), 0.0059486 secs] [Times: user=0.04 sys=0.00, real=0.01 secs] 
297838.343: [GC (Allocation Failure) 297838.343: [ParNew: 425904K->8137K(471872K), 0.0065061 secs] 1677539K->1261783K(4141888K), 0.0065977 secs] [Times: user=0.04 sys=0.01, real=0.01 secs] 
297840.461: [GC (Allocation Failure) 297840.461: [ParNew: 427593K->23642K(471872K), 0.0073425 secs] 1681239K->1277809K(4141888K), 0.0074455 secs] [Times: user=0.05 sys=0.00, real=0.01 secs] 
297842.301: [GC (Allocation Failure) 297842.301: [ParNew: 443098K->7277K(471872K), 0.0059239 secs] 1697265K->1263397K(4141888K), 0.0060027 secs] [Times: user=0.05 sys=0.00, real=0.01 secs] 
297843.455: [GC (Allocation Failure) 297843.455: [ParNew: 426733K->4636K(471872K), 0.0047796 secs] 1682853K->1261182K(4141888K), 0.0048570 secs] [Times: user=0.03 sys=0.00, real=0.00 secs] 
297845.412: [GC (Allocation Failure) 297845.412: [ParNew: 423540K->7463K(471872K), 0.0060847 secs] 1680086K->1264104K(4141888K), 0.0061673 secs] [Times: user=0.05 sys=0.00, real=0.01 secs] 
297846.389: [GC (Allocation Failure) 297846.389: [ParNew: 425591K->10085K(471872K), 0.0060082 secs] 1682232K->1268634K(4141888K), 0.0060910 secs] [Times: user=0.05 sys=0.00, real=0.01 secs] 
297847.111: [GC (Allocation Failure) 297847.112: [ParNew: 429228K->7924K(471872K), 0.0047981 secs] 1687778K->1266819K(4141888K), 0.0048786 secs] [Times: user=0.04 sys=0.00, real=0.01 secs] 
297848.600: [GC (Allocation Failure) 297848.600: [ParNew: 427380K->9943K(471872K), 0.0063833 secs] 1686275K->1270699K(4141888K), 0.0064771 secs] [Times: user=0.04 sys=0.00, real=0.01 secs] 
297850.218: [GC (Allocation Failure) 297850.218: [ParNew: 429399K->4130K(471872K), 0.0047320 secs] 1690155K->1264995K(4141888K), 0.0048051 secs] [Times: user=0.04 sys=0.00, real=0.00 secs] 
297851.446: [GC (Allocation Failure) 297851.446: [ParNew: 423586K->6370K(471872K), 0.0058623 secs] 1684451K->1267303K(4141888K), 0.0059589 secs] [Times: user=0.04 sys=0.00, real=0.00 secs] 
297853.163: [GC (Allocation Failure) 297853.163: [ParNew: 425826K->4584K(471872K), 0.0118965 secs] 1686759K->1265764K(4141888K), 0.0119924 secs] [Times: user=0.04 sys=0.00, real=0.02 secs] 
297854.700: [GC (Allocation Failure) 297854.700: [ParNew: 424040K->8672K(471872K), 0.0051085 secs] 1685220K->1270122K(4141888K), 0.0051865 secs] [Times: user=0.03 sys=0.00, real=0.01 secs] 
297855.547: [GC (Allocation Failure) 297855.547: [ParNew: 428128K->2462K(471872K), 0.0061759 secs] 1689578K->1264065K(4141888K), 0.0062529 secs] [Times: user=0.05 sys=0.00, real=0.00 secs] 
297856.799: [GC (Allocation Failure) 297856.799: [ParNew: 421918K->3251K(471872K), 0.0113873 secs] 1683521K->1264917K(4141888K), 0.0114789 secs] [Times: user=0.03 sys=0.01, real=0.01 secs] 
297857.297: [GC (Allocation Failure) 297857.297: [ParNew: 422707K->3300K(471872K), 0.0049908 secs] 1684373K->1265040K(4141888K), 0.0050689 secs] [Times: user=0.03 sys=0.00, real=0.00 secs] 
297857.812: [GC (Allocation Failure) 297857.812: [ParNew: 422756K->8480K(471872K), 0.0077765 secs] 1684496K->1270294K(4141888K), 0.0078621 secs] [Times: user=0.05 sys=0.00, real=0.01 secs] 
297859.696: [GC (Allocation Failure) 297859.696: [ParNew: 427936K->4500K(471872K), 0.0077346 secs] 1689750K->1267041K(4141888K), 0.0078260 secs] [Times: user=0.03 sys=0.00, real=0.01 secs] 
297860.710: [GC (Allocation Failure) 297860.710: [ParNew: 423956K->3259K(471872K), 0.0060456 secs] 1686497K->1265933K(4141888K), 0.0061160 secs] [Times: user=0.04 sys=0.00, real=0.01 secs] 
297862.317: [GC (Allocation Failure) 297862.317: [ParNew: 422715K->6958K(471872K), 0.0060976 secs] 1685389K->1269680K(4141888K), 0.0062074 secs] [Times: user=0.04 sys=0.00, real=0.00 secs] 
297863.940: [GC (Allocation Failure) 297863.940: [ParNew: 426414K->7481K(471872K), 0.0063331 secs] 1689136K->1270591K(4141888K), 0.0064175 secs] [Times: user=0.04 sys=0.00, real=0.01 secs] 
297864.667: [GC (Allocation Failure) 297864.667: [ParNew: 426937K->8057K(471872K), 0.0054389 secs] 1690047K->1271248K(4141888K), 0.0055116 secs] [Times: user=0.04 sys=0.00, real=0.00 secs] 
297866.098: [GC (Allocation Failure) 297866.098: [ParNew: 427513K->3395K(471872K), 0.0061066 secs] 1690704K->1266931K(4141888K), 0.0062105 secs] [Times: user=0.04 sys=0.00, real=0.01 secs] 
297866.580: [GC (Allocation Failure) 297866.580: [ParNew: 422851K->8136K(471872K), 0.0065492 secs] 1686387K->1272180K(4141888K), 0.0066411 secs] [Times: user=0.05 sys=0.00, real=0.01 secs] 
297868.405: [GC (Allocation Failure) 297868.405: [ParNew: 427592K->7389K(471872K), 0.0050223 secs] 1691636K->1271467K(4141888K), 0.0051005 secs] [Times: user=0.03 sys=0.00, real=0.00 secs] 
297869.422: [GC (Allocation Failure) 297869.422: [ParNew: 426845K->6407K(471872K), 0.0062199 secs] 1690923K->1270966K(4141888K), 0.0062922 secs] [Times: user=0.04 sys=0.00, real=0.01 secs] 
297870.631: [GC (Allocation Failure) 297870.631: [ParNew: 425863K->11162K(471872K), 0.0058213 secs] 1690422K->1276394K(4141888K), 0.0059191 secs] [Times: user=0.04 sys=0.01, real=0.01 secs] 
297872.370: [GC (Allocation Failure) 297872.371: [ParNew: 430618K->9087K(471872K), 0.0050036 secs] 1695850K->1274363K(4141888K), 0.0050949 secs] [Times: user=0.04 sys=0.00, real=0.01 secs] 
297873.645: [GC (Allocation Failure) 297873.645: [ParNew: 428543K->2338K(471872K), 0.0047515 secs] 1693819K->1268453K(4141888K), 0.0048247 secs] [Times: user=0.03 sys=0.01, real=0.00 secs] 
297875.376: [GC (Allocation Failure) 297875.376: [ParNew: 421794K->5422K(471872K), 0.0046597 secs] 1687909K->1271707K(4141888K), 0.0047302 secs] [Times: user=0.04 sys=0.00, real=0.00 secs] 
297876.522: [GC (Allocation Failure) 297876.522: [ParNew: 424878K->7357K(471872K), 0.0050398 secs] 1691163K->1273778K(4141888K), 0.0051214 secs] [Times: user=0.04 sys=0.00, real=0.01 secs] 
297878.494: [GC (Allocation Failure) 297878.494: [ParNew: 426813K->7738K(471872K), 0.0053770 secs] 1693234K->1274204K(4141888K), 0.0054580 secs] [Times: user=0.04 sys=0.01, real=0.00 secs] 
297879.622: [GC (Allocation Failure) 297879.622: [ParNew: 427194K->7318K(471872K), 0.0058558 secs] 1693660K->1274166K(4141888K), 0.0059620 secs] [Times: user=0.05 sys=0.01, real=0.01 secs] 
297880.729: [GC (Allocation Failure) 297880.729: [ParNew: 426774K->7110K(471872K), 0.0060130 secs] 1693622K->1274009K(4141888K), 0.0060976 secs] [Times: user=0.04 sys=0.00, real=0.01 secs] 
297885.086: [GC (Allocation Failure) 297885.086: [ParNew: 426566K->2952K(471872K), 0.0048796 secs] 1693465K->1269895K(4141888K), 0.0049642 secs] [Times: user=0.04 sys=0.00, real=0.00 secs] 
297887.189: [GC (Allocation Failure) 297887.189: [ParNew: 422408K->4275K(471872K), 0.0052150 secs] 1689351K->1272115K(4141888K), 0.0053030 secs] [Times: user=0.04 sys=0.00, real=0.01 secs] 
297892.372: [GC (Allocation Failure) 297892.372: [ParNew: 422737K->21175K(471872K), 0.0061358 secs] 1690578K->1289076K(4141888K), 0.0062379 secs] [Times: user=0.04 sys=0.00, real=0.01 secs] 
297903.438: [GC (Allocation Failure) 297903.438: [ParNew: 440631K->27395K(471872K), 0.0072912 secs] 1708532K->1295744K(4141888K), 0.0073991 secs] [Times: user=0.05 sys=0.01, real=0.01 secs] 
297933.061: [GC (Allocation Failure) 297933.061: [ParNew: 446851K->9585K(471872K), 0.0053004 secs] 1715200K->1278670K(4141888K), 0.0053781 secs] [Times: user=0.04 sys=0.00, real=0.01 secs] 
297951.463: [GC (Allocation Failure) 297951.463: [ParNew: 429041K->19309K(471872K), 0.0075005 secs] 1698126K->1289111K(4141888K), 0.0076070 secs] [Times: user=0.06 sys=0.00, real=0.01 secs] 
297958.164: [GC (Allocation Failure) 297958.164: [ParNew: 438765K->9292K(471872K), 0.0072781 secs] 1708567K->1279672K(4141888K), 0.0073544 secs] [Times: user=0.05 sys=0.01, real=0.01 secs] 
297963.209: [GC (Allocation Failure) 297963.210: [ParNew: 428634K->4621K(471872K), 0.0070637 secs] 1699014K->1275246K(4141888K), 0.0071388 secs] [Times: user=0.05 sys=0.00, real=0.01 secs] 
297966.807: [GC (Allocation Failure) 297966.807: [ParNew: 424077K->3629K(471872K), 0.0052510 secs] 1694702K->1274449K(4141888K), 0.0053294 secs] [Times: user=0.04 sys=0.00, real=0.00 secs] 
297979.072: [GC (Allocation Failure) 297979.072: [ParNew: 423085K->3145K(471872K), 0.0051872 secs] 1693905K->1274116K(4141888K), 0.0052630 secs] [Times: user=0.04 sys=0.00, real=0.01 secs] 
297986.288: [GC (Allocation Failure) 297986.288: [ParNew: 422601K->1580K(471872K), 0.0060694 secs] 1693572K->1274661K(4141888K), 0.0061523 secs] [Times: user=0.04 sys=0.00, real=0.01 secs] 
297989.623: [GC (Allocation Failure) 297989.623: [ParNew: 421036K->1395K(471872K), 0.0052895 secs] 1694117K->1274856K(4141888K), 0.0053826 secs] [Times: user=0.04 sys=0.00, real=0.01 secs] 
297996.338: [GC (Allocation Failure) 297996.338: [ParNew: 420851K->1165K(471872K), 0.0046916 secs] 1694312K->1274932K(4141888K), 0.0047630 secs] [Times: user=0.04 sys=0.00, real=0.00 secs] 
297999.482: [GC (Allocation Failure) 297999.482: [ParNew: 420621K->1580K(471872K), 0.0048163 secs] 1694388K->1275556K(4141888K), 0.0048860 secs] [Times: user=0.03 sys=0.00, real=0.01 secs] 
298005.894: [GC (Allocation Failure) 298005.894: [ParNew: 421036K->1970K(471872K), 0.0045997 secs] 1695012K->1276094K(4141888K), 0.0046787 secs] [Times: user=0.03 sys=0.00, real=0.00 secs] 
298016.396: [GC (Allocation Failure) 298016.396: [ParNew: 419932K->14368K(471872K), 0.0067613 secs] 1694055K->1288837K(4141888K), 0.0068736 secs] [Times: user=0.04 sys=0.00, real=0.00 secs] 
298027.434: [GC (Allocation Failure) 298027.434: [ParNew: 433824K->24917K(471872K), 0.0074440 secs] 1708293K->1299723K(4141888K), 0.0075659 secs] [Times: user=0.06 sys=0.01, real=0.01 secs] 
298048.458: [GC (Allocation Failure) 298048.458: [ParNew: 444162K->11763K(471872K), 0.0058062 secs] 1718969K->1286815K(4141888K), 0.0059054 secs] [Times: user=0.04 sys=0.00, real=0.01 secs] 
298052.496: [GC (Allocation Failure) 298052.496: [ParNew: 431219K->4375K(471872K), 0.0064326 secs] 1706271K->1282683K(4141888K), 0.0065365 secs] [Times: user=0.05 sys=0.00, real=0.00 secs] 
298059.656: [GC (Allocation Failure) 298059.656: [ParNew: 423831K->4363K(471872K), 0.0049035 secs] 1702139K->1282767K(4141888K), 0.0049763 secs] [Times: user=0.04 sys=0.00, real=0.00 secs] 
298064.410: [GC (Allocation Failure) 298064.410: [ParNew: 423814K->2299K(471872K), 0.0083677 secs] 1702218K->1281079K(4141888K), 0.0084463 secs] [Times: user=0.04 sys=0.00, real=0.01 secs] 
298065.857: [GC (Allocation Failure) 298065.857: [ParNew: 421755K->2512K(471872K), 0.0060424 secs] 1700535K->1281521K(4141888K), 0.0061131 secs] [Times: user=0.04 sys=0.00, real=0.00 secs] 
298068.506: [GC (Allocation Failure) 298068.506: [ParNew: 421968K->3543K(471872K), 0.0053748 secs] 1700977K->1282692K(4141888K), 0.0054514 secs] [Times: user=0.04 sys=0.00, real=0.00 secs] 
298072.485: [GC (Allocation Failure) 298072.485: [ParNew: 422999K->13301K(471872K), 0.0066461 secs] 1702148K->1292535K(4141888K), 0.0067475 secs] [Times: user=0.05 sys=0.00, real=0.00 secs] 
298074.684: [GC (Allocation Failure) 298074.684: [ParNew: 432757K->8583K(471872K), 0.0048469 secs] 1711991K->1288128K(4141888K), 0.0049231 secs] [Times: user=0.03 sys=0.00, real=0.00 secs] 
298077.476: [GC (Allocation Failure) 298077.476: [ParNew: 428039K->6483K(471872K), 0.0049292 secs] 1707584K->1286128K(4141888K), 0.0050131 secs] [Times: user=0.03 sys=0.00, real=0.00 secs] 
298079.546: [GC (Allocation Failure) 298079.546: [ParNew: 425939K->3847K(471872K), 0.0062963 secs] 1705584K->1285414K(4141888K), 0.0063818 secs] [Times: user=0.05 sys=0.00, real=0.00 secs] 
298081.653: [GC (Allocation Failure) 298081.653: [ParNew: 422607K->3555K(471872K), 0.0052599 secs] 1704174K->1285290K(4141888K), 0.0053330 secs] [Times: user=0.04 sys=0.00, real=0.01 secs] 
298083.746: [GC (Allocation Failure) 298083.746: [ParNew: 423003K->6033K(471872K), 0.0048894 secs] 1704739K->1287941K(4141888K), 0.0049837 secs] [Times: user=0.03 sys=0.00, real=0.00 secs] 
298085.010: [GC (Allocation Failure) 298085.010: [ParNew: 425141K->7001K(471872K), 0.0050856 secs] 1707049K->1289124K(4141888K), 0.0051772 secs] [Times: user=0.04 sys=0.00, real=0.01 secs] 
298087.534: [GC (Allocation Failure) 298087.534: [ParNew: 426457K->6227K(471872K), 0.0059486 secs] 1708580K->1288419K(4141888K), 0.0060262 secs] [Times: user=0.04 sys=0.00, real=0.00 secs] 
298089.486: [GC (Allocation Failure) 298089.486: [ParNew: 425683K->6659K(471872K), 0.0048532 secs] 1707875K->1289122K(4141888K), 0.0049491 secs] [Times: user=0.03 sys=0.00, real=0.00 secs] 
298090.741: [GC (Allocation Failure) 298090.741: [ParNew: 426115K->6624K(471872K), 0.0047080 secs] 1708578K->1289182K(4141888K), 0.0047813 secs] [Times: user=0.03 sys=0.00, real=0.01 secs] 
298094.524: [GC (Allocation Failure) 298094.524: [ParNew: 426080K->2878K(471872K), 0.0062986 secs] 1708638K->1287345K(4141888K), 0.0064207 secs] [Times: user=0.05 sys=0.00, real=0.00 secs] 
298095.762: [GC (Allocation Failure) 298095.762: [ParNew: 422334K->2236K(471872K), 0.0050436 secs] 1706801K->1286821K(4141888K), 0.0051271 secs] [Times: user=0.04 sys=0.00, real=0.01 secs] 
298124.721: [GC (Allocation Failure) 298124.721: [ParNew: 421381K->3749K(471872K), 0.0056319 secs] 1705966K->1288791K(4141888K), 0.0057111 secs] [Times: user=0.04 sys=0.00, real=0.01 secs] 
298134.412: [GC (Allocation Failure) 298134.412: [ParNew: 422574K->9522K(471872K), 0.0081856 secs] 1707617K->1295587K(4141888K), 0.0082885 secs] [Times: user=0.06 sys=0.00, real=0.01 secs] 
298145.893: [GC (Allocation Failure) 298145.893: [ParNew: 428263K->20786K(471872K), 0.0061793 secs] 1714328K->1307459K(4141888K), 0.0062900 secs] [Times: user=0.04 sys=0.01, real=0.01 secs] 
298152.125: [GC (Allocation Failure) 298152.125: [ParNew: 440242K->5412K(471872K), 0.0048103 secs] 1726915K->1292873K(4141888K), 0.0048915 secs] [Times: user=0.03 sys=0.00, real=0.00 secs] 
298155.898: [GC (Allocation Failure) 298155.898: [ParNew: 424815K->8516K(471872K), 0.0060091 secs] 1712276K->1298202K(4141888K), 0.0061085 secs] [Times: user=0.04 sys=0.01, real=0.01 secs] 
298156.338: [GC (Allocation Failure) 298156.338: [ParNew: 427972K->4453K(471872K), 0.0059062 secs] 1717658K->1298833K(4141888K), 0.0060026 secs] [Times: user=0.04 sys=0.00, real=0.01 secs] 
298156.812: [GC (Allocation Failure) 298156.812: [ParNew: 423909K->2520K(471872K), 0.0047729 secs] 1718289K->1297190K(4141888K), 0.0048555 secs] [Times: user=0.03 sys=0.00, real=0.01 secs] 
298161.620: [GC (Allocation Failure) 298161.620: [ParNew: 421976K->1900K(471872K), 0.0045105 secs] 1716646K->1296595K(4141888K), 0.0045836 secs] [Times: user=0.03 sys=0.00, real=0.01 secs] 
298197.431: [GC (Allocation Failure) 298197.431: [ParNew: 421356K->21198K(471872K), 0.0080254 secs] 1716051K->1316323K(4141888K), 0.0081485 secs] [Times: user=0.06 sys=0.00, real=0.01 secs] 
298207.447: [GC (Allocation Failure) 298207.447: [ParNew: 440654K->22984K(471872K), 0.0074328 secs] 1735779K->1319031K(4141888K), 0.0075329 secs] [Times: user=0.05 sys=0.00, real=0.01 secs] 
298218.952: [GC (Allocation Failure) 298218.952: [ParNew: 442440K->12337K(471872K), 0.0063111 secs] 1738487K->1309011K(4141888K), 0.0064016 secs] [Times: user=0.04 sys=0.00, real=0.01 secs] 
298243.077: [GC (Allocation Failure) 298243.077: [ParNew: 431793K->4269K(471872K), 0.0056822 secs] 1728467K->1303169K(4141888K), 0.0057682 secs] [Times: user=0.04 sys=0.00, real=0.00 secs] 
298252.094: [GC (Allocation Failure) 298252.094: [ParNew: 423725K->3301K(471872K), 0.0053333 secs] 1722625K->1303763K(4141888K), 0.0054120 secs] [Times: user=0.04 sys=0.00, real=0.00 secs] 
298256.428: [GC (Allocation Failure) 298256.428: [ParNew: 422757K->16382K(471872K), 0.0067628 secs] 1723219K->1317284K(4141888K), 0.0068626 secs] [Times: user=0.05 sys=0.00, real=0.01 secs] 
298261.782: [GC (Allocation Failure) 298261.782: [ParNew: 435838K->9695K(471872K), 0.0046498 secs] 1736740K->1310702K(4141888K), 0.0047297 secs] [Times: user=0.04 sys=0.00, real=0.01 secs] 
298273.453: [GC (Allocation Failure) 298273.453: [ParNew: 429151K->18404K(471872K), 0.0057986 secs] 1730158K->1319890K(4141888K), 0.0059046 secs] [Times: user=0.04 sys=0.00, real=0.01 secs] 
298310.239: [GC (Allocation Failure) 298310.239: [ParNew: 437860K->5243K(471872K), 0.0053476 secs] 1739346K->1306920K(4141888K), 0.0054432 secs] [Times: user=0.04 sys=0.00, real=0.01 secs] 
298319.397: [GC (Allocation Failure) 298319.397: [ParNew: 423938K->23225K(471872K), 0.0068920 secs] 1725615K->1326058K(4141888K), 0.0069992 secs] [Times: user=0.05 sys=0.00, real=0.01 secs] 
298329.385: [GC (Allocation Failure) 298329.385: [ParNew: 442681K->21242K(471872K), 0.0060945 secs] 1745514K->1324614K(4141888K), 0.0061974 secs] [Times: user=0.05 sys=0.00, real=0.00 secs] 
298363.053: [GC (Allocation Failure) 298363.053: [ParNew: 440698K->5851K(471872K), 0.0051834 secs] 1744070K->1309695K(4141888K), 0.0052738 secs] [Times: user=0.04 sys=0.00, real=0.01 secs] 
298385.144: [GC (Allocation Failure) 298385.144: [ParNew: 425307K->3605K(471872K), 0.0054057 secs] 1729151K->1308155K(4141888K), 0.0055056 secs] [Times: user=0.04 sys=0.00, real=0.00 secs] 
298394.087: [GC (Allocation Failure) 298394.088: [ParNew: 423025K->4007K(471872K), 0.0050049 secs] 1727575K->1308942K(4141888K), 0.0050942 secs] [Times: user=0.04 sys=0.00, real=0.00 secs] 
298407.715: [GC (Allocation Failure) 298407.715: [ParNew: 423463K->4904K(471872K), 0.0053541 secs] 1728398K->1310192K(4141888K), 0.0054584 secs] [Times: user=0.04 sys=0.00, real=0.00 secs] 
298415.001: [GC (Allocation Failure) 298415.001: [ParNew: 424360K->4956K(471872K), 0.0061201 secs] 1729648K->1312958K(4141888K), 0.0062014 secs] [Times: user=0.04 sys=0.00, real=0.01 secs] 
298443.402: [GC (Allocation Failure) 298443.402: [ParNew: 424412K->21435K(471872K), 0.0059545 secs] 1732414K->1329795K(4141888K), 0.0060475 secs] [Times: user=0.05 sys=0.00, real=0.01 secs] 
298454.372: [GC (Allocation Failure) 298454.372: [ParNew: 440891K->22621K(471872K), 0.0062392 secs] 1749251K->1331842K(4141888K), 0.0063443 secs] [Times: user=0.05 sys=0.00, real=0.01 secs] 
298469.687: [GC (Allocation Failure) 298469.687: [ParNew: 442077K->6375K(471872K), 0.0099164 secs] 1751298K->1316646K(4141888K), 0.0100112 secs] [Times: user=0.05 sys=0.00, real=0.01 secs] 
298481.760: [GC (Allocation Failure) 298481.760: [ParNew: 425831K->3529K(471872K), 0.0071261 secs] 1736102K->1316107K(4141888K), 0.0072076 secs] [Times: user=0.05 sys=0.00, real=0.01 secs] 
298486.835: [GC (Allocation Failure) 298486.835: [ParNew: 422985K->3930K(471872K), 0.0056485 secs] 1735563K->1317071K(4141888K), 0.0057317 secs] [Times: user=0.04 sys=0.00, real=0.00 secs] 
298492.136: [GC (Allocation Failure) 298492.136: [ParNew: 423386K->3163K(471872K), 0.0053378 secs] 1736527K->1316576K(4141888K), 0.0054190 secs] [Times: user=0.04 sys=0.00, real=0.00 secs] 
298497.927: [GC (Allocation Failure) 298497.927: [ParNew: 422619K->1426K(471872K), 0.0047481 secs] 1736032K->1314948K(4141888K), 0.0048159 secs] [Times: user=0.04 sys=0.00, real=0.00 secs] 
298498.822: [GC (Allocation Failure) 298498.822: [ParNew: 420882K->1190K(471872K), 0.0047996 secs] 1734404K->1315079K(4141888K), 0.0048668 secs] [Times: user=0.04 sys=0.00, real=0.01 secs] 
298502.434: [GC (Allocation Failure) 298502.434: [ParNew: 420646K->17427K(471872K), 0.0069533 secs] 1734535K->1331371K(4141888K), 0.0070558 secs] [Times: user=0.05 sys=0.00, real=0.00 secs] 
298507.794: [GC (Allocation Failure) 298507.794: [ParNew: 436883K->10053K(471872K), 0.0054024 secs] 1750827K->1324184K(4141888K), 0.0054789 secs] [Times: user=0.04 sys=0.00, real=0.00 secs] 
298509.465: [GC (Allocation Failure) 298509.465: [ParNew: 429509K->3263K(471872K), 0.0061162 secs] 1743640K->1319803K(4141888K), 0.0061993 secs] [Times: user=0.04 sys=0.00, real=0.00 secs] 
298513.515: [GC (Allocation Failure) 298513.515: [ParNew: 422719K->3700K(471872K), 0.0050994 secs] 1739259K->1320699K(4141888K), 0.0051842 secs] [Times: user=0.04 sys=0.00, real=0.00 secs] 
298519.642: [GC (Allocation Failure) 298519.642: [ParNew: 423156K->4119K(471872K), 0.0054173 secs] 1740155K->1321427K(4141888K), 0.0055243 secs] [Times: user=0.04 sys=0.00, real=0.01 secs] 
298524.361: [GC (Allocation Failure) 298524.361: [ParNew: 423575K->2604K(471872K), 0.0060379 secs] 1740883K->1321990K(4141888K), 0.0061213 secs] [Times: user=0.04 sys=0.00, real=0.01 secs] 
298530.283: [GC (Allocation Failure) 298530.283: [ParNew: 422060K->1671K(471872K), 0.0050562 secs] 1741446K->1321531K(4141888K), 0.0051421 secs] [Times: user=0.03 sys=0.00, real=0.01 secs] 
298534.094: [GC (Allocation Failure) 298534.094: [ParNew: 421127K->4058K(471872K), 0.0053164 secs] 1740987K->1324193K(4141888K), 0.0054079 secs] [Times: user=0.04 sys=0.00, real=0.00 secs] 
298536.406: [GC (Allocation Failure) 298536.406: [ParNew: 423514K->3214K(471872K), 0.0050082 secs] 1743649K->1323827K(4141888K), 0.0050789 secs] [Times: user=0.03 sys=0.00, real=0.00 secs] 
298541.714: [GC (Allocation Failure) 298541.714: [ParNew: 422670K->1840K(471872K), 0.0048091 secs] 1743283K->1322567K(4141888K), 0.0048804 secs] [Times: user=0.04 sys=0.00, real=0.00 secs] 
298553.371: [GC (Allocation Failure) 298553.371: [ParNew: 421296K->2061K(471872K), 0.0052446 secs] 1742023K->1323016K(4141888K), 0.0053220 secs] [Times: user=0.03 sys=0.00, real=0.01 secs] 
298565.378: [GC (Allocation Failure) 298565.378: [ParNew: 419831K->19729K(471872K), 0.0063932 secs] 1740785K->1341278K(4141888K), 0.0065022 secs] [Times: user=0.05 sys=0.01, real=0.01 secs] 
298576.525: [GC (Allocation Failure) 298576.525: [ParNew: 439185K->4870K(471872K), 0.0053315 secs] 1760734K->1327162K(4141888K), 0.0054155 secs] [Times: user=0.04 sys=0.00, real=0.00 secs] 
298593.056: [GC (Allocation Failure) 298593.056: [ParNew: 424326K->3253K(471872K), 0.0054135 secs] 1746618K->1325728K(4141888K), 0.0054980 secs] [Times: user=0.04 sys=0.00, real=0.00 secs] 
298624.367: [GC (Allocation Failure) 298624.367: [ParNew: 421115K->21806K(471872K), 0.0062723 secs] 1743590K->1344810K(4141888K), 0.0063784 secs] [Times: user=0.05 sys=0.00, real=0.00 secs] 
298635.436: [GC (Allocation Failure) 298635.436: [ParNew: 441262K->15092K(471872K), 0.0071395 secs] 1764266K->1339344K(4141888K), 0.0072568 secs] [Times: user=0.05 sys=0.00, real=0.00 secs] 
298650.291: [GC (Allocation Failure) 298650.291: [ParNew: 434548K->10284K(471872K), 0.0055613 secs] 1758800K->1334990K(4141888K), 0.0056389 secs] [Times: user=0.04 sys=0.00, real=0.01 secs] 
298671.416: [GC (Allocation Failure) 298671.416: [ParNew: 429740K->2547K(471872K), 0.0062385 secs] 1754446K->1329693K(4141888K), 0.0063201 secs] [Times: user=0.04 sys=0.00, real=0.00 secs] 
298682.501: [GC (Allocation Failure) 298682.501: [ParNew: 422003K->19542K(471872K), 0.0080554 secs] 1749149K->1347473K(4141888K), 0.0081615 secs] [Times: user=0.05 sys=0.00, real=0.01 secs] 
298693.479: [GC (Allocation Failure) 298693.479: [ParNew: 438998K->13716K(471872K), 0.0102199 secs] 1766929K->1342441K(4141888K), 0.0103104 secs] [Times: user=0.05 sys=0.00, real=0.01 secs] 
298706.525: [GC (Allocation Failure) 298706.525: [ParNew: 433172K->5808K(471872K), 0.0060699 secs] 1761897K->1334813K(4141888K), 0.0061484 secs] [Times: user=0.04 sys=0.00, real=0.00 secs] 
298728.117: [GC (Allocation Failure) 298728.118: [ParNew: 425153K->2341K(471872K), 0.0074725 secs] 1754158K->1333528K(4141888K), 0.0075614 secs] [Times: user=0.05 sys=0.00, real=0.01 secs] 
298744.449: [GC (Allocation Failure) 298744.449: [ParNew: 421797K->19467K(471872K), 0.0058991 secs] 1752984K->1351255K(4141888K), 0.0060059 secs] [Times: user=0.04 sys=0.00, real=0.01 secs] 
298754.552: [GC (Allocation Failure) 298754.552: [ParNew: 438923K->14986K(471872K), 0.0087537 secs] 1770711K->1347951K(4141888K), 0.0088408 secs] [Times: user=0.06 sys=0.01, real=0.01 secs] 
298761.458: [GC (Allocation Failure) 298761.458: [ParNew: 434442K->21229K(471872K), 0.0109526 secs] 1767407K->1354720K(4141888K), 0.0110439 secs] [Times: user=0.07 sys=0.00, real=0.01 secs] 
298804.460: [GC (Allocation Failure) 298804.460: [ParNew: 440685K->15814K(471872K), 0.0080606 secs] 1774176K->1351588K(4141888K), 0.0081716 secs] [Times: user=0.06 sys=0.00, real=0.01 secs] 
298809.438: [GC (Allocation Failure) 298809.438: [ParNew: 435270K->13722K(471872K), 0.0087990 secs] 1771044K->1350950K(4141888K), 0.0089051 secs] [Times: user=0.04 sys=0.00, real=0.01 secs] 
298818.469: [GC (Allocation Failure) 298818.469: [ParNew: 433178K->26854K(471872K), 0.0075905 secs] 1770406K->1364290K(4141888K), 0.0076986 secs] [Times: user=0.06 sys=0.00, real=0.01 secs] 
298832.075: [GC (Allocation Failure) 298832.075: [ParNew: 446310K->10140K(471872K), 0.0055895 secs] 1783746K->1348178K(4141888K), 0.0056716 secs] [Times: user=0.04 sys=0.01, real=0.00 secs] 
298844.121: [GC (Allocation Failure) 298844.121: [ParNew: 429596K->3824K(471872K), 0.0059791 secs] 1767634K->1344770K(4141888K), 0.0060609 secs] [Times: user=0.05 sys=0.00, real=0.01 secs] 
298866.488: [GC (Allocation Failure) 298866.488: [ParNew: 423280K->28842K(471872K), 0.0077302 secs] 1764226K->1370261K(4141888K), 0.0078427 secs] [Times: user=0.06 sys=0.00, real=0.01 secs] 
298879.476: [GC (Allocation Failure) 298879.476: [ParNew: 447796K->25351K(471872K), 0.0061338 secs] 1789215K->1367692K(4141888K), 0.0062465 secs] [Times: user=0.05 sys=0.00, real=0.00 secs] 
298912.312: [GC (Allocation Failure) 298912.312: [ParNew: 444807K->5446K(471872K), 0.0056089 secs] 1787148K->1348049K(4141888K), 0.0056962 secs] [Times: user=0.04 sys=0.00, real=0.01 secs] 
298927.381: [GC (Allocation Failure) 298927.381: [ParNew: 424902K->18223K(471872K), 0.0059060 secs] 1767505K->1361851K(4141888K), 0.0060057 secs] [Times: user=0.04 sys=0.00, real=0.01 secs] 
298939.448: [GC (Allocation Failure) 298939.448: [ParNew: 437043K->21332K(471872K), 0.0064564 secs] 1780671K->1365509K(4141888K), 0.0065932 secs] [Times: user=0.04 sys=0.00, real=0.01 secs] 
298945.801: [GC (Allocation Failure) 298945.801: [ParNew: 440788K->5353K(471872K), 0.0047795 secs] 1784965K->1349944K(4141888K), 0.0048607 secs] [Times: user=0.04 sys=0.00, real=0.01 secs] 
298957.964: [GC (Allocation Failure) 298957.964: [ParNew: 424809K->4757K(471872K), 0.0058936 secs] 1769400K->1351577K(4141888K), 0.0059828 secs] [Times: user=0.04 sys=0.00, real=0.00 secs] 
298964.854: [GC (Allocation Failure) 298964.854: [ParNew: 424213K->2673K(471872K), 0.0049472 secs] 1771033K->1350309K(4141888K), 0.0050272 secs] [Times: user=0.04 sys=0.00, real=0.00 secs] 
298967.436: [GC (Allocation Failure) 298967.436: [ParNew: 422129K->2727K(471872K), 0.0050700 secs] 1769765K->1351211K(4141888K), 0.0051456 secs] [Times: user=0.04 sys=0.01, real=0.00 secs] 
298968.909: [GC (Allocation Failure) 298968.909: [ParNew: 422183K->2538K(471872K), 0.0045840 secs] 1770667K->1351183K(4141888K), 0.0046519 secs] [Times: user=0.04 sys=0.00, real=0.01 secs] 
298969.605: [GC (Allocation Failure) 298969.605: [ParNew: 421994K->3908K(471872K), 0.0051114 secs] 1770639K->1352983K(4141888K), 0.0051904 secs] [Times: user=0.03 sys=0.00, real=0.00 secs] 
298971.838: [GC (Allocation Failure) 298971.838: [ParNew: 423364K->2482K(471872K), 0.0138029 secs] 1772439K->1351711K(4141888K), 0.0138856 secs] [Times: user=0.10 sys=0.00, real=0.01 secs] 
298973.273: [GC (Allocation Failure) 298973.273: [ParNew: 421938K->5164K(471872K), 0.0052752 secs] 1771167K->1354755K(4141888K), 0.0053584 secs] [Times: user=0.04 sys=0.01, real=0.01 secs] 
298974.169: [GC (Allocation Failure) 298974.170: [ParNew: 424620K->3468K(471872K), 0.0049012 secs] 1774211K->1353305K(4141888K), 0.0049707 secs] [Times: user=0.04 sys=0.00, real=0.01 secs] 
298975.969: [GC (Allocation Failure) 298975.969: [ParNew: 422924K->3242K(471872K), 0.0047877 secs] 1772761K->1353440K(4141888K), 0.0048610 secs] [Times: user=0.04 sys=0.00, real=0.00 secs] 
298976.712: [GC (Allocation Failure) 298976.712: [ParNew: 422698K->4931K(471872K), 0.0050998 secs] 1772896K->1355593K(4141888K), 0.0051833 secs] [Times: user=0.04 sys=0.00, real=0.01 secs] 
298977.275: [GC (Allocation Failure) 298977.275: [ParNew: 424387K->5922K(471872K), 0.0045804 secs] 1775049K->1356680K(4141888K), 0.0046499 secs] [Times: user=0.03 sys=0.00, real=0.00 secs] 
298978.873: [GC (Allocation Failure) 298978.873: [ParNew: 425332K->2956K(471872K), 0.0044595 secs] 1776091K->1353764K(4141888K), 0.0045342 secs] [Times: user=0.03 sys=0.01, real=0.01 secs] 
298979.828: [GC (Allocation Failure) 298979.828: [ParNew: 422412K->6755K(471872K), 0.0051913 secs] 1773220K->1357878K(4141888K), 0.0052725 secs] [Times: user=0.04 sys=0.00, real=0.00 secs] 
298980.839: [GC (Allocation Failure) 298980.839: [ParNew: 426211K->5401K(471872K), 0.0054434 secs] 1777334K->1356849K(4141888K), 0.0055475 secs] [Times: user=0.04 sys=0.00, real=0.01 secs] 
298982.675: [GC (Allocation Failure) 298982.675: [ParNew: 424857K->3673K(471872K), 0.0048573 secs] 1776305K->1355363K(4141888K), 0.0049325 secs] [Times: user=0.03 sys=0.01, real=0.00 secs] 
298984.026: [GC (Allocation Failure) 298984.026: [ParNew: 423129K->6999K(471872K), 0.0057820 secs] 1774819K->1359150K(4141888K), 0.0058622 secs] [Times: user=0.04 sys=0.00, real=0.00 secs] 
298984.774: [GC (Allocation Failure) 298984.774: [ParNew: 426455K->6633K(471872K), 0.0055113 secs] 1778606K->1358939K(4141888K), 0.0056043 secs] [Times: user=0.04 sys=0.00, real=0.01 secs] 
298985.370: [GC (Allocation Failure) 298985.370: [ParNew: 426089K->7024K(471872K), 0.0050394 secs] 1778395K->1359468K(4141888K), 0.0051145 secs] [Times: user=0.04 sys=0.00, real=0.01 secs] 
298990.468: [GC (Allocation Failure) 298990.468: [ParNew: 426480K->22304K(471872K), 0.0060931 secs] 1778924K->1374822K(4141888K), 0.0062006 secs] [Times: user=0.04 sys=0.00, real=0.01 secs] 
299001.355: [GC (Allocation Failure) 299001.355: [ParNew: 441760K->20182K(471872K), 0.0056837 secs] 1794278K->1373502K(4141888K), 0.0057754 secs] [Times: user=0.04 sys=0.00, real=0.00 secs] 
299013.055: [GC (Allocation Failure) 299013.055: [ParNew: 439638K->3798K(471872K), 0.0051202 secs] 1792958K->1357601K(4141888K), 0.0051976 secs] [Times: user=0.03 sys=0.00, real=0.00 secs] 
299023.045: [GC (Allocation Failure) 299023.045: [ParNew: 423254K->1293K(471872K), 0.0059042 secs] 1777057K->1357365K(4141888K), 0.0059875 secs] [Times: user=0.04 sys=0.00, real=0.00 secs] 
299048.519: [GC (Allocation Failure) 299048.519: [ParNew: 420749K->27468K(471872K), 0.0072398 secs] 1776821K->1383693K(4141888K), 0.0073508 secs] [Times: user=0.05 sys=0.00, real=0.01 secs] 
299059.472: [GC (Allocation Failure) 299059.472: [ParNew: 446924K->32679K(471872K), 0.0074125 secs] 1803149K->1389951K(4141888K), 0.0075192 secs] [Times: user=0.05 sys=0.00, real=0.01 secs] 
299067.016: [GC (Allocation Failure) 299067.016: [ParNew: 452135K->11521K(471872K), 0.0054447 secs] 1809407K->1369689K(4141888K), 0.0055236 secs] [Times: user=0.03 sys=0.00, real=0.00 secs] 
299073.929: [GC (Allocation Failure) 299073.929: [ParNew: 430977K->3710K(471872K), 0.0059147 secs] 1789145K->1364006K(4141888K), 0.0059987 secs] [Times: user=0.04 sys=0.00, real=0.01 secs] 
299081.953: [GC (Allocation Failure) 299081.953: [ParNew: 423166K->3710K(471872K), 0.0055339 secs] 1783462K->1364301K(4141888K), 0.0056066 secs] [Times: user=0.04 sys=0.00, real=0.01 secs] 
299088.941: [GC (Allocation Failure) 299088.941: [ParNew: 423166K->3177K(471872K), 0.0050029 secs] 1783757K->1364033K(4141888K), 0.0050981 secs] [Times: user=0.04 sys=0.00, real=0.01 secs] 
299092.982: [GC (Allocation Failure) 299092.982: [ParNew: 422633K->2535K(471872K), 0.0054710 secs] 1783489K->1363784K(4141888K), 0.0055582 secs] [Times: user=0.04 sys=0.00, real=0.01 secs] 
299096.959: [GC (Allocation Failure) 299096.959: [ParNew: 421991K->1979K(471872K), 0.0047789 secs] 1783240K->1363469K(4141888K), 0.0048535 secs] [Times: user=0.04 sys=0.00, real=0.01 secs] 
299105.146: [GC (Allocation Failure) 299105.146: [ParNew: 421435K->1478K(471872K), 0.0051802 secs] 1782925K->1363066K(4141888K), 0.0052692 secs] [Times: user=0.04 sys=0.00, real=0.00 secs] 
299114.417: [GC (Allocation Failure) 299114.418: [ParNew: 420934K->14769K(471872K), 0.0069108 secs] 1782522K->1377069K(4141888K), 0.0070202 secs] [Times: user=0.05 sys=0.00, real=0.01 secs] 
299125.391: [GC (Allocation Failure) 299125.391: [ParNew: 434225K->21944K(471872K), 0.0059955 secs] 1796525K->1384673K(4141888K), 0.0060959 secs] [Times: user=0.05 sys=0.00, real=0.01 secs] 
299130.968: [GC (Allocation Failure) 299130.968: [ParNew: 441400K->6543K(471872K), 0.0052860 secs] 1804129K->1369701K(4141888K), 0.0053652 secs] [Times: user=0.04 sys=0.00, real=0.00 secs] 
299156.224: [GC (Allocation Failure) 299156.224: [ParNew: 425999K->3521K(471872K), 0.0063401 secs] 1789157K->1369393K(4141888K), 0.0064249 secs] [Times: user=0.05 sys=0.00, real=0.01 secs] 
299170.432: [GC (Allocation Failure) 299170.432: [ParNew: 422620K->10536K(471872K), 0.0066115 secs] 1788492K->1377453K(4141888K), 0.0067167 secs] [Times: user=0.05 sys=0.00, real=0.01 secs] 
299175.419: [GC (Allocation Failure) 299175.419: [ParNew: 428356K->24287K(471872K), 0.0068578 secs] 1795273K->1391959K(4141888K), 0.0069649 secs] [Times: user=0.05 sys=0.00, real=0.01 secs] 
299184.394: [GC (Allocation Failure) 299184.394: [ParNew: 443743K->9522K(471872K), 0.0054253 secs] 1811415K->1377439K(4141888K), 0.0055198 secs] [Times: user=0.04 sys=0.00, real=0.00 secs] 
299200.788: [GC (Allocation Failure) 299200.788: [ParNew: 428978K->6873K(471872K), 0.0054009 secs] 1796895K->1375028K(4141888K), 0.0054835 secs] [Times: user=0.04 sys=0.00, real=0.00 secs] 
299205.056: [GC (Allocation Failure) 299205.056: [ParNew: 426329K->3581K(471872K), 0.0062461 secs] 1794484K->1374044K(4141888K), 0.0063360 secs] [Times: user=0.04 sys=0.00, real=0.00 secs] 
299211.922: [GC (Allocation Failure) 299211.922: [ParNew: 423037K->2410K(471872K), 0.0052331 secs] 1793500K->1372995K(4141888K), 0.0053112 secs] [Times: user=0.04 sys=0.00, real=0.01 secs] 
299232.475: [GC (Allocation Failure) 299232.475: [ParNew: 420655K->27961K(471872K), 0.0063839 secs] 1791241K->1399087K(4141888K), 0.0064928 secs] [Times: user=0.05 sys=0.00, real=0.00 secs] 
299242.203: [GC (Allocation Failure) 299242.203: [ParNew: 447417K->5953K(471872K), 0.0055921 secs] 1818543K->1378753K(4141888K), 0.0056746 secs] [Times: user=0.04 sys=0.00, real=0.01 secs] 
299245.816: [GC (Allocation Failure) 299245.816: [ParNew: 425409K->3669K(471872K), 0.0049586 secs] 1798209K->1376788K(4141888K), 0.0050350 secs] [Times: user=0.04 sys=0.00, real=0.00 secs] 
299259.468: [GC (Allocation Failure) 299259.468: [ParNew: 423125K->3904K(471872K), 0.0052878 secs] 1796244K->1377126K(4141888K), 0.0053656 secs] [Times: user=0.04 sys=0.00, real=0.00 secs] 
299288.844: [GC (Allocation Failure) 299288.844: [ParNew: 423360K->2809K(471872K), 0.0062740 secs] 1796582K->1378394K(4141888K), 0.0063657 secs] [Times: user=0.04 sys=0.00, real=0.01 secs] 
299293.476: [GC (Allocation Failure) 299293.476: [ParNew: 422265K->25901K(471872K), 0.0076954 secs] 1797850K->1402522K(4141888K), 0.0078009 secs] [Times: user=0.06 sys=0.00, real=0.01 secs] 
299306.370: [GC (Allocation Failure) 299306.370: [ParNew: 445357K->24622K(471872K), 0.0067502 secs] 1821978K->1401777K(4141888K), 0.0068501 secs] [Times: user=0.04 sys=0.00, real=0.01 secs] 
299322.083: [GC (Allocation Failure) 299322.083: [ParNew: 444078K->4838K(471872K), 0.0053655 secs] 1821233K->1382277K(4141888K), 0.0054533 secs] [Times: user=0.04 sys=0.00, real=0.01 secs] 
299330.337: [GC (Allocation Failure) 299330.337: [ParNew: 424294K->2258K(471872K), 0.0064564 secs] 1801733K->1382567K(4141888K), 0.0065345 secs] [Times: user=0.05 sys=0.01, real=0.00 secs] 
299332.848: [GC (Allocation Failure) 299332.848: [ParNew: 421714K->2317K(471872K), 0.0051868 secs] 1802023K->1383064K(4141888K), 0.0052561 secs] [Times: user=0.03 sys=0.00, real=0.00 secs] 
299352.303: [GC (Allocation Failure) 299352.303: [ParNew: 421773K->7260K(471872K), 0.0065577 secs] 1802520K->1388091K(4141888K), 0.0066486 secs] [Times: user=0.04 sys=0.00, real=0.01 secs] 
299354.497: [GC (Allocation Failure) 299354.497: [ParNew: 425757K->9667K(471872K), 0.0094589 secs] 1806588K->1391541K(4141888K), 0.0095472 secs] [Times: user=0.05 sys=0.00, real=0.01 secs] 
299356.643: [GC (Allocation Failure) 299356.643: [ParNew: 429123K->7234K(471872K), 0.0070717 secs] 1810997K->1389479K(4141888K), 0.0071689 secs] [Times: user=0.04 sys=0.00, real=0.01 secs] 
299358.972: [GC (Allocation Failure) 299358.972: [ParNew: 426690K->8594K(471872K), 0.0071056 secs] 1808935K->1390980K(4141888K), 0.0072137 secs] [Times: user=0.04 sys=0.01, real=0.01 secs] 
299363.236: [GC (Allocation Failure) 299363.236: [ParNew: 428050K->5804K(471872K), 0.0110048 secs] 1810436K->1390281K(4141888K), 0.0111092 secs] [Times: user=0.05 sys=0.00, real=0.01 secs] 
299364.665: [GC (Allocation Failure) 299364.665: [ParNew: 425260K->5802K(471872K), 0.0113279 secs] 1809737K->1391014K(4141888K), 0.0114242 secs] [Times: user=0.07 sys=0.00, real=0.01 secs] 
299364.921: [GC (Allocation Failure) 299364.921: [ParNew: 425258K->10125K(471872K), 0.0090049 secs] 1810470K->1397621K(4141888K), 0.0090938 secs] [Times: user=0.06 sys=0.00, real=0.01 secs] 
299365.357: [GC (Allocation Failure) 299365.357: [ParNew: 429581K->3622K(471872K), 0.0059839 secs] 1817077K->1396228K(4141888K), 0.0060622 secs] [Times: user=0.04 sys=0.00, real=0.00 secs] 
299365.675: [GC (Allocation Failure) 299365.675: [ParNew: 422612K->9911K(471872K), 0.0052237 secs] 1815219K->1402985K(4141888K), 0.0053203 secs] [Times: user=0.04 sys=0.00, real=0.00 secs] 
299366.416: [GC (Allocation Failure) 299366.416: [ParNew: 427730K->11720K(471872K), 0.0084812 secs] 1820804K->1404832K(4141888K), 0.0085750 secs] [Times: user=0.05 sys=0.00, real=0.01 secs] 
299369.449: [GC (Allocation Failure) 299369.449: [ParNew: 431176K->6839K(471872K), 0.0050245 secs] 1824288K->1400515K(4141888K), 0.0051064 secs] [Times: user=0.03 sys=0.00, real=0.01 secs] 
299372.362: [GC (Allocation Failure) 299372.362: [ParNew: 426295K->18168K(471872K), 0.0062705 secs] 1819971K->1414108K(4141888K), 0.0063675 secs] [Times: user=0.04 sys=0.00, real=0.01 secs] 
299373.414: [GC (Allocation Failure) 299373.414: [ParNew: 437624K->7612K(471872K), 0.0055773 secs] 1833564K->1403752K(4141888K), 0.0056623 secs] [Times: user=0.04 sys=0.00, real=0.00 secs] 
299374.743: [GC (Allocation Failure) 299374.743: [ParNew: 427068K->6489K(471872K), 0.0059268 secs] 1823208K->1404800K(4141888K), 0.0060170 secs] [Times: user=0.04 sys=0.00, real=0.01 secs] 
299383.380: [GC (Allocation Failure) 299383.380: [ParNew: 425928K->2365K(471872K), 0.0456146 secs] 1824239K->1400739K(4141888K), 0.0457193 secs] [Times: user=0.35 sys=0.01, real=0.05 secs] 
299404.300: [GC (Allocation Failure) 299404.300: [ParNew: 421821K->2038K(471872K), 0.0057499 secs] 1820195K->1401205K(4141888K), 0.0058357 secs] [Times: user=0.04 sys=0.00, real=0.01 secs] 
299417.482: [GC (Allocation Failure) 299417.482: [ParNew: 421494K->17267K(471872K), 0.0078223 secs] 1820661K->1417446K(4141888K), 0.0079266 secs] [Times: user=0.06 sys=0.00, real=0.01 secs] 
299425.095: [GC (Allocation Failure) 299425.095: [ParNew: 436723K->7436K(471872K), 0.0056151 secs] 1836902K->1407977K(4141888K), 0.0057069 secs] [Times: user=0.04 sys=0.01, real=0.00 secs] 
299430.466: [GC (Allocation Failure) 299430.466: [ParNew: 426892K->9106K(471872K), 0.0056333 secs] 1827433K->1409986K(4141888K), 0.0057296 secs] [Times: user=0.04 sys=0.00, real=0.00 secs] 
299465.478: [GC (Allocation Failure) 299465.478: [ParNew: 428326K->10016K(471872K), 0.0056003 secs] 1829206K->1411411K(4141888K), 0.0057694 secs] [Times: user=0.04 sys=0.00, real=0.00 secs] 
299476.497: [GC (Allocation Failure) 299476.497: [ParNew: 429472K->19795K(471872K), 0.0078384 secs] 1830867K->1422085K(4141888K), 0.0079486 secs] [Times: user=0.05 sys=0.00, real=0.01 secs] 
299488.374: [GC (Allocation Failure) 299488.374: [ParNew: 439251K->26828K(471872K), 0.0057328 secs] 1841541K->1429908K(4141888K), 0.0058270 secs] [Times: user=0.05 sys=0.00, real=0.00 secs] 
299496.526: [GC (Allocation Failure) 299496.526: [ParNew: 446284K->5349K(471872K), 0.0050404 secs] 1849364K->1409423K(4141888K), 0.0051130 secs] [Times: user=0.04 sys=0.00, real=0.00 secs] 
299538.325: [GC (Allocation Failure) 299538.325: [ParNew: 424805K->4741K(471872K), 0.0052866 secs] 1828879K->1409394K(4141888K), 0.0053694 secs] [Times: user=0.04 sys=0.00, real=0.00 secs] 
299544.706: [GC (Allocation Failure) 299544.706: [ParNew: 424197K->4129K(471872K), 0.0056807 secs] 1828850K->1410274K(4141888K), 0.0057613 secs] [Times: user=0.04 sys=0.00, real=0.00 secs] 
299552.788: [GC (Allocation Failure) 299552.788: [ParNew: 423585K->3342K(471872K), 0.0049495 secs] 1829730K->1410078K(4141888K), 0.0050393 secs] [Times: user=0.03 sys=0.00, real=0.00 secs] 
299577.468: [GC (Allocation Failure) 299577.468: [ParNew: 422798K->4369K(471872K), 0.0055215 secs] 1829534K->1411307K(4141888K), 0.0056010 secs] [Times: user=0.04 sys=0.00, real=0.01 secs] 
299600.414: [GC (Allocation Failure) 299600.414: [ParNew: 423272K->4258K(471872K), 0.0056116 secs] 1830210K->1412181K(4141888K), 0.0056982 secs] [Times: user=0.04 sys=0.00, real=0.00 secs] 
299611.368: [GC (Allocation Failure) 299611.368: [ParNew: 423714K->18811K(471872K), 0.0061241 secs] 1831637K->1428000K(4141888K), 0.0062194 secs] [Times: user=0.04 sys=0.00, real=0.01 secs] 
299621.855: [GC (Allocation Failure) 299621.855: [ParNew: 438267K->5062K(471872K), 0.0054300 secs] 1847456K->1414746K(4141888K), 0.0055072 secs] [Times: user=0.04 sys=0.00, real=0.00 secs] 
299640.929: [GC (Allocation Failure) 299640.929: [ParNew: 424518K->2675K(471872K), 0.0063484 secs] 1834202K->1414596K(4141888K), 0.0064347 secs] [Times: user=0.05 sys=0.00, real=0.01 secs] 
299658.585: [GC (Allocation Failure) 299658.585: [ParNew: 422131K->14685K(471872K), 0.0066861 secs] 1834052K->1427541K(4141888K), 0.0067938 secs] [Times: user=0.04 sys=0.00, real=0.00 secs] 
299665.195: [GC (Allocation Failure) 299665.195: [ParNew: 434141K->5182K(471872K), 0.0089464 secs] 1846997K->1419813K(4141888K), 0.0090312 secs] [Times: user=0.05 sys=0.00, real=0.01 secs] 
299677.402: [GC (Allocation Failure) 299677.402: [ParNew: 424046K->5463K(471872K), 0.0068413 secs] 1838676K->1420715K(4141888K), 0.0069306 secs] [Times: user=0.05 sys=0.00, real=0.01 secs] 
299696.382: [GC (Allocation Failure) 299696.383: [ParNew: 424919K->3658K(471872K), 0.0072883 secs] 1840171K->1419205K(4141888K), 0.0073623 secs] [Times: user=0.04 sys=0.00, real=0.01 secs] 
299708.078: [GC (Allocation Failure) 299708.078: [ParNew: 423114K->5834K(471872K), 0.0071169 secs] 1838661K->1424136K(4141888K), 0.0072137 secs] [Times: user=0.06 sys=0.00, real=0.01 secs] 
299711.201: [GC (Allocation Failure) 299711.202: [ParNew: 424793K->7337K(471872K), 0.0053250 secs] 1843096K->1426370K(4141888K), 0.0054086 secs] [Times: user=0.04 sys=0.01, real=0.01 secs] 
299722.423: [GC (Allocation Failure) 299722.423: [ParNew: 426389K->10575K(471872K), 0.0063106 secs] 1845423K->1430243K(4141888K), 0.0064017 secs] [Times: user=0.04 sys=0.00, real=0.01 secs] 
299730.497: [GC (Allocation Failure) 299730.498: [ParNew: 430031K->22823K(471872K), 0.0071208 secs] 1849699K->1443357K(4141888K), 0.0072258 secs] [Times: user=0.06 sys=0.00, real=0.01 secs] 
299735.446: [GC (Allocation Failure) 299735.446: [ParNew: 442279K->30653K(471872K), 0.0072345 secs] 1862813K->1451480K(4141888K), 0.0073478 secs] [Times: user=0.06 sys=0.00, real=0.00 secs] 
299758.143: [GC (Allocation Failure) 299758.143: [ParNew: 449819K->10937K(471872K), 0.0054303 secs] 1870647K->1431915K(4141888K), 0.0055142 secs] [Times: user=0.04 sys=0.00, real=0.01 secs] 
299766.074: [GC (Allocation Failure) 299766.074: [ParNew: 430298K->5061K(471872K), 0.0059209 secs] 1851276K->1429331K(4141888K), 0.0060059 secs] [Times: user=0.04 sys=0.01, real=0.01 secs] 
299772.054: [GC (Allocation Failure) 299772.054: [ParNew: 424517K->2662K(471872K), 0.0054995 secs] 1848787K->1427305K(4141888K), 0.0055776 secs] [Times: user=0.04 sys=0.01, real=0.01 secs] 
299774.761: [GC (Allocation Failure) 299774.761: [ParNew: 422118K->3783K(471872K), 0.0050801 secs] 1846761K->1428631K(4141888K), 0.0051580 secs] [Times: user=0.04 sys=0.01, real=0.01 secs] 
299778.099: [GC (Allocation Failure) 299778.099: [ParNew: 423239K->2549K(471872K), 0.0048620 secs] 1848087K->1427612K(4141888K), 0.0049367 secs] [Times: user=0.04 sys=0.00, real=0.01 secs] 
299780.942: [GC (Allocation Failure) 299780.942: [ParNew: 422005K->4709K(471872K), 0.0050327 secs] 1847068K->1429918K(4141888K), 0.0051069 secs] [Times: user=0.04 sys=0.00, real=0.01 secs] 
299783.101: [GC (Allocation Failure) 299783.101: [ParNew: 424165K->5832K(471872K), 0.0052865 secs] 1849374K->1431234K(4141888K), 0.0053770 secs] [Times: user=0.04 sys=0.00, real=0.01 secs] 
299786.119: [GC (Allocation Failure) 299786.119: [ParNew: 425288K->5094K(471872K), 0.0050464 secs] 1850690K->1430593K(4141888K), 0.0051188 secs] [Times: user=0.04 sys=0.00, real=0.01 secs] 
299789.168: [GC (Allocation Failure) 299789.168: [ParNew: 424550K->2954K(471872K), 0.0057511 secs] 1850049K->1430992K(4141888K), 0.0058282 secs] [Times: user=0.04 sys=0.00, real=0.00 secs] 
299791.390: [GC (Allocation Failure) 299791.390: [ParNew: 421280K->2225K(471872K), 0.0062203 secs] 1849318K->1430370K(4141888K), 0.0062991 secs] [Times: user=0.04 sys=0.00, real=0.01 secs] 
299793.051: [GC (Allocation Failure) 299793.051: [ParNew: 421681K->6354K(471872K), 0.0082002 secs] 1849826K->1434706K(4141888K), 0.0082769 secs] [Times: user=0.05 sys=0.00, real=0.01 secs] 
299794.270: [GC (Allocation Failure) 299794.270: [ParNew: 425810K->5640K(471872K), 0.0054584 secs] 1854162K->1434094K(4141888K), 0.0055345 secs] [Times: user=0.03 sys=0.00, real=0.01 secs] 
299796.791: [GC (Allocation Failure) 299796.791: [ParNew: 425096K->6884K(471872K), 0.0050355 secs] 1853550K->1435436K(4141888K), 0.0051191 secs] [Times: user=0.03 sys=0.00, real=0.01 secs] 
299798.890: [GC (Allocation Failure) 299798.890: [ParNew: 426340K->4783K(471872K), 0.0058391 secs] 1854892K->1435442K(4141888K), 0.0059248 secs] [Times: user=0.04 sys=0.00, real=0.01 secs] 
299800.138: [GC (Allocation Failure) 299800.138: [ParNew: 424201K->6478K(471872K), 0.0048931 secs] 1854860K->1437330K(4141888K), 0.0049828 secs] [Times: user=0.04 sys=0.00, real=0.00 secs] 
299801.139: [GC (Allocation Failure) 299801.139: [ParNew: 425934K->3572K(471872K), 0.0065239 secs] 1856786K->1436505K(4141888K), 0.0066095 secs] [Times: user=0.05 sys=0.00, real=0.01 secs] 
299803.090: [GC (Allocation Failure) 299803.090: [ParNew: 423028K->3957K(471872K), 0.0076067 secs] 1855961K->1436982K(4141888K), 0.0076750 secs] [Times: user=0.06 sys=0.00, real=0.01 secs] 
299806.589: [GC (Allocation Failure) 299806.589: [ParNew: 423413K->3234K(471872K), 0.0058540 secs] 1856438K->1436373K(4141888K), 0.0059279 secs] [Times: user=0.04 sys=0.00, real=0.01 secs] 
299808.997: [GC (Allocation Failure) 299808.997: [ParNew: 422690K->5537K(471872K), 0.0050627 secs] 1855829K->1439367K(4141888K), 0.0051547 secs] [Times: user=0.04 sys=0.00, real=0.00 secs] 
299822.789: [GC (Allocation Failure) 299822.789: [ParNew: 424909K->4799K(471872K), 0.0051215 secs] 1858739K->1438711K(4141888K), 0.0052096 secs] [Times: user=0.04 sys=0.00, real=0.01 secs] 
299826.525: [GC (Allocation Failure) 299826.525: [ParNew: 424255K->1952K(471872K), 0.0054729 secs] 1858167K->1436366K(4141888K), 0.0055452 secs] [Times: user=0.04 sys=0.00, real=0.00 secs] 
299829.967: [GC (Allocation Failure) 299829.967: [ParNew: 421408K->4260K(471872K), 0.0051373 secs] 1855822K->1438952K(4141888K), 0.0052294 secs] [Times: user=0.04 sys=0.01, real=0.00 secs] 
299833.852: [GC (Allocation Failure) 299833.852: [ParNew: 423716K->5088K(471872K), 0.0051468 secs] 1858408K->1440016K(4141888K), 0.0052342 secs] [Times: user=0.04 sys=0.00, real=0.01 secs] 
299837.436: [GC (Allocation Failure) 299837.436: [ParNew: 424544K->6308K(471872K), 0.0057156 secs] 1859472K->1441488K(4141888K), 0.0058061 secs] [Times: user=0.04 sys=0.00, real=0.00 secs] 
299838.839: [GC (Allocation Failure) 299838.839: [ParNew: 425764K->5157K(471872K), 0.0046845 secs] 1860944K->1440623K(4141888K), 0.0047681 secs] [Times: user=0.03 sys=0.00, real=0.01 secs] 
299841.473: [GC (Allocation Failure) 299841.473: [ParNew: 424613K->7392K(471872K), 0.0055001 secs] 1860079K->1443004K(4141888K), 0.0055979 secs] [Times: user=0.04 sys=0.00, real=0.01 secs] 
299844.536: [GC (Allocation Failure) 299844.536: [ParNew: 426848K->7267K(471872K), 0.0055660 secs] 1862460K->1443028K(4141888K), 0.0056570 secs] [Times: user=0.04 sys=0.00, real=0.00 secs] 
299845.097: [GC (Allocation Failure) 299845.097: [ParNew: 426723K->3255K(471872K), 0.0097082 secs] 1862484K->1441149K(4141888K), 0.0097817 secs] [Times: user=0.08 sys=0.00, real=0.01 secs] 
299848.956: [GC (Allocation Failure) 299848.956: [ParNew: 422711K->3525K(471872K), 0.0048436 secs] 1860605K->1441454K(4141888K), 0.0049216 secs] [Times: user=0.04 sys=0.00, real=0.00 secs] 
299854.451: [GC (Allocation Failure) 299854.451: [ParNew: 422981K->20630K(471872K), 0.0063032 secs] 1860910K->1458972K(4141888K), 0.0063990 secs] [Times: user=0.05 sys=0.00, real=0.01 secs] 
299862.390: [GC (Allocation Failure) 299862.390: [ParNew: 439949K->5946K(471872K), 0.0051911 secs] 1878291K->1444917K(4141888K), 0.0052723 secs] [Times: user=0.04 sys=0.00, real=0.01 secs] 
299868.791: [GC (Allocation Failure) 299868.791: [ParNew: 425402K->3644K(471872K), 0.0062748 secs] 1864373K->1444988K(4141888K), 0.0063679 secs] [Times: user=0.05 sys=0.00, real=0.01 secs] 
299877.747: [GC (Allocation Failure) 299877.747: [ParNew: 423100K->2818K(471872K), 0.0052758 secs] 1864444K->1444675K(4141888K), 0.0053658 secs] [Times: user=0.04 sys=0.00, real=0.00 secs] 
299885.812: [GC (Allocation Failure) 299885.812: [ParNew: 422274K->3501K(471872K), 0.0055779 secs] 1864131K->1445586K(4141888K), 0.0056595 secs] [Times: user=0.03 sys=0.01, real=0.01 secs] 
299892.803: [GC (Allocation Failure) 299892.803: [ParNew: 422824K->3962K(471872K), 0.0057938 secs] 1864908K->1446246K(4141888K), 0.0058847 secs] [Times: user=0.04 sys=0.00, real=0.01 secs] 
299899.990: [GC (Allocation Failure) 299899.990: [ParNew: 423215K->4015K(471872K), 0.0064307 secs] 1865500K->1446484K(4141888K), 0.0065069 secs] [Times: user=0.05 sys=0.01, real=0.01 secs] 
299903.835: [GC (Allocation Failure) 299903.835: [ParNew: 423471K->5074K(471872K), 0.0104664 secs] 1865940K->1447902K(4141888K), 0.0105563 secs] [Times: user=0.07 sys=0.00, real=0.01 secs] 
299908.084: [GC (Allocation Failure) 299908.084: [ParNew: 424530K->3383K(471872K), 0.0046779 secs] 1867358K->1446408K(4141888K), 0.0047473 secs] [Times: user=0.04 sys=0.00, real=0.00 secs] 
299913.388: [GC (Allocation Failure) 299913.388: [ParNew: 422136K->9350K(471872K), 0.0093117 secs] 1865161K->1454551K(4141888K), 0.0094014 secs] [Times: user=0.07 sys=0.00, real=0.01 secs] 
299916.769: [GC (Allocation Failure) 299916.769: [ParNew: 428806K->5408K(471872K), 0.0064846 secs] 1874007K->1450848K(4141888K), 0.0065707 secs] [Times: user=0.05 sys=0.00, real=0.01 secs] 
299921.767: [GC (Allocation Failure) 299921.767: [ParNew: 424864K->5927K(471872K), 0.0051268 secs] 1870304K->1451630K(4141888K), 0.0052165 secs] [Times: user=0.04 sys=0.00, real=0.00 secs] 
299925.672: [GC (Allocation Failure) 299925.672: [ParNew: 424609K->5404K(471872K), 0.0064660 secs] 1870312K->1453210K(4141888K), 0.0065445 secs] [Times: user=0.04 sys=0.00, real=0.01 secs] 
299928.923: [GC (Allocation Failure) 299928.923: [ParNew: 424860K->3205K(471872K), 0.0077311 secs] 1872666K->1451193K(4141888K), 0.0078106 secs] [Times: user=0.06 sys=0.00, real=0.01 secs] 
299933.764: [GC (Allocation Failure) 299933.765: [ParNew: 422661K->5085K(471872K), 0.0051011 secs] 1870649K->1453267K(4141888K), 0.0051832 secs] [Times: user=0.04 sys=0.00, real=0.00 secs] 
299963.493: [GC (Allocation Failure) 299963.493: [ParNew: 422320K->17335K(471872K), 0.0123446 secs] 1870502K->1465624K(4141888K), 0.0124374 secs] [Times: user=0.05 sys=0.00, real=0.02 secs] 
299968.615: [GC (Allocation Failure) 299968.615: [ParNew: 436791K->6166K(471872K), 0.0104806 secs] 1885080K->1456065K(4141888K), 0.0105609 secs] [Times: user=0.04 sys=0.00, real=0.01 secs] 
299976.408: [GC (Allocation Failure) 299976.408: [ParNew: 425622K->23016K(471872K), 0.0067907 secs] 1875521K->1473074K(4141888K), 0.0068931 secs] [Times: user=0.05 sys=0.01, real=0.01 secs] 
299983.069: [GC (Allocation Failure) 299983.069: [ParNew: 442472K->6892K(471872K), 0.0048615 secs] 1892530K->1457800K(4141888K), 0.0049361 secs] [Times: user=0.03 sys=0.00, real=0.01 secs] 
299992.057: [GC (Allocation Failure) 299992.057: [ParNew: 426348K->4160K(471872K), 0.0055526 secs] 1877256K->1455411K(4141888K), 0.0056343 secs] [Times: user=0.05 sys=0.00, real=0.00 secs] 
300006.780: [GC (Allocation Failure) 300006.780: [ParNew: 423616K->2728K(471872K), 0.0058790 secs] 1874867K->1456401K(4141888K), 0.0059768 secs] [Times: user=0.05 sys=0.00, real=0.01 secs] 
300025.612: [GC (Allocation Failure) 300025.612: [ParNew: 422184K->16166K(471872K), 0.0085302 secs] 1875857K->1470889K(4141888K), 0.0086436 secs] [Times: user=0.06 sys=0.00, real=0.01 secs] 
300038.242: [GC (Allocation Failure) 300038.242: [ParNew: 435622K->9627K(471872K), 0.0054186 secs] 1890345K->1465145K(4141888K), 0.0055005 secs] [Times: user=0.04 sys=0.00, real=0.01 secs] 
300059.314: [GC (Allocation Failure) 300059.314: [ParNew: 429083K->4618K(471872K), 0.0049609 secs] 1884601K->1460393K(4141888K), 0.0050387 secs] [Times: user=0.03 sys=0.00, real=0.00 secs] 
300072.300: [GC (Allocation Failure) 300072.300: [ParNew: 424074K->2248K(471872K), 0.0063073 secs] 1879849K->1460858K(4141888K), 0.0063925 secs] [Times: user=0.04 sys=0.01, real=0.01 secs] 
300088.383: [GC (Allocation Failure) 300088.383: [ParNew: 421704K->21757K(471872K), 0.0058736 secs] 1880314K->1480905K(4141888K), 0.0059707 secs] [Times: user=0.04 sys=0.00, real=0.01 secs] 
300099.392: [GC (Allocation Failure) 300099.392: [ParNew: 441213K->19454K(471872K), 0.0065963 secs] 1900361K->1479315K(4141888K), 0.0066959 secs] [Times: user=0.05 sys=0.00, real=0.01 secs] 
300132.392: [GC (Allocation Failure) 300132.392: [ParNew: 438103K->10940K(471872K), 0.0060558 secs] 1897963K->1471020K(4141888K), 0.0061428 secs] [Times: user=0.04 sys=0.00, real=0.01 secs] 
300137.582: [GC (Allocation Failure) 300137.582: [ParNew: 430396K->6354K(471872K), 0.0071535 secs] 1890476K->1469509K(4141888K), 0.0072447 secs] [Times: user=0.05 sys=0.00, real=0.01 secs] 
300144.497: [GC (Allocation Failure) 300144.497: [ParNew: 424742K->8290K(471872K), 0.0052106 secs] 1887897K->1471590K(4141888K), 0.0052868 secs] [Times: user=0.04 sys=0.00, real=0.00 secs] 
300147.483: [GC (Allocation Failure) 300147.483: [ParNew: 426695K->7859K(471872K), 0.0065209 secs] 1889994K->1471632K(4141888K), 0.0066275 secs] [Times: user=0.05 sys=0.00, real=0.01 secs] 
300149.644: [GC (Allocation Failure) 300149.644: [ParNew: 427315K->7191K(471872K), 0.0075694 secs] 1891088K->1471150K(4141888K), 0.0076639 secs] [Times: user=0.05 sys=0.00, real=0.00 secs] 
300151.220: [GC (Allocation Failure) 300151.220: [ParNew: 426647K->6221K(471872K), 0.0063517 secs] 1890606K->1472257K(4141888K), 0.0064557 secs] [Times: user=0.05 sys=0.00, real=0.01 secs] 
300152.451: [GC (Allocation Failure) 300152.451: [ParNew: 425652K->9271K(471872K), 0.0050414 secs] 1891687K->1475464K(4141888K), 0.0051298 secs] [Times: user=0.04 sys=0.00, real=0.01 secs] 
300158.680: [GC (Allocation Failure) 300158.680: [ParNew: 428727K->8020K(471872K), 0.0057169 secs] 1894920K->1474231K(4141888K), 0.0058176 secs] [Times: user=0.05 sys=0.00, real=0.01 secs] 
300159.732: [GC (Allocation Failure) 300159.732: [ParNew: 427476K->7107K(471872K), 0.0064750 secs] 1893687K->1473712K(4141888K), 0.0065583 secs] [Times: user=0.04 sys=0.00, real=0.01 secs] 
300160.947: [GC (Allocation Failure) 300160.947: [ParNew: 426401K->9929K(471872K), 0.0053664 secs] 1893006K->1476651K(4141888K), 0.0054483 secs] [Times: user=0.04 sys=0.00, real=0.00 secs] 
300162.455: [GC (Allocation Failure) 300162.455: [ParNew: 429385K->7922K(471872K), 0.0049928 secs] 1896107K->1475342K(4141888K), 0.0050936 secs] [Times: user=0.04 sys=0.00, real=0.00 secs] 
300163.100: [GC (Allocation Failure) 300163.100: [ParNew: 427378K->6040K(471872K), 0.0067182 secs] 1894798K->1475729K(4141888K), 0.0068001 secs] [Times: user=0.05 sys=0.00, real=0.01 secs] 
300173.143: [GC (Allocation Failure) 300173.143: [ParNew: 425496K->5266K(471872K), 0.0055760 secs] 1895185K->1475010K(4141888K), 0.0056624 secs] [Times: user=0.04 sys=0.00, real=0.01 secs] 
300208.434: [GC (Allocation Failure) 300208.434: [ParNew: 424722K->15947K(471872K), 0.0067611 secs] 1894466K->1487311K(4141888K), 0.0068744 secs] [Times: user=0.05 sys=0.00, real=0.01 secs] 
300217.436: [GC (Allocation Failure) 300217.436: [ParNew: 435403K->6153K(471872K), 0.0077901 secs] 1906767K->1479334K(4141888K), 0.0078796 secs] [Times: user=0.04 sys=0.00, real=0.01 secs] 
300226.423: [GC (Allocation Failure) 300226.423: [ParNew: 425609K->4780K(471872K), 0.0066648 secs] 1898790K->1478311K(4141888K), 0.0067538 secs] [Times: user=0.05 sys=0.00, real=0.01 secs] 
300268.929: [GC (Allocation Failure) 300268.929: [ParNew: 424236K->5905K(471872K), 0.0059341 secs] 1897767K->1480332K(4141888K), 0.0060310 secs] [Times: user=0.04 sys=0.00, real=0.01 secs] 
300273.424: [GC (Allocation Failure) 300273.424: [ParNew: 425361K->20064K(471872K), 0.0061043 secs] 1899788K->1495783K(4141888K), 0.0062142 secs] [Times: user=0.04 sys=0.00, real=0.01 secs] 
300281.521: [GC (Allocation Failure) 300281.521: [ParNew: 439520K->26044K(471872K), 0.0089304 secs] 1915239K->1501856K(4141888K), 0.0090437 secs] [Times: user=0.06 sys=0.00, real=0.01 secs] 
300305.146: [GC (Allocation Failure) 300305.146: [ParNew: 445500K->11890K(471872K), 0.0054766 secs] 1921312K->1488230K(4141888K), 0.0055565 secs] [Times: user=0.04 sys=0.00, real=0.00 secs] 
300313.071: [GC (Allocation Failure) 300313.071: [ParNew: 431346K->3113K(471872K), 0.0078079 secs] 1907686K->1482007K(4141888K), 0.0078854 secs] [Times: user=0.06 sys=0.01, real=0.01 secs] 
300332.397: [GC (Allocation Failure) 300332.397: [ParNew: 422569K->8807K(471872K), 0.0059938 secs] 1901463K->1487836K(4141888K), 0.0060887 secs] [Times: user=0.04 sys=0.00, real=0.00 secs] 
300341.320: [GC (Allocation Failure) 300341.320: [ParNew: 428245K->3768K(471872K), 0.0063737 secs] 1907274K->1483724K(4141888K), 0.0064614 secs] [Times: user=0.04 sys=0.00, real=0.01 secs] 
300345.471: [GC (Allocation Failure) 300345.471: [ParNew: 423224K->18415K(471872K), 0.0075446 secs] 1903180K->1498687K(4141888K), 0.0076417 secs] [Times: user=0.06 sys=0.00, real=0.01 secs] 
300363.053: [GC (Allocation Failure) 300363.053: [ParNew: 437871K->10837K(471872K), 0.0054705 secs] 1918143K->1491388K(4141888K), 0.0055546 secs] [Times: user=0.04 sys=0.00, real=0.01 secs] 
300393.375: [GC (Allocation Failure) 300393.375: [ParNew: 430293K->10747K(471872K), 0.0062485 secs] 1910844K->1492448K(4141888K), 0.0063548 secs] [Times: user=0.04 sys=0.00, real=0.00 secs] 
300404.394: [GC (Allocation Failure) 300404.394: [ParNew: 430203K->20518K(471872K), 0.0070320 secs] 1911904K->1503415K(4141888K), 0.0071390 secs] [Times: user=0.05 sys=0.01, real=0.00 secs] 
300426.172: [GC (Allocation Failure) 300426.172: [ParNew: 439974K->7959K(471872K), 0.0055566 secs] 1922871K->1491185K(4141888K), 0.0056458 secs] [Times: user=0.04 sys=0.00, real=0.01 secs] 
300435.176: [GC (Allocation Failure) 300435.176: [ParNew: 427415K->5548K(471872K), 0.0063536 secs] 1910641K->1491533K(4141888K), 0.0064482 secs] [Times: user=0.05 sys=0.00, real=0.00 secs] 
300437.991: [GC (Allocation Failure) 300437.991: [ParNew: 425004K->2679K(471872K), 0.0048608 secs] 1910989K->1489787K(4141888K), 0.0049332 secs] [Times: user=0.04 sys=0.00, real=0.01 secs] 
300441.284: [GC (Allocation Failure) 300441.284: [ParNew: 422135K->4366K(471872K), 0.0050570 secs] 1909243K->1491634K(4141888K), 0.0051397 secs] [Times: user=0.04 sys=0.00, real=0.00 secs] 
300452.540: [GC (Allocation Failure) 300452.540: [ParNew: 423822K->16232K(471872K), 0.0070981 secs] 1911090K->1503700K(4141888K), 0.0072145 secs] [Times: user=0.06 sys=0.00, real=0.01 secs] 
300456.397: [GC (Allocation Failure) 300456.397: [ParNew: 435688K->22477K(471872K), 0.0067947 secs] 1923156K->1511288K(4141888K), 0.0068952 secs] [Times: user=0.05 sys=0.01, real=0.01 secs] 
300461.242: [GC (Allocation Failure) 300461.242: [ParNew: 441933K->5335K(471872K), 0.0050644 secs] 1930744K->1494304K(4141888K), 0.0051380 secs] [Times: user=0.04 sys=0.00, real=0.01 secs] 
300464.414: [GC (Allocation Failure) 300464.414: [ParNew: 423066K->20559K(471872K), 0.0066111 secs] 1912035K->1509772K(4141888K), 0.0067163 secs] [Times: user=0.05 sys=0.00, real=0.00 secs] 
300471.396: [GC (Allocation Failure) 300471.396: [ParNew: 438995K->4987K(471872K), 0.0052293 secs] 1928209K->1494355K(4141888K), 0.0053259 secs] [Times: user=0.04 sys=0.00, real=0.00 secs] 
300482.594: [GC (Allocation Failure) 300482.594: [ParNew: 424443K->5842K(471872K), 0.0053026 secs] 1913811K->1495569K(4141888K), 0.0053888 secs] [Times: user=0.04 sys=0.00, real=0.01 secs] 
300514.438: [GC (Allocation Failure) 300514.438: [ParNew: 425298K->23866K(471872K), 0.0079020 secs] 1915025K->1514421K(4141888K), 0.0080112 secs] [Times: user=0.06 sys=0.00, real=0.01 secs] 
300523.484: [GC (Allocation Failure) 300523.484: [ParNew: 443322K->24337K(471872K), 0.0066837 secs] 1933877K->1515926K(4141888K), 0.0067878 secs] [Times: user=0.04 sys=0.00, real=0.00 secs] 
300528.454: [GC (Allocation Failure) 300528.454: [ParNew: 443793K->29535K(471872K), 0.0077877 secs] 1935382K->1521860K(4141888K), 0.0078984 secs] [Times: user=0.06 sys=0.00, real=0.00 secs] 
300565.937: [GC (Allocation Failure) 300565.937: [ParNew: 448991K->11584K(471872K), 0.0059901 secs] 1941316K->1504475K(4141888K), 0.0060853 secs] [Times: user=0.05 sys=0.00, real=0.00 secs] 
300570.020: [GC (Allocation Failure) 300570.020: [ParNew: 431040K->4275K(471872K), 0.0068687 secs] 1923931K->1500654K(4141888K), 0.0069510 secs] [Times: user=0.05 sys=0.00, real=0.01 secs] 
300574.902: [GC (Allocation Failure) 300574.902: [ParNew: 423731K->7413K(471872K), 0.0055876 secs] 1920110K->1503973K(4141888K), 0.0056810 secs] [Times: user=0.04 sys=0.00, real=0.01 secs] 
300576.616: [GC (Allocation Failure) 300576.616: [ParNew: 426689K->11400K(471872K), 0.0053124 secs] 1923249K->1508164K(4141888K), 0.0053999 secs] [Times: user=0.04 sys=0.00, real=0.00 secs] 
300577.007: [GC (Allocation Failure) 300577.007: [ParNew: 429755K->3454K(471872K), 0.0073980 secs] 1926519K->1507156K(4141888K), 0.0074839 secs] [Times: user=0.05 sys=0.00, real=0.01 secs] 
300577.481: [GC (Allocation Failure) 300577.481: [ParNew: 422525K->3045K(471872K), 0.0053512 secs] 1926228K->1507299K(4141888K), 0.0054354 secs] [Times: user=0.04 sys=0.00, real=0.01 secs] 
300578.881: [GC (Allocation Failure) 300578.882: [ParNew: 422501K->8151K(471872K), 0.0046509 secs] 1926755K->1512574K(4141888K), 0.0047297 secs] [Times: user=0.03 sys=0.00, real=0.01 secs] 
300582.152: [GC (Allocation Failure) 300582.152: [ParNew: 427607K->2365K(471872K), 0.0061962 secs] 1932030K->1509202K(4141888K), 0.0062718 secs] [Times: user=0.04 sys=0.00, real=0.01 secs] 
300584.479: [GC (Allocation Failure) 300584.479: [ParNew: 421821K->20062K(471872K), 0.0148683 secs] 1928658K->1527320K(4141888K), 0.0149636 secs] [Times: user=0.11 sys=0.00, real=0.02 secs] 
300589.532: [GC (Allocation Failure) 300589.532: [ParNew: 439425K->21145K(471872K), 0.0060997 secs] 1946683K->1528664K(4141888K), 0.0062136 secs] [Times: user=0.04 sys=0.00, real=0.01 secs] 
300592.931: [GC (Allocation Failure) 300592.931: [ParNew: 440601K->8179K(471872K), 0.0055108 secs] 1948120K->1516079K(4141888K), 0.0056268 secs] [Times: user=0.03 sys=0.00, real=0.01 secs] 
300594.898: [GC (Allocation Failure) 300594.898: [ParNew: 427635K->5338K(471872K), 0.0050502 secs] 1935535K->1513665K(4141888K), 0.0051268 secs] [Times: user=0.03 sys=0.01, real=0.00 secs] 
300600.042: [GC (Allocation Failure) 300600.042: [ParNew: 424794K->5219K(471872K), 0.0060809 secs] 1933121K->1515645K(4141888K), 0.0061715 secs] [Times: user=0.04 sys=0.00, real=0.01 secs] 
300603.892: [GC (Allocation Failure) 300603.892: [ParNew: 424675K->3902K(471872K), 0.0107826 secs] 1935101K->1514661K(4141888K), 0.0108754 secs] [Times: user=0.08 sys=0.00, real=0.01 secs] 
300607.024: [GC (Allocation Failure) 300607.024: [ParNew: 423088K->6294K(471872K), 0.0067372 secs] 1933848K->1517342K(4141888K), 0.0068177 secs] [Times: user=0.05 sys=0.00, real=0.00 secs] 
300610.027: [GC (Allocation Failure) 300610.027: [ParNew: 425750K->6144K(471872K), 0.0053618 secs] 1936798K->1517336K(4141888K), 0.0054493 secs] [Times: user=0.04 sys=0.00, real=0.00 secs] 
300613.135: [GC (Allocation Failure) 300613.135: [ParNew: 424746K->6956K(471872K), 0.0059421 secs] 1935938K->1518272K(4141888K), 0.0060257 secs] [Times: user=0.04 sys=0.00, real=0.00 secs] 
300616.282: [GC (Allocation Failure) 300616.282: [ParNew: 426412K->2878K(471872K), 0.0047617 secs] 1937728K->1514404K(4141888K), 0.0048352 secs] [Times: user=0.03 sys=0.00, real=0.01 secs] 
300619.880: [GC (Allocation Failure) 300619.880: [ParNew: 422334K->5440K(471872K), 0.0049555 secs] 1933860K->1517196K(4141888K), 0.0050295 secs] [Times: user=0.03 sys=0.00, real=0.01 secs] 
300621.074: [GC (Allocation Failure) 300621.074: [ParNew: 424896K->6921K(471872K), 0.0054834 secs] 1936652K->1518896K(4141888K), 0.0055646 secs] [Times: user=0.04 sys=0.00, real=0.00 secs] 
300622.328: [GC (Allocation Failure) 300622.328: [ParNew: 426377K->4121K(471872K), 0.0051815 secs] 1938352K->1516327K(4141888K), 0.0052661 secs] [Times: user=0.04 sys=0.00, real=0.00 secs] 
300624.994: [GC (Allocation Failure) 300624.994: [ParNew: 423577K->6609K(471872K), 0.0048268 secs] 1935783K->1519287K(4141888K), 0.0049104 secs] [Times: user=0.04 sys=0.01, real=0.01 secs] 
300628.595: [GC (Allocation Failure) 300628.595: [ParNew: 426065K->2039K(471872K), 0.0048312 secs] 1938743K->1514926K(4141888K), 0.0049072 secs] [Times: user=0.04 sys=0.00, real=0.00 secs] 
300630.944: [GC (Allocation Failure) 300630.944: [ParNew: 421495K->6722K(471872K), 0.0054656 secs] 1934382K->1520023K(4141888K), 0.0055507 secs] [Times: user=0.04 sys=0.00, real=0.01 secs] 
300632.946: [GC (Allocation Failure) 300632.946: [ParNew: 426178K->7427K(471872K), 0.0052664 secs] 1939479K->1521294K(4141888K), 0.0053573 secs] [Times: user=0.04 sys=0.00, real=0.00 secs] 
300635.455: [GC (Allocation Failure) 300635.455: [ParNew: 423389K->25516K(471872K), 0.0061064 secs] 1937256K->1539650K(4141888K), 0.0062169 secs] [Times: user=0.04 sys=0.00, real=0.00 secs] 
300637.647: [GC (Allocation Failure) 300637.647: [ParNew: 444699K->6947K(471872K), 0.0052657 secs] 1958834K->1521913K(4141888K), 0.0053591 secs] [Times: user=0.03 sys=0.00, real=0.00 secs] 
300639.507: [GC (Allocation Failure) 300639.507: [ParNew: 426403K->17769K(471872K), 0.0075998 secs] 1941369K->1532905K(4141888K), 0.0077072 secs] [Times: user=0.05 sys=0.00, real=0.01 secs] 
300641.666: [GC (Allocation Failure) 300641.666: [ParNew: 437225K->10138K(471872K), 0.0061818 secs] 1952361K->1527487K(4141888K), 0.0062690 secs] [Times: user=0.05 sys=0.00, real=0.00 secs] 
300643.910: [GC (Allocation Failure) 300643.910: [ParNew: 429594K->3682K(471872K), 0.0111950 secs] 1946943K->1521234K(4141888K), 0.0112741 secs] [Times: user=0.09 sys=0.00, real=0.01 secs] 
300645.819: [GC (Allocation Failure) 300645.819: [ParNew: 423138K->10055K(471872K), 0.0051991 secs] 1940690K->1527757K(4141888K), 0.0053064 secs] [Times: user=0.03 sys=0.00, real=0.01 secs] 
300646.653: [GC (Allocation Failure) 300646.653: [ParNew: 429181K->4382K(471872K), 0.0075006 secs] 1946883K->1524252K(4141888K), 0.0075818 secs] [Times: user=0.05 sys=0.00, real=0.01 secs] 
300647.573: [GC (Allocation Failure) 300647.573: [ParNew: 423625K->9947K(471872K), 0.0054071 secs] 1943495K->1529893K(4141888K), 0.0054957 secs] [Times: user=0.04 sys=0.00, real=0.01 secs] 
300648.158: [GC (Allocation Failure) 300648.158: [ParNew: 429403K->7502K(471872K), 0.0063580 secs] 1949349K->1529656K(4141888K), 0.0064354 secs] [Times: user=0.05 sys=0.00, real=0.01 secs] 
300649.865: [GC (Allocation Failure) 300649.865: [ParNew: 426473K->9599K(471872K), 0.0097870 secs] 1948627K->1531801K(4141888K), 0.0098673 secs] [Times: user=0.08 sys=0.00, real=0.01 secs] 
300651.636: [GC (Allocation Failure) 300651.636: [ParNew: 428620K->10085K(471872K), 0.0052771 secs] 1950823K->1533025K(4141888K), 0.0053737 secs] [Times: user=0.04 sys=0.00, real=0.00 secs] 
300652.747: [GC (Allocation Failure) 300652.747: [ParNew: 429541K->4557K(471872K), 0.0070675 secs] 1952481K->1529754K(4141888K), 0.0071595 secs] [Times: user=0.06 sys=0.00, real=0.01 secs] 
300655.322: [GC (Allocation Failure) 300655.322: [ParNew: 424013K->7095K(471872K), 0.0156145 secs] 1949210K->1532336K(4141888K), 0.0157031 secs] [Times: user=0.12 sys=0.00, real=0.02 secs] 
300656.956: [GC (Allocation Failure) 300656.956: [ParNew: 425937K->6649K(471872K), 0.0076182 secs] 1951178K->1534205K(4141888K), 0.0077227 secs] [Times: user=0.06 sys=0.00, real=0.01 secs] 
300658.698: [GC (Allocation Failure) 300658.698: [ParNew: 426105K->7081K(471872K), 0.0056906 secs] 1953661K->1534707K(4141888K), 0.0057845 secs] [Times: user=0.04 sys=0.00, real=0.00 secs] 
300660.107: [GC (Allocation Failure) 300660.107: [ParNew: 426537K->4218K(471872K), 0.0050935 secs] 1954163K->1532252K(4141888K), 0.0051675 secs] [Times: user=0.04 sys=0.01, real=0.00 secs] 
300662.140: [GC (Allocation Failure) 300662.140: [ParNew: 423674K->8872K(471872K), 0.0054538 secs] 1951708K->1536976K(4141888K), 0.0055524 secs] [Times: user=0.04 sys=0.00, real=0.01 secs] 
300667.607: [GC (Allocation Failure) 300667.607: [ParNew: 428328K->9681K(471872K), 0.0057544 secs] 1956432K->1538328K(4141888K), 0.0058478 secs] [Times: user=0.05 sys=0.00, real=0.00 secs] 
300669.964: [GC (Allocation Failure) 300669.964: [ParNew: 429137K->8380K(471872K), 0.0063741 secs] 1957784K->1537822K(4141888K), 0.0065270 secs] [Times: user=0.05 sys=0.00, real=0.00 secs] 
300672.699: [GC (Allocation Failure) 300672.699: [ParNew: 427836K->12442K(471872K), 0.0059185 secs] 1957278K->1542105K(4141888K), 0.0060306 secs] [Times: user=0.04 sys=0.00, real=0.01 secs] 
300676.124: [GC (Allocation Failure) 300676.125: [ParNew: 431898K->10303K(471872K), 0.0049900 secs] 1961561K->1540149K(4141888K), 0.0050734 secs] [Times: user=0.03 sys=0.00, real=0.00 secs] 
300678.866: [GC (Allocation Failure) 300678.866: [ParNew: 429759K->1950K(471872K), 0.0047220 secs] 1959605K->1531964K(4141888K), 0.0048246 secs] [Times: user=0.04 sys=0.00, real=0.00 secs] 
300682.217: [GC (Allocation Failure) 300682.217: [ParNew: 421406K->1831K(471872K), 0.0045982 secs] 1951420K->1531971K(4141888K), 0.0046751 secs] [Times: user=0.04 sys=0.00, real=0.00 secs] 
300683.840: [GC (Allocation Failure) 300683.840: [ParNew: 421181K->6698K(471872K), 0.0056149 secs] 1951321K->1537165K(4141888K), 0.0057145 secs] [Times: user=0.04 sys=0.00, real=0.01 secs] 
300685.269: [GC (Allocation Failure) 300685.270: [ParNew: 426154K->7999K(471872K), 0.0046804 secs] 1956621K->1538616K(4141888K), 0.0047547 secs] [Times: user=0.03 sys=0.00, real=0.01 secs] 
300688.583: [GC (Allocation Failure) 300688.583: [ParNew: 427130K->8435K(471872K), 0.0051454 secs] 1957748K->1539097K(4141888K), 0.0052468 secs] [Times: user=0.04 sys=0.00, real=0.01 secs] 
300689.843: [GC (Allocation Failure) 300689.843: [ParNew: 427891K->6864K(471872K), 0.0058265 secs] 1958553K->1538083K(4141888K), 0.0059266 secs] [Times: user=0.04 sys=0.01, real=0.01 secs] 
300690.910: [GC (Allocation Failure) 300690.910: [ParNew: 426320K->6981K(471872K), 0.0057173 secs] 1957539K->1538572K(4141888K), 0.0057983 secs] [Times: user=0.05 sys=0.00, real=0.01 secs] 
300692.325: [GC (Allocation Failure) 300692.325: [ParNew: 426437K->4690K(471872K), 0.0046533 secs] 1958028K->1536342K(4141888K), 0.0047362 secs] [Times: user=0.03 sys=0.00, real=0.00 secs] 
300693.978: [GC (Allocation Failure) 300693.978: [ParNew: 424107K->9151K(471872K), 0.0169661 secs] 1955760K->1541181K(4141888K), 0.0170546 secs] [Times: user=0.12 sys=0.00, real=0.02 secs] 
300695.113: [GC (Allocation Failure) 300695.113: [ParNew: 428607K->7085K(471872K), 0.0056383 secs] 1960637K->1539325K(4141888K), 0.0057148 secs] [Times: user=0.04 sys=0.00, real=0.01 secs] 
300695.629: [GC (Allocation Failure) 300695.629: [ParNew: 426541K->5263K(471872K), 0.0054678 secs] 1958781K->1537615K(4141888K), 0.0055537 secs] [Times: user=0.04 sys=0.00, real=0.01 secs] 
300697.492: [GC (Allocation Failure) 300697.492: [ParNew: 424719K->19810K(471872K), 0.0070500 secs] 1957071K->1552272K(4141888K), 0.0071811 secs] [Times: user=0.05 sys=0.00, real=0.01 secs] 
300699.353: [GC (Allocation Failure) 300699.354: [ParNew: 439086K->11251K(471872K), 0.0046796 secs] 1971549K->1543938K(4141888K), 0.0047662 secs] [Times: user=0.03 sys=0.00, real=0.01 secs] 
300700.398: [GC (Allocation Failure) 300700.398: [ParNew: 429351K->22354K(471872K), 0.0082281 secs] 1962038K->1557159K(4141888K), 0.0083352 secs] [Times: user=0.07 sys=0.00, real=0.01 secs] 
300701.068: [GC (Allocation Failure) 300701.068: [ParNew: 441810K->9887K(471872K), 0.0165456 secs] 1976615K->1544777K(4141888K), 0.0166316 secs] [Times: user=0.12 sys=0.01, real=0.02 secs] 
300701.715: [GC (Allocation Failure) 300701.715: [ParNew: 429343K->5453K(471872K), 0.0310774 secs] 1964233K->1542436K(4141888K), 0.0311609 secs] [Times: user=0.25 sys=0.00, real=0.03 secs] 
300704.770: [GC (Allocation Failure) 300704.770: [ParNew: 424909K->2750K(471872K), 0.0627547 secs] 1961892K->1539770K(4141888K), 0.0628486 secs] [Times: user=0.49 sys=0.01, real=0.06 secs] 
300706.413: [GC (Allocation Failure) 300706.413: [ParNew: 422206K->17835K(471872K), 0.0563130 secs] 1959226K->1554969K(4141888K), 0.0564118 secs] [Times: user=0.44 sys=0.00, real=0.06 secs] 
300708.803: [GC (Allocation Failure) 300708.804: [ParNew: 436860K->4571K(471872K), 0.0084137 secs] 1973993K->1541879K(4141888K), 0.0084930 secs] [Times: user=0.05 sys=0.00, real=0.01 secs] 
300710.942: [GC (Allocation Failure) 300710.942: [ParNew: 424027K->5272K(471872K), 0.0087821 secs] 1961335K->1542814K(4141888K), 0.0088678 secs] [Times: user=0.04 sys=0.00, real=0.01 secs] 
300712.862: [GC (Allocation Failure) 300712.862: [ParNew: 424485K->6352K(471872K), 0.0065968 secs] 1962027K->1544464K(4141888K), 0.0066938 secs] [Times: user=0.05 sys=0.00, real=0.01 secs] 
300715.390: [GC (Allocation Failure) 300715.390: [ParNew: 425808K->18270K(471872K), 0.0098309 secs] 1963920K->1558697K(4141888K), 0.0099527 secs] [Times: user=0.07 sys=0.00, real=0.01 secs] 
300718.634: [GC (Allocation Failure) 300718.634: [ParNew: 437352K->11690K(471872K), 0.0107821 secs] 1977779K->1553201K(4141888K), 0.0108892 secs] [Times: user=0.07 sys=0.00, real=0.01 secs] 
300720.926: [GC (Allocation Failure) 300720.926: [ParNew: 431146K->2532K(471872K), 0.0111170 secs] 1972657K->1546279K(4141888K), 0.0111925 secs] [Times: user=0.06 sys=0.00, real=0.01 secs] 
300724.787: [GC (Allocation Failure) 300724.787: [ParNew: 421988K->3329K(471872K), 0.0077516 secs] 1965735K->1547207K(4141888K), 0.0078260 secs] [Times: user=0.05 sys=0.00, real=0.01 secs] 
300729.635: [GC (Allocation Failure) 300729.635: [ParNew: 422785K->6982K(471872K), 0.0072077 secs] 1966663K->1551061K(4141888K), 0.0073123 secs] [Times: user=0.05 sys=0.00, real=0.00 secs] 
300734.612: [GC (Allocation Failure) 300734.612: [ParNew: 425403K->9723K(471872K), 0.0058300 secs] 1969481K->1554539K(4141888K), 0.0059266 secs] [Times: user=0.05 sys=0.00, real=0.01 secs] 
300736.882: [GC (Allocation Failure) 300736.882: [ParNew: 429179K->9086K(471872K), 0.0055501 secs] 1973995K->1554110K(4141888K), 0.0056528 secs] [Times: user=0.04 sys=0.00, real=0.01 secs] 
300738.712: [GC (Allocation Failure) 300738.712: [ParNew: 428542K->3438K(471872K), 0.0052230 secs] 1973566K->1548553K(4141888K), 0.0053077 secs] [Times: user=0.04 sys=0.00, real=0.01 secs] 
300741.600: [GC (Allocation Failure) 300741.600: [ParNew: 422327K->9723K(471872K), 0.0055581 secs] 1967442K->1555404K(4141888K), 0.0056549 secs] [Times: user=0.04 sys=0.00, real=0.01 secs] 
300745.449: [GC (Allocation Failure) 300745.449: [ParNew: 429179K->4129K(471872K), 0.0053629 secs] 1974860K->1549946K(4141888K), 0.0054495 secs] [Times: user=0.04 sys=0.00, real=0.01 secs] 
300747.887: [GC (Allocation Failure) 300747.887: [ParNew: 423585K->3524K(471872K), 0.0049945 secs] 1969402K->1549536K(4141888K), 0.0050756 secs] [Times: user=0.03 sys=0.00, real=0.00 secs] 
300754.902: [GC (Allocation Failure) 300754.902: [ParNew: 422980K->2625K(471872K), 0.0049105 secs] 1968992K->1548816K(4141888K), 0.0049848 secs] [Times: user=0.04 sys=0.00, real=0.01 secs] 
300758.491: [GC (Allocation Failure) 300758.491: [ParNew: 421568K->22891K(471872K), 0.0063410 secs] 1967759K->1569682K(4141888K), 0.0064479 secs] [Times: user=0.04 sys=0.00, real=0.01 secs] 
300759.641: [GC (Allocation Failure) 300759.641: [ParNew: 442347K->6725K(471872K), 0.0049809 secs] 1989138K->1554023K(4141888K), 0.0050601 secs] [Times: user=0.04 sys=0.01, real=0.01 secs] 
300761.048: [GC (Allocation Failure) 300761.048: [ParNew: 426181K->3811K(471872K), 0.0070375 secs] 1973479K->1553207K(4141888K), 0.0071216 secs] [Times: user=0.05 sys=0.00, real=0.01 secs] 
300761.583: [GC (Allocation Failure) 300761.583: [ParNew: 423267K->4877K(471872K), 0.0049565 secs] 1972663K->1555291K(4141888K), 0.0050289 secs] [Times: user=0.03 sys=0.00, real=0.01 secs] 
300763.637: [GC (Allocation Failure) 300763.637: [ParNew: 424070K->4231K(471872K), 0.0066047 secs] 1974485K->1556792K(4141888K), 0.0066911 secs] [Times: user=0.05 sys=0.00, real=0.01 secs] 
300764.522: [GC (Allocation Failure) 300764.522: [ParNew: 423687K->3753K(471872K), 0.0104973 secs] 1976248K->1556446K(4141888K), 0.0106096 secs] [Times: user=0.08 sys=0.01, real=0.01 secs] 
300765.119: [GC (Allocation Failure) 300765.119: [ParNew: 423209K->4411K(471872K), 0.0046732 secs] 1975902K->1557202K(4141888K), 0.0047455 secs] [Times: user=0.04 sys=0.00, real=0.00 secs] 
300767.463: [GC (Allocation Failure) 300767.463: [ParNew: 423867K->22773K(471872K), 0.0064393 secs] 1976658K->1575639K(4141888K), 0.0065360 secs] [Times: user=0.05 sys=0.00, real=0.01 secs] 
300770.858: [GC (Allocation Failure) 300770.858: [ParNew: 442229K->11255K(471872K), 0.0052977 secs] 1995095K->1564709K(4141888K), 0.0053804 secs] [Times: user=0.03 sys=0.01, real=0.01 secs] 
300774.893: [GC (Allocation Failure) 300774.894: [ParNew: 430710K->10231K(471872K), 0.0051877 secs] 1984165K->1563956K(4141888K), 0.0052858 secs] [Times: user=0.04 sys=0.00, real=0.01 secs] 
300779.638: [GC (Allocation Failure) 300779.638: [ParNew: 428378K->12188K(471872K), 0.0054453 secs] 1982103K->1566104K(4141888K), 0.0055417 secs] [Times: user=0.04 sys=0.00, real=0.00 secs] 
300782.722: [GC (Allocation Failure) 300782.722: [ParNew: 431644K->2766K(471872K), 0.0079268 secs] 1985560K->1559078K(4141888K), 0.0080054 secs] [Times: user=0.05 sys=0.00, real=0.01 secs] 
300787.056: [GC (Allocation Failure) 300787.056: [ParNew: 422222K->11619K(471872K), 0.0062818 secs] 1978534K->1568372K(4141888K), 0.0063741 secs] [Times: user=0.05 sys=0.00, real=0.00 secs] 
300789.931: [GC (Allocation Failure) 300789.931: [ParNew: 431075K->5516K(471872K), 0.0053763 secs] 1987828K->1562584K(4141888K), 0.0054584 secs] [Times: user=0.04 sys=0.00, real=0.01 secs] 
300793.696: [GC (Allocation Failure) 300793.696: [ParNew: 424972K->2733K(471872K), 0.0049424 secs] 1982040K->1560083K(4141888K), 0.0050151 secs] [Times: user=0.04 sys=0.00, real=0.00 secs] 
300797.041: [GC (Allocation Failure) 300797.041: [ParNew: 421996K->3464K(471872K), 0.0052647 secs] 1979346K->1560990K(4141888K), 0.0053956 secs] [Times: user=0.04 sys=0.00, real=0.01 secs] 
300800.826: [GC (Allocation Failure) 300800.826: [ParNew: 422920K->2331K(471872K), 0.0048493 secs] 1980446K->1560071K(4141888K), 0.0049227 secs] [Times: user=0.04 sys=0.00, real=0.00 secs] 
300804.580: [GC (Allocation Failure) 300804.580: [ParNew: 421787K->9713K(471872K), 0.0054782 secs] 1979527K->1567638K(4141888K), 0.0055736 secs] [Times: user=0.04 sys=0.00, real=0.01 secs] 
300809.185: [GC (Allocation Failure) 300809.185: [ParNew: 429169K->4173K(471872K), 0.0052620 secs] 1987094K->1562427K(4141888K), 0.0053392 secs] [Times: user=0.04 sys=0.00, real=0.00 secs] 
300814.034: [GC (Allocation Failure) 300814.034: [ParNew: 423629K->3419K(471872K), 0.0049792 secs] 1981883K->1562000K(4141888K), 0.0050565 secs] [Times: user=0.03 sys=0.00, real=0.00 secs] 
300818.527: [GC (Allocation Failure) 300818.527: [ParNew: 422875K->4424K(471872K), 0.0051172 secs] 1981456K->1563237K(4141888K), 0.0051919 secs] [Times: user=0.03 sys=0.00, real=0.00 secs] 
300822.457: [GC (Allocation Failure) 300822.457: [ParNew: 423880K->22385K(471872K), 0.0071294 secs] 1982693K->1581796K(4141888K), 0.0072344 secs] [Times: user=0.05 sys=0.00, real=0.01 secs] 
300827.943: [GC (Allocation Failure) 300827.943: [ParNew: 441841K->6024K(471872K), 0.0057627 secs] 2001252K->1567615K(4141888K), 0.0058420 secs] [Times: user=0.05 sys=0.00, real=0.01 secs] 
300831.419: [GC (Allocation Failure) 300831.419: [ParNew: 424519K->26564K(471872K), 0.0065261 secs] 1986110K->1589033K(4141888K), 0.0066270 secs] [Times: user=0.05 sys=0.00, real=0.01 secs] 
300833.644: [GC (Allocation Failure) 300833.644: [ParNew: 445983K->6525K(471872K), 0.0051377 secs] 2008453K->1569474K(4141888K), 0.0052163 secs] [Times: user=0.04 sys=0.00, real=0.00 secs] 
300836.640: [GC (Allocation Failure) 300836.640: [ParNew: 425981K->2828K(471872K), 0.0059076 secs] 1988930K->1567958K(4141888K), 0.0059834 secs] [Times: user=0.04 sys=0.00, real=0.01 secs] 
300838.834: [GC (Allocation Failure) 300838.834: [ParNew: 421993K->9502K(471872K), 0.0048581 secs] 1987123K->1574763K(4141888K), 0.0049464 secs] [Times: user=0.03 sys=0.00, real=0.01 secs] 
300842.580: [GC (Allocation Failure) 300842.580: [ParNew: 428958K->9319K(471872K), 0.0064201 secs] 1994219K->1576797K(4141888K), 0.0065076 secs] [Times: user=0.05 sys=0.00, real=0.01 secs] 
300845.853: [GC (Allocation Failure) 300845.853: [ParNew: 428715K->9105K(471872K), 0.0054071 secs] 1996193K->1576719K(4141888K), 0.0054923 secs] [Times: user=0.04 sys=0.00, real=0.01 secs] 
300849.621: [GC (Allocation Failure) 300849.621: [ParNew: 428406K->3113K(471872K), 0.0054960 secs] 1996020K->1571015K(4141888K), 0.0056079 secs] [Times: user=0.04 sys=0.00, real=0.01 secs] 
300851.609: [GC (Allocation Failure) 300851.609: [ParNew: 422569K->12492K(471872K), 0.0059097 secs] 1990471K->1580597K(4141888K), 0.0060114 secs] [Times: user=0.04 sys=0.00, real=0.01 secs] 
300856.634: [GC (Allocation Failure) 300856.634: [ParNew: 431948K->7116K(471872K), 0.0054134 secs] 2000053K->1575717K(4141888K), 0.0055108 secs] [Times: user=0.04 sys=0.00, real=0.00 secs] 
300860.607: [GC (Allocation Failure) 300860.607: [ParNew: 426572K->3618K(471872K), 0.0054079 secs] 1995173K->1572615K(4141888K), 0.0054977 secs] [Times: user=0.04 sys=0.00, real=0.00 secs] 
300866.886: [GC (Allocation Failure) 300866.886: [ParNew: 423069K->4335K(471872K), 0.0065794 secs] 1992066K->1573461K(4141888K), 0.0066803 secs] [Times: user=0.05 sys=0.00, real=0.00 secs] 
300869.618: [GC (Allocation Failure) 300869.618: [ParNew: 423767K->9577K(471872K), 0.0056904 secs] 1992893K->1579259K(4141888K), 0.0057851 secs] [Times: user=0.04 sys=0.00, real=0.01 secs] 
300872.005: [GC (Allocation Failure) 300872.005: [ParNew: 428894K->3904K(471872K), 0.0049305 secs] 1998577K->1573737K(4141888K), 0.0050012 secs] [Times: user=0.04 sys=0.00, real=0.00 secs] 
300874.516: [GC (Allocation Failure) 300874.516: [ParNew: 423312K->4176K(471872K), 0.0050741 secs] 1993146K->1574220K(4141888K), 0.0051421 secs] [Times: user=0.04 sys=0.00, real=0.00 secs] 
300875.860: [GC (Allocation Failure) 300875.860: [ParNew: 422899K->5898K(471872K), 0.0050872 secs] 1992944K->1576121K(4141888K), 0.0051638 secs] [Times: user=0.04 sys=0.00, real=0.01 secs] 
300877.543: [GC (Allocation Failure) 300877.543: [ParNew: 425354K->5847K(471872K), 0.0053101 secs] 1995577K->1576286K(4141888K), 0.0053861 secs] [Times: user=0.04 sys=0.00, real=0.01 secs] 
300878.045: [GC (Allocation Failure) 300878.045: [ParNew: 425070K->5219K(471872K), 0.0051115 secs] 1995508K->1575960K(4141888K), 0.0051866 secs] [Times: user=0.04 sys=0.00, real=0.00 secs] 
300879.153: [GC (Allocation Failure) 300879.153: [ParNew: 424675K->3857K(471872K), 0.0063242 secs] 1995416K->1575512K(4141888K), 0.0064013 secs] [Times: user=0.03 sys=0.00, real=0.01 secs] 
300880.123: [GC (Allocation Failure) 300880.123: [ParNew: 423313K->5257K(471872K), 0.0050940 secs] 1994968K->1577352K(4141888K), 0.0051823 secs] [Times: user=0.04 sys=0.00, real=0.01 secs] 
300882.031: [GC (Allocation Failure) 300882.031: [ParNew: 424471K->9112K(471872K), 0.0051066 secs] 1996567K->1581410K(4141888K), 0.0051890 secs] [Times: user=0.04 sys=0.00, real=0.01 secs] 
300882.690: [GC (Allocation Failure) 300882.690: [ParNew: 428568K->13429K(471872K), 0.0068425 secs] 2000866K->1588474K(4141888K), 0.0069437 secs] [Times: user=0.05 sys=0.00, real=0.01 secs] 
300887.635: [GC (Allocation Failure) 300887.635: [ParNew: 432807K->14684K(471872K), 0.0062808 secs] 2007852K->1589758K(4141888K), 0.0063803 secs] [Times: user=0.05 sys=0.00, real=0.00 secs] 
300892.589: [GC (Allocation Failure) 300892.589: [ParNew: 434140K->20170K(471872K), 0.0081296 secs] 2009214K->1596145K(4141888K), 0.0082381 secs] [Times: user=0.06 sys=0.00, real=0.01 secs] 
300896.882: [GC (Allocation Failure) 300896.882: [ParNew: 439212K->11341K(471872K), 0.0058136 secs] 2015187K->1587540K(4141888K), 0.0059067 secs] [Times: user=0.04 sys=0.00, real=0.01 secs] 
300900.924: [GC (Allocation Failure) 300900.924: [ParNew: 430797K->6488K(471872K), 0.0068966 secs] 2006996K->1582859K(4141888K), 0.0069894 secs] [Times: user=0.04 sys=0.00, real=0.01 secs] 
300903.624: [GC (Allocation Failure) 300903.624: [ParNew: 425266K->10151K(471872K), 0.0062405 secs] 2001637K->1588852K(4141888K), 0.0063304 secs] [Times: user=0.05 sys=0.00, real=0.00 secs] 
300910.724: [GC (Allocation Failure) 300910.724: [ParNew: 429606K->8594K(471872K), 0.0055516 secs] 2008307K->1587769K(4141888K), 0.0056435 secs] [Times: user=0.04 sys=0.00, real=0.00 secs] 
300911.208: [GC (Allocation Failure) 300911.209: [ParNew: 427716K->3502K(471872K), 0.0062213 secs] 2006891K->1588170K(4141888K), 0.0063106 secs] [Times: user=0.05 sys=0.01, real=0.01 secs] 
300911.660: [GC (Allocation Failure) 300911.660: [ParNew: 422958K->8903K(471872K), 0.0057275 secs] 2007626K->1593669K(4141888K), 0.0058116 secs] [Times: user=0.04 sys=0.00, real=0.01 secs] 
300914.950: [GC (Allocation Failure) 300914.950: [ParNew: 428359K->4132K(471872K), 0.0049716 secs] 2013125K->1588937K(4141888K), 0.0050876 secs] [Times: user=0.04 sys=0.00, real=0.01 secs] 
300923.594: [GC (Allocation Failure) 300923.594: [ParNew: 423588K->9794K(471872K), 0.0056369 secs] 2008393K->1594724K(4141888K), 0.0057266 secs] [Times: user=0.05 sys=0.00, real=0.00 secs] 
300930.025: [GC (Allocation Failure) 300930.025: [ParNew: 429250K->3087K(471872K), 0.0052725 secs] 2014180K->1589260K(4141888K), 0.0053491 secs] [Times: user=0.04 sys=0.00, real=0.00 secs] 
300938.480: [GC (Allocation Failure) 300938.480: [ParNew: 422543K->1964K(471872K), 0.0052632 secs] 2008716K->1588461K(4141888K), 0.0053736 secs] [Times: user=0.03 sys=0.00, real=0.01 secs] 
300942.436: [GC (Allocation Failure) 300942.436: [ParNew: 421420K->23169K(471872K), 0.0073475 secs] 2007917K->1610202K(4141888K), 0.0074681 secs] [Times: user=0.05 sys=0.00, real=0.00 secs] 
300950.461: [GC (Allocation Failure) 300950.461: [ParNew: 441680K->23920K(471872K), 0.0063689 secs] 2028714K->1611185K(4141888K), 0.0064860 secs] [Times: user=0.05 sys=0.00, real=0.01 secs] 
300954.898: [GC (Allocation Failure) 300954.898: [ParNew: 443275K->11673K(471872K), 0.0052956 secs] 2030540K->1599303K(4141888K), 0.0053948 secs] [Times: user=0.04 sys=0.00, real=0.00 secs] 
300959.863: [GC (Allocation Failure) 300959.863: [ParNew: 430963K->8881K(471872K), 0.0052906 secs] 2018593K->1596782K(4141888K), 0.0053779 secs] [Times: user=0.04 sys=0.00, real=0.01 secs] 
300966.700: [GC (Allocation Failure) 300966.700: [ParNew: 428337K->1960K(471872K), 0.0057788 secs] 2016238K->1592279K(4141888K), 0.0058654 secs] [Times: user=0.04 sys=0.00, real=0.01 secs] 
300985.520: [GC (Allocation Failure) 300985.520: [ParNew: 421416K->3276K(471872K), 0.0056757 secs] 2011735K->1593846K(4141888K), 0.0057627 secs] [Times: user=0.04 sys=0.00, real=0.01 secs] 
300995.737: [GC (Allocation Failure) 300995.737: [ParNew: 422732K->2300K(471872K), 0.0053110 secs] 2013302K->1594444K(4141888K), 0.0053881 secs] [Times: user=0.04 sys=0.00, real=0.00 secs] 
301001.602: [GC (Allocation Failure) 301001.602: [ParNew: 421756K->3580K(471872K), 0.0053376 secs] 2013900K->1596207K(4141888K), 0.0054200 secs] [Times: user=0.03 sys=0.00, real=0.01 secs] 
301003.569: [GC (Allocation Failure) 301003.569: [ParNew: 423036K->3312K(471872K), 0.0052084 secs] 2015663K->1596373K(4141888K), 0.0052846 secs] [Times: user=0.04 sys=0.00, real=0.01 secs] 
301007.982: [GC (Allocation Failure) 301007.982: [ParNew: 422768K->3520K(471872K), 0.0050011 secs] 2015829K->1596686K(4141888K), 0.0050896 secs] [Times: user=0.04 sys=0.00, real=0.01 secs] 
301013.388: [GC (Allocation Failure) 301013.388: [ParNew: 422976K->22083K(471872K), 0.0060396 secs] 2016142K->1615507K(4141888K), 0.0061381 secs] [Times: user=0.05 sys=0.00, real=0.01 secs] 
301018.361: [GC (Allocation Failure) 301018.361: [ParNew: 441514K->4379K(471872K), 0.0051213 secs] 2034938K->1598552K(4141888K), 0.0052056 secs] [Times: user=0.04 sys=0.00, real=0.01 secs] 
301023.416: [GC (Allocation Failure) 301023.416: [ParNew: 423824K->4540K(471872K), 0.0053589 secs] 2017998K->1598925K(4141888K), 0.0054463 secs] [Times: user=0.04 sys=0.00, real=0.00 secs] 
301033.180: [GC (Allocation Failure) 301033.180: [ParNew: 423996K->1911K(471872K), 0.0058991 secs] 2018381K->1598848K(4141888K), 0.0059895 secs] [Times: user=0.04 sys=0.00, real=0.01 secs] 
301051.467: [GC (Allocation Failure) 301051.467: [ParNew: 421367K->3143K(471872K), 0.0053298 secs] 2018304K->1600671K(4141888K), 0.0054043 secs] [Times: user=0.04 sys=0.00, real=0.00 secs] 
301056.267: [GC (Allocation Failure) 301056.267: [ParNew: 422599K->3793K(471872K), 0.0056000 secs] 2020127K->1602618K(4141888K), 0.0056757 secs] [Times: user=0.03 sys=0.00, real=0.00 secs] 
301059.521: [GC (Allocation Failure) 301059.521: [ParNew: 423249K->3896K(471872K), 0.0050710 secs] 2022074K->1602981K(4141888K), 0.0051530 secs] [Times: user=0.04 sys=0.00, real=0.01 secs] 
301063.258: [GC (Allocation Failure) 301063.258: [ParNew: 423300K->8306K(471872K), 0.0054457 secs] 2022385K->1607588K(4141888K), 0.0055343 secs] [Times: user=0.04 sys=0.00, real=0.00 secs] 
301066.449: [GC (Allocation Failure) 301066.449: [ParNew: 426934K->9341K(471872K), 0.0058044 secs] 2026216K->1608822K(4141888K), 0.0059035 secs] [Times: user=0.05 sys=0.00, real=0.01 secs] 
301068.539: [GC (Allocation Failure) 301068.539: [ParNew: 428797K->6922K(471872K), 0.0069813 secs] 2028278K->1606999K(4141888K), 0.0070866 secs] [Times: user=0.04 sys=0.01, real=0.01 secs] 
301071.459: [GC (Allocation Failure) 301071.459: [ParNew: 426378K->6270K(471872K), 0.0060256 secs] 2026455K->1608861K(4141888K), 0.0061132 secs] [Times: user=0.04 sys=0.00, real=0.01 secs] 
301073.604: [GC (Allocation Failure) 301073.604: [ParNew: 425726K->9076K(471872K), 0.0060073 secs] 2028317K->1612176K(4141888K), 0.0060933 secs] [Times: user=0.05 sys=0.01, real=0.00 secs] 
301075.015: [GC (Allocation Failure) 301075.015: [ParNew: 428532K->6091K(471872K), 0.0051136 secs] 2031632K->1609374K(4141888K), 0.0051908 secs] [Times: user=0.04 sys=0.00, real=0.00 secs] 
301076.434: [GC (Allocation Failure) 301076.434: [ParNew: 425547K->7313K(471872K), 0.0050738 secs] 2028830K->1610812K(4141888K), 0.0051607 secs] [Times: user=0.04 sys=0.00, real=0.00 secs] 
301077.850: [GC (Allocation Failure) 301077.850: [ParNew: 426769K->8095K(471872K), 0.0054829 secs] 2030268K->1611752K(4141888K), 0.0055711 secs] [Times: user=0.04 sys=0.00, real=0.01 secs] 
301080.421: [GC (Allocation Failure) 301080.421: [ParNew: 427551K->3979K(471872K), 0.0056199 secs] 2031208K->1609776K(4141888K), 0.0056957 secs] [Times: user=0.04 sys=0.00, real=0.01 secs] 
301081.666: [GC (Allocation Failure) 301081.666: [ParNew: 423435K->5694K(471872K), 0.0051184 secs] 2029232K->1611714K(4141888K), 0.0051936 secs] [Times: user=0.04 sys=0.00, real=0.00 secs] 
301085.145: [GC (Allocation Failure) 301085.145: [ParNew: 425150K->1717K(471872K), 0.0056672 secs] 2031170K->1609882K(4141888K), 0.0057441 secs] [Times: user=0.05 sys=0.00, real=0.00 secs] 
301086.746: [GC (Allocation Failure) 301086.746: [ParNew: 421173K->5755K(471872K), 0.0058526 secs] 2029338K->1614285K(4141888K), 0.0059488 secs] [Times: user=0.04 sys=0.00, real=0.00 secs] 
301088.564: [GC (Allocation Failure) 301088.564: [ParNew: 425211K->5857K(471872K), 0.0054938 secs] 2033741K->1614460K(4141888K), 0.0055710 secs] [Times: user=0.04 sys=0.00, real=0.00 secs] 
301090.577: [GC (Allocation Failure) 301090.577: [ParNew: 425313K->5284K(471872K), 0.0054460 secs] 2033916K->1614011K(4141888K), 0.0055369 secs] [Times: user=0.04 sys=0.01, real=0.00 secs] 
301093.548: [GC (Allocation Failure) 301093.548: [ParNew: 424740K->8192K(471872K), 0.0049777 secs] 2033467K->1617340K(4141888K), 0.0050661 secs] [Times: user=0.03 sys=0.00, real=0.00 secs] 
301094.250: [GC (Allocation Failure) 301094.250: [ParNew: 427648K->7320K(471872K), 0.0055561 secs] 2036796K->1616647K(4141888K), 0.0056414 secs] [Times: user=0.04 sys=0.00, real=0.01 secs] 
301096.842: [GC (Allocation Failure) 301096.843: [ParNew: 426776K->7992K(471872K), 0.0051595 secs] 2036103K->1617389K(4141888K), 0.0052517 secs] [Times: user=0.04 sys=0.00, real=0.01 secs] 
301099.589: [GC (Allocation Failure) 301099.589: [ParNew: 427448K->3543K(471872K), 0.0052825 secs] 2036845K->1613158K(4141888K), 0.0053573 secs] [Times: user=0.03 sys=0.00, real=0.01 secs] 
301100.607: [GC (Allocation Failure) 301100.607: [ParNew: 422999K->8665K(471872K), 0.0057943 secs] 2032614K->1618667K(4141888K), 0.0058863 secs] [Times: user=0.04 sys=0.00, real=0.00 secs] 
301101.938: [GC (Allocation Failure) 301101.938: [ParNew: 428121K->6603K(471872K), 0.0051810 secs] 2038123K->1616718K(4141888K), 0.0052677 secs] [Times: user=0.04 sys=0.00, real=0.00 secs] 
301102.776: [GC (Allocation Failure) 301102.776: [ParNew: 426059K->4578K(471872K), 0.0049698 secs] 2036174K->1614794K(4141888K), 0.0050561 secs] [Times: user=0.04 sys=0.00, real=0.00 secs] 
301103.841: [GC (Allocation Failure) 301103.841: [ParNew: 424034K->1683K(471872K), 0.0049942 secs] 2034250K->1611965K(4141888K), 0.0050719 secs] [Times: user=0.04 sys=0.01, real=0.01 secs] 
301106.252: [GC (Allocation Failure) 301106.252: [ParNew: 421139K->4812K(471872K), 0.0051322 secs] 2031421K->1615410K(4141888K), 0.0052068 secs] [Times: user=0.03 sys=0.01, real=0.01 secs] 
301109.602: [GC (Allocation Failure) 301109.602: [ParNew: 424268K->4627K(471872K), 0.0049739 secs] 2034866K->1615401K(4141888K), 0.0050512 secs] [Times: user=0.04 sys=0.00, real=0.01 secs] 
301123.519: [GC (Allocation Failure) 301123.519: [ParNew: 424083K->25121K(471872K), 0.0072074 secs] 2034857K->1636002K(4141888K), 0.0073135 secs] [Times: user=0.06 sys=0.00, real=0.01 secs] 
301134.527: [GC (Allocation Failure) 301134.527: [ParNew: 444577K->24182K(471872K), 0.0075256 secs] 2055458K->1636372K(4141888K), 0.0076404 secs] [Times: user=0.05 sys=0.00, real=0.01 secs] 
301142.505: [GC (Allocation Failure) 301142.505: [ParNew: 443638K->8429K(471872K), 0.0052695 secs] 2055828K->1620978K(4141888K), 0.0053527 secs] [Times: user=0.03 sys=0.01, real=0.00 secs] 
301154.122: [GC (Allocation Failure) 301154.122: [ParNew: 427885K->3228K(471872K), 0.0071952 secs] 2040434K->1618063K(4141888K), 0.0072791 secs] [Times: user=0.04 sys=0.00, real=0.01 secs] 
301159.134: [GC (Allocation Failure) 301159.134: [ParNew: 422684K->1684K(471872K), 0.0084786 secs] 2037519K->1617508K(4141888K), 0.0085734 secs] [Times: user=0.04 sys=0.00, real=0.00 secs] 
301163.665: [GC (Allocation Failure) 301163.665: [ParNew: 421140K->1724K(471872K), 0.0065012 secs] 2036964K->1617831K(4141888K), 0.0065758 secs] [Times: user=0.04 sys=0.01, real=0.00 secs] 
301166.582: [GC (Allocation Failure) 301166.582: [ParNew: 421078K->1566K(471872K), 0.0052249 secs] 2037185K->1618061K(4141888K), 0.0052994 secs] [Times: user=0.03 sys=0.01, real=0.01 secs] 
301175.094: [GC (Allocation Failure) 301175.095: [ParNew: 421022K->2004K(471872K), 0.0051801 secs] 2037517K->1618911K(4141888K), 0.0052718 secs] [Times: user=0.04 sys=0.00, real=0.00 secs] 
301181.688: [GC (Allocation Failure) 301181.688: [ParNew: 421325K->2063K(471872K), 0.0052754 secs] 2038231K->1619471K(4141888K), 0.0053498 secs] [Times: user=0.04 sys=0.01, real=0.00 secs] 
301185.442: [GC (Allocation Failure) 301185.442: [ParNew: 421012K->23065K(471872K), 0.0064458 secs] 2038420K->1640876K(4141888K), 0.0065456 secs] [Times: user=0.05 sys=0.00, real=0.01 secs] 
301193.572: [GC (Allocation Failure) 301193.572: [ParNew: 442521K->5434K(471872K), 0.0060979 secs] 2060332K->1623362K(4141888K), 0.0061896 secs] [Times: user=0.05 sys=0.00, real=0.01 secs] 
301199.524: [GC (Allocation Failure) 301199.525: [ParNew: 424890K->15022K(471872K), 0.0078398 secs] 2042818K->1633688K(4141888K), 0.0079498 secs] [Times: user=0.06 sys=0.00, real=0.00 secs] 
301233.204: [GC (Allocation Failure) 301233.204: [ParNew: 434478K->9793K(471872K), 0.0054159 secs] 2053144K->1628995K(4141888K), 0.0055138 secs] [Times: user=0.04 sys=0.00, real=0.00 secs] 
301244.496: [GC (Allocation Failure) 301244.496: [ParNew: 429151K->5178K(471872K), 0.0066728 secs] 2048352K->1627988K(4141888K), 0.0067611 secs] [Times: user=0.05 sys=0.01, real=0.00 secs] 
301246.251: [GC (Allocation Failure) 301246.251: [ParNew: 424634K->6823K(471872K), 0.0056790 secs] 2047444K->1630395K(4141888K), 0.0057630 secs] [Times: user=0.04 sys=0.00, real=0.01 secs] 
301247.287: [GC (Allocation Failure) 301247.287: [ParNew: 426279K->6875K(471872K), 0.0057170 secs] 2049851K->1630987K(4141888K), 0.0058165 secs] [Times: user=0.04 sys=0.00, real=0.00 secs] 
301250.245: [GC (Allocation Failure) 301250.245: [ParNew: 426331K->7833K(471872K), 0.0052257 secs] 2050443K->1632101K(4141888K), 0.0053249 secs] [Times: user=0.04 sys=0.00, real=0.00 secs] 
301253.376: [GC (Allocation Failure) 301253.376: [ParNew: 427289K->4752K(471872K), 0.0062477 secs] 2051557K->1631861K(4141888K), 0.0063348 secs] [Times: user=0.04 sys=0.00, real=0.00 secs] 
301258.216: [GC (Allocation Failure) 301258.216: [ParNew: 424208K->6894K(471872K), 0.0048292 secs] 2051317K->1634302K(4141888K), 0.0049090 secs] [Times: user=0.04 sys=0.00, real=0.00 secs] 
301260.387: [GC (Allocation Failure) 301260.387: [ParNew: 426350K->19033K(471872K), 0.0057323 secs] 2053758K->1647211K(4141888K), 0.0058399 secs] [Times: user=0.04 sys=0.01, real=0.00 secs] 
301264.267: [GC (Allocation Failure) 301264.267: [ParNew: 438489K->6865K(471872K), 0.0064186 secs] 2066667K->1635142K(4141888K), 0.0065064 secs] [Times: user=0.05 sys=0.00, real=0.00 secs] 
301269.229: [GC (Allocation Failure) 301269.229: [ParNew: 426321K->5491K(471872K), 0.0053647 secs] 2054598K->1633926K(4141888K), 0.0054520 secs] [Times: user=0.04 sys=0.00, real=0.01 secs] 
301272.588: [GC (Allocation Failure) 301272.588: [ParNew: 424947K->2777K(471872K), 0.0059404 secs] 2053382K->1634054K(4141888K), 0.0060152 secs] [Times: user=0.05 sys=0.01, real=0.01 secs] 
301278.455: [GC (Allocation Failure) 301278.455: [ParNew: 422233K->4389K(471872K), 0.0051469 secs] 2053510K->1635818K(4141888K), 0.0052400 secs] [Times: user=0.04 sys=0.00, real=0.00 secs] 
301280.059: [GC (Allocation Failure) 301280.059: [ParNew: 423845K->3148K(471872K), 0.0051974 secs] 2055274K->1635010K(4141888K), 0.0052738 secs] [Times: user=0.04 sys=0.00, real=0.01 secs] 
301281.411: [GC (Allocation Failure) 301281.411: [ParNew: 422604K->4630K(471872K), 0.0047887 secs] 2054466K->1636954K(4141888K), 0.0048664 secs] [Times: user=0.03 sys=0.00, real=0.01 secs] 
301286.253: [GC (Allocation Failure) 301286.253: [ParNew: 424086K->2255K(471872K), 0.0050064 secs] 2056410K->1634725K(4141888K), 0.0050880 secs] [Times: user=0.04 sys=0.00, real=0.01 secs] 
301292.024: [GC (Allocation Failure) 301292.024: [ParNew: 421711K->3436K(471872K), 0.0050149 secs] 2054181K->1636742K(4141888K), 0.0050910 secs] [Times: user=0.03 sys=0.00, real=0.01 secs] 
301299.126: [GC (Allocation Failure) 301299.126: [ParNew: 422892K->2454K(471872K), 0.0050180 secs] 2056198K->1636360K(4141888K), 0.0050911 secs] [Times: user=0.04 sys=0.00, real=0.00 secs] 
301302.902: [GC (Allocation Failure) 301302.902: [ParNew: 421910K->3241K(471872K), 0.0052631 secs] 2055816K->1637438K(4141888K), 0.0053740 secs] [Times: user=0.03 sys=0.00, real=0.01 secs] 
301306.520: [GC (Allocation Failure) 301306.520: [ParNew: 422697K->21760K(471872K), 0.0063473 secs] 2056894K->1656646K(4141888K), 0.0064543 secs] [Times: user=0.04 sys=0.00, real=0.01 secs] 
301307.424: [GC (Allocation Failure) 301307.424: [ParNew: 441216K->23633K(471872K), 0.0063484 secs] 2076102K->1658728K(4141888K), 0.0064428 secs] [Times: user=0.05 sys=0.00, real=0.00 secs] 
301309.252: [GC (Allocation Failure) 301309.252: [ParNew: 443089K->6813K(471872K), 0.0050635 secs] 2078184K->1641995K(4141888K), 0.0051341 secs] [Times: user=0.04 sys=0.00, real=0.01 secs] 
301315.117: [GC (Allocation Failure) 301315.117: [ParNew: 426269K->5435K(471872K), 0.0050159 secs] 2061451K->1640745K(4141888K), 0.0051083 secs] [Times: user=0.04 sys=0.00, real=0.00 secs] 
301320.868: [GC (Allocation Failure) 301320.868: [ParNew: 424891K->5754K(471872K), 0.0054304 secs] 2060201K->1642284K(4141888K), 0.0055315 secs] [Times: user=0.04 sys=0.00, real=0.00 secs] 
301325.427: [GC (Allocation Failure) 301325.427: [ParNew: 423284K->25957K(471872K), 0.0063394 secs] 2059815K->1663173K(4141888K), 0.0064483 secs] [Times: user=0.05 sys=0.00, real=0.00 secs] 
301326.958: [GC (Allocation Failure) 301326.958: [ParNew: 445413K->6519K(471872K), 0.0053963 secs] 2082629K->1644090K(4141888K), 0.0054762 secs] [Times: user=0.04 sys=0.00, real=0.00 secs] 
301330.017: [GC (Allocation Failure) 301330.017: [ParNew: 425521K->8546K(471872K), 0.0060960 secs] 2063091K->1648307K(4141888K), 0.0061854 secs] [Times: user=0.04 sys=0.00, real=0.00 secs] 
301331.972: [GC (Allocation Failure) 301331.972: [ParNew: 428002K->2400K(471872K), 0.0054196 secs] 2067763K->1642558K(4141888K), 0.0054874 secs] [Times: user=0.04 sys=0.00, real=0.01 secs] 
301335.785: [GC (Allocation Failure) 301335.785: [ParNew: 421856K->6388K(471872K), 0.0049082 secs] 2062014K->1646691K(4141888K), 0.0050279 secs] [Times: user=0.04 sys=0.00, real=0.00 secs] 
301339.842: [GC (Allocation Failure) 301339.842: [ParNew: 425816K->2054K(471872K), 0.0055647 secs] 2066119K->1643068K(4141888K), 0.0056391 secs] [Times: user=0.04 sys=0.00, real=0.01 secs] 
301360.823: [GC (Allocation Failure) 301360.823: [ParNew: 421510K->2729K(471872K), 0.0050144 secs] 2062524K->1644554K(4141888K), 0.0050907 secs] [Times: user=0.03 sys=0.00, real=0.01 secs] 
301367.021: [GC (Allocation Failure) 301367.021: [ParNew: 422185K->3057K(471872K), 0.0060726 secs] 2064010K->1646381K(4141888K), 0.0061665 secs] [Times: user=0.04 sys=0.00, real=0.01 secs] 
301371.369: [GC (Allocation Failure) 301371.370: [ParNew: 422513K->19381K(471872K), 0.0057197 secs] 2065837K->1663515K(4141888K), 0.0058219 secs] [Times: user=0.04 sys=0.00, real=0.01 secs] 
301378.479: [GC (Allocation Failure) 301378.479: [ParNew: 438099K->8668K(471872K), 0.0056787 secs] 2082233K->1653663K(4141888K), 0.0057824 secs] [Times: user=0.04 sys=0.00, real=0.01 secs] 
301379.380: [GC (Allocation Failure) 301379.380: [ParNew: 428124K->5876K(471872K), 0.0051017 secs] 2073119K->1651515K(4141888K), 0.0051898 secs] [Times: user=0.04 sys=0.00, real=0.01 secs] 
301380.517: [GC (Allocation Failure) 301380.517: [ParNew: 425332K->11821K(471872K), 0.0059548 secs] 2070971K->1657599K(4141888K), 0.0060535 secs] [Times: user=0.05 sys=0.00, real=0.00 secs] 
301382.516: [GC (Allocation Failure) 301382.516: [ParNew: 431277K->26343K(471872K), 0.0074355 secs] 2077055K->1672671K(4141888K), 0.0075487 secs] [Times: user=0.05 sys=0.01, real=0.00 secs] 
301384.155: [GC (Allocation Failure) 301384.155: [ParNew: 445799K->7436K(471872K), 0.0055694 secs] 2092127K->1656311K(4141888K), 0.0056419 secs] [Times: user=0.05 sys=0.00, real=0.00 secs] 
301385.389: [GC (Allocation Failure) 301385.389: [ParNew: 426892K->8985K(471872K), 0.0052510 secs] 2075767K->1658038K(4141888K), 0.0053301 secs] [Times: user=0.04 sys=0.00, real=0.01 secs] 
301386.559: [GC (Allocation Failure) 301386.559: [ParNew: 428441K->11382K(471872K), 0.0053550 secs] 2077494K->1660533K(4141888K), 0.0054447 secs] [Times: user=0.04 sys=0.00, real=0.01 secs] 
301388.172: [GC (Allocation Failure) 301388.172: [ParNew: 430838K->6599K(471872K), 0.0062838 secs] 2079989K->1658088K(4141888K), 0.0063881 secs] [Times: user=0.04 sys=0.00, real=0.01 secs] 
301389.216: [GC (Allocation Failure) 301389.216: [ParNew: 426055K->6695K(471872K), 0.0052064 secs] 2077544K->1658747K(4141888K), 0.0052834 secs] [Times: user=0.04 sys=0.00, real=0.00 secs] 
301390.362: [GC (Allocation Failure) 301390.362: [ParNew: 426151K->10001K(471872K), 0.0061232 secs] 2078203K->1662127K(4141888K), 0.0062453 secs] [Times: user=0.05 sys=0.00, real=0.01 secs] 
301391.420: [GC (Allocation Failure) 301391.420: [ParNew: 429457K->10378K(471872K), 0.0047563 secs] 2081583K->1662570K(4141888K), 0.0048306 secs] [Times: user=0.03 sys=0.00, real=0.01 secs] 
301392.477: [GC (Allocation Failure) 301392.477: [ParNew: 429834K->8746K(471872K), 0.0048523 secs] 2082026K->1661000K(4141888K), 0.0049305 secs] [Times: user=0.04 sys=0.00, real=0.00 secs] 
301393.453: [GC (Allocation Failure) 301393.453: [ParNew: 428202K->9244K(471872K), 0.0057419 secs] 2080456K->1661605K(4141888K), 0.0058199 secs] [Times: user=0.04 sys=0.00, real=0.01 secs] 
301394.531: [GC (Allocation Failure) 301394.531: [ParNew: 428700K->5102K(471872K), 0.0050389 secs] 2081061K->1657549K(4141888K), 0.0051228 secs] [Times: user=0.04 sys=0.01, real=0.01 secs] 
301396.154: [GC (Allocation Failure) 301396.154: [ParNew: 424196K->7538K(471872K), 0.0050170 secs] 2076643K->1660106K(4141888K), 0.0051018 secs] [Times: user=0.04 sys=0.00, real=0.00 secs] 
301398.199: [GC (Allocation Failure) 301398.199: [ParNew: 426994K->4815K(471872K), 0.0050759 secs] 2079562K->1657576K(4141888K), 0.0051587 secs] [Times: user=0.04 sys=0.00, real=0.01 secs] 
301399.449: [GC (Allocation Failure) 301399.449: [ParNew: 423486K->10568K(471872K), 0.0053393 secs] 2076248K->1663826K(4141888K), 0.0054221 secs] [Times: user=0.04 sys=0.00, real=0.01 secs] 
301400.248: [GC (Allocation Failure) 301400.248: [ParNew: 430024K->6838K(471872K), 0.0052520 secs] 2083282K->1660244K(4141888K), 0.0053383 secs] [Times: user=0.03 sys=0.00, real=0.00 secs] 
301400.738: [GC (Allocation Failure) 301400.738: [ParNew: 426294K->11566K(471872K), 0.0050714 secs] 2079700K->1665388K(4141888K), 0.0051747 secs] [Times: user=0.04 sys=0.00, real=0.00 secs] 
301401.899: [GC (Allocation Failure) 301401.899: [ParNew: 431022K->10194K(471872K), 0.0054476 secs] 2084844K->1664065K(4141888K), 0.0055453 secs] [Times: user=0.04 sys=0.00, real=0.01 secs] 
301402.577: [GC (Allocation Failure) 301402.577: [ParNew: 429650K->9323K(471872K), 0.0049616 secs] 2083521K->1663836K(4141888K), 0.0050599 secs] [Times: user=0.03 sys=0.00, real=0.00 secs] 
301403.669: [GC (Allocation Failure) 301403.669: [ParNew: 428779K->6717K(471872K), 0.0059200 secs] 2083292K->1661307K(4141888K), 0.0060162 secs] [Times: user=0.05 sys=0.00, real=0.01 secs] 
301405.322: [GC (Allocation Failure) 301405.322: [ParNew: 426173K->8532K(471872K), 0.0054240 secs] 2080763K->1663610K(4141888K), 0.0055050 secs] [Times: user=0.04 sys=0.01, real=0.01 secs] 
301405.676: [GC (Allocation Failure) 301405.676: [ParNew: 427988K->11850K(471872K), 0.0080639 secs] 2083066K->1667592K(4141888K), 0.0081579 secs] [Times: user=0.04 sys=0.00, real=0.01 secs] 
301406.531: [GC (Allocation Failure) 301406.531: [ParNew: 431306K->7760K(471872K), 0.0052919 secs] 2087048K->1663577K(4141888K), 0.0053735 secs] [Times: user=0.04 sys=0.00, real=0.01 secs] 
301407.466: [GC (Allocation Failure) 301407.466: [ParNew: 426960K->9834K(471872K), 0.0053241 secs] 2082777K->1666179K(4141888K), 0.0054113 secs] [Times: user=0.04 sys=0.00, real=0.00 secs] 
301409.311: [GC (Allocation Failure) 301409.311: [ParNew: 428855K->13341K(471872K), 0.0058758 secs] 2085200K->1669771K(4141888K), 0.0059717 secs] [Times: user=0.04 sys=0.01, real=0.01 secs] 
301409.545: [GC (Allocation Failure) 301409.545: [ParNew: 432797K->9757K(471872K), 0.0071201 secs] 2089227K->1667324K(4141888K), 0.0072120 secs] [Times: user=0.06 sys=0.00, real=0.00 secs] 
301410.367: [GC (Allocation Failure) 301410.367: [ParNew: 429213K->9760K(471872K), 0.0054926 secs] 2086780K->1667379K(4141888K), 0.0055738 secs] [Times: user=0.04 sys=0.00, real=0.00 secs] 
301411.508: [GC (Allocation Failure) 301411.508: [ParNew: 429216K->8252K(471872K), 0.0050075 secs] 2086835K->1666324K(4141888K), 0.0050842 secs] [Times: user=0.04 sys=0.00, real=0.00 secs] 
301412.475: [GC (Allocation Failure) 301412.475: [ParNew: 427708K->10000K(471872K), 0.0055196 secs] 2085780K->1668238K(4141888K), 0.0056264 secs] [Times: user=0.04 sys=0.00, real=0.00 secs] 
301413.352: [GC (Allocation Failure) 301413.352: [ParNew: 429456K->6464K(471872K), 0.0054018 secs] 2087694K->1664841K(4141888K), 0.0054799 secs] [Times: user=0.04 sys=0.01, real=0.01 secs] 
301414.305: [GC (Allocation Failure) 301414.305: [ParNew: 425920K->7075K(471872K), 0.0061798 secs] 2084297K->1665616K(4141888K), 0.0062732 secs] [Times: user=0.04 sys=0.00, real=0.00 secs] 
301414.590: [GC (Allocation Failure) 301414.590: [ParNew: 426531K->9673K(471872K), 0.0058891 secs] 2085072K->1668302K(4141888K), 0.0059785 secs] [Times: user=0.04 sys=0.00, real=0.01 secs] 
301416.339: [GC (Allocation Failure) 301416.339: [ParNew: 429129K->8665K(471872K), 0.0058953 secs] 2087758K->1667874K(4141888K), 0.0059914 secs] [Times: user=0.04 sys=0.00, real=0.01 secs] 
301417.552: [GC (Allocation Failure) 301417.552: [ParNew: 426956K->7055K(471872K), 0.0051823 secs] 2086165K->1666785K(4141888K), 0.0052627 secs] [Times: user=0.04 sys=0.00, real=0.01 secs] 
301418.731: [GC (Allocation Failure) 301418.731: [ParNew: 426511K->11207K(471872K), 0.0055395 secs] 2086241K->1671005K(4141888K), 0.0056317 secs] [Times: user=0.04 sys=0.00, real=0.01 secs] 
301419.127: [GC (Allocation Failure) 301419.127: [ParNew: 430663K->8569K(471872K), 0.0050947 secs] 2090461K->1668585K(4141888K), 0.0051722 secs] [Times: user=0.04 sys=0.00, real=0.00 secs] 
301419.522: [GC (Allocation Failure) 301419.522: [ParNew: 428025K->7229K(471872K), 0.0061761 secs] 2088041K->1671860K(4141888K), 0.0062635 secs] [Times: user=0.05 sys=0.00, real=0.01 secs] 
301419.919: [GC (Allocation Failure) 301419.919: [ParNew: 426685K->4260K(471872K), 0.0050947 secs] 2091316K->1668959K(4141888K), 0.0051811 secs] [Times: user=0.04 sys=0.00, real=0.01 secs] 
301420.491: [GC (Allocation Failure) 301420.491: [ParNew: 423716K->10423K(471872K), 0.0059243 secs] 2088415K->1675172K(4141888K), 0.0060216 secs] [Times: user=0.04 sys=0.00, real=0.01 secs] 
301422.354: [GC (Allocation Failure) 301422.354: [ParNew: 429879K->8752K(471872K), 0.0072648 secs] 2094628K->1677672K(4141888K), 0.0074112 secs] [Times: user=0.05 sys=0.01, real=0.00 secs] 
301423.379: [GC (Allocation Failure) 301423.379: [ParNew: 428207K->12453K(471872K), 0.0060003 secs] 2097127K->1681595K(4141888K), 0.0060941 secs] [Times: user=0.04 sys=0.00, real=0.01 secs] 
301428.888: [GC (Allocation Failure) 301428.888: [ParNew: 431889K->5387K(471872K), 0.0069024 secs] 2101030K->1674600K(4141888K), 0.0070070 secs] [Times: user=0.05 sys=0.01, real=0.01 secs] 
301432.484: [GC (Allocation Failure) 301432.484: [ParNew: 424843K->22276K(471872K), 0.0068771 secs] 2094056K->1692702K(4141888K), 0.0069760 secs] [Times: user=0.05 sys=0.00, real=0.00 secs] 
301437.066: [GC (Allocation Failure) 301437.066: [ParNew: 441732K->4206K(471872K), 0.0061180 secs] 2112158K->1677100K(4141888K), 0.0061981 secs] [Times: user=0.04 sys=0.00, real=0.00 secs] 
301439.695: [GC (Allocation Failure) 301439.695: [ParNew: 423653K->5348K(471872K), 0.0057308 secs] 2096546K->1678504K(4141888K), 0.0058145 secs] [Times: user=0.04 sys=0.00, real=0.00 secs] 
301443.462: [GC (Allocation Failure) 301443.462: [ParNew: 424804K->26134K(471872K), 0.0078099 secs] 2097960K->1699602K(4141888K), 0.0079091 secs] [Times: user=0.06 sys=0.00, real=0.01 secs] 
301470.846: [GC (Allocation Failure) 301470.846: [ParNew: 445590K->11756K(471872K), 0.0059858 secs] 2119058K->1686113K(4141888K), 0.0060752 secs] [Times: user=0.05 sys=0.00, real=0.00 secs] 
301489.480: [GC (Allocation Failure) 301489.480: [ParNew: 431212K->7996K(471872K), 0.0081542 secs] 2105569K->1685886K(4141888K), 0.0082433 secs] [Times: user=0.06 sys=0.00, real=0.01 secs] 
301491.675: [GC (Allocation Failure) 301491.675: [ParNew: 427452K->4535K(471872K), 0.0065407 secs] 2105342K->1683795K(4141888K), 0.0066347 secs] [Times: user=0.04 sys=0.00, real=0.00 secs] 
301498.512: [GC (Allocation Failure) 301498.512: [ParNew: 423881K->3741K(471872K), 0.0051966 secs] 2103141K->1683157K(4141888K), 0.0052762 secs] [Times: user=0.04 sys=0.00, real=0.01 secs] 
301502.395: [GC (Allocation Failure) 301502.395: [ParNew: 423197K->18430K(471872K), 0.0056056 secs] 2102613K->1698374K(4141888K), 0.0057005 secs] [Times: user=0.04 sys=0.00, real=0.00 secs] 
301505.803: [GC (Allocation Failure) 301505.803: [ParNew: 437886K->11393K(471872K), 0.0060800 secs] 2117830K->1691716K(4141888K), 0.0061829 secs] [Times: user=0.04 sys=0.00, real=0.01 secs] 
301509.735: [GC (Allocation Failure) 301509.735: [ParNew: 430849K->5378K(471872K), 0.0054080 secs] 2111172K->1686559K(4141888K), 0.0055017 secs] [Times: user=0.04 sys=0.00, real=0.00 secs] 
301518.419: [GC (Allocation Failure) 301518.419: [ParNew: 424834K->1806K(471872K), 0.0066735 secs] 2106015K->1685338K(4141888K), 0.0067753 secs] [Times: user=0.05 sys=0.00, real=0.01 secs] 
301527.850: [GC (Allocation Failure) 301527.850: [ParNew: 421262K->2271K(471872K), 0.0065179 secs] 2104794K->1686238K(4141888K), 0.0066047 secs] [Times: user=0.04 sys=0.00, real=0.01 secs] 
301532.359: [GC (Allocation Failure) 301532.359: [ParNew: 421727K->1791K(471872K), 0.0054925 secs] 2105694K->1686507K(4141888K), 0.0055640 secs] [Times: user=0.04 sys=0.01, real=0.01 secs] 
301536.757: [GC (Allocation Failure) 301536.757: [ParNew: 421247K->1771K(471872K), 0.0051082 secs] 2105963K->1686738K(4141888K), 0.0051912 secs] [Times: user=0.04 sys=0.00, real=0.00 secs] 
301545.487: [GC (Allocation Failure) 301545.487: [ParNew: 421227K->1598K(471872K), 0.0050460 secs] 2106194K->1686775K(4141888K), 0.0051307 secs] [Times: user=0.03 sys=0.00, real=0.00 secs] 
301547.762: [GC (Allocation Failure) 301547.762: [ParNew: 421054K->2943K(471872K), 0.0058898 secs] 2106231K->1688571K(4141888K), 0.0059649 secs] [Times: user=0.04 sys=0.00, real=0.01 secs] 
301551.497: [GC (Allocation Failure) 301551.497: [ParNew: 420403K->23923K(471872K), 0.0063809 secs] 2106032K->1709781K(4141888K), 0.0064988 secs] [Times: user=0.04 sys=0.00, real=0.00 secs] 
301554.091: [GC (Allocation Failure) 301554.091: [ParNew: 443379K->5797K(471872K), 0.0052827 secs] 2129237K->1691981K(4141888K), 0.0053755 secs] [Times: user=0.04 sys=0.00, real=0.01 secs] 
301563.462: [GC (Allocation Failure) 301563.462: [ParNew: 424160K->25025K(471872K), 0.0063582 secs] 2110344K->1711715K(4141888K), 0.0064712 secs] [Times: user=0.05 sys=0.00, real=0.01 secs] 
301583.300: [GC (Allocation Failure) 301583.300: [ParNew: 444481K->5514K(471872K), 0.0060263 secs] 2131171K->1692695K(4141888K), 0.0061087 secs] [Times: user=0.05 sys=0.00, real=0.01 secs] 
301592.429: [GC (Allocation Failure) 301592.429: [ParNew: 424970K->2839K(471872K), 0.0059476 secs] 2112151K->1692986K(4141888K), 0.0060280 secs] [Times: user=0.04 sys=0.01, real=0.01 secs] 
301595.510: [GC (Allocation Failure) 301595.510: [ParNew: 422283K->1836K(471872K), 0.0049849 secs] 2112430K->1692470K(4141888K), 0.0050620 secs] [Times: user=0.04 sys=0.00, real=0.01 secs] 
301601.481: [GC (Allocation Failure) 301601.481: [ParNew: 421292K->3707K(471872K), 0.0054045 secs] 2111926K->1694578K(4141888K), 0.0054807 secs] [Times: user=0.04 sys=0.00, real=0.01 secs] 
301604.474: [GC (Allocation Failure) 301604.474: [ParNew: 423163K->4316K(471872K), 0.0082984 secs] 2114034K->1695696K(4141888K), 0.0083728 secs] [Times: user=0.05 sys=0.00, real=0.00 secs] 
301607.495: [GC (Allocation Failure) 301607.495: [ParNew: 423772K->3798K(471872K), 0.0062924 secs] 2115152K->1695302K(4141888K), 0.0063704 secs] [Times: user=0.04 sys=0.00, real=0.00 secs] 
301609.534: [GC (Allocation Failure) 301609.534: [ParNew: 423254K->2150K(471872K), 0.0047454 secs] 2114758K->1693867K(4141888K), 0.0048254 secs] [Times: user=0.04 sys=0.00, real=0.00 secs] 
301611.497: [GC (Allocation Failure) 301611.497: [ParNew: 421606K->5887K(471872K), 0.0055494 secs] 2113323K->1697702K(4141888K), 0.0056432 secs] [Times: user=0.04 sys=0.00, real=0.00 secs] 
301613.392: [GC (Allocation Failure) 301613.392: [ParNew: 425343K->17563K(471872K), 0.0108782 secs] 2117158K->1709691K(4141888K), 0.0109748 secs] [Times: user=0.07 sys=0.00, real=0.01 secs] 
301615.685: [GC (Allocation Failure) 301615.685: [ParNew: 437019K->3569K(471872K), 0.0047522 secs] 2129147K->1695809K(4141888K), 0.0048325 secs] [Times: user=0.04 sys=0.00, real=0.00 secs] 
301618.213: [GC (Allocation Failure) 301618.213: [ParNew: 423025K->3774K(471872K), 0.0070137 secs] 2115265K->1698300K(4141888K), 0.0070936 secs] [Times: user=0.06 sys=0.00, real=0.01 secs] 
301620.548: [GC (Allocation Failure) 301620.548: [ParNew: 423230K->3071K(471872K), 0.0076464 secs] 2117756K->1697802K(4141888K), 0.0077179 secs] [Times: user=0.04 sys=0.00, real=0.01 secs] 
301622.449: [GC (Allocation Failure) 301622.449: [ParNew: 422527K->17465K(471872K), 0.0079672 secs] 2117258K->1712400K(4141888K), 0.0080569 secs] [Times: user=0.05 sys=0.00, real=0.01 secs] 
301623.605: [GC (Allocation Failure) 301623.605: [ParNew: 436921K->6448K(471872K), 0.0048198 secs] 2131856K->1701515K(4141888K), 0.0048972 secs] [Times: user=0.03 sys=0.00, real=0.00 secs] 
301624.729: [GC (Allocation Failure) 301624.729: [ParNew: 425904K->3614K(471872K), 0.0046276 secs] 2120971K->1698827K(4141888K), 0.0047046 secs] [Times: user=0.04 sys=0.00, real=0.01 secs] 
301626.582: [GC (Allocation Failure) 301626.582: [ParNew: 423070K->5117K(471872K), 0.0050014 secs] 2118283K->1700456K(4141888K), 0.0050972 secs] [Times: user=0.04 sys=0.00, real=0.01 secs] 
301628.868: [GC (Allocation Failure) 301628.868: [ParNew: 424530K->5619K(471872K), 0.0057715 secs] 2119869K->1703174K(4141888K), 0.0058487 secs] [Times: user=0.04 sys=0.00, real=0.01 secs] 
301630.503: [GC (Allocation Failure) 301630.503: [ParNew: 425075K->31262K(471872K), 0.0074164 secs] 2122630K->1729000K(4141888K), 0.0075246 secs] [Times: user=0.05 sys=0.00, real=0.01 secs] 
301631.645: [GC (Allocation Failure) 301631.645: [ParNew: 450718K->8529K(471872K), 0.0057212 secs] 2148456K->1708515K(4141888K), 0.0057984 secs] [Times: user=0.04 sys=0.00, real=0.00 secs] 
301634.464: [GC (Allocation Failure) 301634.464: [ParNew: 427985K->6809K(471872K), 0.0047622 secs] 2127971K->1706943K(4141888K), 0.0048363 secs] [Times: user=0.04 sys=0.00, real=0.00 secs] 
301637.446: [GC (Allocation Failure) 301637.446: [ParNew: 426265K->2247K(471872K), 0.0066497 secs] 2126399K->1702546K(4141888K), 0.0067317 secs] [Times: user=0.04 sys=0.01, real=0.00 secs] 
301640.545: [GC (Allocation Failure) 301640.546: [ParNew: 421703K->1720K(471872K), 0.0049009 secs] 2122002K->1702207K(4141888K), 0.0049823 secs] [Times: user=0.04 sys=0.00, real=0.00 secs] 
301666.101: [GC (Allocation Failure) 301666.101: [ParNew: 421146K->4533K(471872K), 0.0068522 secs] 2121633K->1705692K(4141888K), 0.0069376 secs] [Times: user=0.05 sys=0.00, real=0.01 secs] 
301673.458: [GC (Allocation Failure) 301673.458: [ParNew: 423989K->30410K(471872K), 0.0084864 secs] 2125148K->1732529K(4141888K), 0.0086074 secs] [Times: user=0.06 sys=0.01, real=0.01 secs] 
301682.679: [GC (Allocation Failure) 301682.679: [ParNew: 449866K->11492K(471872K), 0.0053344 secs] 2151985K->1713997K(4141888K), 0.0054102 secs] [Times: user=0.04 sys=0.00, real=0.01 secs] 
301687.488: [GC (Allocation Failure) 301687.488: [ParNew: 430948K->22275K(471872K), 0.0070461 secs] 2133453K->1725801K(4141888K), 0.0071547 secs] [Times: user=0.05 sys=0.00, real=0.01 secs] 
301695.949: [GC (Allocation Failure) 301695.949: [ParNew: 441731K->7902K(471872K), 0.0051732 secs] 2145257K->1711702K(4141888K), 0.0052541 secs] [Times: user=0.03 sys=0.00, real=0.01 secs] 
301701.091: [GC (Allocation Failure) 301701.091: [ParNew: 427358K->3658K(471872K), 0.0062552 secs] 2131158K->1709914K(4141888K), 0.0063424 secs] [Times: user=0.04 sys=0.00, real=0.01 secs] 
301733.610: [GC (Allocation Failure) 301733.610: [ParNew: 422145K->23052K(471872K), 0.0065569 secs] 2128401K->1729466K(4141888K), 0.0066736 secs] [Times: user=0.05 sys=0.00, real=0.01 secs] 
301739.714: [GC (Allocation Failure) 301739.714: [ParNew: 442500K->6055K(471872K), 0.0064396 secs] 2148914K->1714565K(4141888K), 0.0065330 secs] [Times: user=0.04 sys=0.00, real=0.00 secs] 
301746.491: [GC (Allocation Failure) 301746.491: [ParNew: 425511K->24041K(471872K), 0.0071538 secs] 2134021K->1732784K(4141888K), 0.0072539 secs] [Times: user=0.05 sys=0.01, real=0.01 secs] 
301756.178: [GC (Allocation Failure) 301756.178: [ParNew: 443497K->10000K(471872K), 0.0054537 secs] 2152240K->1719558K(4141888K), 0.0055530 secs] [Times: user=0.04 sys=0.01, real=0.00 secs] 
301777.210: [GC (Allocation Failure) 301777.210: [ParNew: 429456K->4705K(471872K), 0.0062033 secs] 2139014K->1717151K(4141888K), 0.0062893 secs] [Times: user=0.04 sys=0.00, real=0.01 secs] 
301791.222: [GC (Allocation Failure) 301791.222: [ParNew: 423937K->4236K(471872K), 0.0054159 secs] 2136383K->1718054K(4141888K), 0.0055093 secs] [Times: user=0.04 sys=0.00, real=0.01 secs] 
301796.255: [GC (Allocation Failure) 301796.255: [ParNew: 423437K->5176K(471872K), 0.0055675 secs] 2137255K->1719592K(4141888K), 0.0056592 secs] [Times: user=0.04 sys=0.00, real=0.00 secs] 
301798.407: [GC (Allocation Failure) 301798.407: [ParNew: 424632K->22894K(471872K), 0.0060905 secs] 2139048K->1737677K(4141888K), 0.0061832 secs] [Times: user=0.04 sys=0.00, real=0.00 secs] 
301805.144: [GC (Allocation Failure) 301805.145: [ParNew: 442350K->5141K(471872K), 0.0057893 secs] 2157133K->1720000K(4141888K), 0.0058776 secs] [Times: user=0.04 sys=0.00, real=0.00 secs] 
301811.742: [GC (Allocation Failure) 301811.742: [ParNew: 424597K->3264K(471872K), 0.0054478 secs] 2139456K->1719076K(4141888K), 0.0055391 secs] [Times: user=0.04 sys=0.00, real=0.01 secs] 
301831.398: [GC (Allocation Failure) 301831.398: [ParNew: 422679K->4728K(471872K), 0.0058224 secs] 2138491K->1720762K(4141888K), 0.0059266 secs] [Times: user=0.04 sys=0.00, real=0.01 secs] 
301846.464: [GC (Allocation Failure) 301846.464: [ParNew: 424184K->2474K(471872K), 0.0062257 secs] 2140218K->1721522K(4141888K), 0.0063062 secs] [Times: user=0.04 sys=0.00, real=0.00 secs] 
301858.466: [GC (Allocation Failure) 301858.466: [ParNew: 421930K->22049K(471872K), 0.0072454 secs] 2140978K->1742319K(4141888K), 0.0073670 secs] [Times: user=0.05 sys=0.00, real=0.00 secs] 
301866.536: [GC (Allocation Failure) 301866.536: [ParNew: 441505K->22161K(471872K), 0.0082662 secs] 2161775K->1743017K(4141888K), 0.0083826 secs] [Times: user=0.05 sys=0.00, real=0.01 secs] 
301874.545: [GC (Allocation Failure) 301874.545: [ParNew: 441617K->24836K(471872K), 0.0077260 secs] 2162473K->1746402K(4141888K), 0.0078359 secs] [Times: user=0.06 sys=0.00, real=0.00 secs] 
301918.549: [GC (Allocation Failure) 301918.549: [ParNew: 444292K->25256K(471872K), 0.0081647 secs] 2165858K->1747097K(4141888K), 0.0082870 secs] [Times: user=0.06 sys=0.00, real=0.01 secs] 
301928.485: [GC (Allocation Failure) 301928.485: [ParNew: 444712K->24967K(471872K), 0.0077819 secs] 2166553K->1748389K(4141888K), 0.0078960 secs] [Times: user=0.05 sys=0.00, real=0.00 secs] 
301937.750: [GC (Allocation Failure) 301937.750: [ParNew: 444290K->12369K(471872K), 0.0055643 secs] 2167712K->1736102K(4141888K), 0.0056431 secs] [Times: user=0.04 sys=0.00, real=0.01 secs] 
301944.451: [GC (Allocation Failure) 301944.452: [ParNew: 431825K->9024K(471872K), 0.0068674 secs] 2155558K->1735553K(4141888K), 0.0069789 secs] [Times: user=0.05 sys=0.00, real=0.01 secs] 
301946.389: [GC (Allocation Failure) 301946.390: [ParNew: 428480K->7382K(471872K), 0.0058318 secs] 2155009K->1734863K(4141888K), 0.0059115 secs] [Times: user=0.05 sys=0.00, real=0.01 secs] 
301947.314: [GC (Allocation Failure) 301947.314: [ParNew: 426838K->7443K(471872K), 0.0056355 secs] 2154319K->1735207K(4141888K), 0.0057325 secs] [Times: user=0.04 sys=0.00, real=0.00 secs] 
301948.287: [GC (Allocation Failure) 301948.288: [ParNew: 426899K->8994K(471872K), 0.0056298 secs] 2154663K->1737309K(4141888K), 0.0057285 secs] [Times: user=0.04 sys=0.00, real=0.00 secs] 
301955.100: [GC (Allocation Failure) 301955.100: [ParNew: 428023K->4303K(471872K), 0.0056946 secs] 2156338K->1733318K(4141888K), 0.0057811 secs] [Times: user=0.04 sys=0.00, real=0.01 secs] 
301979.464: [GC (Allocation Failure) 301979.464: [ParNew: 423759K->22225K(471872K), 0.0061888 secs] 2152774K->1751633K(4141888K), 0.0062952 secs] [Times: user=0.04 sys=0.00, real=0.00 secs] 
301988.448: [GC (Allocation Failure) 301988.448: [ParNew: 441681K->24898K(471872K), 0.0073708 secs] 2171089K->1755414K(4141888K), 0.0074792 secs] [Times: user=0.05 sys=0.00, real=0.01 secs] 
301996.466: [GC (Allocation Failure) 301996.466: [ParNew: 442484K->27145K(471872K), 0.0064569 secs] 2173001K->1758804K(4141888K), 0.0065652 secs] [Times: user=0.05 sys=0.00, real=0.00 secs] 
302009.522: [GC (Allocation Failure) 302009.522: [ParNew: 445954K->10122K(471872K), 0.0077132 secs] 2177613K->1742289K(4141888K), 0.0078168 secs] [Times: user=0.06 sys=0.00, real=0.01 secs] 
302014.803: [GC (Allocation Failure) 302014.803: [ParNew: 429578K->9217K(471872K), 0.0075406 secs] 2161745K->1744016K(4141888K), 0.0076371 secs] [Times: user=0.05 sys=0.01, real=0.01 secs] 
302023.462: [GC (Allocation Failure) 302023.462: [ParNew: 428673K->4246K(471872K), 0.0050148 secs] 2163472K->1739337K(4141888K), 0.0050936 secs] [Times: user=0.03 sys=0.00, real=0.01 secs] 
302028.815: [GC (Allocation Failure) 302028.815: [ParNew: 423702K->5076K(471872K), 0.0054458 secs] 2158793K->1740581K(4141888K), 0.0055340 secs] [Times: user=0.04 sys=0.00, real=0.00 secs] 
302031.168: [GC (Allocation Failure) 302031.168: [ParNew: 424532K->7325K(471872K), 0.0049036 secs] 2160037K->1743167K(4141888K), 0.0049768 secs] [Times: user=0.04 sys=0.00, real=0.00 secs] 
302033.165: [GC (Allocation Failure) 302033.166: [ParNew: 426781K->6139K(471872K), 0.0050922 secs] 2162623K->1742367K(4141888K), 0.0051804 secs] [Times: user=0.04 sys=0.00, real=0.00 secs] 
302035.515: [GC (Allocation Failure) 302035.515: [ParNew: 425595K->6543K(471872K), 0.0056978 secs] 2161823K->1742949K(4141888K), 0.0057879 secs] [Times: user=0.04 sys=0.00, real=0.00 secs] 
302039.161: [GC (Allocation Failure) 302039.161: [ParNew: 425999K->5087K(471872K), 0.0049020 secs] 2162405K->1741760K(4141888K), 0.0049834 secs] [Times: user=0.03 sys=0.00, real=0.01 secs] 
302040.560: [GC (Allocation Failure) 302040.560: [ParNew: 424543K->8936K(471872K), 0.0053290 secs] 2161216K->1745987K(4141888K), 0.0054241 secs] [Times: user=0.04 sys=0.00, real=0.01 secs] 
302042.710: [GC (Allocation Failure) 302042.710: [ParNew: 428392K->11418K(471872K), 0.0052363 secs] 2165443K->1748543K(4141888K), 0.0053415 secs] [Times: user=0.04 sys=0.00, real=0.01 secs] 
302043.177: [GC (Allocation Failure) 302043.178: [ParNew: 430874K->7143K(471872K), 0.0063936 secs] 2167999K->1746618K(4141888K), 0.0064790 secs] [Times: user=0.04 sys=0.01, real=0.01 secs] 
302048.936: [GC (Allocation Failure) 302048.936: [ParNew: 426599K->3238K(471872K), 0.0047677 secs] 2166074K->1742758K(4141888K), 0.0048532 secs] [Times: user=0.03 sys=0.00, real=0.00 secs] 
302050.816: [GC (Allocation Failure) 302050.816: [ParNew: 422694K->9708K(471872K), 0.0096604 secs] 2162214K->1749755K(4141888K), 0.0097500 secs] [Times: user=0.05 sys=0.00, real=0.01 secs] 
302052.342: [GC (Allocation Failure) 302052.342: [ParNew: 429164K->5290K(471872K), 0.0064203 secs] 2169211K->1745712K(4141888K), 0.0065145 secs] [Times: user=0.03 sys=0.01, real=0.01 secs] 
302058.248: [GC (Allocation Failure) 302058.248: [ParNew: 424746K->3986K(471872K), 0.0122800 secs] 2165168K->1744701K(4141888K), 0.0123804 secs] [Times: user=0.06 sys=0.00, real=0.01 secs] 
302075.035: [GC (Allocation Failure) 302075.035: [ParNew: 423442K->12254K(471872K), 0.0075628 secs] 2164157K->1755383K(4141888K), 0.0076576 secs] [Times: user=0.05 sys=0.00, real=0.00 secs] 
302078.696: [GC (Allocation Failure) 302078.696: [ParNew: 431710K->10044K(471872K), 0.0062067 secs] 2174839K->1754413K(4141888K), 0.0063099 secs] [Times: user=0.04 sys=0.00, real=0.00 secs] 
302079.897: [GC (Allocation Failure) 302079.897: [ParNew: 429500K->8112K(471872K), 0.0072429 secs] 2173869K->1752836K(4141888K), 0.0073496 secs] [Times: user=0.04 sys=0.00, real=0.01 secs] 
302083.014: [GC (Allocation Failure) 302083.015: [ParNew: 427285K->8617K(471872K), 0.0066223 secs] 2172010K->1753417K(4141888K), 0.0067346 secs] [Times: user=0.04 sys=0.00, real=0.00 secs] 
302085.700: [GC (Allocation Failure) 302085.700: [ParNew: 428073K->2715K(471872K), 0.0052816 secs] 2172873K->1747656K(4141888K), 0.0053728 secs] [Times: user=0.04 sys=0.00, real=0.01 secs] 
302096.477: [GC (Allocation Failure) 302096.477: [ParNew: 422171K->1763K(471872K), 0.0050460 secs] 2167112K->1747644K(4141888K), 0.0051182 secs] [Times: user=0.04 sys=0.00, real=0.00 secs] 
302103.440: [GC (Allocation Failure) 302103.440: [ParNew: 421219K->20804K(471872K), 0.0069262 secs] 2167100K->1767498K(4141888K), 0.0070282 secs] [Times: user=0.05 sys=0.00, real=0.01 secs] 
302114.466: [GC (Allocation Failure) 302114.466: [ParNew: 440097K->28918K(471872K), 0.0065209 secs] 2186790K->1776157K(4141888K), 0.0066298 secs] [Times: user=0.05 sys=0.00, real=0.00 secs] 
302154.940: [GC (Allocation Failure) 302154.940: [ParNew: 448374K->6831K(471872K), 0.0060698 secs] 2195613K->1754398K(4141888K), 0.0061801 secs] [Times: user=0.04 sys=0.00, real=0.01 secs] 
302164.501: [GC (Allocation Failure) 302164.501: [ParNew: 426287K->21601K(471872K), 0.0094500 secs] 2173854K->1770677K(4141888K), 0.0095649 secs] [Times: user=0.07 sys=0.00, real=0.01 secs] 
302173.474: [GC (Allocation Failure) 302173.474: [ParNew: 441057K->33017K(471872K), 0.0080379 secs] 2190133K->1782380K(4141888K), 0.0081515 secs] [Times: user=0.06 sys=0.00, real=0.00 secs] 
302202.681: [GC (Allocation Failure) 302202.681: [ParNew: 452473K->13949K(471872K), 0.0053423 secs] 2201836K->1763623K(4141888K), 0.0054230 secs] [Times: user=0.04 sys=0.01, real=0.01 secs] 
302211.095: [GC (Allocation Failure) 302211.095: [ParNew: 433405K->3265K(471872K), 0.0061906 secs] 2183079K->1756221K(4141888K), 0.0062802 secs] [Times: user=0.05 sys=0.00, real=0.00 secs] 
302217.652: [GC (Allocation Failure) 302217.652: [ParNew: 422721K->2400K(471872K), 0.0051529 secs] 2175677K->1756027K(4141888K), 0.0052261 secs] [Times: user=0.03 sys=0.00, real=0.01 secs] 
302223.456: [GC (Allocation Failure) 302223.456: [ParNew: 421856K->12182K(471872K), 0.0059377 secs] 2175483K->1766607K(4141888K), 0.0060282 secs] [Times: user=0.04 sys=0.00, real=0.00 secs] 
302232.504: [GC (Allocation Failure) 302232.504: [ParNew: 431015K->11583K(471872K), 0.0056311 secs] 2185440K->1766325K(4141888K), 0.0057245 secs] [Times: user=0.04 sys=0.00, real=0.01 secs] 
302240.454: [GC (Allocation Failure) 302240.454: [ParNew: 431039K->23306K(471872K), 0.0064317 secs] 2185781K->1778499K(4141888K), 0.0065266 secs] [Times: user=0.05 sys=0.00, real=0.01 secs] 
302267.518: [GC (Allocation Failure) 302267.518: [ParNew: 442762K->7051K(471872K), 0.0056134 secs] 2197955K->1762424K(4141888K), 0.0057069 secs] [Times: user=0.04 sys=0.00, real=0.01 secs] 
302271.082: [GC (Allocation Failure) 302271.082: [ParNew: 426507K->6322K(471872K), 0.0066397 secs] 2181880K->1765129K(4141888K), 0.0067316 secs] [Times: user=0.05 sys=0.01, real=0.01 secs] 
302285.422: [GC (Allocation Failure) 302285.422: [ParNew: 424171K->11982K(471872K), 0.0058660 secs] 2182978K->1770983K(4141888K), 0.0059703 secs] [Times: user=0.04 sys=0.00, real=0.01 secs] 
302295.418: [GC (Allocation Failure) 302295.418: [ParNew: 431438K->23743K(471872K), 0.0059505 secs] 2190439K->1783761K(4141888K), 0.0060534 secs] [Times: user=0.04 sys=0.00, real=0.01 secs] 
302303.326: [GC (Allocation Failure) 302303.327: [ParNew: 443199K->4879K(471872K), 0.0056450 secs] 2203217K->1765204K(4141888K), 0.0057424 secs] [Times: user=0.04 sys=0.00, real=0.00 secs] 
302336.116: [GC (Allocation Failure) 302336.116: [ParNew: 424335K->3469K(471872K), 0.0062930 secs] 2184660K->1766397K(4141888K), 0.0063957 secs] [Times: user=0.04 sys=0.00, real=0.00 secs] 
302347.441: [GC (Allocation Failure) 302347.441: [ParNew: 422925K->16329K(471872K), 0.0070315 secs] 2185853K->1781159K(4141888K), 0.0071860 secs] [Times: user=0.04 sys=0.00, real=0.01 secs] 
302354.491: [GC (Allocation Failure) 302354.491: [ParNew: 434242K->29567K(471872K), 0.0075496 secs] 2199072K->1794881K(4141888K), 0.0076547 secs] [Times: user=0.06 sys=0.00, real=0.01 secs] 
302362.363: [GC (Allocation Failure) 302362.363: [ParNew: 449023K->6366K(471872K), 0.0051974 secs] 2214337K->1772630K(4141888K), 0.0052901 secs] [Times: user=0.04 sys=0.00, real=0.01 secs] 
302385.367: [GC (Allocation Failure) 302385.367: [ParNew: 425822K->5659K(471872K), 0.0056646 secs] 2192086K->1772378K(4141888K), 0.0057490 secs] [Times: user=0.04 sys=0.00, real=0.00 secs] 
302406.540: [GC (Allocation Failure) 302406.540: [ParNew: 425115K->24092K(471872K), 0.0069643 secs] 2191834K->1792409K(4141888K), 0.0070714 secs] [Times: user=0.05 sys=0.00, real=0.01 secs] 
302407.758: [GC (Allocation Failure) 302407.758: [ParNew: 443548K->14726K(471872K), 0.0064177 secs] 2211865K->1784239K(4141888K), 0.0065140 secs] [Times: user=0.04 sys=0.00, real=0.01 secs] 
302407.765: [GC (GCLocker Initiated GC) 302407.765: [ParNew: 16428K->436K(471872K), 0.0076917 secs] 1785941K->1781377K(4141888K), 0.0077587 secs] [Times: user=0.05 sys=0.01, real=0.00 secs] 
302408.220: [GC (Allocation Failure) 302408.220: [ParNew: 419892K->2537K(471872K), 0.0061027 secs] 2200833K->1783478K(4141888K), 0.0061801 secs] [Times: user=0.04 sys=0.00, real=0.01 secs] 
302408.587: [GC (Allocation Failure) 302408.587: [ParNew: 421804K->5226K(471872K), 0.0064385 secs] 2202745K->1786377K(4141888K), 0.0065561 secs] [Times: user=0.04 sys=0.01, real=0.01 secs] 
302416.683: [GC (Allocation Failure) 302416.683: [ParNew: 424682K->4004K(471872K), 0.0054088 secs] 2205833K->1785185K(4141888K), 0.0054865 secs] [Times: user=0.04 sys=0.00, real=0.01 secs] 
302438.583: [GC (Allocation Failure) 302438.583: [ParNew: 423414K->4304K(471872K), 0.0058603 secs] 2204595K->1785949K(4141888K), 0.0059591 secs] [Times: user=0.04 sys=0.00, real=0.01 secs] 
302463.053: [GC (Allocation Failure) 302463.054: [ParNew: 423760K->2940K(471872K), 0.0079478 secs] 2205405K->1788025K(4141888K), 0.0080531 secs] [Times: user=0.06 sys=0.01, real=0.01 secs] 
302467.646: [GC (Allocation Failure) 302467.646: [ParNew: 422396K->26999K(471872K), 0.0097930 secs] 2207481K->1813299K(4141888K), 0.0099365 secs] [Times: user=0.07 sys=0.00, real=0.01 secs] 
302476.451: [GC (Allocation Failure) 302476.451: [ParNew: 446455K->34095K(471872K), 0.0078539 secs] 2232755K->1820809K(4141888K), 0.0079686 secs] [Times: user=0.05 sys=0.00, real=0.01 secs] 
302484.435: [GC (Allocation Failure) 302484.435: [ParNew: 452795K->27014K(471872K), 0.0065569 secs] 2239509K->1814470K(4141888K), 0.0066586 secs] [Times: user=0.05 sys=0.00, real=0.00 secs] 
302494.256: [GC (Allocation Failure) 302494.256: [ParNew: 446470K->7082K(471872K), 0.0052844 secs] 2233926K->1795014K(4141888K), 0.0053747 secs] [Times: user=0.04 sys=0.00, real=0.00 secs] 
302505.854: [GC (Allocation Failure) 302505.854: [ParNew: 426538K->2438K(471872K), 0.0059871 secs] 2214470K->1793274K(4141888K), 0.0060665 secs] [Times: user=0.04 sys=0.01, real=0.00 secs] 
302509.901: [GC (Allocation Failure) 302509.901: [ParNew: 421894K->2805K(471872K), 0.0064653 secs] 2212730K->1794522K(4141888K), 0.0065495 secs] [Times: user=0.05 sys=0.00, real=0.01 secs] 
302512.845: [GC (Allocation Failure) 302512.845: [ParNew: 422261K->4588K(471872K), 0.0063248 secs] 2213978K->1796604K(4141888K), 0.0064047 secs] [Times: user=0.04 sys=0.00, real=0.00 secs] 
302515.882: [GC (Allocation Failure) 302515.882: [ParNew: 424044K->3666K(471872K), 0.0061161 secs] 2216060K->1795837K(4141888K), 0.0062063 secs] [Times: user=0.04 sys=0.00, real=0.01 secs] 
302517.051: [GC (Allocation Failure) 302517.051: [ParNew: 423122K->10679K(471872K), 0.0059848 secs] 2215293K->1803185K(4141888K), 0.0060894 secs] [Times: user=0.05 sys=0.00, real=0.01 secs] 
302520.689: [GC (Allocation Failure) 302520.689: [ParNew: 429724K->10648K(471872K), 0.0053422 secs] 2222231K->1803239K(4141888K), 0.0054224 secs] [Times: user=0.03 sys=0.00, real=0.01 secs] 
302522.083: [GC (Allocation Failure) 302522.083: [ParNew: 430104K->7580K(471872K), 0.0048042 secs] 2222695K->1800612K(4141888K), 0.0048826 secs] [Times: user=0.04 sys=0.00, real=0.01 secs] 
302524.278: [GC (Allocation Failure) 302524.278: [ParNew: 427036K->8593K(471872K), 0.0051485 secs] 2220068K->1801715K(4141888K), 0.0052411 secs] [Times: user=0.04 sys=0.00, real=0.00 secs] 
302528.652: [GC (Allocation Failure) 302528.652: [ParNew: 428049K->8757K(471872K), 0.0068287 secs] 2221171K->1802063K(4141888K), 0.0069207 secs] [Times: user=0.05 sys=0.00, real=0.01 secs] 
302531.618: [GC (Allocation Failure) 302531.618: [ParNew: 428213K->10405K(471872K), 0.0073128 secs] 2221519K->1804022K(4141888K), 0.0074042 secs] [Times: user=0.04 sys=0.00, real=0.01 secs] 
302534.175: [GC (Allocation Failure) 302534.175: [ParNew: 429861K->2503K(471872K), 0.0058892 secs] 2223478K->1798590K(4141888K), 0.0059760 secs] [Times: user=0.04 sys=0.00, real=0.00 secs] 
302534.761: [GC (Allocation Failure) 302534.761: [ParNew: 421959K->2158K(471872K), 0.0052721 secs] 2218046K->1798655K(4141888K), 0.0053585 secs] [Times: user=0.04 sys=0.00, real=0.01 secs] 
302538.434: [GC (Allocation Failure) 302538.434: [ParNew: 421614K->21467K(471872K), 0.0059449 secs] 2218111K->1818143K(4141888K), 0.0060711 secs] [Times: user=0.05 sys=0.00, real=0.00 secs] 
302539.447: [GC (Allocation Failure) 302539.447: [ParNew: 440923K->22316K(471872K), 0.0065025 secs] 2237599K->1819435K(4141888K), 0.0066058 secs] [Times: user=0.05 sys=0.00, real=0.01 secs] 
302544.949: [GC (Allocation Failure) 302544.949: [ParNew: 441772K->11025K(471872K), 0.0060812 secs] 2238891K->1808233K(4141888K), 0.0061858 secs] [Times: user=0.05 sys=0.00, real=0.01 secs] 
302545.778: [GC (Allocation Failure) 302545.778: [ParNew: 430481K->11088K(471872K), 0.0062486 secs] 2227689K->1809100K(4141888K), 0.0063408 secs] [Times: user=0.05 sys=0.00, real=0.01 secs] 
302546.721: [GC (Allocation Failure) 302546.721: [ParNew: 430544K->5093K(471872K), 0.0057414 secs] 2228556K->1805337K(4141888K), 0.0058198 secs] [Times: user=0.04 sys=0.00, real=0.01 secs] 
302548.016: [GC (Allocation Failure) 302548.016: [ParNew: 424549K->1867K(471872K), 0.0044655 secs] 2224793K->1802172K(4141888K), 0.0045390 secs] [Times: user=0.03 sys=0.00, real=0.00 secs] 
302549.093: [GC (Allocation Failure) 302549.093: [ParNew: 421323K->9252K(471872K), 0.0056934 secs] 2221628K->1809757K(4141888K), 0.0057923 secs] [Times: user=0.05 sys=0.00, real=0.01 secs] 
302550.613: [GC (Allocation Failure) 302550.613: [ParNew: 428708K->2968K(471872K), 0.0045002 secs] 2229213K->1803524K(4141888K), 0.0045690 secs] [Times: user=0.03 sys=0.00, real=0.01 secs] 
302551.808: [GC (Allocation Failure) 302551.808: [ParNew: 422424K->7718K(471872K), 0.0050643 secs] 2222980K->1808375K(4141888K), 0.0051396 secs] [Times: user=0.04 sys=0.00, real=0.00 secs] 
302552.285: [GC (Allocation Failure) 302552.285: [ParNew: 427174K->8503K(471872K), 0.0049218 secs] 2227831K->1809519K(4141888K), 0.0050110 secs] [Times: user=0.04 sys=0.00, real=0.00 secs] 
302553.084: [GC (Allocation Failure) 302553.084: [ParNew: 427344K->7239K(471872K), 0.0063164 secs] 2228359K->1808291K(4141888K), 0.0063920 secs] [Times: user=0.04 sys=0.00, real=0.01 secs] 
302557.320: [GC (Allocation Failure) 302557.320: [ParNew: 426695K->2888K(471872K), 0.0045771 secs] 2227747K->1804144K(4141888K), 0.0046624 secs] [Times: user=0.04 sys=0.00, real=0.01 secs] 
302561.658: [GC (Allocation Failure) 302561.658: [ParNew: 422344K->2443K(471872K), 0.0051125 secs] 2223600K->1803936K(4141888K), 0.0051833 secs] [Times: user=0.04 sys=0.00, real=0.00 secs] 
302566.509: [GC (Allocation Failure) 302566.509: [ParNew: 421899K->2131K(471872K), 0.0052651 secs] 2223392K->1803877K(4141888K), 0.0053533 secs] [Times: user=0.03 sys=0.00, real=0.01 secs] 
302571.679: [GC (Allocation Failure) 302571.679: [ParNew: 421555K->2606K(471872K), 0.0056062 secs] 2223301K->1804630K(4141888K), 0.0056901 secs] [Times: user=0.04 sys=0.00, real=0.01 secs] 
302586.618: [GC (Allocation Failure) 302586.618: [ParNew: 422062K->9108K(471872K), 0.0062111 secs] 2224086K->1811872K(4141888K), 0.0063022 secs] [Times: user=0.04 sys=0.00, real=0.01 secs] 
302591.592: [GC (Allocation Failure) 302591.592: [ParNew: 428564K->23137K(471872K), 0.0085365 secs] 2231328K->1827591K(4141888K), 0.0086485 secs] [Times: user=0.06 sys=0.00, real=0.01 secs] 
302602.484: [GC (Allocation Failure) 302602.484: [ParNew: 442593K->18001K(471872K), 0.0059905 secs] 2247047K->1822856K(4141888K), 0.0060876 secs] [Times: user=0.05 sys=0.00, real=0.00 secs] 
302610.947: [GC (Allocation Failure) 302610.947: [ParNew: 437457K->6471K(471872K), 0.0057963 secs] 2242312K->1812080K(4141888K), 0.0058782 secs] [Times: user=0.04 sys=0.00, real=0.00 secs] 
302616.957: [GC (Allocation Failure) 302616.957: [ParNew: 425927K->4987K(471872K), 0.0060748 secs] 2231536K->1813657K(4141888K), 0.0061571 secs] [Times: user=0.04 sys=0.01, real=0.00 secs] 
302622.009: [GC (Allocation Failure) 302622.009: [ParNew: 424443K->2850K(471872K), 0.0053514 secs] 2233113K->1811945K(4141888K), 0.0054297 secs] [Times: user=0.04 sys=0.00, real=0.01 secs] 
302628.153: [GC (Allocation Failure) 302628.153: [ParNew: 422306K->3615K(471872K), 0.0053420 secs] 2231401K->1812982K(4141888K), 0.0054264 secs] [Times: user=0.04 sys=0.00, real=0.01 secs] 
302633.129: [GC (Allocation Failure) 302633.129: [ParNew: 423071K->3116K(471872K), 0.0053503 secs] 2232438K->1813030K(4141888K), 0.0054367 secs] [Times: user=0.03 sys=0.00, real=0.01 secs] 
302637.076: [GC (Allocation Failure) 302637.077: [ParNew: 422572K->2713K(471872K), 0.0049415 secs] 2232486K->1812965K(4141888K), 0.0050168 secs] [Times: user=0.03 sys=0.00, real=0.00 secs] 
302640.189: [GC (Allocation Failure) 302640.189: [ParNew: 422169K->1506K(471872K), 0.0049223 secs] 2232421K->1812094K(4141888K), 0.0050330 secs] [Times: user=0.04 sys=0.00, real=0.01 secs] 
302650.592: [GC (Allocation Failure) 302650.592: [ParNew: 420962K->20957K(471872K), 0.0064532 secs] 2231550K->1831789K(4141888K), 0.0065541 secs] [Times: user=0.05 sys=0.00, real=0.01 secs] 
302654.489: [GC (Allocation Failure) 302654.489: [ParNew: 440413K->5836K(471872K), 0.0053366 secs] 2251245K->1817854K(4141888K), 0.0054411 secs] [Times: user=0.03 sys=0.00, real=0.01 secs] 
302662.089: [GC (Allocation Failure) 302662.089: [ParNew: 425292K->3803K(471872K), 0.0049966 secs] 2237310K->1816538K(4141888K), 0.0050928 secs] [Times: user=0.03 sys=0.00, real=0.01 secs] 
302683.886: [GC (Allocation Failure) 302683.887: [ParNew: 423259K->3991K(471872K), 0.0052631 secs] 2235994K->1817007K(4141888K), 0.0053858 secs] [Times: user=0.04 sys=0.00, real=0.00 secs] 
302698.211: [GC (Allocation Failure) 302698.211: [ParNew: 423447K->2138K(471872K), 0.0061057 secs] 2236463K->1818156K(4141888K), 0.0061991 secs] [Times: user=0.05 sys=0.00, real=0.01 secs] 
302712.507: [GC (Allocation Failure) 302712.507: [ParNew: 421594K->25237K(471872K), 0.0066712 secs] 2237612K->1842034K(4141888K), 0.0067920 secs] [Times: user=0.05 sys=0.01, real=0.01 secs] 
302720.443: [GC (Allocation Failure) 302720.443: [ParNew: 444693K->24724K(471872K), 0.0068380 secs] 2261490K->1842638K(4141888K), 0.0069413 secs] [Times: user=0.05 sys=0.00, real=0.01 secs] 
302725.426: [GC (Allocation Failure) 302725.426: [ParNew: 444180K->9515K(471872K), 0.0062622 secs] 2262094K->1827762K(4141888K), 0.0063618 secs] [Times: user=0.04 sys=0.00, real=0.00 secs] 
302735.627: [GC (Allocation Failure) 302735.627: [ParNew: 428971K->6450K(471872K), 0.0055246 secs] 2247218K->1824912K(4141888K), 0.0056168 secs] [Times: user=0.04 sys=0.00, real=0.00 secs] 
302749.243: [GC (Allocation Failure) 302749.243: [ParNew: 425906K->2015K(471872K), 0.0060465 secs] 2244368K->1823242K(4141888K), 0.0061428 secs] [Times: user=0.04 sys=0.00, real=0.01 secs] 
302756.413: [GC (Allocation Failure) 302756.413: [ParNew: 421471K->1526K(471872K), 0.0051271 secs] 2242698K->1823374K(4141888K), 0.0052086 secs] [Times: user=0.04 sys=0.00, real=0.01 secs] 
302772.519: [GC (Allocation Failure) 302772.519: [ParNew: 420982K->21126K(471872K), 0.0073036 secs] 2242830K->1843299K(4141888K), 0.0074110 secs] [Times: user=0.05 sys=0.00, real=0.01 secs] 
302780.672: [GC (Allocation Failure) 302780.672: [ParNew: 440582K->7552K(471872K), 0.0054819 secs] 2262755K->1830781K(4141888K), 0.0055616 secs] [Times: user=0.04 sys=0.00, real=0.01 secs] 
302786.513: [GC (Allocation Failure) 302786.513: [ParNew: 427008K->19849K(471872K), 0.0071929 secs] 2250237K->1843580K(4141888K), 0.0072974 secs] [Times: user=0.06 sys=0.00, real=0.01 secs] 
302815.436: [GC (Allocation Failure) 302815.437: [ParNew: 439305K->10172K(471872K), 0.0057577 secs] 2263036K->1834142K(4141888K), 0.0058625 secs] [Times: user=0.04 sys=0.00, real=0.00 secs] 
302837.500: [GC (Allocation Failure) 302837.500: [ParNew: 429628K->26493K(471872K), 0.0091464 secs] 2253598K->1851777K(4141888K), 0.0092704 secs] [Times: user=0.07 sys=0.00, real=0.01 secs] 
302844.865: [GC (Allocation Failure) 302844.865: [ParNew: 445949K->17654K(471872K), 0.0076646 secs] 2271233K->1844273K(4141888K), 0.0077659 secs] [Times: user=0.06 sys=0.00, real=0.00 secs] 
302856.408: [GC (Allocation Failure) 302856.408: [ParNew: 437110K->10258K(471872K), 0.0051708 secs] 2263729K->1837132K(4141888K), 0.0052495 secs] [Times: user=0.04 sys=0.00, real=0.00 secs] 
302874.079: [GC (Allocation Failure) 302874.079: [ParNew: 429714K->3012K(471872K), 0.0061819 secs] 2256588K->1832849K(4141888K), 0.0062666 secs] [Times: user=0.04 sys=0.00, real=0.01 secs] 
302881.077: [GC (Allocation Failure) 302881.077: [ParNew: 422468K->1749K(471872K), 0.0056368 secs] 2252305K->1832398K(4141888K), 0.0057221 secs] [Times: user=0.04 sys=0.00, real=0.00 secs] 
302884.485: [GC (Allocation Failure) 302884.485: [ParNew: 421205K->887K(471872K), 0.0049220 secs] 2251854K->1832025K(4141888K), 0.0050019 secs] [Times: user=0.03 sys=0.01, real=0.00 secs] 
302891.729: [GC (Allocation Failure) 302891.729: [ParNew: 420343K->9221K(471872K), 0.0072097 secs] 2251481K->1840548K(4141888K), 0.0073093 secs] [Times: user=0.05 sys=0.00, real=0.01 secs] 
302894.826: [GC (Allocation Failure) 302894.826: [ParNew: 428677K->8435K(471872K), 0.0067356 secs] 2260004K->1840566K(4141888K), 0.0068432 secs] [Times: user=0.05 sys=0.00, real=0.00 secs] 
302896.856: [GC (Allocation Failure) 302896.856: [ParNew: 427292K->9980K(471872K), 0.0070820 secs] 2259423K->1842310K(4141888K), 0.0071955 secs] [Times: user=0.04 sys=0.00, real=0.00 secs] 
302899.784: [GC (Allocation Failure) 302899.784: [ParNew: 429436K->10123K(471872K), 0.0066028 secs] 2261766K->1842739K(4141888K), 0.0067021 secs] [Times: user=0.05 sys=0.00, real=0.00 secs] 
302902.638: [GC (Allocation Failure) 302902.638: [ParNew: 429579K->8923K(471872K), 0.0059005 secs] 2262195K->1844184K(4141888K), 0.0059999 secs] [Times: user=0.05 sys=0.00, real=0.00 secs] 
302903.476: [GC (Allocation Failure) 302903.476: [ParNew: 426847K->26480K(471872K), 0.0060727 secs] 2262108K->1861906K(4141888K), 0.0061645 secs] [Times: user=0.04 sys=0.00, real=0.00 secs] 
302906.428: [GC (Allocation Failure) 302906.428: [ParNew: 444315K->28074K(471872K), 0.0066006 secs] 2279741K->1863593K(4141888K), 0.0067125 secs] [Times: user=0.05 sys=0.00, real=0.01 secs] 
302908.683: [GC (Allocation Failure) 302908.683: [ParNew: 447530K->12351K(471872K), 0.0054295 secs] 2283049K->1848025K(4141888K), 0.0055221 secs] [Times: user=0.04 sys=0.00, real=0.01 secs] 
302910.041: [GC (Allocation Failure) 302910.041: [ParNew: 431807K->8234K(471872K), 0.0062564 secs] 2267481K->1846380K(4141888K), 0.0063592 secs] [Times: user=0.04 sys=0.00, real=0.01 secs] 
302910.904: [GC (Allocation Failure) 302910.904: [ParNew: 427690K->3176K(471872K), 0.0062070 secs] 2265836K->1841441K(4141888K), 0.0062878 secs] [Times: user=0.03 sys=0.00, real=0.00 secs] 
302913.968: [GC (Allocation Failure) 302913.968: [ParNew: 422632K->7648K(471872K), 0.0085513 secs] 2260897K->1845961K(4141888K), 0.0086358 secs] [Times: user=0.06 sys=0.01, real=0.01 secs] 
302916.874: [GC (Allocation Failure) 302916.875: [ParNew: 427104K->5974K(471872K), 0.0072841 secs] 2265417K->1846720K(4141888K), 0.0073675 secs] [Times: user=0.05 sys=0.00, real=0.00 secs] 
302918.771: [GC (Allocation Failure) 302918.771: [ParNew: 425430K->8270K(471872K), 0.0053904 secs] 2266176K->1849275K(4141888K), 0.0054673 secs] [Times: user=0.04 sys=0.00, real=0.01 secs] 
302921.736: [GC (Allocation Failure) 302921.736: [ParNew: 427726K->8864K(471872K), 0.0062045 secs] 2268731K->1850017K(4141888K), 0.0062941 secs] [Times: user=0.04 sys=0.00, real=0.00 secs] 
302923.018: [GC (Allocation Failure) 302923.018: [ParNew: 426754K->11936K(471872K), 0.0062565 secs] 2267907K->1853518K(4141888K), 0.0063837 secs] [Times: user=0.04 sys=0.00, real=0.01 secs] 
302923.511: [GC (Allocation Failure) 302923.511: [ParNew: 431329K->8672K(471872K), 0.0054334 secs] 2272912K->1850500K(4141888K), 0.0055320 secs] [Times: user=0.04 sys=0.00, real=0.01 secs] 
302930.702: [GC (Allocation Failure) 302930.702: [ParNew: 428128K->3805K(471872K), 0.0050620 secs] 2269956K->1845690K(4141888K), 0.0051411 secs] [Times: user=0.03 sys=0.01, real=0.01 secs] 
302937.292: [GC (Allocation Failure) 302937.292: [ParNew: 423202K->2679K(471872K), 0.0063713 secs] 2265087K->1846060K(4141888K), 0.0064581 secs] [Times: user=0.05 sys=0.00, real=0.01 secs] 
302948.274: [GC (Allocation Failure) 302948.274: [ParNew: 422135K->2579K(471872K), 0.0055117 secs] 2265516K->1846621K(4141888K), 0.0055839 secs] [Times: user=0.04 sys=0.00, real=0.00 secs] 
302956.036: [GC (Allocation Failure) 302956.036: [ParNew: 422035K->4823K(471872K), 0.0060056 secs] 2266077K->1849673K(4141888K), 0.0060948 secs] [Times: user=0.04 sys=0.00, real=0.00 secs] 
302960.815: [GC (Allocation Failure) 302960.815: [ParNew: 424279K->4268K(471872K), 0.0058284 secs] 2269129K->1850158K(4141888K), 0.0059385 secs] [Times: user=0.04 sys=0.00, real=0.00 secs] 
302969.446: [GC (Allocation Failure) 302969.446: [ParNew: 423724K->7944K(471872K), 0.0055354 secs] 2269614K->1854363K(4141888K), 0.0056414 secs] [Times: user=0.04 sys=0.00, real=0.00 secs] 
302993.078: [GC (Allocation Failure) 302993.078: [ParNew: 427400K->4984K(471872K), 0.0064880 secs] 2273819K->1851821K(4141888K), 0.0065728 secs] [Times: user=0.05 sys=0.00, real=0.01 secs] 
303016.484: [GC (Allocation Failure) 303016.485: [ParNew: 424440K->19260K(471872K), 0.0084069 secs] 2271277K->1870209K(4141888K), 0.0085171 secs] [Times: user=0.06 sys=0.00, real=0.00 secs] 
303022.113: [GC (Allocation Failure) 303022.113: [ParNew: 438716K->4131K(471872K), 0.0068926 secs] 2289665K->1857424K(4141888K), 0.0070057 secs] [Times: user=0.05 sys=0.00, real=0.01 secs] 
303030.503: [GC (Allocation Failure) 303030.503: [ParNew: 423587K->26509K(471872K), 0.0080444 secs] 2276880K->1880483K(4141888K), 0.0081530 secs] [Times: user=0.06 sys=0.00, real=0.01 secs] 
303051.423: [GC (Allocation Failure) 303051.423: [ParNew: 445965K->10199K(471872K), 0.0064264 secs] 2299939K->1864617K(4141888K), 0.0065254 secs] [Times: user=0.04 sys=0.00, real=0.01 secs] 
303078.451: [GC (Allocation Failure) 303078.451: [ParNew: 429655K->20456K(471872K), 0.0099833 secs] 2284073K->1876410K(4141888K), 0.0100860 secs] [Times: user=0.07 sys=0.00, real=0.01 secs] 
303085.467: [GC (Allocation Failure) 303085.467: [ParNew: 439912K->12090K(471872K), 0.0072025 secs] 2295866K->1870042K(4141888K), 0.0072995 secs] [Times: user=0.04 sys=0.01, real=0.01 secs] 
303089.430: [GC (Allocation Failure) 303089.430: [ParNew: 429668K->26069K(471872K), 0.0066687 secs] 2287619K->1884751K(4141888K), 0.0067714 secs] [Times: user=0.05 sys=0.00, real=0.01 secs] 
303094.473: [GC (Allocation Failure) 303094.473: [ParNew: 445456K->18394K(471872K), 0.0160706 secs] 2304138K->1877324K(4141888K), 0.0161690 secs] [Times: user=0.11 sys=0.00, real=0.02 secs] 
303109.845: [GC (Allocation Failure) 303109.845: [ParNew: 437850K->10195K(471872K), 0.0058810 secs] 2296780K->1871602K(4141888K), 0.0059623 secs] [Times: user=0.05 sys=0.00, real=0.00 secs] 
303124.318: [GC (Allocation Failure) 303124.319: [ParNew: 429651K->4024K(471872K), 0.0067543 secs] 2291058K->1866338K(4141888K), 0.0068454 secs] [Times: user=0.04 sys=0.00, real=0.01 secs] 
303142.632: [GC (Allocation Failure) 303142.632: [ParNew: 423480K->17940K(471872K), 0.0075181 secs] 2285794K->1881930K(4141888K), 0.0076182 secs] [Times: user=0.05 sys=0.01, real=0.01 secs] 
303150.535: [GC (Allocation Failure) 303150.535: [ParNew: 437396K->3946K(471872K), 0.0061955 secs] 2301386K->1869312K(4141888K), 0.0062790 secs] [Times: user=0.04 sys=0.00, real=0.00 secs] 
303164.890: [GC (Allocation Failure) 303164.890: [ParNew: 423402K->4245K(471872K), 0.0062535 secs] 2288768K->1869957K(4141888K), 0.0063420 secs] [Times: user=0.04 sys=0.00, real=0.01 secs] 
303183.893: [GC (Allocation Failure) 303183.893: [ParNew: 423701K->10272K(471872K), 0.0076440 secs] 2289413K->1879450K(4141888K), 0.0077504 secs] [Times: user=0.06 sys=0.01, real=0.01 secs] 
303188.703: [GC (Allocation Failure) 303188.703: [ParNew: 429710K->6619K(471872K), 0.0065460 secs] 2298887K->1877413K(4141888K), 0.0066406 secs] [Times: user=0.05 sys=0.00, real=0.01 secs] 
303202.935: [GC (Allocation Failure) 303202.935: [ParNew: 426075K->4898K(471872K), 0.0054167 secs] 2296869K->1876847K(4141888K), 0.0055109 secs] [Times: user=0.04 sys=0.00, real=0.00 secs] 
303209.468: [GC (Allocation Failure) 303209.468: [ParNew: 424354K->14640K(471872K), 0.0149569 secs] 2296303K->1888123K(4141888K), 0.0150642 secs] [Times: user=0.05 sys=0.00, real=0.01 secs] 
303220.251: [GC (Allocation Failure) 303220.251: [ParNew: 434096K->9740K(471872K), 0.0057174 secs] 2307579K->1883709K(4141888K), 0.0057995 secs] [Times: user=0.04 sys=0.00, real=0.01 secs] 
303240.045: [GC (Allocation Failure) 303240.045: [ParNew: 429196K->2829K(471872K), 0.0074347 secs] 2303165K->1879703K(4141888K), 0.0075146 secs] [Times: user=0.05 sys=0.00, real=0.00 secs] 
303245.945: [GC (Allocation Failure) 303245.945: [ParNew: 422285K->2180K(471872K), 0.0067683 secs] 2299159K->1880314K(4141888K), 0.0068462 secs] [Times: user=0.04 sys=0.00, real=0.00 secs] 
303251.934: [GC (Allocation Failure) 303251.934: [ParNew: 421174K->4565K(471872K), 0.0052404 secs] 2299308K->1883281K(4141888K), 0.0053250 secs] [Times: user=0.03 sys=0.00, real=0.00 secs] 
303259.842: [GC (Allocation Failure) 303259.842: [ParNew: 424021K->3046K(471872K), 0.0053500 secs] 2302737K->1882496K(4141888K), 0.0054251 secs] [Times: user=0.04 sys=0.00, real=0.01 secs] 
303265.452: [GC (Allocation Failure) 303265.452: [ParNew: 421988K->14711K(471872K), 0.0081803 secs] 2301438K->1895391K(4141888K), 0.0082636 secs] [Times: user=0.05 sys=0.00, real=0.01 secs] 
303272.411: [GC (Allocation Failure) 303272.411: [ParNew: 434167K->16726K(471872K), 0.0080344 secs] 2314847K->1897794K(4141888K), 0.0081255 secs] [Times: user=0.04 sys=0.00, real=0.01 secs] 
303277.669: [GC (Allocation Failure) 303277.669: [ParNew: 436182K->3570K(471872K), 0.0074449 secs] 2317250K->1885093K(4141888K), 0.0075274 secs] [Times: user=0.04 sys=0.00, real=0.01 secs] 
303298.276: [GC (Allocation Failure) 303298.276: [ParNew: 423026K->5228K(471872K), 0.0062208 secs] 2304549K->1889260K(4141888K), 0.0063151 secs] [Times: user=0.04 sys=0.00, real=0.00 secs] 
303303.086: [GC (Allocation Failure) 303303.086: [ParNew: 424684K->4244K(471872K), 0.0068308 secs] 2308716K->1890328K(4141888K), 0.0069120 secs] [Times: user=0.04 sys=0.01, real=0.00 secs] 
303309.205: [GC (Allocation Failure) 303309.205: [ParNew: 423700K->3434K(471872K), 0.0057621 secs] 2309784K->1890090K(4141888K), 0.0058402 secs] [Times: user=0.05 sys=0.00, real=0.00 secs] 
303314.093: [GC (Allocation Failure) 303314.093: [ParNew: 422890K->5192K(471872K), 0.0054376 secs] 2309546K->1892231K(4141888K), 0.0055292 secs] [Times: user=0.04 sys=0.00, real=0.01 secs] 
303316.227: [GC (Allocation Failure) 303316.227: [ParNew: 424461K->4139K(471872K), 0.0072968 secs] 2311500K->1891711K(4141888K), 0.0073776 secs] [Times: user=0.05 sys=0.00, real=0.01 secs] 
303320.155: [GC (Allocation Failure) 303320.155: [ParNew: 423595K->4986K(471872K), 0.0065869 secs] 2311167K->1892789K(4141888K), 0.0066945 secs] [Times: user=0.04 sys=0.00, real=0.00 secs] 
303322.383: [GC (Allocation Failure) 303322.383: [ParNew: 424266K->5230K(471872K), 0.0064520 secs] 2312069K->1893365K(4141888K), 0.0065268 secs] [Times: user=0.04 sys=0.00, real=0.01 secs] 
303325.103: [GC (Allocation Failure) 303325.103: [ParNew: 424686K->4502K(471872K), 0.0062223 secs] 2312821K->1892826K(4141888K), 0.0063056 secs] [Times: user=0.04 sys=0.00, real=0.01 secs] 
303327.182: [GC (Allocation Failure) 303327.182: [ParNew: 423958K->7929K(471872K), 0.0054006 secs] 2312282K->1896720K(4141888K), 0.0055185 secs] [Times: user=0.04 sys=0.01, real=0.01 secs] 
303330.456: [GC (Allocation Failure) 303330.456: [ParNew: 426426K->1383K(471872K), 0.0050052 secs] 2315217K->1892615K(4141888K), 0.0050917 secs] [Times: user=0.04 sys=0.00, real=0.00 secs] 
303332.175: [GC (Allocation Failure) 303332.175: [ParNew: 420839K->5142K(471872K), 0.0086298 secs] 2312071K->1896635K(4141888K), 0.0087235 secs] [Times: user=0.06 sys=0.00, real=0.00 secs] 
303334.478: [GC (Allocation Failure) 303334.478: [ParNew: 424598K->5569K(471872K), 0.0062632 secs] 2316091K->1897206K(4141888K), 0.0063431 secs] [Times: user=0.04 sys=0.00, real=0.01 secs] 
303336.192: [GC (Allocation Failure) 303336.192: [ParNew: 425025K->6990K(471872K), 0.0064894 secs] 2316662K->1898812K(4141888K), 0.0065697 secs] [Times: user=0.04 sys=0.00, real=0.01 secs] 
303338.421: [GC (Allocation Failure) 303338.421: [ParNew: 426021K->8394K(471872K), 0.0084336 secs] 2317843K->1902769K(4141888K), 0.0085301 secs] [Times: user=0.06 sys=0.00, real=0.01 secs] 
303339.515: [GC (Allocation Failure) 303339.515: [ParNew: 427850K->14011K(471872K), 0.0073167 secs] 2322225K->1908572K(4141888K), 0.0074048 secs] [Times: user=0.05 sys=0.00, real=0.00 secs] 
303339.843: [GC (Allocation Failure) 303339.843: [ParNew: 433401K->9994K(471872K), 0.0057515 secs] 2327962K->1907220K(4141888K), 0.0058402 secs] [Times: user=0.04 sys=0.00, real=0.01 secs] 
303340.288: [GC (Allocation Failure) 303340.288: [ParNew: 429450K->8058K(471872K), 0.0060598 secs] 2326676K->1908007K(4141888K), 0.0061486 secs] [Times: user=0.04 sys=0.00, real=0.01 secs] 
303340.683: [GC (Allocation Failure) 303340.683: [ParNew: 427514K->6046K(471872K), 0.0047069 secs] 2327463K->1906076K(4141888K), 0.0047838 secs] [Times: user=0.04 sys=0.00, real=0.01 secs] 
303343.220: [GC (Allocation Failure) 303343.220: [ParNew: 425502K->6339K(471872K), 0.0057937 secs] 2325532K->1908543K(4141888K), 0.0058782 secs] [Times: user=0.04 sys=0.00, real=0.01 secs] 
303345.246: [GC (Allocation Failure) 303345.246: [ParNew: 425795K->6355K(471872K), 0.0055406 secs] 2327999K->1908945K(4141888K), 0.0056255 secs] [Times: user=0.04 sys=0.00, real=0.00 secs] 
303366.064: [GC (Allocation Failure) 303366.064: [ParNew: 425811K->4188K(471872K), 0.0057591 secs] 2328401K->1906899K(4141888K), 0.0059020 secs] [Times: user=0.04 sys=0.00, real=0.00 secs] 
303383.551: [GC (Allocation Failure) 303383.551: [ParNew: 423644K->16189K(471872K), 0.0083365 secs] 2326355K->1920928K(4141888K), 0.0084454 secs] [Times: user=0.06 sys=0.00, real=0.01 secs] 
303392.441: [GC (Allocation Failure) 303392.441: [ParNew: 435645K->24293K(471872K), 0.0067691 secs] 2340384K->1930122K(4141888K), 0.0068656 secs] [Times: user=0.05 sys=0.00, real=0.01 secs] 
303399.450: [GC (Allocation Failure) 303399.450: [ParNew: 443749K->11681K(471872K), 0.0066950 secs] 2349578K->1918065K(4141888K), 0.0067965 secs] [Times: user=0.05 sys=0.00, real=0.01 secs] 
303407.238: [GC (Allocation Failure) 303407.238: [ParNew: 431137K->6972K(471872K), 0.0066753 secs] 2337521K->1914104K(4141888K), 0.0067747 secs] [Times: user=0.04 sys=0.01, real=0.01 secs] 
303414.570: [GC (Allocation Failure) 303414.570: [ParNew: 426428K->4830K(471872K), 0.0061948 secs] 2333560K->1914883K(4141888K), 0.0062918 secs] [Times: user=0.05 sys=0.00, real=0.01 secs] 
303423.063: [GC (Allocation Failure) 303423.063: [ParNew: 424286K->3328K(471872K), 0.0054040 secs] 2334339K->1914542K(4141888K), 0.0054891 secs] [Times: user=0.04 sys=0.00, real=0.01 secs] 
303429.083: [GC (Allocation Failure) 303429.083: [ParNew: 422784K->3910K(471872K), 0.0055099 secs] 2333998K->1916125K(4141888K), 0.0055992 secs] [Times: user=0.04 sys=0.00, real=0.01 secs] 
303434.110: [GC (Allocation Failure) 303434.110: [ParNew: 423217K->5300K(471872K), 0.0060846 secs] 2335433K->1917970K(4141888K), 0.0061703 secs] [Times: user=0.04 sys=0.00, real=0.01 secs] 
303440.595: [GC (Allocation Failure) 303440.595: [ParNew: 424756K->2034K(471872K), 0.0052548 secs] 2337426K->1914996K(4141888K), 0.0053532 secs] [Times: user=0.04 sys=0.00, real=0.00 secs] 
303444.260: [GC (Allocation Failure) 303444.260: [ParNew: 421490K->5809K(471872K), 0.0063719 secs] 2334452K->1919267K(4141888K), 0.0064684 secs] [Times: user=0.04 sys=0.00, real=0.01 secs] 
303447.295: [GC (Allocation Failure) 303447.295: [ParNew: 425265K->4585K(471872K), 0.0049755 secs] 2338723K->1918400K(4141888K), 0.0050517 secs] [Times: user=0.04 sys=0.00, real=0.00 secs] 
303453.063: [GC (Allocation Failure) 303453.063: [ParNew: 424041K->3723K(471872K), 0.0051928 secs] 2337856K->1917837K(4141888K), 0.0052731 secs] [Times: user=0.04 sys=0.00, real=0.01 secs] 
303456.409: [GC (Allocation Failure) 303456.409: [ParNew: 423179K->4370K(471872K), 0.0052559 secs] 2337293K->1918939K(4141888K), 0.0053449 secs] [Times: user=0.04 sys=0.00, real=0.01 secs] 
303457.735: [GC (Allocation Failure) 303457.735: [ParNew: 423826K->5008K(471872K), 0.0049394 secs] 2338395K->1919888K(4141888K), 0.0050151 secs] [Times: user=0.04 sys=0.00, real=0.00 secs] 
303461.635: [GC (Allocation Failure) 303461.635: [ParNew: 424464K->4256K(471872K), 0.0048135 secs] 2339344K->1919282K(4141888K), 0.0048935 secs] [Times: user=0.04 sys=0.00, real=0.00 secs] 
303468.177: [GC (Allocation Failure) 303468.177: [ParNew: 423712K->2254K(471872K), 0.0059511 secs] 2338738K->1919818K(4141888K), 0.0060462 secs] [Times: user=0.04 sys=0.00, real=0.00 secs] 
303471.581: [GC (Allocation Failure) 303471.581: [ParNew: 421710K->2970K(471872K), 0.0052952 secs] 2339274K->1921051K(4141888K), 0.0053687 secs] [Times: user=0.04 sys=0.00, real=0.01 secs] 
303474.456: [GC (Allocation Failure) 303474.456: [ParNew: 422426K->1197K(471872K), 0.0049673 secs] 2340507K->1919565K(4141888K), 0.0050438 secs] [Times: user=0.03 sys=0.00, real=0.00 secs] 
303477.839: [GC (Allocation Failure) 303477.839: [ParNew: 420500K->4073K(471872K), 0.0056387 secs] 2338869K->1922713K(4141888K), 0.0057187 secs] [Times: user=0.04 sys=0.00, real=0.01 secs] 
303479.230: [GC (Allocation Failure) 303479.230: [ParNew: 423529K->4436K(471872K), 0.0047469 secs] 2342169K->1923365K(4141888K), 0.0048199 secs] [Times: user=0.03 sys=0.00, real=0.01 secs] 
303484.949: [GC (Allocation Failure) 303484.949: [ParNew: 423892K->1672K(471872K), 0.0048781 secs] 2342821K->1920706K(4141888K), 0.0049616 secs] [Times: user=0.03 sys=0.00, real=0.01 secs] 
303504.564: [GC (Allocation Failure) 303504.564: [ParNew: 421128K->14641K(471872K), 0.0079015 secs] 2340162K->1934557K(4141888K), 0.0080057 secs] [Times: user=0.05 sys=0.00, real=0.00 secs] 
303509.465: [GC (Allocation Failure) 303509.465: [ParNew: 434097K->16283K(471872K), 0.0080031 secs] 2354013K->1937365K(4141888K), 0.0081048 secs] [Times: user=0.06 sys=0.00, real=0.00 secs] 
303514.433: [GC (Allocation Failure) 303514.433: [ParNew: 434797K->26343K(471872K), 0.0071403 secs] 2355879K->1947960K(4141888K), 0.0072410 secs] [Times: user=0.05 sys=0.00, real=0.01 secs] 
303519.789: [GC (Allocation Failure) 303519.789: [ParNew: 445799K->6074K(471872K), 0.0056846 secs] 2367416K->1928551K(4141888K), 0.0057669 secs] [Times: user=0.04 sys=0.00, real=0.01 secs] 
303527.225: [GC (Allocation Failure) 303527.225: [ParNew: 425530K->4455K(471872K), 0.0059013 secs] 2348007K->1927274K(4141888K), 0.0059967 secs] [Times: user=0.04 sys=0.00, real=0.00 secs] 
303534.836: [GC (Allocation Failure) 303534.836: [ParNew: 423911K->2181K(471872K), 0.0061389 secs] 2346730K->1928379K(4141888K), 0.0062226 secs] [Times: user=0.04 sys=0.00, real=0.00 secs] 
303548.611: [GC (Allocation Failure) 303548.611: [ParNew: 421637K->2202K(471872K), 0.0061919 secs] 2347835K->1928990K(4141888K), 0.0062832 secs] [Times: user=0.04 sys=0.00, real=0.01 secs] 
303553.441: [GC (Allocation Failure) 303553.441: [ParNew: 421658K->1729K(471872K), 0.0083488 secs] 2348446K->1929640K(4141888K), 0.0084505 secs] [Times: user=0.04 sys=0.00, real=0.01 secs] 
303566.525: [GC (Allocation Failure) 303566.525: [ParNew: 421185K->24203K(471872K), 0.0102393 secs] 2349096K->1952837K(4141888K), 0.0104183 secs] [Times: user=0.07 sys=0.01, real=0.01 secs] 
303575.420: [GC (Allocation Failure) 303575.420: [ParNew: 441928K->25250K(471872K), 0.0071588 secs] 2370563K->1954975K(4141888K), 0.0072700 secs] [Times: user=0.05 sys=0.00, real=0.01 secs] 
303588.720: [GC (Allocation Failure) 303588.720: [ParNew: 444706K->6200K(471872K), 0.0071556 secs] 2374431K->1936392K(4141888K), 0.0072384 secs] [Times: user=0.04 sys=0.00, real=0.01 secs] 
303609.767: [GC (Allocation Failure) 303609.767: [ParNew: 425656K->3359K(471872K), 0.0082771 secs] 2355848K->1936436K(4141888K), 0.0083780 secs] [Times: user=0.05 sys=0.00, real=0.01 secs] 
303626.518: [GC (Allocation Failure) 303626.518: [ParNew: 422719K->20580K(471872K), 0.0075044 secs] 2355795K->1955122K(4141888K), 0.0076200 secs] [Times: user=0.05 sys=0.00, real=0.01 secs] 
303635.148: [GC (Allocation Failure) 303635.148: [ParNew: 440036K->6316K(471872K), 0.0057241 secs] 2374578K->1941828K(4141888K), 0.0058232 secs] [Times: user=0.04 sys=0.00, real=0.00 secs] 
303640.591: [GC (Allocation Failure) 303640.591: [ParNew: 425772K->18311K(471872K), 0.0081051 secs] 2361284K->1954285K(4141888K), 0.0082164 secs] [Times: user=0.06 sys=0.00, real=0.01 secs] 
303673.064: [GC (Allocation Failure) 303673.064: [ParNew: 437767K->12542K(471872K), 0.0052792 secs] 2373741K->1948709K(4141888K), 0.0053595 secs] [Times: user=0.04 sys=0.00, real=0.01 secs] 
303678.751: [GC (Allocation Failure) 303678.752: [ParNew: 431998K->5494K(471872K), 0.0072022 secs] 2368165K->1946094K(4141888K), 0.0072994 secs] [Times: user=0.04 sys=0.00, real=0.01 secs] 
303682.779: [GC (Allocation Failure) 303682.779: [ParNew: 424950K->3634K(471872K), 0.0050723 secs] 2365550K->1944486K(4141888K), 0.0051574 secs] [Times: user=0.03 sys=0.00, real=0.01 secs] 
303687.771: [GC (Allocation Failure) 303687.771: [ParNew: 423090K->9943K(471872K), 0.0054913 secs] 2363942K->1951201K(4141888K), 0.0055776 secs] [Times: user=0.04 sys=0.00, real=0.01 secs] 
303688.847: [GC (Allocation Failure) 303688.847: [ParNew: 429399K->10216K(471872K), 0.0050112 secs] 2370657K->1951938K(4141888K), 0.0050984 secs] [Times: user=0.04 sys=0.01, real=0.00 secs] 
303691.398: [GC (Allocation Failure) 303691.398: [ParNew: 429672K->6098K(471872K), 0.0057140 secs] 2371394K->1950249K(4141888K), 0.0058090 secs] [Times: user=0.04 sys=0.00, real=0.00 secs] 
303693.038: [GC (Allocation Failure) 303693.038: [ParNew: 425554K->11640K(471872K), 0.0061150 secs] 2369705K->1956010K(4141888K), 0.0062073 secs] [Times: user=0.05 sys=0.00, real=0.01 secs] 
303695.150: [GC (Allocation Failure) 303695.150: [ParNew: 431096K->2495K(471872K), 0.0057658 secs] 2375466K->1949458K(4141888K), 0.0058481 secs] [Times: user=0.04 sys=0.00, real=0.01 secs] 
303697.775: [GC (Allocation Failure) 303697.775: [ParNew: 421951K->10736K(471872K), 0.0056981 secs] 2368914K->1957900K(4141888K), 0.0057935 secs] [Times: user=0.04 sys=0.00, real=0.00 secs] 
303698.225: [GC (Allocation Failure) 303698.226: [ParNew: 430192K->8679K(471872K), 0.0065540 secs] 2377356K->1958300K(4141888K), 0.0066413 secs] [Times: user=0.05 sys=0.00, real=0.00 secs] 
303700.024: [GC (Allocation Failure) 303700.024: [ParNew: 428135K->8923K(471872K), 0.0051788 secs] 2377756K->1958586K(4141888K), 0.0052789 secs] [Times: user=0.03 sys=0.00, real=0.01 secs] 
303701.145: [GC (Allocation Failure) 303701.145: [ParNew: 428379K->10457K(471872K), 0.0066311 secs] 2378042K->1962602K(4141888K), 0.0067385 secs] [Times: user=0.05 sys=0.01, real=0.00 secs] 
303702.616: [GC (Allocation Failure) 303702.616: [ParNew: 429795K->6621K(471872K), 0.0050013 secs] 2381940K->1959733K(4141888K), 0.0050790 secs] [Times: user=0.03 sys=0.00, real=0.00 secs] 
303704.438: [GC (Allocation Failure) 303704.439: [ParNew: 426077K->19054K(471872K), 0.0070082 secs] 2379189K->1974671K(4141888K), 0.0071112 secs] [Times: user=0.05 sys=0.00, real=0.01 secs] 
303705.373: [GC (Allocation Failure) 303705.373: [ParNew: 438510K->10452K(471872K), 0.0049177 secs] 2394127K->1966874K(4141888K), 0.0050029 secs] [Times: user=0.04 sys=0.00, real=0.01 secs] 
303708.826: [GC (Allocation Failure) 303708.826: [ParNew: 429908K->5775K(471872K), 0.0063337 secs] 2386330K->1964686K(4141888K), 0.0064370 secs] [Times: user=0.05 sys=0.00, real=0.00 secs] 
303709.260: [GC (Allocation Failure) 303709.260: [ParNew: 425231K->9202K(471872K), 0.0055320 secs] 2384142K->1968613K(4141888K), 0.0056256 secs] [Times: user=0.04 sys=0.00, real=0.01 secs] 
303713.052: [GC (Allocation Failure) 303713.052: [ParNew: 428658K->10237K(471872K), 0.0052312 secs] 2388069K->1969712K(4141888K), 0.0053177 secs] [Times: user=0.04 sys=0.00, real=0.01 secs] 
303714.205: [GC (Allocation Failure) 303714.205: [ParNew: 429693K->6259K(471872K), 0.0076214 secs] 2389168K->1966386K(4141888K), 0.0077269 secs] [Times: user=0.04 sys=0.00, real=0.00 secs] 
303738.297: [GC (Allocation Failure) 303738.297: [ParNew: 425715K->4521K(471872K), 0.0055900 secs] 2385842K->1964698K(4141888K), 0.0056718 secs] [Times: user=0.04 sys=0.00, real=0.00 secs] 
303763.867: [GC (Allocation Failure) 303763.867: [ParNew: 423977K->4791K(471872K), 0.0060224 secs] 2384154K->1967239K(4141888K), 0.0061124 secs] [Times: user=0.04 sys=0.00, real=0.00 secs] 
303801.200: [GC (Allocation Failure) 303801.200: [ParNew: 424247K->3281K(471872K), 0.0073557 secs] 2386695K->1969215K(4141888K), 0.0074516 secs] [Times: user=0.05 sys=0.00, real=0.01 secs] 
303818.297: [GC (Allocation Failure) 303818.297: [ParNew: 422737K->3495K(471872K), 0.0059077 secs] 2388671K->1971202K(4141888K), 0.0059993 secs] [Times: user=0.04 sys=0.01, real=0.00 secs] 
303846.165: [GC (Allocation Failure) 303846.165: [ParNew: 422951K->4739K(471872K), 0.0061065 secs] 2390658K->1973117K(4141888K), 0.0062126 secs] [Times: user=0.04 sys=0.00, real=0.00 secs] 
303855.123: [GC (Allocation Failure) 303855.123: [ParNew: 424024K->2918K(471872K), 0.0062160 secs] 2392403K->1974725K(4141888K), 0.0063156 secs] [Times: user=0.04 sys=0.00, real=0.01 secs] 
303874.081: [GC (Allocation Failure) 303874.081: [ParNew: 422374K->2384K(471872K), 0.0049434 secs] 2394181K->1974684K(4141888K), 0.0050353 secs] [Times: user=0.04 sys=0.00, real=0.01 secs] 
303886.819: [GC (Allocation Failure) 303886.819: [ParNew: 421756K->5620K(471872K), 0.0056472 secs] 2394057K->1979119K(4141888K), 0.0057282 secs] [Times: user=0.03 sys=0.00, real=0.01 secs] 
303898.023: [GC (Allocation Failure) 303898.023: [ParNew: 425076K->2779K(471872K), 0.0061433 secs] 2398575K->1979130K(4141888K), 0.0062240 secs] [Times: user=0.04 sys=0.01, real=0.01 secs] 
303941.519: [GC (Allocation Failure) 303941.519: [ParNew: 422235K->24485K(471872K), 0.0066914 secs] 2398586K->2002226K(4141888K), 0.0068068 secs] [Times: user=0.05 sys=0.01, real=0.01 secs] 
303969.243: [GC (Allocation Failure) 303969.243: [ParNew: 443540K->9118K(471872K), 0.0066497 secs] 2421281K->1988880K(4141888K), 0.0067397 secs] [Times: user=0.05 sys=0.00, real=0.01 secs] 
303974.241: [GC (Allocation Failure) 303974.241: [ParNew: 428574K->6160K(471872K), 0.0095369 secs] 2408336K->1990029K(4141888K), 0.0096279 secs] [Times: user=0.05 sys=0.00, real=0.01 secs] 
303977.328: [GC (Allocation Failure) 303977.328: [ParNew: 425616K->4559K(471872K), 0.0074301 secs] 2409485K->1989005K(4141888K), 0.0075106 secs] [Times: user=0.03 sys=0.00, real=0.01 secs] 
303980.416: [GC (Allocation Failure) 303980.416: [ParNew: 424015K->5943K(471872K), 0.0067027 secs] 2408461K->1991745K(4141888K), 0.0067951 secs] [Times: user=0.05 sys=0.00, real=0.00 secs] 
303981.716: [GC (Allocation Failure) 303981.716: [ParNew: 425399K->7768K(471872K), 0.0050535 secs] 2411201K->1993951K(4141888K), 0.0051303 secs] [Times: user=0.04 sys=0.00, real=0.00 secs] 
303984.377: [GC (Allocation Failure) 303984.377: [ParNew: 426735K->7607K(471872K), 0.0053251 secs] 2412917K->1993943K(4141888K), 0.0054194 secs] [Times: user=0.04 sys=0.00, real=0.00 secs] 
303993.049: [GC (Allocation Failure) 303993.049: [ParNew: 427063K->2742K(471872K), 0.0046207 secs] 2413399K->1989271K(4141888K), 0.0046979 secs] [Times: user=0.04 sys=0.00, real=0.01 secs] 
303998.607: [GC (Allocation Failure) 303998.607: [ParNew: 422127K->3671K(471872K), 0.0051135 secs] 2408656K->1991584K(4141888K), 0.0051923 secs] [Times: user=0.04 sys=0.00, real=0.00 secs] 
304002.462: [GC (Allocation Failure) 304002.462: [ParNew: 423127K->14794K(471872K), 0.0076839 secs] 2411040K->2003046K(4141888K), 0.0077866 secs] [Times: user=0.05 sys=0.01, real=0.01 secs] 
304007.100: [GC (Allocation Failure) 304007.100: [ParNew: 434250K->4766K(471872K), 0.0065274 secs] 2422502K->1993336K(4141888K), 0.0066087 secs] [Times: user=0.04 sys=0.00, real=0.01 secs] 
304009.791: [GC (Allocation Failure) 304009.791: [ParNew: 424222K->1605K(471872K), 0.0063764 secs] 2412792K->1992799K(4141888K), 0.0064545 secs] [Times: user=0.04 sys=0.00, real=0.01 secs] 
304023.556: [GC (Allocation Failure) 304023.556: [ParNew: 421061K->6470K(471872K), 0.0055880 secs] 2412255K->1997806K(4141888K), 0.0056710 secs] [Times: user=0.04 sys=0.00, real=0.00 secs] 
304045.966: [GC (Allocation Failure) 304045.967: [ParNew: 425926K->2611K(471872K), 0.0055430 secs] 2417262K->1995461K(4141888K), 0.0056222 secs] [Times: user=0.04 sys=0.00, real=0.00 secs] 
304063.553: [GC (Allocation Failure) 304063.553: [ParNew: 422067K->19047K(471872K), 0.0082432 secs] 2414917K->2013103K(4141888K), 0.0083543 secs] [Times: user=0.06 sys=0.00, real=0.01 secs] 
304095.856: [GC (Allocation Failure) 304095.856: [ParNew: 438503K->8832K(471872K), 0.0088830 secs] 2432559K->2005969K(4141888K), 0.0089695 secs] [Times: user=0.06 sys=0.00, real=0.01 secs] 
304109.181: [GC (Allocation Failure) 304109.181: [ParNew: 428160K->8448K(471872K), 0.0063184 secs] 2425297K->2008286K(4141888K), 0.0064079 secs] [Times: user=0.04 sys=0.00, real=0.01 secs] 
304115.032: [GC (Allocation Failure) 304115.032: [ParNew: 427904K->5667K(471872K), 0.0053124 secs] 2427742K->2006307K(4141888K), 0.0053903 secs] [Times: user=0.03 sys=0.00, real=0.01 secs] 
304117.157: [GC (Allocation Failure) 304117.158: [ParNew: 425123K->6289K(471872K), 0.0055875 secs] 2425763K->2007436K(4141888K), 0.0056743 secs] [Times: user=0.04 sys=0.00, real=0.00 secs] 
304122.094: [GC (Allocation Failure) 304122.094: [ParNew: 425745K->9177K(471872K), 0.0050805 secs] 2426892K->2010755K(4141888K), 0.0051683 secs] [Times: user=0.03 sys=0.00, real=0.00 secs] 
304124.626: [GC (Allocation Failure) 304124.626: [ParNew: 428633K->6887K(471872K), 0.0051998 secs] 2430211K->2009277K(4141888K), 0.0052827 secs] [Times: user=0.04 sys=0.00, real=0.00 secs] 
304126.171: [GC (Allocation Failure) 304126.171: [ParNew: 426343K->3731K(471872K), 0.0057839 secs] 2428733K->2006577K(4141888K), 0.0058735 secs] [Times: user=0.04 sys=0.00, real=0.01 secs] 
304132.201: [GC (Allocation Failure) 304132.201: [ParNew: 423187K->3949K(471872K), 0.0058791 secs] 2426033K->2009221K(4141888K), 0.0059642 secs] [Times: user=0.04 sys=0.00, real=0.01 secs] 
304136.076: [GC (Allocation Failure) 304136.076: [ParNew: 423405K->2598K(471872K), 0.0048520 secs] 2428677K->2008293K(4141888K), 0.0049261 secs] [Times: user=0.04 sys=0.00, real=0.00 secs] 
304137.369: [GC (Allocation Failure) 304137.369: [ParNew: 422054K->7700K(471872K), 0.0056487 secs] 2427749K->2013905K(4141888K), 0.0057481 secs] [Times: user=0.04 sys=0.00, real=0.01 secs] 
304141.183: [GC (Allocation Failure) 304141.183: [ParNew: 427156K->3133K(471872K), 0.0047650 secs] 2433361K->2009952K(4141888K), 0.0048395 secs] [Times: user=0.04 sys=0.01, real=0.01 secs] 
304144.209: [GC (Allocation Failure) 304144.209: [ParNew: 422589K->6367K(471872K), 0.0054630 secs] 2429408K->2013848K(4141888K), 0.0055484 secs] [Times: user=0.04 sys=0.00, real=0.01 secs] 
304147.992: [GC (Allocation Failure) 304147.992: [ParNew: 425823K->7382K(471872K), 0.0049993 secs] 2433304K->2015086K(4141888K), 0.0050799 secs] [Times: user=0.04 sys=0.00, real=0.01 secs] 
304150.991: [GC (Allocation Failure) 304150.991: [ParNew: 426838K->7026K(471872K), 0.0047280 secs] 2434542K->2015012K(4141888K), 0.0048249 secs] [Times: user=0.04 sys=0.00, real=0.01 secs] 
304153.183: [GC (Allocation Failure) 304153.183: [ParNew: 426482K->5609K(471872K), 0.0082176 secs] 2434468K->2013941K(4141888K), 0.0083041 secs] [Times: user=0.04 sys=0.00, real=0.01 secs] 
304155.344: [GC (Allocation Failure) 304155.344: [ParNew: 425065K->6556K(471872K), 0.0049097 secs] 2433397K->2015312K(4141888K), 0.0049995 secs] [Times: user=0.04 sys=0.00, real=0.00 secs] 
304158.098: [GC (Allocation Failure) 304158.098: [ParNew: 426012K->4921K(471872K), 0.0070498 secs] 2434768K->2013956K(4141888K), 0.0071330 secs] [Times: user=0.03 sys=0.00, real=0.01 secs] 
304160.292: [GC (Allocation Failure) 304160.292: [ParNew: 424377K->8613K(471872K), 0.0058690 secs] 2433412K->2017895K(4141888K), 0.0059770 secs] [Times: user=0.04 sys=0.01, real=0.01 secs] 
304163.132: [GC (Allocation Failure) 304163.132: [ParNew: 428069K->7811K(471872K), 0.0051206 secs] 2437351K->2017314K(4141888K), 0.0052164 secs] [Times: user=0.04 sys=0.00, real=0.01 secs] 
304164.046: [GC (Allocation Failure) 304164.046: [ParNew: 426267K->7816K(471872K), 0.0055924 secs] 2435771K->2017791K(4141888K), 0.0056704 secs] [Times: user=0.04 sys=0.00, real=0.00 secs] 
304166.094: [GC (Allocation Failure) 304166.094: [ParNew: 427272K->7808K(471872K), 0.0055317 secs] 2437247K->2018234K(4141888K), 0.0056153 secs] [Times: user=0.04 sys=0.00, real=0.00 secs] 
304168.323: [GC (Allocation Failure) 304168.323: [ParNew: 427264K->9558K(471872K), 0.0057704 secs] 2437690K->2020329K(4141888K), 0.0058593 secs] [Times: user=0.04 sys=0.00, real=0.01 secs] 
304170.035: [GC (Allocation Failure) 304170.035: [ParNew: 429014K->10268K(471872K), 0.0055864 secs] 2439785K->2021290K(4141888K), 0.0056748 secs] [Times: user=0.04 sys=0.01, real=0.00 secs] 
304171.659: [GC (Allocation Failure) 304171.659: [ParNew: 429724K->4035K(471872K), 0.0047241 secs] 2440746K->2015433K(4141888K), 0.0047919 secs] [Times: user=0.04 sys=0.00, real=0.01 secs] 
304174.461: [GC (Allocation Failure) 304174.461: [ParNew: 423491K->8975K(471872K), 0.0053407 secs] 2434889K->2021037K(4141888K), 0.0054290 secs] [Times: user=0.04 sys=0.00, real=0.01 secs] 
304175.936: [GC (Allocation Failure) 304175.936: [ParNew: 428431K->9947K(471872K), 0.0054997 secs] 2440493K->2022520K(4141888K), 0.0055855 secs] [Times: user=0.04 sys=0.00, real=0.00 secs] 
304178.212: [GC (Allocation Failure) 304178.212: [ParNew: 429403K->12627K(471872K), 0.0063126 secs] 2441976K->2025494K(4141888K), 0.0064015 secs] [Times: user=0.04 sys=0.00, real=0.01 secs] 
304181.329: [GC (Allocation Failure) 304181.329: [ParNew: 432083K->12471K(471872K), 0.0051332 secs] 2444950K->2026273K(4141888K), 0.0052235 secs] [Times: user=0.04 sys=0.00, real=0.01 secs] 
304183.032: [GC (Allocation Failure) 304183.032: [ParNew: 431113K->2797K(471872K), 0.0055663 secs] 2444916K->2017085K(4141888K), 0.0056430 secs] [Times: user=0.04 sys=0.00, real=0.01 secs] 
304184.977: [GC (Allocation Failure) 304184.977: [ParNew: 422253K->11597K(471872K), 0.0059132 secs] 2436541K->2026020K(4141888K), 0.0060111 secs] [Times: user=0.05 sys=0.00, real=0.00 secs] 
304186.275: [GC (Allocation Failure) 304186.275: [ParNew: 431053K->11856K(471872K), 0.0060070 secs] 2445476K->2026406K(4141888K), 0.0061082 secs] [Times: user=0.05 sys=0.00, real=0.00 secs] 
304188.741: [GC (Allocation Failure) 304188.741: [ParNew: 431312K->6811K(471872K), 0.0056891 secs] 2445862K->2023791K(4141888K), 0.0057731 secs] [Times: user=0.05 sys=0.00, real=0.01 secs] 
304189.956: [GC (Allocation Failure) 304189.956: [ParNew: 426340K->17609K(471872K), 0.0066173 secs] 2443320K->2034944K(4141888K), 0.0067111 secs] [Times: user=0.05 sys=0.00, real=0.00 secs] 
304189.965: [GC (GCLocker Initiated GC) 304189.965: [ParNew: 26107K->6031K(471872K), 0.0240184 secs] 2043441K->2040371K(4141888K), 0.0241095 secs] [Times: user=0.09 sys=0.01, real=0.02 secs] 
304190.149: [GC (Allocation Failure) 304190.149: [ParNew: 425487K->10708K(471872K), 0.0060877 secs] 2459827K->2045367K(4141888K), 0.0061776 secs] [Times: user=0.05 sys=0.00, real=0.01 secs] 
304190.566: [GC (Allocation Failure) 304190.566: [ParNew: 430164K->10187K(471872K), 0.0064163 secs] 2464823K->2050359K(4141888K), 0.0065063 secs] [Times: user=0.05 sys=0.00, real=0.00 secs] 
304191.021: [GC (Allocation Failure) 304191.021: [ParNew: 429643K->5504K(471872K), 0.0049631 secs] 2469815K->2046654K(4141888K), 0.0050441 secs] [Times: user=0.03 sys=0.00, real=0.01 secs] 
304191.259: [GC (GCLocker Initiated GC) 304191.259: [ParNew: 425968K->14374K(471872K), 0.0054890 secs] 2467118K->2055764K(4141888K), 0.0056051 secs] [Times: user=0.04 sys=0.00, real=0.01 secs] 
304191.971: [GC (Allocation Failure) 304191.971: [ParNew: 433159K->17380K(471872K), 0.0058571 secs] 2474549K->2059386K(4141888K), 0.0059630 secs] [Times: user=0.05 sys=0.00, real=0.01 secs] 
304192.447: [GC (Allocation Failure) 304192.447: [ParNew: 436836K->10969K(471872K), 0.0056486 secs] 2478842K->2055319K(4141888K), 0.0057404 secs] [Times: user=0.04 sys=0.01, real=0.00 secs] 
304193.106: [GC (Allocation Failure) 304193.106: [ParNew: 430262K->11930K(471872K), 0.0055852 secs] 2474612K->2057211K(4141888K), 0.0056738 secs] [Times: user=0.04 sys=0.00, real=0.00 secs] 
304193.994: [GC (Allocation Failure) 304193.994: [ParNew: 431386K->12177K(471872K), 0.0056637 secs] 2476667K->2057676K(4141888K), 0.0057529 secs] [Times: user=0.05 sys=0.00, real=0.00 secs] 
304196.080: [GC (Allocation Failure) 304196.080: [ParNew: 431633K->9409K(471872K), 0.0055131 secs] 2477132K->2056029K(4141888K), 0.0056038 secs] [Times: user=0.04 sys=0.00, real=0.01 secs] 
304197.736: [GC (Allocation Failure) 304197.736: [ParNew: 428865K->4126K(471872K), 0.0091827 secs] 2475485K->2051112K(4141888K), 0.0092618 secs] [Times: user=0.06 sys=0.01, real=0.01 secs] 
304199.053: [GC (Allocation Failure) 304199.053: [ParNew: 423582K->8895K(471872K), 0.0056380 secs] 2470568K->2056046K(4141888K), 0.0057245 secs] [Times: user=0.04 sys=0.00, real=0.01 secs] 
304200.238: [GC (Allocation Failure) 304200.238: [ParNew: 428351K->8347K(471872K), 0.0057545 secs] 2475502K->2055710K(4141888K), 0.0058466 secs] [Times: user=0.04 sys=0.00, real=0.01 secs] 
304203.159: [GC (Allocation Failure) 304203.159: [ParNew: 427803K->11862K(471872K), 0.0061530 secs] 2475166K->2059608K(4141888K), 0.0062547 secs] [Times: user=0.05 sys=0.00, real=0.01 secs] 
304204.009: [GC (Allocation Failure) 304204.009: [ParNew: 431318K->9739K(471872K), 0.0062867 secs] 2479064K->2058060K(4141888K), 0.0063765 secs] [Times: user=0.05 sys=0.00, real=0.01 secs] 
304205.762: [GC (Allocation Failure) 304205.762: [ParNew: 429195K->10988K(471872K), 0.0046139 secs] 2477516K->2059433K(4141888K), 0.0046999 secs] [Times: user=0.04 sys=0.00, real=0.01 secs] 
304209.717: [GC (Allocation Failure) 304209.717: [ParNew: 430444K->2718K(471872K), 0.0046636 secs] 2478889K->2051413K(4141888K), 0.0047370 secs] [Times: user=0.04 sys=0.00, real=0.00 secs] 
304212.944: [GC (Allocation Failure) 304212.944: [ParNew: 422174K->4133K(471872K), 0.0050078 secs] 2470869K->2053499K(4141888K), 0.0050848 secs] [Times: user=0.03 sys=0.00, real=0.00 secs] 
304214.139: [GC (Allocation Failure) 304214.139: [ParNew: 423589K->8957K(471872K), 0.0058601 secs] 2472955K->2058692K(4141888K), 0.0059666 secs] [Times: user=0.05 sys=0.00, real=0.01 secs] 
304217.925: [GC (Allocation Failure) 304217.925: [ParNew: 428413K->10290K(471872K), 0.0054081 secs] 2478148K->2060151K(4141888K), 0.0055257 secs] [Times: user=0.04 sys=0.00, real=0.00 secs] 
304219.393: [GC (Allocation Failure) 304219.393: [ParNew: 429746K->6850K(471872K), 0.0050110 secs] 2479607K->2057181K(4141888K), 0.0050915 secs] [Times: user=0.04 sys=0.00, real=0.01 secs] 
304220.849: [GC (Allocation Failure) 304220.849: [ParNew: 426306K->2529K(471872K), 0.0046364 secs] 2476637K->2053106K(4141888K), 0.0047084 secs] [Times: user=0.03 sys=0.00, real=0.01 secs] 
304223.079: [GC (Allocation Failure) 304223.079: [ParNew: 421985K->2049K(471872K), 0.0055949 secs] 2472562K->2052838K(4141888K), 0.0056712 secs] [Times: user=0.04 sys=0.00, real=0.01 secs] 
304225.675: [GC (Allocation Failure) 304225.675: [ParNew: 421505K->2938K(471872K), 0.0052341 secs] 2472294K->2054074K(4141888K), 0.0053110 secs] [Times: user=0.04 sys=0.00, real=0.00 secs] 
304227.227: [GC (GCLocker Initiated GC) 304227.227: [ParNew: 422771K->16173K(471872K), 0.0056753 secs] 2473907K->2067540K(4141888K), 0.0057756 secs] [Times: user=0.04 sys=0.00, real=0.00 secs] 
304229.179: [GC (Allocation Failure) 304229.179: [ParNew: 435629K->12013K(471872K), 0.0061561 secs] 2486996K->2063647K(4141888K), 0.0062479 secs] [Times: user=0.04 sys=0.01, real=0.01 secs] 
304230.274: [GC (Allocation Failure) 304230.274: [ParNew: 431469K->4703K(471872K), 0.0048837 secs] 2483103K->2056964K(4141888K), 0.0049590 secs] [Times: user=0.04 sys=0.00, real=0.00 secs] 
304232.069: [GC (Allocation Failure) 304232.069: [ParNew: 424159K->6493K(471872K), 0.0046959 secs] 2476420K->2059020K(4141888K), 0.0047758 secs] [Times: user=0.03 sys=0.00, real=0.00 secs] 
304233.201: [GC (Allocation Failure) 304233.201: [ParNew: 425769K->4025K(471872K), 0.0049752 secs] 2478297K->2057107K(4141888K), 0.0050551 secs] [Times: user=0.04 sys=0.01, real=0.01 secs] 
304234.277: [GC (Allocation Failure) 304234.277: [ParNew: 422916K->10791K(471872K), 0.0052884 secs] 2475998K->2064026K(4141888K), 0.0053889 secs] [Times: user=0.04 sys=0.01, real=0.00 secs] 
304235.341: [GC (Allocation Failure) 304235.341: [ParNew: 430247K->13304K(471872K), 0.0062698 secs] 2483482K->2067067K(4141888K), 0.0063619 secs] [Times: user=0.04 sys=0.00, real=0.01 secs] 
304236.458: [GC (Allocation Failure) 304236.458: [ParNew: 432760K->5186K(471872K), 0.0047726 secs] 2486523K->2059238K(4141888K), 0.0048470 secs] [Times: user=0.04 sys=0.00, real=0.00 secs] 
304238.424: [GC (Allocation Failure) 304238.424: [ParNew: 424642K->3531K(471872K), 0.0045196 secs] 2478694K->2057665K(4141888K), 0.0045911 secs] [Times: user=0.03 sys=0.00, real=0.00 secs] 
304240.234: [GC (Allocation Failure) 304240.234: [ParNew: 422906K->4368K(471872K), 0.0051656 secs] 2477039K->2058849K(4141888K), 0.0052402 secs] [Times: user=0.04 sys=0.00, real=0.00 secs] 
304241.043: [GC (Allocation Failure) 304241.043: [ParNew: 423824K->9087K(471872K), 0.0053769 secs] 2478305K->2063755K(4141888K), 0.0054611 secs] [Times: user=0.04 sys=0.00, real=0.01 secs] 
304242.483: [GC (Allocation Failure) 304242.483: [ParNew: 428195K->12196K(471872K), 0.0054069 secs] 2482862K->2066941K(4141888K), 0.0055124 secs] [Times: user=0.04 sys=0.00, real=0.01 secs] 
304243.877: [GC (Allocation Failure) 304243.877: [ParNew: 431652K->5518K(471872K), 0.0052159 secs] 2486397K->2060369K(4141888K), 0.0053253 secs] [Times: user=0.03 sys=0.00, real=0.00 secs] 
304246.484: [GC (Allocation Failure) 304246.484: [ParNew: 423144K->26488K(471872K), 0.0064996 secs] 2477995K->2081591K(4141888K), 0.0066014 secs] [Times: user=0.05 sys=0.00, real=0.00 secs] 
304247.702: [GC (Allocation Failure) 304247.702: [ParNew: 445944K->6625K(471872K), 0.0048502 secs] 2501047K->2062108K(4141888K), 0.0049265 secs] [Times: user=0.03 sys=0.00, real=0.01 secs] 
304248.375: [GC (Allocation Failure) 304248.375: [ParNew: 426081K->7932K(471872K), 0.0063169 secs] 2481564K->2065860K(4141888K), 0.0064061 secs] [Times: user=0.05 sys=0.00, real=0.00 secs] 
304248.848: [GC (Allocation Failure) 304248.848: [ParNew: 427388K->14339K(471872K), 0.0050970 secs] 2485316K->2072383K(4141888K), 0.0051826 secs] [Times: user=0.04 sys=0.00, real=0.00 secs] 
304249.894: [GC (Allocation Failure) 304249.894: [ParNew: 433795K->4602K(471872K), 0.0044981 secs] 2491839K->2062744K(4141888K), 0.0045767 secs] [Times: user=0.04 sys=0.00, real=0.00 secs] 
304251.809: [GC (Allocation Failure) 304251.809: [ParNew: 424010K->12011K(471872K), 0.0056178 secs] 2482151K->2070264K(4141888K), 0.0057206 secs] [Times: user=0.04 sys=0.00, real=0.01 secs] 
304253.749: [GC (Allocation Failure) 304253.749: [ParNew: 431467K->5033K(471872K), 0.0053716 secs] 2489720K->2063896K(4141888K), 0.0054521 secs] [Times: user=0.04 sys=0.00, real=0.01 secs] 
304257.112: [GC (Allocation Failure) 304257.112: [ParNew: 423776K->2440K(471872K), 0.0048978 secs] 2482639K->2061572K(4141888K), 0.0049727 secs] [Times: user=0.04 sys=0.00, real=0.01 secs] 
304258.975: [GC (Allocation Failure) 304258.975: [ParNew: 421896K->2240K(471872K), 0.0049237 secs] 2481028K->2061717K(4141888K), 0.0049992 secs] [Times: user=0.03 sys=0.00, real=0.00 secs] 
304261.590: [GC (Allocation Failure) 304261.590: [ParNew: 421696K->3724K(471872K), 0.0048064 secs] 2481173K->2063929K(4141888K), 0.0048827 secs] [Times: user=0.04 sys=0.00, real=0.01 secs] 
304263.649: [GC (Allocation Failure) 304263.650: [ParNew: 423180K->5302K(471872K), 0.0074974 secs] 2483385K->2065708K(4141888K), 0.0075767 secs] [Times: user=0.05 sys=0.00, real=0.01 secs] 
304264.916: [GC (Allocation Failure) 304264.916: [ParNew: 424758K->8639K(471872K), 0.0093988 secs] 2485164K->2069593K(4141888K), 0.0094880 secs] [Times: user=0.06 sys=0.00, real=0.01 secs] 
304268.239: [GC (Allocation Failure) 304268.239: [ParNew: 428043K->5052K(471872K), 0.0046032 secs] 2488997K->2066180K(4141888K), 0.0046857 secs] [Times: user=0.03 sys=0.00, real=0.00 secs] 
304270.841: [GC (Allocation Failure) 304270.841: [ParNew: 424508K->5064K(471872K), 0.0053909 secs] 2485636K->2066523K(4141888K), 0.0054763 secs] [Times: user=0.04 sys=0.00, real=0.01 secs] 
304272.165: [GC (Allocation Failure) 304272.165: [ParNew: 424520K->5516K(471872K), 0.0050182 secs] 2485979K->2067344K(4141888K), 0.0051030 secs] [Times: user=0.03 sys=0.00, real=0.00 secs] 
304275.637: [GC (Allocation Failure) 304275.637: [ParNew: 424972K->6273K(471872K), 0.0056354 secs] 2486800K->2068343K(4141888K), 0.0057244 secs] [Times: user=0.04 sys=0.00, real=0.00 secs] 
304279.221: [GC (Allocation Failure) 304279.221: [ParNew: 425729K->5001K(471872K), 0.0054016 secs] 2487799K->2067475K(4141888K), 0.0054816 secs] [Times: user=0.04 sys=0.01, real=0.01 secs] 
304281.564: [GC (Allocation Failure) 304281.564: [ParNew: 424457K->5988K(471872K), 0.0056512 secs] 2486931K->2068835K(4141888K), 0.0057467 secs] [Times: user=0.04 sys=0.00, real=0.00 secs] 
304283.502: [GC (Allocation Failure) 304283.502: [ParNew: 425444K->4380K(471872K), 0.0052787 secs] 2488291K->2067798K(4141888K), 0.0053650 secs] [Times: user=0.04 sys=0.00, real=0.01 secs] 
304287.737: [GC (Allocation Failure) 304287.737: [ParNew: 423836K->5096K(471872K), 0.0060656 secs] 2487254K->2068900K(4141888K), 0.0061451 secs] [Times: user=0.04 sys=0.00, real=0.00 secs] 
304291.096: [GC (Allocation Failure) 304291.096: [ParNew: 424552K->6032K(471872K), 0.0061978 secs] 2488356K->2070317K(4141888K), 0.0062870 secs] [Times: user=0.04 sys=0.01, real=0.00 secs] 
304292.934: [GC (Allocation Failure) 304292.934: [ParNew: 425488K->7874K(471872K), 0.0049966 secs] 2489773K->2072544K(4141888K), 0.0050770 secs] [Times: user=0.03 sys=0.00, real=0.00 secs] 
304295.944: [GC (Allocation Failure) 304295.944: [ParNew: 427330K->5144K(471872K), 0.0059123 secs] 2492000K->2069977K(4141888K), 0.0060008 secs] [Times: user=0.05 sys=0.00, real=0.00 secs] 
304297.632: [GC (Allocation Failure) 304297.632: [ParNew: 424600K->4795K(471872K), 0.0054005 secs] 2489433K->2070069K(4141888K), 0.0054779 secs] [Times: user=0.04 sys=0.00, real=0.01 secs] 
304300.400: [GC (Allocation Failure) 304300.400: [ParNew: 423693K->7752K(471872K), 0.0050416 secs] 2488967K->2073575K(4141888K), 0.0051281 secs] [Times: user=0.04 sys=0.00, real=0.01 secs] 
304303.090: [GC (Allocation Failure) 304303.090: [ParNew: 427208K->2895K(471872K), 0.0050298 secs] 2493031K->2069461K(4141888K), 0.0051048 secs] [Times: user=0.03 sys=0.01, real=0.01 secs] 
304306.259: [GC (Allocation Failure) 304306.259: [ParNew: 422351K->4468K(471872K), 0.0050088 secs] 2488917K->2071316K(4141888K), 0.0050886 secs] [Times: user=0.04 sys=0.00, real=0.01 secs] 
304307.480: [GC (Allocation Failure) 304307.480: [ParNew: 423924K->24890K(471872K), 0.0068280 secs] 2490772K->2092289K(4141888K), 0.0069283 secs] [Times: user=0.05 sys=0.00, real=0.01 secs] 
304307.974: [GC (Allocation Failure) 304307.974: [ParNew: 444346K->9374K(471872K), 0.0061432 secs] 2511745K->2079290K(4141888K), 0.0062438 secs] [Times: user=0.05 sys=0.00, real=0.00 secs] 
304312.025: [GC (Allocation Failure) 304312.025: [ParNew: 428830K->6391K(471872K), 0.0049138 secs] 2498746K->2076358K(4141888K), 0.0050069 secs] [Times: user=0.04 sys=0.00, real=0.00 secs] 
304312.722: [GC (Allocation Failure) 304312.722: [ParNew: 425664K->5537K(471872K), 0.0057187 secs] 2495632K->2076944K(4141888K), 0.0058139 secs] [Times: user=0.04 sys=0.00, real=0.01 secs] 
304313.100: [GC (Allocation Failure) 304313.100: [ParNew: 424993K->7119K(471872K), 0.0052280 secs] 2496400K->2078726K(4141888K), 0.0053090 secs] [Times: user=0.03 sys=0.00, real=0.01 secs] 
304314.899: [GC (Allocation Failure) 304314.899: [ParNew: 426575K->8595K(471872K), 0.0049433 secs] 2498182K->2080271K(4141888K), 0.0050235 secs] [Times: user=0.04 sys=0.00, real=0.01 secs] 
304315.608: [GC (Allocation Failure) 304315.608: [ParNew: 428051K->5753K(471872K), 0.0053829 secs] 2499727K->2077736K(4141888K), 0.0054775 secs] [Times: user=0.04 sys=0.00, real=0.01 secs] 
304316.888: [GC (Allocation Failure) 304316.888: [ParNew: 425209K->11893K(471872K), 0.0054021 secs] 2497192K->2083981K(4141888K), 0.0054927 secs] [Times: user=0.04 sys=0.00, real=0.00 secs] 
304320.081: [GC (Allocation Failure) 304320.081: [ParNew: 431349K->6232K(471872K), 0.0058187 secs] 2503437K->2078494K(4141888K), 0.0059037 secs] [Times: user=0.04 sys=0.00, real=0.01 secs] 
304321.965: [GC (Allocation Failure) 304321.965: [ParNew: 425688K->4644K(471872K), 0.0053408 secs] 2497950K->2077326K(4141888K), 0.0054172 secs] [Times: user=0.04 sys=0.00, real=0.00 secs] 
304325.729: [GC (Allocation Failure) 304325.729: [ParNew: 424100K->3446K(471872K), 0.0053322 secs] 2496782K->2076962K(4141888K), 0.0054129 secs] [Times: user=0.04 sys=0.01, real=0.01 secs] 
304329.100: [GC (Allocation Failure) 304329.100: [ParNew: 422902K->8869K(471872K), 0.0056321 secs] 2496418K->2083035K(4141888K), 0.0057266 secs] [Times: user=0.04 sys=0.01, real=0.01 secs] 
304331.125: [GC (Allocation Failure) 304331.125: [ParNew: 428325K->5254K(471872K), 0.0056321 secs] 2502491K->2079941K(4141888K), 0.0057369 secs] [Times: user=0.04 sys=0.00, real=0.00 secs] 
304333.608: [GC (Allocation Failure) 304333.608: [ParNew: 424710K->4283K(471872K), 0.0051701 secs] 2499397K->2079754K(4141888K), 0.0052642 secs] [Times: user=0.03 sys=0.00, real=0.00 secs] 
304336.073: [GC (Allocation Failure) 304336.073: [ParNew: 423739K->2707K(471872K), 0.0057451 secs] 2499210K->2078630K(4141888K), 0.0058360 secs] [Times: user=0.04 sys=0.00, real=0.01 secs] 
304339.079: [GC (Allocation Failure) 304339.079: [ParNew: 422163K->3715K(471872K), 0.0051188 secs] 2498086K->2079968K(4141888K), 0.0052000 secs] [Times: user=0.04 sys=0.00, real=0.01 secs] 
304341.898: [GC (Allocation Failure) 304341.898: [ParNew: 423171K->8147K(471872K), 0.0051787 secs] 2499424K->2084797K(4141888K), 0.0052824 secs] [Times: user=0.04 sys=0.00, real=0.00 secs] 
304344.925: [GC (Allocation Failure) 304344.925: [ParNew: 427603K->9229K(471872K), 0.0062446 secs] 2504253K->2086261K(4141888K), 0.0063347 secs] [Times: user=0.05 sys=0.00, real=0.00 secs] 
304348.768: [GC (Allocation Failure) 304348.768: [ParNew: 428685K->5816K(471872K), 0.0054671 secs] 2505717K->2083342K(4141888K), 0.0055394 secs] [Times: user=0.04 sys=0.00, real=0.00 secs] 
304353.054: [GC (Allocation Failure) 304353.054: [ParNew: 425272K->2862K(471872K), 0.0051165 secs] 2502798K->2080901K(4141888K), 0.0051956 secs] [Times: user=0.04 sys=0.00, real=0.00 secs] 
304355.906: [GC (Allocation Failure) 304355.906: [ParNew: 422072K->12464K(471872K), 0.0056830 secs] 2500111K->2091121K(4141888K), 0.0057775 secs] [Times: user=0.04 sys=0.00, real=0.00 secs] 
304358.899: [GC (Allocation Failure) 304358.899: [ParNew: 430751K->6802K(471872K), 0.0053289 secs] 2509408K->2085779K(4141888K), 0.0054097 secs] [Times: user=0.04 sys=0.00, real=0.01 secs] 
304365.882: [GC (Allocation Failure) 304365.882: [ParNew: 426203K->4317K(471872K), 0.0055164 secs] 2505179K->2084025K(4141888K), 0.0055933 secs] [Times: user=0.04 sys=0.00, real=0.01 secs] 
304369.763: [GC (Allocation Failure) 304369.763: [ParNew: 423667K->5892K(471872K), 0.0056657 secs] 2503374K->2086330K(4141888K), 0.0057536 secs] [Times: user=0.04 sys=0.00, real=0.01 secs] 
304373.754: [GC (Allocation Failure) 304373.754: [ParNew: 425348K->3428K(471872K), 0.0064615 secs] 2505786K->2086686K(4141888K), 0.0065590 secs] [Times: user=0.05 sys=0.01, real=0.00 secs] 
304376.889: [GC (Allocation Failure) 304376.889: [ParNew: 422884K->6323K(471872K), 0.0053829 secs] 2506142K->2090004K(4141888K), 0.0054697 secs] [Times: user=0.04 sys=0.00, real=0.01 secs] 
304378.988: [GC (Allocation Failure) 304378.988: [ParNew: 425779K->11286K(471872K), 0.0055414 secs] 2509460K->2095414K(4141888K), 0.0056393 secs] [Times: user=0.04 sys=0.00, real=0.01 secs] 
304382.625: [GC (Allocation Failure) 304382.625: [ParNew: 430742K->3636K(471872K), 0.0048974 secs] 2514870K->2088003K(4141888K), 0.0049727 secs] [Times: user=0.03 sys=0.00, real=0.00 secs] 
304384.969: [GC (Allocation Failure) 304384.969: [ParNew: 423092K->11714K(471872K), 0.0062606 secs] 2507459K->2096449K(4141888K), 0.0063566 secs] [Times: user=0.04 sys=0.00, real=0.01 secs] 
304387.943: [GC (Allocation Failure) 304387.943: [ParNew: 431170K->13538K(471872K), 0.0062097 secs] 2515905K->2098588K(4141888K), 0.0063166 secs] [Times: user=0.04 sys=0.00, real=0.01 secs] 
304390.974: [GC (Allocation Failure) 304390.974: [ParNew: 432994K->11861K(471872K), 0.0063855 secs] 2518044K->2097313K(4141888K), 0.0064966 secs] [Times: user=0.05 sys=0.00, real=0.00 secs] 
304393.070: [GC (Allocation Failure) 304393.070: [ParNew: 431164K->6699K(471872K), 0.0050289 secs] 2516616K->2092481K(4141888K), 0.0051053 secs] [Times: user=0.04 sys=0.00, real=0.01 secs] 
304396.684: [GC (Allocation Failure) 304396.685: [ParNew: 426155K->2780K(471872K), 0.0052913 secs] 2511937K->2089101K(4141888K), 0.0053686 secs] [Times: user=0.04 sys=0.00, real=0.00 secs] 
304401.452: [GC (Allocation Failure) 304401.453: [ParNew: 422236K->2425K(471872K), 0.0056423 secs] 2508557K->2089205K(4141888K), 0.0057329 secs] [Times: user=0.04 sys=0.00, real=0.01 secs] 
304403.650: [GC (Allocation Failure) 304403.650: [ParNew: 421881K->2335K(471872K), 0.0054853 secs] 2508661K->2089662K(4141888K), 0.0055630 secs] [Times: user=0.04 sys=0.00, real=0.01 secs] 
304406.721: [GC (Allocation Failure) 304406.721: [ParNew: 421791K->2409K(471872K), 0.0050677 secs] 2509118K->2090059K(4141888K), 0.0051500 secs] [Times: user=0.04 sys=0.00, real=0.01 secs] 
304409.117: [GC (Allocation Failure) 304409.117: [ParNew: 421800K->4129K(471872K), 0.0049300 secs] 2509451K->2092123K(4141888K), 0.0050088 secs] [Times: user=0.04 sys=0.00, real=0.00 secs] 
304410.975: [GC (Allocation Failure) 304410.975: [ParNew: 423585K->10375K(471872K), 0.0054207 secs] 2511579K->2098748K(4141888K), 0.0055037 secs] [Times: user=0.04 sys=0.00, real=0.00 secs] 
304412.155: [GC (Allocation Failure) 304412.155: [ParNew: 429831K->4441K(471872K), 0.0049333 secs] 2518204K->2093282K(4141888K), 0.0050110 secs] [Times: user=0.04 sys=0.00, real=0.00 secs] 
304414.828: [GC (Allocation Failure) 304414.828: [ParNew: 423897K->4599K(471872K), 0.0068836 secs] 2512738K->2093674K(4141888K), 0.0070007 secs] [Times: user=0.05 sys=0.00, real=0.01 secs] 
304416.854: [GC (Allocation Failure) 304416.854: [ParNew: 424055K->4977K(471872K), 0.0065760 secs] 2513130K->2094482K(4141888K), 0.0067133 secs] [Times: user=0.04 sys=0.00, real=0.00 secs] 
304419.004: [GC (Allocation Failure) 304419.004: [ParNew: 424433K->9656K(471872K), 0.0061705 secs] 2513938K->2099501K(4141888K), 0.0062643 secs] [Times: user=0.05 sys=0.00, real=0.00 secs] 
304420.539: [GC (Allocation Failure) 304420.539: [ParNew: 429112K->5559K(471872K), 0.0051234 secs] 2518957K->2096810K(4141888K), 0.0052061 secs] [Times: user=0.03 sys=0.00, real=0.01 secs] 
304422.973: [GC (Allocation Failure) 304422.973: [ParNew: 425015K->8594K(471872K), 0.0052469 secs] 2516266K->2100054K(4141888K), 0.0053298 secs] [Times: user=0.03 sys=0.00, real=0.01 secs] 
304425.208: [GC (Allocation Failure) 304425.208: [ParNew: 428050K->7975K(471872K), 0.0057535 secs] 2519510K->2101410K(4141888K), 0.0058374 secs] [Times: user=0.04 sys=0.00, real=0.01 secs] 
304426.150: [GC (Allocation Failure) 304426.150: [ParNew: 427431K->3490K(471872K), 0.0047693 secs] 2520866K->2097698K(4141888K), 0.0048465 secs] [Times: user=0.03 sys=0.00, real=0.01 secs] 
304428.993: [GC (Allocation Failure) 304428.993: [ParNew: 422946K->2583K(471872K), 0.0049553 secs] 2517154K->2096929K(4141888K), 0.0050316 secs] [Times: user=0.03 sys=0.00, real=0.01 secs] 
304430.383: [GC (Allocation Failure) 304430.383: [ParNew: 422039K->7836K(471872K), 0.0055131 secs] 2516385K->2102698K(4141888K), 0.0056041 secs] [Times: user=0.04 sys=0.01, real=0.01 secs] 
304431.062: [GC (Allocation Failure) 304431.062: [ParNew: 427292K->5498K(471872K), 0.0056771 secs] 2522154K->2103854K(4141888K), 0.0057610 secs] [Times: user=0.04 sys=0.00, real=0.01 secs] 
304432.435: [GC (Allocation Failure) 304432.435: [ParNew: 424954K->3466K(471872K), 0.0053740 secs] 2523310K->2102017K(4141888K), 0.0054588 secs] [Times: user=0.04 sys=0.00, real=0.00 secs] 
304434.412: [GC (Allocation Failure) 304434.412: [ParNew: 422922K->4429K(471872K), 0.0064155 secs] 2521473K->2103194K(4141888K), 0.0065119 secs] [Times: user=0.05 sys=0.00, real=0.01 secs] 
304435.205: [GC (Allocation Failure) 304435.205: [ParNew: 423885K->7428K(471872K), 0.0058629 secs] 2522650K->2106938K(4141888K), 0.0059717 secs] [Times: user=0.04 sys=0.00, real=0.00 secs] 
304435.717: [GC (Allocation Failure) 304435.717: [ParNew: 426378K->6554K(471872K), 0.0046793 secs] 2525888K->2107188K(4141888K), 0.0047649 secs] [Times: user=0.04 sys=0.00, real=0.00 secs] 
304437.900: [GC (Allocation Failure) 304437.900: [ParNew: 426010K->11088K(471872K), 0.0050906 secs] 2526644K->2111785K(4141888K), 0.0051728 secs] [Times: user=0.04 sys=0.00, real=0.01 secs] 
304441.926: [GC (Allocation Failure) 304441.926: [ParNew: 430544K->10666K(471872K), 0.0063096 secs] 2531241K->2112149K(4141888K), 0.0064041 secs] [Times: user=0.05 sys=0.00, real=0.00 secs] 
304444.930: [GC (Allocation Failure) 304444.930: [ParNew: 430075K->11154K(471872K), 0.0057020 secs] 2531558K->2113108K(4141888K), 0.0057870 secs] [Times: user=0.04 sys=0.00, real=0.01 secs] 
304447.766: [GC (Allocation Failure) 304447.766: [ParNew: 430610K->4442K(471872K), 0.0049886 secs] 2532564K->2106761K(4141888K), 0.0050623 secs] [Times: user=0.04 sys=0.00, real=0.00 secs] 
304453.951: [GC (Allocation Failure) 304453.951: [ParNew: 423119K->7986K(471872K), 0.0213332 secs] 2525438K->2111049K(4141888K), 0.0214799 secs] [Times: user=0.05 sys=0.01, real=0.02 secs] 
304456.322: [GC (Allocation Failure) 304456.322: [ParNew: 427442K->5053K(471872K), 0.0092248 secs] 2530505K->2109515K(4141888K), 0.0093204 secs] [Times: user=0.04 sys=0.00, real=0.01 secs] 
304457.569: [GC (Allocation Failure) 304457.569: [ParNew: 424509K->7051K(471872K), 0.0171610 secs] 2528971K->2111851K(4141888K), 0.0172846 secs] [Times: user=0.05 sys=0.00, real=0.02 secs] 
304458.973: [GC (Allocation Failure) 304458.974: [ParNew: 426183K->7709K(471872K), 0.0078291 secs] 2530983K->2113004K(4141888K), 0.0079117 secs] [Times: user=0.05 sys=0.00, real=0.01 secs] 
304460.477: [GC (Allocation Failure) 304460.477: [ParNew: 427165K->6520K(471872K), 0.0076292 secs] 2532460K->2112044K(4141888K), 0.0077214 secs] [Times: user=0.05 sys=0.00, real=0.01 secs] 
304460.965: [GC (Allocation Failure) 304460.965: [ParNew: 425976K->5835K(471872K), 0.0079385 secs] 2531500K->2111768K(4141888K), 0.0080324 secs] [Times: user=0.04 sys=0.00, real=0.00 secs] 
304462.430: [GC (Allocation Failure) 304462.430: [ParNew: 425291K->6995K(471872K), 0.0062578 secs] 2531224K->2113145K(4141888K), 0.0063548 secs] [Times: user=0.04 sys=0.00, real=0.01 secs] 
304463.445: [GC (Allocation Failure) 304463.445: [ParNew: 426451K->8737K(471872K), 0.0053030 secs] 2532601K->2115292K(4141888K), 0.0053921 secs] [Times: user=0.03 sys=0.00, real=0.00 secs] 
304463.920: [GC (Allocation Failure) 304463.920: [ParNew: 428193K->12966K(471872K), 0.0066827 secs] 2534748K->2119909K(4141888K), 0.0067923 secs] [Times: user=0.05 sys=0.00, real=0.01 secs] 
304464.374: [GC (Allocation Failure) 304464.374: [ParNew: 432246K->10316K(471872K), 0.0050652 secs] 2539189K->2118475K(4141888K), 0.0051646 secs] [Times: user=0.04 sys=0.00, real=0.00 secs] 
304466.097: [GC (Allocation Failure) 304466.097: [ParNew: 429772K->7875K(471872K), 0.0055225 secs] 2537931K->2116156K(4141888K), 0.0056147 secs] [Times: user=0.04 sys=0.01, real=0.00 secs] 
304470.010: [GC (Allocation Failure) 304470.010: [ParNew: 427331K->5665K(471872K), 0.0051397 secs] 2535612K->2114162K(4141888K), 0.0052179 secs] [Times: user=0.04 sys=0.00, real=0.01 secs] 
304474.996: [GC (Allocation Failure) 304474.996: [ParNew: 425121K->12068K(471872K), 0.0065581 secs] 2533618K->2121979K(4141888K), 0.0066650 secs] [Times: user=0.05 sys=0.00, real=0.00 secs] 
304484.278: [GC (Allocation Failure) 304484.278: [ParNew: 431524K->8038K(471872K), 0.0055995 secs] 2541435K->2118428K(4141888K), 0.0056853 secs] [Times: user=0.04 sys=0.00, real=0.00 secs] 
304491.034: [GC (Allocation Failure) 304491.035: [ParNew: 427366K->13559K(471872K), 0.0064402 secs] 2537757K->2124744K(4141888K), 0.0065533 secs] [Times: user=0.05 sys=0.00, real=0.00 secs] 
304491.507: [GC (Allocation Failure) 304491.507: [ParNew: 431596K->9819K(471872K), 0.0072452 secs] 2542782K->2124384K(4141888K), 0.0073798 secs] [Times: user=0.05 sys=0.00, real=0.01 secs] 
304491.975: [GC (Allocation Failure) 304491.975: [ParNew: 429275K->7365K(471872K), 0.0060223 secs] 2543840K->2125749K(4141888K), 0.0061106 secs] [Times: user=0.04 sys=0.00, real=0.00 secs] 
304492.416: [GC (Allocation Failure) 304492.416: [ParNew: 426813K->4482K(471872K), 0.0089099 secs] 2545197K->2125194K(4141888K), 0.0089980 secs] [Times: user=0.06 sys=0.01, real=0.01 secs] 
304497.961: [GC (Allocation Failure) 304497.961: [ParNew: 423938K->9951K(471872K), 0.0069078 secs] 2544650K->2130753K(4141888K), 0.0070095 secs] [Times: user=0.05 sys=0.00, real=0.01 secs] 
304504.130: [GC (Allocation Failure) 304504.130: [ParNew: 428984K->8150K(471872K), 0.0053755 secs] 2549786K->2129658K(4141888K), 0.0054535 secs] [Times: user=0.04 sys=0.00, real=0.01 secs] 
304512.189: [GC (Allocation Failure) 304512.189: [ParNew: 427606K->2751K(471872K), 0.0052505 secs] 2549114K->2124860K(4141888K), 0.0053257 secs] [Times: user=0.04 sys=0.00, real=0.01 secs] 
304528.168: [GC (Allocation Failure) 304528.168: [ParNew: 422207K->3636K(471872K), 0.0054020 secs] 2544316K->2127237K(4141888K), 0.0055063 secs] [Times: user=0.04 sys=0.00, real=0.00 secs] 
304537.574: [GC (Allocation Failure) 304537.574: [ParNew: 423092K->2938K(471872K), 0.0053474 secs] 2546693K->2127790K(4141888K), 0.0054277 secs] [Times: user=0.03 sys=0.01, real=0.01 secs] 
304543.179: [GC (Allocation Failure) 304543.179: [ParNew: 422394K->1987K(471872K), 0.0055164 secs] 2547246K->2127630K(4141888K), 0.0056150 secs] [Times: user=0.04 sys=0.01, real=0.01 secs] 
304547.000: [GC (Allocation Failure) 304547.000: [ParNew: 421443K->1741K(471872K), 0.0065181 secs] 2547086K->2127867K(4141888K), 0.0066018 secs] [Times: user=0.04 sys=0.01, real=0.01 secs] 
304550.653: [GC (Allocation Failure) 304550.653: [ParNew: 421197K->2786K(471872K), 0.0049654 secs] 2547323K->2129362K(4141888K), 0.0050528 secs] [Times: user=0.03 sys=0.01, real=0.01 secs] 
304557.081: [GC (Allocation Failure) 304557.081: [ParNew: 422144K->5285K(471872K), 0.0052470 secs] 2548719K->2132204K(4141888K), 0.0053285 secs] [Times: user=0.04 sys=0.00, real=0.01 secs] 
304560.380: [GC (Allocation Failure) 304560.380: [ParNew: 424741K->1779K(471872K), 0.0058494 secs] 2551660K->2131922K(4141888K), 0.0059293 secs] [Times: user=0.05 sys=0.00, real=0.01 secs] 
304563.067: [GC (Allocation Failure) 304563.067: [ParNew: 421235K->1567K(471872K), 0.0050813 secs] 2551378K->2132082K(4141888K), 0.0051765 secs] [Times: user=0.03 sys=0.00, real=0.00 secs] 
304564.559: [GC (Allocation Failure) 304564.559: [ParNew: 421023K->1420K(471872K), 0.0047589 secs] 2551538K->2132468K(4141888K), 0.0048329 secs] [Times: user=0.04 sys=0.00, real=0.01 secs] 
304567.702: [GC (Allocation Failure) 304567.702: [ParNew: 420876K->2761K(471872K), 0.0047611 secs] 2551924K->2134023K(4141888K), 0.0048426 secs] [Times: user=0.04 sys=0.00, real=0.01 secs] 
304570.211: [GC (Allocation Failure) 304570.211: [ParNew: 422217K->1242K(471872K), 0.0046460 secs] 2553479K->2132956K(4141888K), 0.0047160 secs] [Times: user=0.04 sys=0.01, real=0.01 secs] 
304572.013: [GC (Allocation Failure) 304572.013: [ParNew: 420698K->870K(471872K), 0.0049181 secs] 2552412K->2133061K(4141888K), 0.0049945 secs] [Times: user=0.04 sys=0.00, real=0.01 secs] 
304574.831: [GC (Allocation Failure) 304574.831: [ParNew: 420326K->1558K(471872K), 0.0046730 secs] 2552517K->2134162K(4141888K), 0.0047533 secs] [Times: user=0.04 sys=0.00, real=0.01 secs] 
304583.123: [GC (Allocation Failure) 304583.123: [ParNew: 420813K->3090K(471872K), 0.0054676 secs] 2553417K->2136107K(4141888K), 0.0055659 secs] [Times: user=0.03 sys=0.00, real=0.01 secs] 
304593.415: [GC (Allocation Failure) 304593.415: [ParNew: 422546K->6202K(471872K), 0.0057063 secs] 2555563K->2140344K(4141888K), 0.0058037 secs] [Times: user=0.04 sys=0.00, real=0.00 secs] 
304595.659: [GC (Allocation Failure) 304595.659: [ParNew: 425452K->6645K(471872K), 0.0053237 secs] 2559594K->2141720K(4141888K), 0.0054129 secs] [Times: user=0.04 sys=0.00, real=0.01 secs] 
304598.440: [GC (Allocation Failure) 304598.440: [ParNew: 426101K->6817K(471872K), 0.0051468 secs] 2561176K->2142107K(4141888K), 0.0052178 secs] [Times: user=0.03 sys=0.00, real=0.01 secs] 
304601.590: [GC (Allocation Failure) 304601.590: [ParNew: 426273K->7642K(471872K), 0.0052075 secs] 2561563K->2143286K(4141888K), 0.0052867 secs] [Times: user=0.04 sys=0.00, real=0.01 secs] 
304603.533: [GC (Allocation Failure) 304603.533: [ParNew: 427098K->2643K(471872K), 0.0047656 secs] 2562742K->2139079K(4141888K), 0.0048437 secs] [Times: user=0.04 sys=0.00, real=0.01 secs] 
304605.828: [GC (Allocation Failure) 304605.828: [ParNew: 422099K->1646K(471872K), 0.0045605 secs] 2558535K->2138266K(4141888K), 0.0046265 secs] [Times: user=0.03 sys=0.00, real=0.00 secs] 
304609.592: [GC (Allocation Failure) 304609.592: [ParNew: 421102K->9646K(471872K), 0.0055190 secs] 2557722K->2146429K(4141888K), 0.0056166 secs] [Times: user=0.04 sys=0.01, real=0.01 secs] 
304611.469: [GC (Allocation Failure) 304611.469: [ParNew: 429102K->8014K(471872K), 0.0049010 secs] 2565885K->2145743K(4141888K), 0.0049854 secs] [Times: user=0.03 sys=0.00, real=0.01 secs] 
304614.418: [GC (Allocation Failure) 304614.418: [ParNew: 427470K->7037K(471872K), 0.0057760 secs] 2565199K->2145419K(4141888K), 0.0058765 secs] [Times: user=0.04 sys=0.00, real=0.01 secs] 
304615.687: [GC (Allocation Failure) 304615.687: [ParNew: 426493K->7453K(471872K), 0.0057574 secs] 2564875K->2148618K(4141888K), 0.0058514 secs] [Times: user=0.03 sys=0.01, real=0.00 secs] 
304617.468: [GC (Allocation Failure) 304617.468: [ParNew: 426909K->5979K(471872K), 0.0048729 secs] 2568074K->2147271K(4141888K), 0.0049499 secs] [Times: user=0.04 sys=0.00, real=0.00 secs] 
304618.782: [GC (Allocation Failure) 304618.782: [ParNew: 425435K->6900K(471872K), 0.0053390 secs] 2566727K->2148453K(4141888K), 0.0054280 secs] [Times: user=0.04 sys=0.00, real=0.01 secs] 
304619.927: [GC (Allocation Failure) 304619.927: [ParNew: 426356K->9582K(471872K), 0.0055163 secs] 2567909K->2151592K(4141888K), 0.0056227 secs] [Times: user=0.04 sys=0.00, real=0.00 secs] 
304621.566: [GC (Allocation Failure) 304621.566: [ParNew: 429038K->8669K(471872K), 0.0052769 secs] 2571048K->2150838K(4141888K), 0.0053607 secs] [Times: user=0.04 sys=0.00, real=0.00 secs] 
304623.142: [GC (Allocation Failure) 304623.142: [ParNew: 428125K->6760K(471872K), 0.0047623 secs] 2570294K->2149226K(4141888K), 0.0048409 secs] [Times: user=0.04 sys=0.00, real=0.01 secs] 
304624.474: [GC (Allocation Failure) 304624.474: [ParNew: 426216K->3890K(471872K), 0.0061411 secs] 2568682K->2146640K(4141888K), 0.0062165 secs] [Times: user=0.04 sys=0.00, real=0.00 secs] 
304627.500: [GC (Allocation Failure) 304627.500: [ParNew: 423346K->6483K(471872K), 0.0064849 secs] 2566096K->2149322K(4141888K), 0.0065743 secs] [Times: user=0.04 sys=0.00, real=0.01 secs] 
304629.253: [GC (Allocation Failure) 304629.253: [ParNew: 425939K->4827K(471872K), 0.0049442 secs] 2568778K->2148078K(4141888K), 0.0050202 secs] [Times: user=0.04 sys=0.00, real=0.01 secs] 
304630.561: [GC (Allocation Failure) 304630.561: [ParNew: 423863K->8811K(471872K), 0.0051528 secs] 2567113K->2152228K(4141888K), 0.0052330 secs] [Times: user=0.04 sys=0.00, real=0.01 secs] 
304631.919: [GC (Allocation Failure) 304631.919: [ParNew: 428267K->8362K(471872K), 0.0050877 secs] 2571684K->2152132K(4141888K), 0.0051660 secs] [Times: user=0.04 sys=0.00, real=0.01 secs] 
304633.681: [GC (Allocation Failure) 304633.681: [ParNew: 426655K->8199K(471872K), 0.0052120 secs] 2570426K->2152188K(4141888K), 0.0052938 secs] [Times: user=0.04 sys=0.00, real=0.01 secs] 
304635.663: [GC (Allocation Failure) 304635.663: [ParNew: 427655K->11470K(471872K), 0.0061969 secs] 2571644K->2155739K(4141888K), 0.0062839 secs] [Times: user=0.04 sys=0.00, real=0.01 secs] 
304637.544: [GC (Allocation Failure) 304637.544: [ParNew: 430926K->9008K(471872K), 0.0051073 secs] 2575195K->2153475K(4141888K), 0.0051847 secs] [Times: user=0.04 sys=0.00, real=0.00 secs] 
304638.781: [GC (Allocation Failure) 304638.781: [ParNew: 428464K->10392K(471872K), 0.0055994 secs] 2572931K->2155117K(4141888K), 0.0056897 secs] [Times: user=0.04 sys=0.00, real=0.01 secs] 
304640.879: [GC (Allocation Failure) 304640.879: [ParNew: 429848K->4028K(471872K), 0.0045180 secs] 2574573K->2148877K(4141888K), 0.0046005 secs] [Times: user=0.04 sys=0.00, real=0.01 secs] 
304642.634: [GC (Allocation Failure) 304642.634: [ParNew: 423484K->5404K(471872K), 0.0103629 secs] 2568333K->2150506K(4141888K), 0.0104403 secs] [Times: user=0.06 sys=0.00, real=0.02 secs] 
304644.651: [GC (Allocation Failure) 304644.651: [ParNew: 424860K->6446K(471872K), 0.0060160 secs] 2569962K->2151798K(4141888K), 0.0061072 secs] [Times: user=0.04 sys=0.00, real=0.01 secs] 
304645.726: [GC (Allocation Failure) 304645.726: [ParNew: 425902K->7791K(471872K), 0.0055344 secs] 2571254K->2153413K(4141888K), 0.0056221 secs] [Times: user=0.05 sys=0.00, real=0.00 secs] 
304647.802: [GC (Allocation Failure) 304647.802: [ParNew: 427247K->9388K(471872K), 0.0087136 secs] 2572869K->2155217K(4141888K), 0.0087923 secs] [Times: user=0.06 sys=0.00, real=0.01 secs] 
304649.484: [GC (Allocation Failure) 304649.484: [ParNew: 428844K->8539K(471872K), 0.0080479 secs] 2574673K->2154603K(4141888K), 0.0081431 secs] [Times: user=0.05 sys=0.00, real=0.00 secs] 
304651.494: [GC (Allocation Failure) 304651.494: [ParNew: 427995K->5957K(471872K), 0.0080892 secs] 2574059K->2152267K(4141888K), 0.0081693 secs] [Times: user=0.04 sys=0.00, real=0.01 secs] 
304652.807: [GC (Allocation Failure) 304652.807: [ParNew: 425296K->8844K(471872K), 0.0057839 secs] 2571606K->2155331K(4141888K), 0.0058924 secs] [Times: user=0.04 sys=0.00, real=0.00 secs] 
304653.771: [GC (Allocation Failure) 304653.771: [ParNew: 428300K->8765K(471872K), 0.0052793 secs] 2574787K->2155447K(4141888K), 0.0053717 secs] [Times: user=0.04 sys=0.00, real=0.01 secs] 
304664.475: [GC (Allocation Failure) 304664.475: [ParNew: 428221K->3314K(471872K), 0.0056356 secs] 2574903K->2150214K(4141888K), 0.0057060 secs] [Times: user=0.03 sys=0.00, real=0.00 secs] 
304692.911: [GC (Allocation Failure) 304692.911: [ParNew: 422770K->5958K(471872K), 0.0091825 secs] 2569670K->2154535K(4141888K), 0.0092745 secs] [Times: user=0.05 sys=0.00, real=0.01 secs] 
304701.445: [GC (Allocation Failure) 304701.445: [ParNew: 425414K->3113K(471872K), 0.0096031 secs] 2573991K->2155743K(4141888K), 0.0097035 secs] [Times: user=0.05 sys=0.00, real=0.01 secs] 
304710.190: [GC (Allocation Failure) 304710.190: [ParNew: 422569K->3301K(471872K), 0.0069065 secs] 2575199K->2156967K(4141888K), 0.0069813 secs] [Times: user=0.05 sys=0.00, real=0.01 secs] 
304722.085: [GC (Allocation Failure) 304722.085: [ParNew: 422757K->2121K(471872K), 0.0067510 secs] 2576423K->2156677K(4141888K), 0.0068281 secs] [Times: user=0.04 sys=0.01, real=0.00 secs] 
304743.458: [GC (Allocation Failure) 304743.458: [ParNew: 421577K->5197K(471872K), 0.0057928 secs] 2576133K->2160826K(4141888K), 0.0058855 secs] [Times: user=0.04 sys=0.00, real=0.01 secs] 
304778.789: [GC (Allocation Failure) 304778.789: [ParNew: 424653K->4589K(471872K), 0.0064416 secs] 2580282K->2164218K(4141888K), 0.0065393 secs] [Times: user=0.05 sys=0.00, real=0.01 secs] 
304784.459: [GC (Allocation Failure) 304784.459: [ParNew: 424045K->5030K(471872K), 0.0074469 secs] 2583674K->2167425K(4141888K), 0.0075381 secs] [Times: user=0.04 sys=0.01, real=0.01 secs] 
304787.372: [GC (Allocation Failure) 304787.372: [ParNew: 424486K->3075K(471872K), 0.0054421 secs] 2586881K->2166255K(4141888K), 0.0055154 secs] [Times: user=0.04 sys=0.00, real=0.01 secs] 
304788.843: [GC (Allocation Failure) 304788.843: [ParNew: 422531K->9675K(471872K), 0.0047239 secs] 2585711K->2173062K(4141888K), 0.0048015 secs] [Times: user=0.04 sys=0.01, real=0.01 secs] 
304790.084: [GC (Allocation Failure) 304790.084: [ParNew: 429131K->10602K(471872K), 0.0062816 secs] 2592518K->2174257K(4141888K), 0.0063829 secs] [Times: user=0.05 sys=0.00, real=0.00 secs] 
304793.337: [GC (Allocation Failure) 304793.337: [ParNew: 430058K->10979K(471872K), 0.0064797 secs] 2593713K->2174737K(4141888K), 0.0065878 secs] [Times: user=0.04 sys=0.00, real=0.00 secs] 
304795.522: [GC (Allocation Failure) 304795.522: [ParNew: 430232K->30246K(471872K), 0.0072811 secs] 2593990K->2195934K(4141888K), 0.0073854 secs] [Times: user=0.05 sys=0.00, real=0.01 secs] 
304800.338: [GC (Allocation Failure) 304800.338: [ParNew: 449702K->5859K(471872K), 0.0058512 secs] 2615390K->2174080K(4141888K), 0.0059339 secs] [Times: user=0.04 sys=0.00, real=0.01 secs] 
304802.502: [GC (Allocation Failure) 304802.502: [ParNew: 424749K->6836K(471872K), 0.0051698 secs] 2592969K->2175580K(4141888K), 0.0052536 secs] [Times: user=0.04 sys=0.00, real=0.01 secs] 
304805.448: [GC (Allocation Failure) 304805.448: [ParNew: 426292K->7011K(471872K), 0.0050212 secs] 2595036K->2176014K(4141888K), 0.0051041 secs] [Times: user=0.04 sys=0.00, real=0.00 secs] 
304809.374: [GC (Allocation Failure) 304809.374: [ParNew: 425938K->8485K(471872K), 0.0053642 secs] 2594942K->2177832K(4141888K), 0.0054649 secs] [Times: user=0.04 sys=0.01, real=0.00 secs] 
304812.848: [GC (Allocation Failure) 304812.848: [ParNew: 427941K->4766K(471872K), 0.0068027 secs] 2597288K->2174481K(4141888K), 0.0068913 secs] [Times: user=0.05 sys=0.00, real=0.01 secs] 
304816.582: [GC (Allocation Failure) 304816.582: [ParNew: 424222K->7227K(471872K), 0.0054888 secs] 2593937K->2177250K(4141888K), 0.0055782 secs] [Times: user=0.04 sys=0.00, real=0.01 secs] 
304820.446: [GC (Allocation Failure) 304820.446: [ParNew: 426242K->6807K(471872K), 0.0052004 secs] 2596266K->2177200K(4141888K), 0.0052891 secs] [Times: user=0.03 sys=0.00, real=0.00 secs] 
304822.617: [GC (Allocation Failure) 304822.617: [ParNew: 426263K->10111K(471872K), 0.0059459 secs] 2596656K->2180925K(4141888K), 0.0060701 secs] [Times: user=0.04 sys=0.00, real=0.00 secs] 
304824.635: [GC (Allocation Failure) 304824.635: [ParNew: 429122K->9450K(471872K), 0.0053190 secs] 2599937K->2180506K(4141888K), 0.0054177 secs] [Times: user=0.04 sys=0.00, real=0.00 secs] 
304826.642: [GC (Allocation Failure) 304826.642: [ParNew: 428906K->2634K(471872K), 0.0049632 secs] 2599962K->2173989K(4141888K), 0.0050386 secs] [Times: user=0.03 sys=0.00, real=0.01 secs] 
304829.418: [GC (Allocation Failure) 304829.418: [ParNew: 422090K->8244K(471872K), 0.0060802 secs] 2593445K->2179893K(4141888K), 0.0061828 secs] [Times: user=0.05 sys=0.00, real=0.01 secs] 
304830.250: [GC (Allocation Failure) 304830.250: [ParNew: 427700K->4942K(471872K), 0.0047415 secs] 2599349K->2176954K(4141888K), 0.0048332 secs] [Times: user=0.03 sys=0.00, real=0.01 secs] 
304834.243: [GC (Allocation Failure) 304834.243: [ParNew: 424290K->2577K(471872K), 0.0048160 secs] 2596303K->2175386K(4141888K), 0.0049047 secs] [Times: user=0.04 sys=0.00, real=0.01 secs] 
304839.092: [GC (Allocation Failure) 304839.092: [ParNew: 422033K->4806K(471872K), 0.0050204 secs] 2594842K->2177937K(4141888K), 0.0051017 secs] [Times: user=0.04 sys=0.00, real=0.01 secs] 
304842.553: [GC (Allocation Failure) 304842.553: [ParNew: 424262K->1737K(471872K), 0.0051096 secs] 2597393K->2175486K(4141888K), 0.0051886 secs] [Times: user=0.03 sys=0.00, real=0.01 secs] 
304847.305: [GC (Allocation Failure) 304847.305: [ParNew: 421193K->3863K(471872K), 0.0052839 secs] 2594942K->2177832K(4141888K), 0.0053654 secs] [Times: user=0.04 sys=0.00, real=0.00 secs] 
304852.535: [GC (Allocation Failure) 304852.535: [ParNew: 423105K->4720K(471872K), 0.0052665 secs] 2597073K->2179113K(4141888K), 0.0053727 secs] [Times: user=0.04 sys=0.00, real=0.00 secs] 
304856.171: [GC (Allocation Failure) 304856.171: [ParNew: 424176K->5923K(471872K), 0.0051019 secs] 2598569K->2181101K(4141888K), 0.0051791 secs] [Times: user=0.04 sys=0.00, real=0.01 secs] 
304858.362: [GC (Allocation Failure) 304858.362: [ParNew: 425379K->5168K(471872K), 0.0051893 secs] 2600557K->2180983K(4141888K), 0.0052658 secs] [Times: user=0.04 sys=0.00, real=0.01 secs] 
304862.074: [GC (Allocation Failure) 304862.074: [ParNew: 424624K->3929K(471872K), 0.0064253 secs] 2600439K->2182422K(4141888K), 0.0065089 secs] [Times: user=0.04 sys=0.00, real=0.00 secs] 
304864.307: [GC (Allocation Failure) 304864.307: [ParNew: 423385K->4856K(471872K), 0.0051951 secs] 2601878K->2183774K(4141888K), 0.0052742 secs] [Times: user=0.04 sys=0.00, real=0.00 secs] 
304868.283: [GC (Allocation Failure) 304868.283: [ParNew: 424312K->3449K(471872K), 0.0052099 secs] 2603230K->2182554K(4141888K), 0.0052827 secs] [Times: user=0.04 sys=0.00, real=0.01 secs] 
304870.053: [GC (Allocation Failure) 304870.054: [ParNew: 422905K->14075K(471872K), 0.0065209 secs] 2602010K->2194120K(4141888K), 0.0066200 secs] [Times: user=0.05 sys=0.00, real=0.01 secs] 
304871.923: [GC (Allocation Failure) 304871.923: [ParNew: 433531K->5895K(471872K), 0.0050364 secs] 2613576K->2186199K(4141888K), 0.0051100 secs] [Times: user=0.03 sys=0.00, real=0.01 secs] 
304873.910: [GC (Allocation Failure) 304873.910: [ParNew: 425351K->2677K(471872K), 0.0049583 secs] 2605655K->2183430K(4141888K), 0.0050342 secs] [Times: user=0.03 sys=0.00, real=0.01 secs] 
304874.868: [GC (Allocation Failure) 304874.868: [ParNew: 422133K->1863K(471872K), 0.0048924 secs] 2602886K->2182861K(4141888K), 0.0049664 secs] [Times: user=0.04 sys=0.00, real=0.00 secs] 
304877.818: [GC (Allocation Failure) 304877.818: [ParNew: 421319K->8680K(471872K), 0.0048861 secs] 2602317K->2189929K(4141888K), 0.0049658 secs] [Times: user=0.04 sys=0.00, real=0.00 secs] 
304878.848: [GC (Allocation Failure) 304878.848: [ParNew: 428136K->5510K(471872K), 0.0063877 secs] 2609385K->2187195K(4141888K), 0.0064682 secs] [Times: user=0.04 sys=0.00, real=0.01 secs] 
304880.132: [GC (Allocation Failure) 304880.132: [ParNew: 424966K->4792K(471872K), 0.0072304 secs] 2606651K->2186570K(4141888K), 0.0073102 secs] [Times: user=0.04 sys=0.00, real=0.01 secs] 
304881.307: [GC (Allocation Failure) 304881.307: [ParNew: 424248K->3174K(471872K), 0.0045868 secs] 2606026K->2185127K(4141888K), 0.0046712 secs] [Times: user=0.03 sys=0.00, real=0.00 secs] 
304885.225: [GC (Allocation Failure) 304885.225: [ParNew: 422630K->1477K(471872K), 0.0050477 secs] 2604583K->2184540K(4141888K), 0.0051264 secs] [Times: user=0.04 sys=0.00, real=0.00 secs] 
304900.024: [GC (Allocation Failure) 304900.024: [ParNew: 420933K->4156K(471872K), 0.0051014 secs] 2603996K->2187581K(4141888K), 0.0051834 secs] [Times: user=0.04 sys=0.00, real=0.00 secs] 
304908.380: [GC (Allocation Failure) 304908.380: [ParNew: 423612K->3653K(471872K), 0.0054475 secs] 2607037K->2188308K(4141888K), 0.0055257 secs] [Times: user=0.04 sys=0.00, real=0.01 secs] 
304915.623: [GC (Allocation Failure) 304915.623: [ParNew: 423109K->3181K(471872K), 0.0060416 secs] 2607764K->2189281K(4141888K), 0.0061350 secs] [Times: user=0.05 sys=0.00, real=0.01 secs] 
304920.493: [GC (Allocation Failure) 304920.493: [ParNew: 422637K->10736K(471872K), 0.0067222 secs] 2608737K->2198221K(4141888K), 0.0068310 secs] [Times: user=0.05 sys=0.00, real=0.01 secs] 
304925.445: [GC (Allocation Failure) 304925.445: [ParNew: 429144K->10226K(471872K), 0.0073168 secs] 2616628K->2200554K(4141888K), 0.0074042 secs] [Times: user=0.05 sys=0.00, real=0.00 secs] 
304927.374: [GC (Allocation Failure) 304927.374: [ParNew: 429682K->4037K(471872K), 0.0065228 secs] 2620010K->2195239K(4141888K), 0.0066067 secs] [Times: user=0.04 sys=0.00, real=0.00 secs] 
304931.413: [GC (Allocation Failure) 304931.413: [ParNew: 423493K->6432K(471872K), 0.0064915 secs] 2614695K->2197869K(4141888K), 0.0065751 secs] [Times: user=0.05 sys=0.00, real=0.01 secs] 
304933.600: [GC (Allocation Failure) 304933.600: [ParNew: 425888K->5807K(471872K), 0.0062034 secs] 2617325K->2197829K(4141888K), 0.0062814 secs] [Times: user=0.04 sys=0.00, real=0.01 secs] 
304935.828: [GC (Allocation Failure) 304935.828: [ParNew: 425263K->1967K(471872K), 0.0082489 secs] 2617285K->2194275K(4141888K), 0.0083214 secs] [Times: user=0.05 sys=0.00, real=0.01 secs] 
304942.392: [GC (Allocation Failure) 304942.392: [ParNew: 421423K->7617K(471872K), 0.0056412 secs] 2613731K->2200113K(4141888K), 0.0057377 secs] [Times: user=0.04 sys=0.00, real=0.01 secs] 
304945.376: [GC (Allocation Failure) 304945.376: [ParNew: 427073K->7218K(471872K), 0.0060709 secs] 2619569K->2200377K(4141888K), 0.0061558 secs] [Times: user=0.04 sys=0.00, real=0.00 secs] 
304948.425: [GC (Allocation Failure) 304948.425: [ParNew: 426674K->7755K(471872K), 0.0053247 secs] 2619833K->2201300K(4141888K), 0.0054128 secs] [Times: user=0.04 sys=0.00, real=0.00 secs] 
304951.372: [GC (Allocation Failure) 304951.372: [ParNew: 427211K->2951K(471872K), 0.0048474 secs] 2620756K->2196855K(4141888K), 0.0049233 secs] [Times: user=0.03 sys=0.00, real=0.01 secs] 
304953.320: [GC (Allocation Failure) 304953.320: [ParNew: 422407K->8268K(471872K), 0.0053154 secs] 2616311K->2202722K(4141888K), 0.0054040 secs] [Times: user=0.04 sys=0.00, real=0.01 secs] 
304955.370: [GC (Allocation Failure) 304955.371: [ParNew: 427724K->7309K(471872K), 0.0053772 secs] 2622178K->2202409K(4141888K), 0.0054664 secs] [Times: user=0.04 sys=0.00, real=0.01 secs] 
304957.378: [GC (Allocation Failure) 304957.378: [ParNew: 426765K->2773K(471872K), 0.0048371 secs] 2621865K->2198183K(4141888K), 0.0049193 secs] [Times: user=0.03 sys=0.00, real=0.00 secs] 
304983.012: [GC (Allocation Failure) 304983.012: [ParNew: 422229K->9598K(471872K), 0.0068090 secs] 2617639K->2205915K(4141888K), 0.0069011 secs] [Times: user=0.05 sys=0.00, real=0.01 secs] 
304987.815: [GC (Allocation Failure) 304987.815: [ParNew: 428972K->6103K(471872K), 0.0103030 secs] 2625289K->2206751K(4141888K), 0.0104028 secs] [Times: user=0.04 sys=0.00, real=0.01 secs] 
304993.100: [GC (Allocation Failure) 304993.100: [ParNew: 425559K->2253K(471872K), 0.0049937 secs] 2626207K->2203546K(4141888K), 0.0050670 secs] [Times: user=0.04 sys=0.00, real=0.01 secs] 
305018.756: [GC (Allocation Failure) 305018.756: [ParNew: 421010K->7124K(471872K), 0.0055061 secs] 2622302K->2209401K(4141888K), 0.0055979 secs] [Times: user=0.04 sys=0.01, real=0.00 secs] 
305019.258: [GC (Allocation Failure) 305019.258: [ParNew: 425863K->6362K(471872K), 0.0070851 secs] 2628140K->2213087K(4141888K), 0.0071770 secs] [Times: user=0.05 sys=0.00, real=0.01 secs] 
305019.705: [GC (Allocation Failure) 305019.705: [ParNew: 425818K->3400K(471872K), 0.0060918 secs] 2632543K->2213100K(4141888K), 0.0061720 secs] [Times: user=0.05 sys=0.00, real=0.00 secs] 
305022.606: [GC (Allocation Failure) 305022.606: [ParNew: 422856K->1790K(471872K), 0.0060003 secs] 2632556K->2211555K(4141888K), 0.0060723 secs] [Times: user=0.03 sys=0.00, real=0.00 secs] 
305029.886: [GC (Allocation Failure) 305029.886: [ParNew: 421246K->2546K(471872K), 0.0056529 secs] 2631011K->2212558K(4141888K), 0.0057281 secs] [Times: user=0.04 sys=0.00, real=0.00 secs] 
305037.218: [GC (Allocation Failure) 305037.218: [ParNew: 422002K->2949K(471872K), 0.0051146 secs] 2632014K->2213806K(4141888K), 0.0051942 secs] [Times: user=0.04 sys=0.00, real=0.00 secs] 
305042.296: [GC (Allocation Failure) 305042.296: [ParNew: 422405K->5159K(471872K), 0.0049980 secs] 2633262K->2216695K(4141888K), 0.0050757 secs] [Times: user=0.04 sys=0.00, real=0.00 secs] 
305046.333: [GC (Allocation Failure) 305046.333: [ParNew: 424083K->11788K(471872K), 0.0062468 secs] 2635619K->2226027K(4141888K), 0.0063438 secs] [Times: user=0.04 sys=0.00, real=0.01 secs] 
305046.867: [GC (Allocation Failure) 305046.867: [ParNew: 431244K->3354K(471872K), 0.0050751 secs] 2645483K->2218236K(4141888K), 0.0051482 secs] [Times: user=0.03 sys=0.00, real=0.00 secs] 
305049.993: [GC (Allocation Failure) 305049.993: [ParNew: 422810K->4145K(471872K), 0.0051135 secs] 2637692K->2219117K(4141888K), 0.0052034 secs] [Times: user=0.03 sys=0.00, real=0.01 secs] 
305052.956: [GC (Allocation Failure) 305052.956: [ParNew: 423601K->3471K(471872K), 0.0053234 secs] 2638573K->2219695K(4141888K), 0.0054172 secs] [Times: user=0.03 sys=0.00, real=0.00 secs] 
305057.006: [GC (Allocation Failure) 305057.006: [ParNew: 422927K->3227K(471872K), 0.0063444 secs] 2639151K->2219813K(4141888K), 0.0064355 secs] [Times: user=0.05 sys=0.00, real=0.00 secs] 
305065.846: [GC (Allocation Failure) 305065.846: [ParNew: 422670K->3407K(471872K), 0.0051899 secs] 2639257K->2220518K(4141888K), 0.0052830 secs] [Times: user=0.04 sys=0.00, real=0.00 secs] 
305070.098: [GC (Allocation Failure) 305070.099: [ParNew: 422596K->4159K(471872K), 0.0051206 secs] 2639708K->2222112K(4141888K), 0.0051987 secs] [Times: user=0.04 sys=0.00, real=0.00 secs] 
305074.798: [GC (Allocation Failure) 305074.798: [ParNew: 423615K->2434K(471872K), 0.0052162 secs] 2641568K->2220856K(4141888K), 0.0052926 secs] [Times: user=0.03 sys=0.00, real=0.00 secs] 
305078.844: [GC (Allocation Failure) 305078.844: [ParNew: 421890K->1920K(471872K), 0.0047838 secs] 2640312K->2220808K(4141888K), 0.0048904 secs] [Times: user=0.04 sys=0.00, real=0.00 secs] 
305083.059: [GC (Allocation Failure) 305083.059: [ParNew: 421376K->1453K(471872K), 0.0045904 secs] 2640264K->2220666K(4141888K), 0.0046652 secs] [Times: user=0.03 sys=0.00, real=0.01 secs] 
305088.565: [GC (Allocation Failure) 305088.565: [ParNew: 420909K->3039K(471872K), 0.0050074 secs] 2640122K->2222612K(4141888K), 0.0050919 secs] [Times: user=0.04 sys=0.00, real=0.00 secs] 
305093.686: [GC (Allocation Failure) 305093.686: [ParNew: 422495K->2152K(471872K), 0.0054206 secs] 2642068K->2222236K(4141888K), 0.0055009 secs] [Times: user=0.04 sys=0.00, real=0.00 secs] 
305095.889: [GC (Allocation Failure) 305095.890: [ParNew: 421608K->5468K(471872K), 0.0050963 secs] 2641692K->2226320K(4141888K), 0.0051766 secs] [Times: user=0.04 sys=0.00, real=0.01 secs] 
305100.509: [GC (Allocation Failure) 305100.509: [ParNew: 424924K->22970K(471872K), 0.0080814 secs] 2645776K->2243996K(4141888K), 0.0081900 secs] [Times: user=0.06 sys=0.00, real=0.01 secs] 
305123.053: [GC (Allocation Failure) 305123.053: [ParNew: 442426K->8193K(471872K), 0.0091489 secs] 2663452K->2232287K(4141888K), 0.0092329 secs] [Times: user=0.06 sys=0.00, real=0.01 secs] 
305131.587: [GC (Allocation Failure) 305131.587: [ParNew: 427649K->4408K(471872K), 0.0067137 secs] 2651743K->2230555K(4141888K), 0.0067967 secs] [Times: user=0.04 sys=0.01, real=0.01 secs] 
305134.552: [GC (Allocation Failure) 305134.552: [ParNew: 423462K->4617K(471872K), 0.0058108 secs] 2649609K->2231666K(4141888K), 0.0058920 secs] [Times: user=0.04 sys=0.00, real=0.01 secs] 
305140.453: [GC (Allocation Failure) 305140.453: [ParNew: 424073K->6959K(471872K), 0.0048974 secs] 2651122K->2234235K(4141888K), 0.0049734 secs] [Times: user=0.03 sys=0.00, real=0.01 secs] 
305143.074: [GC (Allocation Failure) 305143.074: [ParNew: 426415K->1703K(471872K), 0.0055158 secs] 2653691K->2229812K(4141888K), 0.0055916 secs] [Times: user=0.04 sys=0.00, real=0.00 secs] 
305145.454: [GC (Allocation Failure) 305145.454: [ParNew: 421159K->3698K(471872K), 0.0050767 secs] 2649268K->2232085K(4141888K), 0.0051519 secs] [Times: user=0.04 sys=0.00, real=0.00 secs] 
305147.635: [GC (Allocation Failure) 305147.635: [ParNew: 423154K->4473K(471872K), 0.0081666 secs] 2651541K->2233161K(4141888K), 0.0082484 secs] [Times: user=0.04 sys=0.00, real=0.00 secs] 
305150.485: [GC (Allocation Failure) 305150.485: [ParNew: 423631K->7434K(471872K), 0.0051304 secs] 2652320K->2236359K(4141888K), 0.0052183 secs] [Times: user=0.04 sys=0.00, real=0.00 secs] 
305151.821: [GC (Allocation Failure) 305151.821: [ParNew: 426890K->5320K(471872K), 0.0049539 secs] 2655815K->2234728K(4141888K), 0.0050307 secs] [Times: user=0.04 sys=0.00, real=0.01 secs] 
305153.572: [GC (Allocation Failure) 305153.572: [ParNew: 424776K->3721K(471872K), 0.0049843 secs] 2654184K->2233288K(4141888K), 0.0050593 secs] [Times: user=0.03 sys=0.01, real=0.01 secs] 
305156.594: [GC (Allocation Failure) 305156.594: [ParNew: 423177K->4407K(471872K), 0.0047327 secs] 2652744K->2234159K(4141888K), 0.0048150 secs] [Times: user=0.04 sys=0.00, real=0.00 secs] 
305158.693: [GC (Allocation Failure) 305158.693: [ParNew: 423534K->4635K(471872K), 0.0052845 secs] 2653286K->2234799K(4141888K), 0.0053719 secs] [Times: user=0.04 sys=0.00, real=0.01 secs] 
305161.060: [GC (Allocation Failure) 305161.060: [ParNew: 423809K->3098K(471872K), 0.0045281 secs] 2653973K->2233442K(4141888K), 0.0046039 secs] [Times: user=0.03 sys=0.00, real=0.01 secs] 
305162.678: [GC (Allocation Failure) 305162.678: [ParNew: 422554K->7038K(471872K), 0.0052429 secs] 2652898K->2237703K(4141888K), 0.0053282 secs] [Times: user=0.04 sys=0.00, real=0.00 secs] 
305164.406: [GC (Allocation Failure) 305164.406: [ParNew: 426494K->5863K(471872K), 0.0067626 secs] 2657159K->2239002K(4141888K), 0.0068500 secs] [Times: user=0.04 sys=0.00, real=0.00 secs] 
305166.503: [GC (Allocation Failure) 305166.503: [ParNew: 425319K->6226K(471872K), 0.0056444 secs] 2658458K->2239705K(4141888K), 0.0057327 secs] [Times: user=0.04 sys=0.00, real=0.01 secs] 
305167.885: [GC (Allocation Failure) 305167.885: [ParNew: 425682K->6950K(471872K), 0.0051092 secs] 2659161K->2240718K(4141888K), 0.0052052 secs] [Times: user=0.04 sys=0.00, real=0.00 secs] 
305169.441: [GC (Allocation Failure) 305169.441: [ParNew: 426406K->4292K(471872K), 0.0046970 secs] 2660174K->2238279K(4141888K), 0.0047690 secs] [Times: user=0.04 sys=0.00, real=0.01 secs] 
305170.967: [GC (Allocation Failure) 305170.967: [ParNew: 423748K->3492K(471872K), 0.0048876 secs] 2657735K->2237667K(4141888K), 0.0049564 secs] [Times: user=0.04 sys=0.00, real=0.00 secs] 
305172.899: [GC (Allocation Failure) 305172.899: [ParNew: 422948K->4089K(471872K), 0.0062056 secs] 2657123K->2238427K(4141888K), 0.0062832 secs] [Times: user=0.04 sys=0.00, real=0.01 secs] 
305174.470: [GC (Allocation Failure) 305174.470: [ParNew: 423545K->3042K(471872K), 0.0146638 secs] 2657883K->2237770K(4141888K), 0.0147358 secs] [Times: user=0.09 sys=0.00, real=0.02 secs] 
305175.580: [GC (Allocation Failure) 305175.580: [ParNew: 422498K->4417K(471872K), 0.0052290 secs] 2657226K->2239311K(4141888K), 0.0053183 secs] [Times: user=0.04 sys=0.00, real=0.01 secs] 
305178.512: [GC (Allocation Failure) 305178.512: [ParNew: 423376K->2931K(471872K), 0.0046191 secs] 2658270K->2237994K(4141888K), 0.0046973 secs] [Times: user=0.03 sys=0.00, real=0.01 secs] 
305181.490: [GC (Allocation Failure) 305181.490: [ParNew: 422313K->1638K(471872K), 0.0046206 secs] 2657377K->2237016K(4141888K), 0.0046960 secs] [Times: user=0.03 sys=0.00, real=0.01 secs] 
305193.096: [GC (Allocation Failure) 305193.096: [ParNew: 421094K->2039K(471872K), 0.0048991 secs] 2656472K->2238206K(4141888K), 0.0049876 secs] [Times: user=0.04 sys=0.00, real=0.00 secs] 
305222.531: [GC (Allocation Failure) 305222.531: [ParNew: 421495K->16069K(471872K), 0.0085198 secs] 2657662K->2253516K(4141888K), 0.0086333 secs] [Times: user=0.06 sys=0.00, real=0.01 secs] 
305233.807: [GC (Allocation Failure) 305233.807: [ParNew: 435525K->8433K(471872K), 0.0070932 secs] 2672972K->2250314K(4141888K), 0.0071902 secs] [Times: user=0.03 sys=0.01, real=0.01 secs] 
305240.315: [GC (Allocation Failure) 305240.316: [ParNew: 427889K->4452K(471872K), 0.0054352 secs] 2669770K->2247476K(4141888K), 0.0055150 secs] [Times: user=0.04 sys=0.00, real=0.00 secs] 
305243.381: [GC (Allocation Failure) 305243.382: [ParNew: 423908K->3772K(471872K), 0.0053558 secs] 2666932K->2247410K(4141888K), 0.0054338 secs] [Times: user=0.04 sys=0.00, real=0.01 secs] 
305259.818: [GC (Allocation Failure) 305259.819: [ParNew: 423228K->3043K(471872K), 0.0050581 secs] 2666866K->2247050K(4141888K), 0.0051356 secs] [Times: user=0.03 sys=0.00, real=0.00 secs] 
305275.917: [GC (Allocation Failure) 305275.917: [ParNew: 422367K->3891K(471872K), 0.0084836 secs] 2666374K->2249632K(4141888K), 0.0085697 secs] [Times: user=0.05 sys=0.00, real=0.01 secs] 
305285.239: [GC (Allocation Failure) 305285.239: [ParNew: 423347K->5899K(471872K), 0.0056736 secs] 2669088K->2252778K(4141888K), 0.0057537 secs] [Times: user=0.03 sys=0.00, real=0.01 secs] 
305308.511: [GC (Allocation Failure) 305308.511: [ParNew: 425355K->3814K(471872K), 0.0061695 secs] 2672234K->2254418K(4141888K), 0.0062852 secs] [Times: user=0.04 sys=0.00, real=0.01 secs] 
305326.013: [GC (Allocation Failure) 305326.013: [ParNew: 423270K->3608K(471872K), 0.0085859 secs] 2673874K->2256448K(4141888K), 0.0086743 secs] [Times: user=0.05 sys=0.00, real=0.01 secs] 
305334.296: [GC (Allocation Failure) 305334.296: [ParNew: 423064K->3221K(471872K), 0.0074031 secs] 2675904K->2257841K(4141888K), 0.0074864 secs] [Times: user=0.04 sys=0.00, real=0.01 secs] 
305339.494: [GC (Allocation Failure) 305339.494: [ParNew: 422677K->3545K(471872K), 0.0071577 secs] 2677297K->2258954K(4141888K), 0.0072493 secs] [Times: user=0.04 sys=0.01, real=0.01 secs] 
305343.554: [GC (Allocation Failure) 305343.554: [ParNew: 423001K->5029K(471872K), 0.0065403 secs] 2678410K->2261189K(4141888K), 0.0066250 secs] [Times: user=0.05 sys=0.01, real=0.01 secs] 
305359.839: [GC (Allocation Failure) 305359.839: [ParNew: 424485K->6365K(471872K), 0.0140005 secs] 2680645K->2263209K(4141888K), 0.0141058 secs] [Times: user=0.04 sys=0.00, real=0.01 secs] 
305373.163: [GC (Allocation Failure) 305373.164: [ParNew: 425804K->3865K(471872K), 0.0063841 secs] 2682648K->2265002K(4141888K), 0.0064780 secs] [Times: user=0.04 sys=0.00, real=0.01 secs] 
305376.216: [GC (Allocation Failure) 305376.216: [ParNew: 423321K->3198K(471872K), 0.0059293 secs] 2684458K->2266036K(4141888K), 0.0060037 secs] [Times: user=0.04 sys=0.00, real=0.00 secs] 
305398.249: [GC (Allocation Failure) 305398.249: [ParNew: 422654K->4830K(471872K), 0.0054158 secs] 2685492K->2268917K(4141888K), 0.0055161 secs] [Times: user=0.04 sys=0.00, real=0.01 secs] 
305412.132: [GC (Allocation Failure) 305412.132: [ParNew: 424286K->5178K(471872K), 0.0067884 secs] 2688373K->2270923K(4141888K), 0.0068725 secs] [Times: user=0.05 sys=0.00, real=0.01 secs] 
305450.983: [GC (Allocation Failure) 305450.983: [ParNew: 424634K->4355K(471872K), 0.0067646 secs] 2690379K->2273787K(4141888K), 0.0068537 secs] [Times: user=0.05 sys=0.00, real=0.01 secs] 
305477.669: [GC (Allocation Failure) 305477.669: [ParNew: 423770K->7689K(471872K), 0.0077711 secs] 2693202K->2280276K(4141888K), 0.0078634 secs] [Times: user=0.05 sys=0.00, real=0.01 secs] 
305486.015: [GC (Allocation Failure) 305486.015: [ParNew: 427145K->10283K(471872K), 0.0079337 secs] 2699732K->2287578K(4141888K), 0.0080771 secs] [Times: user=0.05 sys=0.00, real=0.00 secs] 
305487.962: [GC (Allocation Failure) 305487.962: [ParNew: 429739K->8311K(471872K), 0.0063360 secs] 2707034K->2287731K(4141888K), 0.0064375 secs] [Times: user=0.05 sys=0.00, real=0.01 secs] 
305488.935: [GC (Allocation Failure) 305488.935: [ParNew: 427126K->11790K(471872K), 0.0051576 secs] 2706547K->2291477K(4141888K), 0.0052463 secs] [Times: user=0.04 sys=0.00, real=0.00 secs] 
305493.318: [GC (Allocation Failure) 305493.318: [ParNew: 431246K->10511K(471872K), 0.0063577 secs] 2710933K->2290322K(4141888K), 0.0064684 secs] [Times: user=0.05 sys=0.00, real=0.01 secs] 
305493.976: [GC (Allocation Failure) 305493.976: [ParNew: 429967K->11720K(471872K), 0.0061658 secs] 2709778K->2292058K(4141888K), 0.0062566 secs] [Times: user=0.04 sys=0.00, real=0.00 secs] 
305494.516: [GC (Allocation Failure) 305494.516: [ParNew: 431176K->14580K(471872K), 0.0047313 secs] 2711514K->2295222K(4141888K), 0.0048153 secs] [Times: user=0.03 sys=0.00, real=0.00 secs] 
305523.051: [GC (Allocation Failure) 305523.051: [ParNew: 434036K->4846K(471872K), 0.0053945 secs] 2714678K->2285540K(4141888K), 0.0054752 secs] [Times: user=0.04 sys=0.00, real=0.01 secs] 
305544.929: [GC (Allocation Failure) 305544.929: [ParNew: 423964K->11743K(471872K), 0.0075985 secs] 2704658K->2295701K(4141888K), 0.0077042 secs] [Times: user=0.05 sys=0.01, real=0.01 secs] 
305549.789: [GC (Allocation Failure) 305549.789: [ParNew: 431199K->5000K(471872K), 0.0066337 secs] 2715157K->2293632K(4141888K), 0.0067196 secs] [Times: user=0.04 sys=0.00, real=0.01 secs] 
305553.490: [GC (Allocation Failure) 305553.490: [ParNew: 424456K->10123K(471872K), 0.0050326 secs] 2713088K->2299215K(4141888K), 0.0051198 secs] [Times: user=0.04 sys=0.00, real=0.01 secs] 
305558.311: [GC (Allocation Failure) 305558.311: [ParNew: 429571K->2067K(471872K), 0.0051956 secs] 2718663K->2291464K(4141888K), 0.0052725 secs] [Times: user=0.03 sys=0.00, real=0.01 secs] 
305564.357: [GC (Allocation Failure) 305564.357: [ParNew: 421523K->10683K(471872K), 0.0064790 secs] 2710920K->2300594K(4141888K), 0.0065885 secs] [Times: user=0.05 sys=0.00, real=0.00 secs] 
305566.836: [GC (Allocation Failure) 305566.836: [ParNew: 430139K->11381K(471872K), 0.0066277 secs] 2720050K->2301977K(4141888K), 0.0067255 secs] [Times: user=0.05 sys=0.00, real=0.00 secs] 
305571.252: [GC (Allocation Failure) 305571.252: [ParNew: 430837K->9996K(471872K), 0.0056872 secs] 2721433K->2300829K(4141888K), 0.0057758 secs] [Times: user=0.04 sys=0.00, real=0.01 secs] 
305574.314: [GC (Allocation Failure) 305574.314: [ParNew: 429452K->6245K(471872K), 0.0050159 secs] 2720285K->2297666K(4141888K), 0.0050895 secs] [Times: user=0.04 sys=0.00, real=0.00 secs] 
305576.475: [GC (Allocation Failure) 305576.475: [ParNew: 425701K->12004K(471872K), 0.0060205 secs] 2717122K->2303851K(4141888K), 0.0061215 secs] [Times: user=0.05 sys=0.01, real=0.00 secs] 
305578.213: [GC (Allocation Failure) 305578.213: [ParNew: 431409K->4274K(471872K), 0.0048250 secs] 2723257K->2296517K(4141888K), 0.0049592 secs] [Times: user=0.03 sys=0.00, real=0.01 secs] 
305579.682: [GC (Allocation Failure) 305579.682: [ParNew: 423730K->11733K(471872K), 0.0055924 secs] 2715973K->2304322K(4141888K), 0.0056888 secs] [Times: user=0.04 sys=0.00, real=0.01 secs] 
305580.588: [GC (Allocation Failure) 305580.588: [ParNew: 431189K->11873K(471872K), 0.0058685 secs] 2723778K->2304742K(4141888K), 0.0059647 secs] [Times: user=0.05 sys=0.00, real=0.01 secs] 
305582.998: [GC (Allocation Failure) 305582.998: [ParNew: 431329K->4438K(471872K), 0.0048864 secs] 2724198K->2297363K(4141888K), 0.0049657 secs] [Times: user=0.04 sys=0.00, real=0.00 secs] 
305586.055: [GC (Allocation Failure) 305586.055: [ParNew: 423894K->4086K(471872K), 0.0068411 secs] 2716819K->2297299K(4141888K), 0.0069251 secs] [Times: user=0.05 sys=0.00, real=0.00 secs] 
305586.649: [GC (Allocation Failure) 305586.649: [ParNew: 423542K->1777K(471872K), 0.0051064 secs] 2716755K->2295332K(4141888K), 0.0051845 secs] [Times: user=0.04 sys=0.00, real=0.01 secs] 
305589.501: [GC (Allocation Failure) 305589.501: [ParNew: 421233K->12496K(471872K), 0.0055430 secs] 2714788K->2306192K(4141888K), 0.0056402 secs] [Times: user=0.04 sys=0.00, real=0.01 secs] 
305591.753: [GC (Allocation Failure) 305591.753: [ParNew: 431952K->11640K(471872K), 0.0065596 secs] 2725648K->2308038K(4141888K), 0.0066642 secs] [Times: user=0.05 sys=0.00, real=0.01 secs] 
305594.444: [GC (Allocation Failure) 305594.444: [ParNew: 431096K->10600K(471872K), 0.0056062 secs] 2727494K->2307432K(4141888K), 0.0057026 secs] [Times: user=0.04 sys=0.00, real=0.01 secs] 
305598.363: [GC (Allocation Failure) 305598.363: [ParNew: 430056K->4328K(471872K), 0.0066864 secs] 2726888K->2301618K(4141888K), 0.0067586 secs] [Times: user=0.04 sys=0.01, real=0.01 secs] 
305615.918: [GC (Allocation Failure) 305615.918: [ParNew: 423784K->7571K(471872K), 0.0064719 secs] 2721074K->2305113K(4141888K), 0.0065598 secs] [Times: user=0.04 sys=0.00, real=0.01 secs] 
305617.887: [GC (Allocation Failure) 305617.887: [ParNew: 426305K->10595K(471872K), 0.0061318 secs] 2723848K->2309734K(4141888K), 0.0062365 secs] [Times: user=0.04 sys=0.01, real=0.00 secs] 
305620.801: [GC (Allocation Failure) 305620.801: [ParNew: 430051K->13536K(471872K), 0.0054462 secs] 2729190K->2313177K(4141888K), 0.0055367 secs] [Times: user=0.04 sys=0.00, real=0.01 secs] 
305622.387: [GC (Allocation Failure) 305622.387: [ParNew: 432845K->13249K(471872K), 0.0054824 secs] 2732485K->2313286K(4141888K), 0.0055729 secs] [Times: user=0.04 sys=0.00, real=0.00 secs] 
305623.834: [GC (Allocation Failure) 305623.834: [ParNew: 432705K->4412K(471872K), 0.0059911 secs] 2732742K->2304771K(4141888K), 0.0060713 secs] [Times: user=0.05 sys=0.00, real=0.00 secs] 
305625.367: [GC (Allocation Failure) 305625.367: [ParNew: 423816K->13452K(471872K), 0.0053050 secs] 2724176K->2314047K(4141888K), 0.0054058 secs] [Times: user=0.04 sys=0.00, real=0.00 secs] 
305633.059: [GC (Allocation Failure) 305633.059: [ParNew: 432908K->3527K(471872K), 0.0047468 secs] 2733503K->2304425K(4141888K), 0.0048233 secs] [Times: user=0.04 sys=0.00, real=0.01 secs] 
305641.822: [GC (Allocation Failure) 305641.822: [ParNew: 422983K->2665K(471872K), 0.0052212 secs] 2723881K->2305128K(4141888K), 0.0053058 secs] [Times: user=0.03 sys=0.00, real=0.01 secs] 
305664.641: [GC (Allocation Failure) 305664.641: [ParNew: 422121K->5572K(471872K), 0.0054991 secs] 2724584K->2309345K(4141888K), 0.0055926 secs] [Times: user=0.04 sys=0.00, real=0.01 secs] 
305695.756: [GC (Allocation Failure) 305695.756: [ParNew: 425028K->4839K(471872K), 0.0067707 secs] 2728801K->2312912K(4141888K), 0.0068588 secs] [Times: user=0.05 sys=0.01, real=0.00 secs] 
305720.372: [GC (Allocation Failure) 305720.372: [ParNew: 424295K->7599K(471872K), 0.0067330 secs] 2732368K->2319008K(4141888K), 0.0068298 secs] [Times: user=0.05 sys=0.00, real=0.01 secs] 
305744.628: [GC (Allocation Failure) 305744.628: [ParNew: 427055K->5274K(471872K), 0.0068169 secs] 2738464K->2320751K(4141888K), 0.0069201 secs] [Times: user=0.05 sys=0.00, real=0.01 secs] 
305751.285: [GC (Allocation Failure) 305751.285: [ParNew: 424730K->4268K(471872K), 0.0061149 secs] 2740207K->2322142K(4141888K), 0.0061962 secs] [Times: user=0.04 sys=0.00, real=0.00 secs] 
305756.892: [GC (Allocation Failure) 305756.892: [ParNew: 423724K->3508K(471872K), 0.0051349 secs] 2741598K->2322267K(4141888K), 0.0052149 secs] [Times: user=0.04 sys=0.00, real=0.01 secs] 
305764.039: [GC (Allocation Failure) 305764.039: [ParNew: 422964K->2963K(471872K), 0.0049862 secs] 2741723K->2322245K(4141888K), 0.0050614 secs] [Times: user=0.03 sys=0.01, real=0.01 secs] 
305771.963: [GC (Allocation Failure) 305771.963: [ParNew: 422419K->4705K(471872K), 0.0052319 secs] 2741701K->2324985K(4141888K), 0.0053366 secs] [Times: user=0.03 sys=0.00, real=0.01 secs] 
305803.674: [GC (Allocation Failure) 305803.674: [ParNew: 424161K->3212K(471872K), 0.0062970 secs] 2744441K->2326515K(4141888K), 0.0063956 secs] [Times: user=0.05 sys=0.00, real=0.00 secs] 
305832.440: [GC (Allocation Failure) 305832.440: [ParNew: 422668K->8551K(471872K), 0.0082961 secs] 2745971K->2334277K(4141888K), 0.0083928 secs] [Times: user=0.05 sys=0.00, real=0.01 secs] 
305847.348: [GC (Allocation Failure) 305847.348: [ParNew: 427733K->6604K(471872K), 0.0068949 secs] 2753459K->2335142K(4141888K), 0.0069856 secs] [Times: user=0.04 sys=0.01, real=0.01 secs] 
305864.639: [GC (Allocation Failure) 305864.639: [ParNew: 426060K->3904K(471872K), 0.0065220 secs] 2754598K->2336049K(4141888K), 0.0066435 secs] [Times: user=0.04 sys=0.01, real=0.01 secs] 
305888.838: [GC (Allocation Failure) 305888.838: [ParNew: 423360K->3662K(471872K), 0.0058952 secs] 2755505K->2337511K(4141888K), 0.0059949 secs] [Times: user=0.04 sys=0.00, real=0.01 secs] 
305913.083: [GC (Allocation Failure) 305913.083: [ParNew: 423118K->6516K(471872K), 0.0064333 secs] 2756967K->2342513K(4141888K), 0.0065227 secs] [Times: user=0.05 sys=0.00, real=0.01 secs] 
305927.865: [GC (Allocation Failure) 305927.865: [ParNew: 425972K->4367K(471872K), 0.0075720 secs] 2761969K->2344679K(4141888K), 0.0076777 secs] [Times: user=0.04 sys=0.00, real=0.00 secs] 
305953.072: [GC (Allocation Failure) 305953.073: [ParNew: 423823K->4479K(471872K), 0.0163489 secs] 2764135K->2346286K(4141888K), 0.0164364 secs] [Times: user=0.05 sys=0.00, real=0.02 secs] 
305980.283: [GC (Allocation Failure) 305980.283: [ParNew: 423935K->5959K(471872K), 0.0114301 secs] 2765742K->2349902K(4141888K), 0.0115359 secs] [Times: user=0.05 sys=0.00, real=0.02 secs] 
305999.862: [GC (Allocation Failure) 305999.862: [ParNew: 425415K->3377K(471872K), 0.0075337 secs] 2769358K->2351909K(4141888K), 0.0076328 secs] [Times: user=0.05 sys=0.00, real=0.01 secs] 
306009.217: [GC (Allocation Failure) 306009.217: [ParNew: 422833K->3021K(471872K), 0.0060377 secs] 2771365K->2353086K(4141888K), 0.0061293 secs] [Times: user=0.05 sys=0.00, real=0.00 secs] 
306019.840: [GC (Allocation Failure) 306019.840: [ParNew: 422477K->4948K(471872K), 0.0060359 secs] 2772542K->2355765K(4141888K), 0.0061159 secs] [Times: user=0.05 sys=0.00, real=0.01 secs] 
306033.959: [GC (Allocation Failure) 306033.959: [ParNew: 424345K->5851K(471872K), 0.0063880 secs] 2775162K->2360192K(4141888K), 0.0064751 secs] [Times: user=0.05 sys=0.01, real=0.01 secs] 
306041.952: [GC (Allocation Failure) 306041.952: [ParNew: 425307K->2707K(471872K), 0.0054612 secs] 2779648K->2358364K(4141888K), 0.0055499 secs] [Times: user=0.04 sys=0.00, real=0.01 secs] 
306049.201: [GC (Allocation Failure) 306049.201: [ParNew: 422163K->4408K(471872K), 0.0056638 secs] 2777820K->2360873K(4141888K), 0.0057443 secs] [Times: user=0.04 sys=0.01, real=0.01 secs] 
306051.950: [GC (Allocation Failure) 306051.950: [ParNew: 423864K->11687K(471872K), 0.0061530 secs] 2780329K->2369036K(4141888K), 0.0062427 secs] [Times: user=0.04 sys=0.00, real=0.01 secs] 
306055.049: [GC (Allocation Failure) 306055.049: [ParNew: 431143K->4975K(471872K), 0.0047899 secs] 2788492K->2362651K(4141888K), 0.0048649 secs] [Times: user=0.03 sys=0.00, real=0.01 secs] 
306057.958: [GC (Allocation Failure) 306057.958: [ParNew: 424431K->12473K(471872K), 0.0057723 secs] 2782107K->2370458K(4141888K), 0.0058637 secs] [Times: user=0.04 sys=0.00, real=0.00 secs] 
306059.126: [GC (Allocation Failure) 306059.126: [ParNew: 431929K->5944K(471872K), 0.0046753 secs] 2789914K->2364389K(4141888K), 0.0047645 secs] [Times: user=0.04 sys=0.00, real=0.00 secs] 
306060.450: [GC (Allocation Failure) 306060.450: [ParNew: 425400K->10548K(471872K), 0.0055569 secs] 2783845K->2369146K(4141888K), 0.0056429 secs] [Times: user=0.04 sys=0.00, real=0.01 secs] 
306062.079: [GC (Allocation Failure) 306062.080: [ParNew: 430004K->4691K(471872K), 0.0093362 secs] 2788602K->2363492K(4141888K), 0.0094107 secs] [Times: user=0.07 sys=0.01, real=0.01 secs] 
306063.220: [GC (Allocation Failure) 306063.220: [ParNew: 424147K->10360K(471872K), 0.0061702 secs] 2782948K->2369365K(4141888K), 0.0062590 secs] [Times: user=0.05 sys=0.00, real=0.01 secs] 
306065.373: [GC (Allocation Failure) 306065.373: [ParNew: 429816K->6641K(471872K), 0.0047292 secs] 2788821K->2366193K(4141888K), 0.0048078 secs] [Times: user=0.03 sys=0.00, real=0.01 secs] 
306068.135: [GC (Allocation Failure) 306068.135: [ParNew: 426097K->10674K(471872K), 0.0064927 secs] 2785649K->2370518K(4141888K), 0.0065893 secs] [Times: user=0.04 sys=0.00, real=0.00 secs] 
306068.715: [GC (Allocation Failure) 306068.715: [ParNew: 430130K->11280K(471872K), 0.0062084 secs] 2789974K->2371716K(4141888K), 0.0063027 secs] [Times: user=0.05 sys=0.00, real=0.00 secs] 
306074.968: [GC (Allocation Failure) 306074.968: [ParNew: 430736K->14735K(471872K), 0.0062122 secs] 2791172K->2375234K(4141888K), 0.0063072 secs] [Times: user=0.05 sys=0.00, real=0.01 secs] 
306076.990: [GC (Allocation Failure) 306076.990: [ParNew: 434191K->14668K(471872K), 0.0057469 secs] 2794690K->2376041K(4141888K), 0.0058375 secs] [Times: user=0.04 sys=0.01, real=0.01 secs] 
306079.259: [GC (Allocation Failure) 306079.259: [ParNew: 434012K->12432K(471872K), 0.0060668 secs] 2795385K->2376664K(4141888K), 0.0061555 secs] [Times: user=0.05 sys=0.01, real=0.01 secs] 
306080.442: [GC (Allocation Failure) 306080.442: [ParNew: 431888K->11348K(471872K), 0.0060573 secs] 2796120K->2375907K(4141888K), 0.0061500 secs] [Times: user=0.04 sys=0.00, real=0.01 secs] 
306080.996: [GC (Allocation Failure) 306080.996: [ParNew: 430804K->12129K(471872K), 0.0049199 secs] 2795363K->2376888K(4141888K), 0.0049957 secs] [Times: user=0.03 sys=0.00, real=0.00 secs] 
306085.963: [GC (Allocation Failure) 306085.963: [ParNew: 431585K->13032K(471872K), 0.0059726 secs] 2796344K->2377917K(4141888K), 0.0060708 secs] [Times: user=0.04 sys=0.00, real=0.01 secs] 
306089.150: [GC (Allocation Failure) 306089.150: [ParNew: 432488K->10404K(471872K), 0.0067444 secs] 2797373K->2375798K(4141888K), 0.0068369 secs] [Times: user=0.05 sys=0.01, real=0.01 secs] 
306089.558: [GC (Allocation Failure) 306089.558: [ParNew: 429860K->14589K(471872K), 0.0050570 secs] 2795254K->2380384K(4141888K), 0.0051512 secs] [Times: user=0.03 sys=0.00, real=0.00 secs] 
306091.736: [GC (Allocation Failure) 306091.736: [ParNew: 434045K->12806K(471872K), 0.0056118 secs] 2799840K->2378634K(4141888K), 0.0056995 secs] [Times: user=0.04 sys=0.00, real=0.00 secs] 
306093.994: [GC (Allocation Failure) 306093.994: [ParNew: 432262K->12850K(471872K), 0.0062503 secs] 2798090K->2379014K(4141888K), 0.0063368 secs] [Times: user=0.05 sys=0.00, real=0.00 secs] 
306094.345: [GC (Allocation Failure) 306094.345: [ParNew: 432306K->12757K(471872K), 0.0055748 secs] 2798470K->2379677K(4141888K), 0.0056667 secs] [Times: user=0.04 sys=0.00, real=0.00 secs] 
306094.773: [GC (GCLocker Initiated GC) 306094.773: [ParNew: 432213K->4717K(471872K), 0.0069987 secs] 2799133K->2379133K(4141888K), 0.0070980 secs] [Times: user=0.05 sys=0.01, real=0.01 secs] 
306095.119: [GC (Allocation Failure) 306095.119: [ParNew: 424173K->4579K(471872K), 0.0049237 secs] 2798589K->2379388K(4141888K), 0.0049990 secs] [Times: user=0.04 sys=0.00, real=0.01 secs] 
306095.773: [GC (Allocation Failure) 306095.773: [ParNew: 424035K->3319K(471872K), 0.0049635 secs] 2798844K->2379279K(4141888K), 0.0050382 secs] [Times: user=0.03 sys=0.00, real=0.01 secs] 
306098.095: [GC (Allocation Failure) 306098.095: [ParNew: 422775K->11462K(471872K), 0.0063583 secs] 2798735K->2387625K(4141888K), 0.0064621 secs] [Times: user=0.05 sys=0.00, real=0.00 secs] 
306098.518: [GC (Allocation Failure) 306098.518: [ParNew: 430918K->6876K(471872K), 0.0048367 secs] 2807081K->2383537K(4141888K), 0.0049127 secs] [Times: user=0.03 sys=0.01, real=0.00 secs] 
306099.305: [GC (Allocation Failure) 306099.305: [ParNew: 426332K->4950K(471872K), 0.0046472 secs] 2802993K->2381682K(4141888K), 0.0047197 secs] [Times: user=0.03 sys=0.00, real=0.00 secs] 
306100.060: [GC (Allocation Failure) 306100.060: [ParNew: 424406K->1804K(471872K), 0.0045839 secs] 2801138K->2378850K(4141888K), 0.0046538 secs] [Times: user=0.04 sys=0.00, real=0.01 secs] 
306100.641: [GC (Allocation Failure) 306100.641: [ParNew: 421260K->11081K(471872K), 0.0049479 secs] 2798306K->2388459K(4141888K), 0.0050396 secs] [Times: user=0.03 sys=0.00, real=0.01 secs] 
306102.718: [GC (Allocation Failure) 306102.718: [ParNew: 430537K->2788K(471872K), 0.0045974 secs] 2807915K->2380236K(4141888K), 0.0046780 secs] [Times: user=0.04 sys=0.00, real=0.00 secs] 
306104.339: [GC (Allocation Failure) 306104.339: [ParNew: 422244K->10051K(471872K), 0.0051784 secs] 2799692K->2387817K(4141888K), 0.0052628 secs] [Times: user=0.04 sys=0.00, real=0.01 secs] 
306105.404: [GC (Allocation Failure) 306105.404: [ParNew: 429507K->11655K(471872K), 0.0064969 secs] 2807273K->2389717K(4141888K), 0.0065899 secs] [Times: user=0.05 sys=0.00, real=0.01 secs] 
306105.981: [GC (Allocation Failure) 306105.981: [ParNew: 431111K->5486K(471872K), 0.0045313 secs] 2809173K->2383721K(4141888K), 0.0045998 secs] [Times: user=0.03 sys=0.00, real=0.01 secs] 
306107.642: [GC (Allocation Failure) 306107.642: [ParNew: 424942K->2889K(471872K), 0.0047601 secs] 2803177K->2381199K(4141888K), 0.0048413 secs] [Times: user=0.03 sys=0.00, real=0.01 secs] 
306111.794: [GC (Allocation Failure) 306111.794: [ParNew: 422345K->3331K(471872K), 0.0050960 secs] 2800655K->2381816K(4141888K), 0.0051758 secs] [Times: user=0.03 sys=0.00, real=0.00 secs] 
306116.985: [GC (Allocation Failure) 306116.985: [ParNew: 422787K->11430K(471872K), 0.0070158 secs] 2801272K->2390786K(4141888K), 0.0071153 secs] [Times: user=0.05 sys=0.00, real=0.00 secs] 
306128.011: [GC (Allocation Failure) 306128.011: [ParNew: 430886K->15179K(471872K), 0.0112626 secs] 2810242K->2395268K(4141888K), 0.0113745 secs] [Times: user=0.07 sys=0.00, real=0.01 secs] 
306151.556: [GC (Allocation Failure) 306151.556: [ParNew: 434635K->10570K(471872K), 0.0101497 secs] 2814724K->2392774K(4141888K), 0.0102454 secs] [Times: user=0.04 sys=0.00, real=0.01 secs] 
306176.518: [GC (Allocation Failure) 306176.518: [ParNew: 430026K->3630K(471872K), 0.0124374 secs] 2812230K->2390405K(4141888K), 0.0125313 secs] [Times: user=0.05 sys=0.00, real=0.01 secs] 
306191.675: [GC (Allocation Failure) 306191.675: [ParNew: 423086K->3625K(471872K), 0.0075337 secs] 2809861K->2392384K(4141888K), 0.0076239 secs] [Times: user=0.04 sys=0.01, real=0.00 secs] 
306201.621: [GC (Allocation Failure) 306201.621: [ParNew: 423081K->5292K(471872K), 0.0070029 secs] 2811840K->2395512K(4141888K), 0.0070960 secs] [Times: user=0.04 sys=0.00, real=0.01 secs] 
306223.523: [GC (Allocation Failure) 306223.523: [ParNew: 424748K->3423K(471872K), 0.0077139 secs] 2814968K->2396892K(4141888K), 0.0078078 secs] [Times: user=0.05 sys=0.00, real=0.01 secs] 
306237.276: [GC (Allocation Failure) 306237.276: [ParNew: 422879K->3915K(471872K), 0.0066331 secs] 2816348K->2399330K(4141888K), 0.0067224 secs] [Times: user=0.04 sys=0.01, real=0.00 secs] 
306243.103: [GC (Allocation Failure) 306243.103: [ParNew: 423371K->2889K(471872K), 0.0054749 secs] 2818786K->2399614K(4141888K), 0.0055557 secs] [Times: user=0.04 sys=0.00, real=0.01 secs] 
306258.960: [GC (Allocation Failure) 306258.960: [ParNew: 422345K->3160K(471872K), 0.0056312 secs] 2819070K->2400686K(4141888K), 0.0057180 secs] [Times: user=0.04 sys=0.00, real=0.01 secs] 
306268.156: [GC (Allocation Failure) 306268.157: [ParNew: 422616K->4850K(471872K), 0.0070184 secs] 2820142K->2404252K(4141888K), 0.0070991 secs] [Times: user=0.04 sys=0.00, real=0.00 secs] 
306274.180: [GC (Allocation Failure) 306274.180: [ParNew: 424306K->1863K(471872K), 0.0067737 secs] 2823708K->2404464K(4141888K), 0.0068676 secs] [Times: user=0.05 sys=0.00, real=0.01 secs] 
306286.657: [GC (Allocation Failure) 306286.657: [ParNew: 421319K->3140K(471872K), 0.0051841 secs] 2823920K->2406440K(4141888K), 0.0052715 secs] [Times: user=0.04 sys=0.00, real=0.00 secs] 
306293.926: [GC (Allocation Failure) 306293.926: [ParNew: 422596K->2536K(471872K), 0.0058242 secs] 2825896K->2407236K(4141888K), 0.0059052 secs] [Times: user=0.04 sys=0.00, real=0.00 secs] 
306299.624: [GC (Allocation Failure) 306299.624: [ParNew: 421882K->2955K(471872K), 0.0064789 secs] 2826582K->2408345K(4141888K), 0.0065630 secs] [Times: user=0.05 sys=0.00, real=0.00 secs] 
306312.626: [GC (Allocation Failure) 306312.626: [ParNew: 422411K->2987K(471872K), 0.0081355 secs] 2827801K->2409014K(4141888K), 0.0082371 secs] [Times: user=0.04 sys=0.00, real=0.01 secs] 
306320.443: [GC (Allocation Failure) 306320.443: [ParNew: 421258K->12029K(471872K), 0.0107941 secs] 2827284K->2419774K(4141888K), 0.0109226 secs] [Times: user=0.05 sys=0.00, real=0.02 secs] 
306348.606: [GC (Allocation Failure) 306348.606: [ParNew: 431485K->7480K(471872K), 0.0059985 secs] 2839230K->2416144K(4141888K), 0.0060934 secs] [Times: user=0.05 sys=0.00, real=0.00 secs] 
306381.494: [GC (Allocation Failure) 306381.494: [ParNew: 426740K->29609K(471872K), 0.0091803 secs] 2835405K->2443134K(4141888K), 0.0093057 secs] [Times: user=0.06 sys=0.00, real=0.01 secs] 
306397.401: [GC (Allocation Failure) 306397.401: [ParNew: 449065K->8846K(471872K), 0.0072855 secs] 2862590K->2425176K(4141888K), 0.0073759 secs] [Times: user=0.06 sys=0.00, real=0.01 secs] 
306412.391: [GC (Allocation Failure) 306412.391: [ParNew: 428094K->6627K(471872K), 0.0065263 secs] 2844424K->2426724K(4141888K), 0.0066242 secs] [Times: user=0.05 sys=0.01, real=0.01 secs] 
306419.286: [GC (Allocation Failure) 306419.286: [ParNew: 426083K->4548K(471872K), 0.0059321 secs] 2846180K->2426726K(4141888K), 0.0060196 secs] [Times: user=0.04 sys=0.01, real=0.00 secs] 
306424.179: [GC (Allocation Failure) 306424.179: [ParNew: 424004K->4314K(471872K), 0.0052661 secs] 2846182K->2427332K(4141888K), 0.0053486 secs] [Times: user=0.04 sys=0.00, real=0.01 secs] 
306428.241: [GC (Allocation Failure) 306428.241: [ParNew: 423770K->3875K(471872K), 0.0052227 secs] 2846788K->2427730K(4141888K), 0.0053005 secs] [Times: user=0.03 sys=0.00, real=0.01 secs] 
306431.245: [GC (Allocation Failure) 306431.245: [ParNew: 423331K->1795K(471872K), 0.0051429 secs] 2847186K->2426258K(4141888K), 0.0052279 secs] [Times: user=0.04 sys=0.00, real=0.00 secs] 
306435.163: [GC (Allocation Failure) 306435.163: [ParNew: 421251K->2364K(471872K), 0.0059098 secs] 2845714K->2427177K(4141888K), 0.0059930 secs] [Times: user=0.04 sys=0.00, real=0.01 secs] 
306438.080: [GC (Allocation Failure) 306438.080: [ParNew: 421820K->8810K(471872K), 0.0050345 secs] 2846633K->2434466K(4141888K), 0.0051152 secs] [Times: user=0.04 sys=0.00, real=0.01 secs] 
306440.057: [GC (Allocation Failure) 306440.057: [ParNew: 428266K->11679K(471872K), 0.0050492 secs] 2853922K->2437701K(4141888K), 0.0051338 secs] [Times: user=0.03 sys=0.00, real=0.00 secs] 
306442.447: [GC (Allocation Failure) 306442.447: [ParNew: 431135K->6968K(471872K), 0.0055358 secs] 2857157K->2433467K(4141888K), 0.0056166 secs] [Times: user=0.04 sys=0.00, real=0.00 secs] 
306443.268: [GC (Allocation Failure) 306443.268: [ParNew: 426424K->12031K(471872K), 0.0052636 secs] 2852923K->2438891K(4141888K), 0.0053548 secs] [Times: user=0.04 sys=0.00, real=0.00 secs] 
306446.153: [GC (Allocation Failure) 306446.153: [ParNew: 431487K->11420K(471872K), 0.0068767 secs] 2858347K->2440889K(4141888K), 0.0069697 secs] [Times: user=0.05 sys=0.00, real=0.01 secs] 
306447.396: [GC (Allocation Failure) 306447.396: [ParNew: 430876K->12203K(471872K), 0.0059260 secs] 2860345K->2442382K(4141888K), 0.0060197 secs] [Times: user=0.04 sys=0.00, real=0.00 secs] 
306450.235: [GC (Allocation Failure) 306450.235: [ParNew: 431659K->17693K(471872K), 0.0062255 secs] 2861838K->2448086K(4141888K), 0.0063249 secs] [Times: user=0.05 sys=0.00, real=0.00 secs] 
306453.031: [GC (Allocation Failure) 306453.031: [ParNew: 437149K->17344K(471872K), 0.0049987 secs] 2867542K->2448088K(4141888K), 0.0050842 secs] [Times: user=0.04 sys=0.00, real=0.01 secs] 
306454.311: [GC (Allocation Failure) 306454.311: [ParNew: 436800K->5341K(471872K), 0.0046542 secs] 2867544K->2436464K(4141888K), 0.0047299 secs] [Times: user=0.04 sys=0.00, real=0.01 secs] 
306455.291: [GC (Allocation Failure) 306455.291: [ParNew: 424797K->11741K(471872K), 0.0062468 secs] 2855920K->2443103K(4141888K), 0.0063385 secs] [Times: user=0.05 sys=0.01, real=0.01 secs] 
306456.524: [GC (Allocation Failure) 306456.524: [ParNew: 431197K->9316K(471872K), 0.0095318 secs] 2862559K->2440940K(4141888K), 0.0096389 secs] [Times: user=0.05 sys=0.00, real=0.01 secs] 
306459.188: [GC (Allocation Failure) 306459.188: [ParNew: 428772K->12939K(471872K), 0.0067973 secs] 2860396K->2444716K(4141888K), 0.0068924 secs] [Times: user=0.05 sys=0.00, real=0.01 secs] 
306461.006: [GC (Allocation Failure) 306461.006: [ParNew: 432395K->19128K(471872K), 0.0054130 secs] 2864172K->2451452K(4141888K), 0.0055069 secs] [Times: user=0.04 sys=0.00, real=0.00 secs] 
306462.245: [GC (Allocation Failure) 306462.245: [ParNew: 438584K->3627K(471872K), 0.0049496 secs] 2870908K->2436354K(4141888K), 0.0050235 secs] [Times: user=0.03 sys=0.00, real=0.00 secs] 
306464.096: [GC (Allocation Failure) 306464.096: [ParNew: 423083K->4532K(471872K), 0.0049292 secs] 2855810K->2437556K(4141888K), 0.0050184 secs] [Times: user=0.04 sys=0.00, real=0.00 secs] 
306465.996: [GC (Allocation Failure) 306465.996: [ParNew: 423988K->11499K(471872K), 0.0058562 secs] 2857012K->2444809K(4141888K), 0.0059446 secs] [Times: user=0.05 sys=0.00, real=0.00 secs] 
306467.402: [GC (Allocation Failure) 306467.402: [ParNew: 430955K->15392K(471872K), 0.0062406 secs] 2864265K->2449042K(4141888K), 0.0063349 secs] [Times: user=0.04 sys=0.00, real=0.01 secs] 
306468.275: [GC (Allocation Failure) 306468.275: [ParNew: 434848K->11195K(471872K), 0.0060898 secs] 2868498K->2445434K(4141888K), 0.0061768 secs] [Times: user=0.05 sys=0.00, real=0.00 secs] 
306474.914: [GC (Allocation Failure) 306474.914: [ParNew: 430651K->4998K(471872K), 0.0054182 secs] 2864890K->2440578K(4141888K), 0.0055056 secs] [Times: user=0.03 sys=0.00, real=0.00 secs] 
306480.443: [GC (Allocation Failure) 306480.443: [ParNew: 424454K->3210K(471872K), 0.0054751 secs] 2860034K->2439853K(4141888K), 0.0055542 secs] [Times: user=0.03 sys=0.01, real=0.01 secs] 
306486.889: [GC (Allocation Failure) 306486.889: [ParNew: 422666K->3151K(471872K), 0.0052312 secs] 2859309K->2440803K(4141888K), 0.0053141 secs] [Times: user=0.04 sys=0.00, real=0.01 secs] 
306492.712: [GC (Allocation Failure) 306492.712: [ParNew: 422607K->2325K(471872K), 0.0053518 secs] 2860259K->2440665K(4141888K), 0.0054287 secs] [Times: user=0.04 sys=0.00, real=0.01 secs] 
306502.694: [GC (Allocation Failure) 306502.694: [ParNew: 421781K->2227K(471872K), 0.0054454 secs] 2860121K->2441122K(4141888K), 0.0055278 secs] [Times: user=0.04 sys=0.00, real=0.00 secs] 
306511.488: [GC (Allocation Failure) 306511.489: [ParNew: 421683K->4476K(471872K), 0.0052693 secs] 2860578K->2444560K(4141888K), 0.0053537 secs] [Times: user=0.04 sys=0.00, real=0.01 secs] 
306522.551: [GC (Allocation Failure) 306522.551: [ParNew: 423932K->3872K(471872K), 0.0064238 secs] 2864016K->2447099K(4141888K), 0.0065142 secs] [Times: user=0.04 sys=0.00, real=0.01 secs] 
306543.616: [GC (Allocation Failure) 306543.616: [ParNew: 423328K->3349K(471872K), 0.0060122 secs] 2866555K->2448100K(4141888K), 0.0061161 secs] [Times: user=0.04 sys=0.01, real=0.00 secs] 
306553.071: [GC (Allocation Failure) 306553.072: [ParNew: 422805K->4018K(471872K), 0.0092439 secs] 2867556K->2450782K(4141888K), 0.0093374 secs] [Times: user=0.04 sys=0.00, real=0.01 secs] 
306565.955: [GC (Allocation Failure) 306565.955: [ParNew: 423474K->5266K(471872K), 0.0077762 secs] 2870238K->2454251K(4141888K), 0.0078669 secs] [Times: user=0.04 sys=0.00, real=0.00 secs] 
306589.647: [GC (Allocation Failure) 306589.647: [ParNew: 424722K->4025K(471872K), 0.0074312 secs] 2873707K->2456947K(4141888K), 0.0075217 secs] [Times: user=0.05 sys=0.00, real=0.01 secs] 
306605.817: [GC (Allocation Failure) 306605.817: [ParNew: 423476K->3133K(471872K), 0.0068217 secs] 2876398K->2458595K(4141888K), 0.0069100 secs] [Times: user=0.04 sys=0.01, real=0.01 secs] 
306631.897: [GC (Allocation Failure) 306631.897: [ParNew: 422589K->7021K(471872K), 0.0066370 secs] 2878051K->2464546K(4141888K), 0.0067301 secs] [Times: user=0.05 sys=0.00, real=0.00 secs] 
306654.178: [GC (Allocation Failure) 306654.178: [ParNew: 426437K->4847K(471872K), 0.0083829 secs] 2883962K->2467802K(4141888K), 0.0084776 secs] [Times: user=0.05 sys=0.00, real=0.01 secs] 
306664.350: [GC (Allocation Failure) 306664.350: [ParNew: 424303K->4509K(471872K), 0.0067559 secs] 2887258K->2469745K(4141888K), 0.0068590 secs] [Times: user=0.05 sys=0.00, real=0.01 secs] 
306686.490: [GC (Allocation Failure) 306686.490: [ParNew: 421317K->13065K(471872K), 0.0064726 secs] 2886553K->2479702K(4141888K), 0.0065958 secs] [Times: user=0.05 sys=0.00, real=0.01 secs] 
306705.778: [GC (Allocation Failure) 306705.778: [ParNew: 432452K->9047K(471872K), 0.0067093 secs] 2899088K->2478421K(4141888K), 0.0068035 secs] [Times: user=0.05 sys=0.00, real=0.01 secs] 
306723.404: [GC (Allocation Failure) 306723.404: [ParNew: 428503K->5078K(471872K), 0.0068514 secs] 2897877K->2479293K(4141888K), 0.0069450 secs] [Times: user=0.05 sys=0.01, real=0.00 secs] 
306726.237: [GC (Allocation Failure) 306726.237: [ParNew: 423554K->10885K(471872K), 0.0065399 secs] 2897768K->2487623K(4141888K), 0.0066427 secs] [Times: user=0.04 sys=0.00, real=0.01 secs] 
306732.203: [GC (Allocation Failure) 306732.203: [ParNew: 430341K->4700K(471872K), 0.0047404 secs] 2907079K->2481745K(4141888K), 0.0048229 secs] [Times: user=0.03 sys=0.00, real=0.01 secs] 
306747.608: [GC (Allocation Failure) 306747.608: [ParNew: 424156K->5607K(471872K), 0.0057774 secs] 2901201K->2484529K(4141888K), 0.0058796 secs] [Times: user=0.04 sys=0.00, real=0.01 secs] 
306771.339: [GC (Allocation Failure) 306771.339: [ParNew: 425063K->4134K(471872K), 0.0069588 secs] 2903985K->2487310K(4141888K), 0.0070461 secs] [Times: user=0.05 sys=0.00, real=0.01 secs] 
306781.349: [GC (Allocation Failure) 306781.349: [ParNew: 423471K->3616K(471872K), 0.0064719 secs] 2906647K->2489421K(4141888K), 0.0065724 secs] [Times: user=0.05 sys=0.01, real=0.01 secs] 
306788.637: [GC (Allocation Failure) 306788.637: [ParNew: 423072K->2869K(471872K), 0.0055060 secs] 2908877K->2489551K(4141888K), 0.0055876 secs] [Times: user=0.04 sys=0.00, real=0.00 secs] 
306795.936: [GC (Allocation Failure) 306795.936: [ParNew: 422325K->3007K(471872K), 0.0052303 secs] 2909007K->2490411K(4141888K), 0.0053104 secs] [Times: user=0.04 sys=0.00, real=0.00 secs] 
306809.476: [GC (Allocation Failure) 306809.476: [ParNew: 421675K->27854K(471872K), 0.0068834 secs] 2909078K->2517320K(4141888K), 0.0070070 secs] [Times: user=0.05 sys=0.00, real=0.00 secs] 
306820.098: [GC (Allocation Failure) 306820.098: [ParNew: 447310K->6433K(471872K), 0.0055361 secs] 2936776K->2497214K(4141888K), 0.0056209 secs] [Times: user=0.04 sys=0.00, real=0.00 secs] 
306838.174: [GC (Allocation Failure) 306838.175: [ParNew: 425573K->7068K(471872K), 0.0095948 secs] 2916354K->2501135K(4141888K), 0.0096873 secs] [Times: user=0.05 sys=0.00, real=0.01 secs] 
306842.209: [GC (Allocation Failure) 306842.209: [ParNew: 426147K->6427K(471872K), 0.0063735 secs] 2920215K->2502792K(4141888K), 0.0064562 secs] [Times: user=0.04 sys=0.00, real=0.01 secs] 
306846.145: [GC (Allocation Failure) 306846.145: [ParNew: 425883K->5907K(471872K), 0.0053775 secs] 2922248K->2502652K(4141888K), 0.0054667 secs] [Times: user=0.04 sys=0.00, real=0.00 secs] 
306851.303: [GC (Allocation Failure) 306851.303: [ParNew: 425363K->6791K(471872K), 0.0057073 secs] 2922108K->2504208K(4141888K), 0.0057984 secs] [Times: user=0.04 sys=0.00, real=0.01 secs] 
306854.255: [GC (Allocation Failure) 306854.255: [ParNew: 426247K->4993K(471872K), 0.0051867 secs] 2923664K->2503034K(4141888K), 0.0052668 secs] [Times: user=0.04 sys=0.00, real=0.00 secs] 
306858.310: [GC (Allocation Failure) 306858.310: [ParNew: 424189K->7935K(471872K), 0.0050755 secs] 2922231K->2506548K(4141888K), 0.0051650 secs] [Times: user=0.03 sys=0.00, real=0.01 secs] 
306861.022: [GC (Allocation Failure) 306861.022: [ParNew: 427391K->1979K(471872K), 0.0045709 secs] 2926004K->2501256K(4141888K), 0.0046549 secs] [Times: user=0.04 sys=0.00, real=0.01 secs] 
306863.234: [GC (Allocation Failure) 306863.234: [ParNew: 421435K->5345K(471872K), 0.0054050 secs] 2920712K->2504931K(4141888K), 0.0055054 secs] [Times: user=0.04 sys=0.00, real=0.00 secs] 
306867.175: [GC (Allocation Failure) 306867.175: [ParNew: 424801K->5715K(471872K), 0.0068105 secs] 2924387K->2505707K(4141888K), 0.0069026 secs] [Times: user=0.04 sys=0.00, real=0.00 secs] 
306870.251: [GC (Allocation Failure) 306870.252: [ParNew: 425171K->6081K(471872K), 0.0054818 secs] 2925163K->2506594K(4141888K), 0.0055619 secs] [Times: user=0.04 sys=0.00, real=0.01 secs] 
306872.240: [GC (Allocation Failure) 306872.240: [ParNew: 425537K->6756K(471872K), 0.0050854 secs] 2926050K->2507687K(4141888K), 0.0051695 secs] [Times: user=0.04 sys=0.00, real=0.01 secs] 
306874.299: [GC (Allocation Failure) 306874.299: [ParNew: 426212K->5493K(471872K), 0.0059400 secs] 2927143K->2508984K(4141888K), 0.0060177 secs] [Times: user=0.04 sys=0.01, real=0.01 secs] 
306877.202: [GC (Allocation Failure) 306877.202: [ParNew: 424949K->3112K(471872K), 0.0050382 secs] 2928440K->2506877K(4141888K), 0.0051175 secs] [Times: user=0.03 sys=0.00, real=0.01 secs] 
306878.231: [GC (Allocation Failure) 306878.231: [ParNew: 422568K->3115K(471872K), 0.0047821 secs] 2926333K->2507336K(4141888K), 0.0048574 secs] [Times: user=0.03 sys=0.00, real=0.01 secs] 
306879.304: [GC (Allocation Failure) 306879.304: [ParNew: 422571K->5907K(471872K), 0.0052579 secs] 2926792K->2510248K(4141888K), 0.0053383 secs] [Times: user=0.04 sys=0.00, real=0.00 secs] 
306880.606: [GC (Allocation Failure) 306880.606: [ParNew: 425363K->3714K(471872K), 0.0045923 secs] 2929704K->2508200K(4141888K), 0.0046698 secs] [Times: user=0.03 sys=0.00, real=0.00 secs] 
306881.343: [GC (Allocation Failure) 306881.343: [ParNew: 423170K->2261K(471872K), 0.0044969 secs] 2927656K->2507053K(4141888K), 0.0045763 secs] [Times: user=0.03 sys=0.00, real=0.01 secs] 
306882.330: [GC (Allocation Failure) 306882.330: [ParNew: 421308K->3615K(471872K), 0.0048178 secs] 2926100K->2508536K(4141888K), 0.0048982 secs] [Times: user=0.04 sys=0.00, real=0.01 secs] 
306883.539: [GC (Allocation Failure) 306883.539: [ParNew: 423071K->5041K(471872K), 0.0053576 secs] 2927992K->2510198K(4141888K), 0.0054443 secs] [Times: user=0.04 sys=0.00, real=0.01 secs] 
306884.972: [GC (Allocation Failure) 306884.972: [ParNew: 423938K->8179K(471872K), 0.0048851 secs] 2929095K->2513609K(4141888K), 0.0049700 secs] [Times: user=0.03 sys=0.00, real=0.01 secs] 
306885.508: [GC (Allocation Failure) 306885.508: [ParNew: 427635K->5566K(471872K), 0.0048045 secs] 2933065K->2511254K(4141888K), 0.0048796 secs] [Times: user=0.03 sys=0.01, real=0.00 secs] 
306886.282: [GC (Allocation Failure) 306886.282: [ParNew: 424014K->9438K(471872K), 0.0047852 secs] 2929701K->2515217K(4141888K), 0.0048696 secs] [Times: user=0.04 sys=0.01, real=0.01 secs] 
306886.973: [GC (Allocation Failure) 306886.973: [ParNew: 428894K->7334K(471872K), 0.0083406 secs] 2934673K->2513339K(4141888K), 0.0084228 secs] [Times: user=0.06 sys=0.00, real=0.01 secs] 
306887.765: [GC (Allocation Failure) 306887.765: [ParNew: 426790K->2067K(471872K), 0.0044545 secs] 2932795K->2508175K(4141888K), 0.0045355 secs] [Times: user=0.04 sys=0.00, real=0.00 secs] 
306889.936: [GC (Allocation Failure) 306889.936: [ParNew: 421523K->1651K(471872K), 0.0045341 secs] 2927631K->2507862K(4141888K), 0.0046066 secs] [Times: user=0.03 sys=0.00, real=0.00 secs] 
306906.726: [GC (Allocation Failure) 306906.726: [ParNew: 421061K->3685K(471872K), 0.0058421 secs] 2927272K->2510750K(4141888K), 0.0059248 secs] [Times: user=0.05 sys=0.00, real=0.00 secs] 
306923.081: [GC (Allocation Failure) 306923.081: [ParNew: 423141K->3299K(471872K), 0.0065704 secs] 2930206K->2512821K(4141888K), 0.0066623 secs] [Times: user=0.05 sys=0.01, real=0.01 secs] 
306940.175: [GC (Allocation Failure) 306940.175: [ParNew: 422755K->5719K(471872K), 0.0060013 secs] 2932277K->2516906K(4141888K), 0.0060975 secs] [Times: user=0.04 sys=0.00, real=0.00 secs] 
306948.890: [GC (Allocation Failure) 306948.890: [ParNew: 425175K->2762K(471872K), 0.0062856 secs] 2936362K->2518060K(4141888K), 0.0063702 secs] [Times: user=0.04 sys=0.01, real=0.01 secs] 
306953.731: [GC (Allocation Failure) 306953.731: [ParNew: 422218K->7352K(471872K), 0.0075736 secs] 2937516K->2523788K(4141888K), 0.0076782 secs] [Times: user=0.05 sys=0.00, real=0.01 secs] 
306955.219: [GC (Allocation Failure) 306955.219: [ParNew: 426462K->8061K(471872K), 0.0060401 secs] 2942898K->2525412K(4141888K), 0.0061371 secs] [Times: user=0.05 sys=0.00, real=0.01 secs] 
306958.199: [GC (Allocation Failure) 306958.200: [ParNew: 427517K->4231K(471872K), 0.0049521 secs] 2944868K->2521938K(4141888K), 0.0050292 secs] [Times: user=0.04 sys=0.00, real=0.01 secs] 
306958.905: [GC (Allocation Failure) 306958.905: [ParNew: 423687K->2863K(471872K), 0.0057855 secs] 2941394K->2521038K(4141888K), 0.0058671 secs] [Times: user=0.04 sys=0.00, real=0.00 secs] 
306961.771: [GC (Allocation Failure) 306961.771: [ParNew: 422319K->4308K(471872K), 0.0048856 secs] 2940494K->2522611K(4141888K), 0.0049671 secs] [Times: user=0.04 sys=0.00, real=0.01 secs] 
306964.130: [GC (Allocation Failure) 306964.130: [ParNew: 423546K->3882K(471872K), 0.0059679 secs] 2941849K->2523298K(4141888K), 0.0060488 secs] [Times: user=0.05 sys=0.00, real=0.01 secs] 
306983.105: [GC (Allocation Failure) 306983.105: [ParNew: 423338K->4228K(471872K), 0.0053682 secs] 2942754K->2523844K(4141888K), 0.0054449 secs] [Times: user=0.04 sys=0.00, real=0.00 secs] 
306983.753: [GC (Allocation Failure) 306983.754: [ParNew: 423684K->10221K(471872K), 0.0089817 secs] 2943300K->2533022K(4141888K), 0.0090765 secs] [Times: user=0.05 sys=0.00, real=0.01 secs] 
306984.239: [GC (Allocation Failure) 306984.239: [ParNew: 429677K->4495K(471872K), 0.0074550 secs] 2952478K->2533743K(4141888K), 0.0075386 secs] [Times: user=0.05 sys=0.00, real=0.01 secs] 
306984.780: [GC (Allocation Failure) 306984.780: [ParNew: 423951K->6294K(471872K), 0.0083133 secs] 2953199K->2535718K(4141888K), 0.0084088 secs] [Times: user=0.04 sys=0.00, real=0.01 secs] 
306993.451: [GC (Allocation Failure) 306993.451: [ParNew: 425750K->4616K(471872K), 0.0060866 secs] 2955174K->2536321K(4141888K), 0.0061735 secs] [Times: user=0.04 sys=0.00, real=0.01 secs] 
307023.199: [GC (Allocation Failure) 307023.200: [ParNew: 424072K->4302K(471872K), 0.0066232 secs] 2955777K->2539124K(4141888K), 0.0067409 secs] [Times: user=0.05 sys=0.01, real=0.01 secs] 
307048.831: [GC (Allocation Failure) 307048.831: [ParNew: 423758K->5685K(471872K), 0.0070023 secs] 2958580K->2543167K(4141888K), 0.0071086 secs] [Times: user=0.05 sys=0.01, real=0.01 secs] 
307054.657: [GC (Allocation Failure) 307054.657: [ParNew: 425141K->6176K(471872K), 0.0064804 secs] 2962623K->2546859K(4141888K), 0.0065675 secs] [Times: user=0.04 sys=0.00, real=0.01 secs] 
307065.489: [GC (Allocation Failure) 307065.489: [ParNew: 425607K->3704K(471872K), 0.0059331 secs] 2966290K->2547616K(4141888K), 0.0060139 secs] [Times: user=0.04 sys=0.00, real=0.01 secs] 
307072.136: [GC (Allocation Failure) 307072.136: [ParNew: 423160K->3848K(471872K), 0.0055518 secs] 2967072K->2549167K(4141888K), 0.0056388 secs] [Times: user=0.03 sys=0.00, real=0.00 secs] 
307078.379: [GC (Allocation Failure) 307078.380: [ParNew: 423304K->3782K(471872K), 0.0054120 secs] 2968623K->2550135K(4141888K), 0.0055073 secs] [Times: user=0.04 sys=0.00, real=0.01 secs] 
307096.121: [GC (Allocation Failure) 307096.121: [ParNew: 423238K->3808K(471872K), 0.0055929 secs] 2969591K->2552065K(4141888K), 0.0056801 secs] [Times: user=0.04 sys=0.01, real=0.01 secs] 
307102.709: [GC (Allocation Failure) 307102.709: [ParNew: 423222K->2890K(471872K), 0.0062873 secs] 2971480K->2553095K(4141888K), 0.0063670 secs] [Times: user=0.04 sys=0.00, real=0.01 secs] 
307105.017: [GC (Allocation Failure) 307105.017: [ParNew: 422346K->2896K(471872K), 0.0050973 secs] 2972551K->2553719K(4141888K), 0.0051884 secs] [Times: user=0.04 sys=0.00, real=0.00 secs] 
307129.842: [GC (Allocation Failure) 307129.842: [ParNew: 422352K->6142K(471872K), 0.0054638 secs] 2973175K->2557272K(4141888K), 0.0055471 secs] [Times: user=0.04 sys=0.00, real=0.01 secs] 
307146.497: [GC (Allocation Failure) 307146.497: [ParNew: 425598K->4553K(471872K), 0.0080010 secs] 2976728K->2560477K(4141888K), 0.0081001 secs] [Times: user=0.06 sys=0.01, real=0.01 secs] 
307156.736: [GC (Allocation Failure) 307156.736: [ParNew: 424009K->4441K(471872K), 0.0102966 secs] 2979933K->2562768K(4141888K), 0.0103893 secs] [Times: user=0.05 sys=0.00, real=0.01 secs] 
307175.145: [GC (Allocation Failure) 307175.145: [ParNew: 423897K->3957K(471872K), 0.0071679 secs] 2982224K->2563609K(4141888K), 0.0072471 secs] [Times: user=0.05 sys=0.00, real=0.00 secs] 
307199.199: [GC (Allocation Failure) 307199.199: [ParNew: 423413K->6716K(471872K), 0.0084152 secs] 2983065K->2568241K(4141888K), 0.0085176 secs] [Times: user=0.05 sys=0.00, real=0.01 secs] 
307216.124: [GC (Allocation Failure) 307216.124: [ParNew: 426172K->9139K(471872K), 0.0081511 secs] 2987697K->2575672K(4141888K), 0.0082501 secs] [Times: user=0.05 sys=0.01, real=0.00 secs] 
307220.176: [GC (Allocation Failure) 307220.176: [ParNew: 426920K->13340K(471872K), 0.0073575 secs] 2993453K->2581608K(4141888K), 0.0074601 secs] [Times: user=0.05 sys=0.00, real=0.00 secs] 
307223.173: [GC (Allocation Failure) 307223.173: [ParNew: 432796K->12532K(471872K), 0.0058504 secs] 3001064K->2581286K(4141888K), 0.0059461 secs] [Times: user=0.04 sys=0.00, real=0.01 secs] 
307226.224: [GC (Allocation Failure) 307226.224: [ParNew: 431988K->12768K(471872K), 0.0054693 secs] 3000742K->2581924K(4141888K), 0.0056061 secs] [Times: user=0.04 sys=0.00, real=0.00 secs] 
307230.388: [GC (Allocation Failure) 307230.388: [ParNew: 432224K->7355K(471872K), 0.0060992 secs] 3001380K->2576856K(4141888K), 0.0061947 secs] [Times: user=0.04 sys=0.00, real=0.01 secs] 
307232.336: [GC (Allocation Failure) 307232.336: [ParNew: 425658K->14441K(471872K), 0.0061904 secs] 2995159K->2584445K(4141888K), 0.0062821 secs] [Times: user=0.04 sys=0.00, real=0.00 secs] 
307234.449: [GC (Allocation Failure) 307234.449: [ParNew: 433897K->13808K(471872K), 0.0057714 secs] 3003901K->2584134K(4141888K), 0.0058662 secs] [Times: user=0.04 sys=0.00, real=0.01 secs] 
307236.440: [GC (Allocation Failure) 307236.440: [ParNew: 433264K->22636K(471872K), 0.0053434 secs] 3003590K->2593259K(4141888K), 0.0054507 secs] [Times: user=0.04 sys=0.00, real=0.01 secs] 
307237.103: [GC (Allocation Failure) 307237.103: [ParNew: 441634K->15231K(471872K), 0.0056654 secs] 3012257K->2586215K(4141888K), 0.0057589 secs] [Times: user=0.04 sys=0.00, real=0.01 secs] 
307240.557: [GC (Allocation Failure) 307240.557: [ParNew: 434687K->9539K(471872K), 0.0081819 secs] 3005671K->2583019K(4141888K), 0.0082967 secs] [Times: user=0.05 sys=0.01, real=0.01 secs] 
307242.334: [GC (Allocation Failure) 307242.334: [ParNew: 428995K->12247K(471872K), 0.0065005 secs] 3002475K->2586129K(4141888K), 0.0066004 secs] [Times: user=0.05 sys=0.00, real=0.00 secs] 
307243.299: [GC (Allocation Failure) 307243.299: [ParNew: 431703K->13852K(471872K), 0.0065476 secs] 3005585K->2587963K(4141888K), 0.0066595 secs] [Times: user=0.05 sys=0.00, real=0.01 secs] 
307244.371: [GC (Allocation Failure) 307244.371: [ParNew: 433079K->12997K(471872K), 0.0049816 secs] 3007190K->2587495K(4141888K), 0.0050697 secs] [Times: user=0.04 sys=0.00, real=0.01 secs] 
307245.555: [GC (Allocation Failure) 307245.555: [ParNew: 432453K->8408K(471872K), 0.0046358 secs] 3006951K->2583095K(4141888K), 0.0047151 secs] [Times: user=0.04 sys=0.01, real=0.00 secs] 
307245.989: [GC (Allocation Failure) 307245.989: [ParNew: 427864K->11926K(471872K), 0.0056243 secs] 3002551K->2586831K(4141888K), 0.0057175 secs] [Times: user=0.05 sys=0.00, real=0.01 secs] 
307248.245: [GC (Allocation Failure) 307248.245: [ParNew: 431382K->13690K(471872K), 0.0061520 secs] 3006287K->2588660K(4141888K), 0.0062489 secs] [Times: user=0.05 sys=0.00, real=0.00 secs] 
307250.512: [GC (Allocation Failure) 307250.512: [ParNew: 433146K->6877K(471872K), 0.0048727 secs] 3008116K->2583169K(4141888K), 0.0049498 secs] [Times: user=0.04 sys=0.00, real=0.01 secs] 
307253.186: [GC (Allocation Failure) 307253.186: [ParNew: 426333K->9910K(471872K), 0.0106175 secs] 3002625K->2586797K(4141888K), 0.0107139 secs] [Times: user=0.07 sys=0.00, real=0.01 secs] 
307253.774: [GC (Allocation Failure) 307253.774: [ParNew: 427344K->10908K(471872K), 0.0084622 secs] 3004230K->2588587K(4141888K), 0.0085511 secs] [Times: user=0.04 sys=0.00, real=0.01 secs] 
307254.533: [GC (Allocation Failure) 307254.533: [ParNew: 430364K->9896K(471872K), 0.0064107 secs] 3008043K->2587715K(4141888K), 0.0065023 secs] [Times: user=0.04 sys=0.01, real=0.01 secs] 
307265.140: [GC (Allocation Failure) 307265.140: [ParNew: 429352K->5576K(471872K), 0.0092454 secs] 3007171K->2583455K(4141888K), 0.0093336 secs] [Times: user=0.05 sys=0.00, real=0.01 secs] 
307285.151: [GC (Allocation Failure) 307285.151: [ParNew: 425032K->3954K(471872K), 0.0066940 secs] 3002911K->2584277K(4141888K), 0.0067839 secs] [Times: user=0.05 sys=0.00, real=0.01 secs] 
307298.661: [GC (Allocation Failure) 307298.661: [ParNew: 423410K->5750K(471872K), 0.0070901 secs] 3003733K->2588306K(4141888K), 0.0071923 secs] [Times: user=0.05 sys=0.01, real=0.01 secs] 
307311.040: [GC (Allocation Failure) 307311.040: [ParNew: 425206K->10730K(471872K), 0.0065436 secs] 3007762K->2597214K(4141888K), 0.0066382 secs] [Times: user=0.04 sys=0.00, real=0.01 secs] 
307315.038: [GC (Allocation Failure) 307315.038: [ParNew: 430186K->9508K(471872K), 0.0069310 secs] 3016670K->2597420K(4141888K), 0.0070225 secs] [Times: user=0.04 sys=0.00, real=0.01 secs] 
307319.059: [GC (Allocation Failure) 307319.059: [ParNew: 427920K->15832K(471872K), 0.0057926 secs] 3015832K->2604422K(4141888K), 0.0058977 secs] [Times: user=0.05 sys=0.00, real=0.01 secs] 
307336.965: [GC (Allocation Failure) 307336.965: [ParNew: 435288K->4693K(471872K), 0.0057654 secs] 3023878K->2593640K(4141888K), 0.0058539 secs] [Times: user=0.04 sys=0.00, real=0.00 secs] 
307355.386: [GC (Allocation Failure) 307355.386: [ParNew: 424149K->5616K(471872K), 0.0072492 secs] 3013096K->2597534K(4141888K), 0.0073471 secs] [Times: user=0.05 sys=0.00, real=0.00 secs] 
307360.262: [GC (Allocation Failure) 307360.262: [ParNew: 425054K->7642K(471872K), 0.0061630 secs] 3016972K->2601335K(4141888K), 0.0062520 secs] [Times: user=0.04 sys=0.00, real=0.01 secs] 
307379.518: [GC (Allocation Failure) 307379.518: [ParNew: 427098K->7424K(471872K), 0.0064376 secs] 3020791K->2605141K(4141888K), 0.0065605 secs] [Times: user=0.04 sys=0.00, real=0.01 secs] 
307391.612: [GC (Allocation Failure) 307391.612: [ParNew: 426880K->4113K(471872K), 0.0062593 secs] 3024597K->2603751K(4141888K), 0.0063465 secs] [Times: user=0.05 sys=0.00, real=0.01 secs] 
307398.374: [GC (Allocation Failure) 307398.374: [ParNew: 423569K->2262K(471872K), 0.0056665 secs] 3023207K->2602989K(4141888K), 0.0057507 secs] [Times: user=0.04 sys=0.00, real=0.00 secs] 
307413.098: [GC (Allocation Failure) 307413.098: [ParNew: 421718K->2646K(471872K), 0.0057717 secs] 3022445K->2603961K(4141888K), 0.0058615 secs] [Times: user=0.04 sys=0.00, real=0.01 secs] 
307435.072: [GC (Allocation Failure) 307435.072: [ParNew: 422102K->6457K(471872K), 0.0061661 secs] 3023417K->2609158K(4141888K), 0.0062599 secs] [Times: user=0.04 sys=0.00, real=0.01 secs] 
307453.507: [GC (Allocation Failure) 307453.507: [ParNew: 425913K->4676K(471872K), 0.0221081 secs] 3028614K->2611852K(4141888K), 0.0222285 secs] [Times: user=0.04 sys=0.01, real=0.02 secs] 
307480.438: [GC (Allocation Failure) 307480.438: [ParNew: 424132K->17732K(471872K), 0.0090231 secs] 3031308K->2627812K(4141888K), 0.0091283 secs] [Times: user=0.06 sys=0.00, real=0.01 secs] 
307491.170: [GC (Allocation Failure) 307491.170: [ParNew: 437154K->9418K(471872K), 0.0070484 secs] 3047234K->2622077K(4141888K), 0.0071565 secs] [Times: user=0.04 sys=0.00, real=0.01 secs] 
307508.155: [GC (Allocation Failure) 307508.155: [ParNew: 428874K->4331K(471872K), 0.0065159 secs] 3041533K->2620642K(4141888K), 0.0066061 secs] [Times: user=0.04 sys=0.00, real=0.00 secs] 
307514.416: [GC (Allocation Failure) 307514.416: [ParNew: 423787K->10586K(471872K), 0.0069154 secs] 3040098K->2629205K(4141888K), 0.0070059 secs] [Times: user=0.05 sys=0.00, real=0.00 secs] 
307516.777: [GC (Allocation Failure) 307516.777: [ParNew: 430042K->4219K(471872K), 0.0049736 secs] 3048661K->2624107K(4141888K), 0.0050486 secs] [Times: user=0.04 sys=0.01, real=0.00 secs] 
307518.423: [GC (Allocation Failure) 307518.423: [ParNew: 423675K->5647K(471872K), 0.0050032 secs] 3043563K->2625878K(4141888K), 0.0050837 secs] [Times: user=0.04 sys=0.00, real=0.01 secs] 
307522.470: [GC (Allocation Failure) 307522.470: [ParNew: 425103K->4281K(471872K), 0.0052452 secs] 3045334K->2626056K(4141888K), 0.0053239 secs] [Times: user=0.04 sys=0.00, real=0.01 secs] 
307523.510: [GC (Allocation Failure) 307523.510: [ParNew: 423737K->8028K(471872K), 0.0053167 secs] 3045512K->2630526K(4141888K), 0.0054037 secs] [Times: user=0.04 sys=0.00, real=0.01 secs] 
307525.435: [GC (Allocation Failure) 307525.435: [ParNew: 427484K->9675K(471872K), 0.0055382 secs] 3049982K->2632477K(4141888K), 0.0056327 secs] [Times: user=0.04 sys=0.00, real=0.00 secs] 
307526.719: [GC (Allocation Failure) 307526.719: [ParNew: 429131K->2976K(471872K), 0.0045126 secs] 3051933K->2626369K(4141888K), 0.0045862 secs] [Times: user=0.04 sys=0.00, real=0.01 secs] 
307528.613: [GC (Allocation Failure) 307528.613: [ParNew: 422432K->6534K(471872K), 0.0055255 secs] 3045825K->2630287K(4141888K), 0.0056076 secs] [Times: user=0.04 sys=0.00, real=0.01 secs] 
307535.148: [GC (Allocation Failure) 307535.148: [ParNew: 425990K->3543K(471872K), 0.0072127 secs] 3049743K->2627491K(4141888K), 0.0072872 secs] [Times: user=0.04 sys=0.00, real=0.01 secs] 
307540.723: [GC (Allocation Failure) 307540.723: [ParNew: 422999K->4961K(471872K), 0.0057222 secs] 3046947K->2630506K(4141888K), 0.0058127 secs] [Times: user=0.04 sys=0.00, real=0.01 secs] 
307543.922: [GC (Allocation Failure) 307543.922: [ParNew: 424052K->6346K(471872K), 0.0051482 secs] 3049596K->2632626K(4141888K), 0.0052298 secs] [Times: user=0.04 sys=0.00, real=0.01 secs] 
307546.635: [GC (Allocation Failure) 307546.635: [ParNew: 425802K->2118K(471872K), 0.0063314 secs] 3052082K->2631188K(4141888K), 0.0064119 secs] [Times: user=0.04 sys=0.00, real=0.00 secs] 
307549.987: [GC (Allocation Failure) 307549.987: [ParNew: 421574K->1391K(471872K), 0.0048011 secs] 3050644K->2630775K(4141888K), 0.0048718 secs] [Times: user=0.03 sys=0.00, real=0.00 secs] 
307553.249: [GC (Allocation Failure) 307553.249: [ParNew: 420847K->3844K(471872K), 0.0050727 secs] 3050231K->2633645K(4141888K), 0.0051546 secs] [Times: user=0.04 sys=0.00, real=0.01 secs] 
307555.404: [GC (Allocation Failure) 307555.404: [ParNew: 423300K->1696K(471872K), 0.0051080 secs] 3053101K->2632142K(4141888K), 0.0051829 secs] [Times: user=0.04 sys=0.00, real=0.00 secs] 
307561.856: [GC (Allocation Failure) 307561.856: [ParNew: 421152K->1762K(471872K), 0.0068449 secs] 3051598K->2632397K(4141888K), 0.0069280 secs] [Times: user=0.05 sys=0.00, real=0.00 secs] 
307569.399: [GC (Allocation Failure) 307569.399: [ParNew: 421218K->2387K(471872K), 0.0066182 secs] 3051853K->2633983K(4141888K), 0.0066980 secs] [Times: user=0.04 sys=0.00, real=0.01 secs] 
307585.579: [GC (Allocation Failure) 307585.579: [ParNew: 421843K->3317K(471872K), 0.0055087 secs] 3053439K->2636121K(4141888K), 0.0056048 secs] [Times: user=0.04 sys=0.00, real=0.01 secs] 
307602.498: [GC (Allocation Failure) 307602.498: [ParNew: 422773K->23662K(471872K), 0.0093504 secs] 3055577K->2658713K(4141888K), 0.0094508 secs] [Times: user=0.07 sys=0.00, real=0.01 secs] 
307607.363: [GC (Allocation Failure) 307607.363: [ParNew: 443118K->10136K(471872K), 0.0067934 secs] 3078169K->2649182K(4141888K), 0.0068799 secs] [Times: user=0.04 sys=0.00, real=0.01 secs] 
307630.720: [GC (Allocation Failure) 307630.720: [ParNew: 429592K->5176K(471872K), 0.0062193 secs] 3068638K->2645241K(4141888K), 0.0063059 secs] [Times: user=0.04 sys=0.00, real=0.01 secs] 
307638.151: [GC (Allocation Failure) 307638.151: [ParNew: 424632K->4512K(471872K), 0.0066443 secs] 3064697K->2647726K(4141888K), 0.0067317 secs] [Times: user=0.04 sys=0.00, real=0.01 secs] 
307653.055: [GC (Allocation Failure) 307653.055: [ParNew: 423968K->3314K(471872K), 0.0055259 secs] 3067182K->2647478K(4141888K), 0.0056141 secs] [Times: user=0.03 sys=0.00, real=0.00 secs] 
307669.830: [GC (Allocation Failure) 307669.831: [ParNew: 422770K->6112K(471872K), 0.0064014 secs] 3066934K->2652474K(4141888K), 0.0064919 secs] [Times: user=0.05 sys=0.01, real=0.01 secs] 
307680.469: [GC (Allocation Failure) 307680.469: [ParNew: 425568K->3378K(471872K), 0.0074921 secs] 3071930K->2654052K(4141888K), 0.0075915 secs] [Times: user=0.05 sys=0.00, real=0.01 secs] 
307686.275: [GC (Allocation Failure) 307686.275: [ParNew: 422834K->3500K(471872K), 0.0057146 secs] 3073508K->2655825K(4141888K), 0.0057981 secs] [Times: user=0.04 sys=0.01, real=0.00 secs] 
307703.491: [GC (Allocation Failure) 307703.491: [ParNew: 422956K->4740K(471872K), 0.0052411 secs] 3075281K->2657886K(4141888K), 0.0053278 secs] [Times: user=0.04 sys=0.00, real=0.01 secs] 
307706.482: [GC (Allocation Failure) 307706.482: [ParNew: 424196K->4096K(471872K), 0.0062567 secs] 3077342K->2659338K(4141888K), 0.0063528 secs] [Times: user=0.04 sys=0.01, real=0.01 secs] 
307715.810: [GC (Allocation Failure) 307715.810: [ParNew: 423552K->3856K(471872K), 0.0055210 secs] 3078794K->2659567K(4141888K), 0.0056023 secs] [Times: user=0.04 sys=0.00, real=0.01 secs] 
307719.514: [GC (Allocation Failure) 307719.514: [ParNew: 423257K->9843K(471872K), 0.0059764 secs] 3078967K->2667703K(4141888K), 0.0060741 secs] [Times: user=0.04 sys=0.00, real=0.00 secs] 
307722.308: [GC (Allocation Failure) 307722.309: [ParNew: 429299K->13784K(471872K), 0.0059431 secs] 3087159K->2672208K(4141888K), 0.0060386 secs] [Times: user=0.05 sys=0.00, real=0.01 secs] 
307723.419: [GC (Allocation Failure) 307723.419: [ParNew: 433240K->14725K(471872K), 0.0065244 secs] 3091664K->2673773K(4141888K), 0.0066295 secs] [Times: user=0.05 sys=0.00, real=0.01 secs] 
307724.615: [GC (Allocation Failure) 307724.615: [ParNew: 434181K->15602K(471872K), 0.0065468 secs] 3093229K->2674896K(4141888K), 0.0066503 secs] [Times: user=0.05 sys=0.00, real=0.00 secs] 
307726.299: [GC (Allocation Failure) 307726.299: [ParNew: 434216K->7417K(471872K), 0.0065376 secs] 3093510K->2669218K(4141888K), 0.0066304 secs] [Times: user=0.04 sys=0.00, real=0.01 secs] 
307727.537: [GC (Allocation Failure) 307727.537: [ParNew: 426873K->14160K(471872K), 0.0093578 secs] 3088674K->2676295K(4141888K), 0.0095298 secs] [Times: user=0.07 sys=0.00, real=0.01 secs] 
307729.138: [GC (Allocation Failure) 307729.138: [ParNew: 433616K->16146K(471872K), 0.0089227 secs] 3095751K->2678580K(4141888K), 0.0090716 secs] [Times: user=0.07 sys=0.00, real=0.01 secs] 
307730.571: [GC (Allocation Failure) 307730.571: [ParNew: 435602K->11708K(471872K), 0.0079884 secs] 3098036K->2675650K(4141888K), 0.0081387 secs] [Times: user=0.06 sys=0.01, real=0.01 secs] 
307732.107: [GC (Allocation Failure) 307732.107: [ParNew: 428889K->20151K(471872K), 0.0079231 secs] 3092831K->2684327K(4141888K), 0.0081674 secs] [Times: user=0.06 sys=0.00, real=0.01 secs] 
307732.416: [GC (Allocation Failure) 307732.416: [ParNew: 439607K->15394K(471872K), 0.0121414 secs] 3103783K->2680086K(4141888K), 0.0122707 secs] [Times: user=0.08 sys=0.00, real=0.01 secs] 
307733.463: [GC (Allocation Failure) 307733.463: [ParNew: 434850K->14169K(471872K), 0.0069806 secs] 3099542K->2678929K(4141888K), 0.0071185 secs] [Times: user=0.05 sys=0.00, real=0.01 secs] 
307734.327: [GC (Allocation Failure) 307734.327: [ParNew: 433625K->16050K(471872K), 0.0084871 secs] 3098385K->2681182K(4141888K), 0.0086472 secs] [Times: user=0.06 sys=0.00, real=0.01 secs] 
307735.125: [GC (Allocation Failure) 307735.125: [ParNew: 435506K->16189K(471872K), 0.0082828 secs] 3100638K->2681718K(4141888K), 0.0084349 secs] [Times: user=0.06 sys=0.00, real=0.01 secs] 
307735.732: [GC (Allocation Failure) 307735.732: [ParNew: 434872K->14528K(471872K), 0.0076347 secs] 3100401K->2680330K(4141888K), 0.0078155 secs] [Times: user=0.06 sys=0.00, real=0.01 secs] 
307737.168: [GC (Allocation Failure) 307737.168: [ParNew: 433984K->14289K(471872K), 0.0099708 secs] 3099786K->2680348K(4141888K), 0.0101805 secs] [Times: user=0.06 sys=0.01, real=0.01 secs] 
307737.530: [GC (Allocation Failure) 307737.530: [ParNew: 433745K->20385K(471872K), 0.0099997 secs] 3099804K->2686803K(4141888K), 0.0101427 secs] [Times: user=0.06 sys=0.00, real=0.01 secs] 
307738.319: [GC (Allocation Failure) 307738.319: [ParNew: 439841K->15760K(471872K), 0.0073615 secs] 3106259K->2682312K(4141888K), 0.0075019 secs] [Times: user=0.06 sys=0.01, real=0.01 secs] 
307740.335: [GC (Allocation Failure) 307740.335: [ParNew: 435216K->9873K(471872K), 0.0077625 secs] 3101768K->2677765K(4141888K), 0.0079411 secs] [Times: user=0.05 sys=0.01, real=0.00 secs] 
307742.214: [GC (Allocation Failure) 307742.214: [ParNew: 429329K->10117K(471872K), 0.0080452 secs] 3097221K->2678515K(4141888K), 0.0081998 secs] [Times: user=0.05 sys=0.00, real=0.00 secs] 
307743.301: [GC (Allocation Failure) 307743.301: [ParNew: 428620K->13751K(471872K), 0.0059891 secs] 3097018K->2683069K(4141888K), 0.0060933 secs] [Times: user=0.05 sys=0.00, real=0.01 secs] 
307744.517: [GC (Allocation Failure) 307744.517: [ParNew: 433207K->11703K(471872K), 0.0058322 secs] 3102525K->2681243K(4141888K), 0.0059245 secs] [Times: user=0.04 sys=0.00, real=0.00 secs] 
307746.092: [GC (Allocation Failure) 307746.092: [ParNew: 430272K->6797K(471872K), 0.0048774 secs] 3099812K->2676706K(4141888K), 0.0049512 secs] [Times: user=0.04 sys=0.00, real=0.01 secs] 
307746.823: [GC (Allocation Failure) 307746.823: [ParNew: 426157K->5869K(471872K), 0.0050322 secs] 3096067K->2676235K(4141888K), 0.0051107 secs] [Times: user=0.04 sys=0.01, real=0.01 secs] 
307748.328: [GC (Allocation Failure) 307748.328: [ParNew: 425076K->12496K(471872K), 0.0052525 secs] 3095442K->2683051K(4141888K), 0.0053525 secs] [Times: user=0.04 sys=0.00, real=0.01 secs] 
307749.587: [GC (Allocation Failure) 307749.587: [ParNew: 431952K->12339K(471872K), 0.0062764 secs] 3102507K->2683240K(4141888K), 0.0063662 secs] [Times: user=0.05 sys=0.00, real=0.00 secs] 
307751.337: [GC (Allocation Failure) 307751.337: [ParNew: 431446K->11808K(471872K), 0.0046924 secs] 3102346K->2683232K(4141888K), 0.0047818 secs] [Times: user=0.04 sys=0.00, real=0.00 secs] 
307753.235: [GC (Allocation Failure) 307753.235: [ParNew: 431264K->8489K(471872K), 0.0172470 secs] 3102688K->2680498K(4141888K), 0.0173437 secs] [Times: user=0.06 sys=0.01, real=0.01 secs] 
307755.447: [GC (Allocation Failure) 307755.447: [ParNew: 427945K->7864K(471872K), 0.0057985 secs] 3099954K->2680522K(4141888K), 0.0058868 secs] [Times: user=0.04 sys=0.00, real=0.00 secs] 
307757.215: [GC (Allocation Failure) 307757.215: [ParNew: 427320K->9399K(471872K), 0.0053156 secs] 3099978K->2682757K(4141888K), 0.0054169 secs] [Times: user=0.04 sys=0.00, real=0.00 secs] 
307760.228: [GC (Allocation Failure) 307760.228: [ParNew: 428855K->11826K(471872K), 0.0052342 secs] 3102213K->2685586K(4141888K), 0.0053245 secs] [Times: user=0.04 sys=0.00, real=0.00 secs] 
307761.636: [GC (Allocation Failure) 307761.636: [ParNew: 431282K->4981K(471872K), 0.0079944 secs] 3105042K->2679381K(4141888K), 0.0080780 secs] [Times: user=0.04 sys=0.00, real=0.01 secs] 
307762.825: [GC (Allocation Failure) 307762.825: [ParNew: 424437K->10148K(471872K), 0.0093098 secs] 3098837K->2684919K(4141888K), 0.0094118 secs] [Times: user=0.05 sys=0.00, real=0.01 secs] 
307763.927: [GC (Allocation Failure) 307763.927: [ParNew: 429488K->6499K(471872K), 0.0064351 secs] 3104259K->2681542K(4141888K), 0.0065104 secs] [Times: user=0.04 sys=0.00, real=0.00 secs] 
307765.409: [GC (Allocation Failure) 307765.409: [ParNew: 425955K->12585K(471872K), 0.0061636 secs] 3100998K->2687958K(4141888K), 0.0062647 secs] [Times: user=0.04 sys=0.01, real=0.01 secs] 
307767.467: [GC (Allocation Failure) 307767.467: [ParNew: 432041K->11001K(471872K), 0.0055541 secs] 3107414K->2686846K(4141888K), 0.0056567 secs] [Times: user=0.04 sys=0.01, real=0.00 secs] 
307769.414: [GC (Allocation Failure) 307769.414: [ParNew: 430457K->7499K(471872K), 0.0072127 secs] 3106302K->2683766K(4141888K), 0.0073021 secs] [Times: user=0.06 sys=0.00, real=0.00 secs] 
307770.839: [GC (Allocation Failure) 307770.839: [ParNew: 426955K->5603K(471872K), 0.0052620 secs] 3103222K->2682195K(4141888K), 0.0053394 secs] [Times: user=0.04 sys=0.00, real=0.01 secs] 
307772.383: [GC (Allocation Failure) 307772.383: [ParNew: 425056K->12019K(471872K), 0.0053523 secs] 3101647K->2689483K(4141888K), 0.0054418 secs] [Times: user=0.04 sys=0.00, real=0.01 secs] 
307773.311: [GC (Allocation Failure) 307773.311: [ParNew: 431475K->5643K(471872K), 0.0048582 secs] 3108939K->2683567K(4141888K), 0.0049389 secs] [Times: user=0.04 sys=0.00, real=0.01 secs] 
307774.339: [GC (Allocation Failure) 307774.339: [ParNew: 425027K->6527K(471872K), 0.0048869 secs] 3102950K->2685156K(4141888K), 0.0049704 secs] [Times: user=0.04 sys=0.00, real=0.01 secs] 
307775.424: [GC (Allocation Failure) 307775.424: [ParNew: 425983K->4993K(471872K), 0.0050693 secs] 3104612K->2683840K(4141888K), 0.0051517 secs] [Times: user=0.03 sys=0.00, real=0.00 secs] 
307776.486: [GC (Allocation Failure) 307776.486: [ParNew: 424011K->8695K(471872K), 0.0051740 secs] 3102858K->2687739K(4141888K), 0.0052675 secs] [Times: user=0.04 sys=0.00, real=0.00 secs] 
307777.314: [GC (Allocation Failure) 307777.314: [ParNew: 427793K->7096K(471872K), 0.0049551 secs] 3106836K->2686874K(4141888K), 0.0050350 secs] [Times: user=0.04 sys=0.00, real=0.00 secs] 
307778.409: [GC (Allocation Failure) 307778.409: [ParNew: 425756K->10262K(471872K), 0.0056628 secs] 3105534K->2690739K(4141888K), 0.0057550 secs] [Times: user=0.05 sys=0.00, real=0.01 secs] 
307779.364: [GC (Allocation Failure) 307779.364: [ParNew: 429718K->16789K(471872K), 0.0064993 secs] 3110195K->2697627K(4141888K), 0.0065964 secs] [Times: user=0.04 sys=0.00, real=0.01 secs] 
307780.401: [GC (Allocation Failure) 307780.401: [ParNew: 436245K->5623K(471872K), 0.0044733 secs] 3117083K->2686607K(4141888K), 0.0045507 secs] [Times: user=0.04 sys=0.00, real=0.01 secs] 
307780.840: [GC (Allocation Failure) 307780.840: [ParNew: 425079K->13029K(471872K), 0.0056445 secs] 3106063K->2694286K(4141888K), 0.0057534 secs] [Times: user=0.04 sys=0.00, real=0.01 secs] 
307781.331: [GC (Allocation Failure) 307781.331: [ParNew: 432485K->4306K(471872K), 0.0062180 secs] 3113742K->2692466K(4141888K), 0.0063105 secs] [Times: user=0.05 sys=0.00, real=0.01 secs] 
307781.810: [GC (GCLocker Initiated GC) 307781.810: [ParNew: 423778K->5151K(471872K), 0.0050402 secs] 3111939K->2693571K(4141888K), 0.0051284 secs] [Times: user=0.04 sys=0.00, real=0.01 secs] 
307782.252: [GC (Allocation Failure) 307782.252: [ParNew: 424607K->14955K(471872K), 0.0065442 secs] 3113027K->2705721K(4141888K), 0.0066561 secs] [Times: user=0.05 sys=0.00, real=0.01 secs] 
307784.257: [GC (Allocation Failure) 307784.257: [ParNew: 434411K->12178K(471872K), 0.0060781 secs] 3125177K->2703037K(4141888K), 0.0061717 secs] [Times: user=0.04 sys=0.00, real=0.00 secs] 
307784.669: [GC (Allocation Failure) 307784.669: [ParNew: 431634K->10926K(471872K), 0.0069653 secs] 3122493K->2702359K(4141888K), 0.0070619 secs] [Times: user=0.05 sys=0.00, real=0.01 secs] 
307785.559: [GC (Allocation Failure) 307785.559: [ParNew: 430382K->18038K(471872K), 0.0068436 secs] 3121815K->2709532K(4141888K), 0.0069520 secs] [Times: user=0.05 sys=0.00, real=0.01 secs] 
307786.219: [GC (Allocation Failure) 307786.219: [ParNew: 437128K->15012K(471872K), 0.0057806 secs] 3128621K->2709067K(4141888K), 0.0058809 secs] [Times: user=0.04 sys=0.00, real=0.01 secs] 
307787.596: [GC (Allocation Failure) 307787.596: [ParNew: 434028K->6821K(471872K), 0.0052896 secs] 3128084K->2701008K(4141888K), 0.0053653 secs] [Times: user=0.04 sys=0.00, real=0.00 secs] 
307789.294: [GC (Allocation Failure) 307789.294: [ParNew: 426277K->13387K(471872K), 0.0061265 secs] 3120464K->2707892K(4141888K), 0.0062301 secs] [Times: user=0.05 sys=0.01, real=0.01 secs] 
307790.869: [GC (Allocation Failure) 307790.869: [ParNew: 432400K->8262K(471872K), 0.0050124 secs] 3126905K->2703117K(4141888K), 0.0050923 secs] [Times: user=0.04 sys=0.00, real=0.01 secs] 
307792.450: [GC (Allocation Failure) 307792.450: [ParNew: 427718K->5755K(471872K), 0.0048419 secs] 3122573K->2701021K(4141888K), 0.0049222 secs] [Times: user=0.04 sys=0.00, real=0.01 secs] 
307793.594: [GC (Allocation Failure) 307793.594: [ParNew: 425211K->15536K(471872K), 0.0055732 secs] 3120477K->2711520K(4141888K), 0.0056711 secs] [Times: user=0.05 sys=0.00, real=0.00 secs] 
307793.942: [GC (Allocation Failure) 307793.942: [ParNew: 434992K->9399K(471872K), 0.0072844 secs] 3130976K->2705681K(4141888K), 0.0073731 secs] [Times: user=0.05 sys=0.00, real=0.01 secs] 
307794.573: [GC (Allocation Failure) 307794.573: [ParNew: 428855K->11199K(471872K), 0.0047896 secs] 3125137K->2707549K(4141888K), 0.0048771 secs] [Times: user=0.04 sys=0.00, real=0.01 secs] 
307794.878: [GC (Allocation Failure) 307794.878: [ParNew: 429743K->14325K(471872K), 0.0053966 secs] 3126093K->2710887K(4141888K), 0.0054895 secs] [Times: user=0.04 sys=0.00, real=0.01 secs] 
307795.946: [GC (Allocation Failure) 307795.946: [ParNew: 433781K->12753K(471872K), 0.0053259 secs] 3130343K->2709434K(4141888K), 0.0054208 secs] [Times: user=0.04 sys=0.00, real=0.00 secs] 
307797.981: [GC (Allocation Failure) 307797.981: [ParNew: 432209K->12333K(471872K), 0.0064588 secs] 3128890K->2709790K(4141888K), 0.0065573 secs] [Times: user=0.04 sys=0.00, real=0.01 secs] 
307799.499: [GC (Allocation Failure) 307799.499: [ParNew: 431789K->13081K(471872K), 0.0058212 secs] 3129246K->2710912K(4141888K), 0.0059120 secs] [Times: user=0.04 sys=0.00, real=0.01 secs] 
307801.357: [GC (Allocation Failure) 307801.357: [ParNew: 432537K->7584K(471872K), 0.0053258 secs] 3130368K->2705676K(4141888K), 0.0054075 secs] [Times: user=0.04 sys=0.00, real=0.00 secs] 
307803.515: [GC (Allocation Failure) 307803.515: [ParNew: 427040K->6880K(471872K), 0.0059773 secs] 3125132K->2705990K(4141888K), 0.0060612 secs] [Times: user=0.05 sys=0.00, real=0.00 secs] 
307807.492: [GC (Allocation Failure) 307807.492: [ParNew: 426336K->6169K(471872K), 0.0056422 secs] 3125446K->2705897K(4141888K), 0.0057326 secs] [Times: user=0.04 sys=0.00, real=0.01 secs] 
307809.495: [GC (Allocation Failure) 307809.495: [ParNew: 425625K->5773K(471872K), 0.0080332 secs] 3125353K->2706283K(4141888K), 0.0081106 secs] [Times: user=0.05 sys=0.00, real=0.00 secs] 
307811.997: [GC (Allocation Failure) 307811.997: [ParNew: 425229K->1934K(471872K), 0.0078443 secs] 3125739K->2704094K(4141888K), 0.0079249 secs] [Times: user=0.04 sys=0.00, real=0.01 secs] 
307813.064: [GC (Allocation Failure) 307813.064: [ParNew: 421390K->2737K(471872K), 0.0070316 secs] 3123550K->2705270K(4141888K), 0.0071103 secs] [Times: user=0.04 sys=0.01, real=0.00 secs] 
307816.235: [GC (Allocation Failure) 307816.235: [ParNew: 422193K->6367K(471872K), 0.0111446 secs] 3124726K->2709093K(4141888K), 0.0112314 secs] [Times: user=0.07 sys=0.00, real=0.01 secs] 
307818.608: [GC (Allocation Failure) 307818.608: [ParNew: 425823K->5396K(471872K), 0.0055692 secs] 3128549K->2708934K(4141888K), 0.0056542 secs] [Times: user=0.04 sys=0.00, real=0.01 secs] 
307820.786: [GC (Allocation Failure) 307820.786: [ParNew: 424852K->7686K(471872K), 0.0056068 secs] 3128390K->2711724K(4141888K), 0.0056929 secs] [Times: user=0.04 sys=0.00, real=0.00 secs] 
307823.211: [GC (Allocation Failure) 307823.211: [ParNew: 427106K->13276K(471872K), 0.0056791 secs] 3131144K->2717643K(4141888K), 0.0057688 secs] [Times: user=0.05 sys=0.00, real=0.01 secs] 
307825.316: [GC (Allocation Failure) 307825.316: [ParNew: 432195K->7643K(471872K), 0.0056284 secs] 3136563K->2712702K(4141888K), 0.0057131 secs] [Times: user=0.04 sys=0.00, real=0.00 secs] 
307828.268: [GC (Allocation Failure) 307828.268: [ParNew: 427099K->8964K(471872K), 0.0060643 secs] 3132158K->2714330K(4141888K), 0.0061694 secs] [Times: user=0.04 sys=0.00, real=0.01 secs] 
307833.069: [GC (Allocation Failure) 307833.069: [ParNew: 428420K->5088K(471872K), 0.0054448 secs] 3133786K->2712019K(4141888K), 0.0055241 secs] [Times: user=0.04 sys=0.01, real=0.01 secs] 
307837.447: [GC (Allocation Failure) 307837.447: [ParNew: 424537K->3751K(471872K), 0.0064928 secs] 3131469K->2711475K(4141888K), 0.0065747 secs] [Times: user=0.05 sys=0.00, real=0.00 secs] 
307843.087: [GC (Allocation Failure) 307843.087: [ParNew: 423207K->4224K(471872K), 0.0064498 secs] 3130931K->2712860K(4141888K), 0.0065280 secs] [Times: user=0.05 sys=0.00, real=0.01 secs] 
307843.651: [GC (Allocation Failure) 307843.651: [ParNew: 422367K->8385K(471872K), 0.0058984 secs] 3131003K->2718375K(4141888K), 0.0059849 secs] [Times: user=0.04 sys=0.01, real=0.01 secs] 
307846.433: [GC (Allocation Failure) 307846.433: [ParNew: 427841K->13317K(471872K), 0.0051414 secs] 3137831K->2723419K(4141888K), 0.0052319 secs] [Times: user=0.04 sys=0.00, real=0.01 secs] 
307847.534: [GC (Allocation Failure) 307847.534: [ParNew: 432773K->7416K(471872K), 0.0048071 secs] 3142875K->2718050K(4141888K), 0.0048894 secs] [Times: user=0.04 sys=0.00, real=0.00 secs] 
307850.036: [GC (Allocation Failure) 307850.036: [ParNew: 426872K->2687K(471872K), 0.0055562 secs] 3137506K->2715952K(4141888K), 0.0056380 secs] [Times: user=0.04 sys=0.00, real=0.00 secs] 
307853.442: [GC (Allocation Failure) 307853.442: [ParNew: 422143K->5506K(471872K), 0.0058062 secs] 3135408K->2719219K(4141888K), 0.0059030 secs] [Times: user=0.04 sys=0.00, real=0.01 secs] 
307853.977: [GC (Allocation Failure) 307853.977: [ParNew: 424962K->6460K(471872K), 0.0060346 secs] 3138675K->2722153K(4141888K), 0.0061305 secs] [Times: user=0.04 sys=0.01, real=0.00 secs] 
307855.673: [GC (Allocation Failure) 307855.673: [ParNew: 425709K->9349K(471872K), 0.0065443 secs] 3141402K->2725162K(4141888K), 0.0066198 secs] [Times: user=0.04 sys=0.00, real=0.01 secs] 
307857.201: [GC (Allocation Failure) 307857.201: [ParNew: 428805K->10263K(471872K), 0.0070485 secs] 3144618K->2727039K(4141888K), 0.0071384 secs] [Times: user=0.03 sys=0.00, real=0.01 secs] 
307858.329: [GC (Allocation Failure) 307858.329: [ParNew: 429719K->11838K(471872K), 0.0077266 secs] 3146495K->2729005K(4141888K), 0.0078231 secs] [Times: user=0.06 sys=0.00, real=0.01 secs] 
307861.435: [GC (Allocation Failure) 307861.435: [ParNew: 430752K->10740K(471872K), 0.0055611 secs] 3147919K->2728958K(4141888K), 0.0056642 secs] [Times: user=0.04 sys=0.00, real=0.00 secs] 
307861.861: [GC (Allocation Failure) 307861.861: [ParNew: 430196K->5216K(471872K), 0.0059582 secs] 3148414K->2725696K(4141888K), 0.0060504 secs] [Times: user=0.04 sys=0.01, real=0.01 secs] 
307862.226: [GC (Allocation Failure) 307862.227: [ParNew: 424672K->15845K(471872K), 0.0057837 secs] 3145152K->2736715K(4141888K), 0.0058753 secs] [Times: user=0.05 sys=0.00, real=0.00 secs] 
307864.534: [GC (Allocation Failure) 307864.535: [ParNew: 435301K->10920K(471872K), 0.0055641 secs] 3156171K->2731845K(4141888K), 0.0056603 secs] [Times: user=0.04 sys=0.00, real=0.00 secs] 
307865.244: [GC (Allocation Failure) 307865.244: [ParNew: 430376K->12343K(471872K), 0.0064953 secs] 3151301K->2734168K(4141888K), 0.0065871 secs] [Times: user=0.04 sys=0.00, real=0.00 secs] 
307866.515: [GC (Allocation Failure) 307866.515: [ParNew: 431799K->10745K(471872K), 0.0050545 secs] 3153624K->2732736K(4141888K), 0.0051377 secs] [Times: user=0.03 sys=0.00, real=0.00 secs] 
307867.361: [GC (Allocation Failure) 307867.361: [ParNew: 430201K->11670K(471872K), 0.0062572 secs] 3152192K->2733993K(4141888K), 0.0063574 secs] [Times: user=0.05 sys=0.00, real=0.01 secs] 
307869.660: [GC (Allocation Failure) 307869.660: [ParNew: 429724K->15383K(471872K), 0.0052894 secs] 3152047K->2738104K(4141888K), 0.0053787 secs] [Times: user=0.04 sys=0.00, real=0.01 secs] 
307871.356: [GC (Allocation Failure) 307871.356: [ParNew: 434839K->5732K(471872K), 0.0060164 secs] 3157560K->2728942K(4141888K), 0.0061023 secs] [Times: user=0.05 sys=0.00, real=0.00 secs] 
307872.629: [GC (Allocation Failure) 307872.629: [ParNew: 425188K->4644K(471872K), 0.0063033 secs] 3148398K->2728230K(4141888K), 0.0063800 secs] [Times: user=0.03 sys=0.00, real=0.01 secs] 
307874.279: [GC (Allocation Failure) 307874.279: [ParNew: 424100K->12676K(471872K), 0.0067662 secs] 3147686K->2737522K(4141888K), 0.0068610 secs] [Times: user=0.05 sys=0.00, real=0.01 secs] 
307875.840: [GC (Allocation Failure) 307875.840: [ParNew: 432132K->7319K(471872K), 0.0051396 secs] 3156978K->2732750K(4141888K), 0.0052166 secs] [Times: user=0.04 sys=0.00, real=0.01 secs] 
307878.140: [GC (Allocation Failure) 307878.140: [ParNew: 426775K->5923K(471872K), 0.0050919 secs] 3152206K->2731739K(4141888K), 0.0051735 secs] [Times: user=0.04 sys=0.00, real=0.01 secs] 
307881.156: [GC (Allocation Failure) 307881.156: [ParNew: 425379K->5187K(471872K), 0.0056280 secs] 3151195K->2731651K(4141888K), 0.0057083 secs] [Times: user=0.04 sys=0.00, real=0.00 secs] 
307883.730: [GC (Allocation Failure) 307883.730: [ParNew: 424643K->4483K(471872K), 0.0057531 secs] 3151107K->2731559K(4141888K), 0.0058456 secs] [Times: user=0.04 sys=0.00, real=0.01 secs] 
307886.273: [GC (Allocation Failure) 307886.274: [ParNew: 423939K->5994K(471872K), 0.0053792 secs] 3151015K->2733629K(4141888K), 0.0054613 secs] [Times: user=0.04 sys=0.01, real=0.01 secs] 
307888.927: [GC (Allocation Failure) 307888.927: [ParNew: 425450K->4309K(471872K), 0.0049354 secs] 3153085K->2732535K(4141888K), 0.0050091 secs] [Times: user=0.04 sys=0.00, real=0.00 secs] 
307892.464: [GC (Allocation Failure) 307892.464: [ParNew: 423704K->9256K(471872K), 0.0058718 secs] 3151930K->2738792K(4141888K), 0.0059639 secs] [Times: user=0.04 sys=0.01, real=0.00 secs] 
307895.236: [GC (Allocation Failure) 307895.236: [ParNew: 428712K->10258K(471872K), 0.0067135 secs] 3158248K->2740418K(4141888K), 0.0068068 secs] [Times: user=0.04 sys=0.00, real=0.00 secs] 
307898.223: [GC (Allocation Failure) 307898.223: [ParNew: 429292K->14015K(471872K), 0.0061885 secs] 3159452K->2744898K(4141888K), 0.0062841 secs] [Times: user=0.04 sys=0.00, real=0.01 secs] 
307901.130: [GC (Allocation Failure) 307901.131: [ParNew: 433471K->5653K(471872K), 0.0052039 secs] 3164354K->2737200K(4141888K), 0.0052843 secs] [Times: user=0.04 sys=0.00, real=0.01 secs] 
307903.316: [GC (Allocation Failure) 307903.316: [ParNew: 425109K->11420K(471872K), 0.0056358 secs] 3156656K->2743513K(4141888K), 0.0057283 secs] [Times: user=0.04 sys=0.00, real=0.00 secs] 
307907.437: [GC (Allocation Failure) 307907.437: [ParNew: 428746K->24694K(471872K), 0.0071248 secs] 3160839K->2757605K(4141888K), 0.0072404 secs] [Times: user=0.05 sys=0.00, real=0.01 secs] 
307911.441: [GC (Allocation Failure) 307911.441: [ParNew: 444150K->13791K(471872K), 0.0058095 secs] 3177061K->2747509K(4141888K), 0.0059117 secs] [Times: user=0.04 sys=0.00, real=0.01 secs] 
307914.205: [GC (Allocation Failure) 307914.205: [ParNew: 433247K->11043K(471872K), 0.0070185 secs] 3166965K->2747824K(4141888K), 0.0071150 secs] [Times: user=0.05 sys=0.00, real=0.00 secs] 
307916.862: [GC (Allocation Failure) 307916.862: [ParNew: 430499K->4510K(471872K), 0.0055911 secs] 3167280K->2741942K(4141888K), 0.0056863 secs] [Times: user=0.04 sys=0.00, real=0.01 secs] 
307919.430: [GC (Allocation Failure) 307919.431: [ParNew: 423966K->9419K(471872K), 0.0060039 secs] 3161398K->2747463K(4141888K), 0.0061086 secs] [Times: user=0.05 sys=0.00, real=0.01 secs] 
307921.237: [GC (Allocation Failure) 307921.237: [ParNew: 428755K->11184K(471872K), 0.0063222 secs] 3166799K->2749761K(4141888K), 0.0064172 secs] [Times: user=0.04 sys=0.00, real=0.00 secs] 
307923.072: [GC (Allocation Failure) 307923.072: [ParNew: 430640K->6880K(471872K), 0.0050231 secs] 3169217K->2745842K(4141888K), 0.0051208 secs] [Times: user=0.04 sys=0.00, real=0.01 secs] 
307925.203: [GC (Allocation Failure) 307925.203: [ParNew: 426336K->5930K(471872K), 0.0050914 secs] 3165298K->2745343K(4141888K), 0.0051710 secs] [Times: user=0.04 sys=0.00, real=0.01 secs] 
307928.003: [GC (Allocation Failure) 307928.003: [ParNew: 425383K->2710K(471872K), 0.0055854 secs] 3164797K->2742524K(4141888K), 0.0056793 secs] [Times: user=0.04 sys=0.00, real=0.01 secs] 
307931.015: [GC (Allocation Failure) 307931.015: [ParNew: 422166K->3715K(471872K), 0.0048659 secs] 3161980K->2743856K(4141888K), 0.0049468 secs] [Times: user=0.03 sys=0.00, real=0.00 secs] 
307932.867: [GC (Allocation Failure) 307932.867: [ParNew: 423171K->3409K(471872K), 0.0049049 secs] 3163312K->2744017K(4141888K), 0.0049961 secs] [Times: user=0.03 sys=0.01, real=0.00 secs] 
307934.234: [GC (Allocation Failure) 307934.234: [ParNew: 422865K->14452K(471872K), 0.0061439 secs] 3163473K->2755351K(4141888K), 0.0062424 secs] [Times: user=0.04 sys=0.01, real=0.00 secs] 
307936.735: [GC (Allocation Failure) 307936.735: [ParNew: 433740K->5709K(471872K), 0.0047683 secs] 3174639K->2746831K(4141888K), 0.0048433 secs] [Times: user=0.04 sys=0.00, real=0.00 secs] 
307939.520: [GC (Allocation Failure) 307939.520: [ParNew: 425165K->3512K(471872K), 0.0047644 secs] 3166287K->2745342K(4141888K), 0.0048486 secs] [Times: user=0.03 sys=0.00, real=0.01 secs] 
307943.736: [GC (Allocation Failure) 307943.736: [ParNew: 422821K->4936K(471872K), 0.0054447 secs] 3164652K->2747075K(4141888K), 0.0055440 secs] [Times: user=0.04 sys=0.00, real=0.00 secs] 
307946.678: [GC (Allocation Failure) 307946.678: [ParNew: 424392K->3250K(471872K), 0.0049282 secs] 3166531K->2746025K(4141888K), 0.0050262 secs] [Times: user=0.04 sys=0.00, real=0.00 secs] 
307948.235: [GC (Allocation Failure) 307948.235: [ParNew: 422706K->3573K(471872K), 0.0049924 secs] 3165481K->2746801K(4141888K), 0.0050719 secs] [Times: user=0.03 sys=0.00, real=0.00 secs] 
307951.235: [GC (Allocation Failure) 307951.235: [ParNew: 423029K->13874K(471872K), 0.0059110 secs] 3166257K->2757701K(4141888K), 0.0060112 secs] [Times: user=0.05 sys=0.00, real=0.00 secs] 
307952.746: [GC (Allocation Failure) 307952.746: [ParNew: 433330K->4992K(471872K), 0.0049350 secs] 3177157K->2749727K(4141888K), 0.0050158 secs] [Times: user=0.03 sys=0.00, real=0.00 secs] 
307954.225: [GC (Allocation Failure) 307954.225: [ParNew: 423695K->17024K(471872K), 0.0055936 secs] 3168430K->2762016K(4141888K), 0.0056957 secs] [Times: user=0.04 sys=0.01, real=0.00 secs] 
307955.668: [GC (Allocation Failure) 307955.668: [ParNew: 436480K->7752K(471872K), 0.0047080 secs] 3181472K->2753329K(4141888K), 0.0047825 secs] [Times: user=0.04 sys=0.00, real=0.00 secs] 
307957.331: [GC (Allocation Failure) 307957.331: [ParNew: 427208K->6316K(471872K), 0.0047781 secs] 3172785K->2752300K(4141888K), 0.0048721 secs] [Times: user=0.03 sys=0.00, real=0.01 secs] 
307958.256: [GC (Allocation Failure) 307958.256: [ParNew: 425772K->6286K(471872K), 0.0048767 secs] 3171756K->2752549K(4141888K), 0.0049568 secs] [Times: user=0.04 sys=0.00, real=0.00 secs] 
307958.626: [GC (Allocation Failure) 307958.626: [ParNew: 425685K->6137K(471872K), 0.0048265 secs] 3171948K->2752650K(4141888K), 0.0049065 secs] [Times: user=0.03 sys=0.00, real=0.00 secs] 
307960.315: [GC (Allocation Failure) 307960.315: [ParNew: 425593K->10914K(471872K), 0.0059147 secs] 3172106K->2757696K(4141888K), 0.0059979 secs] [Times: user=0.04 sys=0.00, real=0.00 secs] 
307962.190: [GC (Allocation Failure) 307962.190: [ParNew: 429982K->4057K(471872K), 0.0045444 secs] 3176763K->2751203K(4141888K), 0.0046337 secs] [Times: user=0.03 sys=0.01, real=0.01 secs] 
307963.227: [GC (Allocation Failure) 307963.227: [ParNew: 423220K->12634K(471872K), 0.0056460 secs] 3170366K->2761533K(4141888K), 0.0057376 secs] [Times: user=0.04 sys=0.00, real=0.00 secs] 
307964.359: [GC (Allocation Failure) 307964.359: [ParNew: 432090K->7498K(471872K), 0.0049180 secs] 3180989K->2756715K(4141888K), 0.0050009 secs] [Times: user=0.04 sys=0.00, real=0.01 secs] 
307966.992: [GC (Allocation Failure) 307966.992: [ParNew: 426954K->3191K(471872K), 0.0061475 secs] 3176171K->2754261K(4141888K), 0.0062372 secs] [Times: user=0.04 sys=0.00, real=0.01 secs] 
307969.996: [GC (Allocation Failure) 307969.996: [ParNew: 422321K->9400K(471872K), 0.0054214 secs] 3173391K->2761410K(4141888K), 0.0055099 secs] [Times: user=0.04 sys=0.01, real=0.00 secs] 
307971.360: [GC (Allocation Failure) 307971.360: [ParNew: 428856K->15538K(471872K), 0.0071294 secs] 3180866K->2770534K(4141888K), 0.0072295 secs] [Times: user=0.06 sys=0.00, real=0.01 secs] 
307973.310: [GC (Allocation Failure) 307973.310: [ParNew: 434916K->9020K(471872K), 0.0050078 secs] 3189913K->2765592K(4141888K), 0.0050890 secs] [Times: user=0.04 sys=0.00, real=0.01 secs] 
307974.961: [GC (Allocation Failure) 307974.961: [ParNew: 428476K->4229K(471872K), 0.0048571 secs] 3185048K->2761146K(4141888K), 0.0049380 secs] [Times: user=0.03 sys=0.00, real=0.01 secs] 
307975.816: [GC (Allocation Failure) 307975.816: [ParNew: 423685K->7220K(471872K), 0.0053096 secs] 3180602K->2764501K(4141888K), 0.0054070 secs] [Times: user=0.04 sys=0.01, real=0.00 secs] 
307977.214: [GC (Allocation Failure) 307977.214: [ParNew: 426676K->9515K(471872K), 0.0047929 secs] 3183957K->2766912K(4141888K), 0.0048891 secs] [Times: user=0.04 sys=0.00, real=0.00 secs] 
307977.686: [GC (Allocation Failure) 307977.686: [ParNew: 428971K->2922K(471872K), 0.0047962 secs] 3186368K->2761225K(4141888K), 0.0048736 secs] [Times: user=0.04 sys=0.00, real=0.00 secs] 
307979.201: [GC (Allocation Failure) 307979.201: [ParNew: 421749K->4671K(471872K), 0.0048519 secs] 3180051K->2763051K(4141888K), 0.0049469 secs] [Times: user=0.03 sys=0.00, real=0.01 secs] 
307979.865: [GC (Allocation Failure) 307979.865: [ParNew: 423373K->4857K(471872K), 0.0048827 secs] 3181753K->2764075K(4141888K), 0.0049792 secs] [Times: user=0.03 sys=0.00, real=0.00 secs] 
307981.384: [GC (Allocation Failure) 307981.384: [ParNew: 424313K->8931K(471872K), 0.0055915 secs] 3183531K->2768795K(4141888K), 0.0056914 secs] [Times: user=0.04 sys=0.00, real=0.00 secs] 
307983.977: [GC (Allocation Failure) 307983.977: [ParNew: 428387K->8175K(471872K), 0.0053474 secs] 3188251K->2768396K(4141888K), 0.0054337 secs] [Times: user=0.04 sys=0.00, real=0.00 secs] 
307984.966: [GC (Allocation Failure) 307984.966: [ParNew: 427631K->7381K(471872K), 0.0048593 secs] 3187852K->2768159K(4141888K), 0.0049428 secs] [Times: user=0.03 sys=0.00, real=0.00 secs] 
307986.328: [GC (Allocation Failure) 307986.328: [ParNew: 426837K->15041K(471872K), 0.0053724 secs] 3187615K->2776623K(4141888K), 0.0054584 secs] [Times: user=0.05 sys=0.00, real=0.01 secs] 
307987.241: [GC (Allocation Failure) 307987.241: [ParNew: 434497K->7606K(471872K), 0.0062963 secs] 3196079K->2769499K(4141888K), 0.0063932 secs] [Times: user=0.05 sys=0.00, real=0.01 secs] 
307987.905: [GC (Allocation Failure) 307987.905: [ParNew: 426531K->6813K(471872K), 0.0049880 secs] 3188424K->2770125K(4141888K), 0.0050745 secs] [Times: user=0.03 sys=0.00, real=0.00 secs] 
307989.381: [GC (Allocation Failure) 307989.381: [ParNew: 426269K->1902K(471872K), 0.0049689 secs] 3189581K->2765934K(4141888K), 0.0050536 secs] [Times: user=0.03 sys=0.01, real=0.01 secs] 
307990.129: [GC (Allocation Failure) 307990.129: [ParNew: 421357K->8053K(471872K), 0.0052227 secs] 3185390K->2772389K(4141888K), 0.0053112 secs] [Times: user=0.03 sys=0.00, real=0.01 secs] 
307990.669: [GC (Allocation Failure) 307990.669: [ParNew: 427509K->10093K(471872K), 0.0058052 secs] 3191845K->2778017K(4141888K), 0.0059068 secs] [Times: user=0.04 sys=0.00, real=0.01 secs] 
307991.163: [GC (Allocation Failure) 307991.163: [ParNew: 429549K->7731K(471872K), 0.0061568 secs] 3197473K->2779686K(4141888K), 0.0062448 secs] [Times: user=0.05 sys=0.00, real=0.01 secs] 
307991.674: [GC (Allocation Failure) 307991.674: [ParNew: 427083K->3464K(471872K), 0.0061092 secs] 3199038K->2778421K(4141888K), 0.0061897 secs] [Times: user=0.03 sys=0.00, real=0.00 secs] 
307994.408: [GC (Allocation Failure) 307994.408: [ParNew: 422920K->2972K(471872K), 0.0063256 secs] 3197877K->2778035K(4141888K), 0.0064038 secs] [Times: user=0.04 sys=0.00, real=0.01 secs] 
307999.385: [GC (Allocation Failure) 307999.385: [ParNew: 422428K->4977K(471872K), 0.0064498 secs] 3197491K->2781498K(4141888K), 0.0065328 secs] [Times: user=0.04 sys=0.00, real=0.00 secs] 
308001.190: [GC (Allocation Failure) 308001.190: [ParNew: 424433K->5637K(471872K), 0.0081179 secs] 3200954K->2783268K(4141888K), 0.0081964 secs] [Times: user=0.04 sys=0.00, real=0.01 secs] 
308002.564: [GC (Allocation Failure) 308002.564: [ParNew: 425093K->7742K(471872K), 0.0051654 secs] 3202724K->2785682K(4141888K), 0.0052486 secs] [Times: user=0.03 sys=0.00, real=0.00 secs] 
308005.378: [GC (Allocation Failure) 308005.378: [ParNew: 427198K->3884K(471872K), 0.0048755 secs] 3205138K->2782321K(4141888K), 0.0049500 secs] [Times: user=0.04 sys=0.00, real=0.00 secs] 
308006.690: [GC (Allocation Failure) 308006.690: [ParNew: 423340K->4251K(471872K), 0.0046836 secs] 3201777K->2783370K(4141888K), 0.0047758 secs] [Times: user=0.04 sys=0.00, real=0.01 secs] 
308008.542: [GC (Allocation Failure) 308008.542: [ParNew: 423552K->12353K(471872K), 0.0057354 secs] 3202671K->2791802K(4141888K), 0.0058272 secs] [Times: user=0.04 sys=0.00, real=0.01 secs] 
308008.982: [GC (Allocation Failure) 308008.982: [ParNew: 431809K->8863K(471872K), 0.0059112 secs] 3211258K->2790062K(4141888K), 0.0060016 secs] [Times: user=0.04 sys=0.00, real=0.01 secs] 
308010.155: [GC (Allocation Failure) 308010.155: [ParNew: 428319K->6044K(471872K), 0.0046591 secs] 3209518K->2787300K(4141888K), 0.0047375 secs] [Times: user=0.03 sys=0.00, real=0.00 secs] 
308013.081: [GC (Allocation Failure) 308013.081: [ParNew: 425500K->4215K(471872K), 0.0047139 secs] 3206756K->2785752K(4141888K), 0.0047908 secs] [Times: user=0.03 sys=0.00, real=0.01 secs] 
308013.784: [GC (Allocation Failure) 308013.784: [ParNew: 423671K->8474K(471872K), 0.0062140 secs] 3205208K->2790948K(4141888K), 0.0063074 secs] [Times: user=0.04 sys=0.01, real=0.00 secs] 
308015.543: [GC (Allocation Failure) 308015.543: [ParNew: 427930K->6123K(471872K), 0.0043917 secs] 3210404K->2788762K(4141888K), 0.0044677 secs] [Times: user=0.04 sys=0.00, real=0.01 secs] 
308018.441: [GC (Allocation Failure) 308018.441: [ParNew: 425579K->10878K(471872K), 0.0068674 secs] 3208218K->2793720K(4141888K), 0.0069569 secs] [Times: user=0.04 sys=0.00, real=0.01 secs] 
308020.482: [GC (Allocation Failure) 308020.482: [ParNew: 430230K->10447K(471872K), 0.0067871 secs] 3213071K->2793887K(4141888K), 0.0068738 secs] [Times: user=0.04 sys=0.00, real=0.01 secs] 
308021.272: [GC (Allocation Failure) 308021.272: [ParNew: 429903K->10992K(471872K), 0.0054346 secs] 3213343K->2796091K(4141888K), 0.0055223 secs] [Times: user=0.04 sys=0.00, real=0.01 secs] 
308021.959: [GC (Allocation Failure) 308021.959: [ParNew: 430448K->9392K(471872K), 0.0054435 secs] 3215547K->2794634K(4141888K), 0.0055344 secs] [Times: user=0.04 sys=0.00, real=0.01 secs] 
308023.005: [GC (Allocation Failure) 308023.005: [ParNew: 428848K->8136K(471872K), 0.0055766 secs] 3214090K->2794823K(4141888K), 0.0056579 secs] [Times: user=0.04 sys=0.00, real=0.00 secs] 
308023.935: [GC (Allocation Failure) 308023.935: [ParNew: 427592K->7727K(471872K), 0.0050322 secs] 3214279K->2794690K(4141888K), 0.0051133 secs] [Times: user=0.03 sys=0.00, real=0.00 secs] 
308024.572: [GC (Allocation Failure) 308024.572: [ParNew: 427183K->9740K(471872K), 0.0051722 secs] 3214146K->2796967K(4141888K), 0.0052602 secs] [Times: user=0.04 sys=0.01, real=0.01 secs] 
308027.739: [GC (Allocation Failure) 308027.739: [ParNew: 429196K->3945K(471872K), 0.0046075 secs] 3216423K->2791263K(4141888K), 0.0046850 secs] [Times: user=0.04 sys=0.00, real=0.00 secs] 
308031.262: [GC (Allocation Failure) 308031.262: [ParNew: 423401K->15448K(471872K), 0.0063739 secs] 3210719K->2803994K(4141888K), 0.0064746 secs] [Times: user=0.04 sys=0.00, real=0.01 secs] 
308036.074: [GC (Allocation Failure) 308036.074: [ParNew: 434904K->5322K(471872K), 0.0058014 secs] 3223450K->2796660K(4141888K), 0.0058878 secs] [Times: user=0.04 sys=0.00, real=0.00 secs] 
308041.242: [GC (Allocation Failure) 308041.242: [ParNew: 424353K->16630K(471872K), 0.0058124 secs] 3215691K->2808602K(4141888K), 0.0059124 secs] [Times: user=0.04 sys=0.00, real=0.01 secs] 
308045.348: [GC (Allocation Failure) 308045.348: [ParNew: 436086K->4282K(471872K), 0.0052201 secs] 3228058K->2797068K(4141888K), 0.0053001 secs] [Times: user=0.04 sys=0.01, real=0.00 secs] 
308051.266: [GC (Allocation Failure) 308051.266: [ParNew: 423738K->11432K(471872K), 0.0098176 secs] 3216524K->2804835K(4141888K), 0.0099109 secs] [Times: user=0.06 sys=0.00, real=0.01 secs] 
308062.245: [GC (Allocation Failure) 308062.245: [ParNew: 430888K->8756K(471872K), 0.0092423 secs] 3224291K->2802859K(4141888K), 0.0093325 secs] [Times: user=0.05 sys=0.00, real=0.01 secs] 
308077.620: [GC (Allocation Failure) 308077.620: [ParNew: 428212K->4524K(471872K), 0.0094618 secs] 3222315K->2801645K(4141888K), 0.0095461 secs] [Times: user=0.05 sys=0.00, real=0.01 secs] 
308085.731: [GC (Allocation Failure) 308085.731: [ParNew: 423980K->3796K(471872K), 0.0067680 secs] 3221101K->2803034K(4141888K), 0.0068629 secs] [Times: user=0.05 sys=0.00, real=0.01 secs] 
308090.419: [GC (Allocation Failure) 308090.419: [ParNew: 422738K->23412K(471872K), 0.0065060 secs] 3221975K->2823789K(4141888K), 0.0066065 secs] [Times: user=0.04 sys=0.01, real=0.01 secs] 
308093.116: [GC (Allocation Failure) 308093.116: [ParNew: 442868K->6565K(471872K), 0.0054261 secs] 3243245K->2807705K(4141888K), 0.0055131 secs] [Times: user=0.04 sys=0.00, real=0.00 secs] 
308096.431: [GC (Allocation Failure) 308096.431: [ParNew: 426021K->2109K(471872K), 0.0069807 secs] 3227161K->2805989K(4141888K), 0.0070765 secs] [Times: user=0.05 sys=0.00, real=0.01 secs] 
308101.308: [GC (Allocation Failure) 308101.308: [ParNew: 421467K->2357K(471872K), 0.0047593 secs] 3225346K->2806768K(4141888K), 0.0048389 secs] [Times: user=0.04 sys=0.00, real=0.00 secs] 
308104.511: [GC (Allocation Failure) 308104.511: [ParNew: 421813K->1807K(471872K), 0.0047635 secs] 3226224K->2806928K(4141888K), 0.0048478 secs] [Times: user=0.04 sys=0.00, real=0.01 secs] 
308110.020: [GC (Allocation Failure) 308110.020: [ParNew: 421263K->4935K(471872K), 0.0054503 secs] 3226384K->2810606K(4141888K), 0.0055417 secs] [Times: user=0.05 sys=0.00, real=0.01 secs] 
308114.832: [GC (Allocation Failure) 308114.833: [ParNew: 424391K->3024K(471872K), 0.0056119 secs] 3230062K->2809931K(4141888K), 0.0056974 secs] [Times: user=0.03 sys=0.01, real=0.01 secs] 
308116.372: [GC (Allocation Failure) 308116.373: [ParNew: 422480K->2790K(471872K), 0.0051935 secs] 3229387K->2810581K(4141888K), 0.0052777 secs] [Times: user=0.04 sys=0.00, real=0.01 secs] 
308119.516: [GC (Allocation Failure) 308119.516: [ParNew: 422246K->3663K(471872K), 0.0050160 secs] 3230037K->2811704K(4141888K), 0.0051060 secs] [Times: user=0.03 sys=0.00, real=0.00 secs] 
308122.899: [GC (Allocation Failure) 308122.899: [ParNew: 423052K->3368K(471872K), 0.0052991 secs] 3231094K->2812132K(4141888K), 0.0053800 secs] [Times: user=0.04 sys=0.00, real=0.01 secs] 
308124.904: [GC (Allocation Failure) 308124.904: [ParNew: 422824K->3286K(471872K), 0.0048514 secs] 3231588K->2812619K(4141888K), 0.0049319 secs] [Times: user=0.03 sys=0.00, real=0.00 secs] 
308126.769: [GC (Allocation Failure) 308126.769: [ParNew: 422742K->2546K(471872K), 0.0049635 secs] 3232075K->2812328K(4141888K), 0.0050498 secs] [Times: user=0.03 sys=0.00, real=0.01 secs] 
308132.657: [GC (Allocation Failure) 308132.657: [ParNew: 422002K->4580K(471872K), 0.0051779 secs] 3231784K->2814879K(4141888K), 0.0052676 secs] [Times: user=0.04 sys=0.00, real=0.00 secs] 
308135.778: [GC (Allocation Failure) 308135.778: [ParNew: 423415K->7710K(471872K), 0.0177518 secs] 3233714K->2819392K(4141888K), 0.0178389 secs] [Times: user=0.13 sys=0.00, real=0.02 secs] 
308137.937: [GC (Allocation Failure) 308137.937: [ParNew: 427166K->4064K(471872K), 0.0065856 secs] 3238848K->2816292K(4141888K), 0.0066770 secs] [Times: user=0.05 sys=0.00, real=0.00 secs] 
308139.810: [GC (Allocation Failure) 308139.810: [ParNew: 423520K->8607K(471872K), 0.0054675 secs] 3235748K->2821254K(4141888K), 0.0055576 secs] [Times: user=0.04 sys=0.00, real=0.01 secs] 
308141.346: [GC (Allocation Failure) 308141.346: [ParNew: 428063K->3266K(471872K), 0.0048464 secs] 3240710K->2816375K(4141888K), 0.0049235 secs] [Times: user=0.04 sys=0.00, real=0.00 secs] 
308143.677: [GC (Allocation Failure) 308143.677: [ParNew: 422722K->10969K(471872K), 0.0060902 secs] 3235831K->2824823K(4141888K), 0.0062044 secs] [Times: user=0.04 sys=0.00, real=0.00 secs] 
308144.931: [GC (Allocation Failure) 308144.931: [ParNew: 430425K->4384K(471872K), 0.0047178 secs] 3244279K->2818721K(4141888K), 0.0047938 secs] [Times: user=0.03 sys=0.00, real=0.01 secs] 
308146.673: [GC (Allocation Failure) 308146.673: [ParNew: 423840K->11645K(471872K), 0.0053038 secs] 3238177K->2826200K(4141888K), 0.0053928 secs] [Times: user=0.04 sys=0.00, real=0.01 secs] 
308150.068: [GC (Allocation Failure) 308150.069: [ParNew: 431101K->4891K(471872K), 0.0047910 secs] 3245656K->2819751K(4141888K), 0.0048715 secs] [Times: user=0.03 sys=0.00, real=0.00 secs] 
308150.856: [GC (Allocation Failure) 308150.856: [ParNew: 424347K->4389K(471872K), 0.0048768 secs] 3239207K->2820080K(4141888K), 0.0049524 secs] [Times: user=0.03 sys=0.00, real=0.00 secs] 
308151.735: [GC (Allocation Failure) 308151.736: [ParNew: 423845K->9312K(471872K), 0.0051964 secs] 3239536K->2825162K(4141888K), 0.0052848 secs] [Times: user=0.04 sys=0.00, real=0.00 secs] 
308153.504: [GC (Allocation Failure) 308153.504: [ParNew: 428768K->3103K(471872K), 0.0069322 secs] 3244618K->2821848K(4141888K), 0.0070091 secs] [Times: user=0.04 sys=0.01, real=0.00 secs] 
308156.551: [GC (Allocation Failure) 308156.551: [ParNew: 422559K->10259K(471872K), 0.0053838 secs] 3241304K->2829271K(4141888K), 0.0054827 secs] [Times: user=0.04 sys=0.01, real=0.01 secs] 
308158.608: [GC (Allocation Failure) 308158.609: [ParNew: 429715K->5998K(471872K), 0.0049917 secs] 3248727K->2825469K(4141888K), 0.0050972 secs] [Times: user=0.04 sys=0.00, real=0.00 secs] 
308160.016: [GC (Allocation Failure) 308160.016: [ParNew: 425454K->9202K(471872K), 0.0051591 secs] 3244925K->2829179K(4141888K), 0.0052456 secs] [Times: user=0.04 sys=0.00, real=0.00 secs] 
308161.190: [GC (Allocation Failure) 308161.190: [ParNew: 428658K->10240K(471872K), 0.0053823 secs] 3248635K->2830546K(4141888K), 0.0054813 secs] [Times: user=0.04 sys=0.00, real=0.01 secs] 
308161.642: [GC (Allocation Failure) 308161.642: [ParNew: 429696K->7309K(471872K), 0.0054959 secs] 3250002K->2827853K(4141888K), 0.0055851 secs] [Times: user=0.04 sys=0.00, real=0.01 secs] 
308163.937: [GC (Allocation Failure) 308163.937: [ParNew: 426765K->10141K(471872K), 0.0049159 secs] 3247309K->2830831K(4141888K), 0.0050001 secs] [Times: user=0.04 sys=0.00, real=0.00 secs] 
308164.603: [GC (Allocation Failure) 308164.603: [ParNew: 429597K->8012K(471872K), 0.0051508 secs] 3250287K->2829151K(4141888K), 0.0052421 secs] [Times: user=0.03 sys=0.00, real=0.01 secs] 
308166.531: [GC (Allocation Failure) 308166.531: [ParNew: 427138K->10983K(471872K), 0.0050913 secs] 3248277K->2832226K(4141888K), 0.0051944 secs] [Times: user=0.04 sys=0.00, real=0.01 secs] 
308167.537: [GC (Allocation Failure) 308167.537: [ParNew: 430439K->8731K(471872K), 0.0050303 secs] 3251682K->2830333K(4141888K), 0.0051230 secs] [Times: user=0.03 sys=0.00, real=0.00 secs] 
308170.232: [GC (Allocation Failure) 308170.232: [ParNew: 428187K->9531K(471872K), 0.0051167 secs] 3249789K->2831258K(4141888K), 0.0052001 secs] [Times: user=0.04 sys=0.00, real=0.01 secs] 
308170.854: [GC (Allocation Failure) 308170.854: [ParNew: 428745K->4670K(471872K), 0.0049052 secs] 3250471K->2827098K(4141888K), 0.0049794 secs] [Times: user=0.04 sys=0.00, real=0.00 secs] 
308174.428: [GC (Allocation Failure) 308174.428: [ParNew: 424126K->11864K(471872K), 0.0075289 secs] 3246554K->2834525K(4141888K), 0.0076420 secs] [Times: user=0.05 sys=0.00, real=0.01 secs] 
308174.887: [GC (Allocation Failure) 308174.887: [ParNew: 431320K->9516K(471872K), 0.0057604 secs] 3253981K->2832805K(4141888K), 0.0058485 secs] [Times: user=0.04 sys=0.00, real=0.00 secs] 
308175.309: [GC (Allocation Failure) 308175.309: [ParNew: 428972K->8059K(471872K), 0.0054937 secs] 3252261K->2831526K(4141888K), 0.0056006 secs] [Times: user=0.04 sys=0.00, real=0.01 secs] 
308176.360: [GC (Allocation Failure) 308176.360: [ParNew: 427515K->11524K(471872K), 0.0054651 secs] 3250982K->2835109K(4141888K), 0.0055560 secs] [Times: user=0.04 sys=0.00, real=0.01 secs] 
308177.021: [GC (Allocation Failure) 308177.021: [ParNew: 430980K->10255K(471872K), 0.0051310 secs] 3254565K->2834027K(4141888K), 0.0052146 secs] [Times: user=0.04 sys=0.00, real=0.01 secs] 
308180.733: [GC (Allocation Failure) 308180.733: [ParNew: 429105K->6383K(471872K), 0.0062532 secs] 3252876K->2830311K(4141888K), 0.0063373 secs] [Times: user=0.04 sys=0.01, real=0.01 secs] 
308181.180: [GC (Allocation Failure) 308181.180: [ParNew: 425839K->7366K(471872K), 0.0048125 secs] 3249767K->2831843K(4141888K), 0.0048881 secs] [Times: user=0.04 sys=0.00, real=0.01 secs] 
308181.892: [GC (Allocation Failure) 308181.892: [ParNew: 426822K->9451K(471872K), 0.0055747 secs] 3251299K->2834139K(4141888K), 0.0056707 secs] [Times: user=0.05 sys=0.00, real=0.01 secs] 
308182.813: [GC (Allocation Failure) 308182.813: [ParNew: 428907K->9218K(471872K), 0.0048997 secs] 3253595K->2834041K(4141888K), 0.0049746 secs] [Times: user=0.04 sys=0.00, real=0.01 secs] 
308187.852: [GC (Allocation Failure) 308187.852: [ParNew: 427990K->9897K(471872K), 0.0054245 secs] 3252812K->2834866K(4141888K), 0.0055455 secs] [Times: user=0.05 sys=0.00, real=0.01 secs] 
308188.821: [GC (Allocation Failure) 308188.821: [ParNew: 429353K->7594K(471872K), 0.0058008 secs] 3254322K->2833388K(4141888K), 0.0058968 secs] [Times: user=0.04 sys=0.00, real=0.01 secs] 
308189.259: [GC (Allocation Failure) 308189.260: [ParNew: 427050K->8652K(471872K), 0.0048959 secs] 3252844K->2834727K(4141888K), 0.0049718 secs] [Times: user=0.03 sys=0.00, real=0.01 secs] 
308189.709: [GC (Allocation Failure) 308189.709: [ParNew: 428108K->9812K(471872K), 0.0050784 secs] 3254183K->2835983K(4141888K), 0.0051699 secs] [Times: user=0.03 sys=0.00, real=0.01 secs] 
308190.172: [GC (Allocation Failure) 308190.172: [ParNew: 429268K->4684K(471872K), 0.0057459 secs] 3255439K->2830988K(4141888K), 0.0058213 secs] [Times: user=0.03 sys=0.00, real=0.01 secs] 
308191.687: [GC (Allocation Failure) 308191.687: [ParNew: 424140K->1497K(471872K), 0.0051667 secs] 3250444K->2827936K(4141888K), 0.0052427 secs] [Times: user=0.04 sys=0.00, real=0.00 secs] 
308193.739: [GC (Allocation Failure) 308193.739: [ParNew: 420953K->1470K(471872K), 0.0070276 secs] 3247392K->2828150K(4141888K), 0.0071077 secs] [Times: user=0.05 sys=0.00, real=0.01 secs] 
308197.083: [GC (Allocation Failure) 308197.083: [ParNew: 420926K->8979K(471872K), 0.0054819 secs] 3247606K->2835917K(4141888K), 0.0055707 secs] [Times: user=0.04 sys=0.00, real=0.01 secs] 
308198.064: [GC (Allocation Failure) 308198.064: [ParNew: 427565K->12979K(471872K), 0.0053188 secs] 3254503K->2840606K(4141888K), 0.0054060 secs] [Times: user=0.04 sys=0.01, real=0.00 secs] 
308200.238: [GC (Allocation Failure) 308200.238: [ParNew: 432435K->10601K(471872K), 0.0051203 secs] 3260062K->2838382K(4141888K), 0.0052070 secs] [Times: user=0.03 sys=0.00, real=0.00 secs] 
308211.486: [GC (Allocation Failure) 308211.486: [ParNew: 429818K->12734K(471872K), 0.0063870 secs] 3257599K->2840746K(4141888K), 0.0064805 secs] [Times: user=0.05 sys=0.00, real=0.00 secs] 
308213.423: [GC (Allocation Failure) 308213.423: [ParNew: 432190K->18108K(471872K), 0.0066720 secs] 3260202K->2847672K(4141888K), 0.0067688 secs] [Times: user=0.05 sys=0.01, real=0.01 secs] 
308233.075: [GC (Allocation Failure) 308233.075: [ParNew: 437564K->8681K(471872K), 0.0059896 secs] 3267128K->2839348K(4141888K), 0.0060803 secs] [Times: user=0.05 sys=0.00, real=0.00 secs] 
308242.825: [GC (Allocation Failure) 308242.825: [ParNew: 428137K->2912K(471872K), 0.0084758 secs] 3258804K->2839073K(4141888K), 0.0085735 secs] [Times: user=0.05 sys=0.01, real=0.00 secs] 
308249.144: [GC (Allocation Failure) 308249.144: [ParNew: 422368K->2622K(471872K), 0.0061116 secs] 3258529K->2840058K(4141888K), 0.0062152 secs] [Times: user=0.04 sys=0.00, real=0.00 secs] 
308254.303: [GC (Allocation Failure) 308254.303: [ParNew: 422078K->2763K(471872K), 0.0055919 secs] 3259514K->2841208K(4141888K), 0.0056712 secs] [Times: user=0.04 sys=0.00, real=0.01 secs] 
308264.371: [GC (Allocation Failure) 308264.371: [ParNew: 422219K->3837K(471872K), 0.0054605 secs] 3260664K->2842860K(4141888K), 0.0055409 secs] [Times: user=0.04 sys=0.00, real=0.01 secs] 
308274.478: [GC (Allocation Failure) 308274.478: [ParNew: 422869K->10761K(471872K), 0.0107048 secs] 3261892K->2851407K(4141888K), 0.0107998 secs] [Times: user=0.05 sys=0.00, real=0.01 secs] 
308292.147: [GC (Allocation Failure) 308292.147: [ParNew: 430217K->7503K(471872K), 0.0078329 secs] 3270863K->2849741K(4141888K), 0.0079228 secs] [Times: user=0.04 sys=0.00, real=0.01 secs] 
308317.984: [GC (Allocation Failure) 308317.984: [ParNew: 426939K->4632K(471872K), 0.0076761 secs] 3269177K->2851410K(4141888K), 0.0077685 secs] [Times: user=0.05 sys=0.00, real=0.00 secs] 
308327.465: [GC (Allocation Failure) 308327.465: [ParNew: 423559K->5836K(471872K), 0.0092327 secs] 3270336K->2855810K(4141888K), 0.0093387 secs] [Times: user=0.05 sys=0.00, real=0.01 secs] 
308328.686: [GC (Allocation Failure) 308328.686: [ParNew: 425292K->9019K(471872K), 0.0065618 secs] 3275266K->2860624K(4141888K), 0.0066525 secs] [Times: user=0.04 sys=0.00, real=0.00 secs] 
308330.361: [GC (Allocation Failure) 308330.361: [ParNew: 428475K->8062K(471872K), 0.0052263 secs] 3280080K->2860102K(4141888K), 0.0053111 secs] [Times: user=0.04 sys=0.00, real=0.01 secs] 
308331.453: [GC (Allocation Failure) 308331.453: [ParNew: 427518K->12807K(471872K), 0.0084382 secs] 3279558K->2865219K(4141888K), 0.0085361 secs] [Times: user=0.06 sys=0.01, real=0.01 secs] 
308332.430: [GC (Allocation Failure) 308332.430: [ParNew: 432263K->19373K(471872K), 0.0095918 secs] 3284675K->2871966K(4141888K), 0.0096917 secs] [Times: user=0.05 sys=0.00, real=0.01 secs] 
308333.385: [GC (Allocation Failure) 308333.385: [ParNew: 438829K->12047K(471872K), 0.0092800 secs] 3291422K->2864795K(4141888K), 0.0093720 secs] [Times: user=0.05 sys=0.00, real=0.01 secs] 
308335.645: [GC (Allocation Failure) 308335.645: [ParNew: 431503K->11673K(471872K), 0.0061007 secs] 3284251K->2865858K(4141888K), 0.0061970 secs] [Times: user=0.04 sys=0.00, real=0.00 secs] 
308338.058: [GC (Allocation Failure) 308338.058: [ParNew: 429831K->10973K(471872K), 0.0056076 secs] 3284016K->2868076K(4141888K), 0.0056999 secs] [Times: user=0.04 sys=0.00, real=0.01 secs] 
308341.485: [GC (Allocation Failure) 308341.485: [ParNew: 430429K->7021K(471872K), 0.0056196 secs] 3287532K->2864402K(4141888K), 0.0057135 secs] [Times: user=0.04 sys=0.00, real=0.00 secs] 
308344.512: [GC (Allocation Failure) 308344.512: [ParNew: 426477K->5312K(471872K), 0.0052606 secs] 3283858K->2863136K(4141888K), 0.0053520 secs] [Times: user=0.03 sys=0.00, real=0.01 secs] 
308345.694: [GC (Allocation Failure) 308345.694: [ParNew: 424768K->5521K(471872K), 0.0056398 secs] 3282592K->2864141K(4141888K), 0.0057300 secs] [Times: user=0.04 sys=0.00, real=0.00 secs] 
308349.295: [GC (Allocation Failure) 308349.295: [ParNew: 424977K->10149K(471872K), 0.0056121 secs] 3283597K->2868936K(4141888K), 0.0057044 secs] [Times: user=0.04 sys=0.00, real=0.00 secs] 
308351.060: [GC (Allocation Failure) 308351.060: [ParNew: 429605K->12019K(471872K), 0.0064410 secs] 3288392K->2871495K(4141888K), 0.0065334 secs] [Times: user=0.05 sys=0.00, real=0.01 secs] 
308353.708: [GC (Allocation Failure) 308353.708: [ParNew: 431475K->9057K(471872K), 0.0083495 secs] 3290951K->2868806K(4141888K), 0.0084487 secs] [Times: user=0.04 sys=0.00, real=0.01 secs] 
308356.624: [GC (Allocation Failure) 308356.624: [ParNew: 428513K->6310K(471872K), 0.0064605 secs] 3288262K->2866903K(4141888K), 0.0065399 secs] [Times: user=0.03 sys=0.00, real=0.00 secs] 
308359.668: [GC (Allocation Failure) 308359.668: [ParNew: 425766K->3133K(471872K), 0.0062225 secs] 3286359K->2864176K(4141888K), 0.0063042 secs] [Times: user=0.04 sys=0.00, real=0.01 secs] 
308362.490: [GC (Allocation Failure) 308362.490: [ParNew: 422589K->3908K(471872K), 0.0092179 secs] 3283632K->2865575K(4141888K), 0.0093186 secs] [Times: user=0.04 sys=0.00, real=0.01 secs] 
308363.750: [GC (Allocation Failure) 308363.751: [ParNew: 423364K->7043K(471872K), 0.0067809 secs] 3285031K->2869074K(4141888K), 0.0068761 secs] [Times: user=0.04 sys=0.00, real=0.01 secs] 
308365.166: [GC (Allocation Failure) 308365.166: [ParNew: 426499K->4948K(471872K), 0.0059726 secs] 3288530K->2867249K(4141888K), 0.0060484 secs] [Times: user=0.03 sys=0.00, real=0.00 secs] 
308367.538: [GC (Allocation Failure) 308367.538: [ParNew: 424404K->10968K(471872K), 0.0054909 secs] 3286705K->2873565K(4141888K), 0.0055775 secs] [Times: user=0.04 sys=0.00, real=0.00 secs] 
308368.613: [GC (Allocation Failure) 308368.613: [ParNew: 430424K->9429K(471872K), 0.0052561 secs] 3293021K->2872535K(4141888K), 0.0053565 secs] [Times: user=0.04 sys=0.00, real=0.01 secs] 
308370.222: [GC (Allocation Failure) 308370.222: [ParNew: 428400K->8172K(471872K), 0.0049110 secs] 3291505K->2871439K(4141888K), 0.0049948 secs] [Times: user=0.04 sys=0.00, real=0.01 secs] 
308370.764: [GC (Allocation Failure) 308370.764: [ParNew: 427242K->7244K(471872K), 0.0056065 secs] 3290509K->2874299K(4141888K), 0.0056958 secs] [Times: user=0.03 sys=0.00, real=0.00 secs] 
308371.145: [GC (Allocation Failure) 308371.145: [ParNew: 426645K->6402K(471872K), 0.0067658 secs] 3293701K->2877682K(4141888K), 0.0068537 secs] [Times: user=0.05 sys=0.00, real=0.00 secs] 
308371.535: [GC (Allocation Failure) 308371.535: [ParNew: 425858K->6888K(471872K), 0.0046196 secs] 3297138K->2878319K(4141888K), 0.0047097 secs] [Times: user=0.04 sys=0.00, real=0.00 secs] 
308372.588: [GC (Allocation Failure) 308372.588: [ParNew: 426344K->10216K(471872K), 0.0059705 secs] 3297775K->2884138K(4141888K), 0.0060824 secs] [Times: user=0.04 sys=0.00, real=0.01 secs] 
308373.168: [GC (Allocation Failure) 308373.168: [ParNew: 429672K->4912K(471872K), 0.0048931 secs] 3303594K->2879026K(4141888K), 0.0049671 secs] [Times: user=0.04 sys=0.00, real=0.00 secs] 
308376.188: [GC (Allocation Failure) 308376.188: [ParNew: 423945K->6908K(471872K), 0.0049345 secs] 3298059K->2881120K(4141888K), 0.0050165 secs] [Times: user=0.03 sys=0.00, real=0.00 secs] 
308379.246: [GC (Allocation Failure) 308379.246: [ParNew: 426364K->4883K(471872K), 0.0057921 secs] 3300576K->2880599K(4141888K), 0.0058748 secs] [Times: user=0.04 sys=0.00, real=0.00 secs] 
308382.580: [GC (Allocation Failure) 308382.580: [ParNew: 424339K->2836K(471872K), 0.0047640 secs] 3300055K->2879225K(4141888K), 0.0048401 secs] [Times: user=0.04 sys=0.00, real=0.01 secs] 
308386.189: [GC (Allocation Failure) 308386.189: [ParNew: 422292K->1570K(471872K), 0.0048647 secs] 3298681K->2878536K(4141888K), 0.0049465 secs] [Times: user=0.04 sys=0.00, real=0.01 secs] 
308390.146: [GC (Allocation Failure) 308390.146: [ParNew: 421026K->5320K(471872K), 0.0052573 secs] 3297992K->2882804K(4141888K), 0.0053466 secs] [Times: user=0.04 sys=0.00, real=0.00 secs] 
308394.428: [GC (Allocation Failure) 308394.428: [ParNew: 424776K->3369K(471872K), 0.0064778 secs] 3302260K->2881415K(4141888K), 0.0065587 secs] [Times: user=0.05 sys=0.00, real=0.01 secs] 
308397.293: [GC (Allocation Failure) 308397.293: [ParNew: 422825K->6307K(471872K), 0.0087603 secs] 3300871K->2885141K(4141888K), 0.0088626 secs] [Times: user=0.05 sys=0.00, real=0.01 secs] 
308399.103: [GC (Allocation Failure) 308399.103: [ParNew: 425763K->5349K(471872K), 0.0072784 secs] 3304597K->2887088K(4141888K), 0.0073672 secs] [Times: user=0.05 sys=0.00, real=0.01 secs] 
308400.790: [GC (Allocation Failure) 308400.790: [ParNew: 424805K->6364K(471872K), 0.0050277 secs] 3306544K->2888582K(4141888K), 0.0051093 secs] [Times: user=0.04 sys=0.00, real=0.01 secs] 
308403.224: [GC (Allocation Failure) 308403.224: [ParNew: 425820K->6167K(471872K), 0.0062721 secs] 3308038K->2889049K(4141888K), 0.0063650 secs] [Times: user=0.04 sys=0.00, real=0.00 secs] 
308405.528: [GC (Allocation Failure) 308405.528: [ParNew: 425253K->5629K(471872K), 0.0055706 secs] 3308134K->2888995K(4141888K), 0.0056587 secs] [Times: user=0.04 sys=0.00, real=0.01 secs] 
308407.149: [GC (Allocation Failure) 308407.149: [ParNew: 425085K->4968K(471872K), 0.0051374 secs] 3308451K->2888951K(4141888K), 0.0052210 secs] [Times: user=0.03 sys=0.00, real=0.01 secs] 
308409.226: [GC (Allocation Failure) 308409.226: [ParNew: 423876K->16574K(471872K), 0.0056528 secs] 3307859K->2900978K(4141888K), 0.0057612 secs] [Times: user=0.04 sys=0.00, real=0.00 secs] 
308411.367: [GC (Allocation Failure) 308411.367: [ParNew: 436030K->3832K(471872K), 0.0048059 secs] 3320434K->2889028K(4141888K), 0.0048794 secs] [Times: user=0.04 sys=0.00, real=0.00 secs] 
308413.101: [GC (Allocation Failure) 308413.101: [ParNew: 423288K->2445K(471872K), 0.0047047 secs] 3308484K->2888113K(4141888K), 0.0047810 secs] [Times: user=0.04 sys=0.00, real=0.01 secs] 
308413.560: [GC (Allocation Failure) 308413.560: [ParNew: 421901K->18266K(471872K), 0.0064801 secs] 3307569K->2904457K(4141888K), 0.0065738 secs] [Times: user=0.04 sys=0.01, real=0.01 secs] 
308415.381: [GC (Allocation Failure) 308415.381: [ParNew: 437722K->6399K(471872K), 0.0050031 secs] 3323913K->2892681K(4141888K), 0.0051005 secs] [Times: user=0.04 sys=0.00, real=0.01 secs] 
308417.212: [GC (Allocation Failure) 308417.212: [ParNew: 425145K->6637K(471872K), 0.0052154 secs] 3311427K->2893303K(4141888K), 0.0053161 secs] [Times: user=0.04 sys=0.00, real=0.01 secs] 
308417.608: [GC (Allocation Failure) 308417.608: [ParNew: 426093K->14483K(471872K), 0.0061435 secs] 3312759K->2901612K(4141888K), 0.0062399 secs] [Times: user=0.05 sys=0.00, real=0.01 secs] 
308419.339: [GC (Allocation Failure) 308419.339: [ParNew: 433206K->14684K(471872K), 0.0056772 secs] 3320335K->2901904K(4141888K), 0.0057773 secs] [Times: user=0.04 sys=0.00, real=0.01 secs] 
308421.016: [GC (Allocation Failure) 308421.016: [ParNew: 434140K->4625K(471872K), 0.0049116 secs] 3321360K->2892200K(4141888K), 0.0049914 secs] [Times: user=0.04 sys=0.00, real=0.00 secs] 
308422.376: [GC (Allocation Failure) 308422.376: [ParNew: 424081K->12587K(471872K), 0.0069317 secs] 3311656K->2900700K(4141888K), 0.0070452 secs] [Times: user=0.05 sys=0.00, real=0.00 secs] 
308423.554: [GC (Allocation Failure) 308423.554: [ParNew: 432043K->5589K(471872K), 0.0051601 secs] 3320156K->2894160K(4141888K), 0.0052395 secs] [Times: user=0.04 sys=0.00, real=0.01 secs] 
308427.984: [GC (Allocation Failure) 308427.984: [ParNew: 425045K->3531K(471872K), 0.0055627 secs] 3313616K->2893588K(4141888K), 0.0056565 secs] [Times: user=0.05 sys=0.00, real=0.00 secs] 
308433.570: [GC (Allocation Failure) 308433.570: [ParNew: 422987K->3199K(471872K), 0.0065306 secs] 3313044K->2894279K(4141888K), 0.0066266 secs] [Times: user=0.05 sys=0.00, real=0.01 secs] 
308437.589: [GC (Allocation Failure) 308437.589: [ParNew: 422655K->4114K(471872K), 0.0061885 secs] 3313735K->2896330K(4141888K), 0.0062762 secs] [Times: user=0.04 sys=0.01, real=0.01 secs] 
308441.066: [GC (Allocation Failure) 308441.066: [ParNew: 423570K->2860K(471872K), 0.0058959 secs] 3315786K->2895847K(4141888K), 0.0059728 secs] [Times: user=0.05 sys=0.00, real=0.00 secs] 
308446.938: [GC (Allocation Failure) 308446.938: [ParNew: 422316K->4939K(471872K), 0.0083427 secs] 3315303K->2898605K(4141888K), 0.0084231 secs] [Times: user=0.04 sys=0.01, real=0.01 secs] 
308451.494: [GC (Allocation Failure) 308451.494: [ParNew: 424289K->5561K(471872K), 0.0100655 secs] 3317955K->2900869K(4141888K), 0.0101477 secs] [Times: user=0.07 sys=0.00, real=0.01 secs] 
308457.422: [GC (Allocation Failure) 308457.422: [ParNew: 425017K->2697K(471872K), 0.0061141 secs] 3320325K->2899392K(4141888K), 0.0061957 secs] [Times: user=0.04 sys=0.00, real=0.01 secs] 
308460.530: [GC (Allocation Failure) 308460.530: [ParNew: 422153K->10770K(471872K), 0.0083563 secs] 3318848K->2909290K(4141888K), 0.0084652 secs] [Times: user=0.04 sys=0.00, real=0.01 secs] 
308465.419: [GC (Allocation Failure) 308465.419: [ParNew: 430226K->4472K(471872K), 0.0057578 secs] 3328746K->2905826K(4141888K), 0.0058442 secs] [Times: user=0.04 sys=0.00, real=0.01 secs] 
308468.651: [GC (Allocation Failure) 308468.651: [ParNew: 423928K->3768K(471872K), 0.0053534 secs] 3325282K->2905868K(4141888K), 0.0054326 secs] [Times: user=0.04 sys=0.00, real=0.01 secs] 
308469.657: [GC (Allocation Failure) 308469.657: [ParNew: 423224K->9947K(471872K), 0.0073626 secs] 3325324K->2912645K(4141888K), 0.0074559 secs] [Times: user=0.05 sys=0.00, real=0.01 secs] 
308472.455: [GC (Allocation Failure) 308472.455: [ParNew: 429403K->5778K(471872K), 0.0051254 secs] 3332101K->2908712K(4141888K), 0.0052029 secs] [Times: user=0.04 sys=0.00, real=0.00 secs] 
308474.556: [GC (Allocation Failure) 308474.557: [ParNew: 425234K->14529K(471872K), 0.0062762 secs] 3328168K->2917881K(4141888K), 0.0063756 secs] [Times: user=0.05 sys=0.00, real=0.00 secs] 
308476.464: [GC (Allocation Failure) 308476.464: [ParNew: 433985K->12981K(471872K), 0.0048500 secs] 3337337K->2916939K(4141888K), 0.0049351 secs] [Times: user=0.04 sys=0.01, real=0.01 secs] 
308478.585: [GC (Allocation Failure) 308478.585: [ParNew: 432437K->9646K(471872K), 0.0052886 secs] 3336395K->2913841K(4141888K), 0.0053843 secs] [Times: user=0.04 sys=0.00, real=0.00 secs] 
308482.510: [GC (Allocation Failure) 308482.511: [ParNew: 429102K->12554K(471872K), 0.0059410 secs] 3333297K->2917019K(4141888K), 0.0060386 secs] [Times: user=0.04 sys=0.00, real=0.01 secs] 
308485.576: [GC (Allocation Failure) 308485.576: [ParNew: 432010K->11724K(471872K), 0.0059765 secs] 3336475K->2916794K(4141888K), 0.0060728 secs] [Times: user=0.04 sys=0.00, real=0.00 secs] 
308487.681: [GC (Allocation Failure) 308487.681: [ParNew: 431180K->10001K(471872K), 0.0056709 secs] 3336250K->2915794K(4141888K), 0.0057665 secs] [Times: user=0.04 sys=0.01, real=0.01 secs] 
308490.506: [GC (Allocation Failure) 308490.506: [ParNew: 429457K->13330K(471872K), 0.0057761 secs] 3335250K->2919350K(4141888K), 0.0058698 secs] [Times: user=0.05 sys=0.00, real=0.00 secs] 
308491.733: [GC (Allocation Failure) 308491.733: [ParNew: 432786K->5261K(471872K), 0.0067136 secs] 3338806K->2912262K(4141888K), 0.0067932 secs] [Times: user=0.04 sys=0.00, real=0.01 secs] 
308494.609: [GC (Allocation Failure) 308494.609: [ParNew: 424717K->9765K(471872K), 0.0075048 secs] 3331718K->2917252K(4141888K), 0.0075968 secs] [Times: user=0.04 sys=0.00, real=0.01 secs] 
308495.962: [GC (Allocation Failure) 308495.962: [ParNew: 429221K->14855K(471872K), 0.0066998 secs] 3336708K->2923411K(4141888K), 0.0068477 secs] [Times: user=0.05 sys=0.00, real=0.01 secs] 
308498.477: [GC (Allocation Failure) 308498.477: [ParNew: 434311K->13036K(471872K), 0.0060569 secs] 3342867K->2921773K(4141888K), 0.0061457 secs] [Times: user=0.05 sys=0.00, real=0.00 secs] 
308499.782: [GC (Allocation Failure) 308499.782: [ParNew: 432492K->10447K(471872K), 0.0061329 secs] 3341229K->2919781K(4141888K), 0.0062186 secs] [Times: user=0.05 sys=0.00, real=0.01 secs] 
308509.843: [GC (Allocation Failure) 308509.843: [ParNew: 429903K->6434K(471872K), 0.0051212 secs] 3339237K->2915943K(4141888K), 0.0051990 secs] [Times: user=0.04 sys=0.00, real=0.01 secs] 
308525.148: [GC (Allocation Failure) 308525.148: [ParNew: 425890K->6516K(471872K), 0.0093040 secs] 3335399K->2919468K(4141888K), 0.0093895 secs] [Times: user=0.05 sys=0.00, real=0.01 secs] 
308530.820: [GC (Allocation Failure) 308530.820: [ParNew: 425972K->3966K(471872K), 0.0111575 secs] 3338924K->2921441K(4141888K), 0.0112446 secs] [Times: user=0.04 sys=0.00, real=0.01 secs] 
308535.229: [GC (Allocation Failure) 308535.229: [ParNew: 423422K->4669K(471872K), 0.0058936 secs] 3340897K->2923211K(4141888K), 0.0059823 secs] [Times: user=0.05 sys=0.00, real=0.01 secs] 
308538.418: [GC (Allocation Failure) 308538.418: [ParNew: 424125K->5236K(471872K), 0.0052839 secs] 3342667K->2924353K(4141888K), 0.0053722 secs] [Times: user=0.04 sys=0.00, real=0.00 secs] 
308553.074: [GC (Allocation Failure) 308553.074: [ParNew: 424692K->3828K(471872K), 0.0058750 secs] 3343809K->2923380K(4141888K), 0.0059696 secs] [Times: user=0.04 sys=0.00, real=0.00 secs] 
308568.651: [GC (Allocation Failure) 308568.651: [ParNew: 423284K->4558K(471872K), 0.0064222 secs] 3342836K->2926339K(4141888K), 0.0065139 secs] [Times: user=0.04 sys=0.01, real=0.01 secs] 
308573.132: [GC (Allocation Failure) 308573.132: [ParNew: 424014K->3673K(471872K), 0.0071198 secs] 3345795K->2927484K(4141888K), 0.0072081 secs] [Times: user=0.05 sys=0.00, real=0.01 secs] 
308579.961: [GC (Allocation Failure) 308579.961: [ParNew: 423129K->6080K(471872K), 0.0059115 secs] 3346940K->2930891K(4141888K), 0.0060150 secs] [Times: user=0.04 sys=0.00, real=0.01 secs] 
308583.163: [GC (Allocation Failure) 308583.163: [ParNew: 425536K->3107K(471872K), 0.0058165 secs] 3350347K->2931096K(4141888K), 0.0058988 secs] [Times: user=0.04 sys=0.00, real=0.01 secs] 
308587.141: [GC (Allocation Failure) 308587.141: [ParNew: 422563K->5119K(471872K), 0.0050404 secs] 3350552K->2933740K(4141888K), 0.0051259 secs] [Times: user=0.03 sys=0.00, real=0.01 secs] 
308589.362: [GC (Allocation Failure) 308589.362: [ParNew: 424425K->12217K(471872K), 0.0066177 secs] 3353046K->2941651K(4141888K), 0.0067121 secs] [Times: user=0.04 sys=0.00, real=0.01 secs] 
308590.218: [GC (Allocation Failure) 308590.218: [ParNew: 431673K->4501K(471872K), 0.0050382 secs] 3361107K->2934361K(4141888K), 0.0051203 secs] [Times: user=0.04 sys=0.00, real=0.00 secs] 
308592.079: [GC (Allocation Failure) 308592.079: [ParNew: 423957K->4920K(471872K), 0.0047947 secs] 3353817K->2934990K(4141888K), 0.0048816 secs] [Times: user=0.03 sys=0.00, real=0.00 secs] 
308595.248: [GC (Allocation Failure) 308595.248: [ParNew: 424376K->2748K(471872K), 0.0054386 secs] 3354446K->2934331K(4141888K), 0.0055343 secs] [Times: user=0.03 sys=0.00, real=0.00 secs] 
308597.775: [GC (Allocation Failure) 308597.775: [ParNew: 422204K->1668K(471872K), 0.0046104 secs] 3353787K->2933763K(4141888K), 0.0046787 secs] [Times: user=0.03 sys=0.00, real=0.00 secs] 
308600.278: [GC (Allocation Failure) 308600.278: [ParNew: 421124K->3107K(471872K), 0.0045951 secs] 3353219K->2935610K(4141888K), 0.0046716 secs] [Times: user=0.03 sys=0.00, real=0.00 secs] 
308608.265: [GC (Allocation Failure) 308608.265: [ParNew: 422563K->2438K(471872K), 0.0049345 secs] 3355066K->2935407K(4141888K), 0.0050236 secs] [Times: user=0.04 sys=0.00, real=0.00 secs] 
308613.178: [GC (Allocation Failure) 308613.178: [ParNew: 421894K->3127K(471872K), 0.0057532 secs] 3354863K->2937284K(4141888K), 0.0058382 secs] [Times: user=0.04 sys=0.00, real=0.01 secs] 
308615.470: [GC (Allocation Failure) 308615.470: [ParNew: 422583K->3905K(471872K), 0.0052725 secs] 3356740K->2938956K(4141888K), 0.0053517 secs] [Times: user=0.04 sys=0.00, real=0.01 secs] 
308618.818: [GC (Allocation Failure) 308618.818: [ParNew: 423361K->3258K(471872K), 0.0047015 secs] 3358412K->2938628K(4141888K), 0.0047817 secs] [Times: user=0.03 sys=0.01, real=0.00 secs] 
308623.182: [GC (Allocation Failure) 308623.182: [ParNew: 422714K->2752K(471872K), 0.0051114 secs] 3358084K->2938625K(4141888K), 0.0052092 secs] [Times: user=0.04 sys=0.00, real=0.01 secs] 
308626.333: [GC (Allocation Failure) 308626.333: [ParNew: 422208K->3641K(471872K), 0.0053097 secs] 3358081K->2940226K(4141888K), 0.0053870 secs] [Times: user=0.03 sys=0.01, real=0.01 secs] 
308629.874: [GC (Allocation Failure) 308629.874: [ParNew: 423097K->4970K(471872K), 0.0049526 secs] 3359682K->2941933K(4141888K), 0.0050292 secs] [Times: user=0.04 sys=0.00, real=0.01 secs] 
308635.387: [GC (Allocation Failure) 308635.387: [ParNew: 424426K->4347K(471872K), 0.0053355 secs] 3361389K->2941829K(4141888K), 0.0054171 secs] [Times: user=0.04 sys=0.00, real=0.00 secs] 
308640.210: [GC (Allocation Failure) 308640.210: [ParNew: 423803K->4473K(471872K), 0.0056443 secs] 3361285K->2942653K(4141888K), 0.0057497 secs] [Times: user=0.04 sys=0.00, real=0.01 secs] 
308641.757: [GC (Allocation Failure) 308641.757: [ParNew: 423929K->6661K(471872K), 0.0054197 secs] 3362109K->2945621K(4141888K), 0.0055073 secs] [Times: user=0.04 sys=0.00, real=0.00 secs] 
308650.527: [GC (Allocation Failure) 308650.527: [ParNew: 426117K->3460K(471872K), 0.0061526 secs] 3365077K->2945017K(4141888K), 0.0062659 secs] [Times: user=0.04 sys=0.01, real=0.00 secs] 
308665.643: [GC (Allocation Failure) 308665.643: [ParNew: 422916K->3288K(471872K), 0.0058231 secs] 3364473K->2946555K(4141888K), 0.0059110 secs] [Times: user=0.05 sys=0.00, real=0.01 secs] 
308672.368: [GC (Allocation Failure) 308672.368: [ParNew: 422744K->4070K(471872K), 0.0071208 secs] 3366011K->2949562K(4141888K), 0.0072084 secs] [Times: user=0.04 sys=0.00, real=0.01 secs] 
308675.459: [GC (Allocation Failure) 308675.459: [ParNew: 423526K->4172K(471872K), 0.0056074 secs] 3369018K->2951244K(4141888K), 0.0057166 secs] [Times: user=0.04 sys=0.01, real=0.01 secs] 
308677.137: [GC (Allocation Failure) 308677.137: [ParNew: 423628K->2735K(471872K), 0.0049843 secs] 3370700K->2950445K(4141888K), 0.0050620 secs] [Times: user=0.03 sys=0.00, real=0.00 secs] 
308682.424: [GC (Allocation Failure) 308682.424: [ParNew: 422191K->6347K(471872K), 0.0059238 secs] 3369901K->2954328K(4141888K), 0.0060138 secs] [Times: user=0.04 sys=0.00, real=0.00 secs] 
308684.475: [GC (Allocation Failure) 308684.475: [ParNew: 425803K->4144K(471872K), 0.0075304 secs] 3373784K->2953187K(4141888K), 0.0076103 secs] [Times: user=0.05 sys=0.00, real=0.00 secs] 
308686.608: [GC (Allocation Failure) 308686.608: [ParNew: 423424K->4995K(471872K), 0.0049880 secs] 3372467K->2954415K(4141888K), 0.0050735 secs] [Times: user=0.04 sys=0.00, real=0.00 secs] 
308688.512: [GC (Allocation Failure) 308688.512: [ParNew: 424451K->4219K(471872K), 0.0048753 secs] 3373871K->2954127K(4141888K), 0.0049562 secs] [Times: user=0.03 sys=0.00, real=0.01 secs] 
308691.537: [GC (Allocation Failure) 308691.537: [ParNew: 423675K->6049K(471872K), 0.0046676 secs] 3373583K->2956214K(4141888K), 0.0047479 secs] [Times: user=0.04 sys=0.00, real=0.00 secs] 
308693.164: [GC (Allocation Failure) 308693.164: [ParNew: 425505K->4855K(471872K), 0.0050457 secs] 3375670K->2955440K(4141888K), 0.0051294 secs] [Times: user=0.04 sys=0.00, real=0.00 secs] 
308694.594: [GC (Allocation Failure) 308694.594: [ParNew: 424311K->4711K(471872K), 0.0050262 secs] 3374896K->2955722K(4141888K), 0.0051097 secs] [Times: user=0.04 sys=0.00, real=0.00 secs] 
308695.758: [GC (Allocation Failure) 308695.758: [ParNew: 424167K->8654K(471872K), 0.0052589 secs] 3375178K->2959913K(4141888K), 0.0053465 secs] [Times: user=0.04 sys=0.00, real=0.00 secs] 
308698.636: [GC (Allocation Failure) 308698.636: [ParNew: 428110K->4495K(471872K), 0.0045784 secs] 3379369K->2955888K(4141888K), 0.0046782 secs] [Times: user=0.03 sys=0.00, real=0.00 secs] 
308700.557: [GC (Allocation Failure) 308700.557: [ParNew: 423911K->4726K(471872K), 0.0048876 secs] 3375304K->2956634K(4141888K), 0.0049717 secs] [Times: user=0.04 sys=0.00, real=0.00 secs] 
308701.687: [GC (Allocation Failure) 308701.687: [ParNew: 423818K->7525K(471872K), 0.0060977 secs] 3375726K->2959835K(4141888K), 0.0061909 secs] [Times: user=0.04 sys=0.00, real=0.00 secs] 
308704.398: [GC (Allocation Failure) 308704.398: [ParNew: 426899K->6120K(471872K), 0.0056910 secs] 3379208K->2960885K(4141888K), 0.0057778 secs] [Times: user=0.04 sys=0.00, real=0.01 secs] 
308705.512: [GC (Allocation Failure) 308705.512: [ParNew: 425576K->6350K(471872K), 0.0053234 secs] 3380341K->2961692K(4141888K), 0.0054120 secs] [Times: user=0.04 sys=0.00, real=0.01 secs] 
308706.693: [GC (Allocation Failure) 308706.693: [ParNew: 425806K->6458K(471872K), 0.0050535 secs] 3381148K->2961983K(4141888K), 0.0051418 secs] [Times: user=0.03 sys=0.00, real=0.01 secs] 
308708.582: [GC (Allocation Failure) 308708.582: [ParNew: 425598K->5582K(471872K), 0.0050031 secs] 3381124K->2961375K(4141888K), 0.0050889 secs] [Times: user=0.03 sys=0.00, real=0.01 secs] 
308709.666: [GC (Allocation Failure) 308709.666: [ParNew: 425038K->10313K(471872K), 0.0050638 secs] 3380831K->2966523K(4141888K), 0.0051607 secs] [Times: user=0.04 sys=0.01, real=0.00 secs] 
308710.772: [GC (Allocation Failure) 308710.772: [ParNew: 429769K->4943K(471872K), 0.0070762 secs] 3385979K->2961373K(4141888K), 0.0071568 secs] [Times: user=0.04 sys=0.00, real=0.01 secs] 
308712.531: [GC (Allocation Failure) 308712.531: [ParNew: 424399K->6560K(471872K), 0.0047409 secs] 3380829K->2963172K(4141888K), 0.0048357 secs] [Times: user=0.03 sys=0.00, real=0.01 secs] 
308713.548: [GC (Allocation Failure) 308713.548: [ParNew: 426016K->8050K(471872K), 0.0054645 secs] 3382628K->2964972K(4141888K), 0.0055570 secs] [Times: user=0.04 sys=0.00, real=0.01 secs] 
308715.559: [GC (Allocation Failure) 308715.559: [ParNew: 427506K->6944K(471872K), 0.0047641 secs] 3384428K->2964128K(4141888K), 0.0048449 secs] [Times: user=0.03 sys=0.00, real=0.01 secs] 
308716.817: [GC (Allocation Failure) 308716.817: [ParNew: 426400K->1650K(471872K), 0.0045817 secs] 3383584K->2959296K(4141888K), 0.0046568 secs] [Times: user=0.03 sys=0.00, real=0.00 secs] 
308718.402: [GC (Allocation Failure) 308718.402: [ParNew: 421106K->1383K(471872K), 0.0044003 secs] 3378752K->2959258K(4141888K), 0.0044684 secs] [Times: user=0.03 sys=0.00, real=0.01 secs] 
308720.407: [GC (Allocation Failure) 308720.407: [ParNew: 420839K->5759K(471872K), 0.0050615 secs] 3378714K->2963855K(4141888K), 0.0051639 secs] [Times: user=0.03 sys=0.00, real=0.00 secs] 
308723.088: [GC (Allocation Failure) 308723.088: [ParNew: 425215K->2383K(471872K), 0.0062301 secs] 3383311K->2960880K(4141888K), 0.0063136 secs] [Times: user=0.04 sys=0.00, real=0.01 secs] 
308730.670: [GC (Allocation Failure) 308730.670: [ParNew: 421839K->2822K(471872K), 0.0051535 secs] 3380336K->2962472K(4141888K), 0.0052475 secs] [Times: user=0.04 sys=0.00, real=0.01 secs] 
308743.071: [GC (Allocation Failure) 308743.071: [ParNew: 422278K->4163K(471872K), 0.0060863 secs] 3381928K->2965495K(4141888K), 0.0061863 secs] [Times: user=0.04 sys=0.00, real=0.01 secs] 
308761.903: [GC (Allocation Failure) 308761.903: [ParNew: 423420K->8236K(471872K), 0.0061799 secs] 3384752K->2972589K(4141888K), 0.0062767 secs] [Times: user=0.04 sys=0.01, real=0.01 secs] 
308762.454: [GC (Allocation Failure) 308762.454: [ParNew: 427692K->9655K(471872K), 0.0080317 secs] 3392045K->2980951K(4141888K), 0.0081312 secs] [Times: user=0.05 sys=0.01, real=0.00 secs] 
308762.846: [GC (Allocation Failure) 308762.846: [ParNew: 429111K->9858K(471872K), 0.0052792 secs] 3400407K->2981620K(4141888K), 0.0053568 secs] [Times: user=0.04 sys=0.00, real=0.00 secs] 
308763.279: [GC (Allocation Failure) 308763.279: [ParNew: 429314K->3267K(471872K), 0.0074723 secs] 3401076K->2980985K(4141888K), 0.0075586 secs] [Times: user=0.04 sys=0.00, real=0.01 secs] 
308763.287: [GC (GCLocker Initiated GC) 308763.287: [ParNew: 3784K->1833K(471872K), 0.0070137 secs] 2981502K->2981802K(4141888K), 0.0070619 secs] [Times: user=0.03 sys=0.00, real=0.01 secs] 
308765.660: [GC (Allocation Failure) 308765.660: [ParNew: 421289K->3400K(471872K), 0.0050934 secs] 3401258K->2983370K(4141888K), 0.0051675 secs] [Times: user=0.04 sys=0.00, real=0.01 secs] 
308774.495: [GC (Allocation Failure) 308774.495: [ParNew: 422841K->5441K(471872K), 0.0064012 secs] 3402811K->2988169K(4141888K), 0.0064914 secs] [Times: user=0.05 sys=0.00, real=0.00 secs] 
308779.496: [GC (Allocation Failure) 308779.496: [ParNew: 424897K->5215K(471872K), 0.0057092 secs] 3407625K->2989447K(4141888K), 0.0057892 secs] [Times: user=0.04 sys=0.00, real=0.00 secs] 
308783.835: [GC (Allocation Failure) 308783.835: [ParNew: 424622K->5744K(471872K), 0.0063516 secs] 3408854K->2990670K(4141888K), 0.0064416 secs] [Times: user=0.05 sys=0.00, real=0.00 secs] 
308786.842: [GC (Allocation Failure) 308786.842: [ParNew: 424779K->3341K(471872K), 0.0048101 secs] 3409706K->2989056K(4141888K), 0.0048835 secs] [Times: user=0.04 sys=0.00, real=0.01 secs] 
308803.125: [GC (Allocation Failure) 308803.125: [ParNew: 422797K->3280K(471872K), 0.0062316 secs] 3408512K->2989940K(4141888K), 0.0063144 secs] [Times: user=0.05 sys=0.00, real=0.00 secs] 
308816.751: [GC (Allocation Failure) 308816.751: [ParNew: 422541K->4604K(471872K), 0.0105609 secs] 3409201K->2993414K(4141888K), 0.0106508 secs] [Times: user=0.06 sys=0.00, real=0.01 secs] 
308823.473: [GC (Allocation Failure) 308823.473: [ParNew: 424060K->29689K(471872K), 0.0072775 secs] 3412870K->3020393K(4141888K), 0.0073980 secs] [Times: user=0.06 sys=0.00, real=0.01 secs] 
308836.722: [GC (Allocation Failure) 308836.722: [ParNew: 449145K->7952K(471872K), 0.0075488 secs] 3439849K->2999692K(4141888K), 0.0076402 secs] [Times: user=0.05 sys=0.00, real=0.01 secs] 
308855.145: [GC (Allocation Failure) 308855.146: [ParNew: 427408K->4171K(471872K), 0.0085264 secs] 3419148K->3000247K(4141888K), 0.0086106 secs] [Times: user=0.05 sys=0.00, real=0.01 secs] 
308880.299: [GC (Allocation Failure) 308880.300: [ParNew: 423627K->4986K(471872K), 0.0070965 secs] 3419703K->3003518K(4141888K), 0.0071994 secs] [Times: user=0.05 sys=0.00, real=0.01 secs] 
308890.258: [GC (Allocation Failure) 308890.258: [ParNew: 424442K->8132K(471872K), 0.0070415 secs] 3422974K->3009830K(4141888K), 0.0071348 secs] [Times: user=0.05 sys=0.01, real=0.01 secs] 
308898.123: [GC (Allocation Failure) 308898.123: [ParNew: 427588K->8660K(471872K), 0.0061760 secs] 3429286K->3014259K(4141888K), 0.0062751 secs] [Times: user=0.04 sys=0.01, real=0.01 secs] 
308904.538: [GC (Allocation Failure) 308904.538: [ParNew: 428116K->4240K(471872K), 0.0057115 secs] 3433715K->3010711K(4141888K), 0.0057892 secs] [Times: user=0.04 sys=0.00, real=0.01 secs] 
308913.077: [GC (Allocation Failure) 308913.077: [ParNew: 423696K->2775K(471872K), 0.0054227 secs] 3430167K->3010112K(4141888K), 0.0055044 secs] [Times: user=0.04 sys=0.00, real=0.00 secs] 
308916.286: [GC (Allocation Failure) 308916.286: [ParNew: 422231K->9533K(471872K), 0.0058549 secs] 3429568K->3018135K(4141888K), 0.0059453 secs] [Times: user=0.04 sys=0.01, real=0.00 secs] 
308921.079: [GC (Allocation Failure) 308921.079: [ParNew: 428989K->1849K(471872K), 0.0047316 secs] 3437591K->3010968K(4141888K), 0.0048100 secs] [Times: user=0.03 sys=0.00, real=0.01 secs] 
308926.191: [GC (Allocation Failure) 308926.192: [ParNew: 420594K->1476K(471872K), 0.0053982 secs] 3429714K->3011190K(4141888K), 0.0054755 secs] [Times: user=0.04 sys=0.00, real=0.01 secs] 
308931.038: [GC (Allocation Failure) 308931.038: [ParNew: 420932K->1776K(471872K), 0.0051624 secs] 3430646K->3012180K(4141888K), 0.0052382 secs] [Times: user=0.04 sys=0.00, real=0.00 secs] 
308935.250: [GC (Allocation Failure) 308935.250: [ParNew: 421232K->4075K(471872K), 0.0054225 secs] 3431636K->3015152K(4141888K), 0.0055001 secs] [Times: user=0.03 sys=0.00, real=0.01 secs] 
308939.234: [GC (Allocation Failure) 308939.234: [ParNew: 423531K->2702K(471872K), 0.0050426 secs] 3434608K->3014397K(4141888K), 0.0051291 secs] [Times: user=0.04 sys=0.00, real=0.00 secs] 
308942.108: [GC (Allocation Failure) 308942.108: [ParNew: 422158K->4964K(471872K), 0.0056206 secs] 3433853K->3017400K(4141888K), 0.0057238 secs] [Times: user=0.04 sys=0.00, real=0.00 secs] 
308945.481: [GC (Allocation Failure) 308945.481: [ParNew: 424420K->7539K(471872K), 0.0052780 secs] 3436856K->3020476K(4141888K), 0.0053626 secs] [Times: user=0.03 sys=0.00, real=0.01 secs] 
308949.293: [GC (Allocation Failure) 308949.293: [ParNew: 426995K->3899K(471872K), 0.0055440 secs] 3439932K->3018039K(4141888K), 0.0056445 secs] [Times: user=0.04 sys=0.00, real=0.01 secs] 
308959.338: [GC (Allocation Failure) 308959.338: [ParNew: 423355K->2120K(471872K), 0.0059558 secs] 3437495K->3019104K(4141888K), 0.0060449 secs] [Times: user=0.04 sys=0.00, real=0.01 secs] 
308984.803: [GC (Allocation Failure) 308984.803: [ParNew: 421576K->4433K(471872K), 0.0061616 secs] 3438560K->3022686K(4141888K), 0.0062479 secs] [Times: user=0.05 sys=0.00, real=0.01 secs] 
309005.732: [GC (Allocation Failure) 309005.732: [ParNew: 423889K->6163K(471872K), 0.0076230 secs] 3442142K->3027427K(4141888K), 0.0077229 secs] [Times: user=0.05 sys=0.00, real=0.01 secs] 
309017.426: [GC (Allocation Failure) 309017.426: [ParNew: 425619K->6471K(471872K), 0.0183294 secs] 3446883K->3031654K(4141888K), 0.0184364 secs] [Times: user=0.07 sys=0.01, real=0.02 secs] 
309026.665: [GC (Allocation Failure) 309026.665: [ParNew: 425927K->2927K(471872K), 0.0063073 secs] 3451110K->3031963K(4141888K), 0.0063958 secs] [Times: user=0.05 sys=0.00, real=0.00 secs] 
309028.796: [GC (Allocation Failure) 309028.796: [ParNew: 422383K->5032K(471872K), 0.0058070 secs] 3451419K->3035951K(4141888K), 0.0058980 secs] [Times: user=0.04 sys=0.01, real=0.00 secs] 
309030.327: [GC (Allocation Failure) 309030.327: [ParNew: 424488K->11959K(471872K), 0.0052453 secs] 3455407K->3043507K(4141888K), 0.0053328 secs] [Times: user=0.04 sys=0.00, real=0.00 secs] 
309031.448: [GC (Allocation Failure) 309031.448: [ParNew: 431415K->14267K(471872K), 0.0060982 secs] 3462963K->3046218K(4141888K), 0.0062111 secs] [Times: user=0.05 sys=0.00, real=0.01 secs] 
309035.311: [GC (Allocation Failure) 309035.311: [ParNew: 433697K->20367K(471872K), 0.0058063 secs] 3465649K->3052454K(4141888K), 0.0059098 secs] [Times: user=0.04 sys=0.00, real=0.01 secs] 
309038.527: [GC (Allocation Failure) 309038.527: [ParNew: 438951K->16280K(471872K), 0.0059189 secs] 3471038K->3049360K(4141888K), 0.0060142 secs] [Times: user=0.04 sys=0.00, real=0.00 secs] 
309039.624: [GC (Allocation Failure) 309039.624: [ParNew: 435736K->15380K(471872K), 0.0063934 secs] 3468816K->3048934K(4141888K), 0.0064880 secs] [Times: user=0.05 sys=0.00, real=0.01 secs] 
309040.044: [GC (Allocation Failure) 309040.044: [ParNew: 434836K->15721K(471872K), 0.0048522 secs] 3468390K->3049503K(4141888K), 0.0049361 secs] [Times: user=0.04 sys=0.00, real=0.01 secs] 
309045.817: [GC (Allocation Failure) 309045.817: [ParNew: 435177K->3481K(471872K), 0.0051121 secs] 3468959K->3037343K(4141888K), 0.0051867 secs] [Times: user=0.04 sys=0.00, real=0.00 secs] 
309050.126: [GC (Allocation Failure) 309050.126: [ParNew: 422555K->4905K(471872K), 0.0067501 secs] 3456418K->3041067K(4141888K), 0.0068571 secs] [Times: user=0.04 sys=0.00, real=0.00 secs] 
309054.867: [GC (Allocation Failure) 309054.867: [ParNew: 424361K->2521K(471872K), 0.0059439 secs] 3460523K->3039583K(4141888K), 0.0060277 secs] [Times: user=0.04 sys=0.00, real=0.00 secs] 
309073.094: [GC (Allocation Failure) 309073.094: [ParNew: 421977K->7058K(471872K), 0.0075439 secs] 3459039K->3045280K(4141888K), 0.0076440 secs] [Times: user=0.05 sys=0.00, real=0.00 secs] 
309086.575: [GC (Allocation Failure) 309086.575: [ParNew: 426514K->13265K(471872K), 0.0097958 secs] 3464736K->3057202K(4141888K), 0.0099002 secs] [Times: user=0.07 sys=0.00, real=0.01 secs] 
309091.284: [GC (Allocation Failure) 309091.284: [ParNew: 432721K->18253K(471872K), 0.0078379 secs] 3476658K->3064855K(4141888K), 0.0079430 secs] [Times: user=0.05 sys=0.00, real=0.00 secs] 
309093.861: [GC (Allocation Failure) 309093.861: [ParNew: 437709K->13850K(471872K), 0.0071299 secs] 3484311K->3061237K(4141888K), 0.0072277 secs] [Times: user=0.06 sys=0.00, real=0.01 secs] 
309097.266: [GC (Allocation Failure) 309097.266: [ParNew: 432555K->16197K(471872K), 0.0056106 secs] 3479942K->3064122K(4141888K), 0.0057033 secs] [Times: user=0.05 sys=0.00, real=0.00 secs] 
309100.349: [GC (Allocation Failure) 309100.349: [ParNew: 434462K->19534K(471872K), 0.0058884 secs] 3482386K->3067931K(4141888K), 0.0059926 secs] [Times: user=0.04 sys=0.00, real=0.01 secs] 
309106.090: [GC (Allocation Failure) 309106.090: [ParNew: 438990K->16534K(471872K), 0.0058670 secs] 3487387K->3065330K(4141888K), 0.0059580 secs] [Times: user=0.04 sys=0.00, real=0.01 secs] 
309108.555: [GC (Allocation Failure) 309108.555: [ParNew: 435990K->6903K(471872K), 0.0055812 secs] 3484786K->3056653K(4141888K), 0.0056770 secs] [Times: user=0.04 sys=0.00, real=0.00 secs] 
309111.459: [GC (Allocation Failure) 309111.459: [ParNew: 426359K->14048K(471872K), 0.0059391 secs] 3476109K->3064099K(4141888K), 0.0060455 secs] [Times: user=0.04 sys=0.00, real=0.01 secs] 
309113.498: [GC (Allocation Failure) 309113.498: [ParNew: 433504K->4806K(471872K), 0.0050640 secs] 3483555K->3055692K(4141888K), 0.0051521 secs] [Times: user=0.04 sys=0.00, real=0.00 secs] 
309116.031: [GC (Allocation Failure) 309116.031: [ParNew: 424262K->2399K(471872K), 0.0051447 secs] 3475148K->3053718K(4141888K), 0.0052328 secs] [Times: user=0.04 sys=0.00, real=0.01 secs] 
309117.472: [GC (Allocation Failure) 309117.472: [ParNew: 421844K->2299K(471872K), 0.0059273 secs] 3473163K->3054010K(4141888K), 0.0060031 secs] [Times: user=0.04 sys=0.00, real=0.01 secs] 
309118.956: [GC (Allocation Failure) 309118.956: [ParNew: 421755K->15066K(471872K), 0.0060291 secs] 3473466K->3067231K(4141888K), 0.0061325 secs] [Times: user=0.04 sys=0.00, real=0.00 secs] 
309120.999: [GC (Allocation Failure) 309120.999: [ParNew: 434522K->16434K(471872K), 0.0055243 secs] 3486687K->3068959K(4141888K), 0.0056153 secs] [Times: user=0.04 sys=0.00, real=0.01 secs] 
309122.660: [GC (Allocation Failure) 309122.660: [ParNew: 435890K->17254K(471872K), 0.0068224 secs] 3488415K->3070479K(4141888K), 0.0069189 secs] [Times: user=0.05 sys=0.00, real=0.01 secs] 
309124.444: [GC (Allocation Failure) 309124.444: [ParNew: 436179K->15598K(471872K), 0.0057603 secs] 3489403K->3069345K(4141888K), 0.0058489 secs] [Times: user=0.05 sys=0.00, real=0.00 secs] 
309125.581: [GC (Allocation Failure) 309125.581: [ParNew: 434188K->13005K(471872K), 0.0057551 secs] 3487935K->3067076K(4141888K), 0.0058488 secs] [Times: user=0.03 sys=0.00, real=0.01 secs] 
309126.423: [GC (Allocation Failure) 309126.423: [ParNew: 432461K->13995K(471872K), 0.0050102 secs] 3486532K->3068407K(4141888K), 0.0050947 secs] [Times: user=0.03 sys=0.00, real=0.01 secs] 
309128.418: [GC (Allocation Failure) 309128.418: [ParNew: 431691K->16117K(471872K), 0.0056802 secs] 3486103K->3070629K(4141888K), 0.0057795 secs] [Times: user=0.04 sys=0.00, real=0.01 secs] 
309129.725: [GC (Allocation Failure) 309129.725: [ParNew: 435573K->10494K(471872K), 0.0063167 secs] 3490085K->3065380K(4141888K), 0.0064128 secs] [Times: user=0.04 sys=0.00, real=0.00 secs] 
309131.410: [GC (Allocation Failure) 309131.410: [ParNew: 429950K->12176K(471872K), 0.0078470 secs] 3484836K->3069566K(4141888K), 0.0079416 secs] [Times: user=0.05 sys=0.00, real=0.01 secs] 
309133.290: [GC (Allocation Failure) 309133.290: [ParNew: 431632K->13000K(471872K), 0.0070478 secs] 3489022K->3070748K(4141888K), 0.0071422 secs] [Times: user=0.05 sys=0.00, real=0.01 secs] 
309135.624: [GC (Allocation Failure) 309135.624: [ParNew: 432456K->7729K(471872K), 0.0046871 secs] 3490204K->3065845K(4141888K), 0.0047724 secs] [Times: user=0.04 sys=0.00, real=0.01 secs] 
309137.443: [GC (Allocation Failure) 309137.443: [ParNew: 427185K->11926K(471872K), 0.0050857 secs] 3485301K->3070423K(4141888K), 0.0051731 secs] [Times: user=0.03 sys=0.00, real=0.01 secs] 
309149.286: [GC (Allocation Failure) 309149.286: [ParNew: 431382K->4454K(471872K), 0.0051735 secs] 3489879K->3063298K(4141888K), 0.0052658 secs] [Times: user=0.04 sys=0.00, real=0.00 secs] 
309157.705: [GC (Allocation Failure) 309157.705: [ParNew: 423910K->15453K(471872K), 0.0076381 secs] 3482754K->3076086K(4141888K), 0.0077584 secs] [Times: user=0.05 sys=0.00, real=0.00 secs] 
309159.901: [GC (Allocation Failure) 309159.901: [ParNew: 434909K->14597K(471872K), 0.0069208 secs] 3495542K->3076439K(4141888K), 0.0070179 secs] [Times: user=0.04 sys=0.00, real=0.01 secs] 
309162.809: [GC (Allocation Failure) 309162.810: [ParNew: 433204K->22120K(471872K), 0.0059554 secs] 3495046K->3084206K(4141888K), 0.0060805 secs] [Times: user=0.04 sys=0.00, real=0.01 secs] 
309164.792: [GC (Allocation Failure) 309164.792: [ParNew: 441576K->15980K(471872K), 0.0068438 secs] 3503662K->3078778K(4141888K), 0.0069383 secs] [Times: user=0.04 sys=0.00, real=0.01 secs] 
309166.069: [GC (Allocation Failure) 309166.069: [ParNew: 435436K->15779K(471872K), 0.0063292 secs] 3498234K->3078931K(4141888K), 0.0064209 secs] [Times: user=0.04 sys=0.00, real=0.01 secs] 
309167.811: [GC (Allocation Failure) 309167.811: [ParNew: 435029K->16809K(471872K), 0.0056953 secs] 3498181K->3080295K(4141888K), 0.0058093 secs] [Times: user=0.05 sys=0.00, real=0.01 secs] 
309186.355: [GC (Allocation Failure) 309186.355: [ParNew: 436265K->5308K(471872K), 0.0057642 secs] 3499751K->3070380K(4141888K), 0.0058488 secs] [Times: user=0.05 sys=0.00, real=0.00 secs] 
309203.104: [GC (Allocation Failure) 309203.104: [ParNew: 424764K->7533K(471872K), 0.0076104 secs] 3489836K->3075419K(4141888K), 0.0077005 secs] [Times: user=0.04 sys=0.00, real=0.00 secs] 
309228.035: [GC (Allocation Failure) 309228.035: [ParNew: 426989K->5006K(471872K), 0.0083252 secs] 3494875K->3077993K(4141888K), 0.0084180 secs] [Times: user=0.06 sys=0.00, real=0.00 secs] 
309251.477: [GC (Allocation Failure) 309251.477: [ParNew: 424118K->19469K(471872K), 0.0250405 secs] 3497106K->3095496K(4141888K), 0.0251401 secs] [Times: user=0.09 sys=0.01, real=0.02 secs] 
309264.000: [GC (Allocation Failure) 309264.000: [ParNew: 438925K->8346K(471872K), 0.0129753 secs] 3514952K->3087470K(4141888K), 0.0130568 secs] [Times: user=0.05 sys=0.00, real=0.01 secs] 
309285.777: [GC (Allocation Failure) 309285.777: [ParNew: 427802K->4107K(471872K), 0.0079617 secs] 3506926K->3087525K(4141888K), 0.0080517 secs] [Times: user=0.05 sys=0.00, real=0.01 secs] 
309292.311: [GC (Allocation Failure) 309292.311: [ParNew: 423563K->3743K(471872K), 0.0068559 secs] 3506981K->3089778K(4141888K), 0.0069433 secs] [Times: user=0.05 sys=0.01, real=0.01 secs] 
309296.670: [GC (Allocation Failure) 309296.671: [ParNew: 423199K->3114K(471872K), 0.0068513 secs] 3509234K->3090429K(4141888K), 0.0069243 secs] [Times: user=0.04 sys=0.00, real=0.01 secs] 
309301.348: [GC (Allocation Failure) 309301.348: [ParNew: 422570K->2620K(471872K), 0.0062653 secs] 3509885K->3090627K(4141888K), 0.0063428 secs] [Times: user=0.04 sys=0.00, real=0.01 secs] 
309307.604: [GC (Allocation Failure) 309307.604: [ParNew: 422076K->2408K(471872K), 0.0053473 secs] 3510083K->3091492K(4141888K), 0.0054277 secs] [Times: user=0.04 sys=0.01, real=0.00 secs] 
309312.925: [GC (Allocation Failure) 309312.925: [ParNew: 421864K->4495K(471872K), 0.0053027 secs] 3510948K->3094500K(4141888K), 0.0053819 secs] [Times: user=0.04 sys=0.00, real=0.00 secs] 
309334.221: [GC (Allocation Failure) 309334.221: [ParNew: 423951K->4038K(471872K), 0.0068486 secs] 3513956K->3097206K(4141888K), 0.0069493 secs] [Times: user=0.05 sys=0.00, real=0.01 secs] 
309353.012: [GC (Allocation Failure) 309353.012: [ParNew: 423494K->4711K(471872K), 0.0079101 secs] 3516662K->3100611K(4141888K), 0.0079959 secs] [Times: user=0.04 sys=0.01, real=0.01 secs] 
309373.435: [GC (Allocation Failure) 309373.435: [ParNew: 424167K->10942K(471872K), 0.0076306 secs] 3520067K->3109377K(4141888K), 0.0077442 secs] [Times: user=0.06 sys=0.00, real=0.00 secs] 
309389.401: [GC (Allocation Failure) 309389.401: [ParNew: 430398K->9001K(471872K), 0.0120771 secs] 3528833K->3110372K(4141888K), 0.0122759 secs] [Times: user=0.08 sys=0.00, real=0.01 secs] 
309404.370: [GC (Allocation Failure) 309404.370: [ParNew: 428457K->4657K(471872K), 0.0068946 secs] 3529828K->3110443K(4141888K), 0.0069956 secs] [Times: user=0.05 sys=0.00, real=0.01 secs] 
309421.701: [GC (Allocation Failure) 309421.702: [ParNew: 424113K->4419K(471872K), 0.0078432 secs] 3529899K->3113158K(4141888K), 0.0079391 secs] [Times: user=0.06 sys=0.01, real=0.01 secs] 
309436.226: [GC (Allocation Failure) 309436.226: [ParNew: 423875K->6994K(471872K), 0.0071802 secs] 3532614K->3118182K(4141888K), 0.0072746 secs] [Times: user=0.05 sys=0.00, real=0.00 secs] 
309458.181: [GC (Allocation Failure) 309458.181: [ParNew: 426450K->5001K(471872K), 0.0083975 secs] 3537638K->3120626K(4141888K), 0.0084961 secs] [Times: user=0.06 sys=0.01, real=0.01 secs] 
309473.683: [GC (Allocation Failure) 309473.683: [ParNew: 424457K->5035K(471872K), 0.0073925 secs] 3540082K->3124029K(4141888K), 0.0074898 secs] [Times: user=0.05 sys=0.00, real=0.01 secs] 
309491.871: [GC (Allocation Failure) 309491.871: [ParNew: 424491K->4488K(471872K), 0.0070967 secs] 3543485K->3125728K(4141888K), 0.0071857 secs] [Times: user=0.05 sys=0.00, real=0.01 secs] 
309507.743: [GC (Allocation Failure) 309507.744: [ParNew: 423944K->6750K(471872K), 0.0130643 secs] 3545184K->3130539K(4141888K), 0.0131516 secs] [Times: user=0.05 sys=0.00, real=0.02 secs] 
309530.756: [GC (Allocation Failure) 309530.756: [ParNew: 426206K->4903K(471872K), 0.0083554 secs] 3549995K->3133006K(4141888K), 0.0084464 secs] [Times: user=0.06 sys=0.01, real=0.01 secs] 
309550.334: [GC (Allocation Failure) 309550.334: [ParNew: 424307K->6151K(471872K), 0.0076494 secs] 3552411K->3137263K(4141888K), 0.0077436 secs] [Times: user=0.05 sys=0.00, real=0.00 secs] 
309563.162: [GC (Allocation Failure) 309563.162: [ParNew: 425607K->7815K(471872K), 0.0084656 secs] 3556719K->3141723K(4141888K), 0.0085604 secs] [Times: user=0.05 sys=0.00, real=0.01 secs] 
309589.383: [GC (Allocation Failure) 309589.383: [ParNew: 427271K->9422K(471872K), 0.0099474 secs] 3561179K->3148357K(4141888K), 0.0100410 secs] [Times: user=0.06 sys=0.01, real=0.01 secs] 
309593.375: [GC (Allocation Failure) 309593.375: [ParNew: 428878K->20146K(471872K), 0.0101285 secs] 3567813K->3162709K(4141888K), 0.0102328 secs] [Times: user=0.06 sys=0.00, real=0.01 secs] 
309597.357: [GC (Allocation Failure) 309597.357: [ParNew: 438295K->24635K(471872K), 0.0063136 secs] 3580857K->3167879K(4141888K), 0.0064078 secs] [Times: user=0.04 sys=0.00, real=0.00 secs] 
309600.265: [GC (Allocation Failure) 309600.265: [ParNew: 444091K->15739K(471872K), 0.0054078 secs] 3587335K->3159606K(4141888K), 0.0054966 secs] [Times: user=0.04 sys=0.00, real=0.00 secs] 
309602.026: [GC (Allocation Failure) 309602.026: [ParNew: 435195K->2796K(471872K), 0.0048167 secs] 3579062K->3147168K(4141888K), 0.0048910 secs] [Times: user=0.04 sys=0.00, real=0.00 secs] 
309603.464: [GC (Allocation Failure) 309603.464: [ParNew: 421281K->16040K(471872K), 0.0058441 secs] 3565652K->3160791K(4141888K), 0.0059453 secs] [Times: user=0.04 sys=0.01, real=0.00 secs] 
309604.483: [GC (Allocation Failure) 309604.483: [ParNew: 434862K->16841K(471872K), 0.0062873 secs] 3579613K->3161849K(4141888K), 0.0063836 secs] [Times: user=0.04 sys=0.00, real=0.01 secs] 
309605.980: [GC (Allocation Failure) 309605.980: [ParNew: 436297K->15226K(471872K), 0.0053854 secs] 3581305K->3160454K(4141888K), 0.0054748 secs] [Times: user=0.04 sys=0.00, real=0.01 secs] 
309607.694: [GC (Allocation Failure) 309607.694: [ParNew: 434682K->6281K(471872K), 0.0047190 secs] 3579910K->3151857K(4141888K), 0.0047941 secs] [Times: user=0.03 sys=0.00, real=0.00 secs] 
309608.703: [GC (Allocation Failure) 309608.704: [ParNew: 425737K->4864K(471872K), 0.0047712 secs] 3571313K->3150745K(4141888K), 0.0048509 secs] [Times: user=0.04 sys=0.00, real=0.01 secs] 
309611.295: [GC (Allocation Failure) 309611.295: [ParNew: 424320K->13424K(471872K), 0.0065907 secs] 3570201K->3159584K(4141888K), 0.0066796 secs] [Times: user=0.05 sys=0.00, real=0.00 secs] 
309612.625: [GC (Allocation Failure) 309612.625: [ParNew: 432257K->14217K(471872K), 0.0057180 secs] 3578417K->3160910K(4141888K), 0.0058075 secs] [Times: user=0.04 sys=0.00, real=0.00 secs] 
309617.428: [GC (Allocation Failure) 309617.428: [ParNew: 433673K->21279K(471872K), 0.0057737 secs] 3580366K->3168254K(4141888K), 0.0058797 secs] [Times: user=0.04 sys=0.00, real=0.01 secs] 
309620.263: [GC (Allocation Failure) 309620.263: [ParNew: 440735K->13240K(471872K), 0.0053502 secs] 3587710K->3160891K(4141888K), 0.0054372 secs] [Times: user=0.04 sys=0.00, real=0.01 secs] 
309622.471: [GC (Allocation Failure) 309622.471: [ParNew: 432696K->10338K(471872K), 0.0067230 secs] 3580347K->3160849K(4141888K), 0.0068298 secs] [Times: user=0.05 sys=0.00, real=0.01 secs] 
309624.533: [GC (Allocation Failure) 309624.533: [ParNew: 429794K->16756K(471872K), 0.0070474 secs] 3580305K->3167635K(4141888K), 0.0071564 secs] [Times: user=0.05 sys=0.01, real=0.01 secs] 
309625.730: [GC (Allocation Failure) 309625.730: [ParNew: 436212K->17126K(471872K), 0.0069710 secs] 3587091K->3168543K(4141888K), 0.0070628 secs] [Times: user=0.05 sys=0.00, real=0.01 secs] 
309626.142: [GC (Allocation Failure) 309626.142: [ParNew: 436582K->12679K(471872K), 0.0059004 secs] 3587999K->3164354K(4141888K), 0.0059937 secs] [Times: user=0.04 sys=0.00, real=0.01 secs] 
309628.498: [GC (Allocation Failure) 309628.498: [ParNew: 431466K->19758K(471872K), 0.0058541 secs] 3583141K->3171493K(4141888K), 0.0059497 secs] [Times: user=0.04 sys=0.00, real=0.01 secs] 
309631.553: [GC (Allocation Failure) 309631.553: [ParNew: 439214K->13104K(471872K), 0.0069796 secs] 3590949K->3165510K(4141888K), 0.0070808 secs] [Times: user=0.05 sys=0.00, real=0.01 secs] 
309633.442: [GC (Allocation Failure) 309633.442: [ParNew: 432560K->18603K(471872K), 0.0056426 secs] 3584966K->3171800K(4141888K), 0.0057358 secs] [Times: user=0.04 sys=0.00, real=0.01 secs] 
309634.591: [GC (Allocation Failure) 309634.591: [ParNew: 438059K->15628K(471872K), 0.0064949 secs] 3591256K->3169405K(4141888K), 0.0065995 secs] [Times: user=0.05 sys=0.00, real=0.01 secs] 
309635.068: [GC (Allocation Failure) 309635.068: [ParNew: 434170K->18166K(471872K), 0.0055293 secs] 3587947K->3172484K(4141888K), 0.0056237 secs] [Times: user=0.04 sys=0.00, real=0.00 secs] 
309636.385: [GC (Allocation Failure) 309636.385: [ParNew: 437622K->13562K(471872K), 0.0065561 secs] 3591940K->3167996K(4141888K), 0.0066608 secs] [Times: user=0.05 sys=0.00, real=0.00 secs] 
309638.786: [GC (Allocation Failure) 309638.786: [ParNew: 433018K->20090K(471872K), 0.0068077 secs] 3587452K->3174849K(4141888K), 0.0069025 secs] [Times: user=0.05 sys=0.00, real=0.00 secs] 
309640.326: [GC (Allocation Failure) 309640.326: [ParNew: 439546K->12228K(471872K), 0.0059948 secs] 3594305K->3167711K(4141888K), 0.0060889 secs] [Times: user=0.05 sys=0.00, real=0.00 secs] 
309642.425: [GC (Allocation Failure) 309642.425: [ParNew: 431684K->5182K(471872K), 0.0049990 secs] 3587167K->3161112K(4141888K), 0.0050738 secs] [Times: user=0.03 sys=0.00, real=0.00 secs] 
309645.383: [GC (Allocation Failure) 309645.383: [ParNew: 423365K->14232K(471872K), 0.0058790 secs] 3579294K->3170556K(4141888K), 0.0059698 secs] [Times: user=0.05 sys=0.00, real=0.01 secs] 
309645.794: [GC (Allocation Failure) 309645.794: [ParNew: 433631K->8521K(471872K), 0.0060301 secs] 3589955K->3165863K(4141888K), 0.0061111 secs] [Times: user=0.04 sys=0.00, real=0.00 secs] 
309646.977: [GC (Allocation Failure) 309646.977: [ParNew: 427829K->15707K(471872K), 0.0054443 secs] 3585171K->3173165K(4141888K), 0.0055325 secs] [Times: user=0.04 sys=0.00, real=0.00 secs] 
309647.953: [GC (Allocation Failure) 309647.953: [ParNew: 435163K->15456K(471872K), 0.0066132 secs] 3592621K->3173421K(4141888K), 0.0067068 secs] [Times: user=0.05 sys=0.00, real=0.01 secs] 
309649.310: [GC (Allocation Failure) 309649.310: [ParNew: 434912K->19119K(471872K), 0.0051189 secs] 3592877K->3177326K(4141888K), 0.0052181 secs] [Times: user=0.04 sys=0.00, real=0.01 secs] 
309651.479: [GC (Allocation Failure) 309651.479: [ParNew: 437294K->15698K(471872K), 0.0059658 secs] 3595501K->3174172K(4141888K), 0.0060578 secs] [Times: user=0.04 sys=0.01, real=0.01 secs] 
309651.910: [GC (Allocation Failure) 309651.910: [ParNew: 435154K->9524K(471872K), 0.0061623 secs] 3593628K->3170432K(4141888K), 0.0062608 secs] [Times: user=0.04 sys=0.00, real=0.01 secs] 
309652.344: [GC (Allocation Failure) 309652.344: [ParNew: 428980K->18108K(471872K), 0.0069242 secs] 3589888K->3181353K(4141888K), 0.0070176 secs] [Times: user=0.05 sys=0.00, real=0.00 secs] 
309652.599: [GC (Allocation Failure) 309652.599: [ParNew: 437564K->16778K(471872K), 0.0070001 secs] 3600809K->3183141K(4141888K), 0.0071037 secs] [Times: user=0.05 sys=0.00, real=0.01 secs] 
309652.833: [GC (Allocation Failure) 309652.833: [ParNew: 436234K->15850K(471872K), 0.0081864 secs] 3602597K->3182307K(4141888K), 0.0082859 secs] [Times: user=0.05 sys=0.00, real=0.01 secs] 
309653.072: [GC (Allocation Failure) 309653.072: [ParNew: 435306K->21195K(471872K), 0.0073751 secs] 3601763K->3187744K(4141888K), 0.0074839 secs] [Times: user=0.05 sys=0.00, real=0.01 secs] 
309653.341: [GC (Allocation Failure) 309653.341: [ParNew: 439802K->16676K(471872K), 0.0066778 secs] 3606351K->3183304K(4141888K), 0.0067673 secs] [Times: user=0.04 sys=0.00, real=0.01 secs] 
309653.743: [GC (Allocation Failure) 309653.743: [ParNew: 436132K->10817K(471872K), 0.0057241 secs] 3602760K->3177621K(4141888K), 0.0058286 secs] [Times: user=0.03 sys=0.00, real=0.01 secs] 
309656.650: [GC (Allocation Failure) 309656.650: [ParNew: 430273K->7572K(471872K), 0.0072522 secs] 3597077K->3174423K(4141888K), 0.0073428 secs] [Times: user=0.04 sys=0.00, real=0.01 secs] 
309664.353: [GC (Allocation Failure) 309664.353: [ParNew: 426675K->13565K(471872K), 0.0083212 secs] 3593526K->3181018K(4141888K), 0.0084114 secs] [Times: user=0.04 sys=0.00, real=0.01 secs] 
309668.983: [GC (Allocation Failure) 309668.983: [ParNew: 433021K->5823K(471872K), 0.0068179 secs] 3600474K->3174879K(4141888K), 0.0068990 secs] [Times: user=0.04 sys=0.00, real=0.01 secs] 
309678.489: [GC (Allocation Failure) 309678.489: [ParNew: 425279K->7568K(471872K), 0.0066805 secs] 3594335K->3177637K(4141888K), 0.0067713 secs] [Times: user=0.04 sys=0.00, real=0.01 secs] 
309703.076: [GC (Allocation Failure) 309703.076: [ParNew: 427024K->6604K(471872K), 0.0099526 secs] 3597093K->3182844K(4141888K), 0.0100495 secs] [Times: user=0.05 sys=0.00, real=0.01 secs] 
309720.892: [GC (Allocation Failure) 309720.893: [ParNew: 426060K->6135K(471872K), 0.0156241 secs] 3602300K->3186979K(4141888K), 0.0157317 secs] [Times: user=0.07 sys=0.00, real=0.02 secs] 
309734.320: [GC (Allocation Failure) 309734.320: [ParNew: 425591K->6035K(471872K), 0.0110916 secs] 3606435K->3190287K(4141888K), 0.0112064 secs] [Times: user=0.05 sys=0.01, real=0.01 secs] 
309753.086: [GC (Allocation Failure) 309753.086: [ParNew: 425491K->8427K(471872K), 0.0115095 secs] 3609743K->3195474K(4141888K), 0.0115983 secs] [Times: user=0.05 sys=0.00, real=0.01 secs] 
309770.394: [GC (Allocation Failure) 309770.394: [ParNew: 427850K->7384K(471872K), 0.0095711 secs] 3614897K->3200399K(4141888K), 0.0096669 secs] [Times: user=0.05 sys=0.01, real=0.01 secs] 
309780.342: [GC (Allocation Failure) 309780.342: [ParNew: 426840K->5245K(471872K), 0.0078103 secs] 3619855K->3202036K(4141888K), 0.0079016 secs] [Times: user=0.05 sys=0.00, real=0.01 secs] 
309784.481: [GC (Allocation Failure) 309784.482: [ParNew: 424701K->4256K(471872K), 0.0069144 secs] 3621492K->3203061K(4141888K), 0.0069937 secs] [Times: user=0.04 sys=0.00, real=0.01 secs] 
309800.528: [GC (Allocation Failure) 309800.528: [ParNew: 421534K->21409K(471872K), 0.0074265 secs] 3620339K->3221026K(4141888K), 0.0075252 secs] [Times: user=0.06 sys=0.00, real=0.01 secs] 
309807.528: [GC (Allocation Failure) 309807.528: [ParNew: 440789K->7461K(471872K), 0.0066669 secs] 3640406K->3209515K(4141888K), 0.0067593 secs] [Times: user=0.04 sys=0.00, real=0.01 secs] 
309815.621: [GC (Allocation Failure) 309815.621: [ParNew: 426889K->2996K(471872K), 0.0071357 secs] 3628943K->3208456K(4141888K), 0.0072225 secs] [Times: user=0.05 sys=0.00, real=0.01 secs] 
309819.591: [GC (Allocation Failure) 309819.592: [ParNew: 422452K->4407K(471872K), 0.0064003 secs] 3627912K->3211112K(4141888K), 0.0064990 secs] [Times: user=0.04 sys=0.00, real=0.01 secs] 
309820.695: [GC (Allocation Failure) 309820.695: [ParNew: 423863K->4018K(471872K), 0.0048026 secs] 3630568K->3211356K(4141888K), 0.0048819 secs] [Times: user=0.04 sys=0.00, real=0.00 secs] 
309822.826: [GC (Allocation Failure) 309822.826: [ParNew: 423474K->4307K(471872K), 0.0049292 secs] 3630812K->3212066K(4141888K), 0.0050137 secs] [Times: user=0.03 sys=0.00, real=0.00 secs] 
309823.707: [GC (Allocation Failure) 309823.707: [ParNew: 423630K->2911K(471872K), 0.0047852 secs] 3631388K->3211421K(4141888K), 0.0048640 secs] [Times: user=0.03 sys=0.00, real=0.00 secs] 
309828.835: [GC (Allocation Failure) 309828.835: [ParNew: 422286K->2091K(471872K), 0.0046425 secs] 3630796K->3210735K(4141888K), 0.0047177 secs] [Times: user=0.03 sys=0.00, real=0.00 secs] 
309833.806: [GC (Allocation Failure) 309833.806: [ParNew: 421492K->2117K(471872K), 0.0052758 secs] 3630136K->3211886K(4141888K), 0.0053550 secs] [Times: user=0.04 sys=0.00, real=0.00 secs] 
309839.201: [GC (Allocation Failure) 309839.201: [ParNew: 421573K->2791K(471872K), 0.0054843 secs] 3631342K->3213262K(4141888K), 0.0055627 secs] [Times: user=0.04 sys=0.00, real=0.01 secs] 
309843.050: [GC (Allocation Failure) 309843.050: [ParNew: 422247K->1917K(471872K), 0.0048424 secs] 3632718K->3213205K(4141888K), 0.0049196 secs] [Times: user=0.04 sys=0.00, real=0.01 secs] 
309852.484: [GC (Allocation Failure) 309852.484: [ParNew: 421270K->3825K(471872K), 0.0081857 secs] 3632558K->3215929K(4141888K), 0.0082917 secs] [Times: user=0.04 sys=0.00, real=0.00 secs] 
309859.721: [GC (Allocation Failure) 309859.721: [ParNew: 423281K->3693K(471872K), 0.0066149 secs] 3635385K->3217736K(4141888K), 0.0067161 secs] [Times: user=0.05 sys=0.00, real=0.01 secs] 
309864.882: [GC (Allocation Failure) 309864.882: [ParNew: 423149K->5569K(471872K), 0.0059045 secs] 3637192K->3220810K(4141888K), 0.0059940 secs] [Times: user=0.04 sys=0.00, real=0.01 secs] 
309873.142: [GC (Allocation Failure) 309873.142: [ParNew: 425025K->2352K(471872K), 0.0068500 secs] 3640266K->3220725K(4141888K), 0.0069354 secs] [Times: user=0.05 sys=0.00, real=0.01 secs] 
309893.056: [GC (Allocation Failure) 309893.056: [ParNew: 421808K->5174K(471872K), 0.0066270 secs] 3640181K->3224770K(4141888K), 0.0067162 secs] [Times: user=0.05 sys=0.01, real=0.00 secs] 
309914.440: [GC (Allocation Failure) 309914.440: [ParNew: 424630K->5457K(471872K), 0.0090418 secs] 3644226K->3228991K(4141888K), 0.0091848 secs] [Times: user=0.05 sys=0.00, real=0.01 secs] 
309933.069: [GC (Allocation Failure) 309933.069: [ParNew: 424913K->8133K(471872K), 0.0079391 secs] 3648447K->3234845K(4141888K), 0.0080413 secs] [Times: user=0.05 sys=0.00, real=0.01 secs] 
309940.506: [GC (Allocation Failure) 309940.506: [ParNew: 427589K->5112K(471872K), 0.0084392 secs] 3654301K->3236928K(4141888K), 0.0085475 secs] [Times: user=0.06 sys=0.01, real=0.01 secs] 
309951.259: [GC (Allocation Failure) 309951.259: [ParNew: 424180K->6141K(471872K), 0.0061046 secs] 3655996K->3239039K(4141888K), 0.0062008 secs] [Times: user=0.05 sys=0.00, real=0.01 secs] 
309958.187: [GC (Allocation Failure) 309958.187: [ParNew: 425597K->4320K(471872K), 0.0062218 secs] 3658495K->3239611K(4141888K), 0.0063056 secs] [Times: user=0.04 sys=0.00, real=0.00 secs] 
309963.213: [GC (Allocation Failure) 309963.213: [ParNew: 423776K->6122K(471872K), 0.0061742 secs] 3659067K->3242535K(4141888K), 0.0063169 secs] [Times: user=0.05 sys=0.00, real=0.01 secs] 
309967.863: [GC (Allocation Failure) 309967.863: [ParNew: 425578K->5475K(471872K), 0.0057452 secs] 3661991K->3242821K(4141888K), 0.0058317 secs] [Times: user=0.05 sys=0.00, real=0.01 secs] 
309970.281: [GC (Allocation Failure) 309970.281: [ParNew: 424931K->4002K(471872K), 0.0056092 secs] 3662277K->3242296K(4141888K), 0.0057003 secs] [Times: user=0.04 sys=0.00, real=0.01 secs] 
309973.399: [GC (Allocation Failure) 309973.399: [ParNew: 423456K->4312K(471872K), 0.0069442 secs] 3661751K->3243091K(4141888K), 0.0070383 secs] [Times: user=0.06 sys=0.00, real=0.01 secs] 
309974.530: [GC (Allocation Failure) 309974.530: [ParNew: 423768K->15032K(471872K), 0.0065631 secs] 3662547K->3254509K(4141888K), 0.0066712 secs] [Times: user=0.05 sys=0.01, real=0.01 secs] 
309979.346: [GC (Allocation Failure) 309979.346: [ParNew: 434488K->7258K(471872K), 0.0070276 secs] 3673965K->3246897K(4141888K), 0.0071145 secs] [Times: user=0.04 sys=0.00, real=0.00 secs] 
309980.559: [GC (Allocation Failure) 309980.559: [ParNew: 426714K->14113K(471872K), 0.0064384 secs] 3666353K->3255164K(4141888K), 0.0065292 secs] [Times: user=0.05 sys=0.01, real=0.01 secs] 
309981.628: [GC (Allocation Failure) 309981.628: [ParNew: 433484K->16838K(471872K), 0.0057872 secs] 3674535K->3258204K(4141888K), 0.0058842 secs] [Times: user=0.04 sys=0.00, real=0.01 secs] 
309983.580: [GC (Allocation Failure) 309983.580: [ParNew: 436294K->15809K(471872K), 0.0057260 secs] 3677660K->3257373K(4141888K), 0.0058213 secs] [Times: user=0.04 sys=0.00, real=0.01 secs] 
309985.401: [GC (Allocation Failure) 309985.401: [ParNew: 435100K->23104K(471872K), 0.0060316 secs] 3676664K->3265284K(4141888K), 0.0061276 secs] [Times: user=0.05 sys=0.00, real=0.01 secs] 
309986.493: [GC (Allocation Failure) 309986.493: [ParNew: 442560K->4485K(471872K), 0.0054027 secs] 3684740K->3249310K(4141888K), 0.0054836 secs] [Times: user=0.04 sys=0.00, real=0.01 secs] 
309988.496: [GC (Allocation Failure) 309988.496: [ParNew: 422961K->16835K(471872K), 0.0058161 secs] 3667786K->3262141K(4141888K), 0.0059407 secs] [Times: user=0.05 sys=0.00, real=0.00 secs] 
309989.731: [GC (Allocation Failure) 309989.731: [ParNew: 436291K->14940K(471872K), 0.0067830 secs] 3681597K->3260679K(4141888K), 0.0069014 secs] [Times: user=0.06 sys=0.00, real=0.01 secs] 
309992.365: [GC (Allocation Failure) 309992.365: [ParNew: 434396K->20617K(471872K), 0.0072118 secs] 3680135K->3266632K(4141888K), 0.0073221 secs] [Times: user=0.06 sys=0.00, real=0.00 secs] 
309993.297: [GC (Allocation Failure) 309993.297: [ParNew: 440073K->9796K(471872K), 0.0050719 secs] 3686088K->3256589K(4141888K), 0.0051527 secs] [Times: user=0.04 sys=0.00, real=0.00 secs] 
309995.444: [GC (Allocation Failure) 309995.444: [ParNew: 429252K->15122K(471872K), 0.0068887 secs] 3676045K->3262162K(4141888K), 0.0069948 secs] [Times: user=0.05 sys=0.00, real=0.00 secs] 
309997.492: [GC (Allocation Failure) 309997.493: [ParNew: 433210K->23821K(471872K), 0.0058825 secs] 3680251K->3271293K(4141888K), 0.0059906 secs] [Times: user=0.04 sys=0.00, real=0.01 secs] 
309998.779: [GC (Allocation Failure) 309998.779: [ParNew: 443277K->17377K(471872K), 0.0064704 secs] 3690749K->3265293K(4141888K), 0.0065657 secs] [Times: user=0.05 sys=0.00, real=0.01 secs] 
309999.722: [GC (Allocation Failure) 309999.722: [ParNew: 435911K->20531K(471872K), 0.0057057 secs] 3683827K->3268806K(4141888K), 0.0058079 secs] [Times: user=0.04 sys=0.00, real=0.01 secs] 
310000.999: [GC (Allocation Failure) 310000.999: [ParNew: 439987K->18204K(471872K), 0.0054998 secs] 3688262K->3266728K(4141888K), 0.0056021 secs] [Times: user=0.04 sys=0.00, real=0.01 secs] 
310001.578: [GC (Allocation Failure) 310001.578: [ParNew: 437660K->15706K(471872K), 0.0083951 secs] 3686184K->3264671K(4141888K), 0.0084898 secs] [Times: user=0.05 sys=0.00, real=0.01 secs] 
310003.660: [GC (Allocation Failure) 310003.660: [ParNew: 433751K->20921K(471872K), 0.0059810 secs] 3682716K->3270009K(4141888K), 0.0060798 secs] [Times: user=0.04 sys=0.00, real=0.01 secs] 
310004.581: [GC (Allocation Failure) 310004.581: [ParNew: 440377K->16835K(471872K), 0.0062270 secs] 3689465K->3266559K(4141888K), 0.0063240 secs] [Times: user=0.04 sys=0.00, real=0.01 secs] 
310007.297: [GC (Allocation Failure) 310007.297: [ParNew: 435317K->21103K(471872K), 0.0060173 secs] 3685040K->3270993K(4141888K), 0.0061131 secs] [Times: user=0.05 sys=0.00, real=0.00 secs] 
310007.819: [GC (Allocation Failure) 310007.819: [ParNew: 440559K->16953K(471872K), 0.0068344 secs] 3690449K->3267729K(4141888K), 0.0069311 secs] [Times: user=0.05 sys=0.00, real=0.01 secs] 
310008.244: [GC (Allocation Failure) 310008.245: [ParNew: 436409K->18091K(471872K), 0.0055662 secs] 3687185K->3269308K(4141888K), 0.0056552 secs] [Times: user=0.04 sys=0.00, real=0.00 secs] 
310009.685: [GC (Allocation Failure) 310009.685: [ParNew: 437547K->18529K(471872K), 0.0062676 secs] 3688764K->3269951K(4141888K), 0.0063658 secs] [Times: user=0.05 sys=0.00, real=0.00 secs] 
310011.707: [GC (Allocation Failure) 310011.707: [ParNew: 437985K->6341K(471872K), 0.0048638 secs] 3689407K->3258225K(4141888K), 0.0049400 secs] [Times: user=0.03 sys=0.00, real=0.00 secs] 
310016.027: [GC (Allocation Failure) 310016.027: [ParNew: 425797K->2822K(471872K), 0.0060033 secs] 3677681K->3256610K(4141888K), 0.0060919 secs] [Times: user=0.04 sys=0.00, real=0.00 secs] 
310024.975: [GC (Allocation Failure) 310024.975: [ParNew: 422278K->3019K(471872K), 0.0064459 secs] 3676066K->3258032K(4141888K), 0.0065323 secs] [Times: user=0.04 sys=0.00, real=0.00 secs] 
310030.444: [GC (Allocation Failure) 310030.444: [ParNew: 422475K->2562K(471872K), 0.0060212 secs] 3677488K->3259082K(4141888K), 0.0061282 secs] [Times: user=0.05 sys=0.00, real=0.00 secs] 
310034.574: [GC (Allocation Failure) 310034.574: [ParNew: 422018K->3390K(471872K), 0.0053180 secs] 3678538K->3260821K(4141888K), 0.0054164 secs] [Times: user=0.04 sys=0.00, real=0.00 secs] 
310039.339: [GC (Allocation Failure) 310039.339: [ParNew: 422846K->2368K(471872K), 0.0049184 secs] 3680277K->3260497K(4141888K), 0.0049985 secs] [Times: user=0.03 sys=0.00, real=0.00 secs] 
310045.024: [GC (Allocation Failure) 310045.024: [ParNew: 421824K->2832K(471872K), 0.0052478 secs] 3679953K->3261606K(4141888K), 0.0053277 secs] [Times: user=0.04 sys=0.01, real=0.00 secs] 
310053.805: [GC (Allocation Failure) 310053.805: [ParNew: 422264K->5338K(471872K), 0.0059033 secs] 3681039K->3265435K(4141888K), 0.0059954 secs] [Times: user=0.04 sys=0.00, real=0.00 secs] 
310063.974: [GC (Allocation Failure) 310063.974: [ParNew: 424794K->3902K(471872K), 0.0070844 secs] 3684891K->3267517K(4141888K), 0.0071874 secs] [Times: user=0.05 sys=0.00, real=0.00 secs] 
310072.344: [GC (Allocation Failure) 310072.344: [ParNew: 423358K->4153K(471872K), 0.0071931 secs] 3686973K->3269514K(4141888K), 0.0072859 secs] [Times: user=0.05 sys=0.00, real=0.00 secs] 
310086.213: [GC (Allocation Failure) 310086.213: [ParNew: 423609K->3754K(471872K), 0.0058401 secs] 3688970K->3270325K(4141888K), 0.0059277 secs] [Times: user=0.04 sys=0.00, real=0.01 secs] 
310091.748: [GC (Allocation Failure) 310091.748: [ParNew: 422832K->13634K(471872K), 0.0078799 secs] 3689403K->3282343K(4141888K), 0.0079905 secs] [Times: user=0.05 sys=0.01, real=0.01 secs] 
310107.535: [GC (Allocation Failure) 310107.535: [ParNew: 433090K->25331K(471872K), 0.0078367 secs] 3701799K->3295270K(4141888K), 0.0079537 secs] [Times: user=0.06 sys=0.00, real=0.00 secs] 
310129.149: [GC (Allocation Failure) 310129.149: [ParNew: 444787K->8460K(471872K), 0.0084578 secs] 3714726K->3284708K(4141888K), 0.0085586 secs] [Times: user=0.06 sys=0.00, real=0.01 secs] 
310147.856: [GC (Allocation Failure) 310147.856: [ParNew: 427916K->5482K(471872K), 0.0084304 secs] 3704164K->3284744K(4141888K), 0.0085225 secs] [Times: user=0.05 sys=0.00, real=0.01 secs] 
310167.764: [GC (Allocation Failure) 310167.764: [ParNew: 424938K->5821K(471872K), 0.0076750 secs] 3704200K->3288197K(4141888K), 0.0077664 secs] [Times: user=0.05 sys=0.01, real=0.01 secs] 
310183.091: [GC (Allocation Failure) 310183.091: [ParNew: 425277K->6902K(471872K), 0.0073583 secs] 3707653K->3292955K(4141888K), 0.0074519 secs] [Times: user=0.05 sys=0.00, real=0.01 secs] 
310196.707: [GC (Allocation Failure) 310196.707: [ParNew: 426358K->5519K(471872K), 0.0088961 secs] 3712411K->3296110K(4141888K), 0.0089998 secs] [Times: user=0.06 sys=0.00, real=0.01 secs] 
310204.570: [GC (Allocation Failure) 310204.570: [ParNew: 424975K->2970K(471872K), 0.0064773 secs] 3715566K->3296050K(4141888K), 0.0065709 secs] [Times: user=0.04 sys=0.00, real=0.01 secs] 
310218.861: [GC (Allocation Failure) 310218.861: [ParNew: 422426K->3499K(471872K), 0.0059532 secs] 3715506K->3297846K(4141888K), 0.0060584 secs] [Times: user=0.04 sys=0.00, real=0.01 secs] 
310233.130: [GC (Allocation Failure) 310233.130: [ParNew: 422955K->6601K(471872K), 0.0071849 secs] 3717302K->3303315K(4141888K), 0.0072774 secs] [Times: user=0.05 sys=0.00, real=0.01 secs] 
310250.050: [GC (Allocation Failure) 310250.050: [ParNew: 426057K->4456K(471872K), 0.0078222 secs] 3722771K->3305851K(4141888K), 0.0079176 secs] [Times: user=0.06 sys=0.00, real=0.01 secs] 
310259.993: [GC (Allocation Failure) 310259.993: [ParNew: 423912K->4345K(471872K), 0.0082365 secs] 3725307K->3308268K(4141888K), 0.0083676 secs] [Times: user=0.05 sys=0.00, real=0.01 secs] 
310263.443: [GC (Allocation Failure) 310263.443: [ParNew: 423773K->2417K(471872K), 0.0066151 secs] 3727697K->3308123K(4141888K), 0.0067434 secs] [Times: user=0.04 sys=0.00, real=0.01 secs] 
310267.338: [GC (Allocation Failure) 310267.338: [ParNew: 421144K->16269K(471872K), 0.0061078 secs] 3726851K->3322655K(4141888K), 0.0062076 secs] [Times: user=0.04 sys=0.00, real=0.01 secs] 
310268.584: [GC (Allocation Failure) 310268.584: [ParNew: 435725K->11396K(471872K), 0.0062180 secs] 3742111K->3318875K(4141888K), 0.0063144 secs] [Times: user=0.05 sys=0.01, real=0.01 secs] 
310271.657: [GC (Allocation Failure) 310271.657: [ParNew: 430852K->4977K(471872K), 0.0061514 secs] 3738331K->3312681K(4141888K), 0.0062295 secs] [Times: user=0.04 sys=0.00, real=0.00 secs] 
310282.699: [GC (Allocation Failure) 310282.699: [ParNew: 424433K->3243K(471872K), 0.0060126 secs] 3732137K->3312975K(4141888K), 0.0060979 secs] [Times: user=0.04 sys=0.00, real=0.01 secs] 
310284.744: [GC (Allocation Failure) 310284.744: [ParNew: 422699K->2388K(471872K), 0.0059942 secs] 3732431K->3313816K(4141888K), 0.0060750 secs] [Times: user=0.03 sys=0.00, real=0.00 secs] 
310290.521: [GC (Allocation Failure) 310290.521: [ParNew: 421844K->27181K(471872K), 0.0092118 secs] 3733272K->3338933K(4141888K), 0.0093402 secs] [Times: user=0.07 sys=0.00, real=0.01 secs] 
310293.820: [GC (Allocation Failure) 310293.820: [ParNew: 446598K->11239K(471872K), 0.0060745 secs] 3758350K->3326361K(4141888K), 0.0061703 secs] [Times: user=0.04 sys=0.00, real=0.01 secs] 
310303.787: [GC (Allocation Failure) 310303.787: [ParNew: 430695K->3880K(471872K), 0.0055921 secs] 3745817K->3319468K(4141888K), 0.0056921 secs] [Times: user=0.05 sys=0.00, real=0.00 secs] 
310317.930: [GC (Allocation Failure) 310317.930: [ParNew: 423336K->4058K(471872K), 0.0061771 secs] 3738924K->3321311K(4141888K), 0.0062681 secs] [Times: user=0.04 sys=0.00, real=0.01 secs] 
310333.068: [GC (Allocation Failure) 310333.068: [ParNew: 423514K->4436K(471872K), 0.0074742 secs] 3740767K->3324125K(4141888K), 0.0075632 secs] [Times: user=0.05 sys=0.01, real=0.01 secs] 
310351.510: [GC (Allocation Failure) 310351.510: [ParNew: 423892K->22005K(471872K), 0.0101634 secs] 3743581K->3343925K(4141888K), 0.0102707 secs] [Times: user=0.08 sys=0.01, real=0.01 secs] 
310373.113: [GC (Allocation Failure) 310373.113: [ParNew: 441461K->12511K(471872K), 0.0091092 secs] 3763381K->3339740K(4141888K), 0.0092086 secs] [Times: user=0.06 sys=0.01, real=0.01 secs] 
310383.239: [GC (Allocation Failure) 310383.239: [ParNew: 431967K->6796K(471872K), 0.0081895 secs] 3759196K->3337125K(4141888K), 0.0082849 secs] [Times: user=0.05 sys=0.01, real=0.01 secs] 
310387.181: [GC (Allocation Failure) 310387.181: [ParNew: 426252K->7016K(471872K), 0.0064999 secs] 3756581K->3338920K(4141888K), 0.0066150 secs] [Times: user=0.04 sys=0.01, real=0.01 secs] 
310393.114: [GC (Allocation Failure) 310393.114: [ParNew: 426472K->2649K(471872K), 0.0053164 secs] 3758376K->3335197K(4141888K), 0.0054096 secs] [Times: user=0.04 sys=0.00, real=0.01 secs] 
310395.608: [GC (Allocation Failure) 310395.608: [ParNew: 422105K->4287K(471872K), 0.0062822 secs] 3754653K->3337775K(4141888K), 0.0063774 secs] [Times: user=0.04 sys=0.00, real=0.01 secs] 
310398.622: [GC (Allocation Failure) 310398.622: [ParNew: 422669K->8310K(471872K), 0.0054117 secs] 3756156K->3342235K(4141888K), 0.0055017 secs] [Times: user=0.04 sys=0.00, real=0.01 secs] 
310401.216: [GC (Allocation Failure) 310401.216: [ParNew: 427766K->9558K(471872K), 0.0056744 secs] 3761691K->3344064K(4141888K), 0.0057699 secs] [Times: user=0.04 sys=0.00, real=0.00 secs] 
310403.133: [GC (Allocation Failure) 310403.133: [ParNew: 429014K->4621K(471872K), 0.0055688 secs] 3763520K->3339625K(4141888K), 0.0056624 secs] [Times: user=0.04 sys=0.01, real=0.01 secs] 
310405.238: [GC (Allocation Failure) 310405.238: [ParNew: 423592K->8253K(471872K), 0.0052274 secs] 3758596K->3343696K(4141888K), 0.0053304 secs] [Times: user=0.04 sys=0.00, real=0.01 secs] 
310406.947: [GC (Allocation Failure) 310406.947: [ParNew: 427709K->2286K(471872K), 0.0066673 secs] 3763152K->3338187K(4141888K), 0.0067561 secs] [Times: user=0.05 sys=0.00, real=0.00 secs] 
310409.382: [GC (Allocation Failure) 310409.382: [ParNew: 421742K->12441K(471872K), 0.0056129 secs] 3757643K->3348698K(4141888K), 0.0057154 secs] [Times: user=0.04 sys=0.00, real=0.01 secs] 
310409.933: [GC (Allocation Failure) 310409.933: [ParNew: 431897K->7186K(471872K), 0.0057151 secs] 3768154K->3346518K(4141888K), 0.0058074 secs] [Times: user=0.04 sys=0.00, real=0.01 secs] 
310410.361: [GC (Allocation Failure) 310410.362: [ParNew: 426642K->9282K(471872K), 0.0058161 secs] 3765974K->3351713K(4141888K), 0.0059120 secs] [Times: user=0.04 sys=0.00, real=0.01 secs] 
310410.783: [GC (Allocation Failure) 310410.783: [ParNew: 428738K->6059K(471872K), 0.0052310 secs] 3771169K->3348691K(4141888K), 0.0053203 secs] [Times: user=0.04 sys=0.00, real=0.01 secs] 
310411.297: [GC (Allocation Failure) 310411.297: [ParNew: 425515K->10623K(471872K), 0.0052874 secs] 3768147K->3353342K(4141888K), 0.0053761 secs] [Times: user=0.04 sys=0.00, real=0.00 secs] 
310412.342: [GC (Allocation Failure) 310412.342: [ParNew: 430079K->7202K(471872K), 0.0064033 secs] 3772798K->3352351K(4141888K), 0.0064919 secs] [Times: user=0.04 sys=0.00, real=0.01 secs] 
310414.266: [GC (Allocation Failure) 310414.266: [ParNew: 426658K->11433K(471872K), 0.0057563 secs] 3771807K->3356866K(4141888K), 0.0058607 secs] [Times: user=0.04 sys=0.00, real=0.00 secs] 
310416.551: [GC (Allocation Failure) 310416.551: [ParNew: 430625K->8737K(471872K), 0.0056451 secs] 3776058K->3356923K(4141888K), 0.0057428 secs] [Times: user=0.04 sys=0.00, real=0.01 secs] 
310418.220: [GC (Allocation Failure) 310418.220: [ParNew: 428193K->5964K(471872K), 0.0053638 secs] 3776379K->3354458K(4141888K), 0.0054536 secs] [Times: user=0.04 sys=0.00, real=0.01 secs] 
310420.337: [GC (Allocation Failure) 310420.337: [ParNew: 425420K->9195K(471872K), 0.0055249 secs] 3773914K->3358055K(4141888K), 0.0056227 secs] [Times: user=0.04 sys=0.00, real=0.00 secs] 
310422.261: [GC (Allocation Failure) 310422.261: [ParNew: 428651K->9332K(471872K), 0.0051202 secs] 3777511K->3358692K(4141888K), 0.0052203 secs] [Times: user=0.04 sys=0.00, real=0.01 secs] 
310422.861: [GC (Allocation Failure) 310422.861: [ParNew: 428788K->4418K(471872K), 0.0047626 secs] 3778148K->3354187K(4141888K), 0.0048401 secs] [Times: user=0.04 sys=0.00, real=0.01 secs] 
310423.941: [GC (Allocation Failure) 310423.941: [ParNew: 423874K->8907K(471872K), 0.0057568 secs] 3773643K->3358860K(4141888K), 0.0058578 secs] [Times: user=0.04 sys=0.00, real=0.01 secs] 
310425.086: [GC (Allocation Failure) 310425.086: [ParNew: 428363K->9507K(471872K), 0.0049626 secs] 3778316K->3359754K(4141888K), 0.0050431 secs] [Times: user=0.03 sys=0.00, real=0.00 secs] 
310426.318: [GC (Allocation Failure) 310426.318: [ParNew: 428038K->5741K(471872K), 0.0050103 secs] 3778285K->3356310K(4141888K), 0.0050920 secs] [Times: user=0.03 sys=0.00, real=0.00 secs] 
310427.245: [GC (Allocation Failure) 310427.245: [ParNew: 425197K->8741K(471872K), 0.0055026 secs] 3775766K->3359606K(4141888K), 0.0055931 secs] [Times: user=0.04 sys=0.00, real=0.00 secs] 
310427.773: [GC (Allocation Failure) 310427.773: [ParNew: 428197K->7100K(471872K), 0.0049999 secs] 3779062K->3359455K(4141888K), 0.0050874 secs] [Times: user=0.03 sys=0.00, real=0.01 secs] 
310429.367: [GC (Allocation Failure) 310429.367: [ParNew: 426556K->7833K(471872K), 0.0051102 secs] 3778911K->3360299K(4141888K), 0.0051967 secs] [Times: user=0.04 sys=0.00, real=0.00 secs] 
310430.390: [GC (Allocation Failure) 310430.390: [ParNew: 426895K->9259K(471872K), 0.0052850 secs] 3779362K->3362150K(4141888K), 0.0053774 secs] [Times: user=0.03 sys=0.00, real=0.01 secs] 
310430.919: [GC (Allocation Failure) 310430.919: [ParNew: 428715K->5548K(471872K), 0.0046691 secs] 3781606K->3358602K(4141888K), 0.0047475 secs] [Times: user=0.03 sys=0.01, real=0.01 secs] 
310431.668: [GC (Allocation Failure) 310431.668: [ParNew: 424937K->9412K(471872K), 0.0048782 secs] 3777991K->3362735K(4141888K), 0.0049739 secs] [Times: user=0.04 sys=0.01, real=0.00 secs] 
310432.349: [GC (Allocation Failure) 310432.349: [ParNew: 428868K->3627K(471872K), 0.0050139 secs] 3782191K->3357121K(4141888K), 0.0050964 secs] [Times: user=0.04 sys=0.00, real=0.01 secs] 
310432.851: [GC (Allocation Failure) 310432.851: [ParNew: 423083K->7749K(471872K), 0.0051104 secs] 3776577K->3361536K(4141888K), 0.0052032 secs] [Times: user=0.04 sys=0.00, real=0.01 secs] 
310433.368: [GC (Allocation Failure) 310433.368: [ParNew: 427205K->8991K(471872K), 0.0051086 secs] 3780992K->3362905K(4141888K), 0.0051918 secs] [Times: user=0.04 sys=0.00, real=0.00 secs] 
310434.268: [GC (Allocation Failure) 310434.268: [ParNew: 428447K->7164K(471872K), 0.0049085 secs] 3782361K->3361286K(4141888K), 0.0050027 secs] [Times: user=0.04 sys=0.00, real=0.00 secs] 
310435.159: [GC (Allocation Failure) 310435.159: [ParNew: 426620K->2902K(471872K), 0.0044850 secs] 3780742K->3357437K(4141888K), 0.0045590 secs] [Times: user=0.03 sys=0.00, real=0.01 secs] 
310435.654: [GC (Allocation Failure) 310435.654: [ParNew: 421821K->9223K(471872K), 0.0048759 secs] 3776357K->3364014K(4141888K), 0.0049615 secs] [Times: user=0.03 sys=0.00, real=0.00 secs] 
310436.152: [GC (Allocation Failure) 310436.152: [ParNew: 428679K->7695K(471872K), 0.0052550 secs] 3783470K->3362593K(4141888K), 0.0053377 secs] [Times: user=0.04 sys=0.00, real=0.01 secs] 
310437.354: [GC (Allocation Failure) 310437.354: [ParNew: 427151K->4112K(471872K), 0.0043503 secs] 3782049K->3359192K(4141888K), 0.0044218 secs] [Times: user=0.03 sys=0.00, real=0.00 secs] 
310438.365: [GC (Allocation Failure) 310438.365: [ParNew: 422892K->7754K(471872K), 0.0049501 secs] 3777972K->3363055K(4141888K), 0.0050368 secs] [Times: user=0.03 sys=0.00, real=0.00 secs] 
310438.870: [GC (Allocation Failure) 310438.870: [ParNew: 427210K->7829K(471872K), 0.0053036 secs] 3782511K->3363405K(4141888K), 0.0053894 secs] [Times: user=0.04 sys=0.00, real=0.01 secs] 
310439.871: [GC (Allocation Failure) 310439.871: [ParNew: 427285K->11839K(471872K), 0.0057174 secs] 3782861K->3367517K(4141888K), 0.0058239 secs] [Times: user=0.04 sys=0.00, real=0.01 secs] 
310443.131: [GC (Allocation Failure) 310443.131: [ParNew: 431295K->5640K(471872K), 0.0048257 secs] 3786973K->3361539K(4141888K), 0.0049123 secs] [Times: user=0.03 sys=0.00, real=0.01 secs] 
310453.349: [GC (Allocation Failure) 310453.349: [ParNew: 425096K->3833K(471872K), 0.0068579 secs] 3780995K->3361539K(4141888K), 0.0069595 secs] [Times: user=0.06 sys=0.00, real=0.01 secs] 
310463.076: [GC (Allocation Failure) 310463.076: [ParNew: 423289K->3262K(471872K), 0.0068923 secs] 3780995K->3362795K(4141888K), 0.0069842 secs] [Times: user=0.04 sys=0.00, real=0.00 secs] 
310481.321: [GC (Allocation Failure) 310481.321: [ParNew: 422718K->6300K(471872K), 0.0064195 secs] 3782251K->3367563K(4141888K), 0.0065136 secs] [Times: user=0.04 sys=0.00, real=0.01 secs] 
310497.602: [GC (Allocation Failure) 310497.602: [ParNew: 425756K->10078K(471872K), 0.0093643 secs] 3787019K->3376328K(4141888K), 0.0094643 secs] [Times: user=0.06 sys=0.01, real=0.01 secs] 
310498.772: [GC (Allocation Failure) 310498.772: [ParNew: 428812K->6047K(471872K), 0.0064892 secs] 3795062K->3374850K(4141888K), 0.0065748 secs] [Times: user=0.04 sys=0.00, real=0.01 secs] 
310499.711: [GC (Allocation Failure) 310499.711: [ParNew: 425503K->14035K(471872K), 0.0059840 secs] 3794306K->3383027K(4141888K), 0.0060809 secs] [Times: user=0.04 sys=0.00, real=0.01 secs] 
310504.538: [GC (Allocation Failure) 310504.538: [ParNew: 433491K->5966K(471872K), 0.0051079 secs] 3802483K->3375302K(4141888K), 0.0051901 secs] [Times: user=0.04 sys=0.00, real=0.00 secs] 
310504.952: [GC (Allocation Failure) 310504.952: [ParNew: 425422K->4441K(471872K), 0.0082316 secs] 3794758K->3374650K(4141888K), 0.0083088 secs] [Times: user=0.05 sys=0.00, real=0.01 secs] 
310505.723: [GC (Allocation Failure) 310505.723: [ParNew: 423897K->10569K(471872K), 0.0048658 secs] 3794106K->3380936K(4141888K), 0.0049520 secs] [Times: user=0.03 sys=0.00, real=0.01 secs] 
310522.462: [GC (Allocation Failure) 310522.462: [ParNew: 430025K->5561K(471872K), 0.0055061 secs] 3800392K->3376011K(4141888K), 0.0056042 secs] [Times: user=0.04 sys=0.00, real=0.01 secs] 
310538.178: [GC (Allocation Failure) 310538.178: [ParNew: 425017K->6159K(471872K), 0.0097638 secs] 3795467K->3381111K(4141888K), 0.0098694 secs] [Times: user=0.06 sys=0.01, real=0.01 secs] 
310562.182: [GC (Allocation Failure) 310562.182: [ParNew: 425615K->5117K(471872K), 0.0085327 secs] 3800567K->3384736K(4141888K), 0.0086560 secs] [Times: user=0.06 sys=0.01, real=0.01 secs] 
310562.194: [GC (CMS Initial Mark) [1 CMS-initial-mark: 3379618K(3670016K)] 3386178K(4141888K), 0.0010127 secs] [Times: user=0.01 sys=0.00, real=0.00 secs] 
310562.195: [CMS-concurrent-mark-start]
310562.328: [CMS-concurrent-mark: 0.133/0.133 secs] [Times: user=0.27 sys=0.00, real=0.13 secs] 
310562.328: [CMS-concurrent-preclean-start]
310562.335: [CMS-concurrent-preclean: 0.006/0.006 secs] [Times: user=0.01 sys=0.00, real=0.01 secs] 
310562.335: [CMS-concurrent-abortable-preclean-start]
 CMS: abort preclean due to time 310567.346: [CMS-concurrent-abortable-preclean: 1.004/5.011 secs] [Times: user=1.43 sys=0.05, real=5.01 secs] 
310567.346: [GC (CMS Final Remark) [YG occupancy: 132837 K (471872 K)]310567.346: [Rescan (parallel) , 0.0160013 secs]310567.362: [weak refs processing, 0.0362833 secs]310567.399: [class unloading, 0.0279089 secs]310567.427: [scrub symbol table, 0.0085764 secs]310567.435: [scrub string table, 0.0008776 secs][1 CMS-remark: 3379618K(3670016K)] 3512456K(4141888K), 0.0908386 secs] [Times: user=0.19 sys=0.00, real=0.09 secs] 
310567.438: [CMS-concurrent-sweep-start]
310568.137: [CMS-concurrent-sweep: 0.692/0.699 secs] [Times: user=0.74 sys=0.01, real=0.70 secs] 
310568.137: [CMS-concurrent-reset-start]
310568.145: [CMS-concurrent-reset: 0.008/0.008 secs] [Times: user=0.01 sys=0.00, real=0.01 secs] 
310583.113: [GC (Allocation Failure) 310583.113: [ParNew: 424573K->5522K(471872K), 0.0087142 secs] 1158387K->742846K(4141888K), 0.0088265 secs] [Times: user=0.05 sys=0.00, real=0.01 secs] 
310594.865: [GC (Allocation Failure) 310594.865: [ParNew: 424978K->5244K(471872K), 0.0065299 secs] 1162302K->745632K(4141888K), 0.0066267 secs] [Times: user=0.04 sys=0.00, real=0.00 secs] 
310602.802: [GC (Allocation Failure) 310602.802: [ParNew: 424700K->5038K(471872K), 0.0067440 secs] 1165088K->748057K(4141888K), 0.0068349 secs] [Times: user=0.05 sys=0.00, real=0.01 secs] 
310608.777: [GC (Allocation Failure) 310608.777: [ParNew: 424494K->4132K(471872K), 0.0055265 secs] 1167513K->750536K(4141888K), 0.0056169 secs] [Times: user=0.04 sys=0.00, real=0.00 secs] 
310612.512: [GC (Allocation Failure) 310612.513: [ParNew: 423588K->3652K(471872K), 0.0050920 secs] 1169992K->751322K(4141888K), 0.0051886 secs] [Times: user=0.04 sys=0.00, real=0.01 secs] 
310613.853: [GC (Allocation Failure) 310613.853: [ParNew: 421984K->16872K(471872K), 0.0058555 secs] 1169653K->765436K(4141888K), 0.0059577 secs] [Times: user=0.04 sys=0.01, real=0.01 secs] 
310614.391: [GC (Allocation Failure) 310614.391: [ParNew: 435212K->6219K(471872K), 0.0044193 secs] 1183777K->755604K(4141888K), 0.0045081 secs] [Times: user=0.03 sys=0.00, real=0.01 secs] 
310615.321: [GC (Allocation Failure) 310615.321: [ParNew: 425675K->15552K(471872K), 0.0063581 secs] 1175060K->765184K(4141888K), 0.0064645 secs] [Times: user=0.04 sys=0.00, real=0.01 secs] 
310616.899: [GC (Allocation Failure) 310616.899: [ParNew: 435008K->7319K(471872K), 0.0046901 secs] 1184640K->757366K(4141888K), 0.0047751 secs] [Times: user=0.04 sys=0.00, real=0.01 secs] 
310617.310: [GC (Allocation Failure) 310617.310: [ParNew: 426775K->15170K(471872K), 0.0064714 secs] 1176822K->765592K(4141888K), 0.0065827 secs] [Times: user=0.05 sys=0.00, real=0.01 secs] 
310617.722: [GC (Allocation Failure) 310617.722: [ParNew: 434626K->19541K(471872K), 0.0057623 secs] 1185048K->770472K(4141888K), 0.0058597 secs] [Times: user=0.04 sys=0.01, real=0.01 secs] 
310618.142: [GC (Allocation Failure) 310618.142: [ParNew: 438997K->17098K(471872K), 0.0049463 secs] 1189928K->768115K(4141888K), 0.0050446 secs] [Times: user=0.04 sys=0.00, real=0.01 secs] 
310618.561: [GC (Allocation Failure) 310618.561: [ParNew: 436554K->17225K(471872K), 0.0059730 secs] 1187571K->768334K(4141888K), 0.0060640 secs] [Times: user=0.04 sys=0.00, real=0.01 secs] 
310618.975: [GC (Allocation Failure) 310618.975: [ParNew: 436681K->19283K(471872K), 0.0050109 secs] 1187790K->770492K(4141888K), 0.0051217 secs] [Times: user=0.04 sys=0.00, real=0.00 secs] 
310619.377: [GC (Allocation Failure) 310619.377: [ParNew: 438739K->16870K(471872K), 0.0050381 secs] 1189948K->768236K(4141888K), 0.0051432 secs] [Times: user=0.04 sys=0.00, real=0.00 secs] 
310619.789: [GC (Allocation Failure) 310619.789: [ParNew: 436326K->16594K(471872K), 0.0048059 secs] 1187692K->768308K(4141888K), 0.0049063 secs] [Times: user=0.04 sys=0.00, real=0.01 secs] 
310620.208: [GC (Allocation Failure) 310620.208: [ParNew: 436050K->12166K(471872K), 0.0060026 secs] 1187764K->764036K(4141888K), 0.0060992 secs] [Times: user=0.05 sys=0.01, real=0.01 secs] 
310620.623: [GC (Allocation Failure) 310620.623: [ParNew: 431622K->20052K(471872K), 0.0060259 secs] 1183492K->772068K(4141888K), 0.0061232 secs] [Times: user=0.04 sys=0.01, real=0.01 secs] 
310621.036: [GC (Allocation Failure) 310621.036: [ParNew: 439508K->21535K(471872K), 0.0050138 secs] 1191524K->773888K(4141888K), 0.0051084 secs] [Times: user=0.04 sys=0.00, real=0.00 secs] 
310632.205: [GC (Allocation Failure) 310632.205: [ParNew: 440991K->5731K(471872K), 0.0070036 secs] 1193344K->758164K(4141888K), 0.0070981 secs] [Times: user=0.05 sys=0.00, real=0.00 secs] 
310641.025: [GC (Allocation Failure) 310641.025: [ParNew: 425187K->4763K(471872K), 0.0074511 secs] 1177620K->761207K(4141888K), 0.0075575 secs] [Times: user=0.04 sys=0.00, real=0.00 secs] 
310647.519: [GC (Allocation Failure) 310647.519: [ParNew: 424219K->4138K(471872K), 0.0065132 secs] 1180663K->762693K(4141888K), 0.0066217 secs] [Times: user=0.04 sys=0.01, real=0.01 secs] 
310651.840: [GC (Allocation Failure) 310651.840: [ParNew: 423594K->3564K(471872K), 0.0061713 secs] 1182149K->763364K(4141888K), 0.0062574 secs] [Times: user=0.04 sys=0.01, real=0.01 secs] 
310663.072: [GC (Allocation Failure) 310663.072: [ParNew: 423020K->7173K(471872K), 0.0058848 secs] 1182820K->768082K(4141888K), 0.0059718 secs] [Times: user=0.05 sys=0.00, real=0.01 secs] 
310678.595: [GC (Allocation Failure) 310678.595: [ParNew: 426617K->5404K(471872K), 0.0093013 secs] 1187526K->771381K(4141888K), 0.0094082 secs] [Times: user=0.06 sys=0.00, real=0.01 secs] 
310687.978: [GC (Allocation Failure) 310687.978: [ParNew: 424860K->4985K(471872K), 0.0075127 secs] 1190837K->773998K(4141888K), 0.0076120 secs] [Times: user=0.05 sys=0.00, real=0.01 secs] 
310696.950: [GC (Allocation Failure) 310696.950: [ParNew: 424441K->5207K(471872K), 0.0084315 secs] 1193454K->776138K(4141888K), 0.0085780 secs] [Times: user=0.05 sys=0.00, real=0.01 secs] 
310704.413: [GC (Allocation Failure) 310704.413: [ParNew: 424663K->3122K(471872K), 0.0087013 secs] 1195594K->775612K(4141888K), 0.0088366 secs] [Times: user=0.05 sys=0.00, real=0.01 secs] 
310720.776: [GC (Allocation Failure) 310720.776: [ParNew: 422578K->5898K(471872K), 0.0062020 secs] 1195068K->779681K(4141888K), 0.0063079 secs] [Times: user=0.04 sys=0.00, real=0.00 secs] 
310739.598: [GC (Allocation Failure) 310739.598: [ParNew: 425354K->4648K(471872K), 0.0179530 secs] 1199137K->783245K(4141888K), 0.0180864 secs] [Times: user=0.13 sys=0.00, real=0.02 secs] 
310755.707: [GC (Allocation Failure) 310755.707: [ParNew: 424104K->7043K(471872K), 0.0128966 secs] 1202701K->788784K(4141888K), 0.0130500 secs] [Times: user=0.07 sys=0.00, real=0.01 secs] 
310759.272: [GC (Allocation Failure) 310759.272: [ParNew: 426499K->5120K(471872K), 0.0105064 secs] 1208240K->790197K(4141888K), 0.0106518 secs] [Times: user=0.06 sys=0.01, real=0.01 secs] 
310762.702: [GC (Allocation Failure) 310762.702: [ParNew: 424576K->16846K(471872K), 0.0155389 secs] 1209653K->802448K(4141888K), 0.0156712 secs] [Times: user=0.10 sys=0.00, real=0.02 secs] 
310765.545: [GC (Allocation Failure) 310765.545: [ParNew: 436302K->11751K(471872K), 0.0091957 secs] 1221904K->797962K(4141888K), 0.0093409 secs] [Times: user=0.06 sys=0.00, real=0.01 secs] 
310768.455: [GC (Allocation Failure) 310768.455: [ParNew: 431207K->17225K(471872K), 0.0084059 secs] 1217418K->803893K(4141888K), 0.0085614 secs] [Times: user=0.06 sys=0.00, real=0.01 secs] 
310772.502: [GC (Allocation Failure) 310772.502: [ParNew: 436681K->11397K(471872K), 0.0100823 secs] 1223349K->798500K(4141888K), 0.0102093 secs] [Times: user=0.08 sys=0.00, real=0.01 secs] 
310773.771: [GC (Allocation Failure) 310773.771: [ParNew: 430853K->8071K(471872K), 0.0085616 secs] 1217956K->795905K(4141888K), 0.0087130 secs] [Times: user=0.06 sys=0.00, real=0.01 secs] 
310776.703: [GC (Allocation Failure) 310776.703: [ParNew: 427527K->12466K(471872K), 0.0072643 secs] 1215361K->800541K(4141888K), 0.0074174 secs] [Times: user=0.05 sys=0.00, real=0.01 secs] 
310778.566: [GC (Allocation Failure) 310778.566: [ParNew: 431922K->17506K(471872K), 0.0070648 secs] 1219997K->806160K(4141888K), 0.0072046 secs] [Times: user=0.05 sys=0.00, real=0.00 secs] 
310779.951: [GC (Allocation Failure) 310779.951: [ParNew: 436112K->14293K(471872K), 0.0084832 secs] 1224767K->805726K(4141888K), 0.0086313 secs] [Times: user=0.06 sys=0.01, real=0.01 secs] 
310780.826: [GC (Allocation Failure) 310780.826: [ParNew: 433749K->17618K(471872K), 0.0066902 secs] 1225182K->809293K(4141888K), 0.0068073 secs] [Times: user=0.05 sys=0.00, real=0.00 secs] 
310781.778: [GC (Allocation Failure) 310781.778: [ParNew: 437074K->20762K(471872K), 0.0049785 secs] 1228749K->812608K(4141888K), 0.0050705 secs] [Times: user=0.03 sys=0.00, real=0.00 secs] 
310782.919: [GC (Allocation Failure) 310782.919: [ParNew: 440218K->23747K(471872K), 0.0064643 secs] 1232064K->815949K(4141888K), 0.0065669 secs] [Times: user=0.05 sys=0.00, real=0.01 secs] 
310784.577: [GC (Allocation Failure) 310784.577: [ParNew: 443203K->13150K(471872K), 0.0070532 secs] 1235405K->805611K(4141888K), 0.0071567 secs] [Times: user=0.05 sys=0.00, real=0.01 secs] 
310785.553: [GC (Allocation Failure) 310785.553: [ParNew: 432606K->17189K(471872K), 0.0076287 secs] 1225067K->810096K(4141888K), 0.0077289 secs] [Times: user=0.06 sys=0.00, real=0.01 secs] 
310786.715: [GC (Allocation Failure) 310786.715: [ParNew: 436645K->15435K(471872K), 0.0063871 secs] 1229552K->808564K(4141888K), 0.0064865 secs] [Times: user=0.05 sys=0.00, real=0.00 secs] 
310788.551: [GC (Allocation Failure) 310788.551: [ParNew: 434891K->13124K(471872K), 0.0059323 secs] 1228020K->806504K(4141888K), 0.0060488 secs] [Times: user=0.04 sys=0.00, real=0.01 secs] 
310788.881: [GC (Allocation Failure) 310788.881: [ParNew: 432580K->17652K(471872K), 0.0056811 secs] 1225960K->811577K(4141888K), 0.0057777 secs] [Times: user=0.05 sys=0.00, real=0.01 secs] 
310789.598: [GC (Allocation Failure) 310789.598: [ParNew: 436088K->29732K(471872K), 0.0067775 secs] 1230014K->823712K(4141888K), 0.0068815 secs] [Times: user=0.05 sys=0.00, real=0.01 secs] 
310790.399: [GC (Allocation Failure) 310790.399: [ParNew: 449188K->12355K(471872K), 0.0052018 secs] 1243168K->808014K(4141888K), 0.0053046 secs] [Times: user=0.04 sys=0.00, real=0.01 secs] 
310792.560: [GC (Allocation Failure) 310792.560: [ParNew: 431811K->17213K(471872K), 0.0068451 secs] 1227470K->813083K(4141888K), 0.0069468 secs] [Times: user=0.05 sys=0.00, real=0.01 secs] 
310793.552: [GC (Allocation Failure) 310793.552: [ParNew: 436669K->17536K(471872K), 0.0067945 secs] 1232539K->815087K(4141888K), 0.0068926 secs] [Times: user=0.05 sys=0.00, real=0.01 secs] 
310795.365: [GC (Allocation Failure) 310795.365: [ParNew: 436992K->7907K(471872K), 0.0062944 secs] 1234543K->805745K(4141888K), 0.0064063 secs] [Times: user=0.05 sys=0.01, real=0.00 secs] 
310797.494: [GC (Allocation Failure) 310797.494: [ParNew: 427363K->17521K(471872K), 0.0060239 secs] 1225201K->815881K(4141888K), 0.0061257 secs] [Times: user=0.05 sys=0.00, real=0.01 secs] 
310798.789: [GC (Allocation Failure) 310798.789: [ParNew: 435583K->16356K(471872K), 0.0063373 secs] 1233943K->815176K(4141888K), 0.0064436 secs] [Times: user=0.05 sys=0.00, real=0.01 secs] 
310799.797: [GC (Allocation Failure) 310799.797: [ParNew: 435101K->17223K(471872K), 0.0064888 secs] 1233920K->816442K(4141888K), 0.0066053 secs] [Times: user=0.05 sys=0.00, real=0.01 secs] 
310808.562: [GC (Allocation Failure) 310808.562: [ParNew: 436679K->5705K(471872K), 0.0052486 secs] 1235898K->805049K(4141888K), 0.0053417 secs] [Times: user=0.04 sys=0.00, real=0.01 secs] 
310828.942: [GC (Allocation Failure) 310828.942: [ParNew: 425161K->4574K(471872K), 0.0083071 secs] 1224505K->806876K(4141888K), 0.0084476 secs] [Times: user=0.07 sys=0.00, real=0.01 secs] 
310840.479: [GC (Allocation Failure) 310840.479: [ParNew: 423918K->20523K(471872K), 0.0074510 secs] 1226220K->825892K(4141888K), 0.0075717 secs] [Times: user=0.05 sys=0.00, real=0.01 secs] 
310850.330: [GC (Allocation Failure) 310850.330: [ParNew: 439979K->8985K(471872K), 0.0072014 secs] 1245348K->816332K(4141888K), 0.0072950 secs] [Times: user=0.05 sys=0.01, real=0.01 secs] 
310853.130: [GC (Allocation Failure) 310853.130: [ParNew: 428441K->3764K(471872K), 0.0062889 secs] 1235788K->815198K(4141888K), 0.0063828 secs] [Times: user=0.04 sys=0.00, real=0.01 secs] 
310855.511: [GC (Allocation Failure) 310855.511: [ParNew: 423117K->8376K(471872K), 0.0051105 secs] 1234551K->820301K(4141888K), 0.0052111 secs] [Times: user=0.04 sys=0.00, real=0.01 secs] 
310856.088: [GC (Allocation Failure) 310856.088: [ParNew: 427832K->3378K(471872K), 0.0051813 secs] 1239757K->821988K(4141888K), 0.0052761 secs] [Times: user=0.04 sys=0.00, real=0.00 secs] 
310856.517: [GC (Allocation Failure) 310856.517: [ParNew: 422834K->10325K(471872K), 0.0047070 secs] 1241444K->829304K(4141888K), 0.0047968 secs] [Times: user=0.03 sys=0.00, real=0.00 secs] 
310857.038: [GC (Allocation Failure) 310857.038: [ParNew: 429781K->3510K(471872K), 0.0063755 secs] 1248760K->829645K(4141888K), 0.0064790 secs] [Times: user=0.05 sys=0.00, real=0.01 secs] 
310857.499: [GC (Allocation Failure) 310857.499: [ParNew: 422966K->25060K(471872K), 0.0071366 secs] 1249101K->851379K(4141888K), 0.0072539 secs] [Times: user=0.06 sys=0.00, real=0.01 secs] 
310859.498: [GC (Allocation Failure) 310859.498: [ParNew: 444516K->21767K(471872K), 0.0065720 secs] 1270835K->848294K(4141888K), 0.0066722 secs] [Times: user=0.05 sys=0.00, real=0.01 secs] 
310873.106: [GC (Allocation Failure) 310873.106: [ParNew: 441223K->8187K(471872K), 0.0050547 secs] 1267750K->835143K(4141888K), 0.0051663 secs] [Times: user=0.04 sys=0.00, real=0.00 secs] 
310889.526: [GC (Allocation Failure) 310889.527: [ParNew: 427643K->4428K(471872K), 0.0081636 secs] 1254599K->834880K(4141888K), 0.0082800 secs] [Times: user=0.06 sys=0.00, real=0.01 secs] 
310899.918: [GC (Allocation Failure) 310899.918: [ParNew: 423884K->8494K(471872K), 0.0062165 secs] 1254336K->841434K(4141888K), 0.0063507 secs] [Times: user=0.03 sys=0.00, real=0.01 secs] 
310900.644: [GC (Allocation Failure) 310900.644: [ParNew: 427503K->9961K(471872K), 0.0072037 secs] 1260443K->844805K(4141888K), 0.0073030 secs] [Times: user=0.05 sys=0.00, real=0.00 secs] 
310901.081: [GC (Allocation Failure) 310901.081: [ParNew: 429417K->19167K(471872K), 0.0060498 secs] 1264261K->854241K(4141888K), 0.0061533 secs] [Times: user=0.04 sys=0.00, real=0.01 secs] 
310901.587: [GC (Allocation Failure) 310901.587: [ParNew: 438623K->21580K(471872K), 0.0072547 secs] 1273697K->856745K(4141888K), 0.0073514 secs] [Times: user=0.05 sys=0.00, real=0.01 secs] 
310901.997: [GC (Allocation Failure) 310901.997: [ParNew: 441036K->22989K(471872K), 0.0047628 secs] 1276201K->860881K(4141888K), 0.0048840 secs] [Times: user=0.03 sys=0.00, real=0.00 secs] 
310902.405: [GC (Allocation Failure) 310902.405: [ParNew: 442270K->16985K(471872K), 0.0051943 secs] 1280162K->855054K(4141888K), 0.0052906 secs] [Times: user=0.04 sys=0.00, real=0.00 secs] 
310903.381: [GC (Allocation Failure) 310903.381: [ParNew: 436441K->14196K(471872K), 0.0049020 secs] 1274510K->852334K(4141888K), 0.0049921 secs] [Times: user=0.04 sys=0.00, real=0.01 secs] 
310903.959: [GC (Allocation Failure) 310903.959: [ParNew: 432256K->18380K(471872K), 0.0052500 secs] 1270394K->856963K(4141888K), 0.0053422 secs] [Times: user=0.04 sys=0.00, real=0.01 secs] 
310909.257: [GC (Allocation Failure) 310909.257: [ParNew: 437821K->5083K(471872K), 0.0047924 secs] 1276404K->843878K(4141888K), 0.0048710 secs] [Times: user=0.04 sys=0.00, real=0.00 secs] 
310919.970: [GC (Allocation Failure) 310919.970: [ParNew: 424539K->3729K(471872K), 0.0107127 secs] 1263334K->845229K(4141888K), 0.0108265 secs] [Times: user=0.08 sys=0.00, real=0.01 secs] 
310939.919: [GC (Allocation Failure) 310939.919: [ParNew: 423185K->6431K(471872K), 0.0119648 secs] 1264685K->850362K(4141888K), 0.0120652 secs] [Times: user=0.09 sys=0.00, real=0.01 secs] 
310960.766: [GC (Allocation Failure) 310960.766: [ParNew: 425887K->7487K(471872K), 0.0100578 secs] 1269818K->855828K(4141888K), 0.0101691 secs] [Times: user=0.07 sys=0.01, real=0.01 secs] 
310976.498: [GC (Allocation Failure) 310976.498: [ParNew: 426943K->8953K(471872K), 0.0100144 secs] 1275284K->861782K(4141888K), 0.0101150 secs] [Times: user=0.07 sys=0.00, real=0.01 secs] 
310993.056: [GC (Allocation Failure) 310993.056: [ParNew: 428409K->6388K(471872K), 0.0089044 secs] 1281238K->865120K(4141888K), 0.0090258 secs] [Times: user=0.06 sys=0.00, real=0.01 secs] 
311013.103: [GC (Allocation Failure) 311013.103: [ParNew: 425844K->6940K(471872K), 0.0095633 secs] 1284576K->869845K(4141888K), 0.0096555 secs] [Times: user=0.07 sys=0.00, real=0.01 secs] 
311027.239: [GC (Allocation Failure) 311027.239: [ParNew: 426396K->8824K(471872K), 0.0103110 secs] 1289301K->875963K(4141888K), 0.0104082 secs] [Times: user=0.06 sys=0.00, real=0.01 secs] 
311046.530: [GC (Allocation Failure) 311046.530: [ParNew: 428280K->6953K(471872K), 0.0105611 secs] 1295419K->879617K(4141888K), 0.0106573 secs] [Times: user=0.06 sys=0.00, real=0.01 secs] 
311053.564: [GC (Allocation Failure) 311053.564: [ParNew: 426409K->7052K(471872K), 0.0203224 secs] 1299073K->884419K(4141888K), 0.0204227 secs] [Times: user=0.05 sys=0.00, real=0.02 secs] 
311056.793: [GC (Allocation Failure) 311056.793: [ParNew: 425818K->7488K(471872K), 0.0104817 secs] 1303185K->886476K(4141888K), 0.0105682 secs] [Times: user=0.04 sys=0.00, real=0.02 secs] 
311059.560: [GC (Allocation Failure) 311059.560: [ParNew: 426944K->6708K(471872K), 0.0067956 secs] 1305932K->886780K(4141888K), 0.0068857 secs] [Times: user=0.03 sys=0.00, real=0.01 secs] 
311061.504: [GC (Allocation Failure) 311061.505: [ParNew: 426164K->7956K(471872K), 0.0080594 secs] 1306236K->888815K(4141888K), 0.0081489 secs] [Times: user=0.04 sys=0.00, real=0.00 secs] 
311064.618: [GC (Allocation Failure) 311064.618: [ParNew: 427412K->7757K(471872K), 0.0072723 secs] 1308271K->890973K(4141888K), 0.0073789 secs] [Times: user=0.04 sys=0.00, real=0.01 secs] 
311065.813: [GC (Allocation Failure) 311065.813: [ParNew: 427213K->8714K(471872K), 0.0081052 secs] 1310429K->893073K(4141888K), 0.0082016 secs] [Times: user=0.04 sys=0.01, real=0.01 secs] 
311067.789: [GC (Allocation Failure) 311067.789: [ParNew: 428170K->6142K(471872K), 0.0054407 secs] 1312529K->890891K(4141888K), 0.0055261 secs] [Times: user=0.03 sys=0.00, real=0.01 secs] 
311068.776: [GC (Allocation Failure) 311068.776: [ParNew: 425598K->7873K(471872K), 0.0104765 secs] 1310347K->893422K(4141888K), 0.0105634 secs] [Times: user=0.05 sys=0.01, real=0.01 secs] 
311070.719: [GC (Allocation Failure) 311070.719: [ParNew: 426811K->10573K(471872K), 0.0105652 secs] 1312360K->896523K(4141888K), 0.0106508 secs] [Times: user=0.06 sys=0.00, real=0.01 secs] 
311074.832: [GC (Allocation Failure) 311074.832: [ParNew: 430029K->4149K(471872K), 0.0056346 secs] 1315979K->890816K(4141888K), 0.0057092 secs] [Times: user=0.04 sys=0.00, real=0.01 secs] 
311084.487: [GC (Allocation Failure) 311084.487: [ParNew: 422521K->3725K(471872K), 0.0070391 secs] 1309188K->892479K(4141888K), 0.0071167 secs] [Times: user=0.04 sys=0.00, real=0.01 secs] 
311095.998: [GC (Allocation Failure) 311095.998: [ParNew: 423181K->7305K(471872K), 0.0083631 secs] 1311935K->898567K(4141888K), 0.0084663 secs] [Times: user=0.05 sys=0.00, real=0.01 secs] 
311106.154: [GC (Allocation Failure) 311106.154: [ParNew: 426761K->4793K(471872K), 0.0077900 secs] 1318023K->900913K(4141888K), 0.0078846 secs] [Times: user=0.04 sys=0.00, real=0.00 secs] 
311113.063: [GC (Allocation Failure) 311113.063: [ParNew: 424249K->4287K(471872K), 0.0086700 secs] 1320369K->902627K(4141888K), 0.0087650 secs] [Times: user=0.06 sys=0.00, real=0.01 secs] 
311126.909: [GC (Allocation Failure) 311126.909: [ParNew: 423743K->5712K(471872K), 0.0071587 secs] 1322083K->905907K(4141888K), 0.0072540 secs] [Times: user=0.05 sys=0.00, real=0.01 secs] 
311140.021: [GC (Allocation Failure) 311140.021: [ParNew: 425168K->6255K(471872K), 0.0096903 secs] 1325363K->909926K(4141888K), 0.0097959 secs] [Times: user=0.07 sys=0.00, real=0.01 secs] 
311148.538: [GC (Allocation Failure) 311148.538: [ParNew: 425711K->13583K(471872K), 0.0089959 secs] 1329382K->920418K(4141888K), 0.0091159 secs] [Times: user=0.07 sys=0.00, real=0.01 secs] 
311164.463: [GC (Allocation Failure) 311164.463: [ParNew: 433039K->9679K(471872K), 0.0086237 secs] 1339874K->920674K(4141888K), 0.0087216 secs] [Times: user=0.06 sys=0.00, real=0.01 secs] 
311173.725: [GC (Allocation Failure) 311173.725: [ParNew: 429135K->4334K(471872K), 0.0072835 secs] 1340130K->919708K(4141888K), 0.0073941 secs] [Times: user=0.05 sys=0.00, real=0.00 secs] 
311180.273: [GC (Allocation Failure) 311180.273: [ParNew: 423790K->3109K(471872K), 0.0056556 secs] 1339164K->920306K(4141888K), 0.0057422 secs] [Times: user=0.04 sys=0.00, real=0.01 secs] 
311185.903: [GC (Allocation Failure) 311185.903: [ParNew: 422565K->2682K(471872K), 0.0062052 secs] 1339762K->921214K(4141888K), 0.0062921 secs] [Times: user=0.04 sys=0.01, real=0.01 secs] 
311189.341: [GC (Allocation Failure) 311189.342: [ParNew: 422138K->1625K(471872K), 0.0052301 secs] 1340670K->921081K(4141888K), 0.0053254 secs] [Times: user=0.03 sys=0.00, real=0.01 secs] 
311199.112: [GC (Allocation Failure) 311199.112: [ParNew: 421081K->2729K(471872K), 0.0053820 secs] 1340537K->922750K(4141888K), 0.0054803 secs] [Times: user=0.04 sys=0.00, real=0.01 secs] 
311206.682: [GC (Allocation Failure) 311206.682: [ParNew: 422185K->5362K(471872K), 0.0057409 secs] 1342206K->927040K(4141888K), 0.0058422 secs] [Times: user=0.04 sys=0.00, real=0.01 secs] 
311219.951: [GC (Allocation Failure) 311219.951: [ParNew: 424818K->4223K(471872K), 0.0071888 secs] 1346496K->929405K(4141888K), 0.0073094 secs] [Times: user=0.05 sys=0.00, real=0.01 secs] 
311233.790: [GC (Allocation Failure) 311233.790: [ParNew: 423679K->4556K(471872K), 0.0060378 secs] 1348861K->932265K(4141888K), 0.0061398 secs] [Times: user=0.05 sys=0.00, real=0.01 secs] 
311245.996: [GC (Allocation Failure) 311245.996: [ParNew: 424012K->4646K(471872K), 0.0061241 secs] 1351721K->934663K(4141888K), 0.0062160 secs] [Times: user=0.04 sys=0.01, real=0.00 secs] 
311252.918: [GC (Allocation Failure) 311252.919: [ParNew: 424023K->4065K(471872K), 0.0057724 secs] 1354041K->936211K(4141888K), 0.0058708 secs] [Times: user=0.04 sys=0.00, real=0.01 secs] 
311263.075: [GC (Allocation Failure) 311263.075: [ParNew: 423521K->4381K(471872K), 0.0061415 secs] 1355667K->937746K(4141888K), 0.0062460 secs] [Times: user=0.04 sys=0.00, real=0.00 secs] 
311269.845: [GC (Allocation Failure) 311269.845: [ParNew: 423837K->7824K(471872K), 0.0062321 secs] 1357202K->943373K(4141888K), 0.0063281 secs] [Times: user=0.05 sys=0.00, real=0.00 secs] 
311273.556: [GC (Allocation Failure) 311273.556: [ParNew: 427280K->12979K(471872K), 0.0060429 secs] 1362829K->952009K(4141888K), 0.0061455 secs] [Times: user=0.04 sys=0.00, real=0.00 secs] 
311274.683: [GC (Allocation Failure) 311274.683: [ParNew: 431818K->3125K(471872K), 0.0045727 secs] 1370847K->943042K(4141888K), 0.0046492 secs] [Times: user=0.03 sys=0.00, real=0.01 secs] 
311276.501: [GC (Allocation Failure) 311276.501: [ParNew: 422581K->18664K(471872K), 0.0053906 secs] 1362498K->958752K(4141888K), 0.0054837 secs] [Times: user=0.04 sys=0.00, real=0.01 secs] 
311277.602: [GC (Allocation Failure) 311277.602: [ParNew: 438120K->19742K(471872K), 0.0071143 secs] 1378208K->960341K(4141888K), 0.0072243 secs] [Times: user=0.06 sys=0.00, real=0.01 secs] 
311279.557: [GC (Allocation Failure) 311279.557: [ParNew: 439198K->18459K(471872K), 0.0054481 secs] 1379797K->959326K(4141888K), 0.0055524 secs] [Times: user=0.05 sys=0.00, real=0.00 secs] 
311280.812: [GC (Allocation Failure) 311280.812: [ParNew: 437915K->8923K(471872K), 0.0048721 secs] 1378782K->950294K(4141888K), 0.0049693 secs] [Times: user=0.03 sys=0.01, real=0.01 secs] 
311283.690: [GC (Allocation Failure) 311283.690: [ParNew: 428379K->5324K(471872K), 0.0059197 secs] 1369750K->946945K(4141888K), 0.0060047 secs] [Times: user=0.04 sys=0.00, real=0.01 secs] 
311295.680: [GC (Allocation Failure) 311295.680: [ParNew: 424757K->3562K(471872K), 0.0057345 secs] 1366378K->947282K(4141888K), 0.0058268 secs] [Times: user=0.04 sys=0.00, real=0.01 secs] 
311302.689: [GC (Allocation Failure) 311302.689: [ParNew: 423018K->3445K(471872K), 0.0057958 secs] 1366738K->949518K(4141888K), 0.0058814 secs] [Times: user=0.04 sys=0.00, real=0.01 secs] 
311313.404: [GC (Allocation Failure) 311313.404: [ParNew: 422901K->3170K(471872K), 0.0054255 secs] 1368974K->950391K(4141888K), 0.0055136 secs] [Times: user=0.03 sys=0.00, real=0.00 secs] 
311332.656: [GC (Allocation Failure) 311332.656: [ParNew: 422626K->7015K(471872K), 0.0078711 secs] 1369847K->955882K(4141888K), 0.0079717 secs] [Times: user=0.05 sys=0.00, real=0.00 secs] 
311350.426: [GC (Allocation Failure) 311350.426: [ParNew: 426379K->5849K(471872K), 0.0079209 secs] 1375246K->959893K(4141888K), 0.0080258 secs] [Times: user=0.05 sys=0.00, real=0.01 secs] 
311363.157: [GC (Allocation Failure) 311363.157: [ParNew: 425305K->5581K(471872K), 0.0065448 secs] 1379349K->962309K(4141888K), 0.0066394 secs] [Times: user=0.05 sys=0.00, real=0.01 secs] 
311383.108: [GC (Allocation Failure) 311383.108: [ParNew: 425037K->5196K(471872K), 0.0064955 secs] 1381765K->964219K(4141888K), 0.0066053 secs] [Times: user=0.04 sys=0.00, real=0.01 secs] 
311386.544: [GC (Allocation Failure) 311386.544: [ParNew: 424652K->8732K(471872K), 0.0066798 secs] 1383675K->971396K(4141888K), 0.0067739 secs] [Times: user=0.04 sys=0.00, real=0.00 secs] 
311388.582: [GC (Allocation Failure) 311388.582: [ParNew: 428188K->9257K(471872K), 0.0060287 secs] 1390852K->972544K(4141888K), 0.0061194 secs] [Times: user=0.04 sys=0.00, real=0.01 secs] 
311389.992: [GC (Allocation Failure) 311389.992: [ParNew: 428713K->11470K(471872K), 0.0046712 secs] 1392000K->975209K(4141888K), 0.0047580 secs] [Times: user=0.04 sys=0.00, real=0.01 secs] 
311393.056: [GC (Allocation Failure) 311393.056: [ParNew: 430926K->2477K(471872K), 0.0043290 secs] 1394665K->968824K(4141888K), 0.0044055 secs] [Times: user=0.03 sys=0.01, real=0.00 secs] 
311396.639: [GC (Allocation Failure) 311396.639: [ParNew: 421933K->9442K(471872K), 0.0052881 secs] 1388280K->976295K(4141888K), 0.0053794 secs] [Times: user=0.04 sys=0.00, real=0.01 secs] 
311397.903: [GC (Allocation Failure) 311397.903: [ParNew: 428898K->12237K(471872K), 0.0050422 secs] 1395751K->979828K(4141888K), 0.0051408 secs] [Times: user=0.04 sys=0.00, real=0.01 secs] 
311399.123: [GC (Allocation Failure) 311399.123: [ParNew: 431693K->3547K(471872K), 0.0043525 secs] 1399284K->971483K(4141888K), 0.0044275 secs] [Times: user=0.03 sys=0.00, real=0.01 secs] 
311400.718: [GC (Allocation Failure) 311400.718: [ParNew: 423003K->12916K(471872K), 0.0058691 secs] 1390939K->981138K(4141888K), 0.0059787 secs] [Times: user=0.04 sys=0.00, real=0.01 secs] 
311403.136: [GC (Allocation Failure) 311403.136: [ParNew: 432372K->6520K(471872K), 0.0045617 secs] 1400594K->974979K(4141888K), 0.0046363 secs] [Times: user=0.03 sys=0.00, real=0.00 secs] 
311406.520: [GC (Allocation Failure) 311406.520: [ParNew: 425976K->10240K(471872K), 0.0051944 secs] 1394435K->979361K(4141888K), 0.0052882 secs] [Times: user=0.04 sys=0.00, real=0.01 secs] 
311407.775: [GC (Allocation Failure) 311407.775: [ParNew: 429696K->10272K(471872K), 0.0066345 secs] 1398817K->980179K(4141888K), 0.0067443 secs] [Times: user=0.05 sys=0.00, real=0.00 secs] 
311409.664: [GC (Allocation Failure) 311409.664: [ParNew: 429728K->13323K(471872K), 0.0058283 secs] 1399635K->983598K(4141888K), 0.0059223 secs] [Times: user=0.04 sys=0.00, real=0.00 secs] 
311410.672: [GC (Allocation Failure) 311410.672: [ParNew: 432779K->12429K(471872K), 0.0055527 secs] 1403054K->983536K(4141888K), 0.0056489 secs] [Times: user=0.04 sys=0.00, real=0.01 secs] 
311412.681: [GC (Allocation Failure) 311412.681: [ParNew: 431885K->7800K(471872K), 0.0049543 secs] 1402992K->979143K(4141888K), 0.0050427 secs] [Times: user=0.03 sys=0.00, real=0.01 secs] 
311413.145: [GC (Allocation Failure) 311413.145: [ParNew: 427256K->3883K(471872K), 0.0065040 secs] 1398599K->975800K(4141888K), 0.0065788 secs] [Times: user=0.04 sys=0.00, real=0.00 secs] 
311413.959: [GC (Allocation Failure) 311413.959: [ParNew: 423339K->2891K(471872K), 0.0041952 secs] 1395256K->974979K(4141888K), 0.0042723 secs] [Times: user=0.03 sys=0.00, real=0.00 secs] 
311414.567: [GC (Allocation Failure) 311414.567: [ParNew: 422347K->6507K(471872K), 0.0043554 secs] 1394435K->979070K(4141888K), 0.0044382 secs] [Times: user=0.03 sys=0.00, real=0.00 secs] 
311415.221: [GC (Allocation Failure) 311415.221: [ParNew: 425798K->12824K(471872K), 0.0056179 secs] 1398361K->985660K(4141888K), 0.0057235 secs] [Times: user=0.04 sys=0.00, real=0.01 secs] 
311415.781: [GC (Allocation Failure) 311415.781: [ParNew: 432280K->7719K(471872K), 0.0040717 secs] 1405116K->981412K(4141888K), 0.0041518 secs] [Times: user=0.03 sys=0.00, real=0.01 secs] 
311417.737: [GC (Allocation Failure) 311417.737: [ParNew: 427175K->4227K(471872K), 0.0048976 secs] 1400868K->978083K(4141888K), 0.0049856 secs] [Times: user=0.03 sys=0.00, real=0.00 secs] 
311420.269: [GC (Allocation Failure) 311420.269: [ParNew: 423633K->4382K(471872K), 0.0044557 secs] 1397489K->979668K(4141888K), 0.0045432 secs] [Times: user=0.04 sys=0.00, real=0.01 secs] 
311422.838: [GC (Allocation Failure) 311422.839: [ParNew: 423838K->2364K(471872K), 0.0045187 secs] 1399124K->978257K(4141888K), 0.0045982 secs] [Times: user=0.04 sys=0.00, real=0.00 secs] 
311425.889: [GC (Allocation Failure) 311425.889: [ParNew: 421820K->3635K(471872K), 0.0047935 secs] 1397713K->980167K(4141888K), 0.0048747 secs] [Times: user=0.04 sys=0.00, real=0.01 secs] 
311427.755: [GC (Allocation Failure) 311427.756: [ParNew: 423091K->1896K(471872K), 0.0047579 secs] 1399623K->979444K(4141888K), 0.0048303 secs] [Times: user=0.03 sys=0.00, real=0.00 secs] 
311429.176: [GC (Allocation Failure) 311429.176: [ParNew: 421352K->5127K(471872K), 0.0048200 secs] 1398900K->983014K(4141888K), 0.0049120 secs] [Times: user=0.04 sys=0.00, real=0.00 secs] 
311430.628: [GC (Allocation Failure) 311430.628: [ParNew: 424583K->4450K(471872K), 0.0044050 secs] 1402470K->982594K(4141888K), 0.0044853 secs] [Times: user=0.04 sys=0.00, real=0.00 secs] 
311432.309: [GC (Allocation Failure) 311432.309: [ParNew: 423906K->3189K(471872K), 0.0045461 secs] 1402050K->981729K(4141888K), 0.0046321 secs] [Times: user=0.03 sys=0.00, real=0.01 secs] 
311434.398: [GC (Allocation Failure) 311434.398: [ParNew: 422645K->3828K(471872K), 0.0046638 secs] 1401185K->982642K(4141888K), 0.0047397 secs] [Times: user=0.03 sys=0.00, real=0.00 secs] 
311437.200: [GC (Allocation Failure) 311437.200: [ParNew: 423284K->5055K(471872K), 0.0051944 secs] 1402098K->984454K(4141888K), 0.0052891 secs] [Times: user=0.04 sys=0.00, real=0.01 secs] 
311441.256: [GC (Allocation Failure) 311441.256: [ParNew: 424511K->7034K(471872K), 0.0052339 secs] 1403910K->987313K(4141888K), 0.0053300 secs] [Times: user=0.04 sys=0.00, real=0.00 secs] 
311444.382: [GC (Allocation Failure) 311444.382: [ParNew: 426490K->7240K(471872K), 0.0060670 secs] 1406769K->988298K(4141888K), 0.0061513 secs] [Times: user=0.04 sys=0.00, real=0.01 secs] 
311453.143: [GC (Allocation Failure) 311453.143: [ParNew: 426696K->5529K(471872K), 0.0065767 secs] 1407754K->987231K(4141888K), 0.0066665 secs] [Times: user=0.05 sys=0.00, real=0.01 secs] 
311468.266: [GC (Allocation Failure) 311468.266: [ParNew: 424985K->10533K(471872K), 0.0067439 secs] 1406687K->996561K(4141888K), 0.0068436 secs] [Times: user=0.05 sys=0.00, real=0.00 secs] 
311468.832: [GC (Allocation Failure) 311468.832: [ParNew: 429989K->6888K(471872K), 0.0056754 secs] 1416017K->1000139K(4141888K), 0.0057689 secs] [Times: user=0.04 sys=0.00, real=0.01 secs] 
311469.327: [GC (Allocation Failure) 311469.327: [ParNew: 426344K->6683K(471872K), 0.0045266 secs] 1419595K->1000511K(4141888K), 0.0046120 secs] [Times: user=0.03 sys=0.01, real=0.00 secs] 
311469.846: [GC (Allocation Failure) 311469.846: [ParNew: 426139K->3606K(471872K), 0.0050644 secs] 1419967K->1000678K(4141888K), 0.0051578 secs] [Times: user=0.03 sys=0.00, real=0.00 secs] 
311476.789: [GC (Allocation Failure) 311476.789: [ParNew: 423062K->3013K(471872K), 0.0054557 secs] 1420134K->1000324K(4141888K), 0.0055381 secs] [Times: user=0.04 sys=0.00, real=0.01 secs] 
311484.060: [GC (Allocation Failure) 311484.060: [ParNew: 422469K->4523K(471872K), 0.0055613 secs] 1419780K->1003009K(4141888K), 0.0056626 secs] [Times: user=0.04 sys=0.00, real=0.01 secs] 
311490.389: [GC (Allocation Failure) 311490.389: [ParNew: 423979K->3068K(471872K), 0.0069045 secs] 1422465K->1002833K(4141888K), 0.0069933 secs] [Times: user=0.04 sys=0.00, real=0.01 secs] 
311495.374: [GC (Allocation Failure) 311495.374: [ParNew: 422524K->2395K(471872K), 0.0048413 secs] 1422289K->1003103K(4141888K), 0.0049180 secs] [Times: user=0.04 sys=0.00, real=0.00 secs] 
311498.999: [GC (Allocation Failure) 311498.999: [ParNew: 421773K->1819K(471872K), 0.0044283 secs] 1422482K->1003372K(4141888K), 0.0045253 secs] [Times: user=0.03 sys=0.00, real=0.01 secs] 
311504.103: [GC (Allocation Failure) 311504.103: [ParNew: 421275K->3239K(471872K), 0.0053709 secs] 1422828K->1005384K(4141888K), 0.0054596 secs] [Times: user=0.04 sys=0.00, real=0.01 secs] 
311508.990: [GC (Allocation Failure) 311508.990: [ParNew: 422695K->4225K(471872K), 0.0052443 secs] 1424840K->1007537K(4141888K), 0.0053341 secs] [Times: user=0.04 sys=0.00, real=0.01 secs] 
311513.157: [GC (Allocation Failure) 311513.157: [ParNew: 423681K->5578K(471872K), 0.0048674 secs] 1426993K->1009922K(4141888K), 0.0049549 secs] [Times: user=0.04 sys=0.00, real=0.00 secs] 
311516.987: [GC (Allocation Failure) 311516.987: [ParNew: 425034K->3647K(471872K), 0.0053065 secs] 1429378K->1011315K(4141888K), 0.0053946 secs] [Times: user=0.04 sys=0.00, real=0.00 secs] 
311523.016: [GC (Allocation Failure) 311523.017: [ParNew: 423103K->3894K(471872K), 0.0052588 secs] 1430771K->1012131K(4141888K), 0.0053582 secs] [Times: user=0.04 sys=0.00, real=0.00 secs] 
311528.164: [GC (Allocation Failure) 311528.164: [ParNew: 423350K->4886K(471872K), 0.0057316 secs] 1431587K->1014087K(4141888K), 0.0058437 secs] [Times: user=0.04 sys=0.00, real=0.00 secs] 
311533.063: [GC (Allocation Failure) 311533.063: [ParNew: 424342K->4070K(471872K), 0.0053240 secs] 1433543K->1014457K(4141888K), 0.0054253 secs] [Times: user=0.04 sys=0.01, real=0.01 secs] 
311539.496: [GC (Allocation Failure) 311539.496: [ParNew: 423526K->3862K(471872K), 0.0058541 secs] 1433913K->1015641K(4141888K), 0.0059506 secs] [Times: user=0.04 sys=0.00, real=0.00 secs] 
311541.631: [GC (Allocation Failure) 311541.631: [ParNew: 423318K->9090K(471872K), 0.0051181 secs] 1435097K->1022072K(4141888K), 0.0052085 secs] [Times: user=0.04 sys=0.00, real=0.01 secs] 
311543.626: [GC (Allocation Failure) 311543.626: [ParNew: 428546K->13131K(471872K), 0.0062538 secs] 1441528K->1026579K(4141888K), 0.0063690 secs] [Times: user=0.05 sys=0.00, real=0.00 secs] 
311545.794: [GC (Allocation Failure) 311545.794: [ParNew: 432587K->9598K(471872K), 0.0043707 secs] 1446035K->1023714K(4141888K), 0.0044487 secs] [Times: user=0.03 sys=0.00, real=0.00 secs] 
311548.731: [GC (Allocation Failure) 311548.731: [ParNew: 429054K->14302K(471872K), 0.0055101 secs] 1443170K->1028841K(4141888K), 0.0056034 secs] [Times: user=0.04 sys=0.00, real=0.01 secs] 
311550.630: [GC (Allocation Failure) 311550.630: [ParNew: 433758K->11883K(471872K), 0.0048553 secs] 1448297K->1027124K(4141888K), 0.0049409 secs] [Times: user=0.03 sys=0.00, real=0.01 secs] 
311552.741: [GC (Allocation Failure) 311552.741: [ParNew: 429575K->14661K(471872K), 0.0051951 secs] 1444816K->1030291K(4141888K), 0.0052844 secs] [Times: user=0.04 sys=0.00, real=0.01 secs] 
311553.677: [GC (Allocation Failure) 311553.677: [ParNew: 434117K->11376K(471872K), 0.0053105 secs] 1449747K->1027859K(4141888K), 0.0054056 secs] [Times: user=0.04 sys=0.00, real=0.00 secs] 
311554.917: [GC (Allocation Failure) 311554.917: [ParNew: 430832K->3740K(471872K), 0.0066659 secs] 1447315K->1020543K(4141888K), 0.0067578 secs] [Times: user=0.04 sys=0.00, real=0.01 secs] 
311556.774: [GC (Allocation Failure) 311556.774: [ParNew: 423196K->13389K(471872K), 0.0049429 secs] 1439999K->1030468K(4141888K), 0.0050634 secs] [Times: user=0.04 sys=0.00, real=0.01 secs] 
311559.035: [GC (Allocation Failure) 311559.035: [ParNew: 432832K->3720K(471872K), 0.0042469 secs] 1449911K->1021151K(4141888K), 0.0043226 secs] [Times: user=0.03 sys=0.00, real=0.00 secs] 
311562.598: [GC (Allocation Failure) 311562.598: [ParNew: 423097K->2713K(471872K), 0.0050056 secs] 1440527K->1020506K(4141888K), 0.0050828 secs] [Times: user=0.04 sys=0.00, real=0.00 secs] 
311564.558: [GC (Allocation Failure) 311564.558: [ParNew: 422169K->4669K(471872K), 0.0047992 secs] 1439962K->1023452K(4141888K), 0.0048843 secs] [Times: user=0.04 sys=0.00, real=0.00 secs] 
311566.622: [GC (Allocation Failure) 311566.622: [ParNew: 424125K->11362K(471872K), 0.0078732 secs] 1442908K->1030499K(4141888K), 0.0079672 secs] [Times: user=0.05 sys=0.00, real=0.01 secs] 
311569.725: [GC (Allocation Failure) 311569.725: [ParNew: 430818K->12694K(471872K), 0.0058251 secs] 1449955K->1032239K(4141888K), 0.0059179 secs] [Times: user=0.05 sys=0.00, real=0.00 secs] 
311570.854: [GC (Allocation Failure) 311570.854: [ParNew: 432150K->13314K(471872K), 0.0050816 secs] 1451695K->1033525K(4141888K), 0.0051745 secs] [Times: user=0.04 sys=0.00, real=0.00 secs] 
311571.606: [GC (Allocation Failure) 311571.606: [ParNew: 432770K->14452K(471872K), 0.0072482 secs] 1452981K->1034878K(4141888K), 0.0073461 secs] [Times: user=0.05 sys=0.00, real=0.00 secs] 
311572.017: [GC (Allocation Failure) 311572.017: [ParNew: 433908K->14006K(471872K), 0.0058282 secs] 1454334K->1034786K(4141888K), 0.0059174 secs] [Times: user=0.04 sys=0.00, real=0.00 secs] 
311572.587: [GC (Allocation Failure) 311572.587: [ParNew: 433462K->25059K(471872K), 0.0073329 secs] 1454242K->1046042K(4141888K), 0.0074388 secs] [Times: user=0.06 sys=0.01, real=0.01 secs] 
311576.339: [GC (Allocation Failure) 311576.339: [ParNew: 444425K->10727K(471872K), 0.0048350 secs] 1465408K->1034142K(4141888K), 0.0049242 secs] [Times: user=0.03 sys=0.00, real=0.00 secs] 
311585.140: [GC (Allocation Failure) 311585.140: [ParNew: 430183K->4166K(471872K), 0.0060211 secs] 1453598K->1029353K(4141888K), 0.0061102 secs] [Times: user=0.04 sys=0.00, real=0.01 secs] 
311603.069: [GC (Allocation Failure) 311603.069: [ParNew: 423622K->4712K(471872K), 0.0081076 secs] 1448809K->1031391K(4141888K), 0.0081971 secs] [Times: user=0.05 sys=0.00, real=0.01 secs] 
311617.997: [GC (Allocation Failure) 311617.997: [ParNew: 424168K->4636K(471872K), 0.0063448 secs] 1450847K->1034408K(4141888K), 0.0064461 secs] [Times: user=0.04 sys=0.01, real=0.00 secs] 
311624.099: [GC (Allocation Failure) 311624.099: [ParNew: 424092K->3434K(471872K), 0.0058572 secs] 1453864K->1035677K(4141888K), 0.0059534 secs] [Times: user=0.04 sys=0.01, real=0.01 secs] 
311627.931: [GC (Allocation Failure) 311627.931: [ParNew: 422890K->2974K(471872K), 0.0054649 secs] 1455133K->1036580K(4141888K), 0.0055505 secs] [Times: user=0.04 sys=0.00, real=0.01 secs] 
311633.148: [GC (Allocation Failure) 311633.148: [ParNew: 422430K->2125K(471872K), 0.0049727 secs] 1456036K->1036531K(4141888K), 0.0050583 secs] [Times: user=0.04 sys=0.00, real=0.00 secs] 
311636.023: [GC (Allocation Failure) 311636.023: [ParNew: 421581K->4908K(471872K), 0.0047850 secs] 1455987K->1040231K(4141888K), 0.0048725 secs] [Times: user=0.04 sys=0.00, real=0.01 secs] 
311641.100: [GC (Allocation Failure) 311641.100: [ParNew: 424364K->4117K(471872K), 0.0051126 secs] 1459687K->1042375K(4141888K), 0.0052013 secs] [Times: user=0.04 sys=0.00, real=0.01 secs] 
311645.126: [GC (Allocation Failure) 311645.126: [ParNew: 423573K->7067K(471872K), 0.0055051 secs] 1461831K->1046125K(4141888K), 0.0056206 secs] [Times: user=0.05 sys=0.00, real=0.00 secs] 
311646.384: [GC (Allocation Failure) 311646.384: [ParNew: 426523K->4929K(471872K), 0.0054065 secs] 1465581K->1045131K(4141888K), 0.0054953 secs] [Times: user=0.04 sys=0.00, real=0.00 secs] 
311647.296: [GC (Allocation Failure) 311647.296: [ParNew: 424054K->6283K(471872K), 0.0053795 secs] 1464257K->1046888K(4141888K), 0.0054701 secs] [Times: user=0.03 sys=0.00, real=0.00 secs] 
311648.653: [GC (Allocation Failure) 311648.653: [ParNew: 425145K->7185K(471872K), 0.0054975 secs] 1465750K->1047981K(4141888K), 0.0055823 secs] [Times: user=0.03 sys=0.00, real=0.01 secs] 
311650.046: [GC (Allocation Failure) 311650.046: [ParNew: 426083K->6307K(471872K), 0.0061861 secs] 1466879K->1047400K(4141888K), 0.0062745 secs] [Times: user=0.03 sys=0.00, real=0.00 secs] 
311650.554: [GC (Allocation Failure) 311650.555: [ParNew: 425763K->6478K(471872K), 0.0068041 secs] 1466856K->1048347K(4141888K), 0.0068830 secs] [Times: user=0.04 sys=0.00, real=0.00 secs] 
311651.918: [GC (Allocation Failure) 311651.918: [ParNew: 425934K->7546K(471872K), 0.0053245 secs] 1467803K->1049650K(4141888K), 0.0054183 secs] [Times: user=0.04 sys=0.00, real=0.01 secs] 
311652.399: [GC (Allocation Failure) 311652.399: [ParNew: 427002K->7297K(471872K), 0.0045334 secs] 1469106K->1050026K(4141888K), 0.0046305 secs] [Times: user=0.04 sys=0.00, real=0.00 secs] 
311654.095: [GC (Allocation Failure) 311654.095: [ParNew: 426753K->7838K(471872K), 0.0050615 secs] 1469482K->1050720K(4141888K), 0.0051621 secs] [Times: user=0.03 sys=0.00, real=0.00 secs] 
311655.376: [GC (Allocation Failure) 311655.376: [ParNew: 427294K->5356K(471872K), 0.0064302 secs] 1470176K->1048987K(4141888K), 0.0065380 secs] [Times: user=0.04 sys=0.00, real=0.00 secs] 
311655.934: [GC (Allocation Failure) 311655.934: [ParNew: 424812K->6826K(471872K), 0.0053708 secs] 1468443K->1051030K(4141888K), 0.0054550 secs] [Times: user=0.04 sys=0.00, real=0.01 secs] 
311656.448: [GC (Allocation Failure) 311656.448: [ParNew: 425962K->7552K(471872K), 0.0053040 secs] 1470166K->1051883K(4141888K), 0.0054066 secs] [Times: user=0.03 sys=0.00, real=0.00 secs] 
311656.937: [GC (Allocation Failure) 311656.937: [ParNew: 427008K->5853K(471872K), 0.0120500 secs] 1471339K->1050423K(4141888K), 0.0121370 secs] [Times: user=0.04 sys=0.01, real=0.01 secs] 
311657.402: [GC (Allocation Failure) 311657.402: [ParNew: 425309K->5183K(471872K), 0.0056625 secs] 1469879K->1050119K(4141888K), 0.0057534 secs] [Times: user=0.03 sys=0.00, real=0.01 secs] 
311659.318: [GC (Allocation Failure) 311659.318: [ParNew: 424639K->5334K(471872K), 0.0067975 secs] 1469575K->1050376K(4141888K), 0.0068879 secs] [Times: user=0.03 sys=0.01, real=0.01 secs] 
311659.814: [GC (Allocation Failure) 311659.814: [ParNew: 424790K->7767K(471872K), 0.0051228 secs] 1469832K->1053695K(4141888K), 0.0052106 secs] [Times: user=0.04 sys=0.00, real=0.01 secs] 
311660.316: [GC (Allocation Failure) 311660.316: [ParNew: 427223K->9339K(471872K), 0.0043853 secs] 1473151K->1055661K(4141888K), 0.0044703 secs] [Times: user=0.03 sys=0.00, real=0.00 secs] 
311661.973: [GC (Allocation Failure) 311661.973: [ParNew: 428795K->6614K(471872K), 0.0047042 secs] 1475117K->1053137K(4141888K), 0.0047951 secs] [Times: user=0.03 sys=0.00, real=0.01 secs] 
311664.151: [GC (Allocation Failure) 311664.151: [ParNew: 426070K->5070K(471872K), 0.0048893 secs] 1472593K->1052727K(4141888K), 0.0049796 secs] [Times: user=0.03 sys=0.00, real=0.01 secs] 
311668.851: [GC (Allocation Failure) 311668.852: [ParNew: 424526K->5503K(471872K), 0.0049871 secs] 1472183K->1053673K(4141888K), 0.0050791 secs] [Times: user=0.04 sys=0.00, real=0.01 secs] 
311673.123: [GC (Allocation Failure) 311673.123: [ParNew: 424959K->2578K(471872K), 0.0045540 secs] 1473129K->1051648K(4141888K), 0.0046397 secs] [Times: user=0.03 sys=0.00, real=0.01 secs] 
311683.034: [GC (Allocation Failure) 311683.034: [ParNew: 422034K->4938K(471872K), 0.0053700 secs] 1471104K->1054716K(4141888K), 0.0054651 secs] [Times: user=0.04 sys=0.00, real=0.01 secs] 
311688.105: [GC (Allocation Failure) 311688.105: [ParNew: 424394K->3440K(471872K), 0.0054507 secs] 1474172K->1054840K(4141888K), 0.0055468 secs] [Times: user=0.04 sys=0.00, real=0.00 secs] 
311695.095: [GC (Allocation Failure) 311695.095: [ParNew: 422881K->2600K(471872K), 0.0055858 secs] 1474281K->1054895K(4141888K), 0.0056688 secs] [Times: user=0.04 sys=0.00, real=0.00 secs] 
311697.257: [GC (Allocation Failure) 311697.257: [ParNew: 422056K->4459K(471872K), 0.0047234 secs] 1474351K->1058229K(4141888K), 0.0048034 secs] [Times: user=0.04 sys=0.00, real=0.00 secs] 
311707.349: [GC (Allocation Failure) 311707.349: [ParNew: 423915K->2815K(471872K), 0.0059620 secs] 1477685K->1059304K(4141888K), 0.0060558 secs] [Times: user=0.04 sys=0.00, real=0.01 secs] 
311725.499: [GC (Allocation Failure) 311725.499: [ParNew: 422271K->4708K(471872K), 0.0064466 secs] 1478760K->1063296K(4141888K), 0.0065660 secs] [Times: user=0.05 sys=0.00, real=0.01 secs] 
311743.965: [GC (Allocation Failure) 311743.965: [ParNew: 424164K->5523K(471872K), 0.0075387 secs] 1482752K->1067318K(4141888K), 0.0076496 secs] [Times: user=0.05 sys=0.00, real=0.00 secs] 
311756.258: [GC (Allocation Failure) 311756.258: [ParNew: 424960K->12080K(471872K), 0.0103583 secs] 1486754K->1076981K(4141888K), 0.0104568 secs] [Times: user=0.06 sys=0.00, real=0.01 secs] 
311757.317: [GC (Allocation Failure) 311757.318: [ParNew: 431536K->7598K(471872K), 0.0079741 secs] 1496437K->1074769K(4141888K), 0.0080701 secs] [Times: user=0.05 sys=0.00, real=0.01 secs] 
311767.950: [GC (Allocation Failure) 311767.951: [ParNew: 427054K->6909K(471872K), 0.0057020 secs] 1494225K->1075334K(4141888K), 0.0058030 secs] [Times: user=0.04 sys=0.00, real=0.01 secs] 
311780.594: [GC (Allocation Failure) 311780.594: [ParNew: 426365K->5443K(471872K), 0.0059252 secs] 1494790K->1078925K(4141888K), 0.0060243 secs] [Times: user=0.05 sys=0.00, real=0.00 secs] 
311788.583: [GC (Allocation Failure) 311788.583: [ParNew: 424899K->4110K(471872K), 0.0056843 secs] 1498381K->1079642K(4141888K), 0.0057836 secs] [Times: user=0.05 sys=0.01, real=0.01 secs] 
311797.519: [GC (Allocation Failure) 311797.520: [ParNew: 423566K->4346K(471872K), 0.0051264 secs] 1499098K->1081338K(4141888K), 0.0052307 secs] [Times: user=0.04 sys=0.00, real=0.01 secs] 
311804.607: [GC (Allocation Failure) 311804.607: [ParNew: 423802K->3142K(471872K), 0.0057613 secs] 1500794K->1081797K(4141888K), 0.0058402 secs] [Times: user=0.04 sys=0.00, real=0.00 secs] 
311813.100: [GC (Allocation Failure) 311813.100: [ParNew: 422598K->3331K(471872K), 0.0054369 secs] 1501253K->1083322K(4141888K), 0.0055302 secs] [Times: user=0.04 sys=0.00, real=0.01 secs] 
311820.606: [GC (Allocation Failure) 311820.606: [ParNew: 422787K->6117K(471872K), 0.0054444 secs] 1502778K->1087740K(4141888K), 0.0055374 secs] [Times: user=0.04 sys=0.00, real=0.00 secs] 
311833.165: [GC (Allocation Failure) 311833.165: [ParNew: 425573K->4799K(471872K), 0.0074468 secs] 1507196K->1090289K(4141888K), 0.0075293 secs] [Times: user=0.05 sys=0.00, real=0.00 secs] 
311853.063: [GC (Allocation Failure) 311853.064: [ParNew: 424255K->5042K(471872K), 0.0076066 secs] 1509745K->1092858K(4141888K), 0.0076981 secs] [Times: user=0.05 sys=0.00, real=0.01 secs] 
311864.689: [GC (Allocation Failure) 311864.689: [ParNew: 424498K->6111K(471872K), 0.0065387 secs] 1512314K->1097642K(4141888K), 0.0066380 secs] [Times: user=0.05 sys=0.00, real=0.01 secs] 
311869.800: [GC (Allocation Failure) 311869.800: [ParNew: 425567K->3456K(471872K), 0.0055446 secs] 1517098K->1097116K(4141888K), 0.0056337 secs] [Times: user=0.04 sys=0.00, real=0.01 secs] 
311871.668: [GC (Allocation Failure) 311871.668: [ParNew: 422912K->11902K(471872K), 0.0059311 secs] 1516572K->1106560K(4141888K), 0.0060419 secs] [Times: user=0.04 sys=0.00, real=0.01 secs] 
311872.609: [GC (Allocation Failure) 311872.609: [ParNew: 431074K->22480K(471872K), 0.0054344 secs] 1525732K->1117584K(4141888K), 0.0055329 secs] [Times: user=0.04 sys=0.00, real=0.01 secs] 
311873.597: [GC (Allocation Failure) 311873.597: [ParNew: 441936K->14976K(471872K), 0.0052887 secs] 1537040K->1110350K(4141888K), 0.0053874 secs] [Times: user=0.04 sys=0.00, real=0.00 secs] 
311873.860: [GC (Allocation Failure) 311873.860: [ParNew: 434432K->21022K(471872K), 0.0065686 secs] 1529806K->1116708K(4141888K), 0.0066615 secs] [Times: user=0.05 sys=0.00, real=0.01 secs] 
311874.887: [GC (Allocation Failure) 311874.887: [ParNew: 439812K->20115K(471872K), 0.0053393 secs] 1535498K->1116994K(4141888K), 0.0054323 secs] [Times: user=0.04 sys=0.00, real=0.00 secs] 
311875.773: [GC (Allocation Failure) 311875.773: [ParNew: 439571K->14982K(471872K), 0.0070476 secs] 1536450K->1112251K(4141888K), 0.0071439 secs] [Times: user=0.05 sys=0.00, real=0.01 secs] 
311877.789: [GC (Allocation Failure) 311877.789: [ParNew: 434438K->14203K(471872K), 0.0053506 secs] 1531707K->1111715K(4141888K), 0.0054408 secs] [Times: user=0.04 sys=0.00, real=0.01 secs] 
311880.717: [GC (Allocation Failure) 311880.717: [ParNew: 433659K->9090K(471872K), 0.0063136 secs] 1531171K->1108635K(4141888K), 0.0064045 secs] [Times: user=0.05 sys=0.00, real=0.00 secs] 
311881.855: [GC (Allocation Failure) 311881.855: [ParNew: 428546K->12856K(471872K), 0.0060173 secs] 1528091K->1113191K(4141888K), 0.0061149 secs] [Times: user=0.04 sys=0.00, real=0.00 secs] 
311883.161: [GC (Allocation Failure) 311883.161: [ParNew: 432312K->7354K(471872K), 0.0045574 secs] 1532647K->1110547K(4141888K), 0.0046374 secs] [Times: user=0.03 sys=0.00, real=0.01 secs] 
311886.764: [GC (Allocation Failure) 311886.764: [ParNew: 426810K->11377K(471872K), 0.0051850 secs] 1530003K->1114939K(4141888K), 0.0052704 secs] [Times: user=0.04 sys=0.00, real=0.00 secs] 
311890.752: [GC (Allocation Failure) 311890.752: [ParNew: 429218K->11058K(471872K), 0.0059907 secs] 1532780K->1115401K(4141888K), 0.0060892 secs] [Times: user=0.05 sys=0.00, real=0.01 secs] 
311892.790: [GC (Allocation Failure) 311892.790: [ParNew: 430514K->12756K(471872K), 0.0054865 secs] 1534857K->1118103K(4141888K), 0.0055782 secs] [Times: user=0.04 sys=0.00, real=0.01 secs] 
311894.636: [GC (Allocation Failure) 311894.636: [ParNew: 432212K->9532K(471872K), 0.0050095 secs] 1537559K->1115473K(4141888K), 0.0050977 secs] [Times: user=0.04 sys=0.00, real=0.00 secs] 
311895.764: [GC (Allocation Failure) 311895.764: [ParNew: 428988K->5648K(471872K), 0.0062639 secs] 1534929K->1112169K(4141888K), 0.0063543 secs] [Times: user=0.05 sys=0.00, real=0.01 secs] 
311897.731: [GC (Allocation Failure) 311897.731: [ParNew: 425104K->13622K(471872K), 0.0060103 secs] 1531625K->1120404K(4141888K), 0.0061135 secs] [Times: user=0.04 sys=0.00, real=0.01 secs] 
311898.882: [GC (Allocation Failure) 311898.882: [ParNew: 433078K->12286K(471872K), 0.0063095 secs] 1539860K->1119687K(4141888K), 0.0063988 secs] [Times: user=0.05 sys=0.00, real=0.01 secs] 
311900.822: [GC (Allocation Failure) 311900.822: [ParNew: 431742K->11619K(471872K), 0.0051254 secs] 1539143K->1119348K(4141888K), 0.0052237 secs] [Times: user=0.04 sys=0.01, real=0.01 secs] 
311902.722: [GC (Allocation Failure) 311902.722: [ParNew: 429507K->13466K(471872K), 0.0053247 secs] 1537236K->1121769K(4141888K), 0.0054332 secs] [Times: user=0.04 sys=0.00, real=0.01 secs] 
311904.572: [GC (Allocation Failure) 311904.572: [ParNew: 432394K->12141K(471872K), 0.0058803 secs] 1540697K->1120886K(4141888K), 0.0059881 secs] [Times: user=0.04 sys=0.00, real=0.01 secs] 
311905.552: [GC (Allocation Failure) 311905.552: [ParNew: 431597K->12491K(471872K), 0.0060018 secs] 1540342K->1121838K(4141888K), 0.0060958 secs] [Times: user=0.04 sys=0.00, real=0.01 secs] 
311906.660: [GC (Allocation Failure) 311906.660: [ParNew: 431947K->14336K(471872K), 0.0059805 secs] 1541294K->1123908K(4141888K), 0.0060614 secs] [Times: user=0.04 sys=0.00, real=0.01 secs] 
311907.065: [GC (Allocation Failure) 311907.065: [ParNew: 433792K->11962K(471872K), 0.0051789 secs] 1543364K->1122727K(4141888K), 0.0052699 secs] [Times: user=0.04 sys=0.00, real=0.00 secs] 
311907.490: [GC (Allocation Failure) 311907.490: [ParNew: 431418K->3688K(471872K), 0.0050897 secs] 1542183K->1122580K(4141888K), 0.0051822 secs] [Times: user=0.03 sys=0.00, real=0.01 secs] 
311908.021: [GC (Allocation Failure) 311908.021: [ParNew: 423144K->4261K(471872K), 0.0048880 secs] 1542036K->1124016K(4141888K), 0.0049678 secs] [Times: user=0.04 sys=0.00, real=0.01 secs] 
311908.410: [GC (Allocation Failure) 311908.410: [ParNew: 423717K->3323K(471872K), 0.0041435 secs] 1543472K->1123258K(4141888K), 0.0042197 secs] [Times: user=0.03 sys=0.00, real=0.01 secs] 
311908.720: [GC (Allocation Failure) 311908.720: [ParNew: 422779K->16741K(471872K), 0.0057996 secs] 1542714K->1137303K(4141888K), 0.0058992 secs] [Times: user=0.04 sys=0.00, real=0.01 secs] 
311909.774: [GC (Allocation Failure) 311909.774: [ParNew: 436197K->13374K(471872K), 0.0068577 secs] 1556759K->1136426K(4141888K), 0.0069636 secs] [Times: user=0.04 sys=0.00, real=0.00 secs] 
311910.932: [GC (Allocation Failure) 311910.932: [ParNew: 432087K->13318K(471872K), 0.0053061 secs] 1555139K->1137172K(4141888K), 0.0054115 secs] [Times: user=0.04 sys=0.00, real=0.01 secs] 
311912.670: [GC (Allocation Failure) 311912.670: [ParNew: 432774K->19197K(471872K), 0.0060890 secs] 1556628K->1143427K(4141888K), 0.0061885 secs] [Times: user=0.04 sys=0.00, real=0.01 secs] 
311914.223: [GC (Allocation Failure) 311914.223: [ParNew: 438653K->8490K(471872K), 0.0050945 secs] 1562883K->1133220K(4141888K), 0.0051884 secs] [Times: user=0.03 sys=0.00, real=0.01 secs] 
311915.767: [GC (Allocation Failure) 311915.767: [ParNew: 426191K->16240K(471872K), 0.0057497 secs] 1550922K->1141466K(4141888K), 0.0058471 secs] [Times: user=0.05 sys=0.00, real=0.00 secs] 
311916.261: [GC (Allocation Failure) 311916.261: [ParNew: 435696K->6040K(471872K), 0.0045593 secs] 1560922K->1131713K(4141888K), 0.0046407 secs] [Times: user=0.03 sys=0.00, real=0.01 secs] 
311919.560: [GC (Allocation Failure) 311919.560: [ParNew: 425496K->7523K(471872K), 0.0065661 secs] 1551169K->1134573K(4141888K), 0.0066726 secs] [Times: user=0.04 sys=0.00, real=0.01 secs] 
311922.658: [GC (Allocation Failure) 311922.658: [ParNew: 426979K->6621K(471872K), 0.0096412 secs] 1554029K->1134381K(4141888K), 0.0097295 secs] [Times: user=0.03 sys=0.00, real=0.01 secs] 
311925.278: [GC (Allocation Failure) 311925.278: [ParNew: 426077K->5210K(471872K), 0.0058974 secs] 1553837K->1133862K(4141888K), 0.0059844 secs] [Times: user=0.04 sys=0.00, real=0.01 secs] 
311928.368: [GC (Allocation Failure) 311928.368: [ParNew: 424666K->7111K(471872K), 0.0055344 secs] 1553318K->1136350K(4141888K), 0.0056257 secs] [Times: user=0.04 sys=0.00, real=0.01 secs] 
311930.703: [GC (Allocation Failure) 311930.703: [ParNew: 426567K->3028K(471872K), 0.0052547 secs] 1555806K->1133112K(4141888K), 0.0053353 secs] [Times: user=0.03 sys=0.00, real=0.01 secs] 
311933.323: [GC (Allocation Failure) 311933.323: [ParNew: 422484K->8381K(471872K), 0.0053060 secs] 1552568K->1139112K(4141888K), 0.0053990 secs] [Times: user=0.04 sys=0.00, real=0.01 secs] 
311938.271: [GC (Allocation Failure) 311938.271: [ParNew: 427811K->7479K(471872K), 0.0076643 secs] 1558542K->1139219K(4141888K), 0.0077514 secs] [Times: user=0.04 sys=0.00, real=0.01 secs] 
311940.405: [GC (Allocation Failure) 311940.405: [ParNew: 426935K->4014K(471872K), 0.0058931 secs] 1558675K->1137226K(4141888K), 0.0059722 secs] [Times: user=0.04 sys=0.00, real=0.00 secs] 
311942.374: [GC (Allocation Failure) 311942.374: [ParNew: 423470K->5235K(471872K), 0.0058048 secs] 1556682K->1139009K(4141888K), 0.0059015 secs] [Times: user=0.04 sys=0.00, real=0.01 secs] 
311943.140: [GC (Allocation Failure) 311943.140: [ParNew: 424691K->5672K(471872K), 0.0047885 secs] 1558465K->1140412K(4141888K), 0.0048695 secs] [Times: user=0.03 sys=0.00, real=0.01 secs] 
311944.551: [GC (Allocation Failure) 311944.551: [ParNew: 425128K->6855K(471872K), 0.0054516 secs] 1559868K->1144229K(4141888K), 0.0055421 secs] [Times: user=0.04 sys=0.00, real=0.01 secs] 
311946.372: [GC (Allocation Failure) 311946.372: [ParNew: 426311K->6987K(471872K), 0.0050634 secs] 1563685K->1144953K(4141888K), 0.0051484 secs] [Times: user=0.04 sys=0.00, real=0.01 secs] 
311947.634: [GC (Allocation Failure) 311947.634: [ParNew: 426443K->13174K(471872K), 0.0082233 secs] 1564409K->1151810K(4141888K), 0.0083635 secs] [Times: user=0.06 sys=0.00, real=0.00 secs] 
311948.641: [GC (Allocation Failure) 311948.641: [ParNew: 432630K->16275K(471872K), 0.0054089 secs] 1571266K->1155335K(4141888K), 0.0055086 secs] [Times: user=0.04 sys=0.00, real=0.01 secs] 
311950.668: [GC (Allocation Failure) 311950.669: [ParNew: 435157K->14379K(471872K), 0.0099312 secs] 1574216K->1153733K(4141888K), 0.0100233 secs] [Times: user=0.04 sys=0.00, real=0.01 secs] 
311951.628: [GC (Allocation Failure) 311951.628: [ParNew: 433835K->16083K(471872K), 0.0068433 secs] 1573189K->1156095K(4141888K), 0.0069457 secs] [Times: user=0.05 sys=0.01, real=0.01 secs] 
311954.426: [GC (Allocation Failure) 311954.426: [ParNew: 435539K->11424K(471872K), 0.0074246 secs] 1575551K->1152209K(4141888K), 0.0075212 secs] [Times: user=0.06 sys=0.00, real=0.01 secs] 
311954.892: [GC (Allocation Failure) 311954.892: [ParNew: 430880K->17308K(471872K), 0.0073950 secs] 1571665K->1159190K(4141888K), 0.0075126 secs] [Times: user=0.05 sys=0.00, real=0.01 secs] 
311955.974: [GC (Allocation Failure) 311955.974: [ParNew: 436764K->17512K(471872K), 0.0059645 secs] 1578646K->1159543K(4141888K), 0.0060719 secs] [Times: user=0.04 sys=0.00, real=0.00 secs] 
311956.960: [GC (Allocation Failure) 311956.960: [ParNew: 436968K->18753K(471872K), 0.0062391 secs] 1578999K->1161114K(4141888K), 0.0063354 secs] [Times: user=0.05 sys=0.00, real=0.01 secs] 
311958.098: [GC (Allocation Failure) 311958.098: [ParNew: 438209K->20016K(471872K), 0.0046740 secs] 1580570K->1162673K(4141888K), 0.0047701 secs] [Times: user=0.03 sys=0.00, real=0.00 secs] 
311959.681: [GC (Allocation Failure) 311959.681: [ParNew: 439294K->18181K(471872K), 0.0054206 secs] 1581951K->1161169K(4141888K), 0.0055182 secs] [Times: user=0.04 sys=0.00, real=0.01 secs] 
311960.714: [GC (Allocation Failure) 311960.714: [ParNew: 437637K->16332K(471872K), 0.0045813 secs] 1580625K->1159799K(4141888K), 0.0046708 secs] [Times: user=0.04 sys=0.00, real=0.00 secs] 
311961.741: [GC (Allocation Failure) 311961.741: [ParNew: 434541K->20472K(471872K), 0.0055316 secs] 1578007K->1164324K(4141888K), 0.0056347 secs] [Times: user=0.04 sys=0.00, real=0.01 secs] 
311962.510: [GC (Allocation Failure) 311962.510: [ParNew: 439928K->4840K(471872K), 0.0041046 secs] 1583780K->1148961K(4141888K), 0.0041970 secs] [Times: user=0.03 sys=0.00, real=0.01 secs] 
311963.490: [GC (Allocation Failure) 311963.490: [ParNew: 424296K->5677K(471872K), 0.0048178 secs] 1568417K->1150051K(4141888K), 0.0049115 secs] [Times: user=0.04 sys=0.00, real=0.01 secs] 
311964.714: [GC (Allocation Failure) 311964.714: [ParNew: 425133K->14166K(471872K), 0.0061802 secs] 1569507K->1158934K(4141888K), 0.0062747 secs] [Times: user=0.05 sys=0.00, real=0.00 secs] 
311965.880: [GC (Allocation Failure) 311965.880: [ParNew: 432827K->19363K(471872K), 0.0052132 secs] 1577596K->1164918K(4141888K), 0.0053200 secs] [Times: user=0.04 sys=0.00, real=0.01 secs] 
311968.617: [GC (Allocation Failure) 311968.618: [ParNew: 438819K->6857K(471872K), 0.0055088 secs] 1584374K->1152696K(4141888K), 0.0055911 secs] [Times: user=0.04 sys=0.01, real=0.00 secs] 
311972.514: [GC (Allocation Failure) 311972.514: [ParNew: 426313K->4449K(471872K), 0.0054444 secs] 1572152K->1152855K(4141888K), 0.0055525 secs] [Times: user=0.03 sys=0.00, real=0.01 secs] 
311977.441: [GC (Allocation Failure) 311977.441: [ParNew: 423905K->4583K(471872K), 0.0058813 secs] 1572311K->1153874K(4141888K), 0.0059730 secs] [Times: user=0.04 sys=0.01, real=0.01 secs] 
311980.723: [GC (Allocation Failure) 311980.723: [ParNew: 424039K->4844K(471872K), 0.0061693 secs] 1573330K->1155540K(4141888K), 0.0062675 secs] [Times: user=0.05 sys=0.00, real=0.01 secs] 
311985.651: [GC (Allocation Failure) 311985.652: [ParNew: 424300K->5024K(471872K), 0.0077491 secs] 1574996K->1156562K(4141888K), 0.0078344 secs] [Times: user=0.05 sys=0.00, real=0.01 secs] 
311988.368: [GC (Allocation Failure) 311988.368: [ParNew: 424249K->4506K(471872K), 0.0057691 secs] 1575787K->1157314K(4141888K), 0.0058518 secs] [Times: user=0.04 sys=0.01, real=0.00 secs] 
311993.411: [GC (Allocation Failure) 311993.411: [ParNew: 423937K->3058K(471872K), 0.0063687 secs] 1576745K->1156830K(4141888K), 0.0064535 secs] [Times: user=0.04 sys=0.00, real=0.01 secs] 
312000.578: [GC (Allocation Failure) 312000.578: [ParNew: 422514K->5368K(471872K), 0.0105566 secs] 1576286K->1160776K(4141888K), 0.0106484 secs] [Times: user=0.04 sys=0.00, real=0.01 secs] 
312002.689: [GC (Allocation Failure) 312002.689: [ParNew: 424824K->12765K(471872K), 0.0085812 secs] 1580232K->1169879K(4141888K), 0.0086809 secs] [Times: user=0.05 sys=0.00, real=0.01 secs] 
312005.580: [GC (Allocation Failure) 312005.580: [ParNew: 432221K->8908K(471872K), 0.0054928 secs] 1589335K->1166553K(4141888K), 0.0055871 secs] [Times: user=0.04 sys=0.00, real=0.01 secs] 
312010.571: [GC (Allocation Failure) 312010.571: [ParNew: 428364K->7975K(471872K), 0.0060617 secs] 1586009K->1168739K(4141888K), 0.0061925 secs] [Times: user=0.05 sys=0.00, real=0.01 secs] 
312011.736: [GC (Allocation Failure) 312011.736: [ParNew: 427431K->13010K(471872K), 0.0051819 secs] 1588195K->1175243K(4141888K), 0.0052717 secs] [Times: user=0.04 sys=0.00, real=0.00 secs] 
312012.897: [GC (Allocation Failure) 312012.897: [ParNew: 432466K->14239K(471872K), 0.0049613 secs] 1594699K->1176835K(4141888K), 0.0050613 secs] [Times: user=0.03 sys=0.00, real=0.00 secs] 
312015.558: [GC (Allocation Failure) 312015.558: [ParNew: 432999K->15362K(471872K), 0.0060589 secs] 1595595K->1178311K(4141888K), 0.0061583 secs] [Times: user=0.04 sys=0.00, real=0.01 secs] 
312016.701: [GC (Allocation Failure) 312016.701: [ParNew: 434818K->11842K(471872K), 0.0065755 secs] 1597767K->1175554K(4141888K), 0.0066731 secs] [Times: user=0.05 sys=0.00, real=0.01 secs] 
312017.864: [GC (Allocation Failure) 312017.864: [ParNew: 431298K->12783K(471872K), 0.0048997 secs] 1595010K->1176869K(4141888K), 0.0050041 secs] [Times: user=0.03 sys=0.00, real=0.00 secs] 
312019.722: [GC (Allocation Failure) 312019.722: [ParNew: 432239K->7321K(471872K), 0.0056791 secs] 1596325K->1172021K(4141888K), 0.0057656 secs] [Times: user=0.04 sys=0.00, real=0.01 secs] 
312020.901: [GC (Allocation Failure) 312020.901: [ParNew: 426777K->6307K(471872K), 0.0061376 secs] 1591477K->1171588K(4141888K), 0.0062161 secs] [Times: user=0.03 sys=0.00, real=0.01 secs] 
312024.636: [GC (Allocation Failure) 312024.636: [ParNew: 425763K->2892K(471872K), 0.0049012 secs] 1591044K->1168469K(4141888K), 0.0049873 secs] [Times: user=0.03 sys=0.00, real=0.00 secs] 
312027.686: [GC (Allocation Failure) 312027.686: [ParNew: 422348K->2641K(471872K), 0.0049450 secs] 1587925K->1169277K(4141888K), 0.0050300 secs] [Times: user=0.04 sys=0.00, real=0.00 secs] 
312029.736: [GC (Allocation Failure) 312029.736: [ParNew: 422097K->11506K(471872K), 0.0052654 secs] 1588733K->1178833K(4141888K), 0.0053669 secs] [Times: user=0.04 sys=0.00, real=0.00 secs] 
312031.621: [GC (Allocation Failure) 312031.621: [ParNew: 430962K->12513K(471872K), 0.0057101 secs] 1598289K->1180636K(4141888K), 0.0058010 secs] [Times: user=0.04 sys=0.00, real=0.01 secs] 
312033.677: [GC (Allocation Failure) 312033.677: [ParNew: 431968K->4039K(471872K), 0.0060038 secs] 1600091K->1172630K(4141888K), 0.0060900 secs] [Times: user=0.04 sys=0.00, real=0.00 secs] 
312036.584: [GC (Allocation Failure) 312036.584: [ParNew: 423495K->3936K(471872K), 0.0082585 secs] 1592086K->1173021K(4141888K), 0.0083524 secs] [Times: user=0.05 sys=0.00, real=0.00 secs] 
312037.795: [GC (Allocation Failure) 312037.795: [ParNew: 423392K->12085K(471872K), 0.0054672 secs] 1592477K->1181955K(4141888K), 0.0055649 secs] [Times: user=0.04 sys=0.00, real=0.00 secs] 
312038.965: [GC (Allocation Failure) 312038.965: [ParNew: 431541K->6164K(471872K), 0.0045434 secs] 1601411K->1176361K(4141888K), 0.0046336 secs] [Times: user=0.04 sys=0.00, real=0.00 secs] 
312040.803: [GC (Allocation Failure) 312040.803: [ParNew: 423777K->6804K(471872K), 0.0052105 secs] 1593974K->1177410K(4141888K), 0.0052980 secs] [Times: user=0.04 sys=0.00, real=0.01 secs] 
312042.053: [GC (Allocation Failure) 312042.053: [ParNew: 426260K->12375K(471872K), 0.0059690 secs] 1596866K->1183458K(4141888K), 0.0060701 secs] [Times: user=0.05 sys=0.00, real=0.01 secs] 
312042.993: [GC (Allocation Failure) 312042.993: [ParNew: 431831K->17011K(471872K), 0.0048662 secs] 1602914K->1188553K(4141888K), 0.0049640 secs] [Times: user=0.04 sys=0.00, real=0.01 secs] 
312043.459: [GC (Allocation Failure) 312043.459: [ParNew: 436467K->15953K(471872K), 0.0059953 secs] 1608009K->1189153K(4141888K), 0.0061043 secs] [Times: user=0.04 sys=0.00, real=0.01 secs] 
312044.593: [GC (Allocation Failure) 312044.593: [ParNew: 434057K->19785K(471872K), 0.0054253 secs] 1607257K->1193208K(4141888K), 0.0055181 secs] [Times: user=0.04 sys=0.00, real=0.01 secs] 
312045.070: [GC (Allocation Failure) 312045.070: [ParNew: 439241K->18437K(471872K), 0.0054807 secs] 1612664K->1192193K(4141888K), 0.0055821 secs] [Times: user=0.04 sys=0.00, real=0.01 secs] 
312046.091: [GC (Allocation Failure) 312046.091: [ParNew: 437893K->19931K(471872K), 0.0061181 secs] 1611649K->1193809K(4141888K), 0.0062305 secs] [Times: user=0.04 sys=0.00, real=0.01 secs] 
312046.514: [GC (Allocation Failure) 312046.514: [ParNew: 439387K->17848K(471872K), 0.0062461 secs] 1613265K->1192068K(4141888K), 0.0063423 secs] [Times: user=0.05 sys=0.00, real=0.00 secs] 
312046.928: [GC (Allocation Failure) 312046.928: [ParNew: 437304K->24863K(471872K), 0.0064710 secs] 1611524K->1199243K(4141888K), 0.0065704 secs] [Times: user=0.05 sys=0.00, real=0.01 secs] 
312047.348: [GC (Allocation Failure) 312047.348: [ParNew: 444319K->14062K(471872K), 0.0041923 secs] 1618699K->1188638K(4141888K), 0.0042675 secs] [Times: user=0.03 sys=0.00, real=0.00 secs] 
312047.947: [GC (Allocation Failure) 312047.947: [ParNew: 433518K->16981K(471872K), 0.0046665 secs] 1608094K->1191689K(4141888K), 0.0047708 secs] [Times: user=0.03 sys=0.00, real=0.00 secs] 
312048.363: [GC (Allocation Failure) 312048.363: [ParNew: 436437K->16718K(471872K), 0.0046615 secs] 1611145K->1191695K(4141888K), 0.0047461 secs] [Times: user=0.03 sys=0.00, real=0.01 secs] 
312048.807: [GC (Allocation Failure) 312048.807: [ParNew: 436174K->15480K(471872K), 0.0050917 secs] 1611151K->1190594K(4141888K), 0.0051836 secs] [Times: user=0.04 sys=0.00, real=0.00 secs] 
312049.219: [GC (Allocation Failure) 312049.219: [ParNew: 433014K->21750K(471872K), 0.0054004 secs] 1608128K->1197049K(4141888K), 0.0054975 secs] [Times: user=0.04 sys=0.00, real=0.01 secs] 
312049.630: [GC (Allocation Failure) 312049.630: [ParNew: 440401K->19452K(471872K), 0.0051966 secs] 1615700K->1194844K(4141888K), 0.0052915 secs] [Times: user=0.03 sys=0.00, real=0.01 secs] 
312050.158: [GC (Allocation Failure) 312050.158: [ParNew: 438815K->21718K(471872K), 0.0053897 secs] 1614208K->1197274K(4141888K), 0.0054894 secs] [Times: user=0.04 sys=0.00, real=0.01 secs] 
312050.566: [GC (Allocation Failure) 312050.566: [ParNew: 440598K->19293K(471872K), 0.0053420 secs] 1616153K->1195011K(4141888K), 0.0054465 secs] [Times: user=0.04 sys=0.00, real=0.00 secs] 
312050.960: [GC (Allocation Failure) 312050.960: [ParNew: 438749K->17231K(471872K), 0.0066865 secs] 1614467K->1193074K(4141888K), 0.0067804 secs] [Times: user=0.05 sys=0.00, real=0.01 secs] 
312051.367: [GC (Allocation Failure) 312051.367: [ParNew: 436687K->18373K(471872K), 0.0047887 secs] 1612530K->1194370K(4141888K), 0.0048796 secs] [Times: user=0.04 sys=0.00, real=0.00 secs] 
312051.666: [GC (Allocation Failure) 312051.666: [ParNew: 437829K->23359K(471872K), 0.0065093 secs] 1613826K->1199556K(4141888K), 0.0066044 secs] [Times: user=0.05 sys=0.00, real=0.00 secs] 
312051.925: [GC (Allocation Failure) 312051.925: [ParNew: 442815K->18021K(471872K), 0.0059227 secs] 1619012K->1199074K(4141888K), 0.0060146 secs] [Times: user=0.05 sys=0.00, real=0.00 secs] 
312052.180: [GC (Allocation Failure) 312052.180: [ParNew: 437477K->13290K(471872K), 0.0061869 secs] 1618530K->1194544K(4141888K), 0.0062716 secs] [Times: user=0.05 sys=0.00, real=0.01 secs] 
312052.439: [GC (Allocation Failure) 312052.439: [ParNew: 432746K->19741K(471872K), 0.0066786 secs] 1614000K->1201282K(4141888K), 0.0067764 secs] [Times: user=0.04 sys=0.00, real=0.01 secs] 
312052.689: [GC (Allocation Failure) 312052.689: [ParNew: 439197K->20569K(471872K), 0.0064704 secs] 1620738K->1202313K(4141888K), 0.0065746 secs] [Times: user=0.04 sys=0.00, real=0.01 secs] 
312052.928: [GC (Allocation Failure) 312052.928: [ParNew: 438733K->24154K(471872K), 0.0055527 secs] 1620477K->1206135K(4141888K), 0.0056525 secs] [Times: user=0.04 sys=0.00, real=0.00 secs] 
312053.155: [GC (Allocation Failure) 312053.155: [ParNew: 443610K->18350K(471872K), 0.0062439 secs] 1625591K->1200434K(4141888K), 0.0063386 secs] [Times: user=0.05 sys=0.00, real=0.00 secs] 
312053.384: [GC (Allocation Failure) 312053.384: [ParNew: 437806K->20115K(471872K), 0.0064910 secs] 1619890K->1202366K(4141888K), 0.0065942 secs] [Times: user=0.05 sys=0.00, real=0.01 secs] 
312053.628: [GC (GCLocker Initiated GC) 312053.628: [ParNew: 439571K->21214K(471872K), 0.0055101 secs] 1621822K->1203576K(4141888K), 0.0056072 secs] [Times: user=0.05 sys=0.00, real=0.00 secs] 
312053.877: [GC (Allocation Failure) 312053.877: [ParNew: 439992K->24206K(471872K), 0.0055007 secs] 1622354K->1206710K(4141888K), 0.0055975 secs] [Times: user=0.04 sys=0.00, real=0.00 secs] 
312054.226: [GC (Allocation Failure) 312054.226: [ParNew: 443662K->18954K(471872K), 0.0059571 secs] 1626166K->1203726K(4141888K), 0.0060543 secs] [Times: user=0.05 sys=0.00, real=0.00 secs] 
312054.635: [GC (Allocation Failure) 312054.635: [ParNew: 438410K->19626K(471872K), 0.0060704 secs] 1623182K->1204505K(4141888K), 0.0061673 secs] [Times: user=0.04 sys=0.00, real=0.00 secs] 
312055.038: [GC (Allocation Failure) 312055.038: [ParNew: 439082K->21774K(471872K), 0.0062014 secs] 1623961K->1206751K(4141888K), 0.0062961 secs] [Times: user=0.05 sys=0.00, real=0.01 secs] 
312055.452: [GC (Allocation Failure) 312055.452: [ParNew: 441230K->16342K(471872K), 0.0063600 secs] 1626207K->1201556K(4141888K), 0.0064585 secs] [Times: user=0.05 sys=0.00, real=0.01 secs] 
312055.855: [GC (Allocation Failure) 312055.855: [ParNew: 435798K->20819K(471872K), 0.0060887 secs] 1621012K->1206149K(4141888K), 0.0061819 secs] [Times: user=0.04 sys=0.00, real=0.00 secs] 
312070.432: [GC (Allocation Failure) 312070.432: [ParNew: 440275K->10030K(471872K), 0.0068980 secs] 1625605K->1197157K(4141888K), 0.0070065 secs] [Times: user=0.05 sys=0.00, real=0.01 secs] 
312087.180: [GC (Allocation Failure) 312087.180: [ParNew: 429486K->5553K(471872K), 0.0078733 secs] 1616613K->1198143K(4141888K), 0.0079636 secs] [Times: user=0.06 sys=0.00, real=0.01 secs] 
312105.678: [GC (Allocation Failure) 312105.678: [ParNew: 425009K->5814K(471872K), 0.0065704 secs] 1617599K->1201573K(4141888K), 0.0066568 secs] [Times: user=0.05 sys=0.00, real=0.01 secs] 
312113.323: [GC (Allocation Failure) 312113.323: [ParNew: 425270K->5374K(471872K), 0.0067330 secs] 1621029K->1204385K(4141888K), 0.0068314 secs] [Times: user=0.05 sys=0.00, real=0.01 secs] 
312116.699: [GC (Allocation Failure) 312116.699: [ParNew: 424830K->3194K(471872K), 0.0049845 secs] 1623841K->1203875K(4141888K), 0.0050753 secs] [Times: user=0.03 sys=0.00, real=0.01 secs] 
312123.482: [GC (Allocation Failure) 312123.482: [ParNew: 422650K->3501K(471872K), 0.0056194 secs] 1623331K->1204919K(4141888K), 0.0057043 secs] [Times: user=0.04 sys=0.00, real=0.01 secs] 
312126.225: [GC (Allocation Failure) 312126.225: [ParNew: 422957K->3282K(471872K), 0.0052957 secs] 1624375K->1205947K(4141888K), 0.0053800 secs] [Times: user=0.04 sys=0.00, real=0.00 secs] 
312127.558: [GC (Allocation Failure) 312127.558: [ParNew: 422738K->28606K(471872K), 0.0080421 secs] 1625403K->1232091K(4141888K), 0.0081275 secs] [Times: user=0.06 sys=0.00, real=0.01 secs] 
312130.633: [GC (Allocation Failure) 312130.633: [ParNew: 448062K->27377K(471872K), 0.0073490 secs] 1651547K->1233442K(4141888K), 0.0074453 secs] [Times: user=0.06 sys=0.00, real=0.01 secs] 
312131.759: [GC (Allocation Failure) 312131.759: [ParNew: 446833K->28060K(471872K), 0.0081002 secs] 1652898K->1234957K(4141888K), 0.0081976 secs] [Times: user=0.06 sys=0.00, real=0.01 secs] 
312132.877: [GC (Allocation Failure) 312132.877: [ParNew: 447198K->25086K(471872K), 0.0059852 secs] 1654095K->1232358K(4141888K), 0.0060841 secs] [Times: user=0.04 sys=0.00, real=0.00 secs] 
312133.260: [GC (Allocation Failure) 312133.260: [ParNew: 444542K->18021K(471872K), 0.0076956 secs] 1651814K->1226061K(4141888K), 0.0078098 secs] [Times: user=0.06 sys=0.00, real=0.01 secs] 
312135.951: [GC (Allocation Failure) 312135.951: [ParNew: 437477K->7051K(471872K), 0.0051319 secs] 1645517K->1216882K(4141888K), 0.0052121 secs] [Times: user=0.04 sys=0.00, real=0.01 secs] 
312138.667: [GC (Allocation Failure) 312138.667: [ParNew: 426507K->5451K(471872K), 0.0052923 secs] 1636338K->1216150K(4141888K), 0.0053771 secs] [Times: user=0.04 sys=0.00, real=0.00 secs] 
312140.619: [GC (Allocation Failure) 312140.619: [ParNew: 424907K->4800K(471872K), 0.0047740 secs] 1635606K->1216147K(4141888K), 0.0048636 secs] [Times: user=0.04 sys=0.00, real=0.01 secs] 
312143.248: [GC (Allocation Failure) 312143.248: [ParNew: 424256K->3645K(471872K), 0.0050456 secs] 1635603K->1215477K(4141888K), 0.0051340 secs] [Times: user=0.03 sys=0.00, real=0.00 secs] 
312149.472: [GC (Allocation Failure) 312149.472: [ParNew: 423101K->5758K(471872K), 0.0059959 secs] 1634933K->1218297K(4141888K), 0.0060858 secs] [Times: user=0.04 sys=0.00, real=0.01 secs] 
312155.419: [GC (Allocation Failure) 312155.419: [ParNew: 425214K->4037K(471872K), 0.0063272 secs] 1637753K->1218485K(4141888K), 0.0064112 secs] [Times: user=0.05 sys=0.01, real=0.01 secs] 
312158.123: [GC (Allocation Failure) 312158.123: [ParNew: 423493K->4095K(471872K), 0.0053865 secs] 1637941K->1220177K(4141888K), 0.0054830 secs] [Times: user=0.03 sys=0.00, real=0.01 secs] 
312160.615: [GC (Allocation Failure) 312160.615: [ParNew: 423551K->4995K(471872K), 0.0061549 secs] 1639633K->1221801K(4141888K), 0.0062410 secs] [Times: user=0.05 sys=0.00, real=0.00 secs] 
312163.157: [GC (Allocation Failure) 312163.157: [ParNew: 424451K->2949K(471872K), 0.0051514 secs] 1641257K->1220343K(4141888K), 0.0052274 secs] [Times: user=0.04 sys=0.00, real=0.00 secs] 
312167.402: [GC (Allocation Failure) 312167.402: [ParNew: 422405K->2739K(471872K), 0.0047449 secs] 1639799K->1220700K(4141888K), 0.0048251 secs] [Times: user=0.03 sys=0.00, real=0.01 secs] 
312169.997: [GC (Allocation Failure) 312169.997: [ParNew: 422195K->5235K(471872K), 0.0052867 secs] 1640156K->1224316K(4141888K), 0.0053670 secs] [Times: user=0.03 sys=0.00, real=0.00 secs] 
312172.390: [GC (Allocation Failure) 312172.390: [ParNew: 424691K->4754K(471872K), 0.0048382 secs] 1643772K->1224512K(4141888K), 0.0049309 secs] [Times: user=0.03 sys=0.00, real=0.01 secs] 
312177.650: [GC (Allocation Failure) 312177.650: [ParNew: 424210K->2691K(471872K), 0.0056372 secs] 1643968K->1223231K(4141888K), 0.0057193 secs] [Times: user=0.04 sys=0.00, real=0.01 secs] 
312179.866: [GC (Allocation Failure) 312179.866: [ParNew: 421673K->5331K(471872K), 0.0077669 secs] 1642213K->1227128K(4141888K), 0.0078583 secs] [Times: user=0.05 sys=0.00, real=0.00 secs] 
312184.521: [GC (Allocation Failure) 312184.521: [ParNew: 424492K->6430K(471872K), 0.0076308 secs] 1646289K->1228742K(4141888K), 0.0077284 secs] [Times: user=0.05 sys=0.00, real=0.01 secs] 
312187.035: [GC (Allocation Failure) 312187.035: [ParNew: 425886K->3357K(471872K), 0.0056456 secs] 1648198K->1226752K(4141888K), 0.0057248 secs] [Times: user=0.04 sys=0.00, real=0.00 secs] 
312197.451: [GC (Allocation Failure) 312197.451: [ParNew: 422811K->6241K(471872K), 0.0064621 secs] 1646206K->1230831K(4141888K), 0.0065522 secs] [Times: user=0.04 sys=0.00, real=0.01 secs] 
312209.890: [GC (Allocation Failure) 312209.890: [ParNew: 425697K->5351K(471872K), 0.0079090 secs] 1650287K->1235102K(4141888K), 0.0080010 secs] [Times: user=0.05 sys=0.00, real=0.01 secs] 
312213.050: [GC (Allocation Failure) 312213.050: [ParNew: 424807K->4230K(471872K), 0.0065284 secs] 1654558K->1237025K(4141888K), 0.0066111 secs] [Times: user=0.05 sys=0.00, real=0.01 secs] 
312215.879: [GC (Allocation Failure) 312215.879: [ParNew: 423686K->2536K(471872K), 0.0053377 secs] 1656481K->1236353K(4141888K), 0.0054251 secs] [Times: user=0.04 sys=0.00, real=0.01 secs] 
312218.633: [GC (Allocation Failure) 312218.633: [ParNew: 421992K->6950K(471872K), 0.0052381 secs] 1655809K->1241525K(4141888K), 0.0053323 secs] [Times: user=0.04 sys=0.00, real=0.01 secs] 
312223.048: [GC (Allocation Failure) 312223.048: [ParNew: 426406K->3626K(471872K), 0.0050790 secs] 1660981K->1238785K(4141888K), 0.0051634 secs] [Times: user=0.04 sys=0.00, real=0.00 secs] 
312224.570: [GC (Allocation Failure) 312224.570: [ParNew: 423082K->4461K(471872K), 0.0052091 secs] 1658241K->1240624K(4141888K), 0.0052923 secs] [Times: user=0.03 sys=0.00, real=0.01 secs] 
312227.453: [GC (Allocation Failure) 312227.453: [ParNew: 423917K->5968K(471872K), 0.0051172 secs] 1660080K->1242624K(4141888K), 0.0052070 secs] [Times: user=0.04 sys=0.00, real=0.01 secs] 
312228.519: [GC (Allocation Failure) 312228.519: [ParNew: 425424K->2338K(471872K), 0.0043159 secs] 1662080K->1239824K(4141888K), 0.0044008 secs] [Times: user=0.03 sys=0.00, real=0.00 secs] 
312229.809: [GC (Allocation Failure) 312229.809: [ParNew: 421794K->1949K(471872K), 0.0044198 secs] 1659280K->1239707K(4141888K), 0.0044969 secs] [Times: user=0.03 sys=0.00, real=0.00 secs] 
312233.050: [GC (Allocation Failure) 312233.050: [ParNew: 421405K->2000K(471872K), 0.0042734 secs] 1659163K->1240039K(4141888K), 0.0043631 secs] [Times: user=0.04 sys=0.00, real=0.01 secs] 
312233.767: [GC (Allocation Failure) 312233.767: [ParNew: 421456K->4680K(471872K), 0.0050553 secs] 1659495K->1243427K(4141888K), 0.0051437 secs] [Times: user=0.04 sys=0.00, real=0.00 secs] 
312236.425: [GC (Allocation Failure) 312236.425: [ParNew: 423824K->3867K(471872K), 0.0042935 secs] 1662571K->1242782K(4141888K), 0.0043747 secs] [Times: user=0.03 sys=0.00, real=0.00 secs] 
312237.521: [GC (Allocation Failure) 312237.521: [ParNew: 423164K->10862K(471872K), 0.0053141 secs] 1662080K->1250420K(4141888K), 0.0054054 secs] [Times: user=0.04 sys=0.00, real=0.01 secs] 
312238.482: [GC (Allocation Failure) 312238.482: [ParNew: 430318K->6852K(471872K), 0.0046776 secs] 1669876K->1246658K(4141888K), 0.0047596 secs] [Times: user=0.03 sys=0.00, real=0.01 secs] 
312240.565: [GC (Allocation Failure) 312240.565: [ParNew: 426056K->8543K(471872K), 0.0094031 secs] 1665861K->1248523K(4141888K), 0.0095081 secs] [Times: user=0.06 sys=0.00, real=0.01 secs] 
312242.583: [GC (Allocation Failure) 312242.583: [ParNew: 427999K->6040K(471872K), 0.0058749 secs] 1667979K->1246452K(4141888K), 0.0059538 secs] [Times: user=0.03 sys=0.00, real=0.01 secs] 
312243.491: [GC (Allocation Failure) 312243.491: [ParNew: 425496K->3489K(471872K), 0.0046796 secs] 1665908K->1244364K(4141888K), 0.0047618 secs] [Times: user=0.03 sys=0.00, real=0.01 secs] 
312245.510: [GC (Allocation Failure) 312245.510: [ParNew: 422449K->7367K(471872K), 0.0058178 secs] 1663324K->1248524K(4141888K), 0.0059148 secs] [Times: user=0.05 sys=0.00, real=0.01 secs] 
312247.079: [GC (Allocation Failure) 312247.079: [ParNew: 426823K->3240K(471872K), 0.0042728 secs] 1667980K->1244842K(4141888K), 0.0043524 secs] [Times: user=0.03 sys=0.00, real=0.00 secs] 
312248.015: [GC (Allocation Failure) 312248.015: [ParNew: 422201K->1749K(471872K), 0.0044189 secs] 1663803K->1243780K(4141888K), 0.0045037 secs] [Times: user=0.03 sys=0.00, real=0.00 secs] 
312249.538: [GC (Allocation Failure) 312249.538: [ParNew: 421205K->24758K(471872K), 0.0071064 secs] 1663236K->1267065K(4141888K), 0.0072028 secs] [Times: user=0.05 sys=0.00, real=0.01 secs] 
312250.751: [GC (Allocation Failure) 312250.751: [ParNew: 444214K->12212K(471872K), 0.0046869 secs] 1686521K->1257143K(4141888K), 0.0047743 secs] [Times: user=0.04 sys=0.00, real=0.01 secs] 
312251.738: [GC (Allocation Failure) 312251.738: [ParNew: 431668K->3525K(471872K), 0.0119751 secs] 1676599K->1248804K(4141888K), 0.0120514 secs] [Times: user=0.03 sys=0.00, real=0.01 secs] 
312253.064: [GC (Allocation Failure) 312253.064: [ParNew: 422981K->1916K(471872K), 0.0070263 secs] 1668260K->1247509K(4141888K), 0.0071457 secs] [Times: user=0.03 sys=0.00, real=0.01 secs] 
312253.766: [GC (Allocation Failure) 312253.766: [ParNew: 421372K->6490K(471872K), 0.0065175 secs] 1666965K->1252503K(4141888K), 0.0066190 secs] [Times: user=0.04 sys=0.00, real=0.00 secs] 
312255.195: [GC (Allocation Failure) 312255.195: [ParNew: 425946K->4569K(471872K), 0.0056780 secs] 1671959K->1250737K(4141888K), 0.0057542 secs] [Times: user=0.04 sys=0.00, real=0.00 secs] 
312257.465: [GC (Allocation Failure) 312257.465: [ParNew: 424025K->7774K(471872K), 0.0070773 secs] 1670193K->1254488K(4141888K), 0.0071681 secs] [Times: user=0.04 sys=0.00, real=0.00 secs] 
312258.274: [GC (Allocation Failure) 312258.274: [ParNew: 427230K->2848K(471872K), 0.0043419 secs] 1673944K->1250024K(4141888K), 0.0044146 secs] [Times: user=0.03 sys=0.00, real=0.00 secs] 
312259.544: [GC (Allocation Failure) 312259.544: [ParNew: 422304K->7831K(471872K), 0.0045719 secs] 1669480K->1255124K(4141888K), 0.0046558 secs] [Times: user=0.04 sys=0.00, real=0.00 secs] 
312260.712: [GC (Allocation Failure) 312260.712: [ParNew: 427039K->7457K(471872K), 0.0059785 secs] 1674332K->1255243K(4141888K), 0.0060704 secs] [Times: user=0.05 sys=0.01, real=0.01 secs] 
312262.535: [GC (Allocation Failure) 312262.535: [ParNew: 426209K->12102K(471872K), 0.0049304 secs] 1673994K->1260157K(4141888K), 0.0050301 secs] [Times: user=0.04 sys=0.00, real=0.00 secs] 
312268.598: [GC (Allocation Failure) 312268.598: [ParNew: 431558K->5019K(471872K), 0.0046504 secs] 1679613K->1253347K(4141888K), 0.0047277 secs] [Times: user=0.03 sys=0.00, real=0.00 secs] 
312274.281: [GC (Allocation Failure) 312274.282: [ParNew: 424475K->2107K(471872K), 0.0053208 secs] 1672803K->1252427K(4141888K), 0.0054063 secs] [Times: user=0.04 sys=0.00, real=0.01 secs] 
312292.723: [GC (Allocation Failure) 312292.723: [ParNew: 421563K->4508K(471872K), 0.0056986 secs] 1671883K->1256071K(4141888K), 0.0058024 secs] [Times: user=0.05 sys=0.00, real=0.01 secs] 
312305.600: [GC (Allocation Failure) 312305.600: [ParNew: 423964K->6364K(471872K), 0.0073543 secs] 1675527K->1261129K(4141888K), 0.0074479 secs] [Times: user=0.05 sys=0.00, real=0.01 secs] 
312321.606: [GC (Allocation Failure) 312321.606: [ParNew: 425820K->6840K(471872K), 0.0070875 secs] 1680585K->1265431K(4141888K), 0.0071828 secs] [Times: user=0.05 sys=0.00, real=0.00 secs] 
312336.887: [GC (Allocation Failure) 312336.888: [ParNew: 426296K->4300K(471872K), 0.0085790 secs] 1684887K->1268309K(4141888K), 0.0086814 secs] [Times: user=0.05 sys=0.01, real=0.01 secs] 
312347.407: [GC (Allocation Failure) 312347.407: [ParNew: 423756K->4110K(471872K), 0.0091121 secs] 1687765K->1270989K(4141888K), 0.0092124 secs] [Times: user=0.04 sys=0.00, real=0.01 secs] 
312359.334: [GC (Allocation Failure) 312359.334: [ParNew: 423566K->3808K(471872K), 0.0077125 secs] 1690445K->1272546K(4141888K), 0.0078166 secs] [Times: user=0.04 sys=0.00, real=0.00 secs] 
312370.658: [GC (Allocation Failure) 312370.658: [ParNew: 423264K->4527K(471872K), 0.0066478 secs] 1692002K->1275409K(4141888K), 0.0067558 secs] [Times: user=0.05 sys=0.00, real=0.01 secs] 
312382.365: [GC (Allocation Failure) 312382.365: [ParNew: 423983K->6995K(471872K), 0.0059055 secs] 1694865K->1279881K(4141888K), 0.0059969 secs] [Times: user=0.04 sys=0.00, real=0.00 secs] 
312395.777: [GC (Allocation Failure) 312395.777: [ParNew: 426451K->4589K(471872K), 0.0065418 secs] 1699337K->1281917K(4141888K), 0.0066333 secs] [Times: user=0.05 sys=0.00, real=0.00 secs] 
312414.365: [GC (Allocation Failure) 312414.365: [ParNew: 424045K->4927K(471872K), 0.0061618 secs] 1701373K->1284982K(4141888K), 0.0062518 secs] [Times: user=0.04 sys=0.00, real=0.00 secs] 
312433.445: [GC (Allocation Failure) 312433.445: [ParNew: 422338K->7448K(471872K), 0.0068512 secs] 1702393K->1290580K(4141888K), 0.0069565 secs] [Times: user=0.05 sys=0.00, real=0.00 secs] 
312449.565: [GC (Allocation Failure) 312449.565: [ParNew: 426904K->7835K(471872K), 0.0072623 secs] 1710036K->1294190K(4141888K), 0.0073576 secs] [Times: user=0.05 sys=0.00, real=0.00 secs] 
312458.528: [GC (Allocation Failure) 312458.528: [ParNew: 427291K->4980K(471872K), 0.0071145 secs] 1713646K->1296423K(4141888K), 0.0072109 secs] [Times: user=0.05 sys=0.00, real=0.01 secs] 
312473.087: [GC (Allocation Failure) 312473.087: [ParNew: 424436K->5208K(471872K), 0.0067864 secs] 1715879K->1299107K(4141888K), 0.0068855 secs] [Times: user=0.05 sys=0.00, real=0.01 secs] 
312488.756: [GC (Allocation Failure) 312488.756: [ParNew: 424664K->4728K(471872K), 0.0072840 secs] 1718563K->1301427K(4141888K), 0.0073760 secs] [Times: user=0.05 sys=0.00, real=0.01 secs] 
312503.173: [GC (Allocation Failure) 312503.173: [ParNew: 424184K->7408K(471872K), 0.0079429 secs] 1720883K->1307010K(4141888K), 0.0080372 secs] [Times: user=0.06 sys=0.00, real=0.01 secs] 
312523.120: [GC (Allocation Failure) 312523.120: [ParNew: 426864K->5100K(471872K), 0.0070083 secs] 1726466K->1309276K(4141888K), 0.0071026 secs] [Times: user=0.05 sys=0.00, real=0.01 secs] 
312531.024: [GC (Allocation Failure) 312531.024: [ParNew: 424556K->8545K(471872K), 0.0075372 secs] 1728732K->1316244K(4141888K), 0.0076399 secs] [Times: user=0.05 sys=0.01, real=0.01 secs] 
312531.706: [GC (Allocation Failure) 312531.706: [ParNew: 428001K->17239K(471872K), 0.0073382 secs] 1735700K->1326423K(4141888K), 0.0074400 secs] [Times: user=0.05 sys=0.00, real=0.00 secs] 
312533.319: [GC (Allocation Failure) 312533.319: [ParNew: 436695K->17902K(471872K), 0.0067040 secs] 1745879K->1327259K(4141888K), 0.0068035 secs] [Times: user=0.05 sys=0.00, real=0.01 secs] 
312534.230: [GC (Allocation Failure) 312534.230: [ParNew: 437358K->22960K(471872K), 0.0066397 secs] 1746715K->1332811K(4141888K), 0.0067413 secs] [Times: user=0.05 sys=0.00, real=0.01 secs] 
312535.046: [GC (Allocation Failure) 312535.046: [ParNew: 442416K->19921K(471872K), 0.0067210 secs] 1752267K->1330116K(4141888K), 0.0068308 secs] [Times: user=0.05 sys=0.00, real=0.00 secs] 
312535.539: [GC (Allocation Failure) 312535.539: [ParNew: 439377K->9025K(471872K), 0.0049027 secs] 1749572K->1319484K(4141888K), 0.0049858 secs] [Times: user=0.04 sys=0.00, real=0.01 secs] 
312535.975: [GC (Allocation Failure) 312535.975: [ParNew: 428375K->23629K(471872K), 0.0053961 secs] 1738834K->1334202K(4141888K), 0.0054896 secs] [Times: user=0.04 sys=0.00, real=0.00 secs] 
312537.154: [GC (Allocation Failure) 312537.154: [ParNew: 443085K->5374K(471872K), 0.0041613 secs] 1753658K->1316183K(4141888K), 0.0042407 secs] [Times: user=0.03 sys=0.00, real=0.00 secs] 
312553.981: [GC (Allocation Failure) 312553.981: [ParNew: 424830K->5451K(471872K), 0.0071889 secs] 1735639K->1318201K(4141888K), 0.0072852 secs] [Times: user=0.06 sys=0.00, real=0.01 secs] 
312560.556: [GC (Allocation Failure) 312560.556: [ParNew: 424907K->7943K(471872K), 0.0078477 secs] 1737657K->1325033K(4141888K), 0.0079446 secs] [Times: user=0.05 sys=0.00, real=0.01 secs] 
312568.683: [GC (Allocation Failure) 312568.683: [ParNew: 427399K->3949K(471872K), 0.0068042 secs] 1744489K->1325385K(4141888K), 0.0068906 secs] [Times: user=0.05 sys=0.00, real=0.01 secs] 
312570.008: [GC (Allocation Failure) 312570.008: [ParNew: 423403K->10134K(471872K), 0.0061998 secs] 1744840K->1333887K(4141888K), 0.0062955 secs] [Times: user=0.04 sys=0.00, real=0.01 secs] 
312570.584: [GC (Allocation Failure) 312570.584: [ParNew: 429590K->4302K(471872K), 0.0050851 secs] 1753343K->1334811K(4141888K), 0.0051739 secs] [Times: user=0.04 sys=0.00, real=0.00 secs] 
312570.885: [GC (Allocation Failure) 312570.885: [ParNew: 423758K->16500K(471872K), 0.0056667 secs] 1754267K->1347624K(4141888K), 0.0057616 secs] [Times: user=0.04 sys=0.00, real=0.00 secs] 
312571.117: [GC (Allocation Failure) 312571.117: [ParNew: 435956K->24269K(471872K), 0.0082798 secs] 1767080K->1355640K(4141888K), 0.0083899 secs] [Times: user=0.06 sys=0.00, real=0.01 secs] 
312571.510: [GC (Allocation Failure) 312571.510: [ParNew: 443725K->11780K(471872K), 0.0049657 secs] 1775096K->1347132K(4141888K), 0.0050569 secs] [Times: user=0.03 sys=0.00, real=0.01 secs] 
312572.007: [GC (Allocation Failure) 312572.007: [ParNew: 431236K->24938K(471872K), 0.0066009 secs] 1766588K->1360522K(4141888K), 0.0067011 secs] [Times: user=0.05 sys=0.00, real=0.01 secs] 
312573.131: [GC (Allocation Failure) 312573.132: [ParNew: 444394K->20879K(471872K), 0.0105393 secs] 1779978K->1356982K(4141888K), 0.0106385 secs] [Times: user=0.08 sys=0.00, real=0.01 secs] 
312575.977: [GC (Allocation Failure) 312575.977: [ParNew: 440335K->4321K(471872K), 0.0048964 secs] 1776438K->1340762K(4141888K), 0.0050013 secs] [Times: user=0.04 sys=0.01, real=0.00 secs] 
312579.680: [GC (Allocation Failure) 312579.680: [ParNew: 423777K->19074K(471872K), 0.0072993 secs] 1760218K->1356274K(4141888K), 0.0074087 secs] [Times: user=0.05 sys=0.00, real=0.01 secs] 
312581.725: [GC (Allocation Failure) 312581.725: [ParNew: 435631K->22456K(471872K), 0.0060664 secs] 1772830K->1360712K(4141888K), 0.0061712 secs] [Times: user=0.04 sys=0.00, real=0.00 secs] 
312582.918: [GC (Allocation Failure) 312582.918: [ParNew: 441912K->17325K(471872K), 0.0049693 secs] 1780168K->1356315K(4141888K), 0.0050637 secs] [Times: user=0.03 sys=0.00, real=0.00 secs] 
312583.285: [GC (Allocation Failure) 312583.285: [ParNew: 436781K->18940K(471872K), 0.0057968 secs] 1775771K->1358272K(4141888K), 0.0058957 secs] [Times: user=0.04 sys=0.00, real=0.00 secs] 
312589.556: [GC (Allocation Failure) 312589.556: [ParNew: 438394K->4918K(471872K), 0.0052076 secs] 1777726K->1344389K(4141888K), 0.0052941 secs] [Times: user=0.04 sys=0.00, real=0.00 secs] 
312606.056: [GC (Allocation Failure) 312606.056: [ParNew: 424374K->5032K(471872K), 0.0080622 secs] 1763845K->1347560K(4141888K), 0.0081721 secs] [Times: user=0.06 sys=0.00, real=0.01 secs] 
312619.839: [GC (Allocation Failure) 312619.839: [ParNew: 424488K->8694K(471872K), 0.0084887 secs] 1767016K->1355167K(4141888K), 0.0085851 secs] [Times: user=0.06 sys=0.00, real=0.01 secs] 
312627.781: [GC (Allocation Failure) 312627.781: [ParNew: 427042K->16188K(471872K), 0.0094064 secs] 1773514K->1368390K(4141888K), 0.0095060 secs] [Times: user=0.07 sys=0.00, real=0.01 secs] 
312629.292: [GC (Allocation Failure) 312629.292: [ParNew: 435644K->18025K(471872K), 0.0080406 secs] 1787846K->1372498K(4141888K), 0.0081468 secs] [Times: user=0.05 sys=0.00, real=0.01 secs] 
312633.804: [GC (Allocation Failure) 312633.804: [ParNew: 437481K->13015K(471872K), 0.0053353 secs] 1791954K->1367934K(4141888K), 0.0054273 secs] [Times: user=0.04 sys=0.00, real=0.00 secs] 
312635.263: [GC (Allocation Failure) 312635.263: [ParNew: 432471K->11493K(471872K), 0.0061262 secs] 1787390K->1367813K(4141888K), 0.0062396 secs] [Times: user=0.04 sys=0.00, real=0.01 secs] 
312637.469: [GC (Allocation Failure) 312637.469: [ParNew: 430949K->18368K(471872K), 0.0060381 secs] 1787269K->1375307K(4141888K), 0.0061423 secs] [Times: user=0.04 sys=0.00, real=0.01 secs] 
312640.469: [GC (Allocation Failure) 312640.469: [ParNew: 437824K->19637K(471872K), 0.0066638 secs] 1794763K->1377009K(4141888K), 0.0067842 secs] [Times: user=0.05 sys=0.00, real=0.01 secs] 
312642.792: [GC (Allocation Failure) 312642.792: [ParNew: 439093K->6499K(471872K), 0.0047798 secs] 1796465K->1364848K(4141888K), 0.0048618 secs] [Times: user=0.03 sys=0.00, real=0.01 secs] 
312647.225: [GC (Allocation Failure) 312647.225: [ParNew: 425871K->20458K(471872K), 0.0062345 secs] 1784220K->1379316K(4141888K), 0.0063624 secs] [Times: user=0.05 sys=0.01, real=0.00 secs] 
312649.016: [GC (Allocation Failure) 312649.016: [ParNew: 439914K->25495K(471872K), 0.0074627 secs] 1798772K->1385444K(4141888K), 0.0075695 secs] [Times: user=0.05 sys=0.00, real=0.01 secs] 
312650.469: [GC (Allocation Failure) 312650.469: [ParNew: 444951K->9927K(471872K), 0.0063040 secs] 1804900K->1370497K(4141888K), 0.0063928 secs] [Times: user=0.05 sys=0.00, real=0.01 secs] 
312652.985: [GC (Allocation Failure) 312652.985: [ParNew: 429383K->17650K(471872K), 0.0077835 secs] 1789953K->1378616K(4141888K), 0.0078937 secs] [Times: user=0.06 sys=0.00, real=0.00 secs] 
312654.321: [GC (Allocation Failure) 312654.321: [ParNew: 436262K->18663K(471872K), 0.0061959 secs] 1797228K->1380447K(4141888K), 0.0063114 secs] [Times: user=0.04 sys=0.00, real=0.01 secs] 
312656.014: [GC (Allocation Failure) 312656.014: [ParNew: 438119K->4802K(471872K), 0.0050341 secs] 1799903K->1367034K(4141888K), 0.0051179 secs] [Times: user=0.03 sys=0.00, real=0.01 secs] 
312657.824: [GC (Allocation Failure) 312657.824: [ParNew: 421020K->23169K(471872K), 0.0056412 secs] 1783252K->1385928K(4141888K), 0.0057377 secs] [Times: user=0.04 sys=0.00, real=0.00 secs] 
312659.120: [GC (Allocation Failure) 312659.120: [ParNew: 442625K->19565K(471872K), 0.0065287 secs] 1805384K->1382881K(4141888K), 0.0066334 secs] [Times: user=0.05 sys=0.01, real=0.01 secs] 
312660.470: [GC (Allocation Failure) 312660.470: [ParNew: 439021K->19660K(471872K), 0.0069593 secs] 1802337K->1383558K(4141888K), 0.0070545 secs] [Times: user=0.05 sys=0.00, real=0.01 secs] 
312661.755: [GC (Allocation Failure) 312661.755: [ParNew: 439116K->23743K(471872K), 0.0056333 secs] 1803014K->1388010K(4141888K), 0.0057231 secs] [Times: user=0.04 sys=0.00, real=0.00 secs] 
312663.135: [GC (Allocation Failure) 312663.135: [ParNew: 443199K->16116K(471872K), 0.0069363 secs] 1807466K->1380839K(4141888K), 0.0070273 secs] [Times: user=0.04 sys=0.00, real=0.00 secs] 
312664.770: [GC (Allocation Failure) 312664.770: [ParNew: 435572K->14411K(471872K), 0.0075254 secs] 1800295K->1379827K(4141888K), 0.0076166 secs] [Times: user=0.05 sys=0.00, real=0.01 secs] 
312666.014: [GC (Allocation Failure) 312666.014: [ParNew: 433867K->15988K(471872K), 0.0104343 secs] 1799283K->1381954K(4141888K), 0.0105649 secs] [Times: user=0.06 sys=0.00, real=0.01 secs] 
312667.355: [GC (Allocation Failure) 312667.355: [ParNew: 433865K->23311K(471872K), 0.0059202 secs] 1799830K->1389742K(4141888K), 0.0060167 secs] [Times: user=0.04 sys=0.00, real=0.00 secs] 
312668.475: [GC (Allocation Failure) 312668.475: [ParNew: 442767K->20020K(471872K), 0.0055596 secs] 1809198K->1386828K(4141888K), 0.0056768 secs] [Times: user=0.04 sys=0.00, real=0.00 secs] 
312669.243: [GC (Allocation Failure) 312669.243: [ParNew: 439476K->17079K(471872K), 0.0053140 secs] 1806284K->1384208K(4141888K), 0.0054217 secs] [Times: user=0.03 sys=0.00, real=0.01 secs] 
312670.486: [GC (Allocation Failure) 312670.486: [ParNew: 434036K->20803K(471872K), 0.0061387 secs] 1801165K->1388256K(4141888K), 0.0062357 secs] [Times: user=0.04 sys=0.00, real=0.00 secs] 
312671.633: [GC (Allocation Failure) 312671.633: [ParNew: 440259K->20609K(471872K), 0.0054518 secs] 1807712K->1388465K(4141888K), 0.0055477 secs] [Times: user=0.04 sys=0.00, real=0.01 secs] 
312672.271: [GC (Allocation Failure) 312672.271: [ParNew: 440065K->19901K(471872K), 0.0067455 secs] 1807921K->1388135K(4141888K), 0.0068382 secs] [Times: user=0.05 sys=0.00, real=0.01 secs] 
312673.915: [GC (Allocation Failure) 312673.915: [ParNew: 438745K->22637K(471872K), 0.0071084 secs] 1806980K->1391096K(4141888K), 0.0072288 secs] [Times: user=0.05 sys=0.00, real=0.00 secs] 
312675.596: [GC (Allocation Failure) 312675.596: [ParNew: 442093K->15402K(471872K), 0.0047732 secs] 1810552K->1384365K(4141888K), 0.0048541 secs] [Times: user=0.04 sys=0.00, real=0.00 secs] 
312677.217: [GC (Allocation Failure) 312677.218: [ParNew: 434858K->19453K(471872K), 0.0054334 secs] 1803821K->1388970K(4141888K), 0.0055282 secs] [Times: user=0.04 sys=0.00, real=0.00 secs] 
312678.186: [GC (Allocation Failure) 312678.186: [ParNew: 435636K->25789K(471872K), 0.0056188 secs] 1805153K->1395840K(4141888K), 0.0057143 secs] [Times: user=0.04 sys=0.00, real=0.00 secs] 
312679.127: [GC (Allocation Failure) 312679.127: [ParNew: 445245K->12277K(471872K), 0.0065508 secs] 1815296K->1385076K(4141888K), 0.0066471 secs] [Times: user=0.05 sys=0.01, real=0.01 secs] 
312693.124: [GC (Allocation Failure) 312693.124: [ParNew: 431733K->6988K(471872K), 0.0065251 secs] 1804532K->1381916K(4141888K), 0.0066255 secs] [Times: user=0.05 sys=0.00, real=0.00 secs] 
312698.552: [GC (Allocation Failure) 312698.552: [ParNew: 426444K->5224K(471872K), 0.0076530 secs] 1801372K->1383754K(4141888K), 0.0077468 secs] [Times: user=0.05 sys=0.00, real=0.01 secs] 
312700.218: [GC (Allocation Failure) 312700.218: [ParNew: 424680K->16365K(471872K), 0.0056096 secs] 1803210K->1396353K(4141888K), 0.0057031 secs] [Times: user=0.04 sys=0.00, real=0.00 secs] 
312702.105: [GC (Allocation Failure) 312702.105: [ParNew: 435613K->22213K(471872K), 0.0057834 secs] 1815602K->1402801K(4141888K), 0.0058916 secs] [Times: user=0.04 sys=0.00, real=0.00 secs] 
312703.922: [GC (Allocation Failure) 312703.922: [ParNew: 441669K->8767K(471872K), 0.0049438 secs] 1822257K->1389965K(4141888K), 0.0050258 secs] [Times: user=0.03 sys=0.00, real=0.01 secs] 
312705.449: [GC (Allocation Failure) 312705.449: [ParNew: 427689K->23665K(471872K), 0.0060749 secs] 1808887K->1405466K(4141888K), 0.0061731 secs] [Times: user=0.04 sys=0.00, real=0.01 secs] 
312706.882: [GC (Allocation Failure) 312706.882: [ParNew: 441563K->20131K(471872K), 0.0059433 secs] 1823364K->1402362K(4141888K), 0.0060607 secs] [Times: user=0.05 sys=0.00, real=0.01 secs] 
312708.368: [GC (Allocation Failure) 312708.368: [ParNew: 439587K->18591K(471872K), 0.0074776 secs] 1821818K->1401563K(4141888K), 0.0075711 secs] [Times: user=0.06 sys=0.00, real=0.01 secs] 
312709.267: [GC (Allocation Failure) 312709.268: [ParNew: 438047K->22014K(471872K), 0.0054583 secs] 1821019K->1405641K(4141888K), 0.0055511 secs] [Times: user=0.04 sys=0.00, real=0.00 secs] 
312723.162: [GC (Allocation Failure) 312723.162: [ParNew: 441470K->7534K(471872K), 0.0065607 secs] 1825097K->1391438K(4141888K), 0.0066520 secs] [Times: user=0.05 sys=0.00, real=0.01 secs] 
312732.753: [GC (Allocation Failure) 312732.753: [ParNew: 426909K->6315K(471872K), 0.0076635 secs] 1810813K->1395292K(4141888K), 0.0077690 secs] [Times: user=0.05 sys=0.00, real=0.01 secs] 
312742.607: [GC (Allocation Failure) 312742.607: [ParNew: 425771K->6805K(471872K), 0.0070676 secs] 1814748K->1398034K(4141888K), 0.0071689 secs] [Times: user=0.05 sys=0.00, real=0.01 secs] 
312751.710: [GC (Allocation Failure) 312751.710: [ParNew: 426261K->4907K(471872K), 0.0069427 secs] 1817490K->1400783K(4141888K), 0.0070343 secs] [Times: user=0.05 sys=0.00, real=0.01 secs] 
312761.858: [GC (Allocation Failure) 312761.858: [ParNew: 424363K->5304K(471872K), 0.0073168 secs] 1820239K->1403769K(4141888K), 0.0074239 secs] [Times: user=0.06 sys=0.00, real=0.01 secs] 
312780.592: [GC (Allocation Failure) 312780.593: [ParNew: 424760K->6472K(471872K), 0.0080330 secs] 1823225K->1407826K(4141888K), 0.0081302 secs] [Times: user=0.06 sys=0.00, real=0.01 secs] 
312798.982: [GC (Allocation Failure) 312798.982: [ParNew: 425928K->7164K(471872K), 0.0087479 secs] 1827282K->1413221K(4141888K), 0.0088476 secs] [Times: user=0.06 sys=0.00, real=0.01 secs] 
312809.867: [GC (Allocation Failure) 312809.867: [ParNew: 426620K->7914K(471872K), 0.0085709 secs] 1832677K->1418362K(4141888K), 0.0086757 secs] [Times: user=0.05 sys=0.00, real=0.01 secs] 
312825.188: [GC (Allocation Failure) 312825.188: [ParNew: 427370K->5288K(471872K), 0.0061540 secs] 1837818K->1420203K(4141888K), 0.0062596 secs] [Times: user=0.05 sys=0.00, real=0.01 secs] 
312831.623: [GC (Allocation Failure) 312831.623: [ParNew: 424744K->3507K(471872K), 0.0056947 secs] 1839659K->1421257K(4141888K), 0.0057797 secs] [Times: user=0.04 sys=0.00, real=0.01 secs] 
312835.309: [GC (Allocation Failure) 312835.309: [ParNew: 422963K->4144K(471872K), 0.0057655 secs] 1840713K->1423106K(4141888K), 0.0058703 secs] [Times: user=0.04 sys=0.00, real=0.01 secs] 
312839.328: [GC (Allocation Failure) 312839.328: [ParNew: 423451K->4433K(471872K), 0.0059786 secs] 1842413K->1424447K(4141888K), 0.0060668 secs] [Times: user=0.03 sys=0.00, real=0.01 secs] 
312844.819: [GC (Allocation Failure) 312844.819: [ParNew: 423889K->3435K(471872K), 0.0053424 secs] 1843903K->1424345K(4141888K), 0.0054261 secs] [Times: user=0.04 sys=0.00, real=0.01 secs] 
312849.873: [GC (Allocation Failure) 312849.873: [ParNew: 422891K->2562K(471872K), 0.0064509 secs] 1843801K->1424852K(4141888K), 0.0065568 secs] [Times: user=0.04 sys=0.00, real=0.01 secs] 
312855.570: [GC (Allocation Failure) 312855.571: [ParNew: 421864K->3488K(471872K), 0.0067203 secs] 1844154K->1426673K(4141888K), 0.0068054 secs] [Times: user=0.04 sys=0.00, real=0.01 secs] 
312864.925: [GC (Allocation Failure) 312864.925: [ParNew: 422944K->6257K(471872K), 0.0071234 secs] 1846129K->1430779K(4141888K), 0.0072090 secs] [Times: user=0.04 sys=0.00, real=0.00 secs] 
312882.647: [GC (Allocation Failure) 312882.647: [ParNew: 425713K->5108K(471872K), 0.0065980 secs] 1850235K->1433822K(4141888K), 0.0066909 secs] [Times: user=0.05 sys=0.00, real=0.00 secs] 
312899.522: [GC (Allocation Failure) 312899.522: [ParNew: 424564K->5312K(471872K), 0.0068911 secs] 1853278K->1437525K(4141888K), 0.0069976 secs] [Times: user=0.05 sys=0.00, real=0.01 secs] 
312918.656: [GC (Allocation Failure) 312918.656: [ParNew: 424768K->5079K(471872K), 0.0064198 secs] 1856981K->1440143K(4141888K), 0.0065150 secs] [Times: user=0.05 sys=0.00, real=0.00 secs] 
312931.431: [GC (Allocation Failure) 312931.431: [ParNew: 424535K->7849K(471872K), 0.0077972 secs] 1859599K->1446224K(4141888K), 0.0078965 secs] [Times: user=0.06 sys=0.00, real=0.01 secs] 
312942.739: [GC (Allocation Failure) 312942.739: [ParNew: 427305K->5022K(471872K), 0.0060416 secs] 1865680K->1447900K(4141888K), 0.0061366 secs] [Times: user=0.04 sys=0.00, real=0.01 secs] 
312954.462: [GC (Allocation Failure) 312954.462: [ParNew: 424446K->4513K(471872K), 0.0059150 secs] 1867324K->1450168K(4141888K), 0.0060099 secs] [Times: user=0.04 sys=0.00, real=0.01 secs] 
312967.964: [GC (Allocation Failure) 312967.964: [ParNew: 423969K->4859K(471872K), 0.0060326 secs] 1869624K->1452822K(4141888K), 0.0061380 secs] [Times: user=0.04 sys=0.00, real=0.00 secs] 
312983.115: [GC (Allocation Failure) 312983.115: [ParNew: 424315K->7045K(471872K), 0.0070238 secs] 1872278K->1457532K(4141888K), 0.0071197 secs] [Times: user=0.05 sys=0.00, real=0.00 secs] 
313000.300: [GC (Allocation Failure) 313000.301: [ParNew: 426501K->5308K(471872K), 0.0064315 secs] 1876988K->1460603K(4141888K), 0.0065263 secs] [Times: user=0.04 sys=0.00, real=0.01 secs] 
313012.912: [GC (Allocation Failure) 313012.912: [ParNew: 424764K->4961K(471872K), 0.0064839 secs] 1880059K->1463478K(4141888K), 0.0065787 secs] [Times: user=0.04 sys=0.00, real=0.01 secs] 
313023.960: [GC (Allocation Failure) 313023.960: [ParNew: 424417K->4450K(471872K), 0.0058432 secs] 1882934K->1465519K(4141888K), 0.0059411 secs] [Times: user=0.04 sys=0.00, real=0.01 secs] 
313038.347: [GC (Allocation Failure) 313038.347: [ParNew: 423906K->4629K(471872K), 0.0066430 secs] 1884975K->1467890K(4141888K), 0.0067339 secs] [Times: user=0.05 sys=0.00, real=0.00 secs] 
313053.115: [GC (Allocation Failure) 313053.115: [ParNew: 424085K->6757K(471872K), 0.0064615 secs] 1887346K->1472539K(4141888K), 0.0065563 secs] [Times: user=0.04 sys=0.00, real=0.00 secs] 
313069.702: [GC (Allocation Failure) 313069.702: [ParNew: 426171K->6015K(471872K), 0.0067603 secs] 1891953K->1476819K(4141888K), 0.0068568 secs] [Times: user=0.05 sys=0.00, real=0.01 secs] 
313087.099: [GC (Allocation Failure) 313087.099: [ParNew: 425471K->5154K(471872K), 0.0068395 secs] 1896275K->1479111K(4141888K), 0.0069514 secs] [Times: user=0.05 sys=0.00, real=0.01 secs] 
313103.173: [GC (Allocation Failure) 313103.173: [ParNew: 424610K->5380K(471872K), 0.0065109 secs] 1898567K->1482310K(4141888K), 0.0066118 secs] [Times: user=0.05 sys=0.00, real=0.01 secs] 
313119.975: [GC (Allocation Failure) 313119.975: [ParNew: 424836K->7713K(471872K), 0.0072173 secs] 1901766K->1487631K(4141888K), 0.0073348 secs] [Times: user=0.05 sys=0.00, real=0.00 secs] 
313137.014: [GC (Allocation Failure) 313137.014: [ParNew: 427169K->4211K(471872K), 0.0072108 secs] 1907087K->1489174K(4141888K), 0.0073020 secs] [Times: user=0.05 sys=0.00, real=0.01 secs] 
313155.911: [GC (Allocation Failure) 313155.911: [ParNew: 423667K->4633K(471872K), 0.0080001 secs] 1908630K->1492582K(4141888K), 0.0081118 secs] [Times: user=0.06 sys=0.00, real=0.01 secs] 
313170.067: [GC (Allocation Failure) 313170.067: [ParNew: 424089K->8081K(471872K), 0.0102179 secs] 1912038K->1499388K(4141888K), 0.0103193 secs] [Times: user=0.05 sys=0.00, real=0.01 secs] 
313185.081: [GC (Allocation Failure) 313185.081: [ParNew: 427537K->4461K(471872K), 0.0096797 secs] 1918844K->1500550K(4141888K), 0.0097862 secs] [Times: user=0.06 sys=0.00, real=0.01 secs] 
313203.085: [GC (Allocation Failure) 313203.085: [ParNew: 423917K->5257K(471872K), 0.0105077 secs] 1920006K->1504051K(4141888K), 0.0105961 secs] [Times: user=0.07 sys=0.00, real=0.01 secs] 
313222.400: [GC (Allocation Failure) 313222.400: [ParNew: 424713K->5738K(471872K), 0.0072974 secs] 1923507K->1508086K(4141888K), 0.0073920 secs] [Times: user=0.05 sys=0.00, real=0.01 secs] 
313234.558: [GC (Allocation Failure) 313234.559: [ParNew: 425194K->7018K(471872K), 0.0080135 secs] 1927542K->1512617K(4141888K), 0.0081064 secs] [Times: user=0.05 sys=0.00, real=0.01 secs] 
313252.361: [GC (Allocation Failure) 313252.361: [ParNew: 426474K->5448K(471872K), 0.0080300 secs] 1932073K->1515958K(4141888K), 0.0081263 secs] [Times: user=0.06 sys=0.00, real=0.01 secs] 
313262.956: [GC (Allocation Failure) 313262.956: [ParNew: 424903K->10851K(471872K), 0.0087969 secs] 1935413K->1524668K(4141888K), 0.0088988 secs] [Times: user=0.06 sys=0.00, real=0.01 secs] 
313263.459: [GC (Allocation Failure) 313263.459: [ParNew: 430307K->4823K(471872K), 0.0061169 secs] 1944124K->1525422K(4141888K), 0.0062273 secs] [Times: user=0.05 sys=0.00, real=0.01 secs] 
313264.033: [GC (Allocation Failure) 313264.033: [ParNew: 423512K->3798K(471872K), 0.0048852 secs] 1944110K->1524775K(4141888K), 0.0049654 secs] [Times: user=0.04 sys=0.00, real=0.01 secs] 
313264.700: [GC (Allocation Failure) 313264.700: [ParNew: 422975K->6890K(471872K), 0.0057226 secs] 1943952K->1528321K(4141888K), 0.0058090 secs] [Times: user=0.05 sys=0.00, real=0.01 secs] 
313265.199: [GC (Allocation Failure) 313265.199: [ParNew: 426346K->5948K(471872K), 0.0050114 secs] 1947777K->1530861K(4141888K), 0.0050973 secs] [Times: user=0.04 sys=0.00, real=0.01 secs] 
313273.717: [GC (Allocation Failure) 313273.717: [ParNew: 425404K->3532K(471872K), 0.0052218 secs] 1950317K->1530857K(4141888K), 0.0053073 secs] [Times: user=0.04 sys=0.00, real=0.00 secs] 
313288.465: [GC (Allocation Failure) 313288.466: [ParNew: 421145K->6611K(471872K), 0.0071172 secs] 1948470K->1535665K(4141888K), 0.0072086 secs] [Times: user=0.05 sys=0.00, real=0.00 secs] 
313303.122: [GC (Allocation Failure) 313303.122: [ParNew: 426067K->6628K(471872K), 0.0067224 secs] 1955121K->1538158K(4141888K), 0.0068167 secs] [Times: user=0.04 sys=0.00, real=0.01 secs] 
313313.050: [GC (Allocation Failure) 313313.050: [ParNew: 426084K->4543K(471872K), 0.0059681 secs] 1957614K->1540984K(4141888K), 0.0060684 secs] [Times: user=0.04 sys=0.00, real=0.01 secs] 
313319.586: [GC (Allocation Failure) 313319.586: [ParNew: 423999K->3855K(471872K), 0.0055891 secs] 1960440K->1542982K(4141888K), 0.0056825 secs] [Times: user=0.04 sys=0.00, real=0.00 secs] 
313324.812: [GC (Allocation Failure) 313324.812: [ParNew: 423311K->2939K(471872K), 0.0053449 secs] 1962438K->1543327K(4141888K), 0.0054366 secs] [Times: user=0.04 sys=0.00, real=0.01 secs] 
313335.898: [GC (Allocation Failure) 313335.898: [ParNew: 422395K->3558K(471872K), 0.0058376 secs] 1962783K->1544858K(4141888K), 0.0059351 secs] [Times: user=0.04 sys=0.00, real=0.01 secs] 
313345.858: [GC (Allocation Failure) 313345.858: [ParNew: 423014K->4263K(471872K), 0.0059857 secs] 1964314K->1547627K(4141888K), 0.0060775 secs] [Times: user=0.04 sys=0.00, real=0.01 secs] 
313350.178: [GC (Allocation Failure) 313350.178: [ParNew: 423719K->5390K(471872K), 0.0058790 secs] 1967083K->1550522K(4141888K), 0.0059850 secs] [Times: user=0.04 sys=0.00, real=0.01 secs] 
313355.823: [GC (Allocation Failure) 313355.823: [ParNew: 424846K->3499K(471872K), 0.0052986 secs] 1969978K->1551816K(4141888K), 0.0053957 secs] [Times: user=0.04 sys=0.00, real=0.01 secs] 
313360.358: [GC (Allocation Failure) 313360.358: [ParNew: 422955K->4165K(471872K), 0.0051667 secs] 1971272K->1553562K(4141888K), 0.0052430 secs] [Times: user=0.04 sys=0.00, real=0.00 secs] 
313363.064: [GC (Allocation Failure) 313363.064: [ParNew: 423621K->4653K(471872K), 0.0048733 secs] 1973018K->1554907K(4141888K), 0.0049526 secs] [Times: user=0.04 sys=0.00, real=0.00 secs] 
313365.762: [GC (Allocation Failure) 313365.762: [ParNew: 424042K->3521K(471872K), 0.0045508 secs] 1974296K->1554230K(4141888K), 0.0046394 secs] [Times: user=0.04 sys=0.00, real=0.01 secs] 
313367.561: [GC (Allocation Failure) 313367.561: [ParNew: 422977K->2236K(471872K), 0.0048852 secs] 1973686K->1553983K(4141888K), 0.0049707 secs] [Times: user=0.03 sys=0.00, real=0.01 secs] 
313370.008: [GC (Allocation Failure) 313370.008: [ParNew: 421692K->2725K(471872K), 0.0043650 secs] 1973439K->1554954K(4141888K), 0.0044407 secs] [Times: user=0.03 sys=0.00, real=0.00 secs] 
313372.088: [GC (Allocation Failure) 313372.088: [ParNew: 422181K->2588K(471872K), 0.0059385 secs] 1974410K->1555366K(4141888K), 0.0060265 secs] [Times: user=0.03 sys=0.00, real=0.01 secs] 
313374.222: [GC (Allocation Failure) 313374.222: [ParNew: 421907K->3264K(471872K), 0.0047888 secs] 1974685K->1556693K(4141888K), 0.0048655 secs] [Times: user=0.03 sys=0.00, real=0.01 secs] 
313379.620: [GC (Allocation Failure) 313379.620: [ParNew: 422720K->2523K(471872K), 0.0066713 secs] 1976149K->1556759K(4141888K), 0.0067550 secs] [Times: user=0.04 sys=0.00, real=0.01 secs] 
313383.157: [GC (Allocation Failure) 313383.157: [ParNew: 421979K->3216K(471872K), 0.0070524 secs] 1976215K->1558477K(4141888K), 0.0071382 secs] [Times: user=0.04 sys=0.00, real=0.00 secs] 
313385.580: [GC (Allocation Failure) 313385.580: [ParNew: 422642K->3075K(471872K), 0.0058267 secs] 1977903K->1559145K(4141888K), 0.0059068 secs] [Times: user=0.04 sys=0.00, real=0.01 secs] 
313390.041: [GC (Allocation Failure) 313390.041: [ParNew: 422531K->2869K(471872K), 0.0044865 secs] 1978601K->1559401K(4141888K), 0.0045621 secs] [Times: user=0.04 sys=0.00, real=0.01 secs] 
313394.997: [GC (Allocation Failure) 313394.997: [ParNew: 422325K->2495K(471872K), 0.0048451 secs] 1978857K->1560421K(4141888K), 0.0049296 secs] [Times: user=0.04 sys=0.00, real=0.00 secs] 
313402.695: [GC (Allocation Failure) 313402.695: [ParNew: 421951K->2846K(471872K), 0.0053811 secs] 1979877K->1562000K(4141888K), 0.0054749 secs] [Times: user=0.04 sys=0.00, real=0.00 secs] 
313407.646: [GC (Allocation Failure) 313407.646: [ParNew: 422123K->2763K(471872K), 0.0051787 secs] 1981277K->1563251K(4141888K), 0.0052657 secs] [Times: user=0.04 sys=0.00, real=0.00 secs] 
313411.599: [GC (Allocation Failure) 313411.599: [ParNew: 422219K->6122K(471872K), 0.0065240 secs] 1982707K->1567551K(4141888K), 0.0066148 secs] [Times: user=0.05 sys=0.00, real=0.01 secs] 
313415.109: [GC (Allocation Failure) 313415.109: [ParNew: 425578K->2835K(471872K), 0.0050428 secs] 1987007K->1567687K(4141888K), 0.0051250 secs] [Times: user=0.03 sys=0.00, real=0.00 secs] 
313423.181: [GC (Allocation Failure) 313423.181: [ParNew: 422291K->3987K(471872K), 0.0053120 secs] 1987143K->1569468K(4141888K), 0.0054311 secs] [Times: user=0.04 sys=0.00, real=0.01 secs] 
313438.328: [GC (Allocation Failure) 313438.328: [ParNew: 423443K->4814K(471872K), 0.0058662 secs] 1988924K->1572365K(4141888K), 0.0059640 secs] [Times: user=0.04 sys=0.00, real=0.01 secs] 
313455.580: [GC (Allocation Failure) 313455.580: [ParNew: 424270K->5097K(471872K), 0.0079600 secs] 1991821K->1575524K(4141888K), 0.0080518 secs] [Times: user=0.06 sys=0.00, real=0.01 secs] 
313471.622: [GC (Allocation Failure) 313471.622: [ParNew: 424553K->39132K(471872K), 0.0104561 secs] 1994980K->1612715K(4141888K), 0.0105579 secs] [Times: user=0.07 sys=0.00, real=0.01 secs] 
313487.855: [GC (Allocation Failure) 313487.855: [ParNew: 458588K->12802K(471872K), 0.0070530 secs] 2032171K->1591521K(4141888K), 0.0071542 secs] [Times: user=0.05 sys=0.00, real=0.00 secs] 
313503.167: [GC (Allocation Failure) 313503.167: [ParNew: 432258K->4798K(471872K), 0.0064901 secs] 2010977K->1586422K(4141888K), 0.0065943 secs] [Times: user=0.04 sys=0.00, real=0.01 secs] 
313522.206: [GC (Allocation Failure) 313522.206: [ParNew: 424254K->5407K(471872K), 0.0065535 secs] 2005878K->1590116K(4141888K), 0.0066485 secs] [Times: user=0.05 sys=0.00, real=0.00 secs] 
313531.584: [GC (Allocation Failure) 313531.584: [ParNew: 424863K->4773K(471872K), 0.0074820 secs] 2009572K->1592800K(4141888K), 0.0076120 secs] [Times: user=0.05 sys=0.00, real=0.00 secs] 
313536.514: [GC (Allocation Failure) 313536.514: [ParNew: 424229K->5232K(471872K), 0.0056248 secs] 2012256K->1595118K(4141888K), 0.0057153 secs] [Times: user=0.04 sys=0.00, real=0.00 secs] 
313542.588: [GC (Allocation Failure) 313542.588: [ParNew: 424671K->3029K(471872K), 0.0051909 secs] 2014556K->1596182K(4141888K), 0.0052900 secs] [Times: user=0.04 sys=0.00, real=0.00 secs] 
313547.206: [GC (Allocation Failure) 313547.206: [ParNew: 422485K->2857K(471872K), 0.0052013 secs] 2015638K->1597315K(4141888K), 0.0052844 secs] [Times: user=0.04 sys=0.00, real=0.00 secs] 
313552.079: [GC (Allocation Failure) 313552.079: [ParNew: 422313K->3999K(471872K), 0.0051006 secs] 2016771K->1599278K(4141888K), 0.0051873 secs] [Times: user=0.03 sys=0.00, real=0.01 secs] 
313555.326: [GC (Allocation Failure) 313555.326: [ParNew: 423406K->4900K(471872K), 0.0054820 secs] 2018685K->1601223K(4141888K), 0.0055777 secs] [Times: user=0.04 sys=0.00, real=0.00 secs] 
313560.238: [GC (Allocation Failure) 313560.238: [ParNew: 424356K->3421K(471872K), 0.0049902 secs] 2020679K->1600820K(4141888K), 0.0050865 secs] [Times: user=0.04 sys=0.00, real=0.00 secs] 
313566.974: [GC (Allocation Failure) 313566.974: [ParNew: 422877K->3111K(471872K), 0.0071389 secs] 2020276K->1601668K(4141888K), 0.0072622 secs] [Times: user=0.05 sys=0.00, real=0.00 secs] 
313572.286: [GC (Allocation Failure) 313572.286: [ParNew: 422567K->3807K(471872K), 0.0074795 secs] 2021124K->1603905K(4141888K), 0.0076431 secs] [Times: user=0.05 sys=0.00, real=0.01 secs] 
313575.610: [GC (Allocation Failure) 313575.610: [ParNew: 423263K->3014K(471872K), 0.0071145 secs] 2023361K->1604080K(4141888K), 0.0072752 secs] [Times: user=0.05 sys=0.00, real=0.01 secs] 
313582.268: [GC (Allocation Failure) 313582.268: [ParNew: 422470K->3242K(471872K), 0.0072557 secs] 2023536K->1604987K(4141888K), 0.0076965 secs] [Times: user=0.05 sys=0.00, real=0.01 secs] 
313584.439: [GC (Allocation Failure) 313584.439: [ParNew: 422698K->3909K(471872K), 0.0095619 secs] 2024443K->1606898K(4141888K), 0.0097126 secs] [Times: user=0.05 sys=0.00, real=0.01 secs] 
313585.933: [GC (Allocation Failure) 313585.933: [ParNew: 423365K->3185K(471872K), 0.0095383 secs] 2026354K->1606685K(4141888K), 0.0096636 secs] [Times: user=0.07 sys=0.00, real=0.01 secs] 
313592.751: [GC (Allocation Failure) 313592.751: [ParNew: 422641K->2617K(471872K), 0.0086683 secs] 2026141K->1606441K(4141888K), 0.0088313 secs] [Times: user=0.06 sys=0.00, real=0.01 secs] 
313600.221: [GC (Allocation Failure) 313600.221: [ParNew: 422073K->5386K(471872K), 0.0172675 secs] 2025897K->1610870K(4141888K), 0.0174778 secs] [Times: user=0.13 sys=0.01, real=0.02 secs] 
313608.023: [GC (Allocation Failure) 313608.023: [ParNew: 424842K->2749K(471872K), 0.0108575 secs] 2030326K->1612160K(4141888K), 0.0110013 secs] [Times: user=0.08 sys=0.00, real=0.01 secs] 
313614.012: [GC (Allocation Failure) 313614.013: [ParNew: 422205K->2958K(471872K), 0.0106989 secs] 2031616K->1613656K(4141888K), 0.0109285 secs] [Times: user=0.07 sys=0.00, real=0.01 secs] 
313620.418: [GC (Allocation Failure) 313620.418: [ParNew: 422414K->3060K(471872K), 0.0141460 secs] 2033112K->1614947K(4141888K), 0.0143385 secs] [Times: user=0.11 sys=0.00, real=0.01 secs] 
313633.158: [GC (Allocation Failure) 313633.158: [ParNew: 422516K->4215K(471872K), 0.0097299 secs] 2034403K->1617427K(4141888K), 0.0098678 secs] [Times: user=0.07 sys=0.00, real=0.01 secs] 
313649.472: [GC (Allocation Failure) 313649.472: [ParNew: 423671K->4675K(471872K), 0.0172077 secs] 2036883K->1620614K(4141888K), 0.0173715 secs] [Times: user=0.13 sys=0.00, real=0.02 secs] 
313663.079: [GC (Allocation Failure) 313663.079: [ParNew: 424131K->7630K(471872K), 0.0208837 secs] 2040070K->1626819K(4141888K), 0.0210568 secs] [Times: user=0.13 sys=0.00, real=0.02 secs] 
313676.853: [GC (Allocation Failure) 313676.853: [ParNew: 427086K->5954K(471872K), 0.0217944 secs] 2046275K->1630024K(4141888K), 0.0219639 secs] [Times: user=0.15 sys=0.01, real=0.03 secs] 
313691.818: [GC (Allocation Failure) 313691.818: [ParNew: 425382K->5945K(471872K), 0.0238127 secs] 2049452K->1632756K(4141888K), 0.0239582 secs] [Times: user=0.17 sys=0.01, real=0.02 secs] 
313707.916: [GC (Allocation Failure) 313707.916: [ParNew: 425401K->6065K(471872K), 0.0187328 secs] 2052212K->1636267K(4141888K), 0.0188802 secs] [Times: user=0.14 sys=0.00, real=0.02 secs] 
313720.114: [GC (Allocation Failure) 313720.114: [ParNew: 425521K->7439K(471872K), 0.0190151 secs] 2055723K->1640729K(4141888K), 0.0191409 secs] [Times: user=0.12 sys=0.00, real=0.02 secs] 
313732.120: [GC (Allocation Failure) 313732.121: [ParNew: 426895K->3702K(471872K), 0.0154864 secs] 2060185K->1641592K(4141888K), 0.0156191 secs] [Times: user=0.11 sys=0.00, real=0.02 secs] 
313743.057: [GC (Allocation Failure) 313743.057: [ParNew: 423158K->4276K(471872K), 0.0087432 secs] 2061048K->1644317K(4141888K), 0.0088516 secs] [Times: user=0.06 sys=0.00, real=0.01 secs] 
313752.913: [GC (Allocation Failure) 313752.913: [ParNew: 423732K->4107K(471872K), 0.0065747 secs] 2063773K->1646454K(4141888K), 0.0066802 secs] [Times: user=0.05 sys=0.00, real=0.01 secs] 
313766.400: [GC (Allocation Failure) 313766.400: [ParNew: 423563K->4735K(471872K), 0.0087041 secs] 2065910K->1648968K(4141888K), 0.0088101 secs] [Times: user=0.07 sys=0.00, real=0.01 secs] 
313777.610: [GC (Allocation Failure) 313777.610: [ParNew: 424191K->22408K(471872K), 0.0100768 secs] 2068424K->1669537K(4141888K), 0.0101830 secs] [Times: user=0.08 sys=0.00, real=0.01 secs] 
313789.844: [GC (Allocation Failure) 313789.844: [ParNew: 441864K->12958K(471872K), 0.0067642 secs] 2088993K->1665019K(4141888K), 0.0068713 secs] [Times: user=0.05 sys=0.00, real=0.00 secs] 
313799.840: [GC (Allocation Failure) 313799.840: [ParNew: 432414K->5243K(471872K), 0.0068258 secs] 2084475K->1660167K(4141888K), 0.0069278 secs] [Times: user=0.05 sys=0.00, real=0.01 secs] 
313804.226: [GC (Allocation Failure) 313804.226: [ParNew: 424699K->3439K(471872K), 0.0058217 secs] 2079623K->1660640K(4141888K), 0.0059164 secs] [Times: user=0.04 sys=0.01, real=0.00 secs] 
313809.368: [GC (Allocation Failure) 313809.368: [ParNew: 422895K->2617K(471872K), 0.0053940 secs] 2080096K->1660849K(4141888K), 0.0054805 secs] [Times: user=0.04 sys=0.01, real=0.00 secs] 
313813.101: [GC (Allocation Failure) 313813.101: [ParNew: 422073K->2156K(471872K), 0.0056079 secs] 2080305K->1661413K(4141888K), 0.0056910 secs] [Times: user=0.05 sys=0.00, real=0.01 secs] 
313823.024: [GC (Allocation Failure) 313823.024: [ParNew: 421612K->4174K(471872K), 0.0059733 secs] 2080869K->1664428K(4141888K), 0.0060837 secs] [Times: user=0.04 sys=0.00, real=0.00 secs] 
313828.888: [GC (Allocation Failure) 313828.888: [ParNew: 423630K->3161K(471872K), 0.0065781 secs] 2083884K->1665504K(4141888K), 0.0066770 secs] [Times: user=0.04 sys=0.00, real=0.01 secs] 
313836.099: [GC (Allocation Failure) 313836.099: [ParNew: 422617K->3722K(471872K), 0.0058914 secs] 2084960K->1667377K(4141888K), 0.0059863 secs] [Times: user=0.04 sys=0.00, real=0.01 secs] 
313839.453: [GC (Allocation Failure) 313839.453: [ParNew: 423178K->21457K(471872K), 0.0064846 secs] 2086833K->1686490K(4141888K), 0.0065854 secs] [Times: user=0.05 sys=0.00, real=0.01 secs] 
313842.649: [GC (Allocation Failure) 313842.649: [ParNew: 440913K->5983K(471872K), 0.0047994 secs] 2105946K->1671791K(4141888K), 0.0048827 secs] [Times: user=0.04 sys=0.00, real=0.00 secs] 
313843.949: [GC (Allocation Failure) 313843.949: [ParNew: 425439K->3082K(471872K), 0.0050882 secs] 2091247K->1671896K(4141888K), 0.0051765 secs] [Times: user=0.04 sys=0.00, real=0.01 secs] 
313847.007: [GC (Allocation Failure) 313847.007: [ParNew: 422538K->3131K(471872K), 0.0052540 secs] 2091352K->1672313K(4141888K), 0.0053412 secs] [Times: user=0.04 sys=0.00, real=0.00 secs] 
313853.651: [GC (Allocation Failure) 313853.651: [ParNew: 422587K->3579K(471872K), 0.0054741 secs] 2091769K->1673358K(4141888K), 0.0055648 secs] [Times: user=0.04 sys=0.00, real=0.01 secs] 
313855.871: [GC (Allocation Failure) 313855.871: [ParNew: 422947K->3405K(471872K), 0.0055411 secs] 2092726K->1674702K(4141888K), 0.0056279 secs] [Times: user=0.03 sys=0.00, real=0.01 secs] 
313857.819: [GC (Allocation Failure) 313857.819: [ParNew: 422861K->3798K(471872K), 0.0044934 secs] 2094158K->1675515K(4141888K), 0.0045787 secs] [Times: user=0.03 sys=0.00, real=0.00 secs] 
313864.727: [GC (Allocation Failure) 313864.727: [ParNew: 423254K->2762K(471872K), 0.0099165 secs] 2094971K->1674839K(4141888K), 0.0100272 secs] [Times: user=0.08 sys=0.00, real=0.01 secs] 
313883.069: [GC (Allocation Failure) 313883.069: [ParNew: 422218K->4652K(471872K), 0.0087531 secs] 2094295K->1678443K(4141888K), 0.0088654 secs] [Times: user=0.06 sys=0.00, real=0.01 secs] 
313897.587: [GC (Allocation Failure) 313897.587: [ParNew: 424108K->5349K(471872K), 0.0109734 secs] 2097899K->1682623K(4141888K), 0.0110832 secs] [Times: user=0.07 sys=0.00, real=0.01 secs] 
313912.817: [GC (Allocation Failure) 313912.817: [ParNew: 424805K->7178K(471872K), 0.0091682 secs] 2102079K->1687374K(4141888K), 0.0092817 secs] [Times: user=0.06 sys=0.00, real=0.01 secs] 
313925.581: [GC (Allocation Failure) 313925.581: [ParNew: 426634K->4737K(471872K), 0.0084179 secs] 2106830K->1690036K(4141888K), 0.0085187 secs] [Times: user=0.06 sys=0.01, real=0.01 secs] 
313943.202: [GC (Allocation Failure) 313943.202: [ParNew: 424193K->5681K(471872K), 0.0071097 secs] 2109492K->1693587K(4141888K), 0.0072058 secs] [Times: user=0.06 sys=0.00, real=0.01 secs] 
313961.493: [GC (Allocation Failure) 313961.493: [ParNew: 424930K->24693K(471872K), 0.0115804 secs] 2112837K->1715991K(4141888K), 0.0117121 secs] [Times: user=0.06 sys=0.00, real=0.02 secs] 
313969.808: [GC (Allocation Failure) 313969.808: [ParNew: 444149K->8852K(471872K), 0.0083029 secs] 2135447K->1703621K(4141888K), 0.0084135 secs] [Times: user=0.06 sys=0.01, real=0.01 secs] 
313977.116: [GC (Allocation Failure) 313977.116: [ParNew: 428308K->3638K(471872K), 0.0061965 secs] 2123077K->1702346K(4141888K), 0.0062897 secs] [Times: user=0.04 sys=0.00, real=0.00 secs] 
313985.679: [GC (Allocation Failure) 313985.679: [ParNew: 423094K->4058K(471872K), 0.0083909 secs] 2121802K->1704215K(4141888K), 0.0084931 secs] [Times: user=0.06 sys=0.00, real=0.01 secs] 
313999.845: [GC (Allocation Failure) 313999.845: [ParNew: 423514K->4894K(471872K), 0.0102067 secs] 2123671K->1707275K(4141888K), 0.0103205 secs] [Times: user=0.08 sys=0.00, real=0.01 secs] 
314011.705: [GC (Allocation Failure) 314011.705: [ParNew: 424350K->4716K(471872K), 0.0096980 secs] 2126731K->1709976K(4141888K), 0.0098089 secs] [Times: user=0.07 sys=0.00, real=0.01 secs] 
314022.502: [GC (Allocation Failure) 314022.502: [ParNew: 424172K->25381K(471872K), 0.0095937 secs] 2129432K->1732933K(4141888K), 0.0096982 secs] [Times: user=0.07 sys=0.00, real=0.01 secs] 
314031.767: [GC (Allocation Failure) 314031.767: [ParNew: 444837K->11113K(471872K), 0.0070223 secs] 2152389K->1723881K(4141888K), 0.0071649 secs] [Times: user=0.05 sys=0.01, real=0.01 secs] 
314035.418: [GC (Allocation Failure) 314035.418: [ParNew: 430569K->4022K(471872K), 0.0059920 secs] 2143337K->1718496K(4141888K), 0.0060902 secs] [Times: user=0.04 sys=0.00, real=0.01 secs] 
314037.959: [GC (Allocation Failure) 314037.959: [ParNew: 423478K->4675K(471872K), 0.0048444 secs] 2137952K->1719904K(4141888K), 0.0049266 secs] [Times: user=0.03 sys=0.00, real=0.01 secs] 
314039.877: [GC (Allocation Failure) 314039.878: [ParNew: 424131K->5421K(471872K), 0.0050936 secs] 2139360K->1721303K(4141888K), 0.0051934 secs] [Times: user=0.04 sys=0.00, real=0.00 secs] 
314041.679: [GC (Allocation Failure) 314041.679: [ParNew: 424877K->14270K(471872K), 0.0071564 secs] 2140759K->1730860K(4141888K), 0.0072766 secs] [Times: user=0.05 sys=0.00, real=0.01 secs] 
314042.843: [GC (Allocation Failure) 314042.843: [ParNew: 433726K->5425K(471872K), 0.0046928 secs] 2150316K->1722888K(4141888K), 0.0047760 secs] [Times: user=0.03 sys=0.00, real=0.01 secs] 
314043.766: [GC (Allocation Failure) 314043.766: [ParNew: 423891K->13509K(471872K), 0.0059614 secs] 2141354K->1731358K(4141888K), 0.0060792 secs] [Times: user=0.04 sys=0.00, real=0.00 secs] 
314045.528: [GC (Allocation Failure) 314045.528: [ParNew: 432965K->3798K(471872K), 0.0050862 secs] 2150814K->1722208K(4141888K), 0.0051768 secs] [Times: user=0.03 sys=0.00, real=0.00 secs] 
314048.704: [GC (Allocation Failure) 314048.704: [ParNew: 423254K->18026K(471872K), 0.0066497 secs] 2141664K->1737032K(4141888K), 0.0067578 secs] [Times: user=0.05 sys=0.00, real=0.00 secs] 
314049.849: [GC (Allocation Failure) 314049.849: [ParNew: 437482K->16568K(471872K), 0.0059060 secs] 2156488K->1736300K(4141888K), 0.0059970 secs] [Times: user=0.03 sys=0.01, real=0.01 secs] 
314050.390: [GC (Allocation Failure) 314050.390: [ParNew: 436024K->7331K(471872K), 0.0053502 secs] 2155756K->1727741K(4141888K), 0.0054566 secs] [Times: user=0.03 sys=0.00, real=0.01 secs] 
314063.083: [GC (Allocation Failure) 314063.083: [ParNew: 426787K->5486K(471872K), 0.0066421 secs] 2147197K->1726027K(4141888K), 0.0067433 secs] [Times: user=0.05 sys=0.00, real=0.01 secs] 
314076.670: [GC (Allocation Failure) 314076.670: [ParNew: 424942K->5307K(471872K), 0.0099509 secs] 2145483K->1729666K(4141888K), 0.0100538 secs] [Times: user=0.07 sys=0.00, real=0.01 secs] 
314083.118: [GC (Allocation Failure) 314083.118: [ParNew: 424763K->3415K(471872K), 0.0069238 secs] 2149122K->1730407K(4141888K), 0.0070110 secs] [Times: user=0.05 sys=0.00, real=0.01 secs] 
314086.439: [GC (Allocation Failure) 314086.439: [ParNew: 422871K->4953K(471872K), 0.0067102 secs] 2149863K->1733488K(4141888K), 0.0068186 secs] [Times: user=0.05 sys=0.00, real=0.01 secs] 
314094.273: [GC (Allocation Failure) 314094.273: [ParNew: 424409K->2624K(471872K), 0.0054810 secs] 2152944K->1734277K(4141888K), 0.0055704 secs] [Times: user=0.05 sys=0.01, real=0.01 secs] 
314111.982: [GC (Allocation Failure) 314111.982: [ParNew: 422080K->5183K(471872K), 0.0100187 secs] 2153733K->1738396K(4141888K), 0.0101123 secs] [Times: user=0.06 sys=0.00, real=0.01 secs] 
314127.492: [GC (Allocation Failure) 314127.492: [ParNew: 424639K->5667K(471872K), 0.0088619 secs] 2157852K->1742400K(4141888K), 0.0089574 secs] [Times: user=0.06 sys=0.00, real=0.01 secs] 
314135.798: [GC (Allocation Failure) 314135.798: [ParNew: 425123K->9889K(471872K), 0.0067262 secs] 2161856K->1749817K(4141888K), 0.0068206 secs] [Times: user=0.04 sys=0.00, real=0.01 secs] 
314136.334: [GC (Allocation Failure) 314136.334: [ParNew: 429345K->8496K(471872K), 0.0058716 secs] 2169273K->1752708K(4141888K), 0.0059771 secs] [Times: user=0.05 sys=0.01, real=0.00 secs] 
314136.843: [GC (Allocation Failure) 314136.843: [ParNew: 426292K->3674K(471872K), 0.0049850 secs] 2170505K->1751656K(4141888K), 0.0050713 secs] [Times: user=0.03 sys=0.00, real=0.01 secs] 
314137.308: [GC (Allocation Failure) 314137.308: [ParNew: 423130K->6712K(471872K), 0.0050623 secs] 2171112K->1755051K(4141888K), 0.0051546 secs] [Times: user=0.04 sys=0.00, real=0.00 secs] 
314137.820: [GC (GCLocker Initiated GC) 314137.820: [ParNew: 426296K->4275K(471872K), 0.0046494 secs] 2174635K->1754916K(4141888K), 0.0047320 secs] [Times: user=0.04 sys=0.01, real=0.01 secs] 
314142.063: [GC (Allocation Failure) 314142.063: [ParNew: 423731K->3168K(471872K), 0.0057580 secs] 2174372K->1753995K(4141888K), 0.0058478 secs] [Times: user=0.04 sys=0.00, real=0.01 secs] 
314146.857: [GC (Allocation Failure) 314146.857: [ParNew: 422624K->5678K(471872K), 0.0054150 secs] 2173451K->1757483K(4141888K), 0.0055096 secs] [Times: user=0.04 sys=0.00, real=0.00 secs] 
314151.893: [GC (Allocation Failure) 314151.893: [ParNew: 425134K->3792K(471872K), 0.0052776 secs] 2176939K->1758884K(4141888K), 0.0053632 secs] [Times: user=0.04 sys=0.00, real=0.01 secs] 
314155.752: [GC (Allocation Failure) 314155.752: [ParNew: 423187K->4729K(471872K), 0.0051987 secs] 2178278K->1760802K(4141888K), 0.0052915 secs] [Times: user=0.04 sys=0.00, real=0.01 secs] 
314160.887: [GC (Allocation Failure) 314160.887: [ParNew: 424185K->4265K(471872K), 0.0063247 secs] 2180258K->1761329K(4141888K), 0.0064151 secs] [Times: user=0.05 sys=0.00, real=0.00 secs] 
314171.880: [GC (Allocation Failure) 314171.880: [ParNew: 423721K->3999K(471872K), 0.0069092 secs] 2180785K->1762516K(4141888K), 0.0070070 secs] [Times: user=0.05 sys=0.01, real=0.01 secs] 
314185.817: [GC (Allocation Failure) 314185.818: [ParNew: 423455K->4718K(471872K), 0.0085398 secs] 2181972K->1765757K(4141888K), 0.0086465 secs] [Times: user=0.06 sys=0.01, real=0.01 secs] 
314198.128: [GC (Allocation Failure) 314198.128: [ParNew: 424174K->4768K(471872K), 0.0076116 secs] 2185213K->1768604K(4141888K), 0.0077121 secs] [Times: user=0.05 sys=0.00, real=0.01 secs] 
314210.904: [GC (Allocation Failure) 314210.904: [ParNew: 424224K->6079K(471872K), 0.0088620 secs] 2188060K->1772232K(4141888K), 0.0089791 secs] [Times: user=0.06 sys=0.00, real=0.00 secs] 
314220.839: [GC (Allocation Failure) 314220.839: [ParNew: 425535K->3742K(471872K), 0.0080642 secs] 2191688K->1774712K(4141888K), 0.0081640 secs] [Times: user=0.06 sys=0.00, real=0.01 secs] 
314227.349: [GC (Allocation Failure) 314227.349: [ParNew: 423198K->3254K(471872K), 0.0065014 secs] 2194168K->1776203K(4141888K), 0.0065903 secs] [Times: user=0.05 sys=0.00, real=0.01 secs] 
314240.738: [GC (Allocation Failure) 314240.738: [ParNew: 422710K->4625K(471872K), 0.0064674 secs] 2195659K->1778862K(4141888K), 0.0065628 secs] [Times: user=0.05 sys=0.00, real=0.01 secs] 
314253.009: [GC (Allocation Failure) 314253.009: [ParNew: 424081K->3824K(471872K), 0.0078157 secs] 2198318K->1780724K(4141888K), 0.0079355 secs] [Times: user=0.06 sys=0.00, real=0.01 secs] 
314266.604: [GC (Allocation Failure) 314266.604: [ParNew: 423280K->23467K(471872K), 0.0093948 secs] 2200180K->1802611K(4141888K), 0.0094990 secs] [Times: user=0.06 sys=0.01, real=0.01 secs] 
314283.098: [GC (Allocation Failure) 314283.098: [ParNew: 442923K->10042K(471872K), 0.0078029 secs] 2222067K->1793791K(4141888K), 0.0078965 secs] [Times: user=0.05 sys=0.00, real=0.01 secs] 
314299.123: [GC (Allocation Failure) 314299.123: [ParNew: 429498K->4708K(471872K), 0.0092990 secs] 2213247K->1791372K(4141888K), 0.0093959 secs] [Times: user=0.07 sys=0.00, real=0.01 secs] 
314312.118: [GC (Allocation Failure) 314312.118: [ParNew: 424164K->5786K(471872K), 0.0082959 secs] 2210828K->1795778K(4141888K), 0.0084126 secs] [Times: user=0.06 sys=0.00, real=0.01 secs] 
314324.649: [GC (Allocation Failure) 314324.649: [ParNew: 425242K->12362K(471872K), 0.0114810 secs] 2215234K->1805257K(4141888K), 0.0116079 secs] [Times: user=0.07 sys=0.00, real=0.01 secs] 
314327.685: [GC (Allocation Failure) 314327.685: [ParNew: 431818K->6947K(471872K), 0.0085967 secs] 2224713K->1802145K(4141888K), 0.0087020 secs] [Times: user=0.05 sys=0.00, real=0.00 secs] 
314329.623: [GC (Allocation Failure) 314329.623: [ParNew: 426403K->15521K(471872K), 0.0060182 secs] 2221601K->1811433K(4141888K), 0.0061219 secs] [Times: user=0.05 sys=0.00, real=0.01 secs] 
314331.707: [GC (Allocation Failure) 314331.707: [ParNew: 434845K->15992K(471872K), 0.0064566 secs] 2230756K->1814810K(4141888K), 0.0065596 secs] [Times: user=0.05 sys=0.00, real=0.01 secs] 
314332.175: [GC (Allocation Failure) 314332.175: [ParNew: 435448K->4566K(471872K), 0.0060464 secs] 2234266K->1804118K(4141888K), 0.0061351 secs] [Times: user=0.04 sys=0.00, real=0.00 secs] 
314339.006: [GC (Allocation Failure) 314339.006: [ParNew: 424022K->4654K(471872K), 0.0055044 secs] 2223574K->1804393K(4141888K), 0.0055910 secs] [Times: user=0.04 sys=0.00, real=0.00 secs] 
314347.678: [GC (Allocation Failure) 314347.678: [ParNew: 424110K->3486K(471872K), 0.0084659 secs] 2223849K->1805917K(4141888K), 0.0085638 secs] [Times: user=0.06 sys=0.00, real=0.01 secs] 
314354.378: [GC (Allocation Failure) 314354.378: [ParNew: 422942K->3672K(471872K), 0.0088825 secs] 2225373K->1807608K(4141888K), 0.0089736 secs] [Times: user=0.05 sys=0.00, real=0.01 secs] 
314373.127: [GC (Allocation Failure) 314373.127: [ParNew: 423128K->4527K(471872K), 0.0082381 secs] 2227064K->1810227K(4141888K), 0.0083411 secs] [Times: user=0.05 sys=0.00, real=0.01 secs] 
314382.551: [GC (Allocation Failure) 314382.551: [ParNew: 423935K->4269K(471872K), 0.0087819 secs] 2229635K->1813495K(4141888K), 0.0088725 secs] [Times: user=0.05 sys=0.00, real=0.01 secs] 
314392.378: [GC (Allocation Failure) 314392.378: [ParNew: 423725K->6204K(471872K), 0.0069862 secs] 2232951K->1817160K(4141888K), 0.0070805 secs] [Times: user=0.05 sys=0.00, real=0.01 secs] 
314405.823: [GC (Allocation Failure) 314405.823: [ParNew: 425660K->5297K(471872K), 0.0082066 secs] 2236616K->1820642K(4141888K), 0.0083144 secs] [Times: user=0.06 sys=0.00, real=0.01 secs] 
314416.200: [GC (Allocation Failure) 314416.200: [ParNew: 424753K->4663K(471872K), 0.0063577 secs] 2240098K->1822738K(4141888K), 0.0064491 secs] [Times: user=0.04 sys=0.00, real=0.01 secs] 
314431.400: [GC (Allocation Failure) 314431.400: [ParNew: 424119K->4815K(471872K), 0.0068241 secs] 2242194K->1825305K(4141888K), 0.0069234 secs] [Times: user=0.05 sys=0.01, real=0.01 secs] 
314448.586: [GC (Allocation Failure) 314448.586: [ParNew: 424271K->4967K(471872K), 0.0078038 secs] 2244761K->1828278K(4141888K), 0.0079138 secs] [Times: user=0.06 sys=0.00, real=0.01 secs] 
314461.479: [GC (Allocation Failure) 314461.479: [ParNew: 424423K->7662K(471872K), 0.0080535 secs] 2247734K->1834169K(4141888K), 0.0081608 secs] [Times: user=0.05 sys=0.00, real=0.01 secs] 
314467.937: [GC (Allocation Failure) 314467.937: [ParNew: 427118K->4622K(471872K), 0.0081963 secs] 2253625K->1835874K(4141888K), 0.0083251 secs] [Times: user=0.06 sys=0.00, real=0.01 secs] 
314483.161: [GC (Allocation Failure) 314483.161: [ParNew: 424078K->4822K(471872K), 0.0066062 secs] 2255330K->1838365K(4141888K), 0.0067024 secs] [Times: user=0.05 sys=0.00, real=0.01 secs] 
314502.501: [GC (Allocation Failure) 314502.501: [ParNew: 424278K->5259K(471872K), 0.0078139 secs] 2257821K->1841817K(4141888K), 0.0079147 secs] [Times: user=0.05 sys=0.00, real=0.01 secs] 
314513.571: [GC (Allocation Failure) 314513.571: [ParNew: 424715K->32270K(471872K), 0.0104239 secs] 2261273K->1872280K(4141888K), 0.0105320 secs] [Times: user=0.07 sys=0.00, real=0.01 secs] 
314529.778: [GC (Allocation Failure) 314529.778: [ParNew: 451726K->11287K(471872K), 0.0080268 secs] 2291736K->1855766K(4141888K), 0.0081485 secs] [Times: user=0.06 sys=0.00, real=0.01 secs] 
314544.839: [GC (Allocation Failure) 314544.839: [ParNew: 430743K->5303K(471872K), 0.0086496 secs] 2275222K->1852782K(4141888K), 0.0087493 secs] [Times: user=0.05 sys=0.00, real=0.01 secs] 
314562.185: [GC (Allocation Failure) 314562.185: [ParNew: 424759K->5052K(471872K), 0.0072046 secs] 2272238K->1855736K(4141888K), 0.0073006 secs] [Times: user=0.05 sys=0.00, real=0.00 secs] 
314575.546: [GC (Allocation Failure) 314575.546: [ParNew: 424508K->24110K(471872K), 0.0096867 secs] 2275192K->1877821K(4141888K), 0.0097983 secs] [Times: user=0.07 sys=0.00, real=0.01 secs] 
314590.790: [GC (Allocation Failure) 314590.790: [ParNew: 443566K->20511K(471872K), 0.0083733 secs] 2297277K->1878844K(4141888K), 0.0084812 secs] [Times: user=0.07 sys=0.00, real=0.01 secs] 
314594.649: [GC (Allocation Failure) 314594.649: [ParNew: 439967K->14114K(471872K), 0.0123238 secs] 2298300K->1875272K(4141888K), 0.0124255 secs] [Times: user=0.05 sys=0.00, real=0.01 secs] 
314598.743: [GC (Allocation Failure) 314598.743: [ParNew: 433570K->14433K(471872K), 0.0064529 secs] 2294728K->1876579K(4141888K), 0.0065520 secs] [Times: user=0.04 sys=0.00, real=0.01 secs] 
314600.687: [GC (Allocation Failure) 314600.687: [ParNew: 431842K->17436K(471872K), 0.0056970 secs] 2293988K->1880382K(4141888K), 0.0057969 secs] [Times: user=0.04 sys=0.00, real=0.00 secs] 
314603.606: [GC (Allocation Failure) 314603.606: [ParNew: 436892K->13472K(471872K), 0.0077250 secs] 2299838K->1876788K(4141888K), 0.0078249 secs] [Times: user=0.05 sys=0.00, real=0.01 secs] 
314606.746: [GC (Allocation Failure) 314606.746: [ParNew: 432928K->14731K(471872K), 0.0067200 secs] 2296244K->1878791K(4141888K), 0.0068235 secs] [Times: user=0.05 sys=0.00, real=0.00 secs] 
314607.899: [GC (Allocation Failure) 314607.899: [ParNew: 434187K->10020K(471872K), 0.0048547 secs] 2298247K->1875017K(4141888K), 0.0049514 secs] [Times: user=0.04 sys=0.00, real=0.01 secs] 
314609.787: [GC (Allocation Failure) 314609.787: [ParNew: 429476K->12977K(471872K), 0.0063013 secs] 2294473K->1878198K(4141888K), 0.0063997 secs] [Times: user=0.05 sys=0.01, real=0.00 secs] 
314611.754: [GC (Allocation Failure) 314611.754: [ParNew: 432433K->17349K(471872K), 0.0063240 secs] 2297654K->1883013K(4141888K), 0.0064292 secs] [Times: user=0.05 sys=0.00, real=0.00 secs] 
314612.938: [GC (Allocation Failure) 314612.938: [ParNew: 436805K->13132K(471872K), 0.0060777 secs] 2302469K->1879204K(4141888K), 0.0061717 secs] [Times: user=0.04 sys=0.01, real=0.01 secs] 
314614.800: [GC (Allocation Failure) 314614.800: [ParNew: 432588K->7802K(471872K), 0.0047668 secs] 2298660K->1874121K(4141888K), 0.0048478 secs] [Times: user=0.04 sys=0.00, real=0.01 secs] 
314623.124: [GC (Allocation Failure) 314623.124: [ParNew: 427258K->3099K(471872K), 0.0055589 secs] 2293577K->1871066K(4141888K), 0.0056554 secs] [Times: user=0.04 sys=0.00, real=0.01 secs] 
314628.303: [GC (Allocation Failure) 314628.303: [ParNew: 422555K->3387K(471872K), 0.0055119 secs] 2290522K->1873039K(4141888K), 0.0056008 secs] [Times: user=0.04 sys=0.00, real=0.01 secs] 
314636.536: [GC (Allocation Failure) 314636.536: [ParNew: 422843K->22257K(471872K), 0.0060613 secs] 2292495K->1892872K(4141888K), 0.0061550 secs] [Times: user=0.04 sys=0.00, real=0.00 secs] 
314645.517: [GC (Allocation Failure) 314645.517: [ParNew: 441713K->5733K(471872K), 0.0071800 secs] 2312328K->1877898K(4141888K), 0.0072689 secs] [Times: user=0.04 sys=0.00, real=0.01 secs] 
314651.229: [GC (Allocation Failure) 314651.229: [ParNew: 425189K->3511K(471872K), 0.0118142 secs] 2297354K->1879702K(4141888K), 0.0119172 secs] [Times: user=0.06 sys=0.00, real=0.01 secs] 
314654.879: [GC (Allocation Failure) 314654.879: [ParNew: 422967K->3732K(471872K), 0.0071781 secs] 2299158K->1881327K(4141888K), 0.0072662 secs] [Times: user=0.04 sys=0.00, real=0.01 secs] 
314667.726: [GC (Allocation Failure) 314667.726: [ParNew: 423188K->5308K(471872K), 0.0083151 secs] 2300783K->1884577K(4141888K), 0.0084055 secs] [Times: user=0.05 sys=0.00, real=0.01 secs] 
314675.147: [GC (Allocation Failure) 314675.147: [ParNew: 424764K->4130K(471872K), 0.0107565 secs] 2304033K->1886267K(4141888K), 0.0108510 secs] [Times: user=0.05 sys=0.00, real=0.01 secs] 
314688.739: [GC (Allocation Failure) 314688.739: [ParNew: 423586K->12430K(471872K), 0.0088787 secs] 2305723K->1896131K(4141888K), 0.0090019 secs] [Times: user=0.06 sys=0.00, real=0.01 secs] 
314698.611: [GC (Allocation Failure) 314698.611: [ParNew: 431607K->29485K(471872K), 0.0074566 secs] 2315309K->1915772K(4141888K), 0.0075628 secs] [Times: user=0.05 sys=0.00, real=0.01 secs] 
314707.604: [GC (Allocation Failure) 314707.604: [ParNew: 448941K->8640K(471872K), 0.0066981 secs] 2335228K->1898020K(4141888K), 0.0068061 secs] [Times: user=0.05 sys=0.00, real=0.00 secs] 
314712.480: [GC (Allocation Failure) 314712.480: [ParNew: 428096K->3115K(471872K), 0.0056088 secs] 2317476K->1896651K(4141888K), 0.0056995 secs] [Times: user=0.04 sys=0.00, real=0.01 secs] 
314714.969: [GC (Allocation Failure) 314714.969: [ParNew: 422571K->3136K(471872K), 0.0056003 secs] 2316107K->1897754K(4141888K), 0.0056849 secs] [Times: user=0.04 sys=0.00, real=0.01 secs] 
314716.932: [GC (Allocation Failure) 314716.932: [ParNew: 422592K->2914K(471872K), 0.0046186 secs] 2317210K->1898302K(4141888K), 0.0047058 secs] [Times: user=0.03 sys=0.00, real=0.01 secs] 
314720.059: [GC (Allocation Failure) 314720.059: [ParNew: 422292K->3501K(471872K), 0.0047421 secs] 2317679K->1899490K(4141888K), 0.0048127 secs] [Times: user=0.04 sys=0.00, real=0.00 secs] 
314723.163: [GC (Allocation Failure) 314723.163: [ParNew: 422957K->1709K(471872K), 0.0047913 secs] 2318946K->1898296K(4141888K), 0.0048708 secs] [Times: user=0.04 sys=0.00, real=0.01 secs] 
314726.649: [GC (Allocation Failure) 314726.649: [ParNew: 421165K->1936K(471872K), 0.0053725 secs] 2317752K->1899266K(4141888K), 0.0054564 secs] [Times: user=0.04 sys=0.00, real=0.01 secs] 
314729.433: [GC (Allocation Failure) 314729.433: [ParNew: 421369K->3064K(471872K), 0.0048847 secs] 2318699K->1901096K(4141888K), 0.0049723 secs] [Times: user=0.04 sys=0.00, real=0.01 secs] 
314733.720: [GC (Allocation Failure) 314733.720: [ParNew: 422434K->2766K(471872K), 0.0054589 secs] 2320465K->1901560K(4141888K), 0.0055556 secs] [Times: user=0.04 sys=0.00, real=0.01 secs] 
314736.632: [GC (Allocation Failure) 314736.632: [ParNew: 422222K->2472K(471872K), 0.0050623 secs] 2321016K->1902091K(4141888K), 0.0051479 secs] [Times: user=0.04 sys=0.00, real=0.01 secs] 
314738.763: [GC (Allocation Failure) 314738.763: [ParNew: 421928K->2752K(471872K), 0.0047185 secs] 2321547K->1902900K(4141888K), 0.0048176 secs] [Times: user=0.03 sys=0.00, real=0.01 secs] 
314742.404: [GC (Allocation Failure) 314742.404: [ParNew: 422208K->2430K(471872K), 0.0049870 secs] 2322356K->1903023K(4141888K), 0.0050777 secs] [Times: user=0.04 sys=0.00, real=0.01 secs] 
314750.258: [GC (Allocation Failure) 314750.258: [ParNew: 421886K->2476K(471872K), 0.0051860 secs] 2322479K->1903933K(4141888K), 0.0052743 secs] [Times: user=0.04 sys=0.00, real=0.00 secs] 
314760.576: [GC (Allocation Failure) 314760.576: [ParNew: 421932K->30180K(471872K), 0.0084917 secs] 2323389K->1933203K(4141888K), 0.0086009 secs] [Times: user=0.06 sys=0.00, real=0.01 secs] 
314773.118: [GC (Allocation Failure) 314773.118: [ParNew: 449636K->8177K(471872K), 0.0066323 secs] 2352659K->1915769K(4141888K), 0.0067239 secs] [Times: user=0.05 sys=0.00, real=0.01 secs] 
314785.419: [GC (Allocation Failure) 314785.419: [ParNew: 427633K->4672K(471872K), 0.0065853 secs] 2335225K->1914599K(4141888K), 0.0066866 secs] [Times: user=0.05 sys=0.00, real=0.01 secs] 
314791.239: [GC (Allocation Failure) 314791.239: [ParNew: 424128K->4273K(471872K), 0.0063216 secs] 2334055K->1916719K(4141888K), 0.0064143 secs] [Times: user=0.04 sys=0.00, real=0.01 secs] 
314795.382: [GC (Allocation Failure) 314795.382: [ParNew: 423729K->5555K(471872K), 0.0057012 secs] 2336175K->1919289K(4141888K), 0.0057970 secs] [Times: user=0.05 sys=0.00, real=0.01 secs] 
314803.148: [GC (Allocation Failure) 314803.148: [ParNew: 425011K->4961K(471872K), 0.0054436 secs] 2338745K->1919584K(4141888K), 0.0055326 secs] [Times: user=0.03 sys=0.00, real=0.00 secs] 
314813.117: [GC (Allocation Failure) 314813.117: [ParNew: 424417K->3934K(471872K), 0.0062518 secs] 2339040K->1920644K(4141888K), 0.0063610 secs] [Times: user=0.04 sys=0.00, real=0.00 secs] 
314821.551: [GC (Allocation Failure) 314821.551: [ParNew: 421959K->31775K(471872K), 0.0072853 secs] 2338669K->1950835K(4141888K), 0.0073881 secs] [Times: user=0.05 sys=0.00, real=0.01 secs] 
314829.343: [GC (Allocation Failure) 314829.343: [ParNew: 451231K->7810K(471872K), 0.0064841 secs] 2370291K->1928504K(4141888K), 0.0065741 secs] [Times: user=0.05 sys=0.00, real=0.01 secs] 
314834.859: [GC (Allocation Failure) 314834.859: [ParNew: 427241K->3578K(471872K), 0.0063248 secs] 2347934K->1928153K(4141888K), 0.0064116 secs] [Times: user=0.05 sys=0.00, real=0.01 secs] 
314841.139: [GC (Allocation Failure) 314841.139: [ParNew: 423034K->2741K(471872K), 0.0055531 secs] 2347609K->1928378K(4141888K), 0.0056483 secs] [Times: user=0.04 sys=0.00, real=0.01 secs] 
314846.486: [GC (Allocation Failure) 314846.486: [ParNew: 422197K->2821K(471872K), 0.0055035 secs] 2347834K->1930032K(4141888K), 0.0056033 secs] [Times: user=0.04 sys=0.00, real=0.00 secs] 
314853.077: [GC (Allocation Failure) 314853.077: [ParNew: 422277K->3300K(471872K), 0.0057947 secs] 2349488K->1931652K(4141888K), 0.0058748 secs] [Times: user=0.04 sys=0.00, real=0.00 secs] 
314863.050: [GC (Allocation Failure) 314863.050: [ParNew: 422756K->3478K(471872K), 0.0057258 secs] 2351108K->1933149K(4141888K), 0.0058270 secs] [Times: user=0.04 sys=0.00, real=0.01 secs] 
314873.137: [GC (Allocation Failure) 314873.137: [ParNew: 422934K->4009K(471872K), 0.0069759 secs] 2352605K->1935446K(4141888K), 0.0070872 secs] [Times: user=0.05 sys=0.00, real=0.01 secs] 
314885.177: [GC (Allocation Failure) 314885.177: [ParNew: 423465K->6892K(471872K), 0.0065084 secs] 2354902K->1940298K(4141888K), 0.0065970 secs] [Times: user=0.05 sys=0.00, real=0.00 secs] 
314901.183: [GC (Allocation Failure) 314901.183: [ParNew: 426348K->5553K(471872K), 0.0085768 secs] 2359754K->1943737K(4141888K), 0.0086677 secs] [Times: user=0.06 sys=0.00, real=0.01 secs] 
314915.545: [GC (Allocation Failure) 314915.545: [ParNew: 425009K->4819K(471872K), 0.0071746 secs] 2363193K->1946218K(4141888K), 0.0072686 secs] [Times: user=0.05 sys=0.00, real=0.00 secs] 
314925.948: [GC (Allocation Failure) 314925.948: [ParNew: 424275K->5518K(471872K), 0.0076655 secs] 2365674K->1949819K(4141888K), 0.0077873 secs] [Times: user=0.05 sys=0.00, real=0.01 secs] 
314928.843: [GC (Allocation Failure) 314928.843: [ParNew: 424974K->11120K(471872K), 0.0058627 secs] 2369275K->1957709K(4141888K), 0.0059549 secs] [Times: user=0.04 sys=0.00, real=0.01 secs] 
314929.854: [GC (Allocation Failure) 314929.854: [ParNew: 430373K->14833K(471872K), 0.0053205 secs] 2376962K->1962297K(4141888K), 0.0054141 secs] [Times: user=0.04 sys=0.00, real=0.00 secs] 
314931.231: [GC (Allocation Failure) 314931.231: [ParNew: 434289K->11165K(471872K), 0.0056380 secs] 2381753K->1958919K(4141888K), 0.0057159 secs] [Times: user=0.04 sys=0.00, real=0.01 secs] 
314933.071: [GC (Allocation Failure) 314933.071: [ParNew: 430621K->3099K(471872K), 0.0051010 secs] 2378375K->1951306K(4141888K), 0.0051947 secs] [Times: user=0.04 sys=0.00, real=0.01 secs] 
314936.844: [GC (Allocation Failure) 314936.844: [ParNew: 422090K->13985K(471872K), 0.0058979 secs] 2370297K->1962574K(4141888K), 0.0060059 secs] [Times: user=0.04 sys=0.00, real=0.00 secs] 
314938.939: [GC (Allocation Failure) 314938.940: [ParNew: 433441K->16938K(471872K), 0.0056446 secs] 2382030K->1966484K(4141888K), 0.0057386 secs] [Times: user=0.04 sys=0.00, real=0.01 secs] 
314939.995: [GC (Allocation Failure) 314939.995: [ParNew: 434302K->18250K(471872K), 0.0105138 secs] 2383848K->1968336K(4141888K), 0.0106223 secs] [Times: user=0.07 sys=0.00, real=0.01 secs] 
314940.489: [GC (Allocation Failure) 314940.489: [ParNew: 437706K->9268K(471872K), 0.0070132 secs] 2387792K->1963626K(4141888K), 0.0070925 secs] [Times: user=0.04 sys=0.00, real=0.01 secs] 
314940.855: [GC (Allocation Failure) 314940.855: [ParNew: 428724K->11501K(471872K), 0.0068566 secs] 2383082K->1968667K(4141888K), 0.0069344 secs] [Times: user=0.03 sys=0.00, real=0.00 secs] 
314941.290: [GC (Allocation Failure) 314941.290: [ParNew: 430957K->7211K(471872K), 0.0064328 secs] 2388123K->1964923K(4141888K), 0.0065325 secs] [Times: user=0.04 sys=0.00, real=0.01 secs] 
314941.799: [GC (Allocation Failure) 314941.799: [ParNew: 426667K->12044K(471872K), 0.0060259 secs] 2384379K->1971469K(4141888K), 0.0061270 secs] [Times: user=0.05 sys=0.00, real=0.01 secs] 
314942.045: [GC (Allocation Failure) 314942.045: [ParNew: 431500K->17095K(471872K), 0.0060115 secs] 2390925K->1979063K(4141888K), 0.0061157 secs] [Times: user=0.04 sys=0.00, real=0.00 secs] 
314942.321: [GC (Allocation Failure) 314942.321: [ParNew: 436551K->7400K(471872K), 0.0045786 secs] 2398519K->1969531K(4141888K), 0.0046585 secs] [Times: user=0.03 sys=0.00, real=0.01 secs] 
314942.813: [GC (Allocation Failure) 314942.813: [ParNew: 426856K->3102K(471872K), 0.0048877 secs] 2388987K->1966728K(4141888K), 0.0049704 secs] [Times: user=0.03 sys=0.00, real=0.01 secs] 
314943.511: [GC (Allocation Failure) 314943.511: [ParNew: 420194K->28484K(471872K), 0.0063137 secs] 2383821K->1992524K(4141888K), 0.0064234 secs] [Times: user=0.04 sys=0.00, real=0.01 secs] 
314944.868: [GC (Allocation Failure) 314944.868: [ParNew: 447940K->16285K(471872K), 0.0068414 secs] 2411980K->1980586K(4141888K), 0.0069425 secs] [Times: user=0.05 sys=0.00, real=0.01 secs] 
314946.616: [GC (Allocation Failure) 314946.616: [ParNew: 435741K->8452K(471872K), 0.0049784 secs] 2400042K->1975560K(4141888K), 0.0050705 secs] [Times: user=0.04 sys=0.00, real=0.00 secs] 
314949.062: [GC (Allocation Failure) 314949.062: [ParNew: 427908K->3907K(471872K), 0.0049617 secs] 2395016K->1971851K(4141888K), 0.0050401 secs] [Times: user=0.04 sys=0.00, real=0.01 secs] 
314950.857: [GC (Allocation Failure) 314950.857: [ParNew: 423363K->7688K(471872K), 0.0053956 secs] 2391307K->1976459K(4141888K), 0.0054935 secs] [Times: user=0.04 sys=0.00, real=0.00 secs] 
314951.847: [GC (Allocation Failure) 314951.847: [ParNew: 427144K->6595K(471872K), 0.0048734 secs] 2395915K->1976102K(4141888K), 0.0049595 secs] [Times: user=0.04 sys=0.00, real=0.00 secs] 
314952.538: [GC (Allocation Failure) 314952.538: [ParNew: 426051K->3892K(471872K), 0.0044525 secs] 2395558K->1974071K(4141888K), 0.0045665 secs] [Times: user=0.03 sys=0.00, real=0.00 secs] 
314953.109: [GC (Allocation Failure) 314953.109: [ParNew: 423348K->13392K(471872K), 0.0100253 secs] 2393527K->1984122K(4141888K), 0.0101227 secs] [Times: user=0.04 sys=0.00, real=0.01 secs] 
314953.940: [GC (Allocation Failure) 314953.940: [ParNew: 432781K->3108K(471872K), 0.0082312 secs] 2403511K->1974276K(4141888K), 0.0083296 secs] [Times: user=0.04 sys=0.00, real=0.01 secs] 
314955.052: [GC (Allocation Failure) 314955.052: [ParNew: 422564K->10911K(471872K), 0.0120766 secs] 2393732K->1982386K(4141888K), 0.0121696 secs] [Times: user=0.06 sys=0.00, real=0.02 secs] 
314956.769: [GC (Allocation Failure) 314956.769: [ParNew: 430367K->15004K(471872K), 0.0065538 secs] 2401842K->1986886K(4141888K), 0.0066507 secs] [Times: user=0.05 sys=0.00, real=0.01 secs] 
314957.974: [GC (Allocation Failure) 314957.974: [ParNew: 434460K->7768K(471872K), 0.0048173 secs] 2406342K->1981029K(4141888K), 0.0048985 secs] [Times: user=0.03 sys=0.01, real=0.01 secs] 
314958.372: [GC (Allocation Failure) 314958.373: [ParNew: 427224K->15962K(471872K), 0.0059293 secs] 2400485K->1989862K(4141888K), 0.0060229 secs] [Times: user=0.04 sys=0.01, real=0.01 secs] 
314959.841: [GC (Allocation Failure) 314959.841: [ParNew: 435418K->15593K(471872K), 0.0059107 secs] 2409318K->1989969K(4141888K), 0.0060107 secs] [Times: user=0.04 sys=0.00, real=0.01 secs] 
314960.984: [GC (Allocation Failure) 314960.984: [ParNew: 435049K->9371K(471872K), 0.0048176 secs] 2409425K->1984250K(4141888K), 0.0049060 secs] [Times: user=0.04 sys=0.00, real=0.00 secs] 
314961.945: [GC (Allocation Failure) 314961.945: [ParNew: 428770K->6510K(471872K), 0.0119988 secs] 2403649K->1981833K(4141888K), 0.0120947 secs] [Times: user=0.09 sys=0.00, real=0.01 secs] 
314963.995: [GC (Allocation Failure) 314963.995: [ParNew: 425966K->3381K(471872K), 0.0231718 secs] 2401289K->1980320K(4141888K), 0.0233001 secs] [Times: user=0.06 sys=0.00, real=0.02 secs] 
314966.206: [GC (Allocation Failure) 314966.206: [ParNew: 422837K->3273K(471872K), 0.0052996 secs] 2399776K->1980843K(4141888K), 0.0053802 secs] [Times: user=0.04 sys=0.00, real=0.00 secs] 
314968.156: [GC (Allocation Failure) 314968.156: [ParNew: 422729K->4637K(471872K), 0.0132271 secs] 2400299K->1982833K(4141888K), 0.0133119 secs] [Times: user=0.09 sys=0.00, real=0.01 secs] 
314972.289: [GC (Allocation Failure) 314972.289: [ParNew: 424093K->3547K(471872K), 0.0085731 secs] 2402289K->1982600K(4141888K), 0.0086588 secs] [Times: user=0.05 sys=0.00, real=0.01 secs] 
314975.206: [GC (Allocation Failure) 314975.206: [ParNew: 423003K->4308K(471872K), 0.0084746 secs] 2402056K->1984690K(4141888K), 0.0085579 secs] [Times: user=0.05 sys=0.00, real=0.01 secs] 
314979.120: [GC (Allocation Failure) 314979.120: [ParNew: 423764K->3804K(471872K), 0.0062471 secs] 2404146K->1984968K(4141888K), 0.0063233 secs] [Times: user=0.04 sys=0.00, real=0.01 secs] 
314981.245: [GC (Allocation Failure) 314981.245: [ParNew: 423260K->3187K(471872K), 0.0059298 secs] 2404424K->1985710K(4141888K), 0.0060243 secs] [Times: user=0.04 sys=0.00, real=0.00 secs] 
314982.712: [GC (Allocation Failure) 314982.712: [ParNew: 422643K->5104K(471872K), 0.0050515 secs] 2405166K->1988206K(4141888K), 0.0051598 secs] [Times: user=0.04 sys=0.00, real=0.01 secs] 
314985.682: [GC (Allocation Failure) 314985.682: [ParNew: 424560K->5197K(471872K), 0.0061590 secs] 2407662K->1989076K(4141888K), 0.0062732 secs] [Times: user=0.04 sys=0.00, real=0.01 secs] 
314987.157: [GC (Allocation Failure) 314987.157: [ParNew: 424653K->5571K(471872K), 0.0051994 secs] 2408532K->1990448K(4141888K), 0.0052802 secs] [Times: user=0.04 sys=0.00, real=0.00 secs] 
314989.351: [GC (Allocation Failure) 314989.351: [ParNew: 425027K->3188K(471872K), 0.0048518 secs] 2409904K->1988647K(4141888K), 0.0049294 secs] [Times: user=0.04 sys=0.00, real=0.01 secs] 
314995.322: [GC (Allocation Failure) 314995.322: [ParNew: 422644K->3827K(471872K), 0.0090119 secs] 2408103K->1990098K(4141888K), 0.0091236 secs] [Times: user=0.05 sys=0.01, real=0.01 secs] 
315008.057: [GC (Allocation Failure) 315008.057: [ParNew: 423283K->7597K(471872K), 0.0070604 secs] 2409554K->1995924K(4141888K), 0.0071515 secs] [Times: user=0.06 sys=0.00, real=0.01 secs] 
315021.854: [GC (Allocation Failure) 315021.854: [ParNew: 427053K->5979K(471872K), 0.0082881 secs] 2415380K->2000193K(4141888K), 0.0083826 secs] [Times: user=0.06 sys=0.00, real=0.00 secs] 
315025.309: [GC (Allocation Failure) 315025.309: [ParNew: 425435K->5037K(471872K), 0.0076272 secs] 2419649K->2003376K(4141888K), 0.0077195 secs] [Times: user=0.06 sys=0.00, real=0.01 secs] 
315031.439: [GC (Allocation Failure) 315031.439: [ParNew: 424493K->5102K(471872K), 0.0051916 secs] 2422832K->2004103K(4141888K), 0.0052720 secs] [Times: user=0.04 sys=0.00, real=0.01 secs] 
315035.448: [GC (Allocation Failure) 315035.448: [ParNew: 424558K->4791K(471872K), 0.0053304 secs] 2423559K->2005092K(4141888K), 0.0054184 secs] [Times: user=0.04 sys=0.00, real=0.00 secs] 
315037.644: [GC (Allocation Failure) 315037.644: [ParNew: 424247K->2953K(471872K), 0.0049541 secs] 2424548K->2004056K(4141888K), 0.0050331 secs] [Times: user=0.04 sys=0.00, real=0.00 secs] 
315041.488: [GC (Allocation Failure) 315041.489: [ParNew: 422409K->4645K(471872K), 0.0049618 secs] 2423512K->2006362K(4141888K), 0.0050431 secs] [Times: user=0.04 sys=0.00, real=0.00 secs] 
315045.272: [GC (Allocation Failure) 315045.272: [ParNew: 424101K->3346K(471872K), 0.0060671 secs] 2425818K->2005781K(4141888K), 0.0061702 secs] [Times: user=0.05 sys=0.00, real=0.01 secs] 
315050.329: [GC (Allocation Failure) 315050.329: [ParNew: 422802K->3620K(471872K), 0.0058264 secs] 2425237K->2007082K(4141888K), 0.0059173 secs] [Times: user=0.04 sys=0.00, real=0.01 secs] 
315053.066: [GC (Allocation Failure) 315053.066: [ParNew: 423076K->2041K(471872K), 0.0047039 secs] 2426538K->2006440K(4141888K), 0.0047799 secs] [Times: user=0.03 sys=0.00, real=0.00 secs] 
315058.534: [GC (Allocation Failure) 315058.534: [ParNew: 421497K->2343K(471872K), 0.0053581 secs] 2425896K->2007376K(4141888K), 0.0054382 secs] [Times: user=0.04 sys=0.00, real=0.00 secs] 
315062.330: [GC (Allocation Failure) 315062.330: [ParNew: 421799K->5164K(471872K), 0.0055434 secs] 2426832K->2011265K(4141888K), 0.0056450 secs] [Times: user=0.05 sys=0.00, real=0.01 secs] 
315065.293: [GC (Allocation Failure) 315065.293: [ParNew: 424620K->2619K(471872K), 0.0050123 secs] 2430721K->2009584K(4141888K), 0.0051001 secs] [Times: user=0.04 sys=0.00, real=0.01 secs] 
315067.845: [GC (Allocation Failure) 315067.845: [ParNew: 422075K->4544K(471872K), 0.0051968 secs] 2429040K->2012222K(4141888K), 0.0052802 secs] [Times: user=0.03 sys=0.00, real=0.00 secs] 
315073.010: [GC (Allocation Failure) 315073.010: [ParNew: 424000K->2726K(471872K), 0.0051264 secs] 2431678K->2013390K(4141888K), 0.0052182 secs] [Times: user=0.04 sys=0.00, real=0.01 secs] 
315075.568: [GC (Allocation Failure) 315075.568: [ParNew: 422182K->5486K(471872K), 0.0054668 secs] 2432846K->2017252K(4141888K), 0.0055738 secs] [Times: user=0.04 sys=0.00, real=0.01 secs] 
315079.681: [GC (Allocation Failure) 315079.681: [ParNew: 424942K->12913K(471872K), 0.0068030 secs] 2436708K->2025187K(4141888K), 0.0069029 secs] [Times: user=0.06 sys=0.00, real=0.01 secs] 
315083.062: [GC (Allocation Failure) 315083.062: [ParNew: 432369K->7422K(471872K), 0.0057575 secs] 2444643K->2020905K(4141888K), 0.0058340 secs] [Times: user=0.04 sys=0.00, real=0.01 secs] 
315084.371: [GC (Allocation Failure) 315084.371: [ParNew: 426878K->3246K(471872K), 0.0053564 secs] 2440361K->2017953K(4141888K), 0.0054367 secs] [Times: user=0.04 sys=0.00, real=0.01 secs] 
315086.716: [GC (Allocation Failure) 315086.716: [ParNew: 422498K->16023K(471872K), 0.0058599 secs] 2437205K->2031057K(4141888K), 0.0059506 secs] [Times: user=0.05 sys=0.00, real=0.00 secs] 
315089.651: [GC (Allocation Failure) 315089.651: [ParNew: 435231K->19124K(471872K), 0.0056936 secs] 2450264K->2034660K(4141888K), 0.0057885 secs] [Times: user=0.04 sys=0.00, real=0.01 secs] 
315091.547: [GC (Allocation Failure) 315091.548: [ParNew: 438580K->4877K(471872K), 0.0045042 secs] 2454116K->2021058K(4141888K), 0.0046132 secs] [Times: user=0.04 sys=0.00, real=0.00 secs] 
315092.657: [GC (Allocation Failure) 315092.657: [ParNew: 424333K->13421K(471872K), 0.0046508 secs] 2440514K->2029972K(4141888K), 0.0047384 secs] [Times: user=0.03 sys=0.00, real=0.00 secs] 
315094.892: [GC (Allocation Failure) 315094.892: [ParNew: 432877K->14708K(471872K), 0.0055504 secs] 2449428K->2031529K(4141888K), 0.0056432 secs] [Times: user=0.04 sys=0.00, real=0.01 secs] 
315096.656: [GC (Allocation Failure) 315096.656: [ParNew: 434164K->5956K(471872K), 0.0046639 secs] 2450985K->2023359K(4141888K), 0.0047468 secs] [Times: user=0.03 sys=0.00, real=0.00 secs] 
315097.031: [GC (Allocation Failure) 315097.031: [ParNew: 424998K->14352K(471872K), 0.0108459 secs] 2442401K->2032319K(4141888K), 0.0109326 secs] [Times: user=0.07 sys=0.00, real=0.01 secs] 
315098.009: [GC (Allocation Failure) 315098.009: [ParNew: 433808K->12079K(471872K), 0.0103940 secs] 2451775K->2030253K(4141888K), 0.0104881 secs] [Times: user=0.07 sys=0.00, real=0.01 secs] 
315098.872: [GC (Allocation Failure) 315098.872: [ParNew: 431535K->13838K(471872K), 0.0061849 secs] 2449709K->2032334K(4141888K), 0.0062958 secs] [Times: user=0.04 sys=0.00, real=0.01 secs] 
315101.822: [GC (Allocation Failure) 315101.822: [ParNew: 433294K->8533K(471872K), 0.0047322 secs] 2451790K->2027272K(4141888K), 0.0048220 secs] [Times: user=0.04 sys=0.00, real=0.01 secs] 
315105.673: [GC (Allocation Failure) 315105.673: [ParNew: 427989K->7266K(471872K), 0.0068180 secs] 2446728K->2027027K(4141888K), 0.0069246 secs] [Times: user=0.05 sys=0.00, real=0.01 secs] 
315106.818: [GC (Allocation Failure) 315106.818: [ParNew: 426722K->12763K(471872K), 0.0060763 secs] 2446483K->2033614K(4141888K), 0.0061788 secs] [Times: user=0.05 sys=0.00, real=0.01 secs] 
315111.656: [GC (Allocation Failure) 315111.656: [ParNew: 432219K->12851K(471872K), 0.0061681 secs] 2453070K->2034001K(4141888K), 0.0062652 secs] [Times: user=0.04 sys=0.01, real=0.00 secs] 
315113.050: [GC (Allocation Failure) 315113.050: [ParNew: 432307K->3736K(471872K), 0.0060130 secs] 2453457K->2026362K(4141888K), 0.0060916 secs] [Times: user=0.04 sys=0.01, real=0.01 secs] 
315114.752: [GC (Allocation Failure) 315114.752: [ParNew: 423192K->16903K(471872K), 0.0067174 secs] 2445818K->2039947K(4141888K), 0.0068365 secs] [Times: user=0.05 sys=0.00, real=0.01 secs] 
315116.742: [GC (Allocation Failure) 315116.742: [ParNew: 434396K->12551K(471872K), 0.0070887 secs] 2457440K->2036201K(4141888K), 0.0071852 secs] [Times: user=0.04 sys=0.00, real=0.01 secs] 
315117.159: [GC (Allocation Failure) 315117.159: [ParNew: 430719K->11103K(471872K), 0.0058718 secs] 2454370K->2035308K(4141888K), 0.0059669 secs] [Times: user=0.04 sys=0.00, real=0.01 secs] 
315118.067: [GC (Allocation Failure) 315118.067: [ParNew: 428439K->15626K(471872K), 0.0055858 secs] 2452644K->2040007K(4141888K), 0.0056692 secs] [Times: user=0.04 sys=0.00, real=0.00 secs] 
315128.625: [GC (Allocation Failure) 315128.625: [ParNew: 435082K->29682K(471872K), 0.0079786 secs] 2459463K->2054272K(4141888K), 0.0081089 secs] [Times: user=0.05 sys=0.01, real=0.00 secs] 
315137.914: [GC (Allocation Failure) 315137.915: [ParNew: 449138K->6544K(471872K), 0.0083944 secs] 2473728K->2037901K(4141888K), 0.0085232 secs] [Times: user=0.06 sys=0.00, real=0.00 secs] 
315152.789: [GC (Allocation Failure) 315152.789: [ParNew: 426000K->5617K(471872K), 0.0093765 secs] 2457357K->2039017K(4141888K), 0.0094626 secs] [Times: user=0.06 sys=0.00, real=0.01 secs] 
315163.845: [GC (Allocation Failure) 315163.845: [ParNew: 425073K->4435K(471872K), 0.0074105 secs] 2458473K->2041433K(4141888K), 0.0075326 secs] [Times: user=0.05 sys=0.00, real=0.00 secs] 
315173.110: [GC (Allocation Failure) 315173.110: [ParNew: 423891K->4256K(471872K), 0.0069434 secs] 2460889K->2043418K(4141888K), 0.0070305 secs] [Times: user=0.06 sys=0.00, real=0.01 secs] 
315180.241: [GC (Allocation Failure) 315180.241: [ParNew: 423712K->3906K(471872K), 0.0061509 secs] 2462874K->2044789K(4141888K), 0.0062492 secs] [Times: user=0.04 sys=0.01, real=0.01 secs] 
315189.112: [GC (Allocation Failure) 315189.112: [ParNew: 423362K->3882K(471872K), 0.0061322 secs] 2464245K->2046442K(4141888K), 0.0062229 secs] [Times: user=0.05 sys=0.00, real=0.01 secs] 
315196.516: [GC (Allocation Failure) 315196.516: [ParNew: 423338K->6084K(471872K), 0.0073664 secs] 2465898K->2050713K(4141888K), 0.0074708 secs] [Times: user=0.05 sys=0.00, real=0.01 secs] 
315203.611: [GC (Allocation Failure) 315203.611: [ParNew: 425540K->4378K(471872K), 0.0072785 secs] 2470169K->2052806K(4141888K), 0.0073665 secs] [Times: user=0.05 sys=0.00, real=0.01 secs] 
315211.356: [GC (Allocation Failure) 315211.356: [ParNew: 423834K->3321K(471872K), 0.0063587 secs] 2472262K->2053524K(4141888K), 0.0064459 secs] [Times: user=0.04 sys=0.00, real=0.00 secs] 
315223.135: [GC (Allocation Failure) 315223.135: [ParNew: 422777K->4139K(471872K), 0.0065731 secs] 2472980K->2055806K(4141888K), 0.0066755 secs] [Times: user=0.05 sys=0.00, real=0.00 secs] 
315237.703: [GC (Allocation Failure) 315237.703: [ParNew: 423595K->4378K(471872K), 0.0076440 secs] 2475262K->2058288K(4141888K), 0.0077446 secs] [Times: user=0.06 sys=0.00, real=0.01 secs] 
315252.553: [GC (Allocation Failure) 315252.553: [ParNew: 422302K->30486K(471872K), 0.0087841 secs] 2476213K->2087119K(4141888K), 0.0088854 secs] [Times: user=0.06 sys=0.01, real=0.01 secs] 
315263.087: [GC (Allocation Failure) 315263.087: [ParNew: 449942K->9460K(471872K), 0.0070465 secs] 2506575K->2069435K(4141888K), 0.0071563 secs] [Times: user=0.04 sys=0.00, real=0.01 secs] 
315276.723: [GC (Allocation Failure) 315276.723: [ParNew: 428916K->4357K(471872K), 0.0069629 secs] 2488891K->2069061K(4141888K), 0.0070533 secs] [Times: user=0.05 sys=0.00, real=0.01 secs] 
315293.068: [GC (Allocation Failure) 315293.068: [ParNew: 423813K->5535K(471872K), 0.0077476 secs] 2488517K->2072922K(4141888K), 0.0078410 secs] [Times: user=0.05 sys=0.00, real=0.01 secs] 
315297.940: [GC (Allocation Failure) 315297.940: [ParNew: 424991K->12117K(471872K), 0.0083021 secs] 2492378K->2083125K(4141888K), 0.0084016 secs] [Times: user=0.06 sys=0.00, real=0.01 secs] 
315299.870: [GC (Allocation Failure) 315299.870: [ParNew: 431169K->20792K(471872K), 0.0060546 secs] 2502178K->2093049K(4141888K), 0.0061571 secs] [Times: user=0.05 sys=0.00, real=0.01 secs] 
315300.370: [GC (Allocation Failure) 315300.370: [ParNew: 440248K->10673K(471872K), 0.0052710 secs] 2512505K->2083575K(4141888K), 0.0053520 secs] [Times: user=0.04 sys=0.00, real=0.01 secs] 
315300.941: [GC (Allocation Failure) 315300.941: [ParNew: 430129K->4630K(471872K), 0.0057660 secs] 2503031K->2084258K(4141888K), 0.0058619 secs] [Times: user=0.04 sys=0.00, real=0.01 secs] 
315301.484: [GC (Allocation Failure) 315301.484: [ParNew: 422991K->3912K(471872K), 0.0056387 secs] 2502620K->2084180K(4141888K), 0.0057289 secs] [Times: user=0.04 sys=0.00, real=0.01 secs] 
315302.046: [GC (Allocation Failure) 315302.046: [ParNew: 423368K->2618K(471872K), 0.0054476 secs] 2503636K->2083217K(4141888K), 0.0055397 secs] [Times: user=0.04 sys=0.01, real=0.00 secs] 
315302.576: [GC (Allocation Failure) 315302.576: [ParNew: 422095K->3426K(471872K), 0.0045366 secs] 2502695K->2084343K(4141888K), 0.0046405 secs] [Times: user=0.03 sys=0.00, real=0.00 secs] 
315302.581: [GC (GCLocker Initiated GC) 315302.581: [ParNew: 3472K->1119K(471872K), 0.0131332 secs] 2084389K->2084320K(4141888K), 0.0131875 secs] [Times: user=0.08 sys=0.00, real=0.02 secs] 
315307.506: [GC (Allocation Failure) 315307.506: [ParNew: 420574K->1985K(471872K), 0.0065872 secs] 2503775K->2085186K(4141888K), 0.0066705 secs] [Times: user=0.04 sys=0.00, real=0.00 secs] 
315315.731: [GC (Allocation Failure) 315315.732: [ParNew: 421441K->6783K(471872K), 0.0076464 secs] 2504642K->2091081K(4141888K), 0.0077546 secs] [Times: user=0.05 sys=0.00, real=0.01 secs] 
315323.239: [GC (Allocation Failure) 315323.239: [ParNew: 426239K->4020K(471872K), 0.0087789 secs] 2510537K->2092387K(4141888K), 0.0088899 secs] [Times: user=0.06 sys=0.00, real=0.01 secs] 
315330.732: [GC (Allocation Failure) 315330.732: [ParNew: 423476K->5048K(471872K), 0.0058636 secs] 2511843K->2095212K(4141888K), 0.0059612 secs] [Times: user=0.04 sys=0.00, real=0.01 secs] 
315339.112: [GC (Allocation Failure) 315339.113: [ParNew: 424504K->4233K(471872K), 0.0056524 secs] 2514668K->2096282K(4141888K), 0.0057439 secs] [Times: user=0.04 sys=0.00, real=0.01 secs] 
315343.699: [GC (Allocation Failure) 315343.699: [ParNew: 423689K->3659K(471872K), 0.0059183 secs] 2515738K->2097547K(4141888K), 0.0060225 secs] [Times: user=0.04 sys=0.00, real=0.01 secs] 
315349.913: [GC (Allocation Failure) 315349.913: [ParNew: 423115K->2547K(471872K), 0.0050138 secs] 2517003K->2097482K(4141888K), 0.0050976 secs] [Times: user=0.03 sys=0.00, real=0.01 secs] 
315356.821: [GC (Allocation Failure) 315356.821: [ParNew: 422003K->4576K(471872K), 0.0072138 secs] 2516938K->2100824K(4141888K), 0.0073104 secs] [Times: user=0.06 sys=0.00, real=0.01 secs] 
315363.136: [GC (Allocation Failure) 315363.136: [ParNew: 424032K->3553K(471872K), 0.0078385 secs] 2520280K->2101398K(4141888K), 0.0079230 secs] [Times: user=0.04 sys=0.00, real=0.01 secs] 
315375.592: [GC (Allocation Failure) 315375.592: [ParNew: 423009K->19082K(471872K), 0.0086530 secs] 2520854K->2118431K(4141888K), 0.0087613 secs] [Times: user=0.06 sys=0.00, real=0.01 secs] 
315387.530: [GC (Allocation Failure) 315387.530: [ParNew: 438538K->7907K(471872K), 0.0101106 secs] 2537887K->2111998K(4141888K), 0.0102002 secs] [Times: user=0.05 sys=0.00, real=0.01 secs] 
315403.053: [GC (Allocation Failure) 315403.053: [ParNew: 427363K->5629K(471872K), 0.0071198 secs] 2531454K->2112560K(4141888K), 0.0072133 secs] [Times: user=0.05 sys=0.00, real=0.01 secs] 
315410.855: [GC (Allocation Failure) 315410.855: [ParNew: 425085K->7620K(471872K), 0.0064142 secs] 2532016K->2117613K(4141888K), 0.0065109 secs] [Times: user=0.05 sys=0.00, real=0.00 secs] 
315412.051: [GC (Allocation Failure) 315412.051: [ParNew: 427076K->14335K(471872K), 0.0053228 secs] 2537069K->2126125K(4141888K), 0.0054162 secs] [Times: user=0.04 sys=0.00, real=0.01 secs] 
315413.195: [GC (Allocation Failure) 315413.195: [ParNew: 433791K->2274K(471872K), 0.0045988 secs] 2545581K->2114332K(4141888K), 0.0046885 secs] [Times: user=0.03 sys=0.00, real=0.00 secs] 
315415.177: [GC (Allocation Failure) 315415.177: [ParNew: 421238K->17552K(471872K), 0.0054505 secs] 2533296K->2130049K(4141888K), 0.0055433 secs] [Times: user=0.04 sys=0.00, real=0.00 secs] 
315416.463: [GC (Allocation Failure) 315416.463: [ParNew: 437008K->3858K(471872K), 0.0045510 secs] 2549505K->2116786K(4141888K), 0.0046282 secs] [Times: user=0.03 sys=0.00, real=0.01 secs] 
315419.894: [GC (Allocation Failure) 315419.894: [ParNew: 423314K->6626K(471872K), 0.0082347 secs] 2536242K->2119835K(4141888K), 0.0083707 secs] [Times: user=0.05 sys=0.00, real=0.01 secs] 
315421.289: [GC (Allocation Failure) 315421.290: [ParNew: 426082K->4174K(471872K), 0.0087563 secs] 2539291K->2118297K(4141888K), 0.0088495 secs] [Times: user=0.06 sys=0.00, real=0.01 secs] 
315423.162: [GC (Allocation Failure) 315423.162: [ParNew: 423630K->2434K(471872K), 0.0051923 secs] 2537753K->2116881K(4141888K), 0.0052717 secs] [Times: user=0.04 sys=0.00, real=0.01 secs] 
315424.850: [GC (Allocation Failure) 315424.850: [ParNew: 421890K->14230K(471872K), 0.0053513 secs] 2536337K->2129142K(4141888K), 0.0054551 secs] [Times: user=0.04 sys=0.00, real=0.01 secs] 
315428.006: [GC (Allocation Failure) 315428.006: [ParNew: 432344K->16588K(471872K), 0.0057664 secs] 2547256K->2132055K(4141888K), 0.0058629 secs] [Times: user=0.04 sys=0.00, real=0.00 secs] 
315429.708: [GC (Allocation Failure) 315429.708: [ParNew: 436044K->7007K(471872K), 0.0048768 secs] 2551511K->2123109K(4141888K), 0.0049787 secs] [Times: user=0.04 sys=0.00, real=0.00 secs] 
315432.768: [GC (Allocation Failure) 315432.768: [ParNew: 426463K->16518K(471872K), 0.0057673 secs] 2542565K->2132971K(4141888K), 0.0058709 secs] [Times: user=0.04 sys=0.00, real=0.01 secs] 
315434.847: [GC (Allocation Failure) 315434.847: [ParNew: 435974K->16841K(471872K), 0.0071268 secs] 2552427K->2134045K(4141888K), 0.0072463 secs] [Times: user=0.06 sys=0.00, real=0.01 secs] 
315435.696: [GC (Allocation Failure) 315435.696: [ParNew: 435021K->16614K(471872K), 0.0053429 secs] 2552225K->2134409K(4141888K), 0.0054341 secs] [Times: user=0.04 sys=0.00, real=0.00 secs] 
315436.889: [GC (Allocation Failure) 315436.889: [ParNew: 436070K->18096K(471872K), 0.0060196 secs] 2553865K->2136171K(4141888K), 0.0061144 secs] [Times: user=0.05 sys=0.00, real=0.01 secs] 
315438.806: [GC (Allocation Failure) 315438.806: [ParNew: 437552K->16507K(471872K), 0.0058834 secs] 2555627K->2137408K(4141888K), 0.0059856 secs] [Times: user=0.04 sys=0.00, real=0.00 secs] 
315440.788: [GC (Allocation Failure) 315440.788: [ParNew: 435963K->16597K(471872K), 0.0063742 secs] 2556864K->2137913K(4141888K), 0.0064685 secs] [Times: user=0.04 sys=0.00, real=0.01 secs] 
315441.785: [GC (Allocation Failure) 315441.785: [ParNew: 435613K->7942K(471872K), 0.0048955 secs] 2556929K->2129754K(4141888K), 0.0049778 secs] [Times: user=0.04 sys=0.00, real=0.00 secs] 
315442.926: [GC (Allocation Failure) 315442.926: [ParNew: 427398K->15089K(471872K), 0.0066075 secs] 2549210K->2137217K(4141888K), 0.0067181 secs] [Times: user=0.05 sys=0.00, real=0.00 secs] 
315443.307: [GC (Allocation Failure) 315443.307: [ParNew: 433811K->22117K(471872K), 0.0059266 secs] 2555939K->2144610K(4141888K), 0.0060196 secs] [Times: user=0.04 sys=0.00, real=0.00 secs] 
315445.122: [GC (Allocation Failure) 315445.122: [ParNew: 441573K->7525K(471872K), 0.0059160 secs] 2564066K->2130275K(4141888K), 0.0060055 secs] [Times: user=0.04 sys=0.00, real=0.01 secs] 
315446.113: [GC (Allocation Failure) 315446.113: [ParNew: 426981K->6150K(471872K), 0.0058253 secs] 2549731K->2129294K(4141888K), 0.0059078 secs] [Times: user=0.04 sys=0.00, real=0.01 secs] 
315447.245: [GC (Allocation Failure) 315447.245: [ParNew: 425606K->6950K(471872K), 0.0054031 secs] 2548750K->2130629K(4141888K), 0.0055286 secs] [Times: user=0.04 sys=0.00, real=0.00 secs] 
315448.721: [GC (Allocation Failure) 315448.721: [ParNew: 426406K->13550K(471872K), 0.0086491 secs] 2550085K->2137637K(4141888K), 0.0087406 secs] [Times: user=0.06 sys=0.00, real=0.01 secs] 
315450.302: [GC (Allocation Failure) 315450.302: [ParNew: 433006K->8851K(471872K), 0.0050173 secs] 2557093K->2133367K(4141888K), 0.0051000 secs] [Times: user=0.03 sys=0.00, real=0.01 secs] 
315451.785: [GC (Allocation Failure) 315451.785: [ParNew: 428230K->18208K(471872K), 0.0051231 secs] 2552746K->2143206K(4141888K), 0.0052151 secs] [Times: user=0.04 sys=0.00, real=0.00 secs] 
315452.777: [GC (Allocation Failure) 315452.778: [ParNew: 437664K->16500K(471872K), 0.0050466 secs] 2562662K->2141853K(4141888K), 0.0051368 secs] [Times: user=0.04 sys=0.00, real=0.00 secs] 
315453.768: [GC (Allocation Failure) 315453.768: [ParNew: 435956K->15412K(471872K), 0.0071837 secs] 2561309K->2141081K(4141888K), 0.0073038 secs] [Times: user=0.06 sys=0.00, real=0.01 secs] 
315454.428: [GC (Allocation Failure) 315454.428: [ParNew: 434868K->8917K(471872K), 0.0057614 secs] 2560537K->2134981K(4141888K), 0.0058469 secs] [Times: user=0.04 sys=0.00, real=0.00 secs] 
315456.181: [GC (Allocation Failure) 315456.181: [ParNew: 427899K->8385K(471872K), 0.0046545 secs] 2553963K->2134667K(4141888K), 0.0047359 secs] [Times: user=0.03 sys=0.00, real=0.01 secs] 
315457.787: [GC (Allocation Failure) 315457.787: [ParNew: 427841K->14919K(471872K), 0.0054381 secs] 2554123K->2142098K(4141888K), 0.0055307 secs] [Times: user=0.04 sys=0.00, real=0.00 secs] 
315458.839: [GC (Allocation Failure) 315458.839: [ParNew: 434375K->12820K(471872K), 0.0061873 secs] 2561554K->2140359K(4141888K), 0.0062854 secs] [Times: user=0.04 sys=0.00, real=0.01 secs] 
315461.177: [GC (Allocation Failure) 315461.177: [ParNew: 432276K->8984K(471872K), 0.0043670 secs] 2559815K->2136723K(4141888K), 0.0044609 secs] [Times: user=0.03 sys=0.00, real=0.00 secs] 
315463.169: [GC (Allocation Failure) 315463.169: [ParNew: 428440K->2801K(471872K), 0.0050033 secs] 2556179K->2132658K(4141888K), 0.0050902 secs] [Times: user=0.03 sys=0.00, real=0.01 secs] 
315465.103: [GC (Allocation Failure) 315465.103: [ParNew: 422257K->1692K(471872K), 0.0051989 secs] 2552114K->2132118K(4141888K), 0.0052941 secs] [Times: user=0.03 sys=0.00, real=0.01 secs] 
315467.426: [GC (Allocation Failure) 315467.426: [ParNew: 421148K->1710K(471872K), 0.0044676 secs] 2551574K->2132512K(4141888K), 0.0045545 secs] [Times: user=0.04 sys=0.00, real=0.00 secs] 
315470.275: [GC (Allocation Failure) 315470.275: [ParNew: 420750K->6197K(471872K), 0.0047812 secs] 2551551K->2137559K(4141888K), 0.0048632 secs] [Times: user=0.04 sys=0.00, real=0.00 secs] 
315472.744: [GC (Allocation Failure) 315472.745: [ParNew: 425643K->2403K(471872K), 0.0051916 secs] 2557004K->2134558K(4141888K), 0.0053051 secs] [Times: user=0.04 sys=0.00, real=0.00 secs] 
315474.593: [GC (Allocation Failure) 315474.593: [ParNew: 421859K->4129K(471872K), 0.0054750 secs] 2554014K->2136951K(4141888K), 0.0055823 secs] [Times: user=0.04 sys=0.00, real=0.01 secs] 
315477.229: [GC (Allocation Failure) 315477.229: [ParNew: 423585K->2604K(471872K), 0.0062366 secs] 2556407K->2136455K(4141888K), 0.0063221 secs] [Times: user=0.04 sys=0.00, real=0.01 secs] 
315480.469: [GC (Allocation Failure) 315480.469: [ParNew: 422060K->5402K(471872K), 0.0055826 secs] 2555911K->2139878K(4141888K), 0.0056821 secs] [Times: user=0.04 sys=0.00, real=0.01 secs] 
315482.304: [GC (Allocation Failure) 315482.304: [ParNew: 424804K->8055K(471872K), 0.0050584 secs] 2559280K->2143495K(4141888K), 0.0051470 secs] [Times: user=0.04 sys=0.00, real=0.00 secs] 
315483.384: [GC (Allocation Failure) 315483.384: [ParNew: 427511K->8866K(471872K), 0.0049893 secs] 2562951K->2144910K(4141888K), 0.0050759 secs] [Times: user=0.04 sys=0.00, real=0.00 secs] 
315485.434: [GC (Allocation Failure) 315485.434: [ParNew: 428322K->7934K(471872K), 0.0056814 secs] 2564366K->2144306K(4141888K), 0.0057943 secs] [Times: user=0.04 sys=0.00, real=0.00 secs] 
315486.500: [GC (Allocation Failure) 315486.500: [ParNew: 427390K->9663K(471872K), 0.0055485 secs] 2563762K->2146779K(4141888K), 0.0056453 secs] [Times: user=0.04 sys=0.00, real=0.01 secs] 
315488.383: [GC (Allocation Failure) 315488.383: [ParNew: 429119K->9138K(471872K), 0.0049040 secs] 2566235K->2146681K(4141888K), 0.0049939 secs] [Times: user=0.03 sys=0.00, real=0.01 secs] 
315489.757: [GC (Allocation Failure) 315489.758: [ParNew: 428594K->7789K(471872K), 0.0051481 secs] 2566137K->2146040K(4141888K), 0.0052503 secs] [Times: user=0.03 sys=0.00, real=0.00 secs] 
315491.226: [GC (Allocation Failure) 315491.226: [ParNew: 427245K->4702K(471872K), 0.0056909 secs] 2565496K->2143343K(4141888K), 0.0057750 secs] [Times: user=0.03 sys=0.00, real=0.00 secs] 
315493.061: [GC (Allocation Failure) 315493.061: [ParNew: 424158K->2348K(471872K), 0.0043706 secs] 2562799K->2141374K(4141888K), 0.0044460 secs] [Times: user=0.03 sys=0.00, real=0.01 secs] 
315494.049: [GC (Allocation Failure) 315494.049: [ParNew: 421804K->2023K(471872K), 0.0046382 secs] 2560830K->2141513K(4141888K), 0.0047264 secs] [Times: user=0.04 sys=0.00, real=0.00 secs] 
315497.607: [GC (Allocation Failure) 315497.607: [ParNew: 421466K->35442K(471872K), 0.0083665 secs] 2560956K->2175851K(4141888K), 0.0084664 secs] [Times: user=0.07 sys=0.00, real=0.01 secs] 
315501.733: [GC (Allocation Failure) 315501.733: [ParNew: 454898K->10277K(471872K), 0.0059606 secs] 2595307K->2154073K(4141888K), 0.0060414 secs] [Times: user=0.05 sys=0.01, real=0.01 secs] 
315504.513: [GC (Allocation Failure) 315504.513: [ParNew: 429733K->3684K(471872K), 0.0049125 secs] 2573529K->2148591K(4141888K), 0.0049926 secs] [Times: user=0.03 sys=0.00, real=0.01 secs] 
315506.861: [GC (Allocation Failure) 315506.861: [ParNew: 423140K->2213K(471872K), 0.0049664 secs] 2568047K->2147958K(4141888K), 0.0050401 secs] [Times: user=0.04 sys=0.00, real=0.01 secs] 
315510.533: [GC (Allocation Failure) 315510.533: [ParNew: 421669K->5653K(471872K), 0.0068049 secs] 2567414K->2151859K(4141888K), 0.0068965 secs] [Times: user=0.05 sys=0.00, real=0.01 secs] 
315511.066: [GC (Allocation Failure) 315511.066: [ParNew: 425109K->9022K(471872K), 0.0059552 secs] 2571315K->2156673K(4141888K), 0.0060431 secs] [Times: user=0.05 sys=0.00, real=0.00 secs] 
315511.545: [GC (Allocation Failure) 315511.545: [ParNew: 428478K->6314K(471872K), 0.0051781 secs] 2576129K->2158599K(4141888K), 0.0052885 secs] [Times: user=0.04 sys=0.00, real=0.00 secs] 
315512.073: [GC (Allocation Failure) 315512.073: [ParNew: 424163K->4098K(471872K), 0.0046822 secs] 2576448K->2156814K(4141888K), 0.0047581 secs] [Times: user=0.03 sys=0.00, real=0.01 secs] 
315512.510: [GC (Allocation Failure) 315512.510: [ParNew: 423554K->6834K(471872K), 0.0058222 secs] 2576270K->2160027K(4141888K), 0.0059409 secs] [Times: user=0.04 sys=0.00, real=0.01 secs] 
315512.915: [GC (Allocation Failure) 315512.915: [ParNew: 426290K->5309K(471872K), 0.0056561 secs] 2579483K->2161114K(4141888K), 0.0057464 secs] [Times: user=0.04 sys=0.00, real=0.00 secs] 
315514.691: [GC (Allocation Failure) 315514.691: [ParNew: 424765K->4515K(471872K), 0.0084811 secs] 2580570K->2160440K(4141888K), 0.0085695 secs] [Times: user=0.06 sys=0.00, real=0.01 secs] 
315519.491: [GC (Allocation Failure) 315519.491: [ParNew: 423971K->4983K(471872K), 0.0061409 secs] 2579896K->2161358K(4141888K), 0.0062231 secs] [Times: user=0.04 sys=0.00, real=0.01 secs] 
315523.185: [GC (Allocation Failure) 315523.185: [ParNew: 424439K->2491K(471872K), 0.0052578 secs] 2580814K->2160058K(4141888K), 0.0053399 secs] [Times: user=0.04 sys=0.00, real=0.00 secs] 
315526.565: [GC (Allocation Failure) 315526.565: [ParNew: 421947K->2295K(471872K), 0.0063525 secs] 2579514K->2161028K(4141888K), 0.0064366 secs] [Times: user=0.04 sys=0.00, real=0.00 secs] 
315530.448: [GC (Allocation Failure) 315530.448: [ParNew: 421751K->2287K(471872K), 0.0048086 secs] 2580484K->2161676K(4141888K), 0.0048922 secs] [Times: user=0.04 sys=0.00, real=0.00 secs] 
315533.527: [GC (Allocation Failure) 315533.527: [ParNew: 421612K->3384K(471872K), 0.0054976 secs] 2581001K->2164016K(4141888K), 0.0055923 secs] [Times: user=0.04 sys=0.01, real=0.00 secs] 
315538.581: [GC (Allocation Failure) 315538.581: [ParNew: 422840K->3113K(471872K), 0.0050993 secs] 2583472K->2164489K(4141888K), 0.0051828 secs] [Times: user=0.03 sys=0.00, real=0.01 secs] 
315542.695: [GC (Allocation Failure) 315542.695: [ParNew: 421385K->8552K(471872K), 0.0056937 secs] 2582761K->2171334K(4141888K), 0.0057839 secs] [Times: user=0.03 sys=0.00, real=0.00 secs] 
315543.823: [GC (Allocation Failure) 315543.823: [ParNew: 428008K->20892K(471872K), 0.0069069 secs] 2590790K->2184723K(4141888K), 0.0070060 secs] [Times: user=0.05 sys=0.00, real=0.01 secs] 
315548.931: [GC (Allocation Failure) 315548.931: [ParNew: 440348K->18615K(471872K), 0.0071193 secs] 2604179K->2182705K(4141888K), 0.0072285 secs] [Times: user=0.05 sys=0.00, real=0.01 secs] 
315552.015: [GC (Allocation Failure) 315552.015: [ParNew: 438071K->24392K(471872K), 0.0067967 secs] 2602161K->2189481K(4141888K), 0.0068965 secs] [Times: user=0.05 sys=0.00, real=0.00 secs] 
315553.440: [GC (Allocation Failure) 315553.440: [ParNew: 443848K->17283K(471872K), 0.0067602 secs] 2608937K->2183167K(4141888K), 0.0068840 secs] [Times: user=0.05 sys=0.00, real=0.01 secs] 
315554.421: [GC (Allocation Failure) 315554.421: [ParNew: 436739K->16500K(471872K), 0.0106871 secs] 2602623K->2182858K(4141888K), 0.0107867 secs] [Times: user=0.06 sys=0.00, real=0.01 secs] 
315555.621: [GC (Allocation Failure) 315555.621: [ParNew: 435956K->9927K(471872K), 0.0095882 secs] 2602314K->2176763K(4141888K), 0.0096750 secs] [Times: user=0.05 sys=0.00, real=0.01 secs] 
315557.685: [GC (Allocation Failure) 315557.685: [ParNew: 429383K->4537K(471872K), 0.0070347 secs] 2596219K->2171736K(4141888K), 0.0071214 secs] [Times: user=0.03 sys=0.00, real=0.00 secs] 
315558.806: [GC (Allocation Failure) 315558.806: [ParNew: 423351K->17703K(471872K), 0.0076985 secs] 2590550K->2185435K(4141888K), 0.0078059 secs] [Times: user=0.04 sys=0.00, real=0.00 secs] 
315560.039: [GC (Allocation Failure) 315560.039: [ParNew: 437159K->12830K(471872K), 0.0082077 secs] 2604891K->2183290K(4141888K), 0.0083017 secs] [Times: user=0.04 sys=0.00, real=0.01 secs] 
315560.926: [GC (Allocation Failure) 315560.926: [ParNew: 431341K->14845K(471872K), 0.0059453 secs] 2601802K->2185660K(4141888K), 0.0060543 secs] [Times: user=0.04 sys=0.00, real=0.00 secs] 
315562.460: [GC (Allocation Failure) 315562.460: [ParNew: 434301K->3696K(471872K), 0.0057864 secs] 2605116K->2174942K(4141888K), 0.0058668 secs] [Times: user=0.03 sys=0.00, real=0.01 secs] 
315563.469: [GC (Allocation Failure) 315563.469: [ParNew: 422640K->17423K(471872K), 0.0066285 secs] 2593886K->2189105K(4141888K), 0.0067327 secs] [Times: user=0.05 sys=0.00, real=0.01 secs] 
315566.657: [GC (Allocation Failure) 315566.657: [ParNew: 436879K->14569K(471872K), 0.0048978 secs] 2608561K->2186478K(4141888K), 0.0049860 secs] [Times: user=0.04 sys=0.00, real=0.00 secs] 
315568.935: [GC (Allocation Failure) 315568.935: [ParNew: 434025K->4906K(471872K), 0.0049796 secs] 2605934K->2177579K(4141888K), 0.0050614 secs] [Times: user=0.04 sys=0.00, real=0.00 secs] 
315570.910: [GC (Allocation Failure) 315570.910: [ParNew: 424362K->14659K(471872K), 0.0052083 secs] 2597035K->2187902K(4141888K), 0.0053064 secs] [Times: user=0.04 sys=0.00, real=0.01 secs] 
315572.346: [GC (Allocation Failure) 315572.346: [ParNew: 434115K->17040K(471872K), 0.0062530 secs] 2607358K->2191106K(4141888K), 0.0063518 secs] [Times: user=0.04 sys=0.00, real=0.00 secs] 
315574.754: [GC (Allocation Failure) 315574.754: [ParNew: 436496K->18121K(471872K), 0.0066647 secs] 2610562K->2192605K(4141888K), 0.0067627 secs] [Times: user=0.05 sys=0.00, real=0.00 secs] 
315576.031: [GC (Allocation Failure) 315576.031: [ParNew: 437577K->13992K(471872K), 0.0059573 secs] 2612061K->2189100K(4141888K), 0.0060442 secs] [Times: user=0.04 sys=0.00, real=0.01 secs] 
315577.832: [GC (Allocation Failure) 315577.832: [ParNew: 433107K->16036K(471872K), 0.0053786 secs] 2608214K->2191427K(4141888K), 0.0054702 secs] [Times: user=0.04 sys=0.00, real=0.01 secs] 
315579.827: [GC (Allocation Failure) 315579.827: [ParNew: 435492K->13223K(471872K), 0.0096894 secs] 2610883K->2189099K(4141888K), 0.0097820 secs] [Times: user=0.06 sys=0.00, real=0.01 secs] 
315581.714: [GC (Allocation Failure) 315581.714: [ParNew: 432679K->11639K(471872K), 0.0047945 secs] 2608555K->2187973K(4141888K), 0.0048777 secs] [Times: user=0.03 sys=0.00, real=0.00 secs] 
315582.839: [GC (Allocation Failure) 315582.839: [ParNew: 431095K->14470K(471872K), 0.0055349 secs] 2607429K->2191348K(4141888K), 0.0056397 secs] [Times: user=0.05 sys=0.00, real=0.01 secs] 
315583.972: [GC (Allocation Failure) 315583.972: [ParNew: 433926K->20981K(471872K), 0.0067310 secs] 2610804K->2198192K(4141888K), 0.0068435 secs] [Times: user=0.05 sys=0.00, real=0.01 secs] 
315584.391: [GC (Allocation Failure) 315584.391: [ParNew: 440437K->19062K(471872K), 0.0055263 secs] 2617648K->2196704K(4141888K), 0.0056283 secs] [Times: user=0.04 sys=0.00, real=0.01 secs] 
315593.235: [GC (Allocation Failure) 315593.236: [ParNew: 438518K->5673K(471872K), 0.0058208 secs] 2616160K->2183384K(4141888K), 0.0059078 secs] [Times: user=0.04 sys=0.00, real=0.00 secs] 
315610.983: [GC (Allocation Failure) 315610.984: [ParNew: 425129K->6030K(471872K), 0.0090717 secs] 2602840K->2187698K(4141888K), 0.0091742 secs] [Times: user=0.07 sys=0.00, real=0.01 secs] 
315621.227: [GC (Allocation Failure) 315621.227: [ParNew: 425486K->8181K(471872K), 0.0093101 secs] 2607154K->2194537K(4141888K), 0.0094245 secs] [Times: user=0.05 sys=0.00, real=0.01 secs] 
315633.119: [GC (Allocation Failure) 315633.119: [ParNew: 427637K->5199K(471872K), 0.0091387 secs] 2613993K->2196987K(4141888K), 0.0092405 secs] [Times: user=0.06 sys=0.00, real=0.01 secs] 
315648.401: [GC (Allocation Failure) 315648.401: [ParNew: 424655K->5329K(471872K), 0.0064067 secs] 2616443K->2199985K(4141888K), 0.0065080 secs] [Times: user=0.04 sys=0.00, real=0.01 secs] 
315655.704: [GC (Allocation Failure) 315655.704: [ParNew: 424713K->5845K(471872K), 0.0071054 secs] 2619370K->2203528K(4141888K), 0.0071950 secs] [Times: user=0.05 sys=0.00, real=0.00 secs] 
315659.237: [GC (Allocation Failure) 315659.237: [ParNew: 425301K->4792K(471872K), 0.0051331 secs] 2622984K->2204402K(4141888K), 0.0052271 secs] [Times: user=0.04 sys=0.00, real=0.00 secs] 
315663.931: [GC (Allocation Failure) 315663.931: [ParNew: 424248K->4222K(471872K), 0.0058784 secs] 2623858K->2204652K(4141888K), 0.0059652 secs] [Times: user=0.04 sys=0.00, real=0.01 secs] 
315667.287: [GC (Allocation Failure) 315667.287: [ParNew: 423678K->2908K(471872K), 0.0052801 secs] 2624108K->2204317K(4141888K), 0.0053666 secs] [Times: user=0.04 sys=0.00, real=0.00 secs] 
315669.850: [GC (Allocation Failure) 315669.850: [ParNew: 422192K->4293K(471872K), 0.0049047 secs] 2623602K->2206810K(4141888K), 0.0049918 secs] [Times: user=0.03 sys=0.00, real=0.01 secs] 
315673.239: [GC (Allocation Failure) 315673.239: [ParNew: 423749K->2288K(471872K), 0.0048278 secs] 2626266K->2205452K(4141888K), 0.0049038 secs] [Times: user=0.03 sys=0.00, real=0.00 secs] 
315676.246: [GC (Allocation Failure) 315676.246: [ParNew: 421744K->3386K(471872K), 0.0047731 secs] 2624908K->2207260K(4141888K), 0.0048680 secs] [Times: user=0.04 sys=0.00, real=0.00 secs] 
315679.598: [GC (Allocation Failure) 315679.598: [ParNew: 422842K->2229K(471872K), 0.0045754 secs] 2626716K->2206662K(4141888K), 0.0046478 secs] [Times: user=0.04 sys=0.00, real=0.00 secs] 
315681.776: [GC (Allocation Failure) 315681.776: [ParNew: 421685K->3051K(471872K), 0.0065530 secs] 2626118K->2208265K(4141888K), 0.0066315 secs] [Times: user=0.04 sys=0.00, real=0.00 secs] 
315683.205: [GC (Allocation Failure) 315683.205: [ParNew: 422507K->4411K(471872K), 0.0064725 secs] 2627721K->2210317K(4141888K), 0.0065526 secs] [Times: user=0.04 sys=0.00, real=0.00 secs] 
315684.775: [GC (Allocation Failure) 315684.775: [ParNew: 423867K->5752K(471872K), 0.0055950 secs] 2629773K->2214409K(4141888K), 0.0056784 secs] [Times: user=0.04 sys=0.01, real=0.00 secs] 
315686.359: [GC (Allocation Failure) 315686.359: [ParNew: 425208K->3086K(471872K), 0.0045638 secs] 2633865K->2212074K(4141888K), 0.0046370 secs] [Times: user=0.03 sys=0.00, real=0.01 secs] 
315691.626: [GC (Allocation Failure) 315691.626: [ParNew: 422542K->3539K(471872K), 0.0046208 secs] 2631530K->2213061K(4141888K), 0.0046956 secs] [Times: user=0.03 sys=0.00, real=0.00 secs] 
315697.549: [GC (Allocation Failure) 315697.549: [ParNew: 422995K->2805K(471872K), 0.0056533 secs] 2632517K->2214001K(4141888K), 0.0057481 secs] [Times: user=0.04 sys=0.00, real=0.01 secs] 
315700.008: [GC (Allocation Failure) 315700.008: [ParNew: 422261K->3532K(471872K), 0.0046589 secs] 2633457K->2216111K(4141888K), 0.0047390 secs] [Times: user=0.04 sys=0.00, real=0.00 secs] 
315703.027: [GC (Allocation Failure) 315703.027: [ParNew: 422988K->4282K(471872K), 0.0051134 secs] 2635567K->2217341K(4141888K), 0.0051910 secs] [Times: user=0.04 sys=0.00, real=0.00 secs] 
315705.059: [GC (Allocation Failure) 315705.059: [ParNew: 423407K->2347K(471872K), 0.0051236 secs] 2636466K->2215969K(4141888K), 0.0052108 secs] [Times: user=0.04 sys=0.00, real=0.01 secs] 
315707.124: [GC (Allocation Failure) 315707.124: [ParNew: 421803K->3402K(471872K), 0.0047597 secs] 2635425K->2217531K(4141888K), 0.0048348 secs] [Times: user=0.03 sys=0.00, real=0.01 secs] 
315710.320: [GC (Allocation Failure) 315710.320: [ParNew: 422858K->2130K(471872K), 0.0045532 secs] 2636987K->2216694K(4141888K), 0.0046343 secs] [Times: user=0.03 sys=0.00, real=0.01 secs] 
315713.025: [GC (Allocation Failure) 315713.025: [ParNew: 421096K->6471K(471872K), 0.0051769 secs] 2635660K->2221745K(4141888K), 0.0052645 secs] [Times: user=0.04 sys=0.00, real=0.00 secs] 
315714.450: [GC (Allocation Failure) 315714.450: [ParNew: 425927K->7514K(471872K), 0.0048418 secs] 2641201K->2223568K(4141888K), 0.0049240 secs] [Times: user=0.04 sys=0.00, real=0.01 secs] 
315719.227: [GC (Allocation Failure) 315719.227: [ParNew: 426970K->3575K(471872K), 0.0047234 secs] 2643024K->2220092K(4141888K), 0.0048054 secs] [Times: user=0.04 sys=0.00, real=0.00 secs] 
315722.644: [GC (Allocation Failure) 315722.644: [ParNew: 423031K->2406K(471872K), 0.0051162 secs] 2639548K->2220131K(4141888K), 0.0051977 secs] [Times: user=0.04 sys=0.00, real=0.00 secs] 
315725.433: [GC (Allocation Failure) 315725.433: [ParNew: 421862K->1765K(471872K), 0.0049976 secs] 2639587K->2220177K(4141888K), 0.0050911 secs] [Times: user=0.04 sys=0.00, real=0.01 secs] 
315728.863: [GC (Allocation Failure) 315728.863: [ParNew: 421221K->6279K(471872K), 0.0048908 secs] 2639633K->2225216K(4141888K), 0.0049712 secs] [Times: user=0.04 sys=0.00, real=0.01 secs] 
315734.699: [GC (Allocation Failure) 315734.699: [ParNew: 425735K->3152K(471872K), 0.0051887 secs] 2644672K->2222744K(4141888K), 0.0052894 secs] [Times: user=0.04 sys=0.00, real=0.01 secs] 
315743.558: [GC (Allocation Failure) 315743.558: [ParNew: 422608K->25481K(471872K), 0.0084431 secs] 2642200K->2246904K(4141888K), 0.0085436 secs] [Times: user=0.06 sys=0.00, real=0.01 secs] 
315751.902: [GC (Allocation Failure) 315751.903: [ParNew: 444937K->9446K(471872K), 0.0075513 secs] 2666360K->2235268K(4141888K), 0.0076609 secs] [Times: user=0.05 sys=0.01, real=0.01 secs] 
315765.608: [GC (Allocation Failure) 315765.608: [ParNew: 428902K->5521K(471872K), 0.0062216 secs] 2654724K->2233534K(4141888K), 0.0063542 secs] [Times: user=0.05 sys=0.00, real=0.01 secs] 
315773.763: [GC (Allocation Failure) 315773.763: [ParNew: 424977K->3386K(471872K), 0.0067836 secs] 2652990K->2234229K(4141888K), 0.0068753 secs] [Times: user=0.05 sys=0.00, real=0.01 secs] 
315783.050: [GC (Allocation Failure) 315783.050: [ParNew: 422842K->4179K(471872K), 0.0066060 secs] 2653685K->2236648K(4141888K), 0.0067151 secs] [Times: user=0.05 sys=0.00, real=0.01 secs] 
315793.225: [GC (Allocation Failure) 315793.225: [ParNew: 423635K->3690K(471872K), 0.0060245 secs] 2656104K->2238344K(4141888K), 0.0061190 secs] [Times: user=0.04 sys=0.00, real=0.00 secs] 
315804.678: [GC (Allocation Failure) 315804.678: [ParNew: 423146K->6554K(471872K), 0.0062091 secs] 2657800K->2243293K(4141888K), 0.0063057 secs] [Times: user=0.05 sys=0.00, real=0.01 secs] 
315818.939: [GC (Allocation Failure) 315818.939: [ParNew: 426010K->4997K(471872K), 0.0075084 secs] 2662749K->2246451K(4141888K), 0.0076026 secs] [Times: user=0.06 sys=0.00, real=0.01 secs] 
315833.743: [GC (Allocation Failure) 315833.743: [ParNew: 424453K->5068K(471872K), 0.0069610 secs] 2665907K->2249566K(4141888K), 0.0070585 secs] [Times: user=0.05 sys=0.00, real=0.01 secs] 
315852.671: [GC (Allocation Failure) 315852.671: [ParNew: 424524K->5909K(471872K), 0.0138646 secs] 2669022K->2253112K(4141888K), 0.0139628 secs] [Times: user=0.06 sys=0.00, real=0.02 secs] 
315864.801: [GC (Allocation Failure) 315864.801: [ParNew: 425365K->5830K(471872K), 0.0108771 secs] 2672568K->2256696K(4141888K), 0.0109696 secs] [Times: user=0.06 sys=0.00, real=0.01 secs] 
315873.267: [GC (Allocation Failure) 315873.267: [ParNew: 425286K->7332K(471872K), 0.0064056 secs] 2676152K->2261446K(4141888K), 0.0065041 secs] [Times: user=0.05 sys=0.00, real=0.00 secs] 
315883.868: [GC (Allocation Failure) 315883.868: [ParNew: 426746K->4813K(471872K), 0.0074565 secs] 2680860K->2263072K(4141888K), 0.0075488 secs] [Times: user=0.05 sys=0.00, real=0.01 secs] 
315893.140: [GC (Allocation Failure) 315893.140: [ParNew: 424269K->3814K(471872K), 0.0063159 secs] 2682528K->2264641K(4141888K), 0.0064170 secs] [Times: user=0.05 sys=0.00, real=0.01 secs] 
315903.068: [GC (Allocation Failure) 315903.068: [ParNew: 423270K->3947K(471872K), 0.0070067 secs] 2684097K->2266708K(4141888K), 0.0070931 secs] [Times: user=0.05 sys=0.00, real=0.01 secs] 
315913.097: [GC (Allocation Failure) 315913.097: [ParNew: 423403K->4476K(471872K), 0.0070304 secs] 2686164K->2269203K(4141888K), 0.0071204 secs] [Times: user=0.05 sys=0.00, real=0.01 secs] 
315927.512: [GC (Allocation Failure) 315927.512: [ParNew: 422047K->7131K(471872K), 0.0069678 secs] 2686774K->2274227K(4141888K), 0.0070610 secs] [Times: user=0.06 sys=0.00, real=0.01 secs] 
315934.925: [GC (Allocation Failure) 315934.925: [ParNew: 426587K->6572K(471872K), 0.0077709 secs] 2693683K->2276360K(4141888K), 0.0078615 secs] [Times: user=0.04 sys=0.01, real=0.00 secs] 
315949.642: [GC (Allocation Failure) 315949.642: [ParNew: 426028K->4117K(471872K), 0.0128346 secs] 2695816K->2277825K(4141888K), 0.0129353 secs] [Times: user=0.05 sys=0.00, real=0.02 secs] 
315963.267: [GC (Allocation Failure) 315963.267: [ParNew: 423573K->5319K(471872K), 0.0104186 secs] 2697281K->2282201K(4141888K), 0.0105211 secs] [Times: user=0.08 sys=0.00, real=0.01 secs] 
315980.497: [GC (Allocation Failure) 315980.497: [ParNew: 424775K->6205K(471872K), 0.0082270 secs] 2701657K->2285664K(4141888K), 0.0083241 secs] [Times: user=0.06 sys=0.00, real=0.01 secs] 
315990.500: [GC (Allocation Failure) 315990.500: [ParNew: 425661K->7147K(471872K), 0.0066349 secs] 2705120K->2290088K(4141888K), 0.0067424 secs] [Times: user=0.05 sys=0.00, real=0.01 secs] 
315998.443: [GC (Allocation Failure) 315998.443: [ParNew: 426603K->3886K(471872K), 0.0071866 secs] 2709544K->2291322K(4141888K), 0.0072691 secs] [Times: user=0.05 sys=0.00, real=0.01 secs] 
316012.788: [GC (Allocation Failure) 316012.788: [ParNew: 423342K->4811K(471872K), 0.0064023 secs] 2710778K->2294568K(4141888K), 0.0064936 secs] [Times: user=0.04 sys=0.00, real=0.01 secs] 
316023.185: [GC (Allocation Failure) 316023.185: [ParNew: 424267K->5006K(471872K), 0.0074921 secs] 2714024K->2297921K(4141888K), 0.0075910 secs] [Times: user=0.05 sys=0.00, real=0.00 secs] 
316039.846: [GC (Allocation Failure) 316039.846: [ParNew: 424462K->5343K(471872K), 0.0070266 secs] 2717377K->2300736K(4141888K), 0.0071196 secs] [Times: user=0.05 sys=0.01, real=0.00 secs] 
316049.527: [GC (Allocation Failure) 316049.527: [ParNew: 424799K->37781K(471872K), 0.0095930 secs] 2720192K->2336572K(4141888K), 0.0096995 secs] [Times: user=0.07 sys=0.01, real=0.01 secs] 
316050.059: [GC (Allocation Failure) 316050.059: [ParNew: 457237K->14727K(471872K), 0.0082307 secs] 2756028K->2322679K(4141888K), 0.0083232 secs] [Times: user=0.06 sys=0.00, real=0.01 secs] 
316050.652: [GC (Allocation Failure) 316050.652: [ParNew: 434183K->4959K(471872K), 0.0048226 secs] 2742135K->2315502K(4141888K), 0.0049155 secs] [Times: user=0.04 sys=0.00, real=0.01 secs] 
316051.240: [GC (Allocation Failure) 316051.240: [ParNew: 424415K->4051K(471872K), 0.0057760 secs] 2734958K->2315110K(4141888K), 0.0058658 secs] [Times: user=0.04 sys=0.00, real=0.01 secs] 
316051.782: [GC (Allocation Failure) 316051.782: [ParNew: 422763K->6120K(471872K), 0.0069871 secs] 2733822K->2317559K(4141888K), 0.0070759 secs] [Times: user=0.05 sys=0.00, real=0.01 secs] 
316056.515: [GC (Allocation Failure) 316056.515: [ParNew: 425576K->2371K(471872K), 0.0069026 secs] 2737015K->2316331K(4141888K), 0.0070076 secs] [Times: user=0.05 sys=0.00, real=0.00 secs] 
316073.097: [GC (Allocation Failure) 316073.097: [ParNew: 421827K->4469K(471872K), 0.0070110 secs] 2735787K->2319360K(4141888K), 0.0071058 secs] [Times: user=0.05 sys=0.00, real=0.01 secs] 
316088.474: [GC (Allocation Failure) 316088.474: [ParNew: 423925K->5036K(471872K), 0.0079273 secs] 2738816K->2323279K(4141888K), 0.0080366 secs] [Times: user=0.06 sys=0.00, real=0.00 secs] 
316099.272: [GC (Allocation Failure) 316099.272: [ParNew: 424492K->5357K(471872K), 0.0070850 secs] 2742735K->2326553K(4141888K), 0.0071909 secs] [Times: user=0.05 sys=0.00, real=0.01 secs] 
316104.586: [GC (Allocation Failure) 316104.586: [ParNew: 424804K->4106K(471872K), 0.0075629 secs] 2746000K->2327918K(4141888K), 0.0076549 secs] [Times: user=0.04 sys=0.00, real=0.00 secs] 
316108.846: [GC (Allocation Failure) 316108.846: [ParNew: 423562K->2710K(471872K), 0.0065362 secs] 2747374K->2327532K(4141888K), 0.0066224 secs] [Times: user=0.04 sys=0.00, real=0.00 secs] 
316113.158: [GC (Allocation Failure) 316113.158: [ParNew: 422166K->5566K(471872K), 0.0052502 secs] 2746988K->2331292K(4141888K), 0.0053461 secs] [Times: user=0.04 sys=0.00, real=0.00 secs] 
316120.143: [GC (Allocation Failure) 316120.144: [ParNew: 425022K->3329K(471872K), 0.0083498 secs] 2750748K->2332526K(4141888K), 0.0084482 secs] [Times: user=0.06 sys=0.00, real=0.01 secs] 
316133.116: [GC (Allocation Failure) 316133.116: [ParNew: 422785K->4942K(471872K), 0.0078323 secs] 2751982K->2335982K(4141888K), 0.0079353 secs] [Times: user=0.05 sys=0.00, real=0.01 secs] 
316143.610: [GC (Allocation Failure) 316143.610: [ParNew: 424398K->4704K(471872K), 0.0085951 secs] 2755438K->2338577K(4141888K), 0.0087055 secs] [Times: user=0.05 sys=0.00, real=0.01 secs] 
316149.227: [GC (Allocation Failure) 316149.227: [ParNew: 424160K->2920K(471872K), 0.0066228 secs] 2758033K->2338778K(4141888K), 0.0067095 secs] [Times: user=0.04 sys=0.00, real=0.00 secs] 
316152.780: [GC (Allocation Failure) 316152.780: [ParNew: 422376K->3359K(471872K), 0.0069407 secs] 2758234K->2340371K(4141888K), 0.0070414 secs] [Times: user=0.03 sys=0.00, real=0.01 secs] 
316155.495: [GC (Allocation Failure) 316155.495: [ParNew: 422815K->2529K(471872K), 0.0056023 secs] 2759827K->2340573K(4141888K), 0.0056967 secs] [Times: user=0.03 sys=0.00, real=0.00 secs] 
316158.763: [GC (Allocation Failure) 316158.763: [ParNew: 421985K->1666K(471872K), 0.0045608 secs] 2760029K->2340479K(4141888K), 0.0046418 secs] [Times: user=0.03 sys=0.00, real=0.01 secs] 
316170.498: [GC (Allocation Failure) 316170.498: [ParNew: 421122K->3971K(471872K), 0.0056679 secs] 2759935K->2343403K(4141888K), 0.0057556 secs] [Times: user=0.04 sys=0.00, real=0.01 secs] 
316179.510: [GC (Allocation Failure) 316179.510: [ParNew: 423427K->6625K(471872K), 0.0075647 secs] 2762859K->2348904K(4141888K), 0.0076592 secs] [Times: user=0.05 sys=0.00, real=0.01 secs] 
316193.118: [GC (Allocation Failure) 316193.118: [ParNew: 426081K->5252K(471872K), 0.0074091 secs] 2768360K->2351907K(4141888K), 0.0075104 secs] [Times: user=0.05 sys=0.01, real=0.01 secs] 
316203.097: [GC (Allocation Failure) 316203.097: [ParNew: 424708K->5218K(471872K), 0.0070875 secs] 2771363K->2354761K(4141888K), 0.0071810 secs] [Times: user=0.05 sys=0.00, real=0.01 secs] 
316210.153: [GC (Allocation Failure) 316210.153: [ParNew: 424674K->4867K(471872K), 0.0103534 secs] 2774217K->2356342K(4141888K), 0.0104617 secs] [Times: user=0.06 sys=0.00, real=0.01 secs] 
316215.057: [GC (Allocation Failure) 316215.057: [ParNew: 424323K->2964K(471872K), 0.0062617 secs] 2775798K->2355943K(4141888K), 0.0063505 secs] [Times: user=0.04 sys=0.00, real=0.00 secs] 
316223.170: [GC (Allocation Failure) 316223.170: [ParNew: 422289K->3486K(471872K), 0.0059197 secs] 2775268K->2357557K(4141888K), 0.0060039 secs] [Times: user=0.04 sys=0.00, real=0.01 secs] 
316232.197: [GC (Allocation Failure) 316232.197: [ParNew: 422942K->4360K(471872K), 0.0064103 secs] 2777013K->2359968K(4141888K), 0.0064982 secs] [Times: user=0.04 sys=0.00, real=0.00 secs] 
316239.956: [GC (Allocation Failure) 316239.956: [ParNew: 423816K->8554K(471872K), 0.0077794 secs] 2779424K->2366429K(4141888K), 0.0078793 secs] [Times: user=0.06 sys=0.00, real=0.01 secs] 
316251.107: [GC (Allocation Failure) 316251.107: [ParNew: 428010K->5981K(471872K), 0.0069905 secs] 2785885K->2367751K(4141888K), 0.0071017 secs] [Times: user=0.05 sys=0.00, real=0.01 secs] 
316263.352: [GC (Allocation Failure) 316263.352: [ParNew: 425437K->4248K(471872K), 0.0076324 secs] 2787207K->2368602K(4141888K), 0.0077215 secs] [Times: user=0.05 sys=0.00, real=0.01 secs] 
316274.078: [GC (Allocation Failure) 316274.078: [ParNew: 423704K->4647K(471872K), 0.0073612 secs] 2788058K->2371439K(4141888K), 0.0074521 secs] [Times: user=0.04 sys=0.01, real=0.01 secs] 
316283.995: [GC (Allocation Failure) 316283.995: [ParNew: 423998K->4039K(471872K), 0.0067955 secs] 2790790K->2373073K(4141888K), 0.0068924 secs] [Times: user=0.04 sys=0.00, real=0.00 secs] 
316289.835: [GC (Allocation Failure) 316289.835: [ParNew: 423495K->4164K(471872K), 0.0063908 secs] 2792529K->2375302K(4141888K), 0.0064751 secs] [Times: user=0.05 sys=0.00, real=0.00 secs] 
316294.868: [GC (Allocation Failure) 316294.868: [ParNew: 423620K->5733K(471872K), 0.0056163 secs] 2794758K->2378067K(4141888K), 0.0057029 secs] [Times: user=0.04 sys=0.00, real=0.01 secs] 
316305.891: [GC (Allocation Failure) 316305.891: [ParNew: 425189K->3748K(471872K), 0.0073974 secs] 2797523K->2379712K(4141888K), 0.0075090 secs] [Times: user=0.05 sys=0.00, real=0.01 secs] 
316323.084: [GC (Allocation Failure) 316323.084: [ParNew: 423204K->16851K(471872K), 0.0074350 secs] 2799168K->2395090K(4141888K), 0.0075365 secs] [Times: user=0.06 sys=0.00, real=0.00 secs] 
316336.530: [GC (Allocation Failure) 316336.530: [ParNew: 436307K->5156K(471872K), 0.0072605 secs] 2814546K->2386813K(4141888K), 0.0073637 secs] [Times: user=0.05 sys=0.00, real=0.01 secs] 
316352.894: [GC (Allocation Failure) 316352.894: [ParNew: 424612K->6289K(471872K), 0.0100392 secs] 2806269K->2390592K(4141888K), 0.0101346 secs] [Times: user=0.06 sys=0.00, real=0.01 secs] 
316363.051: [GC (Allocation Failure) 316363.051: [ParNew: 425745K->7141K(471872K), 0.0108326 secs] 2810048K->2394653K(4141888K), 0.0109573 secs] [Times: user=0.06 sys=0.01, real=0.01 secs] 
316373.240: [GC (Allocation Failure) 316373.240: [ParNew: 426597K->3605K(471872K), 0.0071379 secs] 2814109K->2395379K(4141888K), 0.0072290 secs] [Times: user=0.05 sys=0.00, real=0.01 secs] 
316381.797: [GC (Allocation Failure) 316381.797: [ParNew: 423061K->4023K(471872K), 0.0059598 secs] 2814835K->2398103K(4141888K), 0.0060519 secs] [Times: user=0.05 sys=0.00, real=0.00 secs] 
316389.482: [GC (Allocation Failure) 316389.482: [ParNew: 423479K->4034K(471872K), 0.0061047 secs] 2817559K->2400158K(4141888K), 0.0061866 secs] [Times: user=0.04 sys=0.00, real=0.01 secs] 
316393.926: [GC (Allocation Failure) 316393.926: [ParNew: 423490K->3415K(471872K), 0.0054413 secs] 2819614K->2400968K(4141888K), 0.0055249 secs] [Times: user=0.04 sys=0.00, real=0.00 secs] 
316398.815: [GC (Allocation Failure) 316398.816: [ParNew: 422871K->3088K(471872K), 0.0050587 secs] 2820424K->2401706K(4141888K), 0.0051579 secs] [Times: user=0.04 sys=0.00, real=0.00 secs] 
316408.800: [GC (Allocation Failure) 316408.800: [ParNew: 422544K->3969K(471872K), 0.0072065 secs] 2821162K->2403606K(4141888K), 0.0072883 secs] [Times: user=0.04 sys=0.00, real=0.01 secs] 
316416.372: [GC (Allocation Failure) 316416.372: [ParNew: 423425K->5848K(471872K), 0.0059369 secs] 2823062K->2407694K(4141888K), 0.0060308 secs] [Times: user=0.04 sys=0.00, real=0.01 secs] 
316431.711: [GC (Allocation Failure) 316431.711: [ParNew: 425304K->4763K(471872K), 0.0071105 secs] 2827150K->2410892K(4141888K), 0.0072021 secs] [Times: user=0.05 sys=0.00, real=0.01 secs] 
316443.255: [GC (Allocation Failure) 316443.255: [ParNew: 424219K->4896K(471872K), 0.0068497 secs] 2830348K->2414124K(4141888K), 0.0069451 secs] [Times: user=0.05 sys=0.00, real=0.00 secs] 
316460.135: [GC (Allocation Failure) 316460.135: [ParNew: 424352K->5219K(471872K), 0.0078675 secs] 2833580K->2416776K(4141888K), 0.0079729 secs] [Times: user=0.05 sys=0.00, real=0.00 secs] 
316473.198: [GC (Allocation Failure) 316473.198: [ParNew: 424675K->5168K(471872K), 0.0077306 secs] 2836232K->2420246K(4141888K), 0.0078428 secs] [Times: user=0.06 sys=0.00, real=0.01 secs] 
316483.220: [GC (Allocation Failure) 316483.220: [ParNew: 424624K->6912K(471872K), 0.0069530 secs] 2839702K->2424561K(4141888K), 0.0070655 secs] [Times: user=0.05 sys=0.00, real=0.01 secs] 
316493.999: [GC (Allocation Failure) 316493.999: [ParNew: 426368K->5003K(471872K), 0.0077776 secs] 2844017K->2427191K(4141888K), 0.0078716 secs] [Times: user=0.05 sys=0.00, real=0.01 secs] 
316503.369: [GC (Allocation Failure) 316503.369: [ParNew: 424459K->3731K(471872K), 0.0067154 secs] 2846647K->2428678K(4141888K), 0.0068060 secs] [Times: user=0.04 sys=0.00, real=0.01 secs] 
316520.411: [GC (Allocation Failure) 316520.411: [ParNew: 423187K->5033K(471872K), 0.0077731 secs] 2848134K->2431913K(4141888K), 0.0078665 secs] [Times: user=0.06 sys=0.00, real=0.01 secs] 
316531.232: [GC (Allocation Failure) 316531.232: [ParNew: 424489K->5832K(471872K), 0.0071258 secs] 2851369K->2436054K(4141888K), 0.0072178 secs] [Times: user=0.05 sys=0.00, real=0.01 secs] 
316538.489: [GC (Allocation Failure) 316538.489: [ParNew: 425288K->24790K(471872K), 0.0093540 secs] 2855510K->2457402K(4141888K), 0.0094549 secs] [Times: user=0.07 sys=0.00, real=0.01 secs] 
316546.996: [GC (Allocation Failure) 316546.996: [ParNew: 444246K->12873K(471872K), 0.0079253 secs] 2876858K->2450115K(4141888K), 0.0080289 secs] [Times: user=0.06 sys=0.00, real=0.01 secs] 
316558.301: [GC (Allocation Failure) 316558.301: [ParNew: 432329K->5886K(471872K), 0.0065480 secs] 2869571K->2445065K(4141888K), 0.0066407 secs] [Times: user=0.05 sys=0.00, real=0.01 secs] 
316573.127: [GC (Allocation Failure) 316573.127: [ParNew: 425342K->4207K(471872K), 0.0071573 secs] 2864521K->2446231K(4141888K), 0.0072685 secs] [Times: user=0.05 sys=0.00, real=0.01 secs] 
316588.926: [GC (Allocation Failure) 316588.926: [ParNew: 423663K->5544K(471872K), 0.0067935 secs] 2865687K->2450414K(4141888K), 0.0068868 secs] [Times: user=0.05 sys=0.00, real=0.00 secs] 
316599.521: [GC (Allocation Failure) 316599.521: [ParNew: 425000K->29947K(471872K), 0.0094412 secs] 2869870K->2478257K(4141888K), 0.0095435 secs] [Times: user=0.07 sys=0.00, real=0.01 secs] 
316612.756: [GC (Allocation Failure) 316612.756: [ParNew: 449403K->9566K(471872K), 0.0071000 secs] 2897713K->2462566K(4141888K), 0.0072080 secs] [Times: user=0.05 sys=0.00, real=0.00 secs] 
316626.078: [GC (Allocation Failure) 316626.078: [ParNew: 429022K->4864K(471872K), 0.0066461 secs] 2882022K->2460735K(4141888K), 0.0067366 secs] [Times: user=0.05 sys=0.00, real=0.01 secs] 
316641.589: [GC (Allocation Failure) 316641.589: [ParNew: 424320K->5707K(471872K), 0.0069137 secs] 2880191K->2464206K(4141888K), 0.0070096 secs] [Times: user=0.05 sys=0.00, real=0.01 secs] 
316653.657: [GC (Allocation Failure) 316653.657: [ParNew: 425163K->5089K(471872K), 0.0069612 secs] 2883662K->2466935K(4141888K), 0.0070535 secs] [Times: user=0.05 sys=0.00, real=0.01 secs] 
316663.229: [GC (Allocation Failure) 316663.229: [ParNew: 424545K->7108K(471872K), 0.0066204 secs] 2886391K->2471699K(4141888K), 0.0067238 secs] [Times: user=0.05 sys=0.00, real=0.01 secs] 
316678.148: [GC (Allocation Failure) 316678.149: [ParNew: 426564K->4829K(471872K), 0.0087725 secs] 2891155K->2474043K(4141888K), 0.0088667 secs] [Times: user=0.05 sys=0.01, real=0.01 secs] 
316693.211: [GC (Allocation Failure) 316693.211: [ParNew: 424285K->5538K(471872K), 0.0124397 secs] 2893499K->2477858K(4141888K), 0.0125443 secs] [Times: user=0.06 sys=0.00, real=0.01 secs] 
316709.892: [GC (Allocation Failure) 316709.892: [ParNew: 424994K->5639K(471872K), 0.0072650 secs] 2897314K->2481283K(4141888K), 0.0073615 secs] [Times: user=0.05 sys=0.00, real=0.01 secs] 
316715.415: [GC (Allocation Failure) 316715.415: [ParNew: 425095K->4542K(471872K), 0.0064547 secs] 2900739K->2483975K(4141888K), 0.0065579 secs] [Times: user=0.04 sys=0.00, real=0.00 secs] 
316720.531: [GC (Allocation Failure) 316720.531: [ParNew: 423998K->3913K(471872K), 0.0050578 secs] 2903431K->2484419K(4141888K), 0.0051531 secs] [Times: user=0.04 sys=0.00, real=0.01 secs] 
316723.398: [GC (Allocation Failure) 316723.398: [ParNew: 423369K->5686K(471872K), 0.0052603 secs] 2903875K->2487592K(4141888K), 0.0053448 secs] [Times: user=0.04 sys=0.00, real=0.00 secs] 
316733.179: [GC (Allocation Failure) 316733.179: [ParNew: 425142K->6147K(471872K), 0.0077901 secs] 2907048K->2488762K(4141888K), 0.0078857 secs] [Times: user=0.05 sys=0.00, real=0.01 secs] 
316749.664: [GC (Allocation Failure) 316749.664: [ParNew: 425603K->4627K(471872K), 0.0106193 secs] 2908218K->2492043K(4141888K), 0.0107230 secs] [Times: user=0.06 sys=0.00, real=0.02 secs] 
316763.207: [GC (Allocation Failure) 316763.207: [ParNew: 424083K->5419K(471872K), 0.0093670 secs] 2911499K->2496052K(4141888K), 0.0094616 secs] [Times: user=0.05 sys=0.00, real=0.01 secs] 
316777.228: [GC (Allocation Failure) 316777.228: [ParNew: 424875K->5698K(471872K), 0.0077657 secs] 2915508K->2499311K(4141888K), 0.0078586 secs] [Times: user=0.05 sys=0.00, real=0.01 secs] 
316787.219: [GC (Allocation Failure) 316787.219: [ParNew: 425154K->7367K(471872K), 0.0067924 secs] 2918767K->2503911K(4141888K), 0.0068967 secs] [Times: user=0.05 sys=0.00, real=0.01 secs] 
316799.960: [GC (Allocation Failure) 316799.960: [ParNew: 426823K->4909K(471872K), 0.0086991 secs] 2923367K->2506285K(4141888K), 0.0088127 secs] [Times: user=0.06 sys=0.00, real=0.01 secs] 
316811.399: [GC (Allocation Failure) 316811.399: [ParNew: 424365K->4893K(471872K), 0.0071118 secs] 2925741K->2509035K(4141888K), 0.0072152 secs] [Times: user=0.05 sys=0.00, real=0.01 secs] 
316823.080: [GC (Allocation Failure) 316823.080: [ParNew: 424349K->4037K(471872K), 0.0072507 secs] 2928491K->2510603K(4141888K), 0.0073600 secs] [Times: user=0.05 sys=0.00, real=0.01 secs] 
316835.410: [GC (Allocation Failure) 316835.410: [ParNew: 423493K->5364K(471872K), 0.0078373 secs] 2930059K->2514325K(4141888K), 0.0079290 secs] [Times: user=0.05 sys=0.00, real=0.01 secs] 
316846.512: [GC (Allocation Failure) 316846.512: [ParNew: 424820K->16418K(471872K), 0.0088789 secs] 2933781K->2528493K(4141888K), 0.0089887 secs] [Times: user=0.06 sys=0.01, real=0.01 secs] 
316854.377: [GC (Allocation Failure) 316854.377: [ParNew: 435874K->8644K(471872K), 0.0079290 secs] 2947949K->2525449K(4141888K), 0.0080304 secs] [Times: user=0.05 sys=0.00, real=0.01 secs] 
316859.978: [GC (Allocation Failure) 316859.978: [ParNew: 428100K->5192K(471872K), 0.0066809 secs] 2944905K->2525038K(4141888K), 0.0067985 secs] [Times: user=0.05 sys=0.00, real=0.01 secs] 
316864.872: [GC (Allocation Failure) 316864.872: [ParNew: 424648K->3746K(471872K), 0.0057777 secs] 2944494K->2525030K(4141888K), 0.0058625 secs] [Times: user=0.04 sys=0.00, real=0.01 secs] 
316870.520: [GC (Allocation Failure) 316870.520: [ParNew: 423202K->2556K(471872K), 0.0055123 secs] 2944486K->2524849K(4141888K), 0.0055998 secs] [Times: user=0.04 sys=0.00, real=0.01 secs] 
316882.873: [GC (Allocation Failure) 316882.873: [ParNew: 422012K->4727K(471872K), 0.0063778 secs] 2944305K->2528135K(4141888K), 0.0064796 secs] [Times: user=0.05 sys=0.00, real=0.01 secs] 
316888.166: [GC (Allocation Failure) 316888.166: [ParNew: 424069K->4493K(471872K), 0.0089121 secs] 2947477K->2530837K(4141888K), 0.0090120 secs] [Times: user=0.05 sys=0.00, real=0.01 secs] 
316893.144: [GC (Allocation Failure) 316893.144: [ParNew: 423949K->2790K(471872K), 0.0089505 secs] 2950293K->2530180K(4141888K), 0.0090368 secs] [Times: user=0.04 sys=0.00, real=0.00 secs] 
316897.282: [GC (Allocation Failure) 316897.282: [ParNew: 422246K->3091K(471872K), 0.0078468 secs] 2949636K->2531613K(4141888K), 0.0079328 secs] [Times: user=0.04 sys=0.00, real=0.01 secs] 
316901.427: [GC (Allocation Failure) 316901.427: [ParNew: 422399K->4344K(471872K), 0.0071923 secs] 2950921K->2533824K(4141888K), 0.0072903 secs] [Times: user=0.04 sys=0.00, real=0.01 secs] 
316903.288: [GC (Allocation Failure) 316903.288: [ParNew: 423800K->3643K(471872K), 0.0093319 secs] 2953280K->2534514K(4141888K), 0.0094162 secs] [Times: user=0.06 sys=0.00, real=0.01 secs] 
316905.855: [GC (Allocation Failure) 316905.855: [ParNew: 423099K->3126K(471872K), 0.0048515 secs] 2953970K->2534554K(4141888K), 0.0049284 secs] [Times: user=0.04 sys=0.00, real=0.00 secs] 
316907.486: [GC (Allocation Failure) 316907.486: [ParNew: 422582K->8556K(471872K), 0.0053512 secs] 2954010K->2540524K(4141888K), 0.0054554 secs] [Times: user=0.03 sys=0.00, real=0.00 secs] 
316907.840: [GC (Allocation Failure) 316907.840: [ParNew: 427860K->13941K(471872K), 0.0091512 secs] 2959828K->2547506K(4141888K), 0.0092470 secs] [Times: user=0.05 sys=0.00, real=0.01 secs] 
316908.405: [GC (Allocation Failure) 316908.405: [ParNew: 433397K->5557K(471872K), 0.0064127 secs] 2966962K->2546403K(4141888K), 0.0065045 secs] [Times: user=0.03 sys=0.00, real=0.00 secs] 
316908.941: [GC (Allocation Failure) 316908.941: [ParNew: 425013K->4896K(471872K), 0.0058740 secs] 2965859K->2546275K(4141888K), 0.0059561 secs] [Times: user=0.03 sys=0.00, real=0.01 secs] 
316909.451: [GC (Allocation Failure) 316909.451: [ParNew: 423764K->9038K(471872K), 0.0056829 secs] 2965143K->2551151K(4141888K), 0.0057734 secs] [Times: user=0.04 sys=0.00, real=0.01 secs] 
316910.020: [GC (Allocation Failure) 316910.020: [ParNew: 428494K->3956K(471872K), 0.0063502 secs] 2970607K->2550292K(4141888K), 0.0064706 secs] [Times: user=0.05 sys=0.00, real=0.01 secs] 
316912.381: [GC (Allocation Failure) 316912.381: [ParNew: 423412K->4223K(471872K), 0.0050321 secs] 2969748K->2550727K(4141888K), 0.0051331 secs] [Times: user=0.04 sys=0.00, real=0.01 secs] 
316913.430: [GC (Allocation Failure) 316913.430: [ParNew: 423679K->6336K(471872K), 0.0051367 secs] 2970183K->2553819K(4141888K), 0.0052269 secs] [Times: user=0.04 sys=0.00, real=0.01 secs] 
316915.444: [GC (Allocation Failure) 316915.444: [ParNew: 425792K->7461K(471872K), 0.0051620 secs] 2973275K->2555229K(4141888K), 0.0052533 secs] [Times: user=0.04 sys=0.00, real=0.00 secs] 
316916.765: [GC (Allocation Failure) 316916.765: [ParNew: 426860K->5785K(471872K), 0.0057716 secs] 2974628K->2554390K(4141888K), 0.0058591 secs] [Times: user=0.04 sys=0.00, real=0.00 secs] 
316919.473: [GC (Allocation Failure) 316919.473: [ParNew: 425241K->3895K(471872K), 0.0051905 secs] 2973846K->2552816K(4141888K), 0.0052695 secs] [Times: user=0.04 sys=0.00, real=0.01 secs] 
316925.351: [GC (Allocation Failure) 316925.351: [ParNew: 423351K->3695K(471872K), 0.0053410 secs] 2972272K->2553608K(4141888K), 0.0054307 secs] [Times: user=0.04 sys=0.00, real=0.01 secs] 
316929.487: [GC (Allocation Failure) 316929.487: [ParNew: 423049K->3579K(471872K), 0.0067098 secs] 2972961K->2554702K(4141888K), 0.0067931 secs] [Times: user=0.04 sys=0.00, real=0.00 secs] 
316933.731: [GC (Allocation Failure) 316933.731: [ParNew: 423035K->2516K(471872K), 0.0061249 secs] 2974158K->2554440K(4141888K), 0.0062599 secs] [Times: user=0.04 sys=0.00, real=0.01 secs] 
316944.155: [GC (Allocation Failure) 316944.155: [ParNew: 421972K->3369K(471872K), 0.0060409 secs] 2973896K->2556435K(4141888K), 0.0061290 secs] [Times: user=0.04 sys=0.00, real=0.00 secs] 
316960.331: [GC (Allocation Failure) 316960.331: [ParNew: 422825K->6847K(471872K), 0.0075530 secs] 2975891K->2562085K(4141888K), 0.0076482 secs] [Times: user=0.04 sys=0.01, real=0.01 secs] 
316968.526: [GC (Allocation Failure) 316968.526: [ParNew: 423282K->27370K(471872K), 0.0099408 secs] 2978521K->2585874K(4141888K), 0.0100541 secs] [Times: user=0.06 sys=0.00, real=0.01 secs] 
316978.449: [GC (Allocation Failure) 316978.449: [ParNew: 446826K->9152K(471872K), 0.0070397 secs] 3005330K->2570382K(4141888K), 0.0071574 secs] [Times: user=0.04 sys=0.00, real=0.01 secs] 
316993.207: [GC (Allocation Failure) 316993.207: [ParNew: 428608K->4760K(471872K), 0.0078529 secs] 2989838K->2570699K(4141888K), 0.0079574 secs] [Times: user=0.05 sys=0.00, real=0.01 secs] 
317009.651: [GC (Allocation Failure) 317009.651: [ParNew: 424216K->5266K(471872K), 0.0085613 secs] 2990155K->2574099K(4141888K), 0.0086556 secs] [Times: user=0.05 sys=0.00, real=0.01 secs] 
317023.119: [GC (Allocation Failure) 317023.119: [ParNew: 424722K->5459K(471872K), 0.0080003 secs] 2993555K->2577469K(4141888K), 0.0081064 secs] [Times: user=0.05 sys=0.00, real=0.01 secs] 
317033.118: [GC (Allocation Failure) 317033.118: [ParNew: 424915K->7635K(471872K), 0.0093341 secs] 2996925K->2582420K(4141888K), 0.0094318 secs] [Times: user=0.06 sys=0.01, real=0.01 secs] 
317044.209: [GC (Allocation Failure) 317044.209: [ParNew: 427091K->4086K(471872K), 0.0084074 secs] 3001876K->2583524K(4141888K), 0.0085039 secs] [Times: user=0.06 sys=0.00, real=0.01 secs] 
317059.831: [GC (Allocation Failure) 317059.831: [ParNew: 423542K->5322K(471872K), 0.0067874 secs] 3002980K->2587126K(4141888K), 0.0068867 secs] [Times: user=0.05 sys=0.00, real=0.01 secs] 
317069.014: [GC (Allocation Failure) 317069.014: [ParNew: 424715K->4908K(471872K), 0.0077049 secs] 3006518K->2589939K(4141888K), 0.0077941 secs] [Times: user=0.05 sys=0.00, real=0.00 secs] 
317075.106: [GC (Allocation Failure) 317075.106: [ParNew: 424364K->2868K(471872K), 0.0078012 secs] 3009395K->2589878K(4141888K), 0.0078942 secs] [Times: user=0.05 sys=0.00, real=0.01 secs] 
317083.226: [GC (Allocation Failure) 317083.226: [ParNew: 422324K->3622K(471872K), 0.0059381 secs] 3009334K->2591958K(4141888K), 0.0060386 secs] [Times: user=0.04 sys=0.00, real=0.00 secs] 
317091.538: [GC (Allocation Failure) 317091.538: [ParNew: 423078K->27614K(471872K), 0.0084582 secs] 3011414K->2617652K(4141888K), 0.0085585 secs] [Times: user=0.06 sys=0.00, real=0.01 secs] 
317096.989: [GC (Allocation Failure) 317096.989: [ParNew: 446966K->8308K(471872K), 0.0074476 secs] 3037004K->2603091K(4141888K), 0.0075396 secs] [Times: user=0.05 sys=0.00, real=0.01 secs] 
317103.795: [GC (Allocation Failure) 317103.795: [ParNew: 427764K->4534K(471872K), 0.0060865 secs] 3022547K->2600858K(4141888K), 0.0062045 secs] [Times: user=0.05 sys=0.00, real=0.00 secs] 
317115.863: [GC (Allocation Failure) 317115.863: [ParNew: 423990K->5134K(471872K), 0.0062717 secs] 3020314K->2603684K(4141888K), 0.0063844 secs] [Times: user=0.05 sys=0.00, real=0.01 secs] 
317123.096: [GC (Allocation Failure) 317123.096: [ParNew: 424590K->4143K(471872K), 0.0068968 secs] 3023140K->2605476K(4141888K), 0.0069915 secs] [Times: user=0.05 sys=0.00, real=0.00 secs] 
317126.587: [GC (Allocation Failure) 317126.587: [ParNew: 423599K->3339K(471872K), 0.0069539 secs] 3024932K->2606262K(4141888K), 0.0070394 secs] [Times: user=0.05 sys=0.01, real=0.01 secs] 
317132.831: [GC (Allocation Failure) 317132.831: [ParNew: 422795K->4102K(471872K), 0.0055978 secs] 3025718K->2608009K(4141888K), 0.0056919 secs] [Times: user=0.04 sys=0.00, real=0.01 secs] 
317140.349: [GC (Allocation Failure) 317140.349: [ParNew: 423558K->3294K(471872K), 0.0062375 secs] 3027465K->2608799K(4141888K), 0.0063427 secs] [Times: user=0.05 sys=0.00, real=0.01 secs] 
317145.876: [GC (Allocation Failure) 317145.876: [ParNew: 422750K->5185K(471872K), 0.0067943 secs] 3028255K->2612311K(4141888K), 0.0068988 secs] [Times: user=0.06 sys=0.00, real=0.00 secs] 
317152.948: [GC (Allocation Failure) 317152.948: [ParNew: 424641K->6297K(471872K), 0.0058369 secs] 3031767K->2614812K(4141888K), 0.0059332 secs] [Times: user=0.04 sys=0.00, real=0.01 secs] 
317155.847: [GC (Allocation Failure) 317155.847: [ParNew: 425753K->7865K(471872K), 0.0062015 secs] 3034268K->2618303K(4141888K), 0.0062954 secs] [Times: user=0.04 sys=0.00, real=0.00 secs] 
317160.253: [GC (Allocation Failure) 317160.253: [ParNew: 427321K->4696K(471872K), 0.0064364 secs] 3037759K->2618242K(4141888K), 0.0065303 secs] [Times: user=0.04 sys=0.00, real=0.01 secs] 
317168.289: [GC (Allocation Failure) 317168.289: [ParNew: 424152K->3970K(471872K), 0.0056928 secs] 3037698K->2618794K(4141888K), 0.0057829 secs] [Times: user=0.05 sys=0.00, real=0.01 secs] 
317180.890: [GC (Allocation Failure) 317180.890: [ParNew: 423426K->4746K(471872K), 0.0087844 secs] 3038250K->2621295K(4141888K), 0.0088951 secs] [Times: user=0.07 sys=0.00, real=0.01 secs] 
317192.219: [GC (Allocation Failure) 317192.219: [ParNew: 424202K->5036K(471872K), 0.0076571 secs] 3040751K->2624489K(4141888K), 0.0077516 secs] [Times: user=0.06 sys=0.00, real=0.01 secs] 
317203.101: [GC (Allocation Failure) 317203.101: [ParNew: 424492K->3913K(471872K), 0.0070483 secs] 3043945K->2625753K(4141888K), 0.0071441 secs] [Times: user=0.05 sys=0.00, real=0.01 secs] 
317213.095: [GC (Allocation Failure) 317213.095: [ParNew: 423369K->5375K(471872K), 0.0065702 secs] 3045209K->2629495K(4141888K), 0.0066648 secs] [Times: user=0.05 sys=0.00, real=0.00 secs] 
317221.486: [GC (Allocation Failure) 317221.486: [ParNew: 424831K->7727K(471872K), 0.0060243 secs] 3048951K->2634671K(4141888K), 0.0061182 secs] [Times: user=0.05 sys=0.00, real=0.00 secs] 
317233.082: [GC (Allocation Failure) 317233.082: [ParNew: 427183K->4380K(471872K), 0.0085115 secs] 3054127K->2636378K(4141888K), 0.0086167 secs] [Times: user=0.05 sys=0.00, real=0.01 secs] 
317245.660: [GC (Allocation Failure) 317245.660: [ParNew: 423836K->4776K(471872K), 0.0073440 secs] 3055834K->2639308K(4141888K), 0.0074424 secs] [Times: user=0.06 sys=0.01, real=0.01 secs] 
317259.453: [GC (Allocation Failure) 317259.453: [ParNew: 424232K->5907K(471872K), 0.0074513 secs] 3058764K->2643136K(4141888K), 0.0075505 secs] [Times: user=0.05 sys=0.00, real=0.01 secs] 
317268.611: [GC (Allocation Failure) 317268.611: [ParNew: 425363K->4988K(471872K), 0.0070700 secs] 3062592K->2645221K(4141888K), 0.0071798 secs] [Times: user=0.05 sys=0.00, real=0.01 secs] 
317275.507: [GC (Allocation Failure) 317275.507: [ParNew: 422485K->4126K(471872K), 0.0060964 secs] 3062717K->2646736K(4141888K), 0.0061880 secs] [Times: user=0.04 sys=0.01, real=0.00 secs] 
317283.114: [GC (Allocation Failure) 317283.114: [ParNew: 423582K->6613K(471872K), 0.0073786 secs] 3066192K->2651023K(4141888K), 0.0074743 secs] [Times: user=0.05 sys=0.00, real=0.00 secs] 
317291.215: [GC (Allocation Failure) 317291.215: [ParNew: 426049K->3645K(471872K), 0.0068689 secs] 3070459K->2652345K(4141888K), 0.0069595 secs] [Times: user=0.04 sys=0.00, real=0.00 secs] 
317301.439: [GC (Allocation Failure) 317301.439: [ParNew: 423101K->4364K(471872K), 0.0087940 secs] 3071801K->2654746K(4141888K), 0.0088875 secs] [Times: user=0.05 sys=0.00, real=0.01 secs] 
317313.116: [GC (Allocation Failure) 317313.116: [ParNew: 423820K->4891K(471872K), 0.0097682 secs] 3074202K->2657547K(4141888K), 0.0098596 secs] [Times: user=0.05 sys=0.00, real=0.01 secs] 
317324.955: [GC (Allocation Failure) 317324.955: [ParNew: 424347K->5153K(471872K), 0.0084105 secs] 3077003K->2660361K(4141888K), 0.0085163 secs] [Times: user=0.05 sys=0.00, real=0.00 secs] 
317331.568: [GC (Allocation Failure) 317331.568: [ParNew: 424609K->5327K(471872K), 0.0065697 secs] 3079817K->2663183K(4141888K), 0.0066736 secs] [Times: user=0.04 sys=0.00, real=0.01 secs] 
317336.509: [GC (Allocation Failure) 317336.509: [ParNew: 424783K->22116K(471872K), 0.0064101 secs] 3082639K->2682261K(4141888K), 0.0065335 secs] [Times: user=0.05 sys=0.00, real=0.01 secs] 
317343.075: [GC (Allocation Failure) 317343.075: [ParNew: 441572K->7348K(471872K), 0.0056803 secs] 3101717K->2668966K(4141888K), 0.0057688 secs] [Times: user=0.04 sys=0.00, real=0.00 secs] 
317346.518: [GC (Allocation Failure) 317346.518: [ParNew: 426804K->2610K(471872K), 0.0065630 secs] 3088422K->2668416K(4141888K), 0.0066543 secs] [Times: user=0.04 sys=0.00, real=0.01 secs] 
317351.517: [GC (Allocation Failure) 317351.517: [ParNew: 422066K->2799K(471872K), 0.0049421 secs] 3087872K->2669521K(4141888K), 0.0050385 secs] [Times: user=0.04 sys=0.00, real=0.00 secs] 
317355.082: [GC (Allocation Failure) 317355.082: [ParNew: 422020K->4845K(471872K), 0.0060566 secs] 3088743K->2672666K(4141888K), 0.0061656 secs] [Times: user=0.05 sys=0.00, real=0.01 secs] 
317362.925: [GC (Allocation Failure) 317362.925: [ParNew: 424226K->3860K(471872K), 0.0061451 secs] 3092047K->2672937K(4141888K), 0.0062384 secs] [Times: user=0.05 sys=0.00, real=0.00 secs] 
317367.936: [GC (Allocation Failure) 317367.936: [ParNew: 423316K->4717K(471872K), 0.0074512 secs] 3092393K->2675576K(4141888K), 0.0075429 secs] [Times: user=0.04 sys=0.00, real=0.00 secs] 
317373.681: [GC (Allocation Failure) 317373.681: [ParNew: 424173K->4117K(471872K), 0.0078228 secs] 3095032K->2676316K(4141888K), 0.0079195 secs] [Times: user=0.04 sys=0.01, real=0.01 secs] 
317381.572: [GC (Allocation Failure) 317381.572: [ParNew: 423573K->3467K(471872K), 0.0080582 secs] 3095772K->2676918K(4141888K), 0.0081531 secs] [Times: user=0.05 sys=0.00, real=0.01 secs] 
317383.989: [GC (Allocation Failure) 317383.989: [ParNew: 422923K->3841K(471872K), 0.0055571 secs] 3096374K->2679054K(4141888K), 0.0056505 secs] [Times: user=0.04 sys=0.00, real=0.01 secs] 
317385.969: [GC (Allocation Failure) 317385.969: [ParNew: 423297K->2401K(471872K), 0.0047629 secs] 3098510K->2678293K(4141888K), 0.0048494 secs] [Times: user=0.04 sys=0.00, real=0.01 secs] 
317388.546: [GC (Allocation Failure) 317388.547: [ParNew: 421857K->2820K(471872K), 0.0048734 secs] 3097749K->2679144K(4141888K), 0.0049637 secs] [Times: user=0.03 sys=0.00, real=0.00 secs] 
317390.340: [GC (Allocation Failure) 317390.340: [ParNew: 422276K->2681K(471872K), 0.0047690 secs] 3098600K->2679819K(4141888K), 0.0048484 secs] [Times: user=0.03 sys=0.00, real=0.01 secs] 
317391.813: [GC (Allocation Failure) 317391.813: [ParNew: 422137K->2633K(471872K), 0.0044118 secs] 3099275K->2680220K(4141888K), 0.0044867 secs] [Times: user=0.03 sys=0.00, real=0.01 secs] 
317393.855: [GC (Allocation Failure) 317393.855: [ParNew: 422089K->3107K(471872K), 0.0060724 secs] 3099676K->2681116K(4141888K), 0.0061705 secs] [Times: user=0.04 sys=0.00, real=0.00 secs] 
317397.748: [GC (Allocation Failure) 317397.748: [ParNew: 422563K->21323K(471872K), 0.0083673 secs] 3100572K->2700097K(4141888K), 0.0084686 secs] [Times: user=0.07 sys=0.00, real=0.01 secs] 
317400.609: [GC (Allocation Failure) 317400.609: [ParNew: 440779K->8512K(471872K), 0.0063972 secs] 3119553K->2690897K(4141888K), 0.0064886 secs] [Times: user=0.04 sys=0.00, real=0.01 secs] 
317403.117: [GC (Allocation Failure) 317403.117: [ParNew: 427968K->3989K(471872K), 0.0069610 secs] 3110353K->2686981K(4141888K), 0.0070445 secs] [Times: user=0.04 sys=0.00, real=0.00 secs] 
317405.186: [GC (Allocation Failure) 317405.186: [ParNew: 423445K->3875K(471872K), 0.0063902 secs] 3106437K->2687611K(4141888K), 0.0064990 secs] [Times: user=0.04 sys=0.00, real=0.00 secs] 
317415.036: [GC (Allocation Failure) 317415.036: [ParNew: 423331K->4009K(471872K), 0.0057703 secs] 3107067K->2688547K(4141888K), 0.0058902 secs] [Times: user=0.04 sys=0.00, real=0.00 secs] 
317431.117: [GC (Allocation Failure) 317431.117: [ParNew: 423465K->5454K(471872K), 0.0069978 secs] 3108003K->2692337K(4141888K), 0.0070973 secs] [Times: user=0.05 sys=0.00, real=0.01 secs] 
317443.058: [GC (Allocation Failure) 317443.058: [ParNew: 424910K->5582K(471872K), 0.0077578 secs] 3111793K->2695927K(4141888K), 0.0078748 secs] [Times: user=0.05 sys=0.00, real=0.01 secs] 
317453.077: [GC (Allocation Failure) 317453.077: [ParNew: 425038K->5248K(471872K), 0.0072391 secs] 3115383K->2698168K(4141888K), 0.0073404 secs] [Times: user=0.05 sys=0.00, real=0.01 secs] 
317461.440: [GC (Allocation Failure) 317461.440: [ParNew: 424704K->7125K(471872K), 0.0063827 secs] 3117624K->2702499K(4141888K), 0.0064797 secs] [Times: user=0.05 sys=0.00, real=0.01 secs] 
317473.091: [GC (Allocation Failure) 317473.091: [ParNew: 426581K->4156K(471872K), 0.0083300 secs] 3121955K->2703823K(4141888K), 0.0084333 secs] [Times: user=0.06 sys=0.00, real=0.01 secs] 
317489.030: [GC (Allocation Failure) 317489.031: [ParNew: 423612K->4803K(471872K), 0.0068627 secs] 3123279K->2707050K(4141888K), 0.0069521 secs] [Times: user=0.05 sys=0.00, real=0.01 secs] 
317503.091: [GC (Allocation Failure) 317503.091: [ParNew: 424259K->5581K(471872K), 0.0101867 secs] 3126506K->2710747K(4141888K), 0.0103285 secs] [Times: user=0.07 sys=0.00, real=0.01 secs] 
317512.389: [GC (Allocation Failure) 317512.389: [ParNew: 425037K->6453K(471872K), 0.0093977 secs] 3130203K->2714715K(4141888K), 0.0095548 secs] [Times: user=0.07 sys=0.00, real=0.01 secs] 
317516.259: [GC (Allocation Failure) 317516.259: [ParNew: 425909K->4867K(471872K), 0.0084681 secs] 3134171K->2715335K(4141888K), 0.0086293 secs] [Times: user=0.07 sys=0.00, real=0.01 secs] 
317521.231: [GC (Allocation Failure) 317521.231: [ParNew: 424323K->5524K(471872K), 0.0091208 secs] 3134791K->2717127K(4141888K), 0.0093004 secs] [Times: user=0.06 sys=0.00, real=0.01 secs] 
317526.986: [GC (Allocation Failure) 317526.986: [ParNew: 424980K->3451K(471872K), 0.0111105 secs] 3136583K->2718490K(4141888K), 0.0113202 secs] [Times: user=0.08 sys=0.00, real=0.01 secs] 
317533.599: [GC (Allocation Failure) 317533.599: [ParNew: 422907K->3337K(471872K), 0.0058187 secs] 3137946K->2720390K(4141888K), 0.0059189 secs] [Times: user=0.04 sys=0.00, real=0.01 secs] 
317549.901: [GC (Allocation Failure) 317549.901: [ParNew: 422793K->5086K(471872K), 0.0253704 secs] 3139846K->2723610K(4141888K), 0.0255625 secs] [Times: user=0.18 sys=0.01, real=0.03 secs] 
317561.196: [GC (Allocation Failure) 317561.197: [ParNew: 424525K->5305K(471872K), 0.0165171 secs] 3143048K->2727134K(4141888K), 0.0166877 secs] [Times: user=0.12 sys=0.00, real=0.01 secs] 
317573.094: [GC (Allocation Failure) 317573.095: [ParNew: 424761K->5729K(471872K), 0.0120891 secs] 3146590K->2729970K(4141888K), 0.0130707 secs] [Times: user=0.08 sys=0.00, real=0.01 secs] 
317581.762: [GC (Allocation Failure) 317581.762: [ParNew: 425185K->10020K(471872K), 0.0168493 secs] 3149426K->2737243K(4141888K), 0.0169876 secs] [Times: user=0.09 sys=0.00, real=0.02 secs] 
317582.894: [GC (Allocation Failure) 317582.894: [ParNew: 429476K->11681K(471872K), 0.0123480 secs] 3156699K->2741640K(4141888K), 0.0125464 secs] [Times: user=0.09 sys=0.00, real=0.01 secs] 
317583.285: [GC (Allocation Failure) 317583.285: [ParNew: 431101K->17039K(471872K), 0.0096186 secs] 3161061K->2750103K(4141888K), 0.0097659 secs] [Times: user=0.07 sys=0.01, real=0.01 secs] 
317584.865: [GC (Allocation Failure) 317584.866: [ParNew: 436495K->16497K(471872K), 0.0099762 secs] 3169559K->2749833K(4141888K), 0.0101578 secs] [Times: user=0.07 sys=0.00, real=0.01 secs] 
317585.986: [GC (Allocation Failure) 317585.986: [ParNew: 435953K->17239K(471872K), 0.0080857 secs] 3169289K->2751139K(4141888K), 0.0082291 secs] [Times: user=0.06 sys=0.00, real=0.01 secs] 
317587.961: [GC (Allocation Failure) 317587.961: [ParNew: 435857K->13259K(471872K), 0.0122845 secs] 3169756K->2747461K(4141888K), 0.0124397 secs] [Times: user=0.08 sys=0.00, real=0.01 secs] 
317590.843: [GC (Allocation Failure) 317590.843: [ParNew: 432470K->19011K(471872K), 0.0084663 secs] 3166671K->2754204K(4141888K), 0.0086027 secs] [Times: user=0.06 sys=0.01, real=0.01 secs] 
317593.051: [GC (Allocation Failure) 317593.051: [ParNew: 438467K->16174K(471872K), 0.0076574 secs] 3173660K->2752191K(4141888K), 0.0078075 secs] [Times: user=0.06 sys=0.00, real=0.01 secs] 
317593.840: [GC (Allocation Failure) 317593.840: [ParNew: 435630K->16210K(471872K), 0.0110882 secs] 3171647K->2752954K(4141888K), 0.0112389 secs] [Times: user=0.08 sys=0.00, real=0.01 secs] 
317603.093: [GC (Allocation Failure) 317603.093: [ParNew: 435666K->9185K(471872K), 0.0102424 secs] 3172410K->2746324K(4141888K), 0.0103903 secs] [Times: user=0.08 sys=0.00, real=0.01 secs] 
317613.102: [GC (Allocation Failure) 317613.102: [ParNew: 428641K->5226K(471872K), 0.0133345 secs] 3165780K->2746485K(4141888K), 0.0134947 secs] [Times: user=0.09 sys=0.00, real=0.02 secs] 
317613.116: [GC (GCLocker Initiated GC) 317613.116: [ParNew: 6093K->1778K(471872K), 0.0080131 secs] 2747352K->2746782K(4141888K), 0.0081119 secs] [Times: user=0.05 sys=0.00, real=0.01 secs] 
317622.985: [GC (Allocation Failure) 317622.985: [ParNew: 421234K->4877K(471872K), 0.0186971 secs] 3166238K->2749882K(4141888K), 0.0188650 secs] [Times: user=0.14 sys=0.00, real=0.02 secs] 
317627.734: [GC (Allocation Failure) 317627.734: [ParNew: 424333K->3715K(471872K), 0.0118899 secs] 3169338K->2751883K(4141888K), 0.0120209 secs] [Times: user=0.09 sys=0.00, real=0.01 secs] 
317634.433: [GC (Allocation Failure) 317634.433: [ParNew: 423171K->5434K(471872K), 0.0117561 secs] 3171339K->2755017K(4141888K), 0.0119311 secs] [Times: user=0.08 sys=0.00, real=0.02 secs] 
317638.028: [GC (Allocation Failure) 317638.028: [ParNew: 424890K->4958K(471872K), 0.0093457 secs] 3174473K->2756518K(4141888K), 0.0095119 secs] [Times: user=0.07 sys=0.00, real=0.01 secs] 
317640.243: [GC (Allocation Failure) 317640.243: [ParNew: 424414K->11629K(471872K), 0.0072947 secs] 3175974K->2764633K(4141888K), 0.0074246 secs] [Times: user=0.05 sys=0.00, real=0.01 secs] 
317640.947: [GC (Allocation Failure) 317640.947: [ParNew: 431085K->7868K(471872K), 0.0094660 secs] 3184089K->2766216K(4141888K), 0.0096039 secs] [Times: user=0.07 sys=0.00, real=0.01 secs] 
317641.627: [GC (Allocation Failure) 317641.627: [ParNew: 427324K->6119K(471872K), 0.0076821 secs] 3185672K->2767410K(4141888K), 0.0078169 secs] [Times: user=0.05 sys=0.00, real=0.01 secs] 
317642.261: [GC (Allocation Failure) 317642.261: [ParNew: 425575K->4475K(471872K), 0.0064529 secs] 3186866K->2766668K(4141888K), 0.0066041 secs] [Times: user=0.05 sys=0.00, real=0.01 secs] 
317642.908: [GC (Allocation Failure) 317642.908: [ParNew: 423931K->6430K(471872K), 0.0077545 secs] 3186124K->2769384K(4141888K), 0.0078945 secs] [Times: user=0.06 sys=0.00, real=0.01 secs] 
317643.436: [GC (Allocation Failure) 317643.436: [ParNew: 425886K->5831K(471872K), 0.0069924 secs] 3188840K->2769143K(4141888K), 0.0071357 secs] [Times: user=0.05 sys=0.00, real=0.00 secs] 
317644.025: [GC (Allocation Failure) 317644.025: [ParNew: 425287K->3930K(471872K), 0.0100004 secs] 3188599K->2769978K(4141888K), 0.0101534 secs] [Times: user=0.07 sys=0.01, real=0.01 secs] 
317653.051: [GC (Allocation Failure) 317653.051: [ParNew: 423386K->6637K(471872K), 0.0122923 secs] 3189434K->2772974K(4141888K), 0.0124635 secs] [Times: user=0.07 sys=0.00, real=0.01 secs] 
317664.902: [GC (Allocation Failure) 317664.902: [ParNew: 426093K->5629K(471872K), 0.0188148 secs] 3192430K->2777403K(4141888K), 0.0189616 secs] [Times: user=0.08 sys=0.00, real=0.02 secs] 
317676.576: [GC (Allocation Failure) 317676.576: [ParNew: 425085K->6038K(471872K), 0.0225666 secs] 3196859K->2781448K(4141888K), 0.0227223 secs] [Times: user=0.13 sys=0.00, real=0.02 secs] 
317683.086: [GC (Allocation Failure) 317683.086: [ParNew: 425494K->4755K(471872K), 0.0162317 secs] 3200904K->2783559K(4141888K), 0.0163863 secs] [Times: user=0.08 sys=0.00, real=0.01 secs] 
317689.680: [GC (Allocation Failure) 317689.680: [ParNew: 424211K->5930K(471872K), 0.0259697 secs] 3203015K->2786801K(4141888K), 0.0261100 secs] [Times: user=0.19 sys=0.00, real=0.03 secs] 
317693.107: [GC (Allocation Failure) 317693.107: [ParNew: 425386K->4133K(471872K), 0.0107161 secs] 3206257K->2787139K(4141888K), 0.0108310 secs] [Times: user=0.07 sys=0.00, real=0.01 secs] 
317696.074: [GC (Allocation Failure) 317696.074: [ParNew: 423589K->4504K(471872K), 0.0133989 secs] 3206595K->2788311K(4141888K), 0.0135358 secs] [Times: user=0.08 sys=0.00, real=0.01 secs] 
317699.735: [GC (Allocation Failure) 317699.735: [ParNew: 423960K->3767K(471872K), 0.0181716 secs] 3207767K->2788352K(4141888K), 0.0183042 secs] [Times: user=0.14 sys=0.00, real=0.01 secs] 
317703.089: [GC (Allocation Failure) 317703.089: [ParNew: 423223K->3507K(471872K), 0.0119868 secs] 3207808K->2789505K(4141888K), 0.0121036 secs] [Times: user=0.08 sys=0.00, real=0.01 secs] 
317709.093: [GC (Allocation Failure) 317709.093: [ParNew: 422963K->5428K(471872K), 0.0198114 secs] 3208961K->2792470K(4141888K), 0.0199511 secs] [Times: user=0.16 sys=0.00, real=0.02 secs] 
317722.991: [GC (Allocation Failure) 317722.991: [ParNew: 424884K->4361K(471872K), 0.0228297 secs] 3211926K->2795618K(4141888K), 0.0229533 secs] [Times: user=0.17 sys=0.01, real=0.03 secs] 
317734.783: [GC (Allocation Failure) 317734.783: [ParNew: 423817K->5274K(471872K), 0.0213241 secs] 3215074K->2799517K(4141888K), 0.0214476 secs] [Times: user=0.14 sys=0.01, real=0.03 secs] 
317745.209: [GC (Allocation Failure) 317745.209: [ParNew: 424730K->5082K(471872K), 0.0166878 secs] 3218973K->2801673K(4141888K), 0.0168342 secs] [Times: user=0.12 sys=0.00, real=0.02 secs] 
317753.091: [GC (Allocation Failure) 317753.091: [ParNew: 424538K->4348K(471872K), 0.0087507 secs] 3221129K->2803144K(4141888K), 0.0088699 secs] [Times: user=0.06 sys=0.00, real=0.01 secs] 
317758.166: [GC (Allocation Failure) 317758.166: [ParNew: 423804K->3530K(471872K), 0.0151871 secs] 3222600K->2803980K(4141888K), 0.0152995 secs] [Times: user=0.08 sys=0.00, real=0.01 secs] 
317763.098: [GC (Allocation Failure) 317763.098: [ParNew: 422986K->4189K(471872K), 0.0094195 secs] 3223436K->2805843K(4141888K), 0.0095256 secs] [Times: user=0.05 sys=0.00, real=0.01 secs] 
317769.938: [GC (Allocation Failure) 317769.938: [ParNew: 423645K->6421K(471872K), 0.0146737 secs] 3225299K->2809728K(4141888K), 0.0148159 secs] [Times: user=0.11 sys=0.00, real=0.01 secs] 
317783.083: [GC (Allocation Failure) 317783.083: [ParNew: 425877K->5421K(471872K), 0.0165147 secs] 3229184K->2812537K(4141888K), 0.0166307 secs] [Times: user=0.11 sys=0.00, real=0.02 secs] 
317797.812: [GC (Allocation Failure) 317797.812: [ParNew: 424877K->4791K(471872K), 0.0264791 secs] 3231993K->2815400K(4141888K), 0.0266217 secs] [Times: user=0.18 sys=0.01, real=0.03 secs] 
317813.080: [GC (Allocation Failure) 317813.080: [ParNew: 424248K->5293K(471872K), 0.0187136 secs] 3234857K->2818628K(4141888K), 0.0188407 secs] [Times: user=0.13 sys=0.00, real=0.02 secs] 
317813.100: [GC (GCLocker Initiated GC) 317813.100: [ParNew: 8765K->3604K(471872K), 0.0075487 secs] 2822100K->2820649K(4141888K), 0.0076408 secs] [Times: user=0.04 sys=0.00, real=0.01 secs] 
317823.071: [GC (Allocation Failure) 317823.071: [ParNew: 423060K->4862K(471872K), 0.0184108 secs] 3240105K->2821911K(4141888K), 0.0185373 secs] [Times: user=0.14 sys=0.01, real=0.02 secs] 
317830.515: [GC (Allocation Failure) 317830.515: [ParNew: 424318K->7663K(471872K), 0.0212222 secs] 3241367K->2828183K(4141888K), 0.0214407 secs] [Times: user=0.15 sys=0.01, real=0.02 secs] 
317843.105: [GC (Allocation Failure) 317843.106: [ParNew: 427119K->4981K(471872K), 0.0171333 secs] 3247639K->2830592K(4141888K), 0.0172580 secs] [Times: user=0.11 sys=0.00, real=0.01 secs] 
317850.601: [GC (Allocation Failure) 317850.601: [ParNew: 424437K->5049K(471872K), 0.0277793 secs] 3250048K->2833726K(4141888K), 0.0280357 secs] [Times: user=0.17 sys=0.00, real=0.03 secs] 
317864.072: [GC (Allocation Failure) 317864.073: [ParNew: 424505K->4142K(471872K), 0.0152047 secs] 3253182K->2835039K(4141888K), 0.0153381 secs] [Times: user=0.11 sys=0.00, real=0.02 secs] 
317867.282: [GC (Allocation Failure) 317867.282: [ParNew: 423598K->4633K(471872K), 0.0094949 secs] 3254495K->2838305K(4141888K), 0.0096410 secs] [Times: user=0.06 sys=0.01, real=0.01 secs] 
317869.896: [GC (Allocation Failure) 317869.896: [ParNew: 424089K->14975K(471872K), 0.0085243 secs] 3257761K->2849285K(4141888K), 0.0086372 secs] [Times: user=0.06 sys=0.00, real=0.01 secs] 
317872.781: [GC (Allocation Failure) 317872.781: [ParNew: 434431K->23954K(471872K), 0.0094201 secs] 3268741K->2858793K(4141888K), 0.0095353 secs] [Times: user=0.07 sys=0.00, real=0.01 secs] 
317873.866: [GC (Allocation Failure) 317873.866: [ParNew: 443410K->13466K(471872K), 0.0065821 secs] 3278249K->2849088K(4141888K), 0.0067196 secs] [Times: user=0.04 sys=0.00, real=0.00 secs] 
317874.867: [GC (Allocation Failure) 317874.867: [ParNew: 432922K->16276K(471872K), 0.0058591 secs] 3268544K->2852374K(4141888K), 0.0059874 secs] [Times: user=0.04 sys=0.00, real=0.00 secs] 
317882.373: [GC (Allocation Failure) 317882.373: [ParNew: 435732K->5983K(471872K), 0.0085425 secs] 3271830K->2842264K(4141888K), 0.0086614 secs] [Times: user=0.07 sys=0.00, real=0.01 secs] 
317889.303: [GC (Allocation Failure) 317889.303: [ParNew: 425439K->3957K(471872K), 0.0104285 secs] 3261720K->2843559K(4141888K), 0.0105600 secs] [Times: user=0.08 sys=0.00, real=0.02 secs] 
317893.118: [GC (Allocation Failure) 317893.118: [ParNew: 423413K->6171K(471872K), 0.0078818 secs] 3263015K->2847530K(4141888K), 0.0079878 secs] [Times: user=0.06 sys=0.00, real=0.01 secs] 
317899.241: [GC (Allocation Failure) 317899.241: [ParNew: 425627K->2735K(471872K), 0.0093260 secs] 3266986K->2847784K(4141888K), 0.0094505 secs] [Times: user=0.07 sys=0.00, real=0.01 secs] 
317911.724: [GC (Allocation Failure) 317911.724: [ParNew: 422191K->5019K(471872K), 0.0110550 secs] 3267240K->2851467K(4141888K), 0.0112055 secs] [Times: user=0.07 sys=0.00, real=0.01 secs] 
317922.159: [GC (Allocation Failure) 317922.159: [ParNew: 424475K->5601K(471872K), 0.0113729 secs] 3270923K->2854878K(4141888K), 0.0114977 secs] [Times: user=0.08 sys=0.00, real=0.01 secs] 
317925.690: [GC (Allocation Failure) 317925.691: [ParNew: 425057K->3829K(471872K), 0.0136070 secs] 3274334K->2855233K(4141888K), 0.0146875 secs] [Times: user=0.09 sys=0.00, real=0.02 secs] 
317940.239: [GC (Allocation Failure) 317940.239: [ParNew: 423285K->5192K(471872K), 0.0079815 secs] 3274689K->2857709K(4141888K), 0.0081274 secs] [Times: user=0.06 sys=0.00, real=0.01 secs] 
317945.675: [GC (Allocation Failure) 317945.675: [ParNew: 424648K->3730K(471872K), 0.0117196 secs] 3277165K->2859111K(4141888K), 0.0118320 secs] [Times: user=0.09 sys=0.00, real=0.01 secs] 
317951.930: [GC (Allocation Failure) 317951.931: [ParNew: 423186K->8333K(471872K), 0.0165606 secs] 3278567K->2865351K(4141888K), 0.0167004 secs] [Times: user=0.06 sys=0.00, real=0.02 secs] 
317963.138: [GC (Allocation Failure) 317963.139: [ParNew: 427789K->5523K(471872K), 0.0278291 secs] 3284807K->2867032K(4141888K), 0.0279538 secs] [Times: user=0.14 sys=0.00, real=0.03 secs] 
317978.922: [GC (Allocation Failure) 317978.922: [ParNew: 424979K->5792K(471872K), 0.0114490 secs] 3286488K->2870261K(4141888K), 0.0116098 secs] [Times: user=0.07 sys=0.00, real=0.01 secs] 
317993.124: [GC (Allocation Failure) 317993.124: [ParNew: 425248K->5115K(471872K), 0.0086942 secs] 3289717K->2872831K(4141888K), 0.0088216 secs] [Times: user=0.06 sys=0.00, real=0.00 secs] 
318003.911: [GC (Allocation Failure) 318003.911: [ParNew: 424571K->6407K(471872K), 0.0110226 secs] 3292287K->2876804K(4141888K), 0.0111772 secs] [Times: user=0.08 sys=0.00, real=0.01 secs] 
318010.894: [GC (Allocation Failure) 318010.894: [ParNew: 425863K->6358K(471872K), 0.0155032 secs] 3296260K->2879054K(4141888K), 0.0156466 secs] [Times: user=0.10 sys=0.00, real=0.01 secs] 
318017.592: [GC (Allocation Failure) 318017.592: [ParNew: 425814K->7054K(471872K), 0.0099225 secs] 3298510K->2882792K(4141888K), 0.0100603 secs] [Times: user=0.07 sys=0.01, real=0.01 secs] 
318029.404: [GC (Allocation Failure) 318029.404: [ParNew: 426204K->5757K(471872K), 0.0098935 secs] 3301942K->2885598K(4141888K), 0.0100766 secs] [Times: user=0.06 sys=0.01, real=0.01 secs] 
318042.262: [GC (Allocation Failure) 318042.263: [ParNew: 425213K->5526K(471872K), 0.0117716 secs] 3305054K->2888301K(4141888K), 0.0118876 secs] [Times: user=0.09 sys=0.00, real=0.02 secs] 
318055.121: [GC (Allocation Failure) 318055.121: [ParNew: 424982K->4288K(471872K), 0.0151012 secs] 3307757K->2889822K(4141888K), 0.0152115 secs] [Times: user=0.11 sys=0.00, real=0.02 secs] 
318066.944: [GC (Allocation Failure) 318066.944: [ParNew: 423744K->5832K(471872K), 0.0128764 secs] 3309278K->2893856K(4141888K), 0.0129886 secs] [Times: user=0.09 sys=0.00, real=0.01 secs] 
318074.959: [GC (Allocation Failure) 318074.959: [ParNew: 425288K->8646K(471872K), 0.0110476 secs] 3313312K->2899237K(4141888K), 0.0112020 secs] [Times: user=0.08 sys=0.00, real=0.01 secs] 
318083.110: [GC (Allocation Failure) 318083.110: [ParNew: 428102K->5140K(471872K), 0.0087740 secs] 3318693K->2900219K(4141888K), 0.0088860 secs] [Times: user=0.06 sys=0.00, real=0.01 secs] 
318096.567: [GC (Allocation Failure) 318096.567: [ParNew: 424596K->4443K(471872K), 0.0107850 secs] 3319675K->2901660K(4141888K), 0.0109050 secs] [Times: user=0.07 sys=0.00, real=0.01 secs] 
318110.743: [GC (Allocation Failure) 318110.743: [ParNew: 423899K->4926K(471872K), 0.0142587 secs] 3321116K->2905055K(4141888K), 0.0144075 secs] [Times: user=0.10 sys=0.00, real=0.02 secs] 
318123.116: [GC (Allocation Failure) 318123.116: [ParNew: 424382K->4970K(471872K), 0.0086231 secs] 3324511K->2908028K(4141888K), 0.0087497 secs] [Times: user=0.06 sys=0.00, real=0.01 secs] 
318132.828: [GC (Allocation Failure) 318132.829: [ParNew: 424426K->9581K(471872K), 0.0114191 secs] 3327484K->2915212K(4141888K), 0.0115608 secs] [Times: user=0.07 sys=0.00, real=0.01 secs] 
318134.814: [GC (Allocation Failure) 318134.814: [ParNew: 428884K->24859K(471872K), 0.0081597 secs] 3334515K->2932922K(4141888K), 0.0082901 secs] [Times: user=0.06 sys=0.00, real=0.00 secs] 
318138.841: [GC (Allocation Failure) 318138.841: [ParNew: 444315K->16015K(471872K), 0.0094826 secs] 3352378K->2927085K(4141888K), 0.0096277 secs] [Times: user=0.07 sys=0.01, real=0.01 secs] 
318140.883: [GC (Allocation Failure) 318140.883: [ParNew: 435471K->17762K(471872K), 0.0076696 secs] 3346541K->2929956K(4141888K), 0.0077848 secs] [Times: user=0.06 sys=0.00, real=0.01 secs] 
318142.571: [GC (Allocation Failure) 318142.571: [ParNew: 437218K->5523K(471872K), 0.0056243 secs] 3349412K->2918288K(4141888K), 0.0057404 secs] [Times: user=0.04 sys=0.00, real=0.01 secs] 
318144.953: [GC (Allocation Failure) 318144.953: [ParNew: 424979K->17840K(471872K), 0.0084089 secs] 3337744K->2930934K(4141888K), 0.0085454 secs] [Times: user=0.06 sys=0.00, real=0.01 secs] 
318147.781: [GC (Allocation Failure) 318147.781: [ParNew: 435912K->12628K(471872K), 0.0089022 secs] 3349006K->2926403K(4141888K), 0.0090298 secs] [Times: user=0.06 sys=0.00, real=0.01 secs] 
318149.796: [GC (Allocation Failure) 318149.796: [ParNew: 432084K->9996K(471872K), 0.0115292 secs] 3345859K->2924517K(4141888K), 0.0116856 secs] [Times: user=0.05 sys=0.00, real=0.01 secs] 
318150.325: [GC (Allocation Failure) 318150.325: [ParNew: 429452K->19745K(471872K), 0.0106456 secs] 3343973K->2934921K(4141888K), 0.0107727 secs] [Times: user=0.07 sys=0.00, real=0.01 secs] 
318151.989: [GC (Allocation Failure) 318151.989: [ParNew: 439201K->19531K(471872K), 0.0082554 secs] 3354377K->2934851K(4141888K), 0.0083905 secs] [Times: user=0.06 sys=0.00, real=0.01 secs] 
318153.815: [GC (Allocation Failure) 318153.815: [ParNew: 438987K->17483K(471872K), 0.0098284 secs] 3354307K->2933287K(4141888K), 0.0099886 secs] [Times: user=0.07 sys=0.00, real=0.01 secs] 
318155.047: [GC (Allocation Failure) 318155.047: [ParNew: 436669K->13587K(471872K), 0.0098707 secs] 3352473K->2930098K(4141888K), 0.0099991 secs] [Times: user=0.06 sys=0.01, real=0.01 secs] 
318155.542: [GC (Allocation Failure) 318155.542: [ParNew: 433043K->11001K(471872K), 0.0120479 secs] 3349554K->2928145K(4141888K), 0.0121631 secs] [Times: user=0.07 sys=0.00, real=0.02 secs] 
318162.808: [GC (Allocation Failure) 318162.808: [ParNew: 430457K->5566K(471872K), 0.0083347 secs] 3347601K->2924361K(4141888K), 0.0084737 secs] [Times: user=0.07 sys=0.00, real=0.01 secs] 
318167.675: [GC (Allocation Failure) 318167.675: [ParNew: 425022K->2791K(471872K), 0.0075074 secs] 3343817K->2923499K(4141888K), 0.0076143 secs] [Times: user=0.05 sys=0.00, real=0.00 secs] 
318173.071: [GC (Allocation Failure) 318173.071: [ParNew: 422247K->3122K(471872K), 0.0099134 secs] 3342955K->2924997K(4141888K), 0.0100435 secs] [Times: user=0.06 sys=0.00, real=0.01 secs] 
318174.901: [GC (Allocation Failure) 318174.901: [ParNew: 422578K->2813K(471872K), 0.0148028 secs] 3344453K->2925806K(4141888K), 0.0149367 secs] [Times: user=0.09 sys=0.01, real=0.02 secs] 
318184.230: [GC (Allocation Failure) 318184.231: [ParNew: 422269K->4053K(471872K), 0.0090830 secs] 3345262K->2927550K(4141888K), 0.0092227 secs] [Times: user=0.07 sys=0.00, real=0.01 secs] 
318190.826: [GC (Allocation Failure) 318190.826: [ParNew: 423301K->5347K(471872K), 0.0118009 secs] 3346799K->2930875K(4141888K), 0.0119813 secs] [Times: user=0.09 sys=0.00, real=0.01 secs] 
318194.220: [GC (Allocation Failure) 318194.220: [ParNew: 424407K->5483K(471872K), 0.0076100 secs] 3349935K->2932624K(4141888K), 0.0077725 secs] [Times: user=0.05 sys=0.00, real=0.01 secs] 
318197.409: [GC (Allocation Failure) 318197.409: [ParNew: 424939K->7082K(471872K), 0.0060483 secs] 3352080K->2935831K(4141888K), 0.0061772 secs] [Times: user=0.05 sys=0.00, real=0.01 secs] 
318206.637: [GC (Allocation Failure) 318206.637: [ParNew: 426538K->4489K(471872K), 0.0088920 secs] 3355287K->2936476K(4141888K), 0.0090353 secs] [Times: user=0.06 sys=0.00, real=0.01 secs] 
318219.937: [GC (Allocation Failure) 318219.937: [ParNew: 423945K->5093K(471872K), 0.0109611 secs] 3355932K->2939821K(4141888K), 0.0110921 secs] [Times: user=0.07 sys=0.00, real=0.01 secs] 
318229.812: [GC (Allocation Failure) 318229.812: [ParNew: 424549K->17292K(471872K), 0.0120796 secs] 3359277K->2954985K(4141888K), 0.0122210 secs] [Times: user=0.09 sys=0.00, real=0.02 secs] 
318236.563: [GC (Allocation Failure) 318236.563: [ParNew: 436748K->9502K(471872K), 0.0100019 secs] 3374441K->2949180K(4141888K), 0.0101531 secs] [Times: user=0.06 sys=0.00, real=0.01 secs] 
318247.659: [GC (Allocation Failure) 318247.659: [ParNew: 428900K->6083K(471872K), 0.0134294 secs] 3368579K->2948766K(4141888K), 0.0135798 secs] [Times: user=0.09 sys=0.00, real=0.01 secs] 
318251.704: [GC (Allocation Failure) 318251.704: [ParNew: 425531K->5388K(471872K), 0.0159314 secs] 3368214K->2950638K(4141888K), 0.0160787 secs] [Times: user=0.08 sys=0.01, real=0.01 secs] 
318253.738: [GC (Allocation Failure) 318253.738: [ParNew: 424844K->4131K(471872K), 0.0192246 secs] 3370094K->2950184K(4141888K), 0.0193327 secs] [Times: user=0.06 sys=0.00, real=0.02 secs] 
318256.537: [GC (Allocation Failure) 318256.537: [ParNew: 423587K->21988K(471872K), 0.0163182 secs] 3369640K->2969049K(4141888K), 0.0164547 secs] [Times: user=0.08 sys=0.00, real=0.01 secs] 
318257.150: [GC (Allocation Failure) 318257.150: [ParNew: 441444K->9261K(471872K), 0.0099396 secs] 3388505K->2962636K(4141888K), 0.0100835 secs] [Times: user=0.05 sys=0.00, real=0.01 secs] 
318257.864: [GC (Allocation Failure) 318257.865: [ParNew: 428717K->4427K(471872K), 0.0117933 secs] 3382092K->2962133K(4141888K), 0.0119259 secs] [Times: user=0.06 sys=0.00, real=0.01 secs] 
318258.366: [GC (Allocation Failure) 318258.366: [ParNew: 423883K->4028K(471872K), 0.0083071 secs] 3381589K->2962169K(4141888K), 0.0084483 secs] [Times: user=0.04 sys=0.01, real=0.01 secs] 
318259.035: [GC (Allocation Failure) 318259.035: [ParNew: 423484K->4535K(471872K), 0.0100869 secs] 3381625K->2963502K(4141888K), 0.0102310 secs] [Times: user=0.05 sys=0.00, real=0.01 secs] 
318259.745: [GC (Allocation Failure) 318259.746: [ParNew: 423991K->4173K(471872K), 0.0128814 secs] 3382958K->2963401K(4141888K), 0.0130421 secs] [Times: user=0.06 sys=0.00, real=0.01 secs] 
318260.396: [GC (Allocation Failure) 318260.396: [ParNew: 423629K->3631K(471872K), 0.0261232 secs] 3382857K->2963569K(4141888K), 0.0262546 secs] [Times: user=0.04 sys=0.00, real=0.02 secs] 
318261.019: [GC (GCLocker Initiated GC) 318261.019: [ParNew: 423088K->5317K(471872K), 0.0202273 secs] 3383027K->2965541K(4141888K), 0.0203871 secs] [Times: user=0.09 sys=0.00, real=0.02 secs] 
318266.426: [GC (Allocation Failure) 318266.426: [ParNew: 424773K->4727K(471872K), 0.0117094 secs] 3384997K->2965194K(4141888K), 0.0118155 secs] [Times: user=0.06 sys=0.00, real=0.01 secs] 
318267.492: [GC (Allocation Failure) 318267.493: [ParNew: 424183K->2240K(471872K), 0.0142899 secs] 3384650K->2964289K(4141888K), 0.0144185 secs] [Times: user=0.04 sys=0.00, real=0.02 secs] 
318270.040: [GC (Allocation Failure) 318270.040: [ParNew: 421696K->2691K(471872K), 0.0273647 secs] 3383745K->2965068K(4141888K), 0.0274943 secs] [Times: user=0.08 sys=0.00, real=0.03 secs] 
318271.794: [GC (Allocation Failure) 318271.794: [ParNew: 422147K->3881K(471872K), 0.0100044 secs] 3384524K->2966887K(4141888K), 0.0101620 secs] [Times: user=0.06 sys=0.00, real=0.01 secs] 
318273.666: [GC (Allocation Failure) 318273.666: [ParNew: 423249K->4239K(471872K), 0.0081341 secs] 3386255K->2967669K(4141888K), 0.0082669 secs] [Times: user=0.06 sys=0.00, real=0.01 secs] 
318275.392: [GC (Allocation Failure) 318275.392: [ParNew: 423485K->2520K(471872K), 0.0051773 secs] 3386915K->2966471K(4141888K), 0.0052871 secs] [Times: user=0.04 sys=0.00, real=0.01 secs] 
318277.068: [GC (Allocation Failure) 318277.068: [ParNew: 421976K->4026K(471872K), 0.0051851 secs] 3385927K->2968456K(4141888K), 0.0052902 secs] [Times: user=0.04 sys=0.00, real=0.00 secs] 
318279.195: [GC (Allocation Failure) 318279.195: [ParNew: 423482K->2198K(471872K), 0.0046226 secs] 3387912K->2967048K(4141888K), 0.0047115 secs] [Times: user=0.03 sys=0.00, real=0.00 secs] 
318281.561: [GC (Allocation Failure) 318281.561: [ParNew: 421654K->3742K(471872K), 0.0049715 secs] 3386504K->2969148K(4141888K), 0.0050681 secs] [Times: user=0.03 sys=0.00, real=0.01 secs] 
318283.678: [GC (Allocation Failure) 318283.678: [ParNew: 422896K->4235K(471872K), 0.0054051 secs] 3388302K->2970094K(4141888K), 0.0055374 secs] [Times: user=0.04 sys=0.00, real=0.00 secs] 
318293.050: [GC (Allocation Failure) 318293.050: [ParNew: 423688K->3078K(471872K), 0.0058920 secs] 3389547K->2969444K(4141888K), 0.0059895 secs] [Times: user=0.05 sys=0.00, real=0.01 secs] 
318300.185: [GC (Allocation Failure) 318300.185: [ParNew: 422378K->3444K(471872K), 0.0071461 secs] 3388743K->2971833K(4141888K), 0.0072859 secs] [Times: user=0.06 sys=0.00, real=0.00 secs] 
318306.425: [GC (Allocation Failure) 318306.425: [ParNew: 422900K->3417K(471872K), 0.0072076 secs] 3391289K->2973284K(4141888K), 0.0073396 secs] [Times: user=0.05 sys=0.00, real=0.00 secs] 
318313.126: [GC (Allocation Failure) 318313.126: [ParNew: 422873K->4422K(471872K), 0.0067877 secs] 3392740K->2975645K(4141888K), 0.0068980 secs] [Times: user=0.05 sys=0.00, real=0.00 secs] 
318321.775: [GC (Allocation Failure) 318321.776: [ParNew: 423878K->7286K(471872K), 0.0090204 secs] 3395101K->2980295K(4141888K), 0.0091952 secs] [Times: user=0.07 sys=0.00, real=0.01 secs] 
318329.500: [GC (Allocation Failure) 318329.500: [ParNew: 426742K->6036K(471872K), 0.0113706 secs] 3399751K->2984178K(4141888K), 0.0115396 secs] [Times: user=0.08 sys=0.00, real=0.01 secs] 
318333.087: [GC (Allocation Failure) 318333.087: [ParNew: 425492K->4468K(471872K), 0.0080129 secs] 3403634K->2984299K(4141888K), 0.0081387 secs] [Times: user=0.06 sys=0.00, real=0.01 secs] 
318337.564: [GC (Allocation Failure) 318337.564: [ParNew: 423924K->4961K(471872K), 0.0079011 secs] 3403755K->2985628K(4141888K), 0.0080421 secs] [Times: user=0.06 sys=0.00, real=0.00 secs] 
318344.658: [GC (Allocation Failure) 318344.658: [ParNew: 424417K->3732K(471872K), 0.0118380 secs] 3405084K->2985222K(4141888K), 0.0119748 secs] [Times: user=0.08 sys=0.00, real=0.01 secs] 
318353.117: [GC (Allocation Failure) 318353.117: [ParNew: 423188K->5262K(471872K), 0.0086162 secs] 3404678K->2988662K(4141888K), 0.0087791 secs] [Times: user=0.06 sys=0.00, real=0.01 secs] 
318361.351: [GC (Allocation Failure) 318361.351: [ParNew: 424718K->3819K(471872K), 0.0103532 secs] 3408118K->2989628K(4141888K), 0.0104800 secs] [Times: user=0.06 sys=0.00, real=0.01 secs] 
318366.870: [GC (Allocation Failure) 318366.870: [ParNew: 423275K->3562K(471872K), 0.0211367 secs] 3409084K->2991077K(4141888K), 0.0212758 secs] [Times: user=0.16 sys=0.00, real=0.02 secs] 
318371.971: [GC (Allocation Failure) 318371.971: [ParNew: 423018K->4380K(471872K), 0.0099353 secs] 3410533K->2993162K(4141888K), 0.0101004 secs] [Times: user=0.07 sys=0.00, real=0.01 secs] 
318377.273: [GC (Allocation Failure) 318377.273: [ParNew: 423836K->5226K(471872K), 0.0096411 secs] 3412618K->2995509K(4141888K), 0.0097743 secs] [Times: user=0.06 sys=0.00, real=0.01 secs] 
318383.610: [GC (Allocation Failure) 318383.610: [ParNew: 424682K->5976K(471872K), 0.0122114 secs] 3414965K->2997576K(4141888K), 0.0123614 secs] [Times: user=0.09 sys=0.00, real=0.01 secs] 
318399.670: [GC (Allocation Failure) 318399.670: [ParNew: 425432K->4722K(471872K), 0.0094936 secs] 3417032K->3000289K(4141888K), 0.0096140 secs] [Times: user=0.07 sys=0.00, real=0.01 secs] 
318413.107: [GC (Allocation Failure) 318413.107: [ParNew: 424178K->5270K(471872K), 0.0096545 secs] 3419745K->3004138K(4141888K), 0.0097848 secs] [Times: user=0.07 sys=0.00, real=0.01 secs] 
318425.519: [GC (Allocation Failure) 318425.519: [ParNew: 424726K->6146K(471872K), 0.0092253 secs] 3423594K->3007597K(4141888K), 0.0093679 secs] [Times: user=0.07 sys=0.00, real=0.01 secs] 
318435.434: [GC (Allocation Failure) 318435.434: [ParNew: 425602K->5880K(471872K), 0.0117125 secs] 3427053K->3010062K(4141888K), 0.0118546 secs] [Times: user=0.08 sys=0.00, real=0.01 secs] 
318445.736: [GC (Allocation Failure) 318445.736: [ParNew: 425336K->6820K(471872K), 0.0125736 secs] 3429518K->3013677K(4141888K), 0.0127005 secs] [Times: user=0.08 sys=0.01, real=0.01 secs] 
318461.916: [GC (Allocation Failure) 318461.916: [ParNew: 426276K->5269K(471872K), 0.0126190 secs] 3433133K->3016902K(4141888K), 0.0127493 secs] [Times: user=0.09 sys=0.00, real=0.01 secs] 
318468.091: [GC (Allocation Failure) 318468.091: [ParNew: 424725K->6288K(471872K), 0.0115930 secs] 3436358K->3021342K(4141888K), 0.0117251 secs] [Times: user=0.08 sys=0.01, real=0.01 secs] 
318470.870: [GC (Allocation Failure) 318470.870: [ParNew: 424702K->19268K(471872K), 0.0082511 secs] 3439757K->3036060K(4141888K), 0.0083910 secs] [Times: user=0.06 sys=0.00, real=0.01 secs] 
318472.034: [GC (Allocation Failure) 318472.035: [ParNew: 437581K->9796K(471872K), 0.0072962 secs] 3454373K->3027220K(4141888K), 0.0074274 secs] [Times: user=0.05 sys=0.00, real=0.00 secs] 
318473.129: [GC (Allocation Failure) 318473.129: [ParNew: 429252K->17315K(471872K), 0.0088274 secs] 3446676K->3035271K(4141888K), 0.0089580 secs] [Times: user=0.06 sys=0.00, real=0.01 secs] 
318473.916: [GC (Allocation Failure) 318473.916: [ParNew: 436771K->12873K(471872K), 0.0117172 secs] 3454727K->3031170K(4141888K), 0.0118499 secs] [Times: user=0.08 sys=0.01, real=0.01 secs] 
318475.999: [GC (Allocation Failure) 318475.999: [ParNew: 432329K->16141K(471872K), 0.0091240 secs] 3450626K->3034669K(4141888K), 0.0092651 secs] [Times: user=0.06 sys=0.00, real=0.01 secs] 
318479.578: [GC (Allocation Failure) 318479.578: [ParNew: 435577K->9142K(471872K), 0.0068608 secs] 3454106K->3028107K(4141888K), 0.0069765 secs] [Times: user=0.05 sys=0.00, real=0.01 secs] 
318480.979: [GC (Allocation Failure) 318480.979: [ParNew: 428598K->15301K(471872K), 0.0096179 secs] 3447563K->3035040K(4141888K), 0.0097646 secs] [Times: user=0.07 sys=0.00, real=0.01 secs] 
318482.064: [GC (Allocation Failure) 318482.064: [ParNew: 433088K->22904K(471872K), 0.0078645 secs] 3452827K->3043356K(4141888K), 0.0080516 secs] [Times: user=0.06 sys=0.00, real=0.00 secs] 
318483.150: [GC (Allocation Failure) 318483.150: [ParNew: 442360K->16054K(471872K), 0.0075741 secs] 3462812K->3036946K(4141888K), 0.0076968 secs] [Times: user=0.06 sys=0.00, real=0.01 secs] 
318484.793: [GC (Allocation Failure) 318484.793: [ParNew: 435510K->4262K(471872K), 0.0081506 secs] 3456402K->3025515K(4141888K), 0.0082918 secs] [Times: user=0.06 sys=0.00, real=0.01 secs] 
318485.296: [GC (Allocation Failure) 318485.296: [ParNew: 423718K->2838K(471872K), 0.0058252 secs] 3444971K->3024944K(4141888K), 0.0059478 secs] [Times: user=0.04 sys=0.00, real=0.00 secs] 
318486.995: [GC (Allocation Failure) 318486.996: [ParNew: 422294K->10314K(471872K), 0.0103765 secs] 3444400K->3032605K(4141888K), 0.0105106 secs] [Times: user=0.08 sys=0.00, real=0.01 secs] 
318487.944: [GC (Allocation Failure) 318487.944: [ParNew: 429651K->5096K(471872K), 0.0069063 secs] 3451942K->3028123K(4141888K), 0.0070483 secs] [Times: user=0.05 sys=0.00, real=0.00 secs] 
318490.811: [GC (Allocation Failure) 318490.811: [ParNew: 423743K->22436K(471872K), 0.0085793 secs] 3446771K->3045721K(4141888K), 0.0087361 secs] [Times: user=0.06 sys=0.00, real=0.01 secs] 
318492.955: [GC (Allocation Failure) 318492.955: [ParNew: 441892K->8313K(471872K), 0.0106619 secs] 3465177K->3032314K(4141888K), 0.0108373 secs] [Times: user=0.07 sys=0.00, real=0.01 secs] 
318494.137: [GC (Allocation Failure) 318494.137: [ParNew: 427767K->20369K(471872K), 0.0085441 secs] 3451768K->3045200K(4141888K), 0.0086714 secs] [Times: user=0.06 sys=0.00, real=0.01 secs] 
318495.289: [GC (Allocation Failure) 318495.289: [ParNew: 439825K->22553K(471872K), 0.0104913 secs] 3464656K->3048414K(4141888K), 0.0106355 secs] [Times: user=0.08 sys=0.00, real=0.01 secs] 
318496.096: [GC (Allocation Failure) 318496.096: [ParNew: 442009K->21310K(471872K), 0.0072272 secs] 3467870K->3047451K(4141888K), 0.0073796 secs] [Times: user=0.05 sys=0.00, real=0.00 secs] 
318497.143: [GC (Allocation Failure) 318497.143: [ParNew: 440766K->19953K(471872K), 0.0082039 secs] 3466907K->3046609K(4141888K), 0.0083288 secs] [Times: user=0.06 sys=0.00, real=0.01 secs] 
318497.873: [GC (Allocation Failure) 318497.873: [ParNew: 439409K->19474K(471872K), 0.0079129 secs] 3466065K->3046491K(4141888K), 0.0080384 secs] [Times: user=0.05 sys=0.00, real=0.01 secs] 
318498.320: [GC (Allocation Failure) 318498.320: [ParNew: 438930K->6681K(471872K), 0.0056660 secs] 3465947K->3034454K(4141888K), 0.0057831 secs] [Times: user=0.04 sys=0.00, real=0.01 secs] 
318499.671: [GC (Allocation Failure) 318499.671: [ParNew: 426137K->16795K(471872K), 0.0082753 secs] 3453910K->3044731K(4141888K), 0.0083997 secs] [Times: user=0.06 sys=0.00, real=0.01 secs] 
318500.699: [GC (Allocation Failure) 318500.699: [ParNew: 436251K->7829K(471872K), 0.0063464 secs] 3464187K->3036093K(4141888K), 0.0064939 secs] [Times: user=0.04 sys=0.00, real=0.01 secs] 
318501.208: [GC (Allocation Failure) 318501.208: [ParNew: 427285K->4447K(471872K), 0.0089003 secs] 3455549K->3033274K(4141888K), 0.0090200 secs] [Times: user=0.06 sys=0.00, real=0.01 secs] 
318502.149: [GC (Allocation Failure) 318502.149: [ParNew: 423903K->14204K(471872K), 0.0106679 secs] 3452730K->3043126K(4141888K), 0.0108090 secs] [Times: user=0.07 sys=0.00, real=0.01 secs] 
318503.025: [GC (Allocation Failure) 318503.025: [ParNew: 433660K->15512K(471872K), 0.0098197 secs] 3462582K->3047288K(4141888K), 0.0100319 secs] [Times: user=0.07 sys=0.00, real=0.01 secs] 
318504.101: [GC (Allocation Failure) 318504.101: [ParNew: 434968K->13812K(471872K), 0.0081107 secs] 3466744K->3045861K(4141888K), 0.0082419 secs] [Times: user=0.07 sys=0.00, real=0.01 secs] 
318508.843: [GC (Allocation Failure) 318508.843: [ParNew: 433268K->6015K(471872K), 0.0068685 secs] 3465317K->3038434K(4141888K), 0.0070300 secs] [Times: user=0.05 sys=0.00, real=0.01 secs] 
318516.510: [GC (Allocation Failure) 318516.510: [ParNew: 425471K->3886K(471872K), 0.0087249 secs] 3457890K->3038989K(4141888K), 0.0088720 secs] [Times: user=0.07 sys=0.00, real=0.01 secs] 
318528.802: [GC (Allocation Failure) 318528.802: [ParNew: 423342K->4113K(471872K), 0.0095449 secs] 3458445K->3040996K(4141888K), 0.0096810 secs] [Times: user=0.07 sys=0.00, real=0.01 secs] 
318534.827: [GC (Allocation Failure) 318534.827: [ParNew: 423569K->4392K(471872K), 0.0125379 secs] 3460452K->3043714K(4141888K), 0.0126659 secs] [Times: user=0.06 sys=0.01, real=0.01 secs] 
318543.097: [GC (Allocation Failure) 318543.097: [ParNew: 423848K->4055K(471872K), 0.0110153 secs] 3463170K->3044738K(4141888K), 0.0111614 secs] [Times: user=0.06 sys=0.00, real=0.01 secs] 
318549.227: [GC (Allocation Failure) 318549.227: [ParNew: 423511K->3631K(471872K), 0.0081404 secs] 3464194K->3046212K(4141888K), 0.0082799 secs] [Times: user=0.06 sys=0.00, real=0.01 secs] 
318555.918: [GC (Allocation Failure) 318555.918: [ParNew: 423087K->4835K(471872K), 0.0074010 secs] 3465668K->3048725K(4141888K), 0.0076000 secs] [Times: user=0.06 sys=0.00, real=0.01 secs] 
318563.121: [GC (Allocation Failure) 318563.121: [ParNew: 424291K->6797K(471872K), 0.0086866 secs] 3468181K->3052857K(4141888K), 0.0088280 secs] [Times: user=0.07 sys=0.00, real=0.01 secs] 
318567.697: [GC (Allocation Failure) 318567.697: [ParNew: 426253K->4237K(471872K), 0.0112543 secs] 3472313K->3054688K(4141888K), 0.0114051 secs] [Times: user=0.08 sys=0.00, real=0.01 secs] 
318573.066: [GC (Allocation Failure) 318573.066: [ParNew: 423693K->3438K(471872K), 0.0078048 secs] 3474144K->3054938K(4141888K), 0.0079303 secs] [Times: user=0.06 sys=0.00, real=0.01 secs] 
318577.560: [GC (Allocation Failure) 318577.560: [ParNew: 422894K->4855K(471872K), 0.0098649 secs] 3474394K->3057524K(4141888K), 0.0100301 secs] [Times: user=0.06 sys=0.00, real=0.01 secs] 
318580.925: [GC (Allocation Failure) 318580.925: [ParNew: 424311K->3524K(471872K), 0.0083509 secs] 3476980K->3057570K(4141888K), 0.0084887 secs] [Times: user=0.05 sys=0.01, real=0.01 secs] 
318585.568: [GC (Allocation Failure) 318585.568: [ParNew: 422980K->4956K(471872K), 0.0068996 secs] 3477026K->3059875K(4141888K), 0.0070577 secs] [Times: user=0.05 sys=0.00, real=0.01 secs] 
318587.956: [GC (Allocation Failure) 318587.957: [ParNew: 424412K->2507K(471872K), 0.0073317 secs] 3479331K->3058543K(4141888K), 0.0074431 secs] [Times: user=0.05 sys=0.00, real=0.01 secs] 
318592.552: [GC (Allocation Failure) 318592.552: [ParNew: 421963K->4864K(471872K), 0.0071677 secs] 3477999K->3061488K(4141888K), 0.0072823 secs] [Times: user=0.05 sys=0.00, real=0.01 secs] 
318595.622: [GC (Allocation Failure) 318595.622: [ParNew: 424320K->4761K(471872K), 0.0088143 secs] 3480944K->3062508K(4141888K), 0.0089658 secs] [Times: user=0.06 sys=0.00, real=0.01 secs] 
318598.689: [GC (Allocation Failure) 318598.689: [ParNew: 424217K->3030K(471872K), 0.0075591 secs] 3481964K->3061728K(4141888K), 0.0076901 secs] [Times: user=0.06 sys=0.00, real=0.01 secs] 
318601.928: [GC (Allocation Failure) 318601.928: [ParNew: 422486K->2169K(471872K), 0.0066052 secs] 3481184K->3061457K(4141888K), 0.0067461 secs] [Times: user=0.05 sys=0.00, real=0.01 secs] 
318604.589: [GC (Allocation Failure) 318604.589: [ParNew: 421625K->4979K(471872K), 0.0080472 secs] 3480913K->3064975K(4141888K), 0.0081920 secs] [Times: user=0.06 sys=0.00, real=0.01 secs] 
318606.706: [GC (Allocation Failure) 318606.706: [ParNew: 424435K->6997K(471872K), 0.0073038 secs] 3484431K->3067703K(4141888K), 0.0074552 secs] [Times: user=0.05 sys=0.00, real=0.00 secs] 
318608.868: [GC (Allocation Failure) 318608.868: [ParNew: 426453K->2946K(471872K), 0.0071174 secs] 3487159K->3064163K(4141888K), 0.0072269 secs] [Times: user=0.05 sys=0.00, real=0.01 secs] 
318612.721: [GC (Allocation Failure) 318612.721: [ParNew: 422065K->5398K(471872K), 0.0068133 secs] 3483282K->3067286K(4141888K), 0.0069483 secs] [Times: user=0.05 sys=0.00, real=0.01 secs] 
318615.864: [GC (Allocation Failure) 318615.864: [ParNew: 424854K->3555K(471872K), 0.0084420 secs] 3486742K->3066128K(4141888K), 0.0085821 secs] [Times: user=0.06 sys=0.00, real=0.00 secs] 
318618.908: [GC (Allocation Failure) 318618.908: [ParNew: 423011K->3525K(471872K), 0.0090434 secs] 3485584K->3067041K(4141888K), 0.0091833 secs] [Times: user=0.07 sys=0.00, real=0.01 secs] 
318620.640: [GC (Allocation Failure) 318620.640: [ParNew: 422981K->7076K(471872K), 0.0070443 secs] 3486497K->3071413K(4141888K), 0.0071841 secs] [Times: user=0.05 sys=0.00, real=0.01 secs] 
318622.890: [GC (Allocation Failure) 318622.890: [ParNew: 426532K->19832K(471872K), 0.0076239 secs] 3490869K->3084639K(4141888K), 0.0077618 secs] [Times: user=0.06 sys=0.00, real=0.01 secs] 
318624.917: [GC (Allocation Failure) 318624.917: [ParNew: 439288K->34793K(471872K), 0.0140066 secs] 3504095K->3100781K(4141888K), 0.0141445 secs] [Times: user=0.11 sys=0.00, real=0.01 secs] 
318626.201: [GC (Allocation Failure) 318626.201: [ParNew: 454249K->27871K(471872K), 0.0088311 secs] 3520237K->3096976K(4141888K), 0.0089730 secs] [Times: user=0.06 sys=0.00, real=0.01 secs] 
318626.770: [GC (Allocation Failure) 318626.770: [ParNew: 447327K->8606K(471872K), 0.0067439 secs] 3516432K->3084405K(4141888K), 0.0068604 secs] [Times: user=0.05 sys=0.00, real=0.01 secs] 
318627.201: [GC (Allocation Failure) 318627.201: [ParNew: 428062K->5074K(471872K), 0.0060742 secs] 3503861K->3081272K(4141888K), 0.0061918 secs] [Times: user=0.05 sys=0.00, real=0.01 secs] 
318627.885: [GC (Allocation Failure) 318627.885: [ParNew: 424530K->4105K(471872K), 0.0061769 secs] 3500728K->3082211K(4141888K), 0.0063045 secs] [Times: user=0.04 sys=0.00, real=0.00 secs] 
318628.610: [GC (Allocation Failure) 318628.610: [ParNew: 423561K->5689K(471872K), 0.0098053 secs] 3501667K->3084393K(4141888K), 0.0099263 secs] [Times: user=0.08 sys=0.00, real=0.01 secs] 
318628.990: [GC (Allocation Failure) 318628.990: [ParNew: 425145K->10774K(471872K), 0.0061827 secs] 3503849K->3089899K(4141888K), 0.0062977 secs] [Times: user=0.04 sys=0.00, real=0.01 secs] 
318629.371: [GC (Allocation Failure) 318629.371: [ParNew: 430230K->5885K(471872K), 0.0093765 secs] 3509355K->3090640K(4141888K), 0.0094959 secs] [Times: user=0.05 sys=0.00, real=0.01 secs] 
318629.910: [GC (Allocation Failure) 318629.910: [ParNew: 425228K->5061K(471872K), 0.0056598 secs] 3509983K->3089958K(4141888K), 0.0057771 secs] [Times: user=0.04 sys=0.00, real=0.01 secs] 
318631.983: [GC (Allocation Failure) 318631.983: [ParNew: 424517K->17143K(471872K), 0.0063177 secs] 3509414K->3102310K(4141888K), 0.0064464 secs] [Times: user=0.05 sys=0.00, real=0.01 secs] 
318633.094: [GC (Allocation Failure) 318633.094: [ParNew: 436599K->16890K(471872K), 0.0074205 secs] 3521766K->3102632K(4141888K), 0.0075381 secs] [Times: user=0.05 sys=0.00, real=0.00 secs] 
318634.153: [GC (Allocation Failure) 318634.153: [ParNew: 436346K->13906K(471872K), 0.0087136 secs] 3522088K->3099993K(4141888K), 0.0088551 secs] [Times: user=0.07 sys=0.00, real=0.01 secs] 
318636.884: [GC (Allocation Failure) 318636.884: [ParNew: 433362K->21229K(471872K), 0.0084572 secs] 3519449K->3107564K(4141888K), 0.0085818 secs] [Times: user=0.06 sys=0.00, real=0.00 secs] 
318637.325: [GC (Allocation Failure) 318637.325: [ParNew: 440685K->27053K(471872K), 0.0087605 secs] 3527020K->3114078K(4141888K), 0.0089050 secs] [Times: user=0.07 sys=0.00, real=0.01 secs] 
318639.776: [GC (Allocation Failure) 318639.776: [ParNew: 446509K->17286K(471872K), 0.0069640 secs] 3533534K->3104514K(4141888K), 0.0071083 secs] [Times: user=0.05 sys=0.00, real=0.00 secs] 
318640.243: [GC (Allocation Failure) 318640.243: [ParNew: 435732K->19083K(471872K), 0.0073240 secs] 3522960K->3107359K(4141888K), 0.0074444 secs] [Times: user=0.05 sys=0.00, real=0.01 secs] 
318641.109: [GC (Allocation Failure) 318641.109: [ParNew: 438539K->7915K(471872K), 0.0060089 secs] 3526815K->3096345K(4141888K), 0.0061442 secs] [Times: user=0.04 sys=0.01, real=0.01 secs] 
318642.241: [GC (Allocation Failure) 318642.241: [ParNew: 427371K->6194K(471872K), 0.0060696 secs] 3515801K->3094956K(4141888K), 0.0061791 secs] [Times: user=0.05 sys=0.00, real=0.01 secs] 
318643.374: [GC (Allocation Failure) 318643.374: [ParNew: 425650K->11279K(471872K), 0.0093121 secs] 3514412K->3100476K(4141888K), 0.0094887 secs] [Times: user=0.07 sys=0.00, real=0.00 secs] 
318646.899: [GC (Allocation Failure) 318646.899: [ParNew: 430735K->15379K(471872K), 0.0080885 secs] 3519932K->3105180K(4141888K), 0.0082286 secs] [Times: user=0.06 sys=0.00, real=0.01 secs] 
318648.173: [GC (Allocation Failure) 318648.173: [ParNew: 434835K->14211K(471872K), 0.0079269 secs] 3524636K->3105087K(4141888K), 0.0080649 secs] [Times: user=0.06 sys=0.00, real=0.01 secs] 
318650.332: [GC (Allocation Failure) 318650.332: [ParNew: 433667K->4668K(471872K), 0.0061268 secs] 3524543K->3095832K(4141888K), 0.0062394 secs] [Times: user=0.04 sys=0.00, real=0.01 secs] 
318653.106: [GC (Allocation Failure) 318653.106: [ParNew: 424124K->3339K(471872K), 0.0069149 secs] 3515288K->3095237K(4141888K), 0.0070218 secs] [Times: user=0.05 sys=0.00, real=0.00 secs] 
318655.882: [GC (Allocation Failure) 318655.882: [ParNew: 422795K->6598K(471872K), 0.0077790 secs] 3514693K->3099306K(4141888K), 0.0079303 secs] [Times: user=0.05 sys=0.00, real=0.01 secs] 
318657.013: [GC (Allocation Failure) 318657.013: [ParNew: 426054K->15508K(471872K), 0.0074590 secs] 3518762K->3109161K(4141888K), 0.0076048 secs] [Times: user=0.05 sys=0.00, real=0.01 secs] 
318658.162: [GC (Allocation Failure) 318658.162: [ParNew: 434964K->10449K(471872K), 0.0081761 secs] 3528617K->3104409K(4141888K), 0.0082778 secs] [Times: user=0.05 sys=0.00, real=0.01 secs] 
318659.904: [GC (Allocation Failure) 318659.904: [ParNew: 429905K->15719K(471872K), 0.0121162 secs] 3523865K->3110157K(4141888K), 0.0122930 secs] [Times: user=0.08 sys=0.00, real=0.01 secs] 
318661.033: [GC (Allocation Failure) 318661.033: [ParNew: 435175K->18461K(471872K), 0.0103277 secs] 3529613K->3113329K(4141888K), 0.0104613 secs] [Times: user=0.07 sys=0.00, real=0.01 secs] 
318663.697: [GC (Allocation Failure) 318663.697: [ParNew: 437917K->7888K(471872K), 0.0087822 secs] 3532785K->3103024K(4141888K), 0.0089230 secs] [Times: user=0.07 sys=0.00, real=0.01 secs] 
318668.242: [GC (Allocation Failure) 318668.242: [ParNew: 427230K->3212K(471872K), 0.0073833 secs] 3522366K->3100782K(4141888K), 0.0075260 secs] [Times: user=0.05 sys=0.00, real=0.01 secs] 
318673.129: [GC (Allocation Failure) 318673.129: [ParNew: 422668K->3336K(471872K), 0.0079182 secs] 3520238K->3102195K(4141888K), 0.0080449 secs] [Times: user=0.06 sys=0.00, real=0.01 secs] 
318683.071: [GC (Allocation Failure) 318683.071: [ParNew: 422792K->5180K(471872K), 0.0103165 secs] 3521651K->3105399K(4141888K), 0.0104253 secs] [Times: user=0.06 sys=0.00, real=0.01 secs] 
318691.770: [GC (Allocation Failure) 318691.770: [ParNew: 424636K->7803K(471872K), 0.0117196 secs] 3524855K->3111214K(4141888K), 0.0118364 secs] [Times: user=0.07 sys=0.00, real=0.01 secs] 
318700.639: [GC (Allocation Failure) 318700.640: [ParNew: 427259K->5279K(471872K), 0.0105879 secs] 3530670K->3113696K(4141888K), 0.0107094 secs] [Times: user=0.08 sys=0.01, real=0.01 secs] 
318706.946: [GC (Allocation Failure) 318706.946: [ParNew: 424735K->4390K(471872K), 0.0090708 secs] 3533152K->3115450K(4141888K), 0.0091952 secs] [Times: user=0.07 sys=0.00, real=0.01 secs] 
318713.093: [GC (Allocation Failure) 318713.093: [ParNew: 423846K->2679K(471872K), 0.0085686 secs] 3534906K->3115250K(4141888K), 0.0086896 secs] [Times: user=0.06 sys=0.01, real=0.01 secs] 
318719.251: [GC (Allocation Failure) 318719.251: [ParNew: 422135K->2989K(471872K), 0.0072752 secs] 3534706K->3116775K(4141888K), 0.0074024 secs] [Times: user=0.05 sys=0.00, real=0.01 secs] 
318723.079: [GC (Allocation Failure) 318723.079: [ParNew: 422445K->2270K(471872K), 0.0073999 secs] 3536231K->3117428K(4141888K), 0.0075234 secs] [Times: user=0.05 sys=0.00, real=0.01 secs] 
318727.810: [GC (Allocation Failure) 318727.810: [ParNew: 421726K->2522K(471872K), 0.0078405 secs] 3536884K->3118547K(4141888K), 0.0079885 secs] [Times: user=0.06 sys=0.00, real=0.01 secs] 
318733.456: [GC (Allocation Failure) 318733.456: [ParNew: 421977K->3377K(471872K), 0.0074425 secs] 3538002K->3120411K(4141888K), 0.0075601 secs] [Times: user=0.05 sys=0.00, real=0.00 secs] 
318741.560: [GC (Allocation Failure) 318741.560: [ParNew: 422833K->5053K(471872K), 0.0084612 secs] 3539867K->3123419K(4141888K), 0.0085893 secs] [Times: user=0.06 sys=0.00, real=0.01 secs] 
318746.048: [GC (Allocation Failure) 318746.049: [ParNew: 424509K->3536K(471872K), 0.0084552 secs] 3542875K->3123947K(4141888K), 0.0086209 secs] [Times: user=0.06 sys=0.00, real=0.01 secs] 
318751.560: [GC (Allocation Failure) 318751.560: [ParNew: 422992K->5757K(471872K), 0.0085211 secs] 3543403K->3127579K(4141888K), 0.0086669 secs] [Times: user=0.06 sys=0.00, real=0.01 secs] 
318755.485: [GC (Allocation Failure) 318755.485: [ParNew: 425213K->2608K(471872K), 0.0082562 secs] 3547035K->3128122K(4141888K), 0.0083752 secs] [Times: user=0.05 sys=0.00, real=0.00 secs] 
318765.331: [GC (Allocation Failure) 318765.331: [ParNew: 422064K->3171K(471872K), 0.0078311 secs] 3547578K->3129580K(4141888K), 0.0079475 secs] [Times: user=0.05 sys=0.00, real=0.01 secs] 
318780.740: [GC (Allocation Failure) 318780.740: [ParNew: 422627K->4707K(471872K), 0.0106151 secs] 3549036K->3133258K(4141888K), 0.0107606 secs] [Times: user=0.08 sys=0.00, real=0.01 secs] 
318791.688: [GC (Allocation Failure) 318791.688: [ParNew: 424163K->6060K(471872K), 0.0086308 secs] 3552714K->3137734K(4141888K), 0.0087569 secs] [Times: user=0.06 sys=0.00, real=0.01 secs] 
318798.926: [GC (Allocation Failure) 318798.926: [ParNew: 425516K->4847K(471872K), 0.0088310 secs] 3557190K->3138732K(4141888K), 0.0089501 secs] [Times: user=0.07 sys=0.00, real=0.01 secs] 
318808.549: [GC (Allocation Failure) 318808.549: [ParNew: 422338K->25315K(471872K), 0.0113517 secs] 3556223K->3161376K(4141888K), 0.0115190 secs] [Times: user=0.09 sys=0.00, real=0.01 secs] 
318821.827: [GC (Allocation Failure) 318821.827: [ParNew: 444771K->8647K(471872K), 0.0091290 secs] 3580832K->3146871K(4141888K), 0.0092571 secs] [Times: user=0.06 sys=0.00, real=0.01 secs] 
318833.579: [GC (Allocation Failure) 318833.579: [ParNew: 428103K->4215K(471872K), 0.0100867 secs] 3566327K->3147446K(4141888K), 0.0102076 secs] [Times: user=0.07 sys=0.00, real=0.01 secs] 
318839.386: [GC (Allocation Failure) 318839.386: [ParNew: 423671K->19870K(471872K), 0.0094514 secs] 3566902K->3165425K(4141888K), 0.0095777 secs] [Times: user=0.07 sys=0.00, real=0.01 secs] 
318840.321: [GC (Allocation Failure) 318840.321: [ParNew: 439326K->22876K(471872K), 0.0083643 secs] 3584881K->3169927K(4141888K), 0.0085190 secs] [Times: user=0.06 sys=0.01, real=0.01 secs] 
318847.627: [GC (Allocation Failure) 318847.627: [ParNew: 442332K->5776K(471872K), 0.0086474 secs] 3589383K->3153037K(4141888K), 0.0087759 secs] [Times: user=0.06 sys=0.00, real=0.01 secs] 
318856.322: [GC (Allocation Failure) 318856.322: [ParNew: 425232K->7560K(471872K), 0.0084371 secs] 3572493K->3157866K(4141888K), 0.0085809 secs] [Times: user=0.07 sys=0.00, real=0.01 secs] 
318863.179: [GC (Allocation Failure) 318863.179: [ParNew: 427016K->4535K(471872K), 0.0092646 secs] 3577322K->3157070K(4141888K), 0.0093860 secs] [Times: user=0.06 sys=0.00, real=0.01 secs] 
318869.115: [GC (Allocation Failure) 318869.115: [ParNew: 423991K->4102K(471872K), 0.0170343 secs] 3576526K->3158374K(4141888K), 0.0171472 secs] [Times: user=0.11 sys=0.00, real=0.01 secs] 
318873.018: [GC (Allocation Failure) 318873.018: [ParNew: 423558K->5676K(471872K), 0.0070076 secs] 3577830K->3161524K(4141888K), 0.0071076 secs] [Times: user=0.05 sys=0.00, real=0.01 secs] 
318882.128: [GC (Allocation Failure) 318882.128: [ParNew: 425026K->4842K(471872K), 0.0109103 secs] 3580874K->3164077K(4141888K), 0.0110565 secs] [Times: user=0.07 sys=0.00, real=0.01 secs] 
318886.389: [GC (Allocation Failure) 318886.389: [ParNew: 424298K->2634K(471872K), 0.0079709 secs] 3583533K->3163715K(4141888K), 0.0081415 secs] [Times: user=0.05 sys=0.00, real=0.01 secs] 
318892.312: [GC (Allocation Failure) 318892.312: [ParNew: 422090K->4709K(471872K), 0.0080125 secs] 3583171K->3166717K(4141888K), 0.0081329 secs] [Times: user=0.05 sys=0.00, real=0.01 secs] 
318897.291: [GC (Allocation Failure) 318897.291: [ParNew: 424165K->4575K(471872K), 0.0085848 secs] 3586173K->3168081K(4141888K), 0.0087583 secs] [Times: user=0.06 sys=0.00, real=0.01 secs] 
318903.980: [GC (Allocation Failure) 318903.980: [ParNew: 424031K->4006K(471872K), 0.0089175 secs] 3587537K->3168627K(4141888K), 0.0090662 secs] [Times: user=0.07 sys=0.01, real=0.01 secs] 
318913.124: [GC (Allocation Failure) 318913.124: [ParNew: 423462K->3661K(471872K), 0.0136570 secs] 3588083K->3169919K(4141888K), 0.0138183 secs] [Times: user=0.09 sys=0.00, real=0.01 secs] 
318923.154: [GC (Allocation Failure) 318923.154: [ParNew: 423117K->4251K(471872K), 0.0088282 secs] 3589375K->3172766K(4141888K), 0.0089615 secs] [Times: user=0.06 sys=0.01, real=0.00 secs] 
318933.100: [GC (Allocation Failure) 318933.100: [ParNew: 423707K->7418K(471872K), 0.0167888 secs] 3592222K->3178098K(4141888K), 0.0169229 secs] [Times: user=0.08 sys=0.00, real=0.02 secs] 
318944.906: [GC (Allocation Failure) 318944.906: [ParNew: 426874K->13836K(471872K), 0.0137945 secs] 3597554K->3189353K(4141888K), 0.0139553 secs] [Times: user=0.10 sys=0.00, real=0.01 secs] 
318952.853: [GC (Allocation Failure) 318952.853: [ParNew: 433292K->21023K(471872K), 0.0089297 secs] 3608809K->3198739K(4141888K), 0.0090591 secs] [Times: user=0.06 sys=0.00, real=0.01 secs] 
318954.046: [GC (Allocation Failure) 318954.046: [ParNew: 440479K->19593K(471872K), 0.0091910 secs] 3618195K->3199099K(4141888K), 0.0093250 secs] [Times: user=0.07 sys=0.00, real=0.01 secs] 
318954.600: [GC (Allocation Failure) 318954.600: [ParNew: 439049K->8887K(471872K), 0.0079268 secs] 3618555K->3191236K(4141888K), 0.0080633 secs] [Times: user=0.06 sys=0.00, real=0.01 secs] 
318955.063: [GC (Allocation Failure) 318955.063: [ParNew: 428343K->17412K(471872K), 0.0083892 secs] 3610692K->3203326K(4141888K), 0.0085298 secs] [Times: user=0.06 sys=0.00, real=0.01 secs] 
318955.354: [GC (Allocation Failure) 318955.354: [ParNew: 436868K->18005K(471872K), 0.0083769 secs] 3622782K->3204438K(4141888K), 0.0084978 secs] [Times: user=0.06 sys=0.00, real=0.00 secs] 
318955.838: [GC (Allocation Failure) 318955.838: [ParNew: 437461K->21627K(471872K), 0.0072363 secs] 3623894K->3208284K(4141888K), 0.0073535 secs] [Times: user=0.06 sys=0.00, real=0.01 secs] 
318956.333: [GC (Allocation Failure) 318956.333: [ParNew: 441083K->8184K(471872K), 0.0110578 secs] 3627740K->3195329K(4141888K), 0.0111841 secs] [Times: user=0.09 sys=0.00, real=0.02 secs] 
318957.137: [GC (Allocation Failure) 318957.137: [ParNew: 427640K->19419K(471872K), 0.0107990 secs] 3614785K->3207254K(4141888K), 0.0109372 secs] [Times: user=0.08 sys=0.00, real=0.01 secs] 
318957.507: [GC (Allocation Failure) 318957.507: [ParNew: 438875K->10522K(471872K), 0.0073705 secs] 3626710K->3198941K(4141888K), 0.0074908 secs] [Times: user=0.05 sys=0.00, real=0.01 secs] 
318958.142: [GC (Allocation Failure) 318958.142: [ParNew: 429978K->4403K(471872K), 0.0052446 secs] 3618397K->3192961K(4141888K), 0.0053787 secs] [Times: user=0.04 sys=0.00, real=0.01 secs] 
318960.876: [GC (Allocation Failure) 318960.876: [ParNew: 423859K->16077K(471872K), 0.0087673 secs] 3612417K->3204871K(4141888K), 0.0089213 secs] [Times: user=0.06 sys=0.01, real=0.01 secs] 
318962.900: [GC (Allocation Failure) 318962.900: [ParNew: 434062K->18860K(471872K), 0.0077151 secs] 3622856K->3208415K(4141888K), 0.0078425 secs] [Times: user=0.05 sys=0.00, real=0.01 secs] 
318963.974: [GC (Allocation Failure) 318963.975: [ParNew: 438316K->7835K(471872K), 0.0072011 secs] 3627871K->3198074K(4141888K), 0.0073195 secs] [Times: user=0.05 sys=0.01, real=0.00 secs] 
318965.163: [GC (Allocation Failure) 318965.163: [ParNew: 427291K->8304K(471872K), 0.0059168 secs] 3617530K->3199030K(4141888K), 0.0060260 secs] [Times: user=0.04 sys=0.00, real=0.01 secs] 
318966.106: [GC (Allocation Failure) 318966.106: [ParNew: 427760K->14202K(471872K), 0.0065417 secs] 3618486K->3205359K(4141888K), 0.0066854 secs] [Times: user=0.04 sys=0.00, real=0.00 secs] 
318967.349: [GC (Allocation Failure) 318967.349: [ParNew: 433658K->2673K(471872K), 0.0062799 secs] 3624815K->3194139K(4141888K), 0.0064293 secs] [Times: user=0.04 sys=0.00, real=0.01 secs] 
318970.245: [GC (Allocation Failure) 318970.245: [ParNew: 420921K->17809K(471872K), 0.0078738 secs] 3612388K->3209644K(4141888K), 0.0080147 secs] [Times: user=0.06 sys=0.00, real=0.00 secs] 
318972.828: [GC (Allocation Failure) 318972.828: [ParNew: 437265K->10483K(471872K), 0.0081743 secs] 3629100K->3203258K(4141888K), 0.0083015 secs] [Times: user=0.05 sys=0.00, real=0.01 secs] 
318974.962: [GC (Allocation Failure) 318974.962: [ParNew: 429939K->19663K(471872K), 0.0100190 secs] 3622714K->3213004K(4141888K), 0.0101872 secs] [Times: user=0.07 sys=0.00, real=0.01 secs] 
318977.148: [GC (Allocation Failure) 318977.148: [ParNew: 435986K->24027K(471872K), 0.0073328 secs] 3629327K->3218169K(4141888K), 0.0074555 secs] [Times: user=0.05 sys=0.00, real=0.01 secs] 
318978.082: [GC (Allocation Failure) 318978.082: [ParNew: 443483K->14967K(471872K), 0.0066725 secs] 3637625K->3209877K(4141888K), 0.0067876 secs] [Times: user=0.05 sys=0.00, real=0.01 secs] 
318979.268: [GC (Allocation Failure) 318979.268: [ParNew: 434423K->17612K(471872K), 0.0063013 secs] 3629333K->3213038K(4141888K), 0.0064260 secs] [Times: user=0.05 sys=0.00, real=0.01 secs] 
318980.200: [GC (Allocation Failure) 318980.200: [ParNew: 437068K->6996K(471872K), 0.0060020 secs] 3632494K->3202905K(4141888K), 0.0061157 secs] [Times: user=0.04 sys=0.00, real=0.01 secs] 
318982.174: [GC (Allocation Failure) 318982.174: [ParNew: 425497K->20903K(471872K), 0.0080577 secs] 3621407K->3217107K(4141888K), 0.0082011 secs] [Times: user=0.06 sys=0.00, real=0.01 secs] 
318983.822: [GC (Allocation Failure) 318983.822: [ParNew: 440359K->16592K(471872K), 0.0089106 secs] 3636563K->3213610K(4141888K), 0.0091013 secs] [Times: user=0.07 sys=0.00, real=0.01 secs] 
318984.268: [GC (Allocation Failure) 318984.268: [ParNew: 436048K->16156K(471872K), 0.0067917 secs] 3633066K->3214073K(4141888K), 0.0069278 secs] [Times: user=0.05 sys=0.00, real=0.01 secs] 
318985.227: [GC (Allocation Failure) 318985.227: [ParNew: 435612K->14043K(471872K), 0.0114637 secs] 3633529K->3212089K(4141888K), 0.0116077 secs] [Times: user=0.08 sys=0.00, real=0.01 secs] 
318986.850: [GC (Allocation Failure) 318986.850: [ParNew: 433499K->21353K(471872K), 0.0070694 secs] 3631545K->3219646K(4141888K), 0.0072061 secs] [Times: user=0.06 sys=0.00, real=0.01 secs] 
318987.810: [GC (Allocation Failure) 318987.810: [ParNew: 440809K->9679K(471872K), 0.0064261 secs] 3639102K->3208544K(4141888K), 0.0065450 secs] [Times: user=0.05 sys=0.00, real=0.01 secs] 
318988.343: [GC (Allocation Failure) 318988.343: [ParNew: 429135K->24100K(471872K), 0.0084702 secs] 3628000K->3223354K(4141888K), 0.0085887 secs] [Times: user=0.07 sys=0.01, real=0.01 secs] 
318989.256: [GC (Allocation Failure) 318989.256: [ParNew: 443122K->22313K(471872K), 0.0068552 secs] 3642376K->3221755K(4141888K), 0.0069836 secs] [Times: user=0.05 sys=0.00, real=0.00 secs] 
318991.971: [GC (Allocation Failure) 318991.971: [ParNew: 441769K->20551K(471872K), 0.0130118 secs] 3641211K->3220601K(4141888K), 0.0131421 secs] [Times: user=0.09 sys=0.00, real=0.02 secs] 
318993.185: [GC (Allocation Failure) 318993.185: [ParNew: 439481K->23487K(471872K), 0.0081860 secs] 3639532K->3224478K(4141888K), 0.0083064 secs] [Times: user=0.06 sys=0.00, real=0.00 secs] 
318994.188: [GC (Allocation Failure) 318994.188: [ParNew: 442943K->10932K(471872K), 0.0064295 secs] 3643934K->3212425K(4141888K), 0.0065475 secs] [Times: user=0.05 sys=0.00, real=0.01 secs] 
318995.189: [GC (Allocation Failure) 318995.189: [ParNew: 430388K->16600K(471872K), 0.0091565 secs] 3631881K->3220898K(4141888K), 0.0092826 secs] [Times: user=0.07 sys=0.00, real=0.01 secs] 
318996.269: [GC (Allocation Failure) 318996.269: [ParNew: 435187K->22135K(471872K), 0.0073142 secs] 3639485K->3226904K(4141888K), 0.0074947 secs] [Times: user=0.05 sys=0.00, real=0.01 secs] 
318998.965: [GC (Allocation Failure) 318998.965: [ParNew: 441591K->17290K(471872K), 0.0078691 secs] 3646360K->3222365K(4141888K), 0.0080081 secs] [Times: user=0.05 sys=0.00, real=0.00 secs] 
319000.882: [GC (Allocation Failure) 319000.882: [ParNew: 436746K->24980K(471872K), 0.0094573 secs] 3641821K->3231199K(4141888K), 0.0096159 secs] [Times: user=0.07 sys=0.00, real=0.01 secs] 
319007.546: [GC (Allocation Failure) 319007.546: [ParNew: 444436K->9856K(471872K), 0.0082692 secs] 3650655K->3216779K(4141888K), 0.0084012 secs] [Times: user=0.06 sys=0.00, real=0.01 secs] 
319019.528: [GC (Allocation Failure) 319019.528: [ParNew: 429312K->8154K(471872K), 0.0122801 secs] 3636235K->3218698K(4141888K), 0.0124203 secs] [Times: user=0.09 sys=0.00, real=0.01 secs] 
319023.101: [GC (Allocation Failure) 319023.102: [ParNew: 427610K->4708K(471872K), 0.0097798 secs] 3638154K->3218639K(4141888K), 0.0098976 secs] [Times: user=0.07 sys=0.00, real=0.01 secs] 
319026.609: [GC (Allocation Failure) 319026.609: [ParNew: 424164K->4421K(471872K), 0.0102171 secs] 3638095K->3219443K(4141888K), 0.0104288 secs] [Times: user=0.07 sys=0.00, real=0.01 secs] 
319030.553: [GC (Allocation Failure) 319030.553: [ParNew: 423877K->4624K(471872K), 0.0090439 secs] 3638899K->3220752K(4141888K), 0.0091699 secs] [Times: user=0.06 sys=0.00, real=0.01 secs] 
319033.006: [GC (Allocation Failure) 319033.006: [ParNew: 424080K->6632K(471872K), 0.0151681 secs] 3640208K->3224169K(4141888K), 0.0152834 secs] [Times: user=0.07 sys=0.00, real=0.01 secs] 
319035.598: [GC (Allocation Failure) 319035.598: [ParNew: 425887K->5575K(471872K), 0.0076626 secs] 3643424K->3223922K(4141888K), 0.0078096 secs] [Times: user=0.05 sys=0.00, real=0.01 secs] 
319039.580: [GC (Allocation Failure) 319039.580: [ParNew: 425031K->5948K(471872K), 0.0066511 secs] 3643378K->3225059K(4141888K), 0.0067666 secs] [Times: user=0.05 sys=0.00, real=0.01 secs] 
319043.050: [GC (Allocation Failure) 319043.050: [ParNew: 425404K->3846K(471872K), 0.0062454 secs] 3644515K->3224095K(4141888K), 0.0063556 secs] [Times: user=0.04 sys=0.00, real=0.01 secs] 
319046.507: [GC (Allocation Failure) 319046.507: [ParNew: 423302K->6830K(471872K), 0.0075607 secs] 3643551K->3228150K(4141888K), 0.0077515 secs] [Times: user=0.06 sys=0.00, real=0.01 secs] 
319048.821: [GC (Allocation Failure) 319048.821: [ParNew: 426286K->5074K(471872K), 0.0062733 secs] 3647606K->3227165K(4141888K), 0.0063975 secs] [Times: user=0.04 sys=0.01, real=0.01 secs] 
319052.584: [GC (Allocation Failure) 319052.585: [ParNew: 424530K->6531K(471872K), 0.0060765 secs] 3646621K->3229102K(4141888K), 0.0062344 secs] [Times: user=0.04 sys=0.00, real=0.00 secs] 
319054.656: [GC (Allocation Failure) 319054.656: [ParNew: 425987K->26738K(471872K), 0.0084858 secs] 3648558K->3250484K(4141888K), 0.0086066 secs] [Times: user=0.07 sys=0.00, real=0.01 secs] 
319057.660: [GC (Allocation Failure) 319057.660: [ParNew: 446194K->5449K(471872K), 0.0075124 secs] 3669940K->3232139K(4141888K), 0.0076394 secs] [Times: user=0.06 sys=0.00, real=0.01 secs] 
319060.839: [GC (Allocation Failure) 319060.839: [ParNew: 424885K->3808K(471872K), 0.0061745 secs] 3651575K->3231278K(4141888K), 0.0062827 secs] [Times: user=0.04 sys=0.00, real=0.01 secs] 
319064.631: [GC (Allocation Failure) 319064.631: [ParNew: 423264K->5371K(471872K), 0.0077799 secs] 3650734K->3233560K(4141888K), 0.0079156 secs] [Times: user=0.05 sys=0.00, real=0.01 secs] 
319066.874: [GC (Allocation Failure) 319066.874: [ParNew: 424827K->4576K(471872K), 0.0068323 secs] 3653016K->3233623K(4141888K), 0.0069593 secs] [Times: user=0.04 sys=0.00, real=0.00 secs] 
319070.625: [GC (Allocation Failure) 319070.625: [ParNew: 424032K->4623K(471872K), 0.0063222 secs] 3653079K->3234147K(4141888K), 0.0064367 secs] [Times: user=0.05 sys=0.00, real=0.00 secs] 
319073.554: [GC (Allocation Failure) 319073.554: [ParNew: 424079K->7231K(471872K), 0.0079867 secs] 3653603K->3237625K(4141888K), 0.0081392 secs] [Times: user=0.06 sys=0.00, real=0.00 secs] 
319076.693: [GC (Allocation Failure) 319076.693: [ParNew: 426687K->7609K(471872K), 0.0121272 secs] 3657081K->3238975K(4141888K), 0.0122923 secs] [Times: user=0.08 sys=0.00, real=0.02 secs] 
319082.922: [GC (Allocation Failure) 319082.922: [ParNew: 427065K->22876K(471872K), 0.0100510 secs] 3658431K->3254896K(4141888K), 0.0101933 secs] [Times: user=0.07 sys=0.00, real=0.01 secs] 
319084.921: [GC (Allocation Failure) 319084.921: [ParNew: 442332K->18599K(471872K), 0.0108995 secs] 3674352K->3252511K(4141888K), 0.0110202 secs] [Times: user=0.06 sys=0.00, real=0.01 secs] 
319090.918: [GC (Allocation Failure) 319090.919: [ParNew: 438055K->14438K(471872K), 0.0116845 secs] 3671967K->3248844K(4141888K), 0.0118543 secs] [Times: user=0.08 sys=0.00, real=0.01 secs] 
319093.835: [GC (Allocation Failure) 319093.835: [ParNew: 433894K->9687K(471872K), 0.0070354 secs] 3668300K->3245380K(4141888K), 0.0071487 secs] [Times: user=0.05 sys=0.00, real=0.00 secs] 
319095.067: [GC (Allocation Failure) 319095.067: [ParNew: 429143K->7267K(471872K), 0.0082564 secs] 3664836K->3243811K(4141888K), 0.0083784 secs] [Times: user=0.06 sys=0.00, real=0.01 secs] 
319096.926: [GC (Allocation Failure) 319096.926: [ParNew: 426723K->18837K(471872K), 0.0073427 secs] 3663267K->3255676K(4141888K), 0.0074598 secs] [Times: user=0.06 sys=0.00, real=0.00 secs] 
319098.085: [GC (Allocation Failure) 319098.085: [ParNew: 438293K->15035K(471872K), 0.0073677 secs] 3675132K->3252307K(4141888K), 0.0074780 secs] [Times: user=0.04 sys=0.00, real=0.00 secs] 
319099.780: [GC (Allocation Failure) 319099.780: [ParNew: 434491K->18757K(471872K), 0.0070414 secs] 3671763K->3256366K(4141888K), 0.0071529 secs] [Times: user=0.05 sys=0.00, real=0.01 secs] 
319101.981: [GC (Allocation Failure) 319101.981: [ParNew: 438213K->25344K(471872K), 0.0086462 secs] 3675822K->3263338K(4141888K), 0.0087781 secs] [Times: user=0.07 sys=0.00, real=0.01 secs] 
319103.112: [GC (Allocation Failure) 319103.112: [ParNew: 444800K->22654K(471872K), 0.0089114 secs] 3682794K->3261138K(4141888K), 0.0090464 secs] [Times: user=0.07 sys=0.00, real=0.01 secs] 
319104.057: [GC (Allocation Failure) 319104.057: [ParNew: 442110K->15049K(471872K), 0.0092918 secs] 3680594K->3253955K(4141888K), 0.0094442 secs] [Times: user=0.07 sys=0.00, real=0.01 secs] 
319105.057: [GC (Allocation Failure) 319105.057: [ParNew: 434077K->19132K(471872K), 0.0077624 secs] 3672984K->3258608K(4141888K), 0.0080127 secs] [Times: user=0.05 sys=0.01, real=0.01 secs] 
319105.983: [GC (Allocation Failure) 319105.983: [ParNew: 438588K->8236K(471872K), 0.0069700 secs] 3678064K->3248016K(4141888K), 0.0072016 secs] [Times: user=0.05 sys=0.00, real=0.01 secs] 
319106.509: [GC (Allocation Failure) 319106.509: [ParNew: 427692K->14389K(471872K), 0.0092643 secs] 3667472K->3254798K(4141888K), 0.0093943 secs] [Times: user=0.05 sys=0.00, real=0.01 secs] 
319109.815: [GC (Allocation Failure) 319109.816: [ParNew: 433430K->20020K(471872K), 0.0077964 secs] 3673840K->3260548K(4141888K), 0.0079849 secs] [Times: user=0.06 sys=0.00, real=0.00 secs] 
319111.105: [GC (Allocation Failure) 319111.105: [ParNew: 439476K->16803K(471872K), 0.0086580 secs] 3680004K->3258350K(4141888K), 0.0088406 secs] [Times: user=0.06 sys=0.00, real=0.01 secs] 
319113.100: [GC (Allocation Failure) 319113.100: [ParNew: 436259K->19029K(471872K), 0.0072390 secs] 3677806K->3261318K(4141888K), 0.0073639 secs] [Times: user=0.05 sys=0.00, real=0.01 secs] 
319114.027: [GC (Allocation Failure) 319114.027: [ParNew: 437923K->17244K(471872K), 0.0074499 secs] 3680212K->3260297K(4141888K), 0.0075609 secs] [Times: user=0.06 sys=0.00, real=0.01 secs] 
319115.217: [GC (Allocation Failure) 319115.217: [ParNew: 436700K->16725K(471872K), 0.0092976 secs] 3679753K->3260196K(4141888K), 0.0094401 secs] [Times: user=0.07 sys=0.00, real=0.01 secs] 
319117.018: [GC (Allocation Failure) 319117.018: [ParNew: 435314K->28572K(471872K), 0.0075795 secs] 3678785K->3272425K(4141888K), 0.0076967 secs] [Times: user=0.06 sys=0.00, real=0.01 secs] 
319118.040: [GC (Allocation Failure) 319118.040: [ParNew: 448028K->18654K(471872K), 0.0110057 secs] 3691881K->3265520K(4141888K), 0.0111195 secs] [Times: user=0.07 sys=0.00, real=0.01 secs] 
319118.487: [GC (Allocation Failure) 319118.487: [ParNew: 438110K->11965K(471872K), 0.0082403 secs] 3684976K->3261598K(4141888K), 0.0083547 secs] [Times: user=0.06 sys=0.01, real=0.01 secs] 
319118.996: [GC (Allocation Failure) 319118.996: [ParNew: 430250K->18809K(471872K), 0.0086203 secs] 3679882K->3271458K(4141888K), 0.0087530 secs] [Times: user=0.07 sys=0.00, real=0.01 secs] 
319119.483: [GC (Allocation Failure) 319119.483: [ParNew: 438265K->8391K(471872K), 0.0060827 secs] 3690914K->3261491K(4141888K), 0.0061914 secs] [Times: user=0.05 sys=0.00, real=0.01 secs] 
319120.119: [GC (Allocation Failure) 319120.120: [ParNew: 427847K->3910K(471872K), 0.0091625 secs] 3680947K->3259136K(4141888K), 0.0092904 secs] [Times: user=0.07 sys=0.00, real=0.01 secs] 
319121.137: [GC (Allocation Failure) 319121.137: [ParNew: 422672K->4557K(471872K), 0.0082636 secs] 3677898K->3260397K(4141888K), 0.0083801 secs] [Times: user=0.06 sys=0.00, real=0.01 secs] 
319121.763: [GC (Allocation Failure) 319121.763: [ParNew: 424013K->12803K(471872K), 0.0075709 secs] 3679853K->3269225K(4141888K), 0.0076918 secs] [Times: user=0.05 sys=0.00, real=0.01 secs] 
319122.176: [GC (Allocation Failure) 319122.176: [ParNew: 432028K->20786K(471872K), 0.0067439 secs] 3688449K->3277582K(4141888K), 0.0068767 secs] [Times: user=0.05 sys=0.00, real=0.00 secs] 
319122.875: [GC (Allocation Failure) 319122.875: [ParNew: 440242K->19011K(471872K), 0.0057841 secs] 3697038K->3276142K(4141888K), 0.0059009 secs] [Times: user=0.05 sys=0.00, real=0.00 secs] 
319123.369: [GC (Allocation Failure) 319123.369: [ParNew: 438467K->17041K(471872K), 0.0090754 secs] 3695598K->3274473K(4141888K), 0.0092009 secs] [Times: user=0.07 sys=0.00, real=0.01 secs] 
319125.683: [GC (Allocation Failure) 319125.683: [ParNew: 436497K->11383K(471872K), 0.0064352 secs] 3693929K->3269031K(4141888K), 0.0065627 secs] [Times: user=0.04 sys=0.00, real=0.01 secs] 
319126.353: [GC (Allocation Failure) 319126.353: [ParNew: 430839K->20941K(471872K), 0.0095007 secs] 3688487K->3279320K(4141888K), 0.0096203 secs] [Times: user=0.06 sys=0.00, real=0.01 secs] 
319127.653: [GC (Allocation Failure) 319127.654: [ParNew: 438981K->21216K(471872K), 0.0079269 secs] 3697361K->3279802K(4141888K), 0.0080357 secs] [Times: user=0.05 sys=0.00, real=0.01 secs] 
319136.721: [GC (Allocation Failure) 319136.721: [ParNew: 440672K->5742K(471872K), 0.0096304 secs] 3699258K->3264565K(4141888K), 0.0097544 secs] [Times: user=0.06 sys=0.00, real=0.01 secs] 
319153.052: [GC (Allocation Failure) 319153.052: [ParNew: 425193K->4652K(471872K), 0.0113861 secs] 3684017K->3267042K(4141888K), 0.0115154 secs] [Times: user=0.08 sys=0.00, real=0.01 secs] 
319163.108: [GC (Allocation Failure) 319163.108: [ParNew: 424108K->4970K(471872K), 0.0190925 secs] 3686498K->3270738K(4141888K), 0.0192115 secs] [Times: user=0.07 sys=0.00, real=0.02 secs] 
319173.066: [GC (Allocation Failure) 319173.066: [ParNew: 424426K->5010K(471872K), 0.0142379 secs] 3690194K->3272973K(4141888K), 0.0143735 secs] [Times: user=0.07 sys=0.00, real=0.01 secs] 
319183.083: [GC (Allocation Failure) 319183.083: [ParNew: 424466K->7086K(471872K), 0.0114737 secs] 3692429K->3277654K(4141888K), 0.0115925 secs] [Times: user=0.07 sys=0.00, real=0.02 secs] 
319193.342: [GC (Allocation Failure) 319193.342: [ParNew: 426542K->3553K(471872K), 0.0097675 secs] 3697110K->3278633K(4141888K), 0.0099229 secs] [Times: user=0.07 sys=0.00, real=0.01 secs] 
319198.979: [GC (Allocation Failure) 319198.979: [ParNew: 423009K->3560K(471872K), 0.0075532 secs] 3698089K->3280841K(4141888K), 0.0076773 secs] [Times: user=0.06 sys=0.00, real=0.01 secs] 
319203.076: [GC (Allocation Failure) 319203.076: [ParNew: 423016K->3617K(471872K), 0.0062359 secs] 3700297K->3282012K(4141888K), 0.0063551 secs] [Times: user=0.04 sys=0.00, real=0.00 secs] 
319208.016: [GC (Allocation Failure) 319208.016: [ParNew: 423073K->4101K(471872K), 0.0076324 secs] 3701468K->3283320K(4141888K), 0.0077794 secs] [Times: user=0.05 sys=0.00, real=0.01 secs] 
319210.647: [GC (Allocation Failure) 319210.647: [ParNew: 423557K->3043K(471872K), 0.0066115 secs] 3702776K->3283395K(4141888K), 0.0067288 secs] [Times: user=0.05 sys=0.00, real=0.01 secs] 
319212.471: [GC (Allocation Failure) 319212.471: [ParNew: 422499K->6780K(471872K), 0.0062477 secs] 3702851K->3287824K(4141888K), 0.0063746 secs] [Times: user=0.05 sys=0.00, real=0.01 secs] 
319215.237: [GC (Allocation Failure) 319215.237: [ParNew: 426236K->5918K(471872K), 0.0070683 secs] 3707280K->3287341K(4141888K), 0.0071988 secs] [Times: user=0.05 sys=0.00, real=0.01 secs] 
319218.621: [GC (Allocation Failure) 319218.621: [ParNew: 425374K->4174K(471872K), 0.0059756 secs] 3706797K->3286230K(4141888K), 0.0060990 secs] [Times: user=0.04 sys=0.00, real=0.01 secs] 
319220.440: [GC (Allocation Failure) 319220.441: [ParNew: 423370K->4697K(471872K), 0.0065540 secs] 3705427K->3287403K(4141888K), 0.0066860 secs] [Times: user=0.05 sys=0.00, real=0.01 secs] 
319223.123: [GC (Allocation Failure) 319223.123: [ParNew: 424153K->6764K(471872K), 0.0065687 secs] 3706859K->3289999K(4141888K), 0.0066861 secs] [Times: user=0.05 sys=0.00, real=0.01 secs] 
319224.601: [GC (Allocation Failure) 319224.601: [ParNew: 426220K->4487K(471872K), 0.0065216 secs] 3709455K->3288419K(4141888K), 0.0066467 secs] [Times: user=0.05 sys=0.00, real=0.01 secs] 
319227.201: [GC (Allocation Failure) 319227.202: [ParNew: 423943K->6611K(471872K), 0.0063748 secs] 3707875K->3290915K(4141888K), 0.0064911 secs] [Times: user=0.05 sys=0.01, real=0.01 secs] 
319228.434: [GC (Allocation Failure) 319228.434: [ParNew: 425870K->7180K(471872K), 0.0084683 secs] 3710174K->3292290K(4141888K), 0.0086074 secs] [Times: user=0.06 sys=0.00, real=0.01 secs] 
319230.613: [GC (Allocation Failure) 319230.614: [ParNew: 426636K->4566K(471872K), 0.0052934 secs] 3711746K->3290020K(4141888K), 0.0054140 secs] [Times: user=0.04 sys=0.00, real=0.01 secs] 
319233.633: [GC (Allocation Failure) 319233.633: [ParNew: 424022K->3378K(471872K), 0.0094456 secs] 3709476K->3289209K(4141888K), 0.0095717 secs] [Times: user=0.07 sys=0.00, real=0.01 secs] 
319239.142: [GC (Allocation Failure) 319239.142: [ParNew: 422834K->5716K(471872K), 0.0071324 secs] 3708665K->3292561K(4141888K), 0.0072620 secs] [Times: user=0.05 sys=0.00, real=0.01 secs] 
319242.151: [GC (Allocation Failure) 319242.151: [ParNew: 425172K->9759K(471872K), 0.0062414 secs] 3712017K->3298147K(4141888K), 0.0063519 secs] [Times: user=0.05 sys=0.00, real=0.01 secs] 
319244.107: [GC (Allocation Failure) 319244.107: [ParNew: 429215K->7174K(471872K), 0.0091150 secs] 3717603K->3298630K(4141888K), 0.0092247 secs] [Times: user=0.07 sys=0.00, real=0.01 secs] 
319246.885: [GC (Allocation Failure) 319246.885: [ParNew: 426630K->7331K(471872K), 0.0063996 secs] 3718086K->3299322K(4141888K), 0.0065072 secs] [Times: user=0.05 sys=0.00, real=0.00 secs] 
319248.448: [GC (Allocation Failure) 319248.448: [ParNew: 426787K->7594K(471872K), 0.0058264 secs] 3718778K->3300234K(4141888K), 0.0059600 secs] [Times: user=0.05 sys=0.00, real=0.01 secs] 
319250.349: [GC (Allocation Failure) 319250.349: [ParNew: 427050K->5991K(471872K), 0.0061387 secs] 3719690K->3298897K(4141888K), 0.0062603 secs] [Times: user=0.04 sys=0.00, real=0.01 secs] 
319253.119: [GC (Allocation Failure) 319253.119: [ParNew: 425447K->3500K(471872K), 0.0068768 secs] 3718353K->3296863K(4141888K), 0.0070190 secs] [Times: user=0.05 sys=0.00, real=0.01 secs] 
319255.155: [GC (Allocation Failure) 319255.156: [ParNew: 422956K->8261K(471872K), 0.0066029 secs] 3716319K->3302421K(4141888K), 0.0067094 secs] [Times: user=0.04 sys=0.01, real=0.00 secs] 
319257.305: [GC (Allocation Failure) 319257.305: [ParNew: 427136K->7204K(471872K), 0.0087310 secs] 3721296K->3301872K(4141888K), 0.0088735 secs] [Times: user=0.06 sys=0.00, real=0.01 secs] 
319260.472: [GC (Allocation Failure) 319260.472: [ParNew: 426660K->3481K(471872K), 0.0062512 secs] 3721328K->3298603K(4141888K), 0.0063882 secs] [Times: user=0.04 sys=0.00, real=0.01 secs] 
319264.195: [GC (Allocation Failure) 319264.195: [ParNew: 422889K->6783K(471872K), 0.0085739 secs] 3718011K->3302566K(4141888K), 0.0086911 secs] [Times: user=0.07 sys=0.00, real=0.01 secs] 
319266.512: [GC (Allocation Failure) 319266.512: [ParNew: 425771K->10539K(471872K), 0.0067451 secs] 3721553K->3307101K(4141888K), 0.0068670 secs] [Times: user=0.05 sys=0.00, real=0.01 secs] 
319269.675: [GC (Allocation Failure) 319269.675: [ParNew: 429995K->2952K(471872K), 0.0055040 secs] 3726557K->3299980K(4141888K), 0.0056218 secs] [Times: user=0.04 sys=0.00, real=0.00 secs] 
319273.092: [GC (Allocation Failure) 319273.092: [ParNew: 422408K->5339K(471872K), 0.0070880 secs] 3719436K->3303005K(4141888K), 0.0072208 secs] [Times: user=0.05 sys=0.00, real=0.01 secs] 
319281.628: [GC (Allocation Failure) 319281.628: [ParNew: 424795K->3636K(471872K), 0.0080711 secs] 3722461K->3302060K(4141888K), 0.0082116 secs] [Times: user=0.06 sys=0.00, real=0.01 secs] 
319287.655: [GC (Allocation Failure) 319287.655: [ParNew: 423092K->3036K(471872K), 0.0083857 secs] 3721516K->3304001K(4141888K), 0.0085180 secs] [Times: user=0.06 sys=0.00, real=0.00 secs] 
319293.098: [GC (Allocation Failure) 319293.098: [ParNew: 422492K->3443K(471872K), 0.0065962 secs] 3723457K->3306071K(4141888K), 0.0067116 secs] [Times: user=0.05 sys=0.00, real=0.01 secs] 
319303.068: [GC (Allocation Failure) 319303.068: [ParNew: 422899K->6846K(471872K), 0.0084515 secs] 3725527K->3310752K(4141888K), 0.0085662 secs] [Times: user=0.07 sys=0.00, real=0.01 secs] 
319311.233: [GC (Allocation Failure) 319311.233: [ParNew: 426302K->3762K(471872K), 0.0107641 secs] 3730208K->3312496K(4141888K), 0.0109040 secs] [Times: user=0.08 sys=0.00, real=0.01 secs] 
319317.978: [GC (Allocation Failure) 319317.978: [ParNew: 423218K->3395K(471872K), 0.0099702 secs] 3731952K->3313911K(4141888K), 0.0102080 secs] [Times: user=0.07 sys=0.00, real=0.01 secs] 
319323.139: [GC (Allocation Failure) 319323.139: [ParNew: 422851K->3041K(471872K), 0.0072305 secs] 3733367K->3315023K(4141888K), 0.0073637 secs] [Times: user=0.05 sys=0.00, real=0.01 secs] 
319333.058: [GC (Allocation Failure) 319333.058: [ParNew: 422497K->3533K(471872K), 0.0066332 secs] 3734479K->3316602K(4141888K), 0.0067368 secs] [Times: user=0.05 sys=0.00, real=0.01 secs] 
319343.123: [GC (Allocation Failure) 319343.123: [ParNew: 422989K->4063K(471872K), 0.0070674 secs] 3736058K->3319218K(4141888K), 0.0071712 secs] [Times: user=0.05 sys=0.00, real=0.01 secs] 
319353.055: [GC (Allocation Failure) 319353.055: [ParNew: 423519K->4982K(471872K), 0.0092937 secs] 3738674K->3322181K(4141888K), 0.0094155 secs] [Times: user=0.07 sys=0.00, real=0.01 secs] 
319362.577: [GC (Allocation Failure) 319362.577: [ParNew: 424438K->17928K(471872K), 0.0103994 secs] 3741637K->3337537K(4141888K), 0.0105304 secs] [Times: user=0.08 sys=0.00, real=0.01 secs] 
319373.138: [GC (Allocation Failure) 319373.138: [ParNew: 437384K->9245K(471872K), 0.0087554 secs] 3756993K->3333490K(4141888K), 0.0088673 secs] [Times: user=0.07 sys=0.00, real=0.01 secs] 
319389.038: [GC (Allocation Failure) 319389.038: [ParNew: 428701K->4883K(471872K), 0.0113612 secs] 3752946K->3331281K(4141888K), 0.0114951 secs] [Times: user=0.08 sys=0.00, real=0.01 secs] 
319403.051: [GC (Allocation Failure) 319403.051: [ParNew: 424339K->5578K(471872K), 0.0085102 secs] 3750737K->3334997K(4141888K), 0.0086456 secs] [Times: user=0.06 sys=0.00, real=0.01 secs] 
319410.775: [GC (Allocation Failure) 319410.775: [ParNew: 425034K->4280K(471872K), 0.0091721 secs] 3754453K->3337028K(4141888K), 0.0093130 secs] [Times: user=0.06 sys=0.00, real=0.01 secs] 
319418.391: [GC (Allocation Failure) 319418.391: [ParNew: 423736K->3377K(471872K), 0.0072623 secs] 3756484K->3338079K(4141888K), 0.0073753 secs] [Times: user=0.05 sys=0.00, real=0.01 secs] 
319425.408: [GC (Allocation Failure) 319425.408: [ParNew: 422833K->6138K(471872K), 0.0079375 secs] 3757535K->3342777K(4141888K), 0.0080554 secs] [Times: user=0.06 sys=0.01, real=0.01 secs] 
319433.064: [GC (Allocation Failure) 319433.064: [ParNew: 425594K->3272K(471872K), 0.0102147 secs] 3762233K->3344017K(4141888K), 0.0103322 secs] [Times: user=0.07 sys=0.00, real=0.01 secs] 
319441.507: [GC (Allocation Failure) 319441.507: [ParNew: 422728K->3552K(471872K), 0.0085988 secs] 3763473K->3345923K(4141888K), 0.0087839 secs] [Times: user=0.06 sys=0.00, real=0.01 secs] 
319447.403: [GC (Allocation Failure) 319447.403: [ParNew: 423008K->3804K(471872K), 0.0073990 secs] 3765379K->3348309K(4141888K), 0.0075177 secs] [Times: user=0.05 sys=0.00, real=0.01 secs] 
319462.539: [GC (Allocation Failure) 319462.539: [ParNew: 423260K->4945K(471872K), 0.0083780 secs] 3767765K->3350628K(4141888K), 0.0085295 secs] [Times: user=0.06 sys=0.00, real=0.01 secs] 
319470.857: [GC (Allocation Failure) 319470.857: [ParNew: 424401K->4402K(471872K), 0.0110382 secs] 3770084K->3353473K(4141888K), 0.0111759 secs] [Times: user=0.07 sys=0.00, real=0.01 secs] 
319477.724: [GC (Allocation Failure) 319477.724: [ParNew: 423858K->3785K(471872K), 0.0093907 secs] 3772929K->3354911K(4141888K), 0.0095153 secs] [Times: user=0.07 sys=0.00, real=0.00 secs] 
319484.600: [GC (Allocation Failure) 319484.600: [ParNew: 423241K->8644K(471872K), 0.0083838 secs] 3774367K->3361254K(4141888K), 0.0085217 secs] [Times: user=0.05 sys=0.00, real=0.01 secs] 
319494.500: [GC (Allocation Failure) 319494.500: [ParNew: 428100K->6448K(471872K), 0.0086729 secs] 3780710K->3361378K(4141888K), 0.0088187 secs] [Times: user=0.06 sys=0.00, real=0.01 secs] 
319508.976: [GC (Allocation Failure) 319508.976: [ParNew: 425904K->4676K(471872K), 0.0093880 secs] 3780834K->3364285K(4141888K), 0.0095093 secs] [Times: user=0.06 sys=0.00, real=0.01 secs] 
319523.106: [GC (Allocation Failure) 319523.106: [ParNew: 424132K->4831K(471872K), 0.0107578 secs] 3783741K->3367325K(4141888K), 0.0108702 secs] [Times: user=0.06 sys=0.00, real=0.01 secs] 
319531.447: [GC (Allocation Failure) 319531.447: [ParNew: 424115K->5999K(471872K), 0.0083421 secs] 3786608K->3371282K(4141888K), 0.0084856 secs] [Times: user=0.06 sys=0.00, real=0.01 secs] 
319537.819: [GC (Allocation Failure) 319537.819: [ParNew: 425455K->4773K(471872K), 0.0073641 secs] 3790738K->3371873K(4141888K), 0.0074781 secs] [Times: user=0.05 sys=0.00, real=0.01 secs] 
319546.555: [GC (Allocation Failure) 319546.555: [ParNew: 424229K->21526K(471872K), 0.0084540 secs] 3791329K->3390334K(4141888K), 0.0085726 secs] [Times: user=0.07 sys=0.00, real=0.00 secs] 
319558.659: [GC (Allocation Failure) 319558.659: [ParNew: 440982K->7073K(471872K), 0.0085395 secs] 3809790K->3378232K(4141888K), 0.0086590 secs] [Times: user=0.06 sys=0.01, real=0.01 secs] 
319573.090: [GC (Allocation Failure) 319573.090: [ParNew: 426529K->4448K(471872K), 0.0115120 secs] 3797688K->3380489K(4141888K), 0.0116402 secs] [Times: user=0.08 sys=0.00, real=0.01 secs] 
319585.002: [GC (Allocation Failure) 319585.002: [ParNew: 423904K->5012K(471872K), 0.0090803 secs] 3799945K->3383798K(4141888K), 0.0092069 secs] [Times: user=0.06 sys=0.00, real=0.01 secs] 
319585.012: [GC (CMS Initial Mark) [1 CMS-initial-mark: 3378785K(3670016K)] 3384270K(4141888K), 0.0009753 secs] [Times: user=0.00 sys=0.00, real=0.00 secs] 
319585.013: [CMS-concurrent-mark-start]
319585.229: [CMS-concurrent-mark: 0.216/0.216 secs] [Times: user=0.45 sys=0.00, real=0.22 secs] 
319585.229: [CMS-concurrent-preclean-start]
319585.236: [CMS-concurrent-preclean: 0.007/0.007 secs] [Times: user=0.01 sys=0.00, real=0.01 secs] 
319585.236: [CMS-concurrent-abortable-preclean-start]
 CMS: abort preclean due to time 319590.242: [CMS-concurrent-abortable-preclean: 1.397/5.005 secs] [Times: user=2.18 sys=0.08, real=5.00 secs] 
319590.242: [GC (CMS Final Remark) [YG occupancy: 198231 K (471872 K)]319590.242: [Rescan (parallel) , 0.0216595 secs]319590.264: [weak refs processing, 0.0027228 secs]319590.267: [class unloading, 0.0337950 secs]319590.300: [scrub symbol table, 0.0126371 secs]319590.313: [scrub string table, 0.0014018 secs][1 CMS-remark: 3378785K(3670016K)] 3577016K(4141888K), 0.0887318 secs] [Times: user=0.23 sys=0.01, real=0.09 secs] 
319590.332: [CMS-concurrent-sweep-start]
319591.221: [CMS-concurrent-sweep: 0.889/0.889 secs] [Times: user=1.07 sys=0.01, real=0.89 secs] 
319591.221: [CMS-concurrent-reset-start]
319591.230: [CMS-concurrent-reset: 0.009/0.009 secs] [Times: user=0.01 sys=0.00, real=0.01 secs] 
319593.128: [GC (Allocation Failure) 319593.128: [ParNew: 424468K->4564K(471872K), 0.0078704 secs] 1613357K->1195859K(4141888K), 0.0080072 secs] [Times: user=0.06 sys=0.00, real=0.01 secs] 
319602.585: [GC (Allocation Failure) 319602.585: [ParNew: 424020K->4098K(471872K), 0.0070088 secs] 1615315K->1196989K(4141888K), 0.0071477 secs] [Times: user=0.05 sys=0.00, real=0.00 secs] 
319611.172: [GC (Allocation Failure) 319611.172: [ParNew: 423554K->5797K(471872K), 0.0090474 secs] 1616445K->1201046K(4141888K), 0.0091750 secs] [Times: user=0.06 sys=0.00, real=0.01 secs] 
319614.232: [GC (Allocation Failure) 319614.232: [ParNew: 425163K->10003K(471872K), 0.0080067 secs] 1620413K->1209700K(4141888K), 0.0081347 secs] [Times: user=0.06 sys=0.00, real=0.01 secs] 
319614.888: [GC (Allocation Failure) 319614.888: [ParNew: 429459K->5154K(471872K), 0.0082956 secs] 1629156K->1211472K(4141888K), 0.0084134 secs] [Times: user=0.05 sys=0.00, real=0.01 secs] 
319615.526: [GC (Allocation Failure) 319615.526: [ParNew: 424610K->4057K(471872K), 0.0057167 secs] 1630928K->1210847K(4141888K), 0.0058169 secs] [Times: user=0.04 sys=0.00, real=0.00 secs] 
319616.289: [GC (Allocation Failure) 319616.289: [ParNew: 423513K->5690K(471872K), 0.0106141 secs] 1630303K->1213064K(4141888K), 0.0107296 secs] [Times: user=0.07 sys=0.00, real=0.01 secs] 
319616.300: [GC (GCLocker Initiated GC) 319616.300: [ParNew: 5796K->953K(471872K), 0.0063882 secs] 1213170K->1212578K(4141888K), 0.0064728 secs] [Times: user=0.03 sys=0.01, real=0.01 secs] 
319616.856: [GC (Allocation Failure) 319616.856: [ParNew: 420023K->4799K(471872K), 0.0052836 secs] 1631648K->1216425K(4141888K), 0.0053965 secs] [Times: user=0.04 sys=0.00, real=0.00 secs] 
319626.477: [GC (Allocation Failure) 319626.477: [ParNew: 424255K->4732K(471872K), 0.0067226 secs] 1635881K->1218648K(4141888K), 0.0068458 secs] [Times: user=0.05 sys=0.00, real=0.01 secs] 
319638.575: [GC (Allocation Failure) 319638.575: [ParNew: 424188K->5849K(471872K), 0.0117368 secs] 1638104K->1222615K(4141888K), 0.0118867 secs] [Times: user=0.08 sys=0.00, real=0.01 secs] 
319643.139: [GC (Allocation Failure) 319643.140: [ParNew: 425305K->4199K(471872K), 0.0093900 secs] 1642071K->1224293K(4141888K), 0.0095030 secs] [Times: user=0.06 sys=0.00, real=0.01 secs] 
319647.316: [GC (Allocation Failure) 319647.316: [ParNew: 423655K->3547K(471872K), 0.0076258 secs] 1643749K->1225095K(4141888K), 0.0077335 secs] [Times: user=0.05 sys=0.00, real=0.01 secs] 
319651.409: [GC (Allocation Failure) 319651.409: [ParNew: 423003K->4110K(471872K), 0.0062885 secs] 1644551K->1226770K(4141888K), 0.0064080 secs] [Times: user=0.05 sys=0.00, real=0.01 secs] 
319654.329: [GC (Allocation Failure) 319654.329: [ParNew: 423566K->5688K(471872K), 0.0075876 secs] 1646226K->1229462K(4141888K), 0.0077195 secs] [Times: user=0.06 sys=0.00, real=0.01 secs] 
319656.710: [GC (Allocation Failure) 319656.710: [ParNew: 425144K->4882K(471872K), 0.0067849 secs] 1648918K->1229659K(4141888K), 0.0069221 secs] [Times: user=0.05 sys=0.00, real=0.01 secs] 
319661.512: [GC (Allocation Failure) 319661.512: [ParNew: 424338K->4758K(471872K), 0.0069897 secs] 1649115K->1230911K(4141888K), 0.0071104 secs] [Times: user=0.05 sys=0.00, real=0.01 secs] 
319668.056: [GC (Allocation Failure) 319668.056: [ParNew: 424214K->4669K(471872K), 0.0080827 secs] 1650367K->1232151K(4141888K), 0.0081903 secs] [Times: user=0.06 sys=0.00, real=0.01 secs] 
319673.128: [GC (Allocation Failure) 319673.128: [ParNew: 424125K->6925K(471872K), 0.0111066 secs] 1651607K->1236857K(4141888K), 0.0112260 secs] [Times: user=0.07 sys=0.00, real=0.01 secs] 
319679.803: [GC (Allocation Failure) 319679.803: [ParNew: 426330K->4586K(471872K), 0.0080791 secs] 1656262K->1238413K(4141888K), 0.0081991 secs] [Times: user=0.06 sys=0.00, real=0.01 secs] 
319685.862: [GC (Allocation Failure) 319685.862: [ParNew: 424042K->4269K(471872K), 0.0081594 secs] 1657869K->1240065K(4141888K), 0.0082961 secs] [Times: user=0.06 sys=0.00, real=0.01 secs] 
319692.496: [GC (Allocation Failure) 319692.496: [ParNew: 423725K->4579K(471872K), 0.0092285 secs] 1659521K->1242148K(4141888K), 0.0093428 secs] [Times: user=0.07 sys=0.00, real=0.01 secs] 
319698.989: [GC (Allocation Failure) 319698.989: [ParNew: 424035K->4663K(471872K), 0.0115287 secs] 1661604K->1244155K(4141888K), 0.0116666 secs] [Times: user=0.08 sys=0.00, real=0.01 secs] 
319703.159: [GC (Allocation Failure) 319703.159: [ParNew: 424119K->3874K(471872K), 0.0089909 secs] 1663611K->1245367K(4141888K), 0.0091098 secs] [Times: user=0.07 sys=0.00, real=0.01 secs] 
319712.710: [GC (Allocation Failure) 319712.711: [ParNew: 423330K->5424K(471872K), 0.0085607 secs] 1664823K->1248344K(4141888K), 0.0086796 secs] [Times: user=0.07 sys=0.00, real=0.01 secs] 
319715.773: [GC (Allocation Failure) 319715.773: [ParNew: 424842K->5578K(471872K), 0.0090242 secs] 1667762K->1251218K(4141888K), 0.0091486 secs] [Times: user=0.06 sys=0.00, real=0.01 secs] 
319719.028: [GC (Allocation Failure) 319719.028: [ParNew: 425034K->3503K(471872K), 0.0066783 secs] 1670674K->1250280K(4141888K), 0.0067963 secs] [Times: user=0.05 sys=0.00, real=0.01 secs] 
319722.595: [GC (Allocation Failure) 319722.595: [ParNew: 422959K->3831K(471872K), 0.0075010 secs] 1669736K->1252086K(4141888K), 0.0076214 secs] [Times: user=0.05 sys=0.00, real=0.00 secs] 
319728.389: [GC (Allocation Failure) 319728.390: [ParNew: 423287K->4640K(471872K), 0.0069547 secs] 1671542K->1253858K(4141888K), 0.0070712 secs] [Times: user=0.06 sys=0.00, real=0.01 secs] 
319734.914: [GC (Allocation Failure) 319734.914: [ParNew: 424096K->6460K(471872K), 0.0080635 secs] 1673314K->1257841K(4141888K), 0.0082343 secs] [Times: user=0.05 sys=0.00, real=0.01 secs] 
319743.120: [GC (Allocation Failure) 319743.120: [ParNew: 425916K->5103K(471872K), 0.0126520 secs] 1677297K->1260881K(4141888K), 0.0129183 secs] [Times: user=0.09 sys=0.00, real=0.01 secs] 
319748.458: [GC (Allocation Failure) 319748.458: [ParNew: 424559K->4758K(471872K), 0.0090688 secs] 1680337K->1263109K(4141888K), 0.0092114 secs] [Times: user=0.05 sys=0.00, real=0.01 secs] 
319753.368: [GC (Allocation Failure) 319753.368: [ParNew: 424214K->3996K(471872K), 0.0081002 secs] 1682565K->1263770K(4141888K), 0.0082362 secs] [Times: user=0.06 sys=0.00, real=0.01 secs] 
319757.700: [GC (Allocation Failure) 319757.700: [ParNew: 423452K->3951K(471872K), 0.0131941 secs] 1683226K->1265615K(4141888K), 0.0133156 secs] [Times: user=0.07 sys=0.00, real=0.01 secs] 
319763.230: [GC (Allocation Failure) 319763.230: [ParNew: 423407K->3333K(471872K), 0.0376356 secs] 1685071K->1266337K(4141888K), 0.0377727 secs] [Times: user=0.10 sys=0.00, real=0.04 secs] 
319770.344: [GC (Allocation Failure) 319770.344: [ParNew: 422789K->5261K(471872K), 0.0093100 secs] 1685793K->1269850K(4141888K), 0.0094606 secs] [Times: user=0.06 sys=0.01, real=0.00 secs] 
319774.274: [GC (Allocation Failure) 319774.274: [ParNew: 424717K->4301K(471872K), 0.0099115 secs] 1689306K->1271196K(4141888K), 0.0100338 secs] [Times: user=0.07 sys=0.00, real=0.01 secs] 
319779.878: [GC (Allocation Failure) 319779.878: [ParNew: 423757K->5710K(471872K), 0.0069258 secs] 1690652K->1273869K(4141888K), 0.0070466 secs] [Times: user=0.05 sys=0.00, real=0.01 secs] 
319784.547: [GC (Allocation Failure) 319784.547: [ParNew: 425166K->4071K(471872K), 0.0073254 secs] 1693325K->1273893K(4141888K), 0.0074969 secs] [Times: user=0.05 sys=0.01, real=0.01 secs] 
319792.699: [GC (Allocation Failure) 319792.699: [ParNew: 421374K->12659K(471872K), 0.0079083 secs] 1691197K->1283889K(4141888K), 0.0080334 secs] [Times: user=0.05 sys=0.00, real=0.01 secs] 
319801.109: [GC (Allocation Failure) 319801.109: [ParNew: 432115K->8823K(471872K), 0.0088002 secs] 1703345K->1282026K(4141888K), 0.0089445 secs] [Times: user=0.05 sys=0.00, real=0.01 secs] 
319811.707: [GC (Allocation Failure) 319811.707: [ParNew: 428279K->4848K(471872K), 0.0096154 secs] 1701482K->1282354K(4141888K), 0.0097783 secs] [Times: user=0.06 sys=0.00, real=0.01 secs] 
319819.144: [GC (Allocation Failure) 319819.144: [ParNew: 424304K->4122K(471872K), 0.0091770 secs] 1701810K->1283796K(4141888K), 0.0093173 secs] [Times: user=0.05 sys=0.00, real=0.01 secs] 
319826.516: [GC (Allocation Failure) 319826.516: [ParNew: 423578K->3484K(471872K), 0.0076853 secs] 1703252K->1284721K(4141888K), 0.0077998 secs] [Times: user=0.05 sys=0.00, real=0.01 secs] 
319832.951: [GC (Allocation Failure) 319832.951: [ParNew: 422940K->4893K(471872K), 0.0088332 secs] 1704177K->1287833K(4141888K), 0.0089912 secs] [Times: user=0.05 sys=0.00, real=0.01 secs] 
319835.584: [GC (Allocation Failure) 319835.584: [ParNew: 424349K->3472K(471872K), 0.0074080 secs] 1707289K->1287755K(4141888K), 0.0075318 secs] [Times: user=0.05 sys=0.00, real=0.00 secs] 
319839.523: [GC (Allocation Failure) 319839.523: [ParNew: 422928K->3730K(471872K), 0.0066445 secs] 1707211K->1288746K(4141888K), 0.0067590 secs] [Times: user=0.04 sys=0.00, real=0.01 secs] 
319840.859: [GC (Allocation Failure) 319840.860: [ParNew: 423186K->3294K(471872K), 0.0083986 secs] 1708202K->1289619K(4141888K), 0.0085232 secs] [Times: user=0.05 sys=0.00, real=0.01 secs] 
319843.114: [GC (Allocation Failure) 319843.114: [ParNew: 422750K->3003K(471872K), 0.0060268 secs] 1709075K->1289633K(4141888K), 0.0061568 secs] [Times: user=0.05 sys=0.00, real=0.00 secs] 
319849.909: [GC (Allocation Failure) 319849.909: [ParNew: 422459K->3521K(471872K), 0.0068729 secs] 1709089K->1290861K(4141888K), 0.0070251 secs] [Times: user=0.05 sys=0.00, real=0.01 secs] 
319854.659: [GC (Allocation Failure) 319854.659: [ParNew: 422977K->37038K(471872K), 0.0099050 secs] 1710317K->1325888K(4141888K), 0.0100249 secs] [Times: user=0.07 sys=0.00, real=0.01 secs] 
319861.445: [GC (Allocation Failure) 319861.445: [ParNew: 456494K->10877K(471872K), 0.0068497 secs] 1745344K->1303280K(4141888K), 0.0069663 secs] [Times: user=0.04 sys=0.00, real=0.00 secs] 
319868.601: [GC (Allocation Failure) 319868.601: [ParNew: 430333K->4230K(471872K), 0.0089483 secs] 1722736K->1298418K(4141888K), 0.0090954 secs] [Times: user=0.06 sys=0.00, real=0.01 secs] 
319878.531: [GC (Allocation Failure) 319878.531: [ParNew: 423686K->4196K(471872K), 0.0082355 secs] 1717874K->1299690K(4141888K), 0.0083901 secs] [Times: user=0.06 sys=0.00, real=0.01 secs] 
319890.530: [GC (Allocation Failure) 319890.530: [ParNew: 423652K->5201K(471872K), 0.0100741 secs] 1719146K->1302774K(4141888K), 0.0102607 secs] [Times: user=0.06 sys=0.00, real=0.01 secs] 
319895.163: [GC (Allocation Failure) 319895.163: [ParNew: 424657K->5131K(471872K), 0.0093511 secs] 1722230K->1305161K(4141888K), 0.0094848 secs] [Times: user=0.05 sys=0.00, real=0.01 secs] 
319900.771: [GC (Allocation Failure) 319900.771: [ParNew: 424587K->4263K(471872K), 0.0069245 secs] 1724617K->1305275K(4141888K), 0.0070324 secs] [Times: user=0.04 sys=0.00, real=0.01 secs] 
319906.721: [GC (Allocation Failure) 319906.722: [ParNew: 423719K->4078K(471872K), 0.0072552 secs] 1724731K->1306603K(4141888K), 0.0073889 secs] [Times: user=0.05 sys=0.00, real=0.01 secs] 
319914.200: [GC (Allocation Failure) 319914.200: [ParNew: 423534K->4035K(471872K), 0.0091660 secs] 1726059K->1308214K(4141888K), 0.0092874 secs] [Times: user=0.06 sys=0.00, real=0.01 secs] 
319920.743: [GC (Allocation Failure) 319920.743: [ParNew: 423472K->6045K(471872K), 0.0084653 secs] 1727651K->1312041K(4141888K), 0.0085990 secs] [Times: user=0.06 sys=0.00, real=0.01 secs] 
319925.641: [GC (Allocation Failure) 319925.641: [ParNew: 425501K->4224K(471872K), 0.0070046 secs] 1731497K->1314113K(4141888K), 0.0071205 secs] [Times: user=0.05 sys=0.00, real=0.01 secs] 
319932.971: [GC (Allocation Failure) 319932.971: [ParNew: 423680K->4259K(471872K), 0.0072961 secs] 1733569K->1315423K(4141888K), 0.0074294 secs] [Times: user=0.05 sys=0.00, real=0.01 secs] 
319936.422: [GC (Allocation Failure) 319936.422: [ParNew: 423386K->4341K(471872K), 0.0080211 secs] 1734550K->1317213K(4141888K), 0.0081398 secs] [Times: user=0.06 sys=0.00, real=0.01 secs] 
319940.311: [GC (Allocation Failure) 319940.311: [ParNew: 423797K->3189K(471872K), 0.0068154 secs] 1736669K->1316858K(4141888K), 0.0069549 secs] [Times: user=0.05 sys=0.00, real=0.01 secs] 
319944.750: [GC (Allocation Failure) 319944.750: [ParNew: 422645K->2567K(471872K), 0.0067069 secs] 1736314K->1317105K(4141888K), 0.0068466 secs] [Times: user=0.05 sys=0.00, real=0.01 secs] 
319953.143: [GC (Allocation Failure) 319953.143: [ParNew: 422023K->3469K(471872K), 0.0072543 secs] 1736561K->1319140K(4141888K), 0.0073929 secs] [Times: user=0.05 sys=0.00, real=0.01 secs] 
319957.816: [GC (Allocation Failure) 319957.816: [ParNew: 422925K->4159K(471872K), 0.0071165 secs] 1738596K->1321705K(4141888K), 0.0072613 secs] [Times: user=0.05 sys=0.00, real=0.00 secs] 
319963.097: [GC (Allocation Failure) 319963.097: [ParNew: 423615K->4648K(471872K), 0.0065298 secs] 1741161K->1323268K(4141888K), 0.0066415 secs] [Times: user=0.04 sys=0.00, real=0.01 secs] 
319970.723: [GC (Allocation Failure) 319970.723: [ParNew: 423823K->5030K(471872K), 0.0071386 secs] 1742443K->1325298K(4141888K), 0.0072674 secs] [Times: user=0.06 sys=0.00, real=0.01 secs] 
319977.585: [GC (Allocation Failure) 319977.586: [ParNew: 424486K->20697K(471872K), 0.0096455 secs] 1744754K->1342720K(4141888K), 0.0098953 secs] [Times: user=0.07 sys=0.00, real=0.01 secs] 
319985.566: [GC (Allocation Failure) 319985.566: [ParNew: 439973K->6724K(471872K), 0.0082870 secs] 1761996K->1332696K(4141888K), 0.0084098 secs] [Times: user=0.06 sys=0.00, real=0.01 secs] 
319995.048: [GC (Allocation Failure) 319995.048: [ParNew: 426180K->3873K(471872K), 0.0085359 secs] 1752152K->1331676K(4141888K), 0.0086733 secs] [Times: user=0.06 sys=0.01, real=0.01 secs] 
320005.581: [GC (Allocation Failure) 320005.581: [ParNew: 423329K->5061K(471872K), 0.0113052 secs] 1751132K->1334798K(4141888K), 0.0114407 secs] [Times: user=0.08 sys=0.00, real=0.01 secs] 
320013.101: [GC (Allocation Failure) 320013.101: [ParNew: 424517K->4920K(471872K), 0.0096618 secs] 1754254K->1336976K(4141888K), 0.0097772 secs] [Times: user=0.07 sys=0.00, real=0.01 secs] 
320018.019: [GC (Allocation Failure) 320018.019: [ParNew: 424376K->3622K(471872K), 0.0073870 secs] 1756432K->1337529K(4141888K), 0.0075321 secs] [Times: user=0.05 sys=0.00, real=0.01 secs] 
320023.122: [GC (Allocation Failure) 320023.122: [ParNew: 423078K->3249K(471872K), 0.0065123 secs] 1756985K->1338079K(4141888K), 0.0066250 secs] [Times: user=0.05 sys=0.00, real=0.01 secs] 
320030.784: [GC (Allocation Failure) 320030.784: [ParNew: 422705K->4189K(471872K), 0.0065743 secs] 1757535K->1340632K(4141888K), 0.0066960 secs] [Times: user=0.05 sys=0.00, real=0.00 secs] 
320036.650: [GC (Allocation Failure) 320036.650: [ParNew: 423645K->4049K(471872K), 0.0068859 secs] 1760088K->1342242K(4141888K), 0.0069973 secs] [Times: user=0.05 sys=0.00, real=0.01 secs] 
320043.080: [GC (Allocation Failure) 320043.080: [ParNew: 423505K->6437K(471872K), 0.0065269 secs] 1761698K->1346144K(4141888K), 0.0066590 secs] [Times: user=0.04 sys=0.00, real=0.01 secs] 
320051.864: [GC (Allocation Failure) 320051.864: [ParNew: 425893K->3608K(471872K), 0.0085384 secs] 1765600K->1346960K(4141888K), 0.0086584 secs] [Times: user=0.06 sys=0.00, real=0.00 secs] 
320060.003: [GC (Allocation Failure) 320060.003: [ParNew: 423064K->3514K(471872K), 0.0140399 secs] 1766416K->1349077K(4141888K), 0.0141649 secs] [Times: user=0.06 sys=0.00, real=0.02 secs] 
320066.989: [GC (Allocation Failure) 320066.989: [ParNew: 422970K->3994K(471872K), 0.0102920 secs] 1768533K->1351204K(4141888K), 0.0104229 secs] [Times: user=0.05 sys=0.00, real=0.01 secs] 
320073.520: [GC (Allocation Failure) 320073.521: [ParNew: 423450K->4105K(471872K), 0.0092546 secs] 1770660K->1352737K(4141888K), 0.0093537 secs] [Times: user=0.06 sys=0.00, real=0.01 secs] 
320077.813: [GC (Allocation Failure) 320077.813: [ParNew: 423561K->4724K(471872K), 0.0061819 secs] 1772193K->1354721K(4141888K), 0.0063015 secs] [Times: user=0.04 sys=0.01, real=0.01 secs] 
320080.639: [GC (Allocation Failure) 320080.639: [ParNew: 424032K->4908K(471872K), 0.0054474 secs] 1774028K->1356097K(4141888K), 0.0055497 secs] [Times: user=0.04 sys=0.00, real=0.01 secs] 
320084.257: [GC (Allocation Failure) 320084.258: [ParNew: 424364K->4614K(471872K), 0.0071119 secs] 1775553K->1356635K(4141888K), 0.0072500 secs] [Times: user=0.04 sys=0.00, real=0.01 secs] 
320087.525: [GC (Allocation Failure) 320087.525: [ParNew: 424070K->3426K(471872K), 0.0063133 secs] 1776091K->1357042K(4141888K), 0.0064524 secs] [Times: user=0.05 sys=0.00, real=0.00 secs] 
320091.922: [GC (Allocation Failure) 320091.922: [ParNew: 422882K->3732K(471872K), 0.0071594 secs] 1776498K->1358235K(4141888K), 0.0073190 secs] [Times: user=0.05 sys=0.00, real=0.01 secs] 
320095.549: [GC (Allocation Failure) 320095.549: [ParNew: 423188K->5146K(471872K), 0.0084833 secs] 1777691K->1360959K(4141888K), 0.0087045 secs] [Times: user=0.06 sys=0.00, real=0.01 secs] 
320101.758: [GC (Allocation Failure) 320101.758: [ParNew: 424602K->6457K(471872K), 0.0066591 secs] 1780415K->1363572K(4141888K), 0.0067791 secs] [Times: user=0.04 sys=0.00, real=0.01 secs] 
320112.617: [GC (Allocation Failure) 320112.617: [ParNew: 425913K->4341K(471872K), 0.0092358 secs] 1783028K->1365488K(4141888K), 0.0094073 secs] [Times: user=0.06 sys=0.00, real=0.01 secs] 
320122.688: [GC (Allocation Failure) 320122.689: [ParNew: 423797K->4034K(471872K), 0.0099832 secs] 1784944K->1367481K(4141888K), 0.0101614 secs] [Times: user=0.07 sys=0.00, real=0.01 secs] 
320133.145: [GC (Allocation Failure) 320133.145: [ParNew: 423490K->4929K(471872K), 0.0114281 secs] 1786937K->1370328K(4141888K), 0.0115807 secs] [Times: user=0.08 sys=0.00, real=0.01 secs] 
320138.171: [GC (Allocation Failure) 320138.172: [ParNew: 424385K->3670K(471872K), 0.0110420 secs] 1789784K->1371445K(4141888K), 0.0112615 secs] [Times: user=0.06 sys=0.00, real=0.01 secs] 
320141.663: [GC (Allocation Failure) 320141.663: [ParNew: 423126K->4827K(471872K), 0.0063016 secs] 1790901K->1373652K(4141888K), 0.0064487 secs] [Times: user=0.04 sys=0.01, real=0.01 secs] 
320147.177: [GC (Allocation Failure) 320147.177: [ParNew: 424283K->3900K(471872K), 0.0080450 secs] 1793108K->1373744K(4141888K), 0.0081701 secs] [Times: user=0.06 sys=0.00, real=0.01 secs] 
320153.485: [GC (Allocation Failure) 320153.485: [ParNew: 423356K->3379K(471872K), 0.0074551 secs] 1793200K->1374803K(4141888K), 0.0075840 secs] [Times: user=0.06 sys=0.00, real=0.00 secs] 
320161.594: [GC (Allocation Failure) 320161.594: [ParNew: 422835K->18749K(471872K), 0.0077116 secs] 1794259K->1391818K(4141888K), 0.0078341 secs] [Times: user=0.06 sys=0.00, real=0.00 secs] 
320168.627: [GC (Allocation Failure) 320168.628: [ParNew: 438205K->6651K(471872K), 0.0073497 secs] 1811274K->1381473K(4141888K), 0.0074746 secs] [Times: user=0.05 sys=0.00, real=0.01 secs] 
320177.101: [GC (Allocation Failure) 320177.101: [ParNew: 426107K->4443K(471872K), 0.0075791 secs] 1800929K->1383214K(4141888K), 0.0077488 secs] [Times: user=0.06 sys=0.00, real=0.01 secs] 
320185.689: [GC (Allocation Failure) 320185.689: [ParNew: 423899K->3753K(471872K), 0.0071601 secs] 1802670K->1384262K(4141888K), 0.0072818 secs] [Times: user=0.05 sys=0.00, real=0.01 secs] 
320194.976: [GC (Allocation Failure) 320194.976: [ParNew: 423209K->4812K(471872K), 0.0082761 secs] 1803718K->1387094K(4141888K), 0.0084138 secs] [Times: user=0.06 sys=0.00, real=0.01 secs] 
320199.669: [GC (Allocation Failure) 320199.669: [ParNew: 424268K->5786K(471872K), 0.0075583 secs] 1806550K->1389881K(4141888K), 0.0076758 secs] [Times: user=0.06 sys=0.00, real=0.01 secs] 
320203.050: [GC (Allocation Failure) 320203.050: [ParNew: 425242K->4197K(471872K), 0.0055288 secs] 1809337K->1389263K(4141888K), 0.0056733 secs] [Times: user=0.04 sys=0.00, real=0.01 secs] 
320208.186: [GC (Allocation Failure) 320208.186: [ParNew: 423653K->3484K(471872K), 0.0059131 secs] 1808719K->1389767K(4141888K), 0.0060242 secs] [Times: user=0.04 sys=0.00, real=0.00 secs] 
320213.797: [GC (Allocation Failure) 320213.797: [ParNew: 422940K->4681K(471872K), 0.0078754 secs] 1809223K->1392479K(4141888K), 0.0079896 secs] [Times: user=0.05 sys=0.00, real=0.01 secs] 
320220.937: [GC (Allocation Failure) 320220.937: [ParNew: 424137K->3714K(471872K), 0.0062897 secs] 1811935K->1392972K(4141888K), 0.0063982 secs] [Times: user=0.05 sys=0.00, real=0.01 secs] 
320224.199: [GC (Allocation Failure) 320224.199: [ParNew: 421828K->12204K(471872K), 0.0084076 secs] 1811086K->1403093K(4141888K), 0.0085297 secs] [Times: user=0.06 sys=0.00, real=0.01 secs] 
320224.755: [GC (Allocation Failure) 320224.755: [ParNew: 431660K->6611K(471872K), 0.0070417 secs] 1822549K->1403617K(4141888K), 0.0071603 secs] [Times: user=0.05 sys=0.00, real=0.00 secs] 
320225.350: [GC (Allocation Failure) 320225.350: [ParNew: 426067K->4427K(471872K), 0.0060820 secs] 1823073K->1404292K(4141888K), 0.0061947 secs] [Times: user=0.05 sys=0.00, real=0.01 secs] 
320225.945: [GC (Allocation Failure) 320225.945: [ParNew: 423883K->4375K(471872K), 0.0072887 secs] 1823748K->1404755K(4141888K), 0.0073950 secs] [Times: user=0.06 sys=0.00, real=0.00 secs] 
320226.693: [GC (Allocation Failure) 320226.693: [ParNew: 423831K->4662K(471872K), 0.0059454 secs] 1824211K->1405588K(4141888K), 0.0060535 secs] [Times: user=0.05 sys=0.00, real=0.01 secs] 
320227.260: [GC (Allocation Failure) 320227.260: [ParNew: 424118K->5739K(471872K), 0.0051641 secs] 1825044K->1407650K(4141888K), 0.0052820 secs] [Times: user=0.04 sys=0.00, real=0.01 secs] 
320233.880: [GC (Allocation Failure) 320233.880: [ParNew: 425195K->3599K(471872K), 0.0072531 secs] 1827106K->1407985K(4141888K), 0.0073898 secs] [Times: user=0.05 sys=0.00, real=0.01 secs] 
320247.863: [GC (Allocation Failure) 320247.863: [ParNew: 423055K->4886K(471872K), 0.0082332 secs] 1827441K->1410677K(4141888K), 0.0083685 secs] [Times: user=0.05 sys=0.01, real=0.01 secs] 
320256.246: [GC (Allocation Failure) 320256.246: [ParNew: 424342K->6069K(471872K), 0.0081977 secs] 1830133K->1414720K(4141888K), 0.0083456 secs] [Times: user=0.06 sys=0.00, real=0.01 secs] 
320260.383: [GC (Allocation Failure) 320260.383: [ParNew: 425525K->4441K(471872K), 0.0075671 secs] 1834176K->1414731K(4141888K), 0.0077111 secs] [Times: user=0.04 sys=0.00, real=0.01 secs] 
320263.153: [GC (Allocation Failure) 320263.153: [ParNew: 423897K->3578K(471872K), 0.0067535 secs] 1834187K->1414674K(4141888K), 0.0068713 secs] [Times: user=0.05 sys=0.00, real=0.01 secs] 
320267.899: [GC (Allocation Failure) 320267.899: [ParNew: 422860K->6553K(471872K), 0.0057312 secs] 1833956K->1418290K(4141888K), 0.0058324 secs] [Times: user=0.04 sys=0.00, real=0.01 secs] 
320274.556: [GC (Allocation Failure) 320274.556: [ParNew: 426009K->3749K(471872K), 0.0070706 secs] 1837746K->1417128K(4141888K), 0.0071948 secs] [Times: user=0.05 sys=0.00, real=0.00 secs] 
320282.363: [GC (Allocation Failure) 320282.363: [ParNew: 423205K->4968K(471872K), 0.0067970 secs] 1836584K->1420128K(4141888K), 0.0069441 secs] [Times: user=0.05 sys=0.00, real=0.01 secs] 
320284.609: [GC (Allocation Failure) 320284.609: [ParNew: 424424K->20165K(471872K), 0.0151805 secs] 1839584K->1436978K(4141888K), 0.0152999 secs] [Times: user=0.08 sys=0.00, real=0.02 secs] 
320293.077: [GC (Allocation Failure) 320293.077: [ParNew: 439621K->11625K(471872K), 0.0093117 secs] 1856434K->1431373K(4141888K), 0.0094291 secs] [Times: user=0.06 sys=0.00, real=0.01 secs] 
320303.744: [GC (Allocation Failure) 320303.744: [ParNew: 431081K->4468K(471872K), 0.0092690 secs] 1850829K->1426138K(4141888K), 0.0093890 secs] [Times: user=0.07 sys=0.00, real=0.00 secs] 
320317.449: [GC (Allocation Failure) 320317.449: [ParNew: 423924K->4692K(471872K), 0.0092127 secs] 1845594K->1428482K(4141888K), 0.0093292 secs] [Times: user=0.06 sys=0.00, real=0.01 secs] 
320322.441: [GC (Allocation Failure) 320322.441: [ParNew: 424148K->5116K(471872K), 0.0085319 secs] 1847938K->1431495K(4141888K), 0.0087241 secs] [Times: user=0.05 sys=0.01, real=0.01 secs] 
320325.334: [GC (Allocation Failure) 320325.334: [ParNew: 424572K->4708K(471872K), 0.0068828 secs] 1850951K->1432008K(4141888K), 0.0070014 secs] [Times: user=0.05 sys=0.00, real=0.00 secs] 
320333.489: [GC (Allocation Failure) 320333.489: [ParNew: 424164K->4522K(471872K), 0.0076209 secs] 1851464K->1432772K(4141888K), 0.0077551 secs] [Times: user=0.06 sys=0.00, real=0.01 secs] 
320343.878: [GC (Allocation Failure) 320343.878: [ParNew: 423978K->4771K(471872K), 0.0093906 secs] 1852228K->1435076K(4141888K), 0.0095152 secs] [Times: user=0.07 sys=0.00, real=0.01 secs] 
320353.140: [GC (Allocation Failure) 320353.140: [ParNew: 424227K->6244K(471872K), 0.0083996 secs] 1854532K->1439112K(4141888K), 0.0085421 secs] [Times: user=0.06 sys=0.01, real=0.01 secs] 
320362.304: [GC (Allocation Failure) 320362.304: [ParNew: 425700K->4023K(471872K), 0.0067585 secs] 1858568K->1441279K(4141888K), 0.0068731 secs] [Times: user=0.05 sys=0.00, real=0.01 secs] 
320373.127: [GC (Allocation Failure) 320373.127: [ParNew: 423479K->3967K(471872K), 0.0069470 secs] 1860735K->1443118K(4141888K), 0.0070514 secs] [Times: user=0.05 sys=0.00, real=0.01 secs] 
320381.089: [GC (Allocation Failure) 320381.090: [ParNew: 423292K->6414K(471872K), 0.0161636 secs] 1862443K->1447931K(4141888K), 0.0162876 secs] [Times: user=0.11 sys=0.00, real=0.02 secs] 
320384.129: [GC (Allocation Failure) 320384.129: [ParNew: 425870K->3271K(471872K), 0.0089015 secs] 1867387K->1446278K(4141888K), 0.0090249 secs] [Times: user=0.07 sys=0.00, real=0.01 secs] 
320392.478: [GC (Allocation Failure) 320392.478: [ParNew: 422727K->3895K(471872K), 0.0074116 secs] 1865734K->1447517K(4141888K), 0.0075397 secs] [Times: user=0.05 sys=0.00, real=0.01 secs] 
320397.240: [GC (Allocation Failure) 320397.240: [ParNew: 423351K->6333K(471872K), 0.0074797 secs] 1866973K->1452333K(4141888K), 0.0076239 secs] [Times: user=0.06 sys=0.01, real=0.01 secs] 
320403.058: [GC (Allocation Failure) 320403.058: [ParNew: 425789K->3632K(471872K), 0.0065082 secs] 1871789K->1451370K(4141888K), 0.0066528 secs] [Times: user=0.05 sys=0.00, real=0.01 secs] 
320406.131: [GC (Allocation Failure) 320406.131: [ParNew: 423088K->3359K(471872K), 0.0064588 secs] 1870826K->1452301K(4141888K), 0.0065856 secs] [Times: user=0.05 sys=0.00, real=0.01 secs] 
320409.467: [GC (Allocation Failure) 320409.467: [ParNew: 422815K->4535K(471872K), 0.0064902 secs] 1871757K->1454370K(4141888K), 0.0066209 secs] [Times: user=0.05 sys=0.00, real=0.01 secs] 
320413.472: [GC (Allocation Failure) 320413.472: [ParNew: 423991K->3889K(471872K), 0.0074852 secs] 1873826K->1456813K(4141888K), 0.0076536 secs] [Times: user=0.06 sys=0.00, real=0.01 secs] 
320423.985: [GC (Allocation Failure) 320423.985: [ParNew: 423345K->4495K(471872K), 0.0092908 secs] 1876269K->1458513K(4141888K), 0.0094379 secs] [Times: user=0.06 sys=0.00, real=0.01 secs] 
320430.499: [GC (Allocation Failure) 320430.499: [ParNew: 423951K->4121K(471872K), 0.0070189 secs] 1877969K->1460568K(4141888K), 0.0071466 secs] [Times: user=0.05 sys=0.00, real=0.01 secs] 
320435.281: [GC (Allocation Failure) 320435.281: [ParNew: 423577K->3239K(471872K), 0.0074066 secs] 1880024K->1460924K(4141888K), 0.0075655 secs] [Times: user=0.05 sys=0.00, real=0.01 secs] 
320438.449: [GC (Allocation Failure) 320438.449: [ParNew: 422695K->3307K(471872K), 0.0081508 secs] 1880380K->1461994K(4141888K), 0.0082615 secs] [Times: user=0.05 sys=0.00, real=0.01 secs] 
320440.935: [GC (Allocation Failure) 320440.935: [ParNew: 422763K->3010K(471872K), 0.0061002 secs] 1881450K->1462344K(4141888K), 0.0062352 secs] [Times: user=0.04 sys=0.00, real=0.00 secs] 
320443.115: [GC (Allocation Failure) 320443.115: [ParNew: 422466K->2797K(471872K), 0.0060174 secs] 1881800K->1462641K(4141888K), 0.0061704 secs] [Times: user=0.04 sys=0.00, real=0.00 secs] 
320444.406: [GC (Allocation Failure) 320444.406: [ParNew: 422253K->3015K(471872K), 0.0060411 secs] 1882097K->1463700K(4141888K), 0.0061691 secs] [Times: user=0.04 sys=0.00, real=0.00 secs] 
320445.735: [GC (Allocation Failure) 320445.735: [ParNew: 422471K->6268K(471872K), 0.0053471 secs] 1883156K->1467274K(4141888K), 0.0054689 secs] [Times: user=0.04 sys=0.00, real=0.00 secs] 
320447.932: [GC (Allocation Failure) 320447.932: [ParNew: 425724K->3531K(471872K), 0.0055304 secs] 1886730K->1464827K(4141888K), 0.0056330 secs] [Times: user=0.04 sys=0.00, real=0.01 secs] 
320449.658: [GC (Allocation Failure) 320449.658: [ParNew: 422987K->2604K(471872K), 0.0049592 secs] 1884283K->1464833K(4141888K), 0.0050457 secs] [Times: user=0.04 sys=0.00, real=0.00 secs] 
320452.666: [GC (Allocation Failure) 320452.666: [ParNew: 422060K->5976K(471872K), 0.0055463 secs] 1884289K->1469222K(4141888K), 0.0056415 secs] [Times: user=0.04 sys=0.00, real=0.00 secs] 
320454.972: [GC (Allocation Failure) 320454.972: [ParNew: 425432K->7284K(471872K), 0.0059995 secs] 1888678K->1471543K(4141888K), 0.0061015 secs] [Times: user=0.04 sys=0.00, real=0.01 secs] 
320457.998: [GC (Allocation Failure) 320457.998: [ParNew: 426740K->8304K(471872K), 0.0056630 secs] 1890999K->1473129K(4141888K), 0.0057677 secs] [Times: user=0.04 sys=0.00, real=0.01 secs] 
320460.782: [GC (Allocation Failure) 320460.782: [ParNew: 427760K->6738K(471872K), 0.0074365 secs] 1892585K->1472696K(4141888K), 0.0075637 secs] [Times: user=0.06 sys=0.00, real=0.01 secs] 
320466.299: [GC (Allocation Failure) 320466.299: [ParNew: 426194K->3521K(471872K), 0.0058259 secs] 1892152K->1470416K(4141888K), 0.0059259 secs] [Times: user=0.05 sys=0.00, real=0.01 secs] 
320476.547: [GC (Allocation Failure) 320476.547: [ParNew: 422977K->5557K(471872K), 0.0079756 secs] 1889872K->1474439K(4141888K), 0.0081163 secs] [Times: user=0.06 sys=0.00, real=0.01 secs] 
320489.506: [GC (Allocation Failure) 320489.506: [ParNew: 425013K->4153K(471872K), 0.0098327 secs] 1893895K->1477407K(4141888K), 0.0099775 secs] [Times: user=0.07 sys=0.01, real=0.01 secs] 
320500.444: [GC (Allocation Failure) 320500.444: [ParNew: 423609K->4316K(471872K), 0.0090509 secs] 1896863K->1480197K(4141888K), 0.0091889 secs] [Times: user=0.07 sys=0.00, real=0.01 secs] 
320503.527: [GC (Allocation Failure) 320503.527: [ParNew: 423772K->6543K(471872K), 0.0069839 secs] 1899653K->1484632K(4141888K), 0.0071170 secs] [Times: user=0.05 sys=0.00, real=0.01 secs] 
320507.196: [GC (Allocation Failure) 320507.196: [ParNew: 425999K->5516K(471872K), 0.0071788 secs] 1904088K->1484569K(4141888K), 0.0072905 secs] [Times: user=0.06 sys=0.00, real=0.00 secs] 
320513.895: [GC (Allocation Failure) 320513.895: [ParNew: 424896K->6967K(471872K), 0.0077811 secs] 1903948K->1487199K(4141888K), 0.0079224 secs] [Times: user=0.05 sys=0.00, real=0.00 secs] 
320525.047: [GC (Allocation Failure) 320525.047: [ParNew: 426423K->4645K(471872K), 0.0112325 secs] 1906655K->1487171K(4141888K), 0.0113501 secs] [Times: user=0.08 sys=0.00, real=0.01 secs] 
320535.386: [GC (Allocation Failure) 320535.386: [ParNew: 424101K->6727K(471872K), 0.0142913 secs] 1906627K->1491733K(4141888K), 0.0144172 secs] [Times: user=0.09 sys=0.00, real=0.01 secs] 
320548.552: [GC (Allocation Failure) 320548.552: [ParNew: 426183K->4390K(471872K), 0.0123870 secs] 1911189K->1493999K(4141888K), 0.0125413 secs] [Times: user=0.09 sys=0.00, real=0.02 secs] 
320561.047: [GC (Allocation Failure) 320561.047: [ParNew: 423846K->5141K(471872K), 0.0136900 secs] 1913455K->1497526K(4141888K), 0.0138354 secs] [Times: user=0.09 sys=0.00, real=0.01 secs] 
320564.386: [GC (Allocation Failure) 320564.386: [ParNew: 424597K->4988K(471872K), 0.0103885 secs] 1916982K->1499768K(4141888K), 0.0105258 secs] [Times: user=0.08 sys=0.00, real=0.01 secs] 
320567.692: [GC (Allocation Failure) 320567.692: [ParNew: 424070K->5331K(471872K), 0.0065663 secs] 1918851K->1500865K(4141888K), 0.0066700 secs] [Times: user=0.04 sys=0.00, real=0.01 secs] 
320574.906: [GC (Allocation Failure) 320574.906: [ParNew: 424787K->6590K(471872K), 0.0072357 secs] 1920321K->1502684K(4141888K), 0.0073628 secs] [Times: user=0.05 sys=0.00, real=0.01 secs] 
320585.580: [GC (Allocation Failure) 320585.580: [ParNew: 426046K->5147K(471872K), 0.0089618 secs] 1922140K->1503606K(4141888K), 0.0090698 secs] [Times: user=0.07 sys=0.00, real=0.01 secs] 
320596.100: [GC (Allocation Failure) 320596.100: [ParNew: 424603K->5936K(471872K), 0.0094394 secs] 1923062K->1506646K(4141888K), 0.0095863 secs] [Times: user=0.06 sys=0.00, real=0.01 secs] 
320605.065: [GC (Allocation Failure) 320605.065: [ParNew: 425392K->4358K(471872K), 0.0103284 secs] 1926102K->1509554K(4141888K), 0.0104440 secs] [Times: user=0.07 sys=0.01, real=0.01 secs] 
320613.109: [GC (Allocation Failure) 320613.109: [ParNew: 423814K->4016K(471872K), 0.0078343 secs] 1929010K->1511305K(4141888K), 0.0079763 secs] [Times: user=0.05 sys=0.01, real=0.01 secs] 
320620.930: [GC (Allocation Failure) 320620.931: [ParNew: 423446K->3455K(471872K), 0.0127706 secs] 1930735K->1512313K(4141888K), 0.0128785 secs] [Times: user=0.06 sys=0.00, real=0.01 secs] 
320623.429: [GC (Allocation Failure) 320623.429: [ParNew: 422911K->5997K(471872K), 0.0069959 secs] 1931769K->1516461K(4141888K), 0.0071306 secs] [Times: user=0.05 sys=0.00, real=0.01 secs] 
320626.446: [GC (Allocation Failure) 320626.446: [ParNew: 425453K->6388K(471872K), 0.0059840 secs] 1935917K->1517516K(4141888K), 0.0060844 secs] [Times: user=0.04 sys=0.00, real=0.00 secs] 
320629.426: [GC (Allocation Failure) 320629.426: [ParNew: 425584K->4059K(471872K), 0.0060790 secs] 1936712K->1515722K(4141888K), 0.0061737 secs] [Times: user=0.04 sys=0.00, real=0.00 secs] 
320633.690: [GC (Allocation Failure) 320633.690: [ParNew: 423515K->4298K(471872K), 0.0063354 secs] 1935178K->1516562K(4141888K), 0.0064390 secs] [Times: user=0.05 sys=0.00, real=0.01 secs] 
320640.811: [GC (Allocation Failure) 320640.811: [ParNew: 423754K->3918K(471872K), 0.0080618 secs] 1936018K->1517962K(4141888K), 0.0081794 secs] [Times: user=0.06 sys=0.00, real=0.01 secs] 
320651.604: [GC (Allocation Failure) 320651.604: [ParNew: 423374K->23808K(471872K), 0.0135548 secs] 1937418K->1539333K(4141888K), 0.0136735 secs] [Times: user=0.09 sys=0.00, real=0.02 secs] 
320658.183: [GC (Allocation Failure) 320658.183: [ParNew: 443264K->9227K(471872K), 0.0132485 secs] 1958789K->1527639K(4141888K), 0.0133932 secs] [Times: user=0.06 sys=0.00, real=0.02 secs] 
320660.300: [GC (Allocation Failure) 320660.301: [ParNew: 428683K->12177K(471872K), 0.0108509 secs] 1947095K->1534830K(4141888K), 0.0109754 secs] [Times: user=0.06 sys=0.00, real=0.01 secs] 
320660.855: [GC (Allocation Failure) 320660.855: [ParNew: 431633K->5963K(471872K), 0.0108404 secs] 1954286K->1536535K(4141888K), 0.0109723 secs] [Times: user=0.05 sys=0.00, real=0.01 secs] 
320661.456: [GC (Allocation Failure) 320661.456: [ParNew: 425419K->5254K(471872K), 0.0078392 secs] 1955991K->1536231K(4141888K), 0.0079636 secs] [Times: user=0.04 sys=0.00, real=0.00 secs] 
320662.151: [GC (Allocation Failure) 320662.151: [ParNew: 424710K->4616K(471872K), 0.0065891 secs] 1955687K->1536455K(4141888K), 0.0067095 secs] [Times: user=0.04 sys=0.00, real=0.01 secs] 
320662.995: [GC (Allocation Failure) 320662.995: [ParNew: 424072K->5311K(471872K), 0.0119085 secs] 1955911K->1537892K(4141888K), 0.0120146 secs] [Times: user=0.07 sys=0.00, real=0.01 secs] 
320663.487: [GC (Allocation Failure) 320663.487: [ParNew: 424767K->5958K(471872K), 0.0118165 secs] 1957348K->1539222K(4141888K), 0.0119161 secs] [Times: user=0.06 sys=0.00, real=0.01 secs] 
320665.157: [GC (Allocation Failure) 320665.157: [ParNew: 425414K->2976K(471872K), 0.0085225 secs] 1958678K->1538838K(4141888K), 0.0086659 secs] [Times: user=0.04 sys=0.00, real=0.01 secs] 
320669.043: [GC (Allocation Failure) 320669.043: [ParNew: 422432K->2813K(471872K), 0.0067092 secs] 1958294K->1539047K(4141888K), 0.0067993 secs] [Times: user=0.04 sys=0.00, real=0.01 secs] 
320673.060: [GC (Allocation Failure) 320673.060: [ParNew: 422269K->2964K(471872K), 0.0074370 secs] 1958503K->1540172K(4141888K), 0.0075671 secs] [Times: user=0.04 sys=0.00, real=0.01 secs] 
320679.803: [GC (Allocation Failure) 320679.803: [ParNew: 422366K->3135K(471872K), 0.0099828 secs] 1959573K->1541132K(4141888K), 0.0100924 secs] [Times: user=0.08 sys=0.01, real=0.01 secs] 
320683.144: [GC (Allocation Failure) 320683.144: [ParNew: 422591K->2921K(471872K), 0.0059322 secs] 1960588K->1542473K(4141888K), 0.0060368 secs] [Times: user=0.04 sys=0.00, real=0.00 secs] 
320685.834: [GC (Allocation Failure) 320685.834: [ParNew: 422212K->4290K(471872K), 0.0076473 secs] 1961764K->1544666K(4141888K), 0.0077911 secs] [Times: user=0.06 sys=0.01, real=0.00 secs] 
320688.734: [GC (Allocation Failure) 320688.734: [ParNew: 423746K->3378K(471872K), 0.0068743 secs] 1964122K->1544461K(4141888K), 0.0070080 secs] [Times: user=0.05 sys=0.00, real=0.00 secs] 
320691.876: [GC (Allocation Failure) 320691.876: [ParNew: 422834K->3338K(471872K), 0.0066468 secs] 1963917K->1545054K(4141888K), 0.0067446 secs] [Times: user=0.05 sys=0.00, real=0.00 secs] 
320695.891: [GC (Allocation Failure) 320695.891: [ParNew: 422794K->4269K(471872K), 0.0058025 secs] 1964510K->1547023K(4141888K), 0.0059023 secs] [Times: user=0.04 sys=0.00, real=0.01 secs] 
320699.882: [GC (Allocation Failure) 320699.882: [ParNew: 423725K->4294K(471872K), 0.0060156 secs] 1966479K->1548309K(4141888K), 0.0061275 secs] [Times: user=0.04 sys=0.00, real=0.01 secs] 
320703.119: [GC (Allocation Failure) 320703.119: [ParNew: 423750K->2561K(471872K), 0.0058110 secs] 1967765K->1547431K(4141888K), 0.0059153 secs] [Times: user=0.04 sys=0.00, real=0.01 secs] 
320713.062: [GC (Allocation Failure) 320713.062: [ParNew: 422017K->3723K(471872K), 0.0114578 secs] 1966887K->1549601K(4141888K), 0.0115690 secs] [Times: user=0.08 sys=0.00, real=0.02 secs] 
320720.151: [GC (Allocation Failure) 320720.151: [ParNew: 423147K->6756K(471872K), 0.0078038 secs] 1969025K->1554569K(4141888K), 0.0079144 secs] [Times: user=0.06 sys=0.00, real=0.01 secs] 
320726.599: [GC (Allocation Failure) 320726.600: [ParNew: 426212K->3269K(471872K), 0.0080654 secs] 1974025K->1555261K(4141888K), 0.0082016 secs] [Times: user=0.06 sys=0.00, real=0.01 secs] 
320733.689: [GC (Allocation Failure) 320733.689: [ParNew: 422725K->4137K(471872K), 0.0061806 secs] 1974717K->1557624K(4141888K), 0.0062941 secs] [Times: user=0.04 sys=0.00, real=0.01 secs] 
320743.144: [GC (Allocation Failure) 320743.144: [ParNew: 423593K->4119K(471872K), 0.0067252 secs] 1977080K->1558997K(4141888K), 0.0068433 secs] [Times: user=0.05 sys=0.00, real=0.00 secs] 
320746.876: [GC (Allocation Failure) 320746.876: [ParNew: 423307K->7363K(471872K), 0.0080820 secs] 1978185K->1564211K(4141888K), 0.0081879 secs] [Times: user=0.05 sys=0.00, real=0.01 secs] 
320749.838: [GC (Allocation Failure) 320749.838: [ParNew: 426819K->3797K(471872K), 0.0057160 secs] 1983667K->1561393K(4141888K), 0.0058207 secs] [Times: user=0.04 sys=0.00, real=0.01 secs] 
320754.325: [GC (Allocation Failure) 320754.325: [ParNew: 423253K->5518K(471872K), 0.0055754 secs] 1980849K->1563648K(4141888K), 0.0056700 secs] [Times: user=0.04 sys=0.00, real=0.00 secs] 
320763.113: [GC (Allocation Failure) 320763.113: [ParNew: 424974K->4924K(471872K), 0.0081541 secs] 1983104K->1564668K(4141888K), 0.0082550 secs] [Times: user=0.05 sys=0.00, real=0.01 secs] 
320774.609: [GC (Allocation Failure) 320774.609: [ParNew: 422554K->4339K(471872K), 0.0081340 secs] 1982298K->1567035K(4141888K), 0.0082540 secs] [Times: user=0.05 sys=0.00, real=0.01 secs] 
320783.109: [GC (Allocation Failure) 320783.109: [ParNew: 423795K->6395K(471872K), 0.0080991 secs] 1986491K->1571463K(4141888K), 0.0082336 secs] [Times: user=0.05 sys=0.01, real=0.01 secs] 
320795.411: [GC (Allocation Failure) 320795.411: [ParNew: 425851K->4799K(471872K), 0.0089038 secs] 1990919K->1574149K(4141888K), 0.0090284 secs] [Times: user=0.06 sys=0.00, real=0.01 secs] 
320809.760: [GC (Allocation Failure) 320809.760: [ParNew: 424255K->5504K(471872K), 0.0099019 secs] 1993605K->1577677K(4141888K), 0.0100260 secs] [Times: user=0.07 sys=0.00, real=0.01 secs] 
320819.688: [GC (Allocation Failure) 320819.688: [ParNew: 424960K->5336K(471872K), 0.0084807 secs] 1997133K->1580366K(4141888K), 0.0085903 secs] [Times: user=0.06 sys=0.00, real=0.01 secs] 
320825.900: [GC (Allocation Failure) 320825.900: [ParNew: 424792K->4372K(471872K), 0.0073659 secs] 1999822K->1581848K(4141888K), 0.0074700 secs] [Times: user=0.06 sys=0.00, real=0.01 secs] 
320833.064: [GC (Allocation Failure) 320833.064: [ParNew: 423828K->4603K(471872K), 0.0076851 secs] 2001304K->1583648K(4141888K), 0.0077830 secs] [Times: user=0.05 sys=0.00, real=0.00 secs] 
320837.761: [GC (Allocation Failure) 320837.761: [ParNew: 424059K->6004K(471872K), 0.0096391 secs] 2003104K->1586535K(4141888K), 0.0097542 secs] [Times: user=0.07 sys=0.00, real=0.01 secs] 
320847.689: [GC (Allocation Failure) 320847.689: [ParNew: 425460K->3914K(471872K), 0.0083403 secs] 2005991K->1588055K(4141888K), 0.0084551 secs] [Times: user=0.06 sys=0.00, real=0.01 secs] 
320860.159: [GC (Allocation Failure) 320860.159: [ParNew: 423370K->4984K(471872K), 0.0103413 secs] 2007511K->1591507K(4141888K), 0.0104726 secs] [Times: user=0.07 sys=0.00, real=0.01 secs] 
320869.837: [GC (Allocation Failure) 320869.837: [ParNew: 424440K->5203K(471872K), 0.0092767 secs] 2010963K->1594457K(4141888K), 0.0093913 secs] [Times: user=0.07 sys=0.01, real=0.01 secs] 
320875.455: [GC (Allocation Failure) 320875.455: [ParNew: 424659K->3472K(471872K), 0.0074668 secs] 2013913K->1594887K(4141888K), 0.0076017 secs] [Times: user=0.05 sys=0.00, real=0.00 secs] 
320882.861: [GC (Allocation Failure) 320882.861: [ParNew: 422928K->7442K(471872K), 0.0070082 secs] 2014343K->1600316K(4141888K), 0.0071259 secs] [Times: user=0.05 sys=0.00, real=0.01 secs] 
320886.429: [GC (Allocation Failure) 320886.429: [ParNew: 426686K->6558K(471872K), 0.0081418 secs] 2019560K->1601768K(4141888K), 0.0082688 secs] [Times: user=0.06 sys=0.00, real=0.01 secs] 
320891.297: [GC (Allocation Failure) 320891.297: [ParNew: 425674K->4779K(471872K), 0.0057513 secs] 2020883K->1601243K(4141888K), 0.0058438 secs] [Times: user=0.04 sys=0.00, real=0.00 secs] 
320893.401: [GC (Allocation Failure) 320893.401: [ParNew: 424235K->5297K(471872K), 0.0056627 secs] 2020699K->1603010K(4141888K), 0.0057718 secs] [Times: user=0.04 sys=0.00, real=0.01 secs] 
320898.328: [GC (Allocation Failure) 320898.328: [ParNew: 424753K->3714K(471872K), 0.0067238 secs] 2022466K->1601940K(4141888K), 0.0068524 secs] [Times: user=0.05 sys=0.00, real=0.01 secs] 
320902.030: [GC (Allocation Failure) 320902.030: [ParNew: 423170K->5238K(471872K), 0.0078671 secs] 2021396K->1604849K(4141888K), 0.0080259 secs] [Times: user=0.05 sys=0.00, real=0.01 secs] 
320906.429: [GC (Allocation Failure) 320906.429: [ParNew: 424694K->3239K(471872K), 0.0058231 secs] 2024305K->1606592K(4141888K), 0.0059369 secs] [Times: user=0.04 sys=0.00, real=0.01 secs] 
320911.436: [GC (Allocation Failure) 320911.436: [ParNew: 422695K->3237K(471872K), 0.0053560 secs] 2026048K->1607851K(4141888K), 0.0054522 secs] [Times: user=0.04 sys=0.00, real=0.00 secs] 
320917.589: [GC (Allocation Failure) 320917.590: [ParNew: 422693K->3533K(471872K), 0.0062877 secs] 2027307K->1609366K(4141888K), 0.0064125 secs] [Times: user=0.04 sys=0.01, real=0.01 secs] 
320924.260: [GC (Allocation Failure) 320924.260: [ParNew: 422989K->4732K(471872K), 0.0063072 secs] 2028822K->1612149K(4141888K), 0.0064197 secs] [Times: user=0.05 sys=0.00, real=0.01 secs] 
320926.755: [GC (Allocation Failure) 320926.755: [ParNew: 424188K->4205K(471872K), 0.0075413 secs] 2031605K->1613317K(4141888K), 0.0076415 secs] [Times: user=0.05 sys=0.00, real=0.00 secs] 
320930.249: [GC (Allocation Failure) 320930.249: [ParNew: 423661K->2952K(471872K), 0.0048171 secs] 2032773K->1612595K(4141888K), 0.0049173 secs] [Times: user=0.04 sys=0.00, real=0.01 secs] 
320932.606: [GC (Allocation Failure) 320932.606: [ParNew: 422408K->2684K(471872K), 0.0068833 secs] 2032051K->1613169K(4141888K), 0.0069909 secs] [Times: user=0.05 sys=0.00, real=0.00 secs] 
320933.799: [GC (Allocation Failure) 320933.799: [ParNew: 422140K->1911K(471872K), 0.0050790 secs] 2032625K->1613259K(4141888K), 0.0051794 secs] [Times: user=0.04 sys=0.00, real=0.01 secs] 
320935.914: [GC (Allocation Failure) 320935.914: [ParNew: 421367K->3043K(471872K), 0.0047799 secs] 2032715K->1614775K(4141888K), 0.0048705 secs] [Times: user=0.03 sys=0.00, real=0.00 secs] 
320937.419: [GC (Allocation Failure) 320937.419: [ParNew: 422499K->4821K(471872K), 0.0049551 secs] 2034231K->1617241K(4141888K), 0.0050518 secs] [Times: user=0.03 sys=0.00, real=0.01 secs] 
320939.790: [GC (Allocation Failure) 320939.790: [ParNew: 424277K->4378K(471872K), 0.0064203 secs] 2036697K->1617585K(4141888K), 0.0065234 secs] [Times: user=0.05 sys=0.00, real=0.01 secs] 
320941.887: [GC (Allocation Failure) 320941.887: [ParNew: 423834K->6341K(471872K), 0.0055414 secs] 2037041K->1620181K(4141888K), 0.0056439 secs] [Times: user=0.04 sys=0.00, real=0.00 secs] 
320943.293: [GC (Allocation Failure) 320943.293: [ParNew: 425797K->5326K(471872K), 0.0060237 secs] 2039637K->1619769K(4141888K), 0.0061151 secs] [Times: user=0.04 sys=0.00, real=0.01 secs] 
320945.282: [GC (Allocation Failure) 320945.282: [ParNew: 424782K->4540K(471872K), 0.0055163 secs] 2039225K->1619664K(4141888K), 0.0056180 secs] [Times: user=0.04 sys=0.00, real=0.01 secs] 
320948.007: [GC (Allocation Failure) 320948.007: [ParNew: 423996K->2360K(471872K), 0.0093735 secs] 2039120K->1617915K(4141888K), 0.0094771 secs] [Times: user=0.07 sys=0.00, real=0.01 secs] 
320949.986: [GC (Allocation Failure) 320949.986: [ParNew: 421816K->2080K(471872K), 0.0051240 secs] 2037371K->1618651K(4141888K), 0.0052219 secs] [Times: user=0.03 sys=0.00, real=0.00 secs] 
320957.776: [GC (Allocation Failure) 320957.776: [ParNew: 421536K->3765K(471872K), 0.0078117 secs] 2038107K->1621314K(4141888K), 0.0079308 secs] [Times: user=0.04 sys=0.00, real=0.01 secs] 
320964.612: [GC (Allocation Failure) 320964.612: [ParNew: 423221K->6574K(471872K), 0.0095177 secs] 2040770K->1626551K(4141888K), 0.0096252 secs] [Times: user=0.07 sys=0.00, real=0.01 secs] 
320977.175: [GC (Allocation Failure) 320977.175: [ParNew: 426030K->4725K(471872K), 0.0086131 secs] 2046007K->1628836K(4141888K), 0.0087496 secs] [Times: user=0.06 sys=0.00, real=0.01 secs] 
320987.778: [GC (Allocation Failure) 320987.778: [ParNew: 424181K->5340K(471872K), 0.0099975 secs] 2048292K->1632147K(4141888K), 0.0101176 secs] [Times: user=0.07 sys=0.00, real=0.01 secs] 
320998.700: [GC (Allocation Failure) 320998.700: [ParNew: 424796K->5161K(471872K), 0.0077945 secs] 2051603K->1634138K(4141888K), 0.0078955 secs] [Times: user=0.05 sys=0.00, real=0.01 secs] 
321006.001: [GC (Allocation Failure) 321006.001: [ParNew: 424617K->6836K(471872K), 0.0068317 secs] 2053594K->1638373K(4141888K), 0.0069441 secs] [Times: user=0.04 sys=0.00, real=0.01 secs] 
321018.572: [GC (Allocation Failure) 321018.572: [ParNew: 426292K->5313K(471872K), 0.0092101 secs] 2057829K->1638642K(4141888K), 0.0093202 secs] [Times: user=0.07 sys=0.00, real=0.01 secs] 
321025.483: [GC (Allocation Failure) 321025.483: [ParNew: 424769K->6718K(471872K), 0.0083972 secs] 2058098K->1643105K(4141888K), 0.0085021 secs] [Times: user=0.05 sys=0.01, real=0.01 secs] 
321038.838: [GC (Allocation Failure) 321038.838: [ParNew: 426174K->5185K(471872K), 0.0091153 secs] 2062561K->1645647K(4141888K), 0.0092321 secs] [Times: user=0.05 sys=0.00, real=0.01 secs] 
321051.954: [GC (Allocation Failure) 321051.954: [ParNew: 424641K->5398K(471872K), 0.0092618 secs] 2065103K->1648764K(4141888K), 0.0093696 secs] [Times: user=0.07 sys=0.00, real=0.00 secs] 
321058.872: [GC (Allocation Failure) 321058.872: [ParNew: 424854K->5232K(471872K), 0.0066127 secs] 2068220K->1651302K(4141888K), 0.0067117 secs] [Times: user=0.05 sys=0.00, real=0.01 secs] 
321064.650: [GC (Allocation Failure) 321064.650: [ParNew: 424688K->4459K(471872K), 0.0065584 secs] 2070758K->1651924K(4141888K), 0.0066637 secs] [Times: user=0.04 sys=0.00, real=0.01 secs] 
321069.615: [GC (Allocation Failure) 321069.615: [ParNew: 423915K->4058K(471872K), 0.0069338 secs] 2071380K->1653280K(4141888K), 0.0070386 secs] [Times: user=0.05 sys=0.00, real=0.00 secs] 
321075.178: [GC (Allocation Failure) 321075.178: [ParNew: 423514K->3710K(471872K), 0.0075404 secs] 2072736K->1654550K(4141888K), 0.0076601 secs] [Times: user=0.06 sys=0.00, real=0.01 secs] 
321083.129: [GC (Allocation Failure) 321083.129: [ParNew: 423166K->3552K(471872K), 0.0059681 secs] 2074006K->1655446K(4141888K), 0.0060666 secs] [Times: user=0.04 sys=0.00, real=0.01 secs] 
321093.056: [GC (Allocation Failure) 321093.056: [ParNew: 423008K->7016K(471872K), 0.0094898 secs] 2074902K->1660815K(4141888K), 0.0095933 secs] [Times: user=0.07 sys=0.00, real=0.01 secs] 
321102.143: [GC (Allocation Failure) 321102.143: [ParNew: 426472K->5104K(471872K), 0.0090864 secs] 2080271K->1663687K(4141888K), 0.0091957 secs] [Times: user=0.05 sys=0.00, real=0.01 secs] 
321113.070: [GC (Allocation Failure) 321113.070: [ParNew: 424560K->5968K(471872K), 0.0094993 secs] 2083143K->1666756K(4141888K), 0.0095936 secs] [Times: user=0.06 sys=0.00, real=0.01 secs] 
321121.752: [GC (Allocation Failure) 321121.752: [ParNew: 425424K->6213K(471872K), 0.0090568 secs] 2086212K->1669981K(4141888K), 0.0091676 secs] [Times: user=0.05 sys=0.00, real=0.01 secs] 
321123.935: [GC (Allocation Failure) 321123.935: [ParNew: 423586K->21693K(471872K), 0.0073520 secs] 2087354K->1687801K(4141888K), 0.0074755 secs] [Times: user=0.05 sys=0.00, real=0.00 secs] 
321125.866: [GC (Allocation Failure) 321125.866: [ParNew: 440860K->25791K(471872K), 0.0066839 secs] 2106968K->1693051K(4141888K), 0.0068136 secs] [Times: user=0.05 sys=0.00, real=0.00 secs] 
321126.236: [GC (Allocation Failure) 321126.236: [ParNew: 445247K->5969K(471872K), 0.0041811 secs] 2112507K->1674027K(4141888K), 0.0042627 secs] [Times: user=0.03 sys=0.00, real=0.00 secs] 
321127.259: [GC (Allocation Failure) 321127.259: [ParNew: 425425K->19764K(471872K), 0.0055085 secs] 2093483K->1688059K(4141888K), 0.0056168 secs] [Times: user=0.04 sys=0.00, real=0.01 secs] 
321128.152: [GC (Allocation Failure) 321128.152: [ParNew: 439220K->20796K(471872K), 0.0069526 secs] 2107515K->1689892K(4141888K), 0.0070635 secs] [Times: user=0.05 sys=0.00, real=0.01 secs] 
321129.875: [GC (Allocation Failure) 321129.875: [ParNew: 440252K->10461K(471872K), 0.0049474 secs] 2109348K->1679830K(4141888K), 0.0050410 secs] [Times: user=0.04 sys=0.00, real=0.00 secs] 
321132.347: [GC (Allocation Failure) 321132.347: [ParNew: 429917K->6091K(471872K), 0.0057491 secs] 2099286K->1676012K(4141888K), 0.0058761 secs] [Times: user=0.04 sys=0.00, real=0.00 secs] 
321134.552: [GC (Allocation Failure) 321134.552: [ParNew: 425547K->3627K(471872K), 0.0062528 secs] 2095468K->1674754K(4141888K), 0.0063478 secs] [Times: user=0.04 sys=0.00, real=0.01 secs] 
321136.015: [GC (Allocation Failure) 321136.016: [ParNew: 420944K->23215K(471872K), 0.0069749 secs] 2092071K->1695096K(4141888K), 0.0071108 secs] [Times: user=0.05 sys=0.00, real=0.00 secs] 
321137.046: [GC (Allocation Failure) 321137.046: [ParNew: 442671K->5302K(471872K), 0.0051191 secs] 2114552K->1677840K(4141888K), 0.0052269 secs] [Times: user=0.04 sys=0.00, real=0.00 secs] 
321144.470: [GC (Allocation Failure) 321144.470: [ParNew: 423538K->23276K(471872K), 0.0129574 secs] 2096076K->1697806K(4141888K), 0.0130705 secs] [Times: user=0.09 sys=0.00, real=0.01 secs] 
321150.142: [GC (Allocation Failure) 321150.142: [ParNew: 442732K->7983K(471872K), 0.0082436 secs] 2117262K->1684569K(4141888K), 0.0083648 secs] [Times: user=0.05 sys=0.00, real=0.01 secs] 
321155.420: [GC (Allocation Failure) 321155.420: [ParNew: 427439K->4213K(471872K), 0.0078231 secs] 2104025K->1684987K(4141888K), 0.0079275 secs] [Times: user=0.06 sys=0.00, real=0.01 secs] 
321155.983: [GC (Allocation Failure) 321155.983: [ParNew: 423669K->9700K(471872K), 0.0080523 secs] 2104443K->1692308K(4141888K), 0.0081544 secs] [Times: user=0.06 sys=0.00, real=0.01 secs] 
321156.475: [GC (GCLocker Initiated GC) 321156.475: [ParNew: 429284K->4775K(471872K), 0.0051371 secs] 2111892K->1693193K(4141888K), 0.0052303 secs] [Times: user=0.03 sys=0.00, real=0.00 secs] 
321156.994: [GC (GCLocker Initiated GC) 321156.994: [ParNew: 424244K->4110K(471872K), 0.0044627 secs] 2112662K->1692978K(4141888K), 0.0045502 secs] [Times: user=0.03 sys=0.00, real=0.01 secs] 
321157.384: [GC (Allocation Failure) 321157.384: [ParNew: 423566K->5106K(471872K), 0.0070492 secs] 2112434K->1694464K(4141888K), 0.0071432 secs] [Times: user=0.05 sys=0.00, real=0.00 secs] 
321158.097: [GC (Allocation Failure) 321158.097: [ParNew: 424562K->5169K(471872K), 0.0054995 secs] 2113920K->1695094K(4141888K), 0.0056088 secs] [Times: user=0.04 sys=0.00, real=0.00 secs] 
321158.590: [GC (Allocation Failure) 321158.590: [ParNew: 424625K->4037K(471872K), 0.0052668 secs] 2114550K->1694802K(4141888K), 0.0053519 secs] [Times: user=0.04 sys=0.00, real=0.01 secs] 
321163.054: [GC (Allocation Failure) 321163.054: [ParNew: 423493K->3480K(471872K), 0.0078063 secs] 2114258K->1694620K(4141888K), 0.0079033 secs] [Times: user=0.06 sys=0.00, real=0.01 secs] 
321172.971: [GC (Allocation Failure) 321172.971: [ParNew: 422936K->4847K(471872K), 0.0085270 secs] 2114076K->1697299K(4141888K), 0.0086376 secs] [Times: user=0.06 sys=0.00, real=0.01 secs] 
321183.052: [GC (Allocation Failure) 321183.052: [ParNew: 424303K->6167K(471872K), 0.0087010 secs] 2116755K->1701545K(4141888K), 0.0088077 secs] [Times: user=0.05 sys=0.00, real=0.01 secs] 
321191.938: [GC (Allocation Failure) 321191.938: [ParNew: 425623K->6278K(471872K), 0.0116172 secs] 2121001K->1704784K(4141888K), 0.0117415 secs] [Times: user=0.08 sys=0.00, real=0.01 secs] 
321203.101: [GC (Allocation Failure) 321203.101: [ParNew: 425734K->5218K(471872K), 0.0087123 secs] 2124240K->1706571K(4141888K), 0.0088318 secs] [Times: user=0.06 sys=0.00, real=0.01 secs] 
321213.101: [GC (Allocation Failure) 321213.101: [ParNew: 424674K->8948K(471872K), 0.0090545 secs] 2126027K->1713355K(4141888K), 0.0091656 secs] [Times: user=0.07 sys=0.00, real=0.01 secs] 
321225.155: [GC (Allocation Failure) 321225.156: [ParNew: 428404K->4924K(471872K), 0.0102958 secs] 2132811K->1714551K(4141888K), 0.0104216 secs] [Times: user=0.08 sys=0.00, real=0.01 secs] 
321233.103: [GC (Allocation Failure) 321233.103: [ParNew: 424380K->5276K(471872K), 0.0072188 secs] 2134007K->1717421K(4141888K), 0.0073174 secs] [Times: user=0.05 sys=0.00, real=0.01 secs] 
321239.600: [GC (Allocation Failure) 321239.600: [ParNew: 424732K->4188K(471872K), 0.0060063 secs] 2136877K->1718372K(4141888K), 0.0060993 secs] [Times: user=0.05 sys=0.00, real=0.01 secs] 
321246.700: [GC (Allocation Failure) 321246.700: [ParNew: 423644K->4122K(471872K), 0.0072038 secs] 2137828K->1719690K(4141888K), 0.0073089 secs] [Times: user=0.05 sys=0.00, real=0.01 secs] 
321253.721: [GC (Allocation Failure) 321253.721: [ParNew: 423578K->4782K(471872K), 0.0083061 secs] 2139146K->1722750K(4141888K), 0.0084707 secs] [Times: user=0.06 sys=0.00, real=0.01 secs] 
321264.325: [GC (Allocation Failure) 321264.325: [ParNew: 424238K->5318K(471872K), 0.0063615 secs] 2142206K->1725418K(4141888K), 0.0064761 secs] [Times: user=0.05 sys=0.01, real=0.00 secs] 
321274.779: [GC (Allocation Failure) 321274.779: [ParNew: 424774K->6641K(471872K), 0.0084283 secs] 2144874K->1729132K(4141888K), 0.0085560 secs] [Times: user=0.06 sys=0.00, real=0.01 secs] 
321287.581: [GC (Allocation Failure) 321287.581: [ParNew: 426071K->5758K(471872K), 0.0112736 secs] 2148561K->1732771K(4141888K), 0.0114799 secs] [Times: user=0.08 sys=0.00, real=0.01 secs] 
321295.155: [GC (Allocation Failure) 321295.155: [ParNew: 425214K->4791K(471872K), 0.0133347 secs] 2152227K->1734680K(4141888K), 0.0134892 secs] [Times: user=0.07 sys=0.01, real=0.01 secs] 
321303.726: [GC (Allocation Failure) 321303.726: [ParNew: 424247K->4498K(471872K), 0.0085085 secs] 2154136K->1736069K(4141888K), 0.0086463 secs] [Times: user=0.06 sys=0.00, real=0.01 secs] 
321312.863: [GC (Allocation Failure) 321312.863: [ParNew: 423607K->7047K(471872K), 0.0157865 secs] 2155177K->1740746K(4141888K), 0.0159758 secs] [Times: user=0.09 sys=0.00, real=0.02 secs] 
321323.078: [GC (Allocation Failure) 321323.078: [ParNew: 426503K->5194K(471872K), 0.0090459 secs] 2160202K->1741117K(4141888K), 0.0091819 secs] [Times: user=0.06 sys=0.00, real=0.01 secs] 
321333.082: [GC (Allocation Failure) 321333.083: [ParNew: 424650K->7181K(471872K), 0.0098925 secs] 2160573K->1745736K(4141888K), 0.0100325 secs] [Times: user=0.07 sys=0.00, real=0.01 secs] 
321339.992: [GC (Allocation Failure) 321339.992: [ParNew: 426637K->6040K(471872K), 0.0100087 secs] 2165192K->1749060K(4141888K), 0.0101824 secs] [Times: user=0.07 sys=0.00, real=0.01 secs] 
321348.101: [GC (Allocation Failure) 321348.101: [ParNew: 425496K->5026K(471872K), 0.0085154 secs] 2168516K->1749365K(4141888K), 0.0086523 secs] [Times: user=0.06 sys=0.00, real=0.01 secs] 
321358.379: [GC (Allocation Failure) 321358.379: [ParNew: 424482K->4692K(471872K), 0.0098624 secs] 2168821K->1750844K(4141888K), 0.0099986 secs] [Times: user=0.07 sys=0.00, real=0.01 secs] 
321365.475: [GC (Allocation Failure) 321365.475: [ParNew: 424148K->4534K(471872K), 0.0083123 secs] 2170300K->1752984K(4141888K), 0.0084464 secs] [Times: user=0.06 sys=0.00, real=0.00 secs] 
321373.062: [GC (Allocation Failure) 321373.062: [ParNew: 423990K->4858K(471872K), 0.0092768 secs] 2172440K->1755238K(4141888K), 0.0094199 secs] [Times: user=0.07 sys=0.00, real=0.01 secs] 
321379.960: [GC (Allocation Failure) 321379.960: [ParNew: 424314K->5541K(471872K), 0.0097841 secs] 2174694K->1757906K(4141888K), 0.0099573 secs] [Times: user=0.07 sys=0.00, real=0.01 secs] 
321387.236: [GC (Allocation Failure) 321387.237: [ParNew: 424997K->3892K(471872K), 0.0108558 secs] 2177362K->1758120K(4141888K), 0.0110181 secs] [Times: user=0.08 sys=0.01, real=0.01 secs] 
321397.980: [GC (Allocation Failure) 321397.980: [ParNew: 423348K->6127K(471872K), 0.0102847 secs] 2177576K->1762154K(4141888K), 0.0104371 secs] [Times: user=0.08 sys=0.00, real=0.01 secs] 
321406.945: [GC (Allocation Failure) 321406.945: [ParNew: 425583K->18284K(471872K), 0.0120707 secs] 2181610K->1778984K(4141888K), 0.0122301 secs] [Times: user=0.09 sys=0.00, real=0.01 secs] 
321409.046: [GC (Allocation Failure) 321409.047: [ParNew: 437740K->7467K(471872K), 0.0074352 secs] 2198440K->1770087K(4141888K), 0.0075609 secs] [Times: user=0.05 sys=0.00, real=0.01 secs] 
321411.890: [GC (Allocation Failure) 321411.890: [ParNew: 426923K->20104K(471872K), 0.0077470 secs] 2189543K->1783229K(4141888K), 0.0079269 secs] [Times: user=0.06 sys=0.00, real=0.01 secs] 
321413.122: [GC (Allocation Failure) 321413.122: [ParNew: 439560K->4639K(471872K), 0.0091024 secs] 2202685K->1768354K(4141888K), 0.0092460 secs] [Times: user=0.07 sys=0.00, real=0.01 secs] 
321414.901: [GC (Allocation Failure) 321414.901: [ParNew: 424095K->16364K(471872K), 0.0106940 secs] 2187810K->1780466K(4141888K), 0.0108391 secs] [Times: user=0.08 sys=0.00, real=0.01 secs] 
321416.268: [GC (Allocation Failure) 321416.268: [ParNew: 435820K->10310K(471872K), 0.0066414 secs] 2199922K->1774928K(4141888K), 0.0067815 secs] [Times: user=0.05 sys=0.00, real=0.01 secs] 
321420.899: [GC (Allocation Failure) 321420.899: [ParNew: 429766K->4809K(471872K), 0.0075349 secs] 2194384K->1769834K(4141888K), 0.0076701 secs] [Times: user=0.06 sys=0.00, real=0.01 secs] 
321424.967: [GC (Allocation Failure) 321424.967: [ParNew: 424265K->2437K(471872K), 0.0114606 secs] 2189290K->1770208K(4141888K), 0.0116098 secs] [Times: user=0.08 sys=0.00, real=0.01 secs] 
321432.632: [GC (Allocation Failure) 321432.632: [ParNew: 421893K->4491K(471872K), 0.0103309 secs] 2189664K->1773284K(4141888K), 0.0105172 secs] [Times: user=0.07 sys=0.00, real=0.01 secs] 
321436.703: [GC (Allocation Failure) 321436.704: [ParNew: 423947K->4539K(471872K), 0.0116501 secs] 2192740K->1775288K(4141888K), 0.0118019 secs] [Times: user=0.08 sys=0.00, real=0.02 secs] 
321443.051: [GC (Allocation Failure) 321443.051: [ParNew: 423990K->2981K(471872K), 0.0087121 secs] 2194740K->1775138K(4141888K), 0.0088663 secs] [Times: user=0.07 sys=0.00, real=0.01 secs] 
321452.288: [GC (Allocation Failure) 321452.288: [ParNew: 422437K->6271K(471872K), 0.0097301 secs] 2194594K->1779911K(4141888K), 0.0098638 secs] [Times: user=0.07 sys=0.00, real=0.01 secs] 
321459.132: [GC (Allocation Failure) 321459.132: [ParNew: 425727K->3633K(471872K), 0.0097676 secs] 2199367K->1781592K(4141888K), 0.0099709 secs] [Times: user=0.06 sys=0.00, real=0.01 secs] 
321463.137: [GC (Allocation Failure) 321463.138: [ParNew: 423089K->3454K(471872K), 0.0075371 secs] 2201048K->1783020K(4141888K), 0.0076619 secs] [Times: user=0.05 sys=0.00, real=0.01 secs] 
321465.115: [GC (Allocation Failure) 321465.115: [ParNew: 422910K->2569K(471872K), 0.0066602 secs] 2202476K->1783082K(4141888K), 0.0068017 secs] [Times: user=0.05 sys=0.00, real=0.00 secs] 
321473.084: [GC (Allocation Failure) 321473.084: [ParNew: 422025K->3594K(471872K), 0.0089353 secs] 2202538K->1784540K(4141888K), 0.0091032 secs] [Times: user=0.06 sys=0.00, real=0.00 secs] 
321483.064: [GC (Allocation Failure) 321483.064: [ParNew: 423050K->4126K(471872K), 0.0094175 secs] 2203996K->1787392K(4141888K), 0.0095434 secs] [Times: user=0.07 sys=0.00, real=0.01 secs] 
321489.183: [GC (Allocation Failure) 321489.183: [ParNew: 423582K->4419K(471872K), 0.0104183 secs] 2206848K->1789787K(4141888K), 0.0105962 secs] [Times: user=0.07 sys=0.00, real=0.01 secs] 
321493.102: [GC (Allocation Failure) 321493.102: [ParNew: 423875K->3994K(471872K), 0.0097814 secs] 2209243K->1790757K(4141888K), 0.0099020 secs] [Times: user=0.07 sys=0.00, real=0.01 secs] 
321498.548: [GC (Allocation Failure) 321498.548: [ParNew: 423450K->3235K(471872K), 0.0087693 secs] 2210213K->1791182K(4141888K), 0.0089315 secs] [Times: user=0.06 sys=0.00, real=0.01 secs] 
321511.548: [GC (Allocation Failure) 321511.548: [ParNew: 422611K->11488K(471872K), 0.0101493 secs] 2210558K->1801193K(4141888K), 0.0103285 secs] [Times: user=0.07 sys=0.00, real=0.01 secs] 
321523.050: [GC (Allocation Failure) 321523.050: [ParNew: 430944K->8622K(471872K), 0.0120346 secs] 2220649K->1801031K(4141888K), 0.0121635 secs] [Times: user=0.08 sys=0.01, real=0.01 secs] 
321533.388: [GC (Allocation Failure) 321533.389: [ParNew: 428078K->4370K(471872K), 0.0112472 secs] 2220487K->1801651K(4141888K), 0.0113773 secs] [Times: user=0.07 sys=0.00, real=0.01 secs] 
321544.189: [GC (Allocation Failure) 321544.189: [ParNew: 423826K->5178K(471872K), 0.0100461 secs] 2221107K->1804754K(4141888K), 0.0102649 secs] [Times: user=0.07 sys=0.00, real=0.01 secs] 
321546.833: [GC (Allocation Failure) 321546.833: [ParNew: 424634K->4498K(471872K), 0.0085526 secs] 2224210K->1806492K(4141888K), 0.0087016 secs] [Times: user=0.06 sys=0.00, real=0.01 secs] 
321550.367: [GC (Allocation Failure) 321550.367: [ParNew: 423954K->3065K(471872K), 0.0064780 secs] 2225948K->1805958K(4141888K), 0.0066173 secs] [Times: user=0.05 sys=0.00, real=0.01 secs] 
321553.135: [GC (Allocation Failure) 321553.135: [ParNew: 422521K->2967K(471872K), 0.0073457 secs] 2225414K->1807045K(4141888K), 0.0074679 secs] [Times: user=0.06 sys=0.00, real=0.00 secs] 
321558.897: [GC (Allocation Failure) 321558.897: [ParNew: 422423K->5997K(471872K), 0.0078478 secs] 2226501K->1811213K(4141888K), 0.0079813 secs] [Times: user=0.05 sys=0.00, real=0.01 secs] 
321562.071: [GC (Allocation Failure) 321562.072: [ParNew: 425453K->4449K(471872K), 0.0113932 secs] 2230669K->1811289K(4141888K), 0.0115244 secs] [Times: user=0.05 sys=0.00, real=0.01 secs] 
321566.628: [GC (Allocation Failure) 321566.628: [ParNew: 423905K->2502K(471872K), 0.0130183 secs] 2230745K->1810099K(4141888K), 0.0131735 secs] [Times: user=0.06 sys=0.00, real=0.01 secs] 
321573.060: [GC (Allocation Failure) 321573.060: [ParNew: 421958K->5465K(471872K), 0.0104124 secs] 2229555K->1814091K(4141888K), 0.0105341 secs] [Times: user=0.06 sys=0.00, real=0.01 secs] 
321578.160: [GC (Allocation Failure) 321578.160: [ParNew: 424841K->3223K(471872K), 0.0099173 secs] 2233467K->1815674K(4141888K), 0.0100504 secs] [Times: user=0.06 sys=0.00, real=0.01 secs] 
321583.101: [GC (Allocation Failure) 321583.101: [ParNew: 422679K->2897K(471872K), 0.0094391 secs] 2235130K->1816408K(4141888K), 0.0095921 secs] [Times: user=0.07 sys=0.00, real=0.01 secs] 
321593.102: [GC (Allocation Failure) 321593.102: [ParNew: 422353K->4068K(471872K), 0.0086568 secs] 2235864K->1818634K(4141888K), 0.0088006 secs] [Times: user=0.06 sys=0.00, real=0.01 secs] 
321603.127: [GC (Allocation Failure) 321603.127: [ParNew: 423524K->4335K(471872K), 0.0118885 secs] 2238090K->1821442K(4141888K), 0.0120154 secs] [Times: user=0.08 sys=0.00, real=0.01 secs] 
321612.329: [GC (Allocation Failure) 321612.329: [ParNew: 423791K->3710K(471872K), 0.0113149 secs] 2240898K->1822956K(4141888K), 0.0114646 secs] [Times: user=0.08 sys=0.00, real=0.01 secs] 
321618.498: [GC (Allocation Failure) 321618.498: [ParNew: 423166K->3677K(471872K), 0.0096097 secs] 2242412K->1825045K(4141888K), 0.0097704 secs] [Times: user=0.07 sys=0.00, real=0.01 secs] 
321623.136: [GC (Allocation Failure) 321623.136: [ParNew: 423133K->2694K(471872K), 0.0080029 secs] 2244501K->1825318K(4141888K), 0.0081671 secs] [Times: user=0.06 sys=0.00, real=0.01 secs] 
321633.119: [GC (Allocation Failure) 321633.119: [ParNew: 422150K->3547K(471872K), 0.0080435 secs] 2244774K->1827588K(4141888K), 0.0081762 secs] [Times: user=0.06 sys=0.00, real=0.01 secs] 
321643.076: [GC (Allocation Failure) 321643.076: [ParNew: 423003K->6898K(471872K), 0.0177378 secs] 2247044K->1833204K(4141888K), 0.0178819 secs] [Times: user=0.07 sys=0.00, real=0.01 secs] 
321653.157: [GC (Allocation Failure) 321653.157: [ParNew: 426354K->4302K(471872K), 0.0103996 secs] 2252660K->1835174K(4141888K), 0.0105375 secs] [Times: user=0.08 sys=0.00, real=0.01 secs] 
321668.000: [GC (Allocation Failure) 321668.000: [ParNew: 423758K->5382K(471872K), 0.0108672 secs] 2254630K->1838791K(4141888K), 0.0110047 secs] [Times: user=0.08 sys=0.00, real=0.01 secs] 
321673.959: [GC (Allocation Failure) 321673.959: [ParNew: 423169K->25528K(471872K), 0.0120950 secs] 2256579K->1862056K(4141888K), 0.0122391 secs] [Times: user=0.08 sys=0.00, real=0.01 secs] 
321677.014: [GC (Allocation Failure) 321677.014: [ParNew: 444018K->6808K(471872K), 0.0072949 secs] 2280546K->1845128K(4141888K), 0.0074192 secs] [Times: user=0.05 sys=0.00, real=0.00 secs] 
321680.873: [GC (Allocation Failure) 321680.873: [ParNew: 424698K->6316K(471872K), 0.0090944 secs] 2263018K->1845260K(4141888K), 0.0092608 secs] [Times: user=0.06 sys=0.00, real=0.01 secs] 
321682.028: [GC (Allocation Failure) 321682.028: [ParNew: 425772K->20210K(471872K), 0.0099436 secs] 2264716K->1860203K(4141888K), 0.0100860 secs] [Times: user=0.07 sys=0.00, real=0.01 secs] 
321683.174: [GC (Allocation Failure) 321683.174: [ParNew: 439666K->21298K(471872K), 0.0074942 secs] 2279659K->1862018K(4141888K), 0.0076223 secs] [Times: user=0.06 sys=0.00, real=0.00 secs] 
321684.980: [GC (Allocation Failure) 321684.981: [ParNew: 440754K->20978K(471872K), 0.0099786 secs] 2281474K->1862140K(4141888K), 0.0101253 secs] [Times: user=0.07 sys=0.00, real=0.01 secs] 
321687.046: [GC (Allocation Failure) 321687.046: [ParNew: 440434K->10808K(471872K), 0.0058253 secs] 2281596K->1852359K(4141888K), 0.0059375 secs] [Times: user=0.05 sys=0.00, real=0.00 secs] 
321690.919: [GC (Allocation Failure) 321690.919: [ParNew: 428555K->6536K(471872K), 0.0068202 secs] 2270106K->1848534K(4141888K), 0.0069504 secs] [Times: user=0.05 sys=0.00, real=0.01 secs] 
321691.384: [GC (Allocation Failure) 321691.384: [ParNew: 425426K->18383K(471872K), 0.0075584 secs] 2267423K->1861357K(4141888K), 0.0077079 secs] [Times: user=0.06 sys=0.00, real=0.00 secs] 
321692.314: [GC (Allocation Failure) 321692.314: [ParNew: 437839K->26556K(471872K), 0.0086543 secs] 2280813K->1869621K(4141888K), 0.0087979 secs] [Times: user=0.07 sys=0.00, real=0.00 secs] 
321692.802: [GC (Allocation Failure) 321692.802: [ParNew: 446012K->15580K(471872K), 0.0068180 secs] 2289077K->1859096K(4141888K), 0.0069389 secs] [Times: user=0.05 sys=0.00, real=0.01 secs] 
321693.122: [GC (Allocation Failure) 321693.122: [ParNew: 435036K->19509K(471872K), 0.0107972 secs] 2278552K->1866926K(4141888K), 0.0109278 secs] [Times: user=0.08 sys=0.00, real=0.01 secs] 
321693.547: [GC (Allocation Failure) 321693.547: [ParNew: 438965K->11388K(471872K), 0.0069717 secs] 2286382K->1861196K(4141888K), 0.0070902 secs] [Times: user=0.05 sys=0.00, real=0.01 secs] 
321694.064: [GC (Allocation Failure) 321694.064: [ParNew: 430844K->5920K(471872K), 0.0082341 secs] 2280652K->1856260K(4141888K), 0.0083510 secs] [Times: user=0.05 sys=0.00, real=0.00 secs] 
321694.742: [GC (Allocation Failure) 321694.742: [ParNew: 425376K->5362K(471872K), 0.0091973 secs] 2275716K->1856051K(4141888K), 0.0093196 secs] [Times: user=0.07 sys=0.00, real=0.01 secs] 
321695.123: [GC (Allocation Failure) 321695.123: [ParNew: 424818K->7760K(471872K), 0.0067508 secs] 2275507K->1859046K(4141888K), 0.0068657 secs] [Times: user=0.05 sys=0.01, real=0.01 secs] 
321695.596: [GC (Allocation Failure) 321695.596: [ParNew: 427216K->22671K(471872K), 0.0100676 secs] 2278502K->1876088K(4141888K), 0.0102112 secs] [Times: user=0.07 sys=0.00, real=0.01 secs] 
321696.028: [GC (Allocation Failure) 321696.029: [ParNew: 442127K->24094K(471872K), 0.0082577 secs] 2295544K->1880563K(4141888K), 0.0084145 secs] [Times: user=0.07 sys=0.00, real=0.01 secs] 
321696.801: [GC (Allocation Failure) 321696.801: [ParNew: 443550K->4739K(471872K), 0.0058008 secs] 2300019K->1861403K(4141888K), 0.0059469 secs] [Times: user=0.04 sys=0.00, real=0.01 secs] 
321697.356: [GC (Allocation Failure) 321697.356: [ParNew: 421307K->25151K(471872K), 0.0083573 secs] 2277972K->1882185K(4141888K), 0.0085028 secs] [Times: user=0.06 sys=0.00, real=0.01 secs] 
321703.050: [GC (Allocation Failure) 321703.050: [ParNew: 444607K->5761K(471872K), 0.0073363 secs] 2301641K->1862908K(4141888K), 0.0074522 secs] [Times: user=0.06 sys=0.00, real=0.01 secs] 
321707.029: [GC (Allocation Failure) 321707.029: [ParNew: 425217K->2832K(471872K), 0.0093700 secs] 2282364K->1863389K(4141888K), 0.0095007 secs] [Times: user=0.07 sys=0.00, real=0.01 secs] 
321712.182: [GC (Allocation Failure) 321712.182: [ParNew: 422288K->3656K(471872K), 0.0094282 secs] 2282845K->1865511K(4141888K), 0.0095524 secs] [Times: user=0.06 sys=0.00, real=0.01 secs] 
321718.084: [GC (Allocation Failure) 321718.084: [ParNew: 423112K->3866K(471872K), 0.0080304 secs] 2284967K->1867073K(4141888K), 0.0081651 secs] [Times: user=0.06 sys=0.00, real=0.00 secs] 
321724.410: [GC (Allocation Failure) 321724.410: [ParNew: 423322K->3024K(471872K), 0.0111916 secs] 2286529K->1867945K(4141888K), 0.0113155 secs] [Times: user=0.07 sys=0.00, real=0.01 secs] 
321733.803: [GC (Allocation Failure) 321733.803: [ParNew: 422480K->4682K(471872K), 0.0123714 secs] 2287401K->1871566K(4141888K), 0.0125197 secs] [Times: user=0.08 sys=0.00, real=0.02 secs] 
321743.150: [GC (Allocation Failure) 321743.150: [ParNew: 424138K->5449K(471872K), 0.0119270 secs] 2291022K->1875387K(4141888K), 0.0120779 secs] [Times: user=0.09 sys=0.00, real=0.01 secs] 
321753.915: [GC (Allocation Failure) 321753.915: [ParNew: 424905K->4361K(471872K), 0.0119925 secs] 2294843K->1877121K(4141888K), 0.0121224 secs] [Times: user=0.09 sys=0.00, real=0.01 secs] 
321763.400: [GC (Allocation Failure) 321763.400: [ParNew: 423817K->7120K(471872K), 0.0114576 secs] 2296577K->1882873K(4141888K), 0.0115869 secs] [Times: user=0.08 sys=0.00, real=0.01 secs] 
321771.989: [GC (Allocation Failure) 321771.989: [ParNew: 426576K->16223K(471872K), 0.0139251 secs] 2302329K->1897115K(4141888K), 0.0140622 secs] [Times: user=0.10 sys=0.00, real=0.01 secs] 
321780.577: [GC (Allocation Failure) 321780.577: [ParNew: 435679K->9054K(471872K), 0.0101031 secs] 2316571K->1892405K(4141888K), 0.0102527 secs] [Times: user=0.07 sys=0.00, real=0.01 secs] 
321792.646: [GC (Allocation Failure) 321792.646: [ParNew: 428510K->6151K(471872K), 0.0130185 secs] 2311861K->1893753K(4141888K), 0.0131696 secs] [Times: user=0.08 sys=0.00, real=0.01 secs] 
321799.538: [GC (Allocation Failure) 321799.538: [ParNew: 425607K->6576K(471872K), 0.0135717 secs] 2313209K->1897471K(4141888K), 0.0137726 secs] [Times: user=0.10 sys=0.00, real=0.01 secs] 
321807.756: [GC (Allocation Failure) 321807.756: [ParNew: 426032K->6159K(471872K), 0.0122772 secs] 2316927K->1900310K(4141888K), 0.0124308 secs] [Times: user=0.08 sys=0.00, real=0.01 secs] 
321818.727: [GC (Allocation Failure) 321818.727: [ParNew: 425615K->18337K(471872K), 0.0211253 secs] 2319766K->1915533K(4141888K), 0.0212993 secs] [Times: user=0.12 sys=0.01, real=0.02 secs] 
321832.353: [GC (Allocation Failure) 321832.353: [ParNew: 437793K->9737K(471872K), 0.0131432 secs] 2334989K->1912522K(4141888K), 0.0132966 secs] [Times: user=0.09 sys=0.00, real=0.02 secs] 
321843.156: [GC (Allocation Failure) 321843.156: [ParNew: 429193K->5577K(471872K), 0.0128394 secs] 2331978K->1912185K(4141888K), 0.0129740 secs] [Times: user=0.09 sys=0.00, real=0.01 secs] 
321854.460: [GC (Allocation Failure) 321854.461: [ParNew: 424721K->8022K(471872K), 0.0290448 secs] 2331329K->1917608K(4141888K), 0.0291588 secs] [Times: user=0.09 sys=0.00, real=0.03 secs] 
321863.057: [GC (Allocation Failure) 321863.057: [ParNew: 427478K->6225K(471872K), 0.0107168 secs] 2337064K->1918706K(4141888K), 0.0108056 secs] [Times: user=0.06 sys=0.00, real=0.01 secs] 
321868.795: [GC (Allocation Failure) 321868.795: [ParNew: 425681K->6259K(471872K), 0.0082699 secs] 2338162K->1921062K(4141888K), 0.0083660 secs] [Times: user=0.05 sys=0.00, real=0.00 secs] 
321874.806: [GC (Allocation Failure) 321874.806: [ParNew: 425715K->5449K(471872K), 0.0105914 secs] 2340518K->1922126K(4141888K), 0.0107180 secs] [Times: user=0.07 sys=0.00, real=0.01 secs] 
321876.975: [GC (Allocation Failure) 321876.975: [ParNew: 424725K->3907K(471872K), 0.0066179 secs] 2341401K->1921987K(4141888K), 0.0067546 secs] [Times: user=0.05 sys=0.00, real=0.00 secs] 
321880.504: [GC (Allocation Failure) 321880.504: [ParNew: 423363K->24446K(471872K), 0.0087968 secs] 2341443K->1942969K(4141888K), 0.0089510 secs] [Times: user=0.06 sys=0.00, real=0.00 secs] 
321886.496: [GC (Allocation Failure) 321886.496: [ParNew: 443902K->5859K(471872K), 0.0092289 secs] 2362425K->1925490K(4141888K), 0.0093480 secs] [Times: user=0.06 sys=0.00, real=0.01 secs] 
321892.938: [GC (Allocation Failure) 321892.938: [ParNew: 425315K->5467K(471872K), 0.0097044 secs] 2344946K->1929184K(4141888K), 0.0098734 secs] [Times: user=0.06 sys=0.00, real=0.01 secs] 
321897.787: [GC (Allocation Failure) 321897.787: [ParNew: 424923K->5561K(471872K), 0.0100659 secs] 2348640K->1930754K(4141888K), 0.0102186 secs] [Times: user=0.07 sys=0.00, real=0.01 secs] 
321903.369: [GC (Allocation Failure) 321903.370: [ParNew: 425017K->5201K(471872K), 0.0076138 secs] 2350210K->1931774K(4141888K), 0.0077409 secs] [Times: user=0.06 sys=0.00, real=0.01 secs] 
321910.042: [GC (Allocation Failure) 321910.042: [ParNew: 424657K->3957K(471872K), 0.0075617 secs] 2351230K->1931901K(4141888K), 0.0076976 secs] [Times: user=0.05 sys=0.00, real=0.01 secs] 
321914.818: [GC (Allocation Failure) 321914.818: [ParNew: 423413K->4858K(471872K), 0.0077126 secs] 2351357K->1934115K(4141888K), 0.0078447 secs] [Times: user=0.06 sys=0.00, real=0.01 secs] 
321921.037: [GC (Allocation Failure) 321921.037: [ParNew: 424314K->4944K(471872K), 0.0075535 secs] 2353571K->1935290K(4141888K), 0.0076965 secs] [Times: user=0.05 sys=0.00, real=0.01 secs] 
321923.835: [GC (Allocation Failure) 321923.835: [ParNew: 424400K->4869K(471872K), 0.0079186 secs] 2354746K->1936973K(4141888K), 0.0080541 secs] [Times: user=0.06 sys=0.00, real=0.00 secs] 
321933.101: [GC (Allocation Failure) 321933.101: [ParNew: 424325K->4023K(471872K), 0.0079259 secs] 2356429K->1936820K(4141888K), 0.0080513 secs] [Times: user=0.06 sys=0.01, real=0.01 secs] 
321941.655: [GC (Allocation Failure) 321941.655: [ParNew: 423479K->22002K(471872K), 0.0141822 secs] 2356276K->1957502K(4141888K), 0.0143105 secs] [Times: user=0.11 sys=0.00, real=0.01 secs] 
321953.106: [GC (Allocation Failure) 321953.106: [ParNew: 441458K->12270K(471872K), 0.0090237 secs] 2376958K->1952082K(4141888K), 0.0091525 secs] [Times: user=0.07 sys=0.00, real=0.01 secs] 
321965.275: [GC (Allocation Failure) 321965.275: [ParNew: 431726K->5351K(471872K), 0.0102173 secs] 2371538K->1947651K(4141888K), 0.0103475 secs] [Times: user=0.07 sys=0.00, real=0.01 secs] 
321976.408: [GC (Allocation Failure) 321976.408: [ParNew: 424807K->7833K(471872K), 0.0099665 secs] 2367107K->1952905K(4141888K), 0.0101168 secs] [Times: user=0.07 sys=0.01, real=0.01 secs] 
321992.104: [GC (Allocation Failure) 321992.104: [ParNew: 427289K->6250K(471872K), 0.0097240 secs] 2372361K->1953797K(4141888K), 0.0098564 secs] [Times: user=0.07 sys=0.01, real=0.01 secs] 
322002.770: [GC (Allocation Failure) 322002.770: [ParNew: 425706K->5395K(471872K), 0.0114947 secs] 2373253K->1956250K(4141888K), 0.0116417 secs] [Times: user=0.07 sys=0.00, real=0.01 secs] 
322007.044: [GC (Allocation Failure) 322007.044: [ParNew: 424851K->21201K(471872K), 0.0147356 secs] 2375706K->1974483K(4141888K), 0.0149409 secs] [Times: user=0.11 sys=0.00, real=0.01 secs] 
322010.906: [GC (Allocation Failure) 322010.907: [ParNew: 440657K->24459K(471872K), 0.0082410 secs] 2393939K->1981429K(4141888K), 0.0083668 secs] [Times: user=0.06 sys=0.00, real=0.01 secs] 
322012.138: [GC (Allocation Failure) 322012.138: [ParNew: 443915K->22138K(471872K), 0.0091018 secs] 2400885K->1980238K(4141888K), 0.0092718 secs] [Times: user=0.07 sys=0.00, real=0.01 secs] 
322014.100: [GC (Allocation Failure) 322014.100: [ParNew: 441594K->15280K(471872K), 0.0109577 secs] 2399694K->1973858K(4141888K), 0.0110862 secs] [Times: user=0.07 sys=0.00, real=0.01 secs] 
322015.044: [GC (Allocation Failure) 322015.044: [ParNew: 433203K->25795K(471872K), 0.0076314 secs] 2391782K->1985144K(4141888K), 0.0077647 secs] [Times: user=0.06 sys=0.01, real=0.00 secs] 
322017.000: [GC (Allocation Failure) 322017.000: [ParNew: 445251K->21426K(471872K), 0.0087223 secs] 2404600K->1980981K(4141888K), 0.0088525 secs] [Times: user=0.07 sys=0.00, real=0.01 secs] 
322018.070: [GC (Allocation Failure) 322018.070: [ParNew: 440882K->19333K(471872K), 0.0077977 secs] 2400437K->1979441K(4141888K), 0.0079676 secs] [Times: user=0.05 sys=0.00, real=0.01 secs] 
322019.143: [GC (Allocation Failure) 322019.143: [ParNew: 438789K->19968K(471872K), 0.0076491 secs] 2398897K->1980289K(4141888K), 0.0077804 secs] [Times: user=0.05 sys=0.00, real=0.01 secs] 
322021.883: [GC (Allocation Failure) 322021.883: [ParNew: 437822K->28767K(471872K), 0.0079320 secs] 2398142K->1989398K(4141888K), 0.0080605 secs] [Times: user=0.06 sys=0.00, real=0.01 secs] 
322023.111: [GC (Allocation Failure) 322023.111: [ParNew: 448223K->20902K(471872K), 0.0081950 secs] 2408854K->1982439K(4141888K), 0.0083175 secs] [Times: user=0.06 sys=0.00, real=0.01 secs] 
322024.079: [GC (Allocation Failure) 322024.079: [ParNew: 439309K->20481K(471872K), 0.0077838 secs] 2400846K->1982601K(4141888K), 0.0079203 secs] [Times: user=0.05 sys=0.00, real=0.01 secs] 
322025.001: [GC (Allocation Failure) 322025.001: [ParNew: 439937K->15974K(471872K), 0.0070412 secs] 2402057K->1978572K(4141888K), 0.0071659 secs] [Times: user=0.05 sys=0.00, real=0.01 secs] 
322025.960: [GC (Allocation Failure) 322025.961: [ParNew: 435430K->4792K(471872K), 0.0067345 secs] 2398028K->1967711K(4141888K), 0.0069065 secs] [Times: user=0.05 sys=0.00, real=0.01 secs] 
322027.166: [GC (Allocation Failure) 322027.166: [ParNew: 424248K->6771K(471872K), 0.0081353 secs] 2387167K->1970033K(4141888K), 0.0082826 secs] [Times: user=0.05 sys=0.00, real=0.01 secs] 
322028.043: [GC (Allocation Failure) 322028.043: [ParNew: 425327K->16838K(471872K), 0.0093160 secs] 2388589K->1980774K(4141888K), 0.0094950 secs] [Times: user=0.06 sys=0.00, real=0.01 secs] 
322029.075: [GC (Allocation Failure) 322029.075: [ParNew: 436294K->21485K(471872K), 0.0083388 secs] 2400230K->1985712K(4141888K), 0.0084661 secs] [Times: user=0.06 sys=0.01, real=0.00 secs] 
322030.700: [GC (Allocation Failure) 322030.700: [ParNew: 440941K->7610K(471872K), 0.0059504 secs] 2405168K->1972157K(4141888K), 0.0060686 secs] [Times: user=0.05 sys=0.00, real=0.01 secs] 
322033.077: [GC (Allocation Failure) 322033.077: [ParNew: 427066K->4039K(471872K), 0.0075860 secs] 2391613K->1969397K(4141888K), 0.0077210 secs] [Times: user=0.05 sys=0.00, real=0.01 secs] 
322034.881: [GC (Allocation Failure) 322034.881: [ParNew: 423495K->21167K(471872K), 0.0082309 secs] 2388853K->1986949K(4141888K), 0.0083706 secs] [Times: user=0.06 sys=0.00, real=0.01 secs] 
322036.099: [GC (Allocation Failure) 322036.099: [ParNew: 440623K->20993K(471872K), 0.0080589 secs] 2406405K->1988084K(4141888K), 0.0082225 secs] [Times: user=0.06 sys=0.00, real=0.01 secs] 
322037.091: [GC (Allocation Failure) 322037.091: [ParNew: 440449K->25275K(471872K), 0.0078528 secs] 2407540K->1992975K(4141888K), 0.0079950 secs] [Times: user=0.06 sys=0.00, real=0.01 secs] 
322037.957: [GC (Allocation Failure) 322037.958: [ParNew: 444109K->21703K(471872K), 0.0081447 secs] 2411809K->1989652K(4141888K), 0.0083041 secs] [Times: user=0.06 sys=0.00, real=0.01 secs] 
322038.255: [GC (Allocation Failure) 322038.255: [ParNew: 439203K->20403K(471872K), 0.0075246 secs] 2407151K->1989144K(4141888K), 0.0076616 secs] [Times: user=0.06 sys=0.00, real=0.00 secs] 
322038.755: [GC (Allocation Failure) 322038.755: [ParNew: 439859K->14566K(471872K), 0.0075746 secs] 2408600K->1984366K(4141888K), 0.0077211 secs] [Times: user=0.06 sys=0.00, real=0.00 secs] 
322039.101: [GC (Allocation Failure) 322039.101: [ParNew: 434022K->19005K(471872K), 0.0134644 secs] 2403822K->1996304K(4141888K), 0.0135991 secs] [Times: user=0.09 sys=0.00, real=0.02 secs] 
322039.613: [GC (Allocation Failure) 322039.614: [ParNew: 438461K->12656K(471872K), 0.0059018 secs] 2415760K->1990746K(4141888K), 0.0060195 secs] [Times: user=0.04 sys=0.00, real=0.01 secs] 
322040.057: [GC (Allocation Failure) 322040.057: [ParNew: 432112K->16556K(471872K), 0.0083222 secs] 2410202K->1995068K(4141888K), 0.0084777 secs] [Times: user=0.06 sys=0.01, real=0.01 secs] 
322040.469: [GC (Allocation Failure) 322040.469: [ParNew: 436012K->18020K(471872K), 0.0130574 secs] 2414524K->1997286K(4141888K), 0.0132167 secs] [Times: user=0.10 sys=0.00, real=0.01 secs] 
322041.124: [GC (Allocation Failure) 322041.124: [ParNew: 437476K->24603K(471872K), 0.0173144 secs] 2416742K->2004295K(4141888K), 0.0174390 secs] [Times: user=0.12 sys=0.00, real=0.01 secs] 
322041.370: [GC (Allocation Failure) 322041.370: [ParNew: 444059K->22406K(471872K), 0.0098764 secs] 2423751K->2002614K(4141888K), 0.0100380 secs] [Times: user=0.06 sys=0.00, real=0.01 secs] 
322041.656: [GC (Allocation Failure) 322041.656: [ParNew: 441862K->18603K(471872K), 0.0122053 secs] 2422070K->1999560K(4141888K), 0.0123578 secs] [Times: user=0.08 sys=0.00, real=0.01 secs] 
322042.072: [GC (GCLocker Initiated GC) 322042.072: [ParNew: 438059K->25853K(471872K), 0.0092588 secs] 2419016K->2007082K(4141888K), 0.0094062 secs] [Times: user=0.07 sys=0.00, real=0.01 secs] 
322042.453: [GC (Allocation Failure) 322042.453: [ParNew: 445309K->26839K(471872K), 0.0085294 secs] 2426538K->2008562K(4141888K), 0.0086520 secs] [Times: user=0.06 sys=0.01, real=0.01 secs] 
322043.146: [GC (Allocation Failure) 322043.146: [ParNew: 445346K->6897K(471872K), 0.0064097 secs] 2427069K->1988806K(4141888K), 0.0065473 secs] [Times: user=0.05 sys=0.00, real=0.00 secs] 
322043.900: [GC (Allocation Failure) 322043.900: [ParNew: 426353K->5247K(471872K), 0.0065663 secs] 2408262K->1987606K(4141888K), 0.0066787 secs] [Times: user=0.05 sys=0.00, real=0.01 secs] 
322044.686: [GC (Allocation Failure) 322044.686: [ParNew: 424703K->23559K(471872K), 0.0097416 secs] 2407062K->2006253K(4141888K), 0.0099042 secs] [Times: user=0.07 sys=0.00, real=0.01 secs] 
322045.391: [GC (Allocation Failure) 322045.391: [ParNew: 443015K->22340K(471872K), 0.0094126 secs] 2425709K->2005347K(4141888K), 0.0095361 secs] [Times: user=0.07 sys=0.00, real=0.01 secs] 
322047.076: [GC (Allocation Failure) 322047.076: [ParNew: 441796K->11107K(471872K), 0.0058326 secs] 2424803K->1994372K(4141888K), 0.0059468 secs] [Times: user=0.05 sys=0.00, real=0.00 secs] 
322050.895: [GC (Allocation Failure) 322050.895: [ParNew: 430563K->5958K(471872K), 0.0070761 secs] 2413828K->1991484K(4141888K), 0.0072021 secs] [Times: user=0.05 sys=0.00, real=0.00 secs] 
322055.675: [GC (Allocation Failure) 322055.675: [ParNew: 425414K->3855K(471872K), 0.0096975 secs] 2410940K->1990827K(4141888K), 0.0098183 secs] [Times: user=0.06 sys=0.00, real=0.01 secs] 
322064.941: [GC (Allocation Failure) 322064.941: [ParNew: 423311K->4636K(471872K), 0.0106477 secs] 2410283K->1993264K(4141888K), 0.0107933 secs] [Times: user=0.07 sys=0.00, real=0.01 secs] 
322072.030: [GC (Allocation Failure) 322072.030: [ParNew: 424092K->7677K(471872K), 0.0101909 secs] 2412720K->1999237K(4141888K), 0.0103176 secs] [Times: user=0.07 sys=0.00, real=0.01 secs] 
322076.217: [GC (Allocation Failure) 322076.217: [ParNew: 427133K->3548K(471872K), 0.0103888 secs] 2418693K->1999465K(4141888K), 0.0105209 secs] [Times: user=0.07 sys=0.00, real=0.01 secs] 
322079.580: [GC (Allocation Failure) 322079.580: [ParNew: 423004K->2843K(471872K), 0.0082737 secs] 2418921K->2000282K(4141888K), 0.0084109 secs] [Times: user=0.05 sys=0.00, real=0.01 secs] 
322084.035: [GC (Allocation Failure) 322084.035: [ParNew: 422299K->2933K(471872K), 0.0072141 secs] 2419738K->2001536K(4141888K), 0.0073312 secs] [Times: user=0.05 sys=0.00, real=0.00 secs] 
322088.387: [GC (Allocation Failure) 322088.387: [ParNew: 422389K->3219K(471872K), 0.0079403 secs] 2420992K->2003148K(4141888K), 0.0080569 secs] [Times: user=0.05 sys=0.00, real=0.01 secs] 
322093.065: [GC (Allocation Failure) 322093.065: [ParNew: 422675K->3659K(471872K), 0.0086342 secs] 2422604K->2004939K(4141888K), 0.0087948 secs] [Times: user=0.06 sys=0.00, real=0.00 secs] 
322099.335: [GC (Allocation Failure) 322099.335: [ParNew: 422975K->7134K(471872K), 0.0101086 secs] 2424256K->2009887K(4141888K), 0.0102466 secs] [Times: user=0.08 sys=0.00, real=0.01 secs] 
322107.881: [GC (Allocation Failure) 322107.881: [ParNew: 426369K->8485K(471872K), 0.0111330 secs] 2429122K->2013331K(4141888K), 0.0112764 secs] [Times: user=0.08 sys=0.00, real=0.01 secs] 
322111.075: [GC (Allocation Failure) 322111.075: [ParNew: 427941K->6025K(471872K), 0.0096625 secs] 2432787K->2013760K(4141888K), 0.0098203 secs] [Times: user=0.06 sys=0.00, real=0.01 secs] 
322116.827: [GC (Allocation Failure) 322116.827: [ParNew: 425481K->5372K(471872K), 0.0089613 secs] 2433216K->2014096K(4141888K), 0.0091479 secs] [Times: user=0.06 sys=0.00, real=0.01 secs] 
322120.868: [GC (Allocation Failure) 322120.868: [ParNew: 424759K->6409K(471872K), 0.0088348 secs] 2433483K->2016888K(4141888K), 0.0089793 secs] [Times: user=0.06 sys=0.00, real=0.01 secs] 
322123.117: [GC (Allocation Failure) 322123.117: [ParNew: 425865K->1945K(471872K), 0.0138239 secs] 2436344K->2013850K(4141888K), 0.0139256 secs] [Times: user=0.04 sys=0.00, real=0.01 secs] 
322126.642: [GC (Allocation Failure) 322126.642: [ParNew: 421401K->22782K(471872K), 0.0138096 secs] 2433306K->2035297K(4141888K), 0.0139701 secs] [Times: user=0.08 sys=0.00, real=0.02 secs] 
322130.175: [GC (Allocation Failure) 322130.176: [ParNew: 441731K->12167K(471872K), 0.0116321 secs] 2454246K->2028199K(4141888K), 0.0118051 secs] [Times: user=0.08 sys=0.00, real=0.01 secs] 
322132.972: [GC (Allocation Failure) 322132.972: [ParNew: 431623K->6149K(471872K), 0.0082920 secs] 2447655K->2023368K(4141888K), 0.0084584 secs] [Times: user=0.06 sys=0.00, real=0.01 secs] 
322135.577: [GC (Allocation Failure) 322135.577: [ParNew: 425605K->2844K(471872K), 0.0095156 secs] 2442824K->2020805K(4141888K), 0.0096743 secs] [Times: user=0.07 sys=0.01, real=0.01 secs] 
322138.903: [GC (Allocation Failure) 322138.903: [ParNew: 422300K->6418K(471872K), 0.0106144 secs] 2440261K->2025328K(4141888K), 0.0107883 secs] [Times: user=0.06 sys=0.01, real=0.02 secs] 
322141.957: [GC (Allocation Failure) 322141.957: [ParNew: 425874K->3034K(471872K), 0.0096021 secs] 2444784K->2023020K(4141888K), 0.0097452 secs] [Times: user=0.06 sys=0.00, real=0.01 secs] 
322143.993: [GC (Allocation Failure) 322143.993: [ParNew: 422490K->4476K(471872K), 0.0091708 secs] 2442476K->2025255K(4141888K), 0.0093023 secs] [Times: user=0.07 sys=0.00, real=0.01 secs] 
322146.990: [GC (Allocation Failure) 322146.990: [ParNew: 423932K->5475K(471872K), 0.0078784 secs] 2444711K->2027021K(4141888K), 0.0080247 secs] [Times: user=0.06 sys=0.00, real=0.01 secs] 
322150.892: [GC (Allocation Failure) 322150.892: [ParNew: 424931K->7320K(471872K), 0.0097911 secs] 2446477K->2030073K(4141888K), 0.0099342 secs] [Times: user=0.06 sys=0.00, real=0.01 secs] 
322153.129: [GC (Allocation Failure) 322153.129: [ParNew: 426776K->9644K(471872K), 0.0169621 secs] 2449529K->2033751K(4141888K), 0.0170980 secs] [Times: user=0.08 sys=0.00, real=0.02 secs] 
322154.355: [GC (Allocation Failure) 322154.356: [ParNew: 429100K->6030K(471872K), 0.0177725 secs] 2453207K->2031748K(4141888K), 0.0179335 secs] [Times: user=0.08 sys=0.00, real=0.01 secs] 
322157.004: [GC (Allocation Failure) 322157.004: [ParNew: 425233K->5107K(471872K), 0.0097539 secs] 2450950K->2031392K(4141888K), 0.0099082 secs] [Times: user=0.05 sys=0.00, real=0.01 secs] 
322159.982: [GC (Allocation Failure) 322159.982: [ParNew: 424563K->7083K(471872K), 0.0124401 secs] 2450848K->2034167K(4141888K), 0.0126249 secs] [Times: user=0.07 sys=0.00, real=0.02 secs] 
322161.930: [GC (Allocation Failure) 322161.930: [ParNew: 426539K->20510K(471872K), 0.0111661 secs] 2453623K->2048522K(4141888K), 0.0113036 secs] [Times: user=0.07 sys=0.00, real=0.01 secs] 
322163.919: [GC (Allocation Failure) 322163.919: [ParNew: 439966K->17925K(471872K), 0.0229343 secs] 2467978K->2046914K(4141888K), 0.0230802 secs] [Times: user=0.08 sys=0.00, real=0.02 secs] 
322165.924: [GC (Allocation Failure) 322165.925: [ParNew: 435601K->14840K(471872K), 0.0137870 secs] 2464590K->2045197K(4141888K), 0.0139145 secs] [Times: user=0.06 sys=0.00, real=0.01 secs] 
322168.190: [GC (Allocation Failure) 322168.190: [ParNew: 433091K->19189K(471872K), 0.0141882 secs] 2463448K->2050262K(4141888K), 0.0143136 secs] [Times: user=0.06 sys=0.00, real=0.02 secs] 
322169.255: [GC (Allocation Failure) 322169.255: [ParNew: 438645K->5929K(471872K), 0.0088286 secs] 2469718K->2037705K(4141888K), 0.0089433 secs] [Times: user=0.05 sys=0.00, real=0.01 secs] 
322171.294: [GC (Allocation Failure) 322171.294: [ParNew: 425385K->17342K(471872K), 0.0074913 secs] 2457161K->2049408K(4141888K), 0.0076230 secs] [Times: user=0.05 sys=0.00, real=0.00 secs] 
322173.084: [GC (Allocation Failure) 322173.084: [ParNew: 436798K->17824K(471872K), 0.0075745 secs] 2468864K->2050582K(4141888K), 0.0076973 secs] [Times: user=0.05 sys=0.00, real=0.00 secs] 
322175.051: [GC (Allocation Failure) 322175.051: [ParNew: 437280K->9296K(471872K), 0.0103962 secs] 2470038K->2042633K(4141888K), 0.0105398 secs] [Times: user=0.06 sys=0.00, real=0.01 secs] 
322176.295: [GC (Allocation Failure) 322176.295: [ParNew: 427371K->5846K(471872K), 0.0074810 secs] 2460709K->2040052K(4141888K), 0.0076006 secs] [Times: user=0.04 sys=0.00, real=0.00 secs] 
322178.981: [GC (Allocation Failure) 322178.981: [ParNew: 425302K->11766K(471872K), 0.0080116 secs] 2459508K->2046251K(4141888K), 0.0081107 secs] [Times: user=0.05 sys=0.00, real=0.01 secs] 
322180.117: [GC (Allocation Failure) 322180.117: [ParNew: 431222K->13410K(471872K), 0.0102037 secs] 2465707K->2048795K(4141888K), 0.0103944 secs] [Times: user=0.07 sys=0.00, real=0.01 secs] 
322181.009: [GC (Allocation Failure) 322181.009: [ParNew: 432866K->9765K(471872K), 0.0060832 secs] 2468251K->2045469K(4141888K), 0.0062166 secs] [Times: user=0.04 sys=0.00, real=0.01 secs] 
322182.908: [GC (Allocation Failure) 322182.908: [ParNew: 429161K->24541K(471872K), 0.0080800 secs] 2464865K->2060528K(4141888K), 0.0082105 secs] [Times: user=0.06 sys=0.00, real=0.01 secs] 
322183.253: [GC (Allocation Failure) 322183.253: [ParNew: 443997K->14267K(471872K), 0.0097520 secs] 2479984K->2050940K(4141888K), 0.0098945 secs] [Times: user=0.07 sys=0.00, real=0.01 secs] 
322184.285: [GC (Allocation Failure) 322184.285: [ParNew: 433723K->22936K(471872K), 0.0071148 secs] 2470396K->2059898K(4141888K), 0.0072428 secs] [Times: user=0.05 sys=0.00, real=0.00 secs] 
322184.978: [GC (Allocation Failure) 322184.978: [ParNew: 442392K->10569K(471872K), 0.0074020 secs] 2479354K->2047861K(4141888K), 0.0075238 secs] [Times: user=0.06 sys=0.00, real=0.01 secs] 
322187.047: [GC (Allocation Failure) 322187.047: [ParNew: 430025K->16601K(471872K), 0.0086404 secs] 2467317K->2054181K(4141888K), 0.0088516 secs] [Times: user=0.07 sys=0.00, real=0.01 secs] 
322189.960: [GC (Allocation Failure) 322189.960: [ParNew: 436057K->25605K(471872K), 0.0094594 secs] 2473637K->2064051K(4141888K), 0.0095797 secs] [Times: user=0.07 sys=0.00, real=0.01 secs] 
322190.405: [GC (Allocation Failure) 322190.405: [ParNew: 445061K->21778K(471872K), 0.0077450 secs] 2483507K->2063819K(4141888K), 0.0078776 secs] [Times: user=0.06 sys=0.00, real=0.00 secs] 
322192.038: [GC (Allocation Failure) 322192.038: [ParNew: 439711K->21907K(471872K), 0.0073985 secs] 2481752K->2064059K(4141888K), 0.0075324 secs] [Times: user=0.06 sys=0.01, real=0.01 secs] 
322195.057: [GC (Allocation Failure) 322195.057: [ParNew: 441219K->21261K(471872K), 0.0084905 secs] 2483371K->2063848K(4141888K), 0.0086113 secs] [Times: user=0.07 sys=0.00, real=0.01 secs] 
322197.050: [GC (Allocation Failure) 322197.050: [ParNew: 440717K->19349K(471872K), 0.0082750 secs] 2483304K->2062840K(4141888K), 0.0084018 secs] [Times: user=0.06 sys=0.00, real=0.01 secs] 
322198.188: [GC (Allocation Failure) 322198.188: [ParNew: 438805K->17495K(471872K), 0.0093136 secs] 2482296K->2061690K(4141888K), 0.0094606 secs] [Times: user=0.07 sys=0.00, real=0.01 secs] 
322199.241: [GC (Allocation Failure) 322199.241: [ParNew: 436951K->26363K(471872K), 0.0076910 secs] 2481146K->2070943K(4141888K), 0.0078396 secs] [Times: user=0.05 sys=0.01, real=0.01 secs] 
322200.269: [GC (Allocation Failure) 322200.269: [ParNew: 445819K->21747K(471872K), 0.0086884 secs] 2490399K->2066761K(4141888K), 0.0088307 secs] [Times: user=0.06 sys=0.00, real=0.01 secs] 
322202.203: [GC (Allocation Failure) 322202.203: [ParNew: 441203K->22120K(471872K), 0.0092696 secs] 2486217K->2067425K(4141888K), 0.0093921 secs] [Times: user=0.07 sys=0.00, real=0.01 secs] 
322203.161: [GC (Allocation Failure) 322203.161: [ParNew: 441576K->10295K(471872K), 0.0106447 secs] 2486881K->2056285K(4141888K), 0.0107405 secs] [Times: user=0.05 sys=0.00, real=0.01 secs] 
322209.113: [GC (Allocation Failure) 322209.113: [ParNew: 429751K->6744K(471872K), 0.0081704 secs] 2475741K->2053136K(4141888K), 0.0082901 secs] [Times: user=0.07 sys=0.00, real=0.01 secs] 
322215.126: [GC (Allocation Failure) 322215.126: [ParNew: 426200K->4243K(471872K), 0.0102135 secs] 2472592K->2054284K(4141888K), 0.0103434 secs] [Times: user=0.07 sys=0.00, real=0.01 secs] 
322223.168: [GC (Allocation Failure) 322223.168: [ParNew: 423699K->5418K(471872K), 0.0103620 secs] 2473740K->2057463K(4141888K), 0.0105040 secs] [Times: user=0.08 sys=0.00, real=0.01 secs] 
322233.120: [GC (Allocation Failure) 322233.120: [ParNew: 424874K->4891K(471872K), 0.0104307 secs] 2476919K->2059711K(4141888K), 0.0105672 secs] [Times: user=0.08 sys=0.00, real=0.01 secs] 
322241.624: [GC (Allocation Failure) 322241.624: [ParNew: 424347K->6773K(471872K), 0.0101718 secs] 2479167K->2064431K(4141888K), 0.0102950 secs] [Times: user=0.07 sys=0.00, real=0.01 secs] 
322244.217: [GC (GCLocker Initiated GC) 322244.217: [ParNew: 426229K->10001K(471872K), 0.0128839 secs] 2483887K->2070179K(4141888K), 0.0130390 secs] [Times: user=0.08 sys=0.00, real=0.01 secs] 
322244.838: [GC (Allocation Failure) 322244.838: [ParNew: 429457K->7896K(471872K), 0.0069787 secs] 2489635K->2071802K(4141888K), 0.0071091 secs] [Times: user=0.05 sys=0.00, real=0.01 secs] 
322245.458: [GC (Allocation Failure) 322245.458: [ParNew: 427352K->3595K(471872K), 0.0080725 secs] 2491258K->2071036K(4141888K), 0.0082042 secs] [Times: user=0.06 sys=0.00, real=0.01 secs] 
322246.046: [GC (Allocation Failure) 322246.046: [ParNew: 423051K->3837K(471872K), 0.0091973 secs] 2490492K->2071783K(4141888K), 0.0093173 secs] [Times: user=0.07 sys=0.00, real=0.01 secs] 
322246.894: [GC (Allocation Failure) 322246.894: [ParNew: 423293K->4158K(471872K), 0.0063675 secs] 2491239K->2072627K(4141888K), 0.0064711 secs] [Times: user=0.05 sys=0.00, real=0.01 secs] 
322247.485: [GC (Allocation Failure) 322247.485: [ParNew: 423614K->4232K(471872K), 0.0061411 secs] 2492083K->2073552K(4141888K), 0.0062488 secs] [Times: user=0.05 sys=0.00, real=0.00 secs] 
322249.035: [GC (Allocation Failure) 322249.035: [ParNew: 423688K->7023K(471872K), 0.0065402 secs] 2493008K->2076746K(4141888K), 0.0066545 secs] [Times: user=0.05 sys=0.00, real=0.00 secs] 
322253.777: [GC (Allocation Failure) 322253.777: [ParNew: 426479K->4133K(471872K), 0.0090285 secs] 2496202K->2076950K(4141888K), 0.0091780 secs] [Times: user=0.06 sys=0.00, real=0.01 secs] 
322258.294: [GC (Allocation Failure) 322258.294: [ParNew: 423589K->4248K(471872K), 0.0082267 secs] 2496406K->2078588K(4141888K), 0.0083439 secs] [Times: user=0.06 sys=0.00, real=0.00 secs] 
322263.092: [GC (Allocation Failure) 322263.092: [ParNew: 423704K->3061K(471872K), 0.0086175 secs] 2498044K->2078907K(4141888K), 0.0087424 secs] [Times: user=0.07 sys=0.00, real=0.01 secs] 
322267.260: [GC (Allocation Failure) 322267.260: [ParNew: 422517K->4544K(471872K), 0.0083835 secs] 2498363K->2081953K(4141888K), 0.0085143 secs] [Times: user=0.06 sys=0.00, real=0.01 secs] 
322273.126: [GC (Allocation Failure) 322273.126: [ParNew: 424000K->4005K(471872K), 0.0093393 secs] 2501409K->2082716K(4141888K), 0.0094642 secs] [Times: user=0.06 sys=0.00, real=0.01 secs] 
322277.304: [GC (Allocation Failure) 322277.304: [ParNew: 423461K->4751K(471872K), 0.0096259 secs] 2502172K->2085539K(4141888K), 0.0097605 secs] [Times: user=0.07 sys=0.00, real=0.00 secs] 
322285.430: [GC (Allocation Failure) 322285.430: [ParNew: 424207K->5312K(471872K), 0.0091501 secs] 2504995K->2087557K(4141888K), 0.0093020 secs] [Times: user=0.07 sys=0.00, real=0.01 secs] 
322293.630: [GC (Allocation Failure) 322293.630: [ParNew: 424768K->4498K(471872K), 0.0126541 secs] 2507013K->2089658K(4141888K), 0.0127879 secs] [Times: user=0.08 sys=0.00, real=0.01 secs] 
322302.465: [GC (Allocation Failure) 322302.466: [ParNew: 423954K->5056K(471872K), 0.0099312 secs] 2509114K->2092870K(4141888K), 0.0100496 secs] [Times: user=0.07 sys=0.00, real=0.01 secs] 
322310.609: [GC (Allocation Failure) 322310.609: [ParNew: 423012K->23914K(471872K), 0.0140056 secs] 2510826K->2114376K(4141888K), 0.0141309 secs] [Times: user=0.10 sys=0.00, real=0.01 secs] 
322321.300: [GC (Allocation Failure) 322321.300: [ParNew: 443370K->9832K(471872K), 0.0108709 secs] 2533832K->2102785K(4141888K), 0.0109934 secs] [Times: user=0.08 sys=0.00, real=0.01 secs] 
322333.067: [GC (Allocation Failure) 322333.067: [ParNew: 429288K->6567K(471872K), 0.0126726 secs] 2522241K->2105076K(4141888K), 0.0128158 secs] [Times: user=0.09 sys=0.00, real=0.01 secs] 
322343.091: [GC (Allocation Failure) 322343.091: [ParNew: 426023K->6760K(471872K), 0.0131742 secs] 2524532K->2108928K(4141888K), 0.0133477 secs] [Times: user=0.09 sys=0.00, real=0.02 secs] 
322353.141: [GC (Allocation Failure) 322353.141: [ParNew: 426216K->6524K(471872K), 0.0113076 secs] 2528384K->2111650K(4141888K), 0.0114408 secs] [Times: user=0.09 sys=0.00, real=0.01 secs] 
322367.208: [GC (Allocation Failure) 322367.208: [ParNew: 425980K->7019K(471872K), 0.0110643 secs] 2531106K->2115453K(4141888K), 0.0112156 secs] [Times: user=0.08 sys=0.00, real=0.01 secs] 
322373.156: [GC (Allocation Failure) 322373.156: [ParNew: 426475K->7792K(471872K), 0.0115012 secs] 2534909K->2120292K(4141888K), 0.0116318 secs] [Times: user=0.08 sys=0.00, real=0.01 secs] 
322379.651: [GC (Allocation Failure) 322379.651: [ParNew: 427248K->13653K(471872K), 0.0104471 secs] 2539748K->2130376K(4141888K), 0.0105923 secs] [Times: user=0.08 sys=0.00, real=0.01 secs] 
322380.777: [GC (Allocation Failure) 322380.777: [ParNew: 433109K->16580K(471872K), 0.0121137 secs] 2549832K->2135413K(4141888K), 0.0122861 secs] [Times: user=0.08 sys=0.00, real=0.01 secs] 
322381.658: [GC (Allocation Failure) 322381.658: [ParNew: 436036K->20457K(471872K), 0.0087237 secs] 2554869K->2139530K(4141888K), 0.0088606 secs] [Times: user=0.06 sys=0.00, real=0.01 secs] 
322383.139: [GC (Allocation Failure) 322383.139: [ParNew: 439913K->11197K(471872K), 0.0067357 secs] 2558986K->2130563K(4141888K), 0.0068482 secs] [Times: user=0.05 sys=0.00, real=0.01 secs] 
322389.699: [GC (Allocation Failure) 322389.699: [ParNew: 430653K->3913K(471872K), 0.0130094 secs] 2550019K->2125811K(4141888K), 0.0131250 secs] [Times: user=0.09 sys=0.00, real=0.01 secs] 
322398.275: [GC (Allocation Failure) 322398.276: [ParNew: 423369K->4662K(471872K), 0.0103766 secs] 2545267K->2128297K(4141888K), 0.0105325 secs] [Times: user=0.07 sys=0.00, real=0.01 secs] 
322408.101: [GC (Allocation Failure) 322408.101: [ParNew: 424118K->4649K(471872K), 0.0087707 secs] 2547753K->2130327K(4141888K), 0.0089133 secs] [Times: user=0.06 sys=0.00, real=0.01 secs] 
322419.265: [GC (Allocation Failure) 322419.265: [ParNew: 424105K->4912K(471872K), 0.0101139 secs] 2549783K->2133250K(4141888K), 0.0102494 secs] [Times: user=0.08 sys=0.00, real=0.01 secs] 
322432.524: [GC (Allocation Failure) 322432.524: [ParNew: 424368K->5545K(471872K), 0.0101040 secs] 2552706K->2136610K(4141888K), 0.0102321 secs] [Times: user=0.07 sys=0.00, real=0.01 secs] 
322443.052: [GC (Allocation Failure) 322443.052: [ParNew: 424999K->6719K(471872K), 0.0088005 secs] 2556065K->2140698K(4141888K), 0.0089452 secs] [Times: user=0.06 sys=0.01, real=0.01 secs] 
322450.337: [GC (Allocation Failure) 322450.337: [ParNew: 425947K->6525K(471872K), 0.0107410 secs] 2559926K->2144961K(4141888K), 0.0109701 secs] [Times: user=0.07 sys=0.00, real=0.01 secs] 
322453.104: [GC (Allocation Failure) 322453.104: [ParNew: 425981K->3352K(471872K), 0.0070397 secs] 2564417K->2144010K(4141888K), 0.0071592 secs] [Times: user=0.05 sys=0.00, real=0.00 secs] 
322455.324: [GC (Allocation Failure) 322455.324: [ParNew: 422808K->3234K(471872K), 0.0221334 secs] 2563466K->2144744K(4141888K), 0.0222978 secs] [Times: user=0.11 sys=0.00, real=0.02 secs] 
322463.195: [GC (Allocation Failure) 322463.195: [ParNew: 422690K->3720K(471872K), 0.0287484 secs] 2564200K->2145985K(4141888K), 0.0288752 secs] [Times: user=0.11 sys=0.00, real=0.03 secs] 
322475.245: [GC (Allocation Failure) 322475.245: [ParNew: 423176K->4582K(471872K), 0.0105506 secs] 2565441K->2149064K(4141888K), 0.0106578 secs] [Times: user=0.06 sys=0.00, real=0.01 secs] 
322486.936: [GC (Allocation Failure) 322486.936: [ParNew: 424038K->10082K(471872K), 0.0128094 secs] 2568520K->2157428K(4141888K), 0.0129376 secs] [Times: user=0.07 sys=0.00, real=0.01 secs] 
322494.029: [GC (Allocation Failure) 322494.029: [ParNew: 429538K->12285K(471872K), 0.0098075 secs] 2576884K->2161665K(4141888K), 0.0099423 secs] [Times: user=0.07 sys=0.00, real=0.01 secs] 
322495.926: [GC (Allocation Failure) 322495.927: [ParNew: 431741K->21811K(471872K), 0.0073639 secs] 2581121K->2172729K(4141888K), 0.0075310 secs] [Times: user=0.06 sys=0.00, real=0.01 secs] 
322497.168: [GC (Allocation Failure) 322497.168: [ParNew: 439604K->18449K(471872K), 0.0067732 secs] 2590522K->2172283K(4141888K), 0.0069316 secs] [Times: user=0.05 sys=0.00, real=0.01 secs] 
322498.281: [GC (Allocation Failure) 322498.281: [ParNew: 437905K->26230K(471872K), 0.0074923 secs] 2591739K->2180370K(4141888K), 0.0076020 secs] [Times: user=0.06 sys=0.00, real=0.01 secs] 
322499.251: [GC (Allocation Failure) 322499.251: [ParNew: 445686K->24799K(471872K), 0.0058051 secs] 2599826K->2179229K(4141888K), 0.0059254 secs] [Times: user=0.04 sys=0.00, real=0.01 secs] 
322500.469: [GC (Allocation Failure) 322500.469: [ParNew: 442828K->22112K(471872K), 0.0062147 secs] 2597258K->2176996K(4141888K), 0.0063742 secs] [Times: user=0.05 sys=0.00, real=0.01 secs] 
322501.975: [GC (Allocation Failure) 322501.975: [ParNew: 441568K->21837K(471872K), 0.0069497 secs] 2596452K->2176974K(4141888K), 0.0070585 secs] [Times: user=0.06 sys=0.00, real=0.00 secs] 
322503.997: [GC (Allocation Failure) 322503.997: [ParNew: 438412K->22946K(471872K), 0.0075887 secs] 2593549K->2178474K(4141888K), 0.0077018 secs] [Times: user=0.06 sys=0.00, real=0.01 secs] 
322505.139: [GC (Allocation Failure) 322505.139: [ParNew: 442402K->23953K(471872K), 0.0067829 secs] 2597930K->2180167K(4141888K), 0.0068982 secs] [Times: user=0.05 sys=0.00, real=0.01 secs] 
322506.264: [GC (Allocation Failure) 322506.264: [ParNew: 443409K->16841K(471872K), 0.0073039 secs] 2599623K->2173420K(4141888K), 0.0074200 secs] [Times: user=0.05 sys=0.00, real=0.01 secs] 
322507.578: [GC (Allocation Failure) 322507.578: [ParNew: 436297K->9779K(471872K), 0.0057773 secs] 2592876K->2166729K(4141888K), 0.0058793 secs] [Times: user=0.04 sys=0.00, real=0.01 secs] 
322509.013: [GC (Allocation Failure) 322509.013: [ParNew: 429235K->16654K(471872K), 0.0070308 secs] 2586185K->2173965K(4141888K), 0.0071555 secs] [Times: user=0.05 sys=0.00, real=0.01 secs] 
322510.942: [GC (Allocation Failure) 322510.942: [ParNew: 435790K->22102K(471872K), 0.0064826 secs] 2593101K->2179751K(4141888K), 0.0066153 secs] [Times: user=0.05 sys=0.00, real=0.01 secs] 
322512.266: [GC (Allocation Failure) 322512.266: [ParNew: 441558K->22058K(471872K), 0.0063244 secs] 2599207K->2180226K(4141888K), 0.0064346 secs] [Times: user=0.04 sys=0.00, real=0.00 secs] 
322513.159: [GC (Allocation Failure) 322513.159: [ParNew: 441514K->22434K(471872K), 0.0078614 secs] 2599682K->2180980K(4141888K), 0.0079677 secs] [Times: user=0.06 sys=0.00, real=0.01 secs] 
322516.971: [GC (Allocation Failure) 322516.971: [ParNew: 441890K->20997K(471872K), 0.0075736 secs] 2600436K->2179885K(4141888K), 0.0077148 secs] [Times: user=0.06 sys=0.00, real=0.01 secs] 
322517.405: [GC (Allocation Failure) 322517.405: [ParNew: 440453K->20619K(471872K), 0.0064649 secs] 2599341K->2180577K(4141888K), 0.0065758 secs] [Times: user=0.04 sys=0.00, real=0.00 secs] 
322519.144: [GC (Allocation Failure) 322519.144: [ParNew: 438036K->26411K(471872K), 0.0060671 secs] 2597994K->2186490K(4141888K), 0.0061856 secs] [Times: user=0.05 sys=0.00, real=0.00 secs] 
322520.251: [GC (Allocation Failure) 322520.251: [ParNew: 445419K->21689K(471872K), 0.0084051 secs] 2605498K->2182688K(4141888K), 0.0085132 secs] [Times: user=0.05 sys=0.00, real=0.01 secs] 
322521.307: [GC (Allocation Failure) 322521.307: [ParNew: 441145K->21534K(471872K), 0.0086842 secs] 2602144K->2183042K(4141888K), 0.0088299 secs] [Times: user=0.06 sys=0.00, real=0.01 secs] 
322522.375: [GC (Allocation Failure) 322522.375: [ParNew: 440990K->24018K(471872K), 0.0069534 secs] 2602498K->2185874K(4141888K), 0.0070677 secs] [Times: user=0.05 sys=0.00, real=0.00 secs] 
322523.133: [GC (Allocation Failure) 322523.133: [ParNew: 443474K->27143K(471872K), 0.0088068 secs] 2605330K->2189701K(4141888K), 0.0089260 secs] [Times: user=0.06 sys=0.00, real=0.01 secs] 
322524.290: [GC (Allocation Failure) 322524.290: [ParNew: 446599K->25029K(471872K), 0.0079776 secs] 2609157K->2188235K(4141888K), 0.0081087 secs] [Times: user=0.06 sys=0.00, real=0.01 secs] 
322526.028: [GC (Allocation Failure) 322526.028: [ParNew: 444275K->25783K(471872K), 0.0063916 secs] 2607481K->2189548K(4141888K), 0.0065209 secs] [Times: user=0.04 sys=0.00, real=0.01 secs] 
322526.401: [GC (GCLocker Initiated GC) 322526.401: [ParNew: 445240K->27000K(471872K), 0.0088958 secs] 2609005K->2191612K(4141888K), 0.0090300 secs] [Times: user=0.07 sys=0.00, real=0.01 secs] 
322526.906: [GC (Allocation Failure) 322526.906: [ParNew: 446456K->13127K(471872K), 0.0081956 secs] 2611068K->2186587K(4141888K), 0.0083230 secs] [Times: user=0.06 sys=0.01, real=0.01 secs] 
322527.368: [GC (Allocation Failure) 322527.368: [ParNew: 432583K->22481K(471872K), 0.0061108 secs] 2606043K->2196626K(4141888K), 0.0062336 secs] [Times: user=0.05 sys=0.00, real=0.01 secs] 
322527.757: [GC (Allocation Failure) 322527.757: [ParNew: 441937K->8474K(471872K), 0.0082982 secs] 2616082K->2183058K(4141888K), 0.0084141 secs] [Times: user=0.06 sys=0.00, real=0.01 secs] 
322528.086: [GC (Allocation Failure) 322528.086: [ParNew: 427042K->21414K(471872K), 0.0086558 secs] 2601626K->2196429K(4141888K), 0.0087844 secs] [Times: user=0.06 sys=0.00, real=0.01 secs] 
322528.517: [GC (Allocation Failure) 322528.517: [ParNew: 440870K->22142K(471872K), 0.0065622 secs] 2615885K->2197460K(4141888K), 0.0066850 secs] [Times: user=0.05 sys=0.00, real=0.01 secs] 
322528.882: [GC (Allocation Failure) 322528.882: [ParNew: 441598K->5710K(471872K), 0.0057054 secs] 2616916K->2181445K(4141888K), 0.0058159 secs] [Times: user=0.04 sys=0.00, real=0.01 secs] 
322529.211: [GC (Allocation Failure) 322529.212: [ParNew: 425166K->5281K(471872K), 0.0054191 secs] 2600901K->2181329K(4141888K), 0.0055146 secs] [Times: user=0.04 sys=0.00, real=0.01 secs] 
322530.026: [GC (Allocation Failure) 322530.026: [ParNew: 424737K->20334K(471872K), 0.0072688 secs] 2600785K->2196601K(4141888K), 0.0074013 secs] [Times: user=0.05 sys=0.00, real=0.00 secs] 
322531.203: [GC (Allocation Failure) 322531.203: [ParNew: 439790K->11489K(471872K), 0.0050990 secs] 2616057K->2188169K(4141888K), 0.0052187 secs] [Times: user=0.04 sys=0.00, real=0.01 secs] 
322532.007: [GC (Allocation Failure) 322532.007: [ParNew: 430945K->19651K(471872K), 0.0060593 secs] 2607625K->2196866K(4141888K), 0.0061791 secs] [Times: user=0.04 sys=0.00, real=0.00 secs] 
322532.428: [GC (Allocation Failure) 322532.428: [ParNew: 439107K->22203K(471872K), 0.0071952 secs] 2616322K->2199892K(4141888K), 0.0073191 secs] [Times: user=0.05 sys=0.00, real=0.01 secs] 
322535.057: [GC (Allocation Failure) 322535.057: [ParNew: 441659K->25198K(471872K), 0.0082296 secs] 2619348K->2202970K(4141888K), 0.0083602 secs] [Times: user=0.05 sys=0.00, real=0.01 secs] 
322536.233: [GC (Allocation Failure) 322536.233: [ParNew: 443478K->21898K(471872K), 0.0069448 secs] 2621251K->2200555K(4141888K), 0.0070917 secs] [Times: user=0.05 sys=0.00, real=0.01 secs] 
322536.996: [GC (Allocation Failure) 322536.996: [ParNew: 441354K->19705K(471872K), 0.0081399 secs] 2620011K->2198900K(4141888K), 0.0082625 secs] [Times: user=0.05 sys=0.00, real=0.01 secs] 
322537.419: [GC (Allocation Failure) 322537.419: [ParNew: 439161K->9264K(471872K), 0.0046871 secs] 2618356K->2188774K(4141888K), 0.0048045 secs] [Times: user=0.03 sys=0.01, real=0.00 secs] 
322538.353: [GC (Allocation Failure) 322538.353: [ParNew: 428720K->19488K(471872K), 0.0054843 secs] 2608230K->2199313K(4141888K), 0.0056015 secs] [Times: user=0.04 sys=0.00, real=0.01 secs] 
322541.004: [GC (Allocation Failure) 322541.004: [ParNew: 438944K->20762K(471872K), 0.0074550 secs] 2618769K->2201009K(4141888K), 0.0075655 secs] [Times: user=0.06 sys=0.00, real=0.00 secs] 
322542.307: [GC (Allocation Failure) 322542.307: [ParNew: 440218K->21642K(471872K), 0.0072810 secs] 2620465K->2202912K(4141888K), 0.0073883 secs] [Times: user=0.05 sys=0.00, real=0.01 secs] 
322549.561: [GC (Allocation Failure) 322549.561: [ParNew: 441098K->8538K(471872K), 0.0074999 secs] 2622368K->2190224K(4141888K), 0.0076243 secs] [Times: user=0.06 sys=0.00, real=0.01 secs] 
322557.423: [GC (Allocation Failure) 322557.423: [ParNew: 427960K->7579K(471872K), 0.0094894 secs] 2609646K->2193320K(4141888K), 0.0095984 secs] [Times: user=0.06 sys=0.01, real=0.01 secs] 
322562.956: [GC (Allocation Failure) 322562.956: [ParNew: 427035K->8164K(471872K), 0.0088284 secs] 2612776K->2198467K(4141888K), 0.0089486 secs] [Times: user=0.07 sys=0.00, real=0.01 secs] 
322565.657: [GC (Allocation Failure) 322565.657: [ParNew: 427620K->4691K(471872K), 0.0065607 secs] 2617923K->2196561K(4141888K), 0.0066598 secs] [Times: user=0.05 sys=0.00, real=0.01 secs] 
322569.646: [GC (Allocation Failure) 322569.646: [ParNew: 424147K->5347K(471872K), 0.0074101 secs] 2616017K->2198134K(4141888K), 0.0075158 secs] [Times: user=0.05 sys=0.00, real=0.01 secs] 
322573.082: [GC (Allocation Failure) 322573.082: [ParNew: 424803K->3667K(471872K), 0.0064790 secs] 2617590K->2197848K(4141888K), 0.0065878 secs] [Times: user=0.05 sys=0.00, real=0.01 secs] 
322574.879: [GC (Allocation Failure) 322574.879: [ParNew: 423123K->2275K(471872K), 0.0085588 secs] 2617304K->2197705K(4141888K), 0.0086741 secs] [Times: user=0.07 sys=0.00, real=0.01 secs] 
322577.542: [GC (Allocation Failure) 322577.542: [ParNew: 421287K->7857K(471872K), 0.0059859 secs] 2616717K->2203964K(4141888K), 0.0060987 secs] [Times: user=0.04 sys=0.01, real=0.01 secs] 
322579.994: [GC (Allocation Failure) 322579.994: [ParNew: 427313K->2499K(471872K), 0.0054448 secs] 2623420K->2199604K(4141888K), 0.0055465 secs] [Times: user=0.04 sys=0.00, real=0.00 secs] 
322583.065: [GC (Allocation Failure) 322583.066: [ParNew: 421955K->3487K(471872K), 0.0073066 secs] 2619060K->2201452K(4141888K), 0.0074231 secs] [Times: user=0.06 sys=0.00, real=0.00 secs] 
322586.284: [GC (Allocation Failure) 322586.284: [ParNew: 422943K->3345K(471872K), 0.0074087 secs] 2620908K->2202201K(4141888K), 0.0075174 secs] [Times: user=0.06 sys=0.00, real=0.00 secs] 
322588.666: [GC (Allocation Failure) 322588.666: [ParNew: 422801K->7198K(471872K), 0.0077939 secs] 2621657K->2207319K(4141888K), 0.0079166 secs] [Times: user=0.06 sys=0.00, real=0.00 secs] 
322588.675: [GC (GCLocker Initiated GC) 322588.675: [ParNew: 7481K->1957K(471872K), 0.0072140 secs] 2207602K->2207307K(4141888K), 0.0073047 secs] [Times: user=0.05 sys=0.01, real=0.00 secs] 
322591.687: [GC (Allocation Failure) 322591.687: [ParNew: 421413K->6888K(471872K), 0.0083761 secs] 2626763K->2212243K(4141888K), 0.0085201 secs] [Times: user=0.07 sys=0.00, real=0.01 secs] 
322594.603: [GC (Allocation Failure) 322594.603: [ParNew: 426344K->8630K(471872K), 0.0101749 secs] 2631699K->2217028K(4141888K), 0.0103024 secs] [Times: user=0.07 sys=0.00, real=0.01 secs] 
322596.696: [GC (Allocation Failure) 322596.696: [ParNew: 428086K->6502K(471872K), 0.0075198 secs] 2636484K->2215728K(4141888K), 0.0076512 secs] [Times: user=0.06 sys=0.00, real=0.01 secs] 
322599.869: [GC (Allocation Failure) 322599.869: [ParNew: 425958K->4752K(471872K), 0.0068318 secs] 2635184K->2214424K(4141888K), 0.0069365 secs] [Times: user=0.05 sys=0.00, real=0.01 secs] 
322601.918: [GC (Allocation Failure) 322601.918: [ParNew: 424208K->3482K(471872K), 0.0070367 secs] 2633880K->2213824K(4141888K), 0.0071528 secs] [Times: user=0.06 sys=0.00, real=0.01 secs] 
322603.790: [GC (Allocation Failure) 322603.790: [ParNew: 422938K->5504K(471872K), 0.0114902 secs] 2633280K->2216293K(4141888K), 0.0116528 secs] [Times: user=0.09 sys=0.00, real=0.01 secs] 
322607.723: [GC (Allocation Failure) 322607.723: [ParNew: 424960K->7976K(471872K), 0.0087835 secs] 2635749K->2219334K(4141888K), 0.0089429 secs] [Times: user=0.06 sys=0.00, real=0.01 secs] 
322610.012: [GC (Allocation Failure) 322610.012: [ParNew: 427432K->7317K(471872K), 0.0063223 secs] 2638790K->2219632K(4141888K), 0.0064387 secs] [Times: user=0.04 sys=0.00, real=0.01 secs] 
322612.736: [GC (Allocation Failure) 322612.736: [ParNew: 426773K->7334K(471872K), 0.0069912 secs] 2639088K->2220138K(4141888K), 0.0071349 secs] [Times: user=0.05 sys=0.00, real=0.00 secs] 
322614.597: [GC (Allocation Failure) 322614.597: [ParNew: 426790K->8272K(471872K), 0.0073514 secs] 2639594K->2221946K(4141888K), 0.0074785 secs] [Times: user=0.05 sys=0.00, real=0.01 secs] 
322617.725: [GC (Allocation Failure) 322617.725: [ParNew: 427728K->11328K(471872K), 0.0076997 secs] 2641402K->2226173K(4141888K), 0.0078313 secs] [Times: user=0.06 sys=0.00, real=0.00 secs] 
322621.755: [GC (Allocation Failure) 322621.755: [ParNew: 430784K->4314K(471872K), 0.0086145 secs] 2645629K->2222240K(4141888K), 0.0087527 secs] [Times: user=0.07 sys=0.00, real=0.01 secs] 
322624.992: [GC (Allocation Failure) 322624.992: [ParNew: 423770K->22417K(471872K), 0.0122747 secs] 2641696K->2241907K(4141888K), 0.0124145 secs] [Times: user=0.09 sys=0.00, real=0.02 secs] 
322626.962: [GC (Allocation Failure) 322626.962: [ParNew: 441873K->19194K(471872K), 0.0124569 secs] 2661363K->2239401K(4141888K), 0.0126084 secs] [Times: user=0.07 sys=0.00, real=0.02 secs] 
322633.151: [GC (Allocation Failure) 322633.151: [ParNew: 438650K->8769K(471872K), 0.0099439 secs] 2658857K->2229362K(4141888K), 0.0100720 secs] [Times: user=0.06 sys=0.00, real=0.01 secs] 
322635.187: [GC (Allocation Failure) 322635.187: [ParNew: 428225K->28456K(471872K), 0.0116193 secs] 2648818K->2250439K(4141888K), 0.0117924 secs] [Times: user=0.08 sys=0.00, real=0.01 secs] 
322637.255: [GC (Allocation Failure) 322637.255: [ParNew: 447912K->31416K(471872K), 0.0110653 secs] 2669895K->2253909K(4141888K), 0.0112178 secs] [Times: user=0.08 sys=0.00, real=0.01 secs] 
322638.413: [GC (Allocation Failure) 322638.413: [ParNew: 450872K->25038K(471872K), 0.0084957 secs] 2673365K->2248150K(4141888K), 0.0086888 secs] [Times: user=0.06 sys=0.00, real=0.01 secs] 
322641.038: [GC (Allocation Failure) 322641.038: [ParNew: 444494K->22608K(471872K), 0.0115626 secs] 2667606K->2246000K(4141888K), 0.0117287 secs] [Times: user=0.09 sys=0.00, real=0.01 secs] 
322641.701: [GC (Allocation Failure) 322641.701: [ParNew: 442064K->9941K(471872K), 0.0067124 secs] 2665456K->2234005K(4141888K), 0.0068505 secs] [Times: user=0.04 sys=0.00, real=0.01 secs] 
322643.063: [GC (Allocation Failure) 322643.063: [ParNew: 429397K->4084K(471872K), 0.0057725 secs] 2653461K->2228742K(4141888K), 0.0058851 secs] [Times: user=0.04 sys=0.00, real=0.01 secs] 
322644.390: [GC (Allocation Failure) 322644.390: [ParNew: 423540K->6271K(471872K), 0.0070022 secs] 2648198K->2231319K(4141888K), 0.0071451 secs] [Times: user=0.05 sys=0.00, real=0.01 secs] 
322645.915: [GC (Allocation Failure) 322645.915: [ParNew: 425727K->18228K(471872K), 0.0077898 secs] 2650775K->2244070K(4141888K), 0.0079571 secs] [Times: user=0.06 sys=0.00, real=0.00 secs] 
322647.067: [GC (Allocation Failure) 322647.067: [ParNew: 437684K->21831K(471872K), 0.0077043 secs] 2663526K->2247983K(4141888K), 0.0078592 secs] [Times: user=0.05 sys=0.01, real=0.01 secs] 
322647.969: [GC (Allocation Failure) 322647.969: [ParNew: 440979K->23286K(471872K), 0.0075751 secs] 2667131K->2249919K(4141888K), 0.0077173 secs] [Times: user=0.06 sys=0.00, real=0.01 secs] 
322648.422: [GC (Allocation Failure) 322648.422: [ParNew: 442742K->22860K(471872K), 0.0089048 secs] 2669375K->2249915K(4141888K), 0.0090411 secs] [Times: user=0.06 sys=0.00, real=0.01 secs] 
322649.356: [GC (Allocation Failure) 322649.356: [ParNew: 442316K->20908K(471872K), 0.0089333 secs] 2669371K->2248105K(4141888K), 0.0090736 secs] [Times: user=0.07 sys=0.00, real=0.01 secs] 
322651.908: [GC (Allocation Failure) 322651.908: [ParNew: 440364K->19367K(471872K), 0.0078473 secs] 2667561K->2246824K(4141888K), 0.0080245 secs] [Times: user=0.05 sys=0.00, real=0.01 secs] 
322653.103: [GC (Allocation Failure) 322653.103: [ParNew: 438823K->21231K(471872K), 0.0098205 secs] 2666280K->2250161K(4141888K), 0.0099659 secs] [Times: user=0.07 sys=0.01, real=0.01 secs] 
322655.018: [GC (Allocation Failure) 322655.018: [ParNew: 440687K->7133K(471872K), 0.0070643 secs] 2669617K->2236621K(4141888K), 0.0072040 secs] [Times: user=0.06 sys=0.00, real=0.01 secs] 
322656.137: [GC (Allocation Failure) 322656.137: [ParNew: 426589K->7352K(471872K), 0.0062847 secs] 2656077K->2237539K(4141888K), 0.0064028 secs] [Times: user=0.04 sys=0.00, real=0.00 secs] 
322657.035: [GC (Allocation Failure) 322657.035: [ParNew: 426808K->18864K(471872K), 0.0073583 secs] 2656995K->2249585K(4141888K), 0.0074946 secs] [Times: user=0.05 sys=0.00, real=0.00 secs] 
322659.114: [GC (Allocation Failure) 322659.114: [ParNew: 438320K->26989K(471872K), 0.0101045 secs] 2669041K->2257995K(4141888K), 0.0102801 secs] [Times: user=0.07 sys=0.00, real=0.01 secs] 
322659.906: [GC (Allocation Failure) 322659.906: [ParNew: 446445K->14441K(471872K), 0.0060468 secs] 2677451K->2246307K(4141888K), 0.0061593 secs] [Times: user=0.04 sys=0.00, real=0.00 secs] 
322661.099: [GC (Allocation Failure) 322661.099: [ParNew: 433897K->20427K(471872K), 0.0070891 secs] 2665763K->2252538K(4141888K), 0.0072447 secs] [Times: user=0.06 sys=0.00, real=0.01 secs] 
322664.029: [GC (Allocation Failure) 322664.029: [ParNew: 439883K->17490K(471872K), 0.0107714 secs] 2671994K->2249931K(4141888K), 0.0109321 secs] [Times: user=0.09 sys=0.00, real=0.01 secs] 
322667.004: [GC (Allocation Failure) 322667.005: [ParNew: 436432K->17580K(471872K), 0.0102801 secs] 2668874K->2250980K(4141888K), 0.0104303 secs] [Times: user=0.06 sys=0.00, real=0.01 secs] 
322667.457: [GC (Allocation Failure) 322667.457: [ParNew: 437036K->21410K(471872K), 0.0088328 secs] 2670436K->2255890K(4141888K), 0.0089673 secs] [Times: user=0.06 sys=0.00, real=0.01 secs] 
322667.958: [GC (Allocation Failure) 322667.958: [ParNew: 439451K->11402K(471872K), 0.0063295 secs] 2673931K->2246091K(4141888K), 0.0064608 secs] [Times: user=0.05 sys=0.00, real=0.01 secs] 
322668.650: [GC (Allocation Failure) 322668.650: [ParNew: 430858K->6930K(471872K), 0.0081709 secs] 2665547K->2246070K(4141888K), 0.0083396 secs] [Times: user=0.06 sys=0.00, real=0.01 secs] 
322669.110: [GC (Allocation Failure) 322669.110: [ParNew: 426386K->15375K(471872K), 0.0097365 secs] 2665526K->2257718K(4141888K), 0.0098951 secs] [Times: user=0.07 sys=0.00, real=0.01 secs] 
322669.121: [GC (GCLocker Initiated GC) 322669.121: [ParNew: 19156K->6543K(471872K), 0.0129212 secs] 2261498K->2260674K(4141888K), 0.0130234 secs] [Times: user=0.07 sys=0.01, real=0.02 secs] 
322669.769: [GC (Allocation Failure) 322669.769: [ParNew: 425999K->11672K(471872K), 0.0130120 secs] 2680130K->2265848K(4141888K), 0.0131514 secs] [Times: user=0.10 sys=0.01, real=0.01 secs] 
322670.215: [GC (Allocation Failure) 322670.215: [ParNew: 431128K->17234K(471872K), 0.0140935 secs] 2685304K->2278246K(4141888K), 0.0142345 secs] [Times: user=0.09 sys=0.00, real=0.01 secs] 
322670.520: [GC (Allocation Failure) 322670.520: [ParNew: 436690K->27531K(471872K), 0.0087754 secs] 2697702K->2289002K(4141888K), 0.0089145 secs] [Times: user=0.06 sys=0.00, real=0.01 secs] 
322670.993: [GC (GCLocker Initiated GC) 322670.993: [ParNew: 447012K->24502K(471872K), 0.0095748 secs] 2708483K->2286338K(4141888K), 0.0097323 secs] [Times: user=0.08 sys=0.00, real=0.01 secs] 
322671.274: [GC (Allocation Failure) 322671.274: [ParNew: 443958K->24365K(471872K), 0.0079812 secs] 2705794K->2286733K(4141888K), 0.0081118 secs] [Times: user=0.06 sys=0.00, real=0.00 secs] 
322671.637: [GC (Allocation Failure) 322671.637: [ParNew: 443821K->23275K(471872K), 0.0085347 secs] 2706189K->2287842K(4141888K), 0.0086591 secs] [Times: user=0.07 sys=0.00, real=0.01 secs] 
322677.702: [GC (Allocation Failure) 322677.702: [ParNew: 442731K->9041K(471872K), 0.0103739 secs] 2707298K->2273750K(4141888K), 0.0105049 secs] [Times: user=0.06 sys=0.00, real=0.01 secs] 
322686.669: [GC (Allocation Failure) 322686.669: [ParNew: 428497K->6534K(471872K), 0.0167477 secs] 2693206K->2274909K(4141888K), 0.0169083 secs] [Times: user=0.08 sys=0.00, real=0.02 secs] 
322700.887: [GC (Allocation Failure) 322700.887: [ParNew: 425990K->6882K(471872K), 0.0152656 secs] 2694365K->2280314K(4141888K), 0.0153991 secs] [Times: user=0.09 sys=0.00, real=0.01 secs] 
322712.088: [GC (Allocation Failure) 322712.088: [ParNew: 426338K->6635K(471872K), 0.0116872 secs] 2699770K->2284516K(4141888K), 0.0118284 secs] [Times: user=0.08 sys=0.00, real=0.01 secs] 
322723.133: [GC (Allocation Failure) 322723.133: [ParNew: 426091K->5710K(471872K), 0.0101230 secs] 2703972K->2287179K(4141888K), 0.0102499 secs] [Times: user=0.07 sys=0.00, real=0.01 secs] 
322734.325: [GC (Allocation Failure) 322734.325: [ParNew: 425166K->5681K(471872K), 0.0120190 secs] 2706635K->2290144K(4141888K), 0.0121533 secs] [Times: user=0.08 sys=0.00, real=0.01 secs] 
322741.030: [GC (Allocation Failure) 322741.030: [ParNew: 425137K->7853K(471872K), 0.0095353 secs] 2709600K->2295578K(4141888K), 0.0096756 secs] [Times: user=0.07 sys=0.00, real=0.01 secs] 
322745.053: [GC (Allocation Failure) 322745.053: [ParNew: 427309K->5130K(471872K), 0.0087985 secs] 2715034K->2297262K(4141888K), 0.0089162 secs] [Times: user=0.06 sys=0.00, real=0.01 secs] 
322750.903: [GC (Allocation Failure) 322750.903: [ParNew: 424586K->6458K(471872K), 0.0101298 secs] 2716718K->2300007K(4141888K), 0.0102526 secs] [Times: user=0.06 sys=0.01, real=0.01 secs] 
322755.858: [GC (Allocation Failure) 322755.858: [ParNew: 425914K->5937K(471872K), 0.0188185 secs] 2719463K->2302581K(4141888K), 0.0189597 secs] [Times: user=0.10 sys=0.00, real=0.02 secs] 
322763.195: [GC (Allocation Failure) 322763.195: [ParNew: 425393K->6090K(471872K), 0.0162569 secs] 2722037K->2306180K(4141888K), 0.0164168 secs] [Times: user=0.08 sys=0.00, real=0.01 secs] 
322768.625: [GC (Allocation Failure) 322768.625: [ParNew: 425546K->7694K(471872K), 0.0121968 secs] 2725636K->2311312K(4141888K), 0.0123696 secs] [Times: user=0.08 sys=0.00, real=0.01 secs] 
322773.052: [GC (Allocation Failure) 322773.052: [ParNew: 427150K->5762K(471872K), 0.0104088 secs] 2730768K->2312002K(4141888K), 0.0105335 secs] [Times: user=0.07 sys=0.00, real=0.01 secs] 
322780.647: [GC (Allocation Failure) 322780.647: [ParNew: 425218K->6316K(471872K), 0.0103421 secs] 2731458K->2315281K(4141888K), 0.0104685 secs] [Times: user=0.08 sys=0.00, real=0.01 secs] 
322793.092: [GC (Allocation Failure) 322793.092: [ParNew: 425772K->7587K(471872K), 0.0108442 secs] 2734737K->2320083K(4141888K), 0.0109688 secs] [Times: user=0.08 sys=0.00, real=0.01 secs] 
322803.076: [GC (Allocation Failure) 322803.076: [ParNew: 427043K->8958K(471872K), 0.0110155 secs] 2739539K->2326325K(4141888K), 0.0111240 secs] [Times: user=0.07 sys=0.00, real=0.01 secs] 
322814.487: [GC (Allocation Failure) 322814.487: [ParNew: 428414K->7179K(471872K), 0.0126745 secs] 2745781K->2330906K(4141888K), 0.0127924 secs] [Times: user=0.09 sys=0.00, real=0.01 secs] 
322825.289: [GC (Allocation Failure) 322825.289: [ParNew: 426635K->7534K(471872K), 0.0152438 secs] 2750362K->2335289K(4141888K), 0.0154161 secs] [Times: user=0.09 sys=0.00, real=0.02 secs] 
322833.078: [GC (Allocation Failure) 322833.078: [ParNew: 426990K->6106K(471872K), 0.0099672 secs] 2754745K->2337635K(4141888K), 0.0100884 secs] [Times: user=0.07 sys=0.00, real=0.01 secs] 
322843.099: [GC (Allocation Failure) 322843.099: [ParNew: 425562K->5815K(471872K), 0.0102859 secs] 2757091K->2340497K(4141888K), 0.0103940 secs] [Times: user=0.07 sys=0.00, real=0.01 secs] 
322855.944: [GC (Allocation Failure) 322855.944: [ParNew: 425271K->6847K(471872K), 0.0109714 secs] 2759953K->2345016K(4141888K), 0.0110889 secs] [Times: user=0.07 sys=0.00, real=0.01 secs] 
322865.299: [GC (Allocation Failure) 322865.299: [ParNew: 426303K->7670K(471872K), 0.0092279 secs] 2764472K->2349736K(4141888K), 0.0093323 secs] [Times: user=0.07 sys=0.00, real=0.01 secs] 
322873.148: [GC (Allocation Failure) 322873.148: [ParNew: 427126K->6456K(471872K), 0.0108537 secs] 2769192K->2353910K(4141888K), 0.0109628 secs] [Times: user=0.07 sys=0.00, real=0.01 secs] 
322883.828: [GC (Allocation Failure) 322883.828: [ParNew: 425912K->5779K(471872K), 0.0106767 secs] 2773366K->2355955K(4141888K), 0.0107850 secs] [Times: user=0.08 sys=0.00, real=0.01 secs] 
322893.347: [GC (Allocation Failure) 322893.347: [ParNew: 424477K->8070K(471872K), 0.0110864 secs] 2774652K->2361746K(4141888K), 0.0112323 secs] [Times: user=0.08 sys=0.00, real=0.01 secs] 
322907.381: [GC (Allocation Failure) 322907.381: [ParNew: 427526K->7380K(471872K), 0.0166619 secs] 2781202K->2364180K(4141888K), 0.0167776 secs] [Times: user=0.10 sys=0.00, real=0.02 secs] 
322921.855: [GC (Allocation Failure) 322921.855: [ParNew: 426836K->7691K(471872K), 0.0126637 secs] 2783636K->2369131K(4141888K), 0.0127709 secs] [Times: user=0.09 sys=0.00, real=0.01 secs] 
322932.241: [GC (Allocation Failure) 322932.241: [ParNew: 427147K->8663K(471872K), 0.0097174 secs] 2788587K->2374531K(4141888K), 0.0098439 secs] [Times: user=0.07 sys=0.00, real=0.01 secs] 
322943.080: [GC (Allocation Failure) 322943.080: [ParNew: 428119K->5254K(471872K), 0.0097461 secs] 2793987K->2376714K(4141888K), 0.0098600 secs] [Times: user=0.07 sys=0.00, real=0.01 secs] 
322953.127: [GC (Allocation Failure) 322953.127: [ParNew: 424710K->5454K(471872K), 0.0089214 secs] 2796170K->2380159K(4141888K), 0.0090286 secs] [Times: user=0.06 sys=0.00, real=0.01 secs] 
322963.142: [GC (Allocation Failure) 322963.142: [ParNew: 424910K->4528K(471872K), 0.0076707 secs] 2799615K->2381383K(4141888K), 0.0077955 secs] [Times: user=0.05 sys=0.00, real=0.01 secs] 
322971.999: [GC (Allocation Failure) 322971.999: [ParNew: 423984K->4496K(471872K), 0.0081345 secs] 2800839K->2384040K(4141888K), 0.0082438 secs] [Times: user=0.06 sys=0.00, real=0.01 secs] 
322977.445: [GC (Allocation Failure) 322977.445: [ParNew: 423952K->3411K(471872K), 0.0071030 secs] 2803496K->2384940K(4141888K), 0.0072152 secs] [Times: user=0.05 sys=0.00, real=0.00 secs] 
322984.462: [GC (Allocation Failure) 322984.462: [ParNew: 422633K->5723K(471872K), 0.0074416 secs] 2804162K->2388842K(4141888K), 0.0075529 secs] [Times: user=0.05 sys=0.00, real=0.01 secs] 
322989.610: [GC (Allocation Failure) 322989.610: [ParNew: 425179K->5352K(471872K), 0.0065939 secs] 2808298K->2390076K(4141888K), 0.0067084 secs] [Times: user=0.05 sys=0.00, real=0.01 secs] 
323003.081: [GC (Allocation Failure) 323003.081: [ParNew: 424808K->3945K(471872K), 0.0094193 secs] 2809532K->2392404K(4141888K), 0.0095286 secs] [Times: user=0.07 sys=0.01, real=0.01 secs] 
323013.446: [GC (Allocation Failure) 323013.446: [ParNew: 423234K->8173K(471872K), 0.0096202 secs] 2811693K->2399315K(4141888K), 0.0097404 secs] [Times: user=0.07 sys=0.00, real=0.01 secs] 
323022.769: [GC (Allocation Failure) 323022.769: [ParNew: 427629K->6007K(471872K), 0.0084398 secs] 2818771K->2399600K(4141888K), 0.0085533 secs] [Times: user=0.06 sys=0.00, real=0.01 secs] 
323030.964: [GC (Allocation Failure) 323030.964: [ParNew: 425463K->4418K(471872K), 0.0067054 secs] 2819056K->2400436K(4141888K), 0.0068084 secs] [Times: user=0.05 sys=0.00, real=0.00 secs] 
323043.105: [GC (Allocation Failure) 323043.105: [ParNew: 423874K->5108K(471872K), 0.0075663 secs] 2819892K->2403269K(4141888K), 0.0076702 secs] [Times: user=0.05 sys=0.00, real=0.00 secs] 
323053.165: [GC (Allocation Failure) 323053.165: [ParNew: 424564K->7328K(471872K), 0.0082981 secs] 2822725K->2408134K(4141888K), 0.0084139 secs] [Times: user=0.06 sys=0.00, real=0.00 secs] 
323066.080: [GC (Allocation Failure) 323066.080: [ParNew: 426784K->4558K(471872K), 0.0100730 secs] 2827590K->2410047K(4141888K), 0.0101725 secs] [Times: user=0.07 sys=0.00, real=0.01 secs] 
323075.468: [GC (Allocation Failure) 323075.468: [ParNew: 424014K->5333K(471872K), 0.0093766 secs] 2829503K->2413516K(4141888K), 0.0095105 secs] [Times: user=0.07 sys=0.00, real=0.01 secs] 
323083.931: [GC (Allocation Failure) 323083.931: [ParNew: 424789K->5065K(471872K), 0.0081633 secs] 2832972K->2415545K(4141888K), 0.0082871 secs] [Times: user=0.05 sys=0.00, real=0.01 secs] 
323099.847: [GC (Allocation Failure) 323099.847: [ParNew: 424521K->5399K(471872K), 0.0098384 secs] 2835001K->2418562K(4141888K), 0.0099515 secs] [Times: user=0.07 sys=0.00, real=0.01 secs] 
323111.097: [GC (Allocation Failure) 323111.097: [ParNew: 424855K->6913K(471872K), 0.0106816 secs] 2838018K->2423236K(4141888K), 0.0108074 secs] [Times: user=0.08 sys=0.00, real=0.01 secs] 
323123.072: [GC (Allocation Failure) 323123.072: [ParNew: 426369K->4229K(471872K), 0.0082674 secs] 2842692K->2425115K(4141888K), 0.0083813 secs] [Times: user=0.06 sys=0.00, real=0.01 secs] 
323134.055: [GC (Allocation Failure) 323134.055: [ParNew: 423685K->5394K(471872K), 0.0089154 secs] 2844571K->2428739K(4141888K), 0.0090163 secs] [Times: user=0.06 sys=0.00, real=0.01 secs] 
323146.125: [GC (Allocation Failure) 323146.125: [ParNew: 424850K->4701K(471872K), 0.0082289 secs] 2848195K->2430350K(4141888K), 0.0083586 secs] [Times: user=0.06 sys=0.01, real=0.00 secs] 
323157.351: [GC (Allocation Failure) 323157.351: [ParNew: 424069K->5585K(471872K), 0.0080160 secs] 2849718K->2434217K(4141888K), 0.0081255 secs] [Times: user=0.06 sys=0.00, real=0.01 secs] 
323168.669: [GC (Allocation Failure) 323168.669: [ParNew: 425041K->27356K(471872K), 0.0088669 secs] 2853673K->2458886K(4141888K), 0.0090017 secs] [Times: user=0.06 sys=0.00, real=0.01 secs] 
323176.297: [GC (Allocation Failure) 323176.297: [ParNew: 446812K->6798K(471872K), 0.0089811 secs] 2878342K->2443135K(4141888K), 0.0090893 secs] [Times: user=0.07 sys=0.00, real=0.01 secs] 
323181.369: [GC (Allocation Failure) 323181.369: [ParNew: 426254K->4295K(471872K), 0.0070029 secs] 2862591K->2442316K(4141888K), 0.0071355 secs] [Times: user=0.05 sys=0.00, real=0.01 secs] 
323185.950: [GC (Allocation Failure) 323185.950: [ParNew: 423751K->4465K(471872K), 0.0066395 secs] 2861772K->2443491K(4141888K), 0.0067442 secs] [Times: user=0.05 sys=0.00, real=0.01 secs] 
323190.528: [GC (Allocation Failure) 323190.528: [ParNew: 423921K->5523K(471872K), 0.0060994 secs] 2862947K->2445520K(4141888K), 0.0062122 secs] [Times: user=0.04 sys=0.00, real=0.01 secs] 
323196.502: [GC (Allocation Failure) 323196.502: [ParNew: 424979K->7438K(471872K), 0.0065055 secs] 2864976K->2448376K(4141888K), 0.0066254 secs] [Times: user=0.05 sys=0.00, real=0.01 secs] 
323197.532: [GC (Allocation Failure) 323197.532: [ParNew: 426894K->4526K(471872K), 0.0055118 secs] 2867832K->2447110K(4141888K), 0.0056203 secs] [Times: user=0.04 sys=0.00, real=0.01 secs] 
323201.546: [GC (Allocation Failure) 323201.546: [ParNew: 423982K->3347K(471872K), 0.0052313 secs] 2866566K->2446149K(4141888K), 0.0053302 secs] [Times: user=0.03 sys=0.00, real=0.00 secs] 
323204.704: [GC (Allocation Failure) 323204.704: [ParNew: 422803K->2696K(471872K), 0.0058764 secs] 2865605K->2446726K(4141888K), 0.0059760 secs] [Times: user=0.04 sys=0.00, real=0.00 secs] 
323209.197: [GC (Allocation Failure) 323209.197: [ParNew: 422152K->4086K(471872K), 0.0060022 secs] 2866182K->2449388K(4141888K), 0.0061048 secs] [Times: user=0.04 sys=0.00, real=0.00 secs] 
323213.592: [GC (Allocation Failure) 323213.592: [ParNew: 423542K->4521K(471872K), 0.0064409 secs] 2868844K->2450770K(4141888K), 0.0065419 secs] [Times: user=0.05 sys=0.00, real=0.01 secs] 
323215.719: [GC (Allocation Failure) 323215.720: [ParNew: 423977K->9896K(471872K), 0.0080383 secs] 2870226K->2457224K(4141888K), 0.0081452 secs] [Times: user=0.06 sys=0.00, real=0.01 secs] 
323216.261: [GC (Allocation Failure) 323216.261: [ParNew: 428651K->6659K(471872K), 0.0057496 secs] 2875978K->2457743K(4141888K), 0.0058487 secs] [Times: user=0.05 sys=0.00, real=0.01 secs] 
323216.831: [GC (Allocation Failure) 323216.831: [ParNew: 424271K->4622K(471872K), 0.0052497 secs] 2875354K->2458655K(4141888K), 0.0053564 secs] [Times: user=0.03 sys=0.01, real=0.01 secs] 
323217.407: [GC (Allocation Failure) 323217.407: [ParNew: 424078K->6897K(471872K), 0.0088408 secs] 2878111K->2461504K(4141888K), 0.0089445 secs] [Times: user=0.06 sys=0.00, real=0.01 secs] 
323218.136: [GC (Allocation Failure) 323218.136: [ParNew: 426353K->6393K(471872K), 0.0073327 secs] 2880960K->2461726K(4141888K), 0.0074379 secs] [Times: user=0.06 sys=0.00, real=0.00 secs] 
323218.684: [GC (Allocation Failure) 323218.684: [ParNew: 425849K->3995K(471872K), 0.0052890 secs] 2881182K->2460133K(4141888K), 0.0053881 secs] [Times: user=0.04 sys=0.00, real=0.01 secs] 
323221.713: [GC (Allocation Failure) 323221.714: [ParNew: 423451K->3658K(471872K), 0.0056738 secs] 2879589K->2460120K(4141888K), 0.0057644 secs] [Times: user=0.05 sys=0.00, real=0.01 secs] 
323224.798: [GC (Allocation Failure) 323224.799: [ParNew: 423114K->3089K(471872K), 0.0067269 secs] 2879576K->2460212K(4141888K), 0.0068659 secs] [Times: user=0.05 sys=0.00, real=0.01 secs] 
323230.393: [GC (Allocation Failure) 323230.393: [ParNew: 422442K->6494K(471872K), 0.0058855 secs] 2879565K->2464380K(4141888K), 0.0060121 secs] [Times: user=0.04 sys=0.00, real=0.01 secs] 
323234.868: [GC (Allocation Failure) 323234.868: [ParNew: 425950K->3065K(471872K), 0.0085662 secs] 2883836K->2464559K(4141888K), 0.0086754 secs] [Times: user=0.06 sys=0.00, real=0.01 secs] 
323237.500: [GC (Allocation Failure) 323237.500: [ParNew: 422521K->3415K(471872K), 0.0055432 secs] 2884015K->2465860K(4141888K), 0.0056360 secs] [Times: user=0.04 sys=0.00, real=0.01 secs] 
323239.967: [GC (Allocation Failure) 323239.967: [ParNew: 422871K->3333K(471872K), 0.0052522 secs] 2885316K->2466410K(4141888K), 0.0053476 secs] [Times: user=0.04 sys=0.00, real=0.00 secs] 
323241.889: [GC (Allocation Failure) 323241.889: [ParNew: 422789K->2106K(471872K), 0.0047176 secs] 2885866K->2465965K(4141888K), 0.0048113 secs] [Times: user=0.03 sys=0.00, real=0.01 secs] 
323244.479: [GC (Allocation Failure) 323244.479: [ParNew: 421562K->2421K(471872K), 0.0070668 secs] 2885421K->2466712K(4141888K), 0.0071557 secs] [Times: user=0.04 sys=0.00, real=0.01 secs] 
323253.177: [GC (Allocation Failure) 323253.177: [ParNew: 421877K->3638K(471872K), 0.0079879 secs] 2886168K->2468688K(4141888K), 0.0080835 secs] [Times: user=0.05 sys=0.00, real=0.01 secs] 
323259.635: [GC (Allocation Failure) 323259.635: [ParNew: 423094K->4028K(471872K), 0.0082585 secs] 2888144K->2470968K(4141888K), 0.0083776 secs] [Times: user=0.05 sys=0.01, real=0.00 secs] 
323264.448: [GC (Allocation Failure) 323264.448: [ParNew: 423484K->3797K(471872K), 0.0063788 secs] 2890424K->2472411K(4141888K), 0.0064759 secs] [Times: user=0.05 sys=0.00, real=0.01 secs] 
323269.848: [GC (Allocation Failure) 323269.848: [ParNew: 423253K->4056K(471872K), 0.0063558 secs] 2891867K->2473583K(4141888K), 0.0064737 secs] [Times: user=0.05 sys=0.00, real=0.01 secs] 
323273.937: [GC (Allocation Failure) 323273.937: [ParNew: 423512K->3168K(471872K), 0.0076380 secs] 2893039K->2473978K(4141888K), 0.0077506 secs] [Times: user=0.06 sys=0.00, real=0.01 secs] 
323282.592: [GC (Allocation Failure) 323282.592: [ParNew: 422624K->3182K(471872K), 0.0064123 secs] 2893434K->2474913K(4141888K), 0.0065339 secs] [Times: user=0.05 sys=0.00, real=0.01 secs] 
323288.435: [GC (Allocation Failure) 323288.435: [ParNew: 422638K->3872K(471872K), 0.0069385 secs] 2894369K->2477251K(4141888K), 0.0070665 secs] [Times: user=0.05 sys=0.01, real=0.00 secs] 
323293.076: [GC (Allocation Failure) 323293.076: [ParNew: 423328K->5839K(471872K), 0.0064355 secs] 2896707K->2480486K(4141888K), 0.0065409 secs] [Times: user=0.05 sys=0.00, real=0.00 secs] 
323300.910: [GC (Allocation Failure) 323300.910: [ParNew: 425295K->3853K(471872K), 0.0075218 secs] 2899942K->2482120K(4141888K), 0.0076254 secs] [Times: user=0.06 sys=0.00, real=0.01 secs] 
323311.516: [GC (Allocation Failure) 323311.516: [ParNew: 423309K->5115K(471872K), 0.0070813 secs] 2901576K->2485072K(4141888K), 0.0071971 secs] [Times: user=0.05 sys=0.00, real=0.00 secs] 
323317.479: [GC (Allocation Failure) 323317.479: [ParNew: 424571K->5111K(471872K), 0.0074854 secs] 2904528K->2487182K(4141888K), 0.0076281 secs] [Times: user=0.05 sys=0.00, real=0.01 secs] 
323322.932: [GC (Allocation Failure) 323322.932: [ParNew: 424567K->4258K(471872K), 0.0070360 secs] 2906638K->2487705K(4141888K), 0.0071424 secs] [Times: user=0.05 sys=0.00, real=0.01 secs] 
323328.026: [GC (Allocation Failure) 323328.026: [ParNew: 423714K->2820K(471872K), 0.0070453 secs] 2907161K->2487717K(4141888K), 0.0071740 secs] [Times: user=0.05 sys=0.00, real=0.00 secs] 
323333.157: [GC (Allocation Failure) 323333.157: [ParNew: 422276K->3212K(471872K), 0.0060870 secs] 2907173K->2489440K(4141888K), 0.0061912 secs] [Times: user=0.05 sys=0.00, real=0.00 secs] 
323342.637: [GC (Allocation Failure) 323342.637: [ParNew: 422668K->3676K(471872K), 0.0066938 secs] 2908896K->2491301K(4141888K), 0.0068196 secs] [Times: user=0.05 sys=0.00, real=0.00 secs] 
323349.474: [GC (Allocation Failure) 323349.474: [ParNew: 423132K->5198K(471872K), 0.0066899 secs] 2910757K->2494802K(4141888K), 0.0068038 secs] [Times: user=0.04 sys=0.00, real=0.00 secs] 
323353.353: [GC (Allocation Failure) 323353.354: [ParNew: 424654K->5896K(471872K), 0.0077630 secs] 2914258K->2497203K(4141888K), 0.0078928 secs] [Times: user=0.04 sys=0.00, real=0.01 secs] 
323358.462: [GC (Allocation Failure) 323358.463: [ParNew: 425352K->4743K(471872K), 0.0083371 secs] 2916659K->2499571K(4141888K), 0.0084616 secs] [Times: user=0.06 sys=0.01, real=0.01 secs] 
323365.325: [GC (Allocation Failure) 323365.325: [ParNew: 424199K->4025K(471872K), 0.0083026 secs] 2919027K->2500122K(4141888K), 0.0084121 secs] [Times: user=0.05 sys=0.01, real=0.00 secs] 
323373.114: [GC (Allocation Failure) 323373.114: [ParNew: 423481K->4553K(471872K), 0.0069799 secs] 2919578K->2501974K(4141888K), 0.0070846 secs] [Times: user=0.05 sys=0.00, real=0.00 secs] 
323375.955: [GC (Allocation Failure) 323375.955: [ParNew: 424009K->4182K(471872K), 0.0061357 secs] 2921430K->2503390K(4141888K), 0.0062707 secs] [Times: user=0.05 sys=0.00, real=0.00 secs] 
323382.187: [GC (Allocation Failure) 323382.187: [ParNew: 423638K->4082K(471872K), 0.0059651 secs] 2922846K->2504117K(4141888K), 0.0060871 secs] [Times: user=0.04 sys=0.00, real=0.00 secs] 
323388.386: [GC (Allocation Failure) 323388.386: [ParNew: 423538K->4355K(471872K), 0.0064006 secs] 2923573K->2506160K(4141888K), 0.0065042 secs] [Times: user=0.05 sys=0.00, real=0.00 secs] 
323391.433: [GC (Allocation Failure) 323391.433: [ParNew: 423811K->3542K(471872K), 0.0057143 secs] 2925616K->2506668K(4141888K), 0.0058221 secs] [Times: user=0.04 sys=0.00, real=0.01 secs] 
323398.036: [GC (Allocation Failure) 323398.036: [ParNew: 422998K->3366K(471872K), 0.0069347 secs] 2926124K->2507616K(4141888K), 0.0070402 secs] [Times: user=0.04 sys=0.00, real=0.00 secs] 
323399.713: [GC (Allocation Failure) 323399.713: [ParNew: 422822K->3650K(471872K), 0.0055129 secs] 2927072K->2509739K(4141888K), 0.0056179 secs] [Times: user=0.04 sys=0.00, real=0.01 secs] 
323403.647: [GC (Allocation Failure) 323403.647: [ParNew: 423084K->4443K(471872K), 0.0056626 secs] 2929172K->2511032K(4141888K), 0.0057883 secs] [Times: user=0.04 sys=0.00, real=0.00 secs] 
323408.759: [GC (Allocation Failure) 323408.759: [ParNew: 423899K->3112K(471872K), 0.0052664 secs] 2930488K->2510658K(4141888K), 0.0053628 secs] [Times: user=0.04 sys=0.00, real=0.01 secs] 
323412.539: [GC (Allocation Failure) 323412.539: [ParNew: 422568K->5232K(471872K), 0.0064121 secs] 2930114K->2513879K(4141888K), 0.0065284 secs] [Times: user=0.05 sys=0.00, real=0.01 secs] 
323417.012: [GC (Allocation Failure) 323417.012: [ParNew: 424688K->5941K(471872K), 0.0071937 secs] 2933335K->2515712K(4141888K), 0.0073000 secs] [Times: user=0.05 sys=0.00, real=0.01 secs] 
323423.176: [GC (Allocation Failure) 323423.176: [ParNew: 425397K->2620K(471872K), 0.0069668 secs] 2935168K->2515898K(4141888K), 0.0070632 secs] [Times: user=0.05 sys=0.00, real=0.00 secs] 
323433.096: [GC (Allocation Failure) 323433.096: [ParNew: 422076K->4078K(471872K), 0.0064959 secs] 2935354K->2518565K(4141888K), 0.0065963 secs] [Times: user=0.05 sys=0.00, real=0.00 secs] 
323441.492: [GC (Allocation Failure) 323441.492: [ParNew: 423534K->5105K(471872K), 0.0072283 secs] 2938021K->2521835K(4141888K), 0.0073451 secs] [Times: user=0.05 sys=0.00, real=0.01 secs] 
323447.521: [GC (Allocation Failure) 323447.521: [ParNew: 424561K->6531K(471872K), 0.0080828 secs] 2941291K->2525097K(4141888K), 0.0082018 secs] [Times: user=0.05 sys=0.00, real=0.01 secs] 
323454.515: [GC (Allocation Failure) 323454.515: [ParNew: 425987K->4522K(471872K), 0.0067916 secs] 2944553K->2524827K(4141888K), 0.0068912 secs] [Times: user=0.05 sys=0.00, real=0.00 secs] 
323461.452: [GC (Allocation Failure) 323461.452: [ParNew: 423978K->6031K(471872K), 0.0090369 secs] 2944283K->2527995K(4141888K), 0.0091464 secs] [Times: user=0.07 sys=0.00, real=0.01 secs] 
323465.478: [GC (Allocation Failure) 323465.478: [ParNew: 425445K->4232K(471872K), 0.0062763 secs] 2947410K->2527914K(4141888K), 0.0063879 secs] [Times: user=0.04 sys=0.00, real=0.01 secs] 
323471.466: [GC (Allocation Failure) 323471.466: [ParNew: 423688K->3409K(471872K), 0.0056477 secs] 2947370K->2528216K(4141888K), 0.0057747 secs] [Times: user=0.04 sys=0.00, real=0.00 secs] 
323475.295: [GC (Allocation Failure) 323475.295: [ParNew: 422865K->3082K(471872K), 0.0058582 secs] 2947672K->2529121K(4141888K), 0.0059736 secs] [Times: user=0.04 sys=0.00, real=0.00 secs] 
323479.428: [GC (Allocation Failure) 323479.428: [ParNew: 422538K->6110K(471872K), 0.0069598 secs] 2948577K->2533418K(4141888K), 0.0070663 secs] [Times: user=0.05 sys=0.00, real=0.01 secs] 
323483.074: [GC (Allocation Failure) 323483.074: [ParNew: 425566K->3123K(471872K), 0.0055700 secs] 2952874K->2533794K(4141888K), 0.0056685 secs] [Times: user=0.04 sys=0.00, real=0.00 secs] 
323486.459: [GC (Allocation Failure) 323486.460: [ParNew: 422579K->3977K(471872K), 0.0057835 secs] 2953250K->2535474K(4141888K), 0.0059021 secs] [Times: user=0.05 sys=0.00, real=0.01 secs] 
323493.469: [GC (Allocation Failure) 323493.469: [ParNew: 423433K->7307K(471872K), 0.0091090 secs] 2954930K->2539573K(4141888K), 0.0092410 secs] [Times: user=0.05 sys=0.00, real=0.01 secs] 
323503.077: [GC (Allocation Failure) 323503.078: [ParNew: 426763K->6500K(471872K), 0.0082977 secs] 2959029K->2540685K(4141888K), 0.0084286 secs] [Times: user=0.06 sys=0.00, real=0.01 secs] 
323510.656: [GC (Allocation Failure) 323510.656: [ParNew: 425956K->4282K(471872K), 0.0076602 secs] 2960141K->2540610K(4141888K), 0.0077759 secs] [Times: user=0.06 sys=0.00, real=0.00 secs] 
323518.318: [GC (Allocation Failure) 323518.318: [ParNew: 423738K->3536K(471872K), 0.0065806 secs] 2960066K->2541886K(4141888K), 0.0067040 secs] [Times: user=0.05 sys=0.00, real=0.01 secs] 
323525.167: [GC (Allocation Failure) 323525.167: [ParNew: 422992K->3690K(471872K), 0.0071401 secs] 2961342K->2543800K(4141888K), 0.0072537 secs] [Times: user=0.05 sys=0.00, real=0.01 secs] 
323533.155: [GC (Allocation Failure) 323533.155: [ParNew: 423146K->3522K(471872K), 0.0077305 secs] 2963256K->2545149K(4141888K), 0.0078449 secs] [Times: user=0.06 sys=0.00, real=0.00 secs] 
323542.018: [GC (Allocation Failure) 323542.018: [ParNew: 422978K->6551K(471872K), 0.0078103 secs] 2964605K->2549897K(4141888K), 0.0079320 secs] [Times: user=0.06 sys=0.00, real=0.01 secs] 
323550.099: [GC (Allocation Failure) 323550.099: [ParNew: 426007K->3895K(471872K), 0.0089264 secs] 2969353K->2551583K(4141888K), 0.0090413 secs] [Times: user=0.06 sys=0.00, real=0.01 secs] 
323558.131: [GC (Allocation Failure) 323558.131: [ParNew: 423342K->4427K(471872K), 0.0081408 secs] 2971030K->2554306K(4141888K), 0.0082736 secs] [Times: user=0.06 sys=0.00, real=0.01 secs] 
323565.067: [GC (Allocation Failure) 323565.067: [ParNew: 423883K->4766K(471872K), 0.0086851 secs] 2973762K->2556359K(4141888K), 0.0088060 secs] [Times: user=0.05 sys=0.01, real=0.01 secs] 
323573.088: [GC (Allocation Failure) 323573.088: [ParNew: 424222K->4718K(471872K), 0.0067531 secs] 2975815K->2557797K(4141888K), 0.0068571 secs] [Times: user=0.05 sys=0.00, real=0.01 secs] 
323581.214: [GC (Allocation Failure) 323581.214: [ParNew: 424174K->4120K(471872K), 0.0068534 secs] 2977253K->2559261K(4141888K), 0.0069755 secs] [Times: user=0.05 sys=0.00, real=0.00 secs] 
323586.490: [GC (Allocation Failure) 323586.490: [ParNew: 423576K->3375K(471872K), 0.0074271 secs] 2978717K->2560265K(4141888K), 0.0075444 secs] [Times: user=0.06 sys=0.00, real=0.01 secs] 
323594.409: [GC (Allocation Failure) 323594.409: [ParNew: 422831K->5504K(471872K), 0.0072509 secs] 2979721K->2563509K(4141888K), 0.0073885 secs] [Times: user=0.06 sys=0.00, real=0.01 secs] 
323601.146: [GC (Allocation Failure) 323601.146: [ParNew: 424960K->7033K(471872K), 0.0070807 secs] 2982965K->2567060K(4141888K), 0.0071930 secs] [Times: user=0.04 sys=0.01, real=0.00 secs] 
323607.261: [GC (Allocation Failure) 323607.261: [ParNew: 426489K->4050K(471872K), 0.0079271 secs] 2986516K->2567897K(4141888K), 0.0080865 secs] [Times: user=0.05 sys=0.00, real=0.01 secs] 
323613.614: [GC (Allocation Failure) 323613.614: [ParNew: 423506K->4299K(471872K), 0.0074704 secs] 2987353K->2569578K(4141888K), 0.0075888 secs] [Times: user=0.05 sys=0.00, real=0.00 secs] 
323621.352: [GC (Allocation Failure) 323621.352: [ParNew: 423755K->4792K(471872K), 0.0073875 secs] 2989034K->2571775K(4141888K), 0.0075028 secs] [Times: user=0.05 sys=0.00, real=0.01 secs] 
323625.583: [GC (Allocation Failure) 323625.584: [ParNew: 424248K->4777K(471872K), 0.0067964 secs] 2991231K->2573683K(4141888K), 0.0069026 secs] [Times: user=0.05 sys=0.00, real=0.01 secs] 
323630.647: [GC (Allocation Failure) 323630.647: [ParNew: 424233K->4667K(471872K), 0.0066683 secs] 2993139K->2574767K(4141888K), 0.0068101 secs] [Times: user=0.05 sys=0.01, real=0.00 secs] 
323635.058: [GC (Allocation Failure) 323635.058: [ParNew: 424123K->3472K(471872K), 0.0065151 secs] 2994223K->2575309K(4141888K), 0.0066148 secs] [Times: user=0.04 sys=0.00, real=0.01 secs] 
323639.379: [GC (Allocation Failure) 323639.379: [ParNew: 422928K->4470K(471872K), 0.0056041 secs] 2994765K->2577666K(4141888K), 0.0057049 secs] [Times: user=0.04 sys=0.00, real=0.01 secs] 
323642.595: [GC (Allocation Failure) 323642.596: [ParNew: 423926K->3002K(471872K), 0.0053382 secs] 2997122K->2578035K(4141888K), 0.0054601 secs] [Times: user=0.04 sys=0.00, real=0.00 secs] 
323644.320: [GC (Allocation Failure) 323644.320: [ParNew: 422458K->3518K(471872K), 0.0059749 secs] 2997491K->2579546K(4141888K), 0.0060837 secs] [Times: user=0.04 sys=0.00, real=0.01 secs] 
323646.494: [GC (Allocation Failure) 323646.494: [ParNew: 422974K->4995K(471872K), 0.0061635 secs] 2999002K->2581687K(4141888K), 0.0062804 secs] [Times: user=0.05 sys=0.00, real=0.00 secs] 
323651.100: [GC (Allocation Failure) 323651.101: [ParNew: 424451K->4617K(471872K), 0.0113755 secs] 3001143K->2581898K(4141888K), 0.0115009 secs] [Times: user=0.05 sys=0.00, real=0.01 secs] 
323653.441: [GC (Allocation Failure) 323653.441: [ParNew: 424073K->3610K(471872K), 0.0159153 secs] 3001354K->2581994K(4141888K), 0.0160337 secs] [Times: user=0.07 sys=0.00, real=0.02 secs] 
323655.860: [GC (Allocation Failure) 323655.860: [ParNew: 423066K->3597K(471872K), 0.0140608 secs] 3001450K->2582770K(4141888K), 0.0141849 secs] [Times: user=0.05 sys=0.00, real=0.02 secs] 
323661.309: [GC (Allocation Failure) 323661.309: [ParNew: 423053K->5500K(471872K), 0.0151638 secs] 3002226K->2585325K(4141888K), 0.0153212 secs] [Times: user=0.05 sys=0.00, real=0.02 secs] 
323669.390: [GC (Allocation Failure) 323669.390: [ParNew: 424956K->4421K(471872K), 0.0088995 secs] 3004781K->2588128K(4141888K), 0.0089975 secs] [Times: user=0.06 sys=0.00, real=0.01 secs] 
323676.614: [GC (Allocation Failure) 323676.614: [ParNew: 423585K->7225K(471872K), 0.0093229 secs] 3007292K->2592922K(4141888K), 0.0094374 secs] [Times: user=0.06 sys=0.00, real=0.01 secs] 
323683.509: [GC (Allocation Failure) 323683.509: [ParNew: 426356K->7392K(471872K), 0.0092315 secs] 3012053K->2594648K(4141888K), 0.0093829 secs] [Times: user=0.05 sys=0.00, real=0.01 secs] 
323686.729: [GC (Allocation Failure) 323686.729: [ParNew: 426848K->3943K(471872K), 0.0097529 secs] 3014104K->2593290K(4141888K), 0.0098657 secs] [Times: user=0.05 sys=0.00, real=0.01 secs] 
323693.058: [GC (Allocation Failure) 323693.058: [ParNew: 423399K->3928K(471872K), 0.0070377 secs] 3012746K->2594266K(4141888K), 0.0071425 secs] [Times: user=0.05 sys=0.00, real=0.01 secs] 
323699.663: [GC (Allocation Failure) 323699.663: [ParNew: 423384K->3905K(471872K), 0.0063017 secs] 3013722K->2596161K(4141888K), 0.0064119 secs] [Times: user=0.04 sys=0.00, real=0.01 secs] 
323706.948: [GC (Allocation Failure) 323706.948: [ParNew: 423361K->3355K(471872K), 0.0069233 secs] 3015617K->2597267K(4141888K), 0.0070599 secs] [Times: user=0.05 sys=0.00, real=0.01 secs] 
323713.454: [GC (Allocation Failure) 323713.454: [ParNew: 422284K->7472K(471872K), 0.0099632 secs] 3016196K->2602956K(4141888K), 0.0100907 secs] [Times: user=0.06 sys=0.00, real=0.01 secs] 
323714.112: [GC (Allocation Failure) 323714.112: [ParNew: 426009K->9456K(471872K), 0.0104324 secs] 3021494K->2607446K(4141888K), 0.0105640 secs] [Times: user=0.07 sys=0.00, real=0.01 secs] 
323714.688: [GC (Allocation Failure) 323714.688: [ParNew: 428912K->4093K(471872K), 0.0069862 secs] 3026902K->2607672K(4141888K), 0.0071061 secs] [Times: user=0.05 sys=0.00, real=0.01 secs] 
323715.246: [GC (Allocation Failure) 323715.246: [ParNew: 423549K->5946K(471872K), 0.0083188 secs] 3027128K->2610512K(4141888K), 0.0084439 secs] [Times: user=0.06 sys=0.00, real=0.01 secs] 
323716.026: [GC (Allocation Failure) 323716.026: [ParNew: 425402K->7950K(471872K), 0.0082929 secs] 3029968K->2612974K(4141888K), 0.0084155 secs] [Times: user=0.06 sys=0.00, real=0.01 secs] 
323716.600: [GC (Allocation Failure) 323716.600: [ParNew: 427406K->4730K(471872K), 0.0052675 secs] 3032430K->2610342K(4141888K), 0.0053624 secs] [Times: user=0.04 sys=0.00, real=0.01 secs] 
323720.757: [GC (Allocation Failure) 323720.757: [ParNew: 424186K->7971K(471872K), 0.0060590 secs] 3029798K->2613935K(4141888K), 0.0061821 secs] [Times: user=0.04 sys=0.00, real=0.00 secs] 
323727.605: [GC (Allocation Failure) 323727.605: [ParNew: 427427K->3256K(471872K), 0.0064059 secs] 3033391K->2614879K(4141888K), 0.0065076 secs] [Times: user=0.05 sys=0.00, real=0.00 secs] 
323734.124: [GC (Allocation Failure) 323734.124: [ParNew: 422712K->3603K(471872K), 0.0066148 secs] 3034335K->2616739K(4141888K), 0.0067036 secs] [Times: user=0.04 sys=0.00, real=0.00 secs] 
323742.410: [GC (Allocation Failure) 323742.410: [ParNew: 423059K->4651K(471872K), 0.0063656 secs] 3036195K->2619407K(4141888K), 0.0064836 secs] [Times: user=0.05 sys=0.01, real=0.01 secs] 
323747.616: [GC (Allocation Failure) 323747.616: [ParNew: 424107K->4501K(471872K), 0.0072477 secs] 3038863K->2621179K(4141888K), 0.0073357 secs] [Times: user=0.05 sys=0.01, real=0.00 secs] 
323753.155: [GC (Allocation Failure) 323753.155: [ParNew: 423957K->4303K(471872K), 0.0059394 secs] 3040635K->2622955K(4141888K), 0.0060411 secs] [Times: user=0.04 sys=0.00, real=0.00 secs] 
323762.842: [GC (Allocation Failure) 323762.842: [ParNew: 423759K->4204K(471872K), 0.0062808 secs] 3042411K->2624596K(4141888K), 0.0063860 secs] [Times: user=0.04 sys=0.00, real=0.01 secs] 
323766.656: [GC (Allocation Failure) 323766.656: [ParNew: 423660K->3404K(471872K), 0.0062581 secs] 3044052K->2626177K(4141888K), 0.0063533 secs] [Times: user=0.05 sys=0.00, real=0.00 secs] 
323769.899: [GC (Allocation Failure) 323769.899: [ParNew: 422860K->3796K(471872K), 0.0053927 secs] 3045633K->2627387K(4141888K), 0.0054998 secs] [Times: user=0.03 sys=0.00, real=0.01 secs] 
323774.412: [GC (Allocation Failure) 323774.412: [ParNew: 423252K->5689K(471872K), 0.0069670 secs] 3046843K->2630048K(4141888K), 0.0070801 secs] [Times: user=0.04 sys=0.00, real=0.01 secs] 
323778.517: [GC (Allocation Failure) 323778.517: [ParNew: 425145K->6956K(471872K), 0.0055268 secs] 3049504K->2632340K(4141888K), 0.0056303 secs] [Times: user=0.04 sys=0.00, real=0.00 secs] 
323783.657: [GC (Allocation Failure) 323783.657: [ParNew: 426412K->6101K(471872K), 0.0059017 secs] 3051796K->2632562K(4141888K), 0.0059891 secs] [Times: user=0.04 sys=0.00, real=0.00 secs] 
323793.065: [GC (Allocation Failure) 323793.065: [ParNew: 425557K->3921K(471872K), 0.0086953 secs] 3052018K->2633934K(4141888K), 0.0088239 secs] [Times: user=0.05 sys=0.00, real=0.01 secs] 
323797.519: [GC (Allocation Failure) 323797.519: [ParNew: 423377K->4877K(471872K), 0.0083485 secs] 3053390K->2637076K(4141888K), 0.0084502 secs] [Times: user=0.05 sys=0.00, real=0.01 secs] 
323802.767: [GC (Allocation Failure) 323802.767: [ParNew: 424333K->5089K(471872K), 0.0053983 secs] 3056532K->2638436K(4141888K), 0.0055085 secs] [Times: user=0.04 sys=0.00, real=0.00 secs] 
323807.841: [GC (Allocation Failure) 323807.841: [ParNew: 424545K->6793K(471872K), 0.0061836 secs] 3057892K->2641263K(4141888K), 0.0062835 secs] [Times: user=0.05 sys=0.00, real=0.01 secs] 
323811.530: [GC (Allocation Failure) 323811.530: [ParNew: 426249K->4364K(471872K), 0.0056480 secs] 3060719K->2640025K(4141888K), 0.0057565 secs] [Times: user=0.04 sys=0.00, real=0.01 secs] 
323822.469: [GC (Allocation Failure) 323822.469: [ParNew: 423344K->6486K(471872K), 0.0066660 secs] 3059005K->2643534K(4141888K), 0.0067743 secs] [Times: user=0.05 sys=0.00, real=0.01 secs] 
323826.756: [GC (Allocation Failure) 323826.756: [ParNew: 425942K->5361K(471872K), 0.0076013 secs] 3062990K->2645026K(4141888K), 0.0077091 secs] [Times: user=0.05 sys=0.00, real=0.01 secs] 
323831.016: [GC (Allocation Failure) 323831.016: [ParNew: 424817K->5866K(471872K), 0.0062681 secs] 3064482K->2646528K(4141888K), 0.0063892 secs] [Times: user=0.05 sys=0.00, real=0.00 secs] 
323835.766: [GC (Allocation Failure) 323835.766: [ParNew: 425322K->5754K(471872K), 0.0071297 secs] 3065984K->2647318K(4141888K), 0.0072503 secs] [Times: user=0.06 sys=0.00, real=0.00 secs] 
323841.556: [GC (Allocation Failure) 323841.557: [ParNew: 425210K->7899K(471872K), 0.0065050 secs] 3066774K->2650651K(4141888K), 0.0066099 secs] [Times: user=0.04 sys=0.00, real=0.00 secs] 
323843.882: [GC (Allocation Failure) 323843.882: [ParNew: 427355K->8370K(471872K), 0.0061957 secs] 3070107K->2652487K(4141888K), 0.0062995 secs] [Times: user=0.05 sys=0.00, real=0.01 secs] 
323851.711: [GC (Allocation Failure) 323851.711: [ParNew: 427826K->4199K(471872K), 0.0068699 secs] 3071943K->2651418K(4141888K), 0.0069812 secs] [Times: user=0.05 sys=0.00, real=0.01 secs] 
323863.051: [GC (Allocation Failure) 323863.051: [ParNew: 423655K->4965K(471872K), 0.0075146 secs] 3070874K->2654374K(4141888K), 0.0076288 secs] [Times: user=0.05 sys=0.00, real=0.01 secs] 
323869.847: [GC (Allocation Failure) 323869.847: [ParNew: 424421K->4339K(471872K), 0.0074945 secs] 3073830K->2656227K(4141888K), 0.0076024 secs] [Times: user=0.06 sys=0.00, real=0.01 secs] 
323873.140: [GC (Allocation Failure) 323873.140: [ParNew: 423795K->4075K(471872K), 0.0058885 secs] 3075683K->2657485K(4141888K), 0.0059838 secs] [Times: user=0.04 sys=0.00, real=0.01 secs] 
323880.887: [GC (Allocation Failure) 323880.888: [ParNew: 423531K->3847K(471872K), 0.0068462 secs] 3076941K->2658579K(4141888K), 0.0069496 secs] [Times: user=0.04 sys=0.00, real=0.01 secs] 
323885.243: [GC (Allocation Failure) 323885.243: [ParNew: 423303K->3368K(471872K), 0.0093641 secs] 3078035K->2659895K(4141888K), 0.0094761 secs] [Times: user=0.07 sys=0.00, real=0.01 secs] 
323891.454: [GC (Allocation Failure) 323891.454: [ParNew: 422694K->7664K(471872K), 0.0059490 secs] 3079221K->2665454K(4141888K), 0.0060460 secs] [Times: user=0.04 sys=0.00, real=0.00 secs] 
323897.624: [GC (Allocation Failure) 323897.624: [ParNew: 427120K->6995K(471872K), 0.0064284 secs] 3084910K->2666270K(4141888K), 0.0065494 secs] [Times: user=0.05 sys=0.00, real=0.00 secs] 
323901.875: [GC (Allocation Failure) 323901.875: [ParNew: 426451K->2980K(471872K), 0.0058480 secs] 3085726K->2663641K(4141888K), 0.0059442 secs] [Times: user=0.04 sys=0.00, real=0.00 secs] 
323905.785: [GC (Allocation Failure) 323905.785: [ParNew: 422436K->5374K(471872K), 0.0057844 secs] 3083097K->2667069K(4141888K), 0.0058858 secs] [Times: user=0.04 sys=0.00, real=0.00 secs] 
323913.111: [GC (Allocation Failure) 323913.111: [ParNew: 424830K->4248K(471872K), 0.0062416 secs] 3086525K->2669428K(4141888K), 0.0063538 secs] [Times: user=0.05 sys=0.00, real=0.01 secs] 
323922.496: [GC (Allocation Failure) 323922.496: [ParNew: 423257K->9285K(471872K), 0.0066883 secs] 3088437K->2676572K(4141888K), 0.0068155 secs] [Times: user=0.05 sys=0.00, real=0.00 secs] 
323932.368: [GC (Allocation Failure) 323932.368: [ParNew: 428741K->7474K(471872K), 0.0072839 secs] 3096028K->2676913K(4141888K), 0.0074108 secs] [Times: user=0.05 sys=0.00, real=0.01 secs] 
323938.452: [GC (Allocation Failure) 323938.452: [ParNew: 426930K->8314K(471872K), 0.0066118 secs] 3096369K->2680246K(4141888K), 0.0067242 secs] [Times: user=0.05 sys=0.00, real=0.01 secs] 
323943.096: [GC (Allocation Failure) 323943.096: [ParNew: 427770K->4540K(471872K), 0.0058102 secs] 3099702K->2678303K(4141888K), 0.0059149 secs] [Times: user=0.04 sys=0.00, real=0.00 secs] 
323947.375: [GC (Allocation Failure) 323947.375: [ParNew: 423996K->2761K(471872K), 0.0057619 secs] 3097759K->2677736K(4141888K), 0.0058625 secs] [Times: user=0.04 sys=0.00, real=0.00 secs] 
323950.743: [GC (Allocation Failure) 323950.743: [ParNew: 422217K->4212K(471872K), 0.0058401 secs] 3097192K->2680310K(4141888K), 0.0059779 secs] [Times: user=0.04 sys=0.00, real=0.01 secs] 
323954.558: [GC (Allocation Failure) 323954.558: [ParNew: 423668K->4589K(471872K), 0.0066312 secs] 3099766K->2681311K(4141888K), 0.0067543 secs] [Times: user=0.05 sys=0.00, real=0.01 secs] 
323963.080: [GC (Allocation Failure) 323963.080: [ParNew: 424045K->4483K(471872K), 0.0198972 secs] 3100767K->2682427K(4141888K), 0.0200134 secs] [Times: user=0.08 sys=0.00, real=0.02 secs] 
323967.779: [GC (Allocation Failure) 323967.779: [ParNew: 423939K->5351K(471872K), 0.0076172 secs] 3101883K->2685433K(4141888K), 0.0077256 secs] [Times: user=0.05 sys=0.00, real=0.01 secs] 
323973.306: [GC (Allocation Failure) 323973.306: [ParNew: 424805K->3146K(471872K), 0.0075117 secs] 3104887K->2686777K(4141888K), 0.0076333 secs] [Times: user=0.05 sys=0.00, real=0.01 secs] 
323976.659: [GC (Allocation Failure) 323976.659: [ParNew: 422602K->2803K(471872K), 0.0056305 secs] 3106233K->2687737K(4141888K), 0.0057203 secs] [Times: user=0.04 sys=0.00, real=0.01 secs] 
323980.701: [GC (Allocation Failure) 323980.701: [ParNew: 422259K->3989K(471872K), 0.0051593 secs] 3107193K->2689724K(4141888K), 0.0052586 secs] [Times: user=0.04 sys=0.00, real=0.01 secs] 
323983.085: [GC (Allocation Failure) 323983.085: [ParNew: 423445K->6749K(471872K), 0.0062115 secs] 3109180K->2693295K(4141888K), 0.0063378 secs] [Times: user=0.05 sys=0.00, real=0.00 secs] 
323985.986: [GC (Allocation Failure) 323985.986: [ParNew: 426205K->5249K(471872K), 0.0110919 secs] 3112751K->2692451K(4141888K), 0.0111941 secs] [Times: user=0.05 sys=0.00, real=0.01 secs] 
323987.825: [GC (Allocation Failure) 323987.825: [ParNew: 424651K->5451K(471872K), 0.0051892 secs] 3111853K->2693385K(4141888K), 0.0052968 secs] [Times: user=0.03 sys=0.00, real=0.00 secs] 
323990.035: [GC (Allocation Failure) 323990.035: [ParNew: 424907K->7335K(471872K), 0.0048679 secs] 3112841K->2696194K(4141888K), 0.0049661 secs] [Times: user=0.04 sys=0.00, real=0.00 secs] 
323991.758: [GC (Allocation Failure) 323991.758: [ParNew: 426658K->4959K(471872K), 0.0058757 secs] 3115518K->2694289K(4141888K), 0.0059684 secs] [Times: user=0.04 sys=0.00, real=0.01 secs] 
323993.982: [GC (Allocation Failure) 323993.982: [ParNew: 424415K->6717K(471872K), 0.0061541 secs] 3113745K->2696380K(4141888K), 0.0062610 secs] [Times: user=0.04 sys=0.00, real=0.01 secs] 
323997.965: [GC (Allocation Failure) 323997.965: [ParNew: 426173K->5172K(471872K), 0.0061851 secs] 3115836K->2696312K(4141888K), 0.0063022 secs] [Times: user=0.05 sys=0.00, real=0.00 secs] 
324000.071: [GC (Allocation Failure) 324000.071: [ParNew: 424365K->5237K(471872K), 0.0069136 secs] 3115506K->2697823K(4141888K), 0.0070383 secs] [Times: user=0.05 sys=0.00, real=0.01 secs] 
324003.021: [GC (Allocation Failure) 324003.021: [ParNew: 424693K->6711K(471872K), 0.0051667 secs] 3117279K->2699936K(4141888K), 0.0052619 secs] [Times: user=0.04 sys=0.00, real=0.01 secs] 
324004.270: [GC (Allocation Failure) 324004.270: [ParNew: 426167K->3257K(471872K), 0.0055596 secs] 3119392K->2697163K(4141888K), 0.0056693 secs] [Times: user=0.04 sys=0.00, real=0.01 secs] 
324008.612: [GC (Allocation Failure) 324008.612: [ParNew: 422713K->3081K(471872K), 0.0054271 secs] 3116619K->2697911K(4141888K), 0.0055259 secs] [Times: user=0.04 sys=0.00, real=0.01 secs] 
324013.674: [GC (Allocation Failure) 324013.674: [ParNew: 422537K->2550K(471872K), 0.0064576 secs] 3117367K->2698759K(4141888K), 0.0065578 secs] [Times: user=0.05 sys=0.00, real=0.00 secs] 
324024.166: [GC (Allocation Failure) 324024.166: [ParNew: 422006K->3635K(471872K), 0.0063835 secs] 3118215K->2700982K(4141888K), 0.0064802 secs] [Times: user=0.05 sys=0.00, real=0.00 secs] 
324033.100: [GC (Allocation Failure) 324033.100: [ParNew: 423091K->6009K(471872K), 0.0072939 secs] 3120438K->2705601K(4141888K), 0.0074018 secs] [Times: user=0.05 sys=0.00, real=0.01 secs] 
324043.926: [GC (Allocation Failure) 324043.926: [ParNew: 425465K->4524K(471872K), 0.0088026 secs] 3125057K->2708428K(4141888K), 0.0089435 secs] [Times: user=0.06 sys=0.00, real=0.01 secs] 
324053.508: [GC (Allocation Failure) 324053.508: [ParNew: 423980K->4893K(471872K), 0.0072039 secs] 3127884K->2711223K(4141888K), 0.0073223 secs] [Times: user=0.05 sys=0.00, real=0.01 secs] 
324063.141: [GC (Allocation Failure) 324063.141: [ParNew: 424349K->4935K(471872K), 0.0068810 secs] 3130679K->2713398K(4141888K), 0.0069918 secs] [Times: user=0.05 sys=0.00, real=0.01 secs] 
324076.098: [GC (Allocation Failure) 324076.098: [ParNew: 424391K->5520K(471872K), 0.0125799 secs] 3132854K->2716875K(4141888K), 0.0126979 secs] [Times: user=0.07 sys=0.00, real=0.01 secs] 
324089.583: [GC (Allocation Failure) 324089.583: [ParNew: 424950K->11459K(471872K), 0.0142629 secs] 3136305K->2725748K(4141888K), 0.0143689 secs] [Times: user=0.07 sys=0.00, real=0.02 secs] 
324101.714: [GC (Allocation Failure) 324101.714: [ParNew: 430915K->8353K(471872K), 0.0092965 secs] 3145204K->2725334K(4141888K), 0.0094063 secs] [Times: user=0.06 sys=0.00, real=0.00 secs] 
324113.114: [GC (Allocation Failure) 324113.114: [ParNew: 427809K->4322K(471872K), 0.0078687 secs] 3144790K->2726148K(4141888K), 0.0079759 secs] [Times: user=0.06 sys=0.00, real=0.00 secs] 
324123.120: [GC (Allocation Failure) 324123.120: [ParNew: 423778K->4644K(471872K), 0.0074605 secs] 3145604K->2728682K(4141888K), 0.0075703 secs] [Times: user=0.05 sys=0.00, real=0.01 secs] 
324135.237: [GC (Allocation Failure) 324135.237: [ParNew: 424100K->4602K(471872K), 0.0076041 secs] 3148138K->2731152K(4141888K), 0.0077261 secs] [Times: user=0.06 sys=0.00, real=0.01 secs] 
324145.881: [GC (Allocation Failure) 324145.881: [ParNew: 424058K->5203K(471872K), 0.0079103 secs] 3150608K->2734205K(4141888K), 0.0080274 secs] [Times: user=0.06 sys=0.00, real=0.01 secs] 
324153.103: [GC (Allocation Failure) 324153.103: [ParNew: 424659K->6683K(471872K), 0.0067226 secs] 3153661K->2737908K(4141888K), 0.0068301 secs] [Times: user=0.05 sys=0.00, real=0.01 secs] 
324158.679: [GC (Allocation Failure) 324158.679: [ParNew: 426015K->4002K(471872K), 0.0081747 secs] 3157240K->2739229K(4141888K), 0.0083205 secs] [Times: user=0.06 sys=0.00, real=0.01 secs] 
324165.290: [GC (Allocation Failure) 324165.290: [ParNew: 423458K->4413K(471872K), 0.0083377 secs] 3158685K->2740931K(4141888K), 0.0084754 secs] [Times: user=0.06 sys=0.00, real=0.01 secs] 
324174.805: [GC (Allocation Failure) 324174.805: [ParNew: 423869K->5992K(471872K), 0.0066435 secs] 3160387K->2743864K(4141888K), 0.0067471 secs] [Times: user=0.05 sys=0.00, real=0.00 secs] 
324181.700: [GC (Allocation Failure) 324181.700: [ParNew: 425448K->4660K(471872K), 0.0067899 secs] 3163320K->2744575K(4141888K), 0.0069086 secs] [Times: user=0.05 sys=0.00, real=0.01 secs] 
324184.635: [GC (Allocation Failure) 324184.635: [ParNew: 424116K->3115K(471872K), 0.0065929 secs] 3164031K->2744972K(4141888K), 0.0067179 secs] [Times: user=0.05 sys=0.00, real=0.00 secs] 
324193.074: [GC (Allocation Failure) 324193.074: [ParNew: 422571K->3768K(471872K), 0.0072920 secs] 3164428K->2746632K(4141888K), 0.0074378 secs] [Times: user=0.06 sys=0.01, real=0.01 secs] 
324200.761: [GC (Allocation Failure) 324200.761: [ParNew: 423224K->5844K(471872K), 0.0068580 secs] 3166088K->2750637K(4141888K), 0.0069620 secs] [Times: user=0.05 sys=0.00, real=0.01 secs] 
324203.143: [GC (Allocation Failure) 324203.143: [ParNew: 425300K->3375K(471872K), 0.0066433 secs] 3170093K->2749911K(4141888K), 0.0067350 secs] [Times: user=0.04 sys=0.00, real=0.01 secs] 
324208.752: [GC (Allocation Failure) 324208.752: [ParNew: 422831K->5227K(471872K), 0.0058230 secs] 3169367K->2752417K(4141888K), 0.0059642 secs] [Times: user=0.05 sys=0.00, real=0.01 secs] 
324210.967: [GC (Allocation Failure) 324210.967: [ParNew: 424683K->10895K(471872K), 0.0088141 secs] 3171873K->2759262K(4141888K), 0.0089440 secs] [Times: user=0.06 sys=0.00, real=0.01 secs] 
324211.442: [GC (Allocation Failure) 324211.442: [ParNew: 430351K->7252K(471872K), 0.0062211 secs] 3178718K->2760532K(4141888K), 0.0063303 secs] [Times: user=0.05 sys=0.00, real=0.01 secs] 
324211.922: [GC (Allocation Failure) 324211.922: [ParNew: 426708K->8328K(471872K), 0.0051602 secs] 3179988K->2762282K(4141888K), 0.0052784 secs] [Times: user=0.03 sys=0.00, real=0.01 secs] 
324212.330: [GC (Allocation Failure) 324212.330: [ParNew: 427784K->4892K(471872K), 0.0132295 secs] 3181738K->2763986K(4141888K), 0.0133267 secs] [Times: user=0.07 sys=0.00, real=0.01 secs] 
324212.988: [GC (Allocation Failure) 324212.988: [ParNew: 424348K->5583K(471872K), 0.0070117 secs] 3183442K->2765307K(4141888K), 0.0071266 secs] [Times: user=0.05 sys=0.00, real=0.01 secs] 
324212.996: [GC (GCLocker Initiated GC) 324212.996: [ParNew: 7146K->2306K(471872K), 0.0065146 secs] 2766871K->2765890K(4141888K), 0.0065966 secs] [Times: user=0.03 sys=0.00, real=0.00 secs] 
324213.354: [GC (Allocation Failure) 324213.354: [ParNew: 421762K->4774K(471872K), 0.0057657 secs] 3185346K->2768363K(4141888K), 0.0058683 secs] [Times: user=0.04 sys=0.00, real=0.00 secs] 
324213.902: [GC (Allocation Failure) 324213.902: [ParNew: 424230K->4348K(471872K), 0.0061625 secs] 3187819K->2770083K(4141888K), 0.0062640 secs] [Times: user=0.04 sys=0.00, real=0.01 secs] 
324215.740: [GC (Allocation Failure) 324215.740: [ParNew: 423804K->4410K(471872K), 0.0047709 secs] 3189539K->2770510K(4141888K), 0.0048749 secs] [Times: user=0.03 sys=0.00, real=0.01 secs] 
324223.154: [GC (Allocation Failure) 324223.154: [ParNew: 423866K->3998K(471872K), 0.0072015 secs] 3189966K->2771158K(4141888K), 0.0073281 secs] [Times: user=0.05 sys=0.00, real=0.01 secs] 
324229.838: [GC (Allocation Failure) 324229.838: [ParNew: 423454K->6146K(471872K), 0.0079793 secs] 3190614K->2775513K(4141888K), 0.0080933 secs] [Times: user=0.05 sys=0.00, real=0.01 secs] 
324233.804: [GC (Allocation Failure) 324233.804: [ParNew: 425602K->5032K(471872K), 0.0077846 secs] 3194969K->2776322K(4141888K), 0.0079016 secs] [Times: user=0.05 sys=0.00, real=0.00 secs] 
324238.793: [GC (Allocation Failure) 324238.793: [ParNew: 424488K->6670K(471872K), 0.0076080 secs] 3195778K->2779259K(4141888K), 0.0077147 secs] [Times: user=0.05 sys=0.01, real=0.01 secs] 
324243.056: [GC (Allocation Failure) 324243.056: [ParNew: 426126K->7279K(471872K), 0.0072511 secs] 3198715K->2781753K(4141888K), 0.0073611 secs] [Times: user=0.06 sys=0.00, real=0.00 secs] 
324246.046: [GC (Allocation Failure) 324246.046: [ParNew: 426735K->5235K(471872K), 0.0082998 secs] 3201209K->2781018K(4141888K), 0.0084249 secs] [Times: user=0.05 sys=0.00, real=0.01 secs] 
324253.171: [GC (Allocation Failure) 324253.171: [ParNew: 424691K->3838K(471872K), 0.0088020 secs] 3200474K->2780633K(4141888K), 0.0089149 secs] [Times: user=0.06 sys=0.00, real=0.01 secs] 
324263.084: [GC (Allocation Failure) 324263.084: [ParNew: 423294K->5568K(471872K), 0.0138844 secs] 3200089K->2784458K(4141888K), 0.0139921 secs] [Times: user=0.06 sys=0.00, real=0.01 secs] 
324267.775: [GC (Allocation Failure) 324267.775: [ParNew: 425024K->4317K(471872K), 0.0089387 secs] 3203914K->2786716K(4141888K), 0.0090633 secs] [Times: user=0.06 sys=0.00, real=0.01 secs] 
324273.052: [GC (Allocation Failure) 324273.052: [ParNew: 423773K->5867K(471872K), 0.0069243 secs] 3206172K->2789615K(4141888K), 0.0070323 secs] [Times: user=0.04 sys=0.00, real=0.01 secs] 
324276.813: [GC (Allocation Failure) 324276.813: [ParNew: 425323K->3065K(471872K), 0.0071208 secs] 3209071K->2790695K(4141888K), 0.0072653 secs] [Times: user=0.05 sys=0.01, real=0.01 secs] 
324284.788: [GC (Allocation Failure) 324284.788: [ParNew: 422521K->4310K(471872K), 0.0087771 secs] 3210151K->2793081K(4141888K), 0.0088903 secs] [Times: user=0.06 sys=0.00, real=0.01 secs] 
324296.452: [GC (Allocation Failure) 324296.452: [ParNew: 423766K->5893K(471872K), 0.0080916 secs] 3212537K->2796927K(4141888K), 0.0082135 secs] [Times: user=0.06 sys=0.00, real=0.01 secs] 
324305.412: [GC (Allocation Failure) 324305.412: [ParNew: 425349K->6376K(471872K), 0.0104907 secs] 3216383K->2800876K(4141888K), 0.0106389 secs] [Times: user=0.07 sys=0.00, real=0.01 secs] 
324316.672: [GC (Allocation Failure) 324316.672: [ParNew: 425832K->6444K(471872K), 0.0096455 secs] 3220332K->2804286K(4141888K), 0.0097815 secs] [Times: user=0.07 sys=0.00, real=0.01 secs] 
324331.275: [GC (Allocation Failure) 324331.275: [ParNew: 425890K->6215K(471872K), 0.0100448 secs] 3223733K->2807655K(4141888K), 0.0101975 secs] [Times: user=0.07 sys=0.00, real=0.01 secs] 
324340.941: [GC (Allocation Failure) 324340.941: [ParNew: 425671K->6496K(471872K), 0.0081723 secs] 3227111K->2810858K(4141888K), 0.0083029 secs] [Times: user=0.06 sys=0.00, real=0.01 secs] 
324353.069: [GC (Allocation Failure) 324353.069: [ParNew: 425952K->4810K(471872K), 0.0072634 secs] 3230314K->2813498K(4141888K), 0.0073705 secs] [Times: user=0.05 sys=0.00, real=0.01 secs] 
324362.292: [GC (Allocation Failure) 324362.292: [ParNew: 424266K->5372K(471872K), 0.0074881 secs] 3232954K->2816500K(4141888K), 0.0076200 secs] [Times: user=0.05 sys=0.00, real=0.01 secs] 
324369.158: [GC (Allocation Failure) 324369.158: [ParNew: 424828K->3394K(471872K), 0.0068301 secs] 3235956K->2816851K(4141888K), 0.0069375 secs] [Times: user=0.05 sys=0.00, real=0.01 secs] 
324374.801: [GC (Allocation Failure) 324374.801: [ParNew: 422850K->3414K(471872K), 0.0062202 secs] 3236307K->2818353K(4141888K), 0.0063264 secs] [Times: user=0.05 sys=0.00, real=0.01 secs] 
324383.082: [GC (Allocation Failure) 324383.082: [ParNew: 422870K->4067K(471872K), 0.0071548 secs] 3237809K->2820102K(4141888K), 0.0072853 secs] [Times: user=0.05 sys=0.00, real=0.01 secs] 
324393.147: [GC (Allocation Failure) 324393.147: [ParNew: 423523K->3828K(471872K), 0.0067332 secs] 3239558K->2821860K(4141888K), 0.0068419 secs] [Times: user=0.05 sys=0.00, real=0.01 secs] 
324403.065: [GC (Allocation Failure) 324403.065: [ParNew: 423284K->7063K(471872K), 0.0081641 secs] 3241316K->2827121K(4141888K), 0.0082790 secs] [Times: user=0.06 sys=0.00, real=0.00 secs] 
324410.568: [GC (Allocation Failure) 324410.568: [ParNew: 426519K->5130K(471872K), 0.0075636 secs] 3246577K->2829881K(4141888K), 0.0076860 secs] [Times: user=0.05 sys=0.01, real=0.01 secs] 
324416.897: [GC (Allocation Failure) 324416.897: [ParNew: 424586K->3785K(471872K), 0.0072349 secs] 3249337K->2830376K(4141888K), 0.0073574 secs] [Times: user=0.06 sys=0.00, real=0.01 secs] 
324423.073: [GC (Allocation Failure) 324423.073: [ParNew: 423241K->4089K(471872K), 0.0059360 secs] 3249832K->2832137K(4141888K), 0.0060452 secs] [Times: user=0.04 sys=0.00, real=0.01 secs] 
324428.684: [GC (Allocation Failure) 324428.684: [ParNew: 423545K->6209K(471872K), 0.0060642 secs] 3251593K->2836457K(4141888K), 0.0061806 secs] [Times: user=0.05 sys=0.00, real=0.01 secs] 
324431.577: [GC (Allocation Failure) 324431.577: [ParNew: 425665K->3309K(471872K), 0.0058312 secs] 3255913K->2835304K(4141888K), 0.0059488 secs] [Times: user=0.04 sys=0.00, real=0.00 secs] 
324433.789: [GC (Allocation Failure) 324433.789: [ParNew: 422765K->5396K(471872K), 0.0097075 secs] 3254760K->2838468K(4141888K), 0.0098026 secs] [Times: user=0.07 sys=0.00, real=0.01 secs] 
324435.809: [GC (Allocation Failure) 324435.809: [ParNew: 424852K->4363K(471872K), 0.0091741 secs] 3257924K->2838154K(4141888K), 0.0092806 secs] [Times: user=0.06 sys=0.00, real=0.01 secs] 
324440.636: [GC (Allocation Failure) 324440.636: [ParNew: 423819K->3582K(471872K), 0.0066181 secs] 3257610K->2838387K(4141888K), 0.0067092 secs] [Times: user=0.04 sys=0.00, real=0.00 secs] 
324444.844: [GC (Allocation Failure) 324444.844: [ParNew: 423038K->3022K(471872K), 0.0098279 secs] 3257843K->2838961K(4141888K), 0.0099661 secs] [Times: user=0.05 sys=0.00, real=0.01 secs] 
324456.596: [GC (Allocation Failure) 324456.596: [ParNew: 421258K->28084K(471872K), 0.0089348 secs] 3257197K->2865350K(4141888K), 0.0090666 secs] [Times: user=0.06 sys=0.00, real=0.01 secs] 
324463.103: [GC (Allocation Failure) 324463.103: [ParNew: 447540K->9179K(471872K), 0.0067801 secs] 3284806K->2848849K(4141888K), 0.0068825 secs] [Times: user=0.05 sys=0.00, real=0.01 secs] 
324469.390: [GC (Allocation Failure) 324469.390: [ParNew: 428635K->4027K(471872K), 0.0063215 secs] 3268305K->2847511K(4141888K), 0.0064508 secs] [Times: user=0.04 sys=0.00, real=0.01 secs] 
324473.102: [GC (Allocation Failure) 324473.102: [ParNew: 423483K->2624K(471872K), 0.0059736 secs] 3266967K->2847507K(4141888K), 0.0060749 secs] [Times: user=0.04 sys=0.00, real=0.01 secs] 
324477.059: [GC (Allocation Failure) 324477.059: [ParNew: 422080K->3091K(471872K), 0.0056964 secs] 3266963K->2849088K(4141888K), 0.0058045 secs] [Times: user=0.05 sys=0.00, real=0.01 secs] 
324480.629: [GC (Allocation Failure) 324480.629: [ParNew: 422261K->4511K(471872K), 0.0061085 secs] 3268257K->2851410K(4141888K), 0.0062250 secs] [Times: user=0.04 sys=0.00, real=0.01 secs] 
324486.498: [GC (Allocation Failure) 324486.498: [ParNew: 423967K->3805K(471872K), 0.0060062 secs] 3270866K->2851568K(4141888K), 0.0061188 secs] [Times: user=0.05 sys=0.00, real=0.00 secs] 
324493.859: [GC (Allocation Failure) 324493.859: [ParNew: 423261K->4149K(471872K), 0.0069409 secs] 3271024K->2853905K(4141888K), 0.0070365 secs] [Times: user=0.05 sys=0.00, real=0.01 secs] 
324503.055: [GC (Allocation Failure) 324503.055: [ParNew: 423605K->4827K(471872K), 0.0063736 secs] 3273361K->2856241K(4141888K), 0.0064691 secs] [Times: user=0.05 sys=0.00, real=0.00 secs] 
324513.148: [GC (Allocation Failure) 324513.148: [ParNew: 424283K->3977K(471872K), 0.0071100 secs] 3275697K->2857741K(4141888K), 0.0072220 secs] [Times: user=0.06 sys=0.00, real=0.01 secs] 
324523.135: [GC (Allocation Failure) 324523.135: [ParNew: 423433K->7075K(471872K), 0.0074150 secs] 3277197K->2862700K(4141888K), 0.0075244 secs] [Times: user=0.06 sys=0.00, real=0.00 secs] 
324534.719: [GC (Allocation Failure) 324534.719: [ParNew: 426531K->5076K(471872K), 0.0078312 secs] 3282156K->2865168K(4141888K), 0.0079478 secs] [Times: user=0.06 sys=0.00, real=0.01 secs] 
324543.899: [GC (Allocation Failure) 324543.899: [ParNew: 424532K->5141K(471872K), 0.0078337 secs] 3284624K->2867661K(4141888K), 0.0079522 secs] [Times: user=0.06 sys=0.00, real=0.01 secs] 
324553.408: [GC (Allocation Failure) 324553.408: [ParNew: 424597K->4523K(471872K), 0.0082602 secs] 3287117K->2868887K(4141888K), 0.0083999 secs] [Times: user=0.06 sys=0.00, real=0.01 secs] 
324565.162: [GC (Allocation Failure) 324565.162: [ParNew: 423979K->4968K(471872K), 0.0075987 secs] 3288343K->2872118K(4141888K), 0.0077250 secs] [Times: user=0.05 sys=0.00, real=0.01 secs] 
324578.585: [GC (Allocation Failure) 324578.586: [ParNew: 424424K->10361K(471872K), 0.0073950 secs] 3291574K->2880407K(4141888K), 0.0074986 secs] [Times: user=0.05 sys=0.00, real=0.00 secs] 
324589.190: [GC (Allocation Failure) 324589.190: [ParNew: 429817K->7319K(471872K), 0.0096099 secs] 3299863K->2880176K(4141888K), 0.0097359 secs] [Times: user=0.07 sys=0.00, real=0.01 secs] 
324597.801: [GC (Allocation Failure) 324597.801: [ParNew: 426775K->5171K(471872K), 0.0080349 secs] 3299632K->2882556K(4141888K), 0.0081684 secs] [Times: user=0.06 sys=0.00, real=0.01 secs] 
324603.279: [GC (Allocation Failure) 324603.279: [ParNew: 424627K->4151K(471872K), 0.0068041 secs] 3302012K->2883315K(4141888K), 0.0069050 secs] [Times: user=0.04 sys=0.00, real=0.01 secs] 
324608.650: [GC (Allocation Failure) 324608.651: [ParNew: 423607K->3298K(471872K), 0.0057848 secs] 3302771K->2883714K(4141888K), 0.0058872 secs] [Times: user=0.04 sys=0.00, real=0.01 secs] 
324613.133: [GC (Allocation Failure) 324613.133: [ParNew: 422754K->2949K(471872K), 0.0063743 secs] 3303170K->2884872K(4141888K), 0.0064762 secs] [Times: user=0.05 sys=0.01, real=0.01 secs] 
324620.056: [GC (Allocation Failure) 324620.056: [ParNew: 422405K->4143K(471872K), 0.0066020 secs] 3304328K->2887157K(4141888K), 0.0067089 secs] [Times: user=0.05 sys=0.00, real=0.00 secs] 
324625.410: [GC (Allocation Failure) 324625.410: [ParNew: 423599K->3009K(471872K), 0.0060104 secs] 3306613K->2887567K(4141888K), 0.0061253 secs] [Times: user=0.04 sys=0.00, real=0.01 secs] 
324637.156: [GC (Allocation Failure) 324637.156: [ParNew: 422465K->4357K(471872K), 0.0094416 secs] 3307023K->2890290K(4141888K), 0.0095389 secs] [Times: user=0.05 sys=0.00, real=0.01 secs] 
324643.526: [GC (Allocation Failure) 324643.526: [ParNew: 423813K->6925K(471872K), 0.0066058 secs] 3309746K->2895603K(4141888K), 0.0067267 secs] [Times: user=0.05 sys=0.00, real=0.00 secs] 
324653.151: [GC (Allocation Failure) 324653.151: [ParNew: 426381K->4291K(471872K), 0.0065366 secs] 3315059K->2896786K(4141888K), 0.0066388 secs] [Times: user=0.05 sys=0.00, real=0.01 secs] 
324663.086: [GC (Allocation Failure) 324663.086: [ParNew: 423747K->7206K(471872K), 0.0070974 secs] 3316242K->2902338K(4141888K), 0.0072146 secs] [Times: user=0.05 sys=0.00, real=0.00 secs] 
324665.059: [GC (Allocation Failure) 324665.059: [ParNew: 423065K->28358K(471872K), 0.0076900 secs] 3318196K->2925854K(4141888K), 0.0078006 secs] [Times: user=0.05 sys=0.00, real=0.01 secs] 
324666.494: [GC (Allocation Failure) 324666.494: [ParNew: 447361K->10174K(471872K), 0.0052971 secs] 3344857K->2908589K(4141888K), 0.0053968 secs] [Times: user=0.04 sys=0.00, real=0.01 secs] 
324668.328: [GC (Allocation Failure) 324668.329: [ParNew: 429630K->23766K(471872K), 0.0078547 secs] 3328045K->2923035K(4141888K), 0.0079614 secs] [Times: user=0.06 sys=0.00, real=0.01 secs] 
324670.188: [GC (Allocation Failure) 324670.188: [ParNew: 443222K->16848K(471872K), 0.0072587 secs] 3342491K->2916854K(4141888K), 0.0073757 secs] [Times: user=0.06 sys=0.00, real=0.01 secs] 
324671.016: [GC (Allocation Failure) 324671.016: [ParNew: 436304K->14903K(471872K), 0.0045314 secs] 3336310K->2915307K(4141888K), 0.0046187 secs] [Times: user=0.03 sys=0.00, real=0.00 secs] 
324671.429: [GC (Allocation Failure) 324671.429: [ParNew: 434359K->24854K(471872K), 0.0057160 secs] 3334763K->2925643K(4141888K), 0.0058329 secs] [Times: user=0.04 sys=0.00, real=0.01 secs] 
324673.053: [GC (Allocation Failure) 324673.054: [ParNew: 444310K->5710K(471872K), 0.0048474 secs] 3345099K->2906610K(4141888K), 0.0049410 secs] [Times: user=0.04 sys=0.01, real=0.01 secs] 
324674.026: [GC (Allocation Failure) 324674.026: [ParNew: 425166K->23197K(471872K), 0.0086606 secs] 3326066K->2925084K(4141888K), 0.0087678 secs] [Times: user=0.06 sys=0.00, real=0.01 secs] 
324676.067: [GC (Allocation Failure) 324676.067: [ParNew: 438782K->28916K(471872K), 0.0063112 secs] 3340669K->2931278K(4141888K), 0.0064255 secs] [Times: user=0.05 sys=0.00, real=0.00 secs] 
324678.143: [GC (Allocation Failure) 324678.144: [ParNew: 448372K->28944K(471872K), 0.0078406 secs] 3350734K->2932136K(4141888K), 0.0079624 secs] [Times: user=0.06 sys=0.00, real=0.01 secs] 
324678.460: [GC (Allocation Failure) 324678.460: [ParNew: 448400K->16080K(471872K), 0.0053533 secs] 3351592K->2920316K(4141888K), 0.0054568 secs] [Times: user=0.03 sys=0.00, real=0.01 secs] 
324678.969: [GC (Allocation Failure) 324678.969: [ParNew: 435536K->7045K(471872K), 0.0052322 secs] 3339772K->2916979K(4141888K), 0.0053327 secs] [Times: user=0.04 sys=0.00, real=0.01 secs] 
324679.316: [GC (Allocation Failure) 324679.316: [ParNew: 426501K->19670K(471872K), 0.0075716 secs] 3336435K->2932650K(4141888K), 0.0076795 secs] [Times: user=0.06 sys=0.00, real=0.00 secs] 
324679.324: [GC (GCLocker Initiated GC) 324679.324: [ParNew: 23554K->5602K(471872K), 0.0137734 secs] 2936534K->2936556K(4141888K), 0.0138585 secs] [Times: user=0.08 sys=0.00, real=0.01 secs] 
324679.840: [GC (Allocation Failure) 324679.840: [ParNew: 425058K->6724K(471872K), 0.0099173 secs] 3356012K->2937838K(4141888K), 0.0100331 secs] [Times: user=0.06 sys=0.00, real=0.01 secs] 
324680.673: [GC (Allocation Failure) 324680.673: [ParNew: 426180K->6161K(471872K), 0.0074733 secs] 3357294K->2937984K(4141888K), 0.0075750 secs] [Times: user=0.06 sys=0.00, real=0.01 secs] 
324681.215: [GC (Allocation Failure) 324681.215: [ParNew: 425617K->3901K(471872K), 0.0051280 secs] 3357440K->2936662K(4141888K), 0.0052346 secs] [Times: user=0.04 sys=0.00, real=0.00 secs] 
324681.221: [GC (GCLocker Initiated GC) 324681.221: [ParNew: 3951K->1671K(471872K), 0.0064192 secs] 2936713K->2937258K(4141888K), 0.0064894 secs] [Times: user=0.03 sys=0.00, real=0.01 secs] 
324683.050: [GC (Allocation Failure) 324683.050: [ParNew: 421127K->1669K(471872K), 0.0044229 secs] 3356714K->2937257K(4141888K), 0.0045152 secs] [Times: user=0.03 sys=0.00, real=0.01 secs] 
324686.512: [GC (Allocation Failure) 324686.512: [ParNew: 421125K->3347K(471872K), 0.0067320 secs] 3356713K->2939552K(4141888K), 0.0068412 secs] [Times: user=0.05 sys=0.00, real=0.01 secs] 
324691.373: [GC (Allocation Failure) 324691.373: [ParNew: 422803K->2923K(471872K), 0.0059628 secs] 3359008K->2940700K(4141888K), 0.0060639 secs] [Times: user=0.04 sys=0.00, real=0.01 secs] 
324694.704: [GC (Allocation Failure) 324694.704: [ParNew: 422342K->3470K(471872K), 0.0074306 secs] 3360119K->2942590K(4141888K), 0.0075376 secs] [Times: user=0.05 sys=0.00, real=0.00 secs] 
324698.353: [GC (Allocation Failure) 324698.353: [ParNew: 422926K->3926K(471872K), 0.0058349 secs] 3362046K->2944034K(4141888K), 0.0059284 secs] [Times: user=0.04 sys=0.01, real=0.01 secs] 
324701.678: [GC (Allocation Failure) 324701.678: [ParNew: 423382K->5835K(471872K), 0.0074059 secs] 3363490K->2947436K(4141888K), 0.0075509 secs] [Times: user=0.05 sys=0.00, real=0.01 secs] 
324705.068: [GC (Allocation Failure) 324705.068: [ParNew: 425291K->3181K(471872K), 0.0066573 secs] 3366892K->2948168K(4141888K), 0.0067692 secs] [Times: user=0.04 sys=0.00, real=0.01 secs] 
324708.724: [GC (Allocation Failure) 324708.724: [ParNew: 422637K->3140K(471872K), 0.0065680 secs] 3367624K->2949553K(4141888K), 0.0066830 secs] [Times: user=0.05 sys=0.00, real=0.00 secs] 
324711.010: [GC (Allocation Failure) 324711.010: [ParNew: 422596K->3002K(471872K), 0.0055631 secs] 3369009K->2950486K(4141888K), 0.0056514 secs] [Times: user=0.04 sys=0.00, real=0.01 secs] 
324720.010: [GC (Allocation Failure) 324720.010: [ParNew: 422458K->3917K(471872K), 0.0077950 secs] 3369942K->2952514K(4141888K), 0.0079055 secs] [Times: user=0.06 sys=0.00, real=0.01 secs] 
324726.916: [GC (Allocation Failure) 324726.916: [ParNew: 423319K->4648K(471872K), 0.0077637 secs] 3371916K->2955890K(4141888K), 0.0078689 secs] [Times: user=0.05 sys=0.00, real=0.00 secs] 
324733.156: [GC (Allocation Failure) 324733.156: [ParNew: 424104K->5648K(471872K), 0.0084616 secs] 3375346K->2958744K(4141888K), 0.0085696 secs] [Times: user=0.07 sys=0.00, real=0.01 secs] 
324746.837: [GC (Allocation Failure) 324746.837: [ParNew: 425104K->6134K(471872K), 0.0092382 secs] 3378200K->2961666K(4141888K), 0.0093510 secs] [Times: user=0.07 sys=0.00, real=0.01 secs] 
324759.324: [GC (Allocation Failure) 324759.324: [ParNew: 425590K->5116K(471872K), 0.0108187 secs] 3381122K->2964264K(4141888K), 0.0109211 secs] [Times: user=0.06 sys=0.00, real=0.01 secs] 
324767.705: [GC (Allocation Failure) 324767.705: [ParNew: 424572K->7463K(471872K), 0.0122883 secs] 3383720K->2969263K(4141888K), 0.0123958 secs] [Times: user=0.06 sys=0.01, real=0.01 secs] 
324773.154: [GC (Allocation Failure) 324773.154: [ParNew: 426919K->4087K(471872K), 0.0073047 secs] 3388719K->2970260K(4141888K), 0.0074141 secs] [Times: user=0.05 sys=0.00, real=0.00 secs] 
324778.773: [GC (Allocation Failure) 324778.773: [ParNew: 423543K->3447K(471872K), 0.0056341 secs] 3389716K->2971051K(4141888K), 0.0057348 secs] [Times: user=0.04 sys=0.00, real=0.01 secs] 
324783.150: [GC (Allocation Failure) 324783.151: [ParNew: 422903K->4964K(471872K), 0.0059496 secs] 3390507K->2973707K(4141888K), 0.0060684 secs] [Times: user=0.05 sys=0.00, real=0.01 secs] 
324793.057: [GC (Allocation Failure) 324793.057: [ParNew: 424420K->5220K(471872K), 0.0061048 secs] 3393163K->2974985K(4141888K), 0.0062168 secs] [Times: user=0.05 sys=0.00, real=0.00 secs] 
324803.108: [GC (Allocation Failure) 324803.108: [ParNew: 424676K->4992K(471872K), 0.0069471 secs] 3394441K->2977736K(4141888K), 0.0070757 secs] [Times: user=0.06 sys=0.00, real=0.01 secs] 
324813.164: [GC (Allocation Failure) 324813.164: [ParNew: 424448K->4316K(471872K), 0.0141729 secs] 3397192K->2979135K(4141888K), 0.0142961 secs] [Times: user=0.06 sys=0.00, real=0.01 secs] 
324823.580: [GC (Allocation Failure) 324823.580: [ParNew: 423772K->20495K(471872K), 0.0102825 secs] 3398591K->2997665K(4141888K), 0.0103909 secs] [Times: user=0.07 sys=0.00, real=0.01 secs] 
324833.104: [GC (Allocation Failure) 324833.104: [ParNew: 439951K->6955K(471872K), 0.0073359 secs] 3417121K->2988620K(4141888K), 0.0074461 secs] [Times: user=0.06 sys=0.00, real=0.00 secs] 
324839.148: [GC (Allocation Failure) 324839.148: [ParNew: 426411K->4147K(471872K), 0.0064105 secs] 3408076K->2988109K(4141888K), 0.0065281 secs] [Times: user=0.05 sys=0.00, real=0.01 secs] 
324848.630: [GC (Allocation Failure) 324848.630: [ParNew: 423603K->6496K(471872K), 0.0080668 secs] 3407565K->2991816K(4141888K), 0.0081797 secs] [Times: user=0.06 sys=0.00, real=0.01 secs] 
324856.023: [GC (Allocation Failure) 324856.023: [ParNew: 425952K->5068K(471872K), 0.0095654 secs] 3411272K->2992432K(4141888K), 0.0096702 secs] [Times: user=0.05 sys=0.00, real=0.01 secs] 
324868.745: [GC (Allocation Failure) 324868.745: [ParNew: 424524K->4506K(471872K), 0.0091788 secs] 3411888K->2994044K(4141888K), 0.0092859 secs] [Times: user=0.06 sys=0.01, real=0.01 secs] 
324878.335: [GC (Allocation Failure) 324878.335: [ParNew: 423962K->6084K(471872K), 0.0090792 secs] 3413500K->2998298K(4141888K), 0.0091870 secs] [Times: user=0.06 sys=0.00, real=0.01 secs] 
324884.693: [GC (Allocation Failure) 324884.693: [ParNew: 425540K->6737K(471872K), 0.0068594 secs] 3417754K->3001041K(4141888K), 0.0070064 secs] [Times: user=0.05 sys=0.00, real=0.01 secs] 
324898.104: [GC (Allocation Failure) 324898.104: [ParNew: 426193K->8753K(471872K), 0.0071290 secs] 3420497K->3006766K(4141888K), 0.0072547 secs] [Times: user=0.05 sys=0.00, real=0.00 secs] 
324909.488: [GC (Allocation Failure) 324909.488: [ParNew: 428209K->6466K(471872K), 0.0071957 secs] 3426222K->3007129K(4141888K), 0.0073025 secs] [Times: user=0.05 sys=0.00, real=0.01 secs] 
324919.118: [GC (Allocation Failure) 324919.118: [ParNew: 425922K->5847K(471872K), 0.0132325 secs] 3426585K->3009296K(4141888K), 0.0134067 secs] [Times: user=0.10 sys=0.00, real=0.01 secs] 
324930.541: [GC (Allocation Failure) 324930.541: [ParNew: 425303K->5916K(471872K), 0.0096583 secs] 3428752K->3011670K(4141888K), 0.0098239 secs] [Times: user=0.07 sys=0.00, real=0.01 secs] 
324943.093: [GC (Allocation Failure) 324943.094: [ParNew: 425372K->5767K(471872K), 0.0177858 secs] 3431126K->3013910K(4141888K), 0.0179904 secs] [Times: user=0.12 sys=0.00, real=0.02 secs] 
324948.044: [GC (Allocation Failure) 324948.044: [ParNew: 423863K->21051K(471872K), 0.0128514 secs] 3432005K->3031938K(4141888K), 0.0129898 secs] [Times: user=0.08 sys=0.00, real=0.01 secs] 
324949.965: [GC (Allocation Failure) 324949.965: [ParNew: 440507K->19153K(471872K), 0.0141768 secs] 3451394K->3033978K(4141888K), 0.0143693 secs] [Times: user=0.09 sys=0.00, real=0.01 secs] 
324952.057: [GC (Allocation Failure) 324952.057: [ParNew: 438609K->18878K(471872K), 0.0094641 secs] 3453434K->3034227K(4141888K), 0.0096405 secs] [Times: user=0.07 sys=0.00, real=0.01 secs] 
324953.136: [GC (Allocation Failure) 324953.136: [ParNew: 438334K->26255K(471872K), 0.0170487 secs] 3453683K->3042088K(4141888K), 0.0172441 secs] [Times: user=0.14 sys=0.00, real=0.01 secs] 
324955.073: [GC (Allocation Failure) 324955.073: [ParNew: 445711K->21651K(471872K), 0.0191278 secs] 3461544K->3037893K(4141888K), 0.0193293 secs] [Times: user=0.15 sys=0.01, real=0.02 secs] 
324957.030: [GC (Allocation Failure) 324957.030: [ParNew: 441107K->24405K(471872K), 0.0116794 secs] 3457349K->3041493K(4141888K), 0.0118519 secs] [Times: user=0.08 sys=0.00, real=0.01 secs] 
324958.328: [GC (Allocation Failure) 324958.328: [ParNew: 443861K->21115K(471872K), 0.0159203 secs] 3460949K->3038667K(4141888K), 0.0161434 secs] [Times: user=0.12 sys=0.00, real=0.02 secs] 
324963.468: [GC (Allocation Failure) 324963.468: [ParNew: 440571K->13727K(471872K), 0.0086208 secs] 3458123K->3031501K(4141888K), 0.0087874 secs] [Times: user=0.07 sys=0.00, real=0.01 secs] 
324973.099: [GC (Allocation Failure) 324973.099: [ParNew: 433183K->5822K(471872K), 0.0095175 secs] 3450957K->3026615K(4141888K), 0.0096519 secs] [Times: user=0.07 sys=0.00, real=0.01 secs] 
324984.219: [GC (Allocation Failure) 324984.219: [ParNew: 425278K->4285K(471872K), 0.0111264 secs] 3446071K->3027531K(4141888K), 0.0112765 secs] [Times: user=0.08 sys=0.01, real=0.01 secs] 
324998.178: [GC (Allocation Failure) 324998.178: [ParNew: 423741K->4761K(471872K), 0.0098485 secs] 3446987K->3030204K(4141888K), 0.0100151 secs] [Times: user=0.07 sys=0.00, real=0.01 secs] 
325004.304: [GC (Allocation Failure) 325004.304: [ParNew: 424217K->7851K(471872K), 0.0108706 secs] 3449660K->3036198K(4141888K), 0.0110189 secs] [Times: user=0.07 sys=0.00, real=0.01 secs] 
325007.508: [GC (Allocation Failure) 325007.509: [ParNew: 425557K->26880K(471872K), 0.0110141 secs] 3453903K->3057277K(4141888K), 0.0111765 secs] [Times: user=0.08 sys=0.00, real=0.01 secs] 
325018.081: [GC (Allocation Failure) 325018.081: [ParNew: 446336K->8938K(471872K), 0.0097281 secs] 3476733K->3040437K(4141888K), 0.0098814 secs] [Times: user=0.08 sys=0.00, real=0.01 secs] 
325027.701: [GC (Allocation Failure) 325027.701: [ParNew: 428394K->4758K(471872K), 0.0103231 secs] 3459893K->3041020K(4141888K), 0.0104717 secs] [Times: user=0.07 sys=0.00, real=0.01 secs] 
325033.084: [GC (Allocation Failure) 325033.084: [ParNew: 424214K->4628K(471872K), 0.0096386 secs] 3460476K->3042927K(4141888K), 0.0097925 secs] [Times: user=0.07 sys=0.00, real=0.01 secs] 
325036.658: [GC (Allocation Failure) 325036.658: [ParNew: 424084K->2871K(471872K), 0.0097726 secs] 3462383K->3042700K(4141888K), 0.0099221 secs] [Times: user=0.08 sys=0.00, real=0.01 secs] 
325042.519: [GC (Allocation Failure) 325042.519: [ParNew: 422327K->3990K(471872K), 0.0081453 secs] 3462156K->3045183K(4141888K), 0.0082861 secs] [Times: user=0.06 sys=0.00, real=0.01 secs] 
325047.139: [GC (Allocation Failure) 325047.139: [ParNew: 423433K->4020K(471872K), 0.0127893 secs] 3464627K->3046422K(4141888K), 0.0129105 secs] [Times: user=0.08 sys=0.00, real=0.01 secs] 
325048.159: [GC (Allocation Failure) 325048.159: [ParNew: 423476K->3275K(471872K), 0.0090203 secs] 3465878K->3047245K(4141888K), 0.0091393 secs] [Times: user=0.05 sys=0.00, real=0.01 secs] 
325053.149: [GC (Allocation Failure) 325053.149: [ParNew: 422731K->3377K(471872K), 0.0080898 secs] 3466701K->3047589K(4141888K), 0.0082298 secs] [Times: user=0.06 sys=0.00, real=0.01 secs] 
325063.120: [GC (Allocation Failure) 325063.120: [ParNew: 422833K->3880K(471872K), 0.0095153 secs] 3467045K->3049461K(4141888K), 0.0096722 secs] [Times: user=0.07 sys=0.00, real=0.01 secs] 
325072.638: [GC (Allocation Failure) 325072.638: [ParNew: 423336K->6626K(471872K), 0.0090869 secs] 3468917K->3054211K(4141888K), 0.0092227 secs] [Times: user=0.07 sys=0.00, real=0.01 secs] 
325083.143: [GC (Allocation Failure) 325083.143: [ParNew: 426082K->3732K(471872K), 0.0106917 secs] 3473667K->3055522K(4141888K), 0.0108581 secs] [Times: user=0.08 sys=0.01, real=0.02 secs] 
325089.776: [GC (Allocation Failure) 325089.776: [ParNew: 423100K->6301K(471872K), 0.0111343 secs] 3474890K->3060208K(4141888K), 0.0112749 secs] [Times: user=0.08 sys=0.00, real=0.01 secs] 
325094.502: [GC (Allocation Failure) 325094.502: [ParNew: 425757K->4629K(471872K), 0.0091214 secs] 3479664K->3060548K(4141888K), 0.0092609 secs] [Times: user=0.06 sys=0.00, real=0.01 secs] 
325103.072: [GC (Allocation Failure) 325103.072: [ParNew: 424085K->4212K(471872K), 0.0095877 secs] 3480004K->3061378K(4141888K), 0.0097180 secs] [Times: user=0.07 sys=0.00, real=0.01 secs] 
325110.778: [GC (Allocation Failure) 325110.778: [ParNew: 423620K->5406K(471872K), 0.0098626 secs] 3480787K->3064933K(4141888K), 0.0100322 secs] [Times: user=0.06 sys=0.00, real=0.01 secs] 
325113.637: [GC (Allocation Failure) 325113.638: [ParNew: 424704K->4974K(471872K), 0.0111397 secs] 3484232K->3066100K(4141888K), 0.0113106 secs] [Times: user=0.08 sys=0.00, real=0.01 secs] 
325117.283: [GC (Allocation Failure) 325117.283: [ParNew: 424231K->3555K(471872K), 0.0109120 secs] 3485356K->3065863K(4141888K), 0.0110861 secs] [Times: user=0.07 sys=0.00, real=0.02 secs] 
325123.116: [GC (Allocation Failure) 325123.116: [ParNew: 423011K->4000K(471872K), 0.0124070 secs] 3485319K->3067048K(4141888K), 0.0125480 secs] [Times: user=0.10 sys=0.00, real=0.01 secs] 
325129.621: [GC (Allocation Failure) 325129.621: [ParNew: 423456K->19337K(471872K), 0.0142690 secs] 3486504K->3084038K(4141888K), 0.0144153 secs] [Times: user=0.09 sys=0.00, real=0.02 secs] 
325135.898: [GC (Allocation Failure) 325135.898: [ParNew: 438793K->10052K(471872K), 0.0131707 secs] 3503494K->3078550K(4141888K), 0.0133289 secs] [Times: user=0.10 sys=0.00, real=0.01 secs] 
325141.765: [GC (Allocation Failure) 325141.765: [ParNew: 429508K->6029K(471872K), 0.0093044 secs] 3498006K->3075841K(4141888K), 0.0094710 secs] [Times: user=0.07 sys=0.00, real=0.01 secs] 
325144.850: [GC (Allocation Failure) 325144.850: [ParNew: 425413K->4261K(471872K), 0.0084500 secs] 3495225K->3075248K(4141888K), 0.0085924 secs] [Times: user=0.06 sys=0.00, real=0.01 secs] 
325153.181: [GC (Allocation Failure) 325153.181: [ParNew: 423717K->4214K(471872K), 0.0171106 secs] 3494704K->3075841K(4141888K), 0.0172644 secs] [Times: user=0.09 sys=0.00, real=0.02 secs] 
325160.606: [GC (Allocation Failure) 325160.606: [ParNew: 423587K->5983K(471872K), 0.0165211 secs] 3495214K->3079727K(4141888K), 0.0166740 secs] [Times: user=0.07 sys=0.00, real=0.01 secs] 
325165.452: [GC (Allocation Failure) 325165.452: [ParNew: 425439K->3856K(471872K), 0.0122490 secs] 3499183K->3079791K(4141888K), 0.0123450 secs] [Times: user=0.06 sys=0.00, real=0.02 secs] 
325173.124: [GC (Allocation Failure) 325173.124: [ParNew: 423312K->3205K(471872K), 0.0085027 secs] 3499247K->3080273K(4141888K), 0.0086225 secs] [Times: user=0.06 sys=0.00, real=0.00 secs] 
325183.472: [GC (Allocation Failure) 325183.472: [ParNew: 422661K->4206K(471872K), 0.0090676 secs] 3499729K->3082931K(4141888K), 0.0091758 secs] [Times: user=0.06 sys=0.00, real=0.01 secs] 
325190.663: [GC (Allocation Failure) 325190.663: [ParNew: 423662K->34398K(471872K), 0.0100391 secs] 3502387K->3115595K(4141888K), 0.0101685 secs] [Times: user=0.07 sys=0.00, real=0.01 secs] 
325203.067: [GC (Allocation Failure) 325203.068: [ParNew: 453854K->12217K(471872K), 0.0077549 secs] 3535051K->3097604K(4141888K), 0.0078810 secs] [Times: user=0.05 sys=0.00, real=0.01 secs] 
325213.150: [GC (Allocation Failure) 325213.150: [ParNew: 431673K->5484K(471872K), 0.0078537 secs] 3517060K->3093539K(4141888K), 0.0079721 secs] [Times: user=0.06 sys=0.00, real=0.01 secs] 
325216.859: [GC (Allocation Failure) 325216.859: [ParNew: 424940K->5162K(471872K), 0.0070858 secs] 3512995K->3095727K(4141888K), 0.0072061 secs] [Times: user=0.05 sys=0.00, real=0.01 secs] 
325218.433: [GC (Allocation Failure) 325218.433: [ParNew: 424618K->8996K(471872K), 0.0057671 secs] 3515183K->3100452K(4141888K), 0.0058947 secs] [Times: user=0.04 sys=0.00, real=0.01 secs] 
325222.114: [GC (Allocation Failure) 325222.114: [ParNew: 428452K->22709K(471872K), 0.0061503 secs] 3519908K->3115437K(4141888K), 0.0062611 secs] [Times: user=0.05 sys=0.00, real=0.00 secs] 
325223.179: [GC (Allocation Failure) 325223.179: [ParNew: 442165K->22476K(471872K), 0.0084180 secs] 3534893K->3115981K(4141888K), 0.0085432 secs] [Times: user=0.06 sys=0.00, real=0.01 secs] 
325225.119: [GC (Allocation Failure) 325225.119: [ParNew: 441932K->24596K(471872K), 0.0063160 secs] 3535437K->3118880K(4141888K), 0.0064282 secs] [Times: user=0.04 sys=0.00, real=0.01 secs] 
325226.125: [GC (Allocation Failure) 325226.125: [ParNew: 444052K->23218K(471872K), 0.0061598 secs] 3538336K->3117943K(4141888K), 0.0062860 secs] [Times: user=0.04 sys=0.00, real=0.00 secs] 
325228.241: [GC (Allocation Failure) 325228.241: [ParNew: 440816K->27231K(471872K), 0.0067321 secs] 3535542K->3122290K(4141888K), 0.0068663 secs] [Times: user=0.05 sys=0.00, real=0.01 secs] 
325228.661: [GC (Allocation Failure) 325228.661: [ParNew: 446687K->12375K(471872K), 0.0058523 secs] 3541746K->3110599K(4141888K), 0.0059550 secs] [Times: user=0.04 sys=0.00, real=0.01 secs] 
325229.124: [GC (Allocation Failure) 325229.124: [ParNew: 431831K->25533K(471872K), 0.0074658 secs] 3530055K->3128737K(4141888K), 0.0075729 secs] [Times: user=0.06 sys=0.00, real=0.00 secs] 
325229.620: [GC (Allocation Failure) 325229.621: [ParNew: 444989K->10347K(471872K), 0.0084297 secs] 3548193K->3115789K(4141888K), 0.0085490 secs] [Times: user=0.06 sys=0.00, real=0.01 secs] 
325230.205: [GC (Allocation Failure) 325230.205: [ParNew: 429803K->20935K(471872K), 0.0080360 secs] 3535245K->3129361K(4141888K), 0.0081500 secs] [Times: user=0.07 sys=0.00, real=0.00 secs] 
325230.622: [GC (Allocation Failure) 325230.622: [ParNew: 440391K->5956K(471872K), 0.0047048 secs] 3548817K->3116875K(4141888K), 0.0047989 secs] [Times: user=0.03 sys=0.00, real=0.01 secs] 
325231.169: [GC (Allocation Failure) 325231.169: [ParNew: 425412K->16430K(471872K), 0.0061492 secs] 3536331K->3128189K(4141888K), 0.0062768 secs] [Times: user=0.05 sys=0.00, real=0.01 secs] 
325233.054: [GC (Allocation Failure) 325233.054: [ParNew: 435886K->24427K(471872K), 0.0063355 secs] 3547645K->3136524K(4141888K), 0.0064387 secs] [Times: user=0.05 sys=0.00, real=0.00 secs] 
325233.776: [GC (Allocation Failure) 325233.776: [ParNew: 443883K->6686K(471872K), 0.0059629 secs] 3555980K->3119407K(4141888K), 0.0060720 secs] [Times: user=0.04 sys=0.00, real=0.00 secs] 
325234.375: [GC (Allocation Failure) 325234.376: [ParNew: 426142K->22183K(471872K), 0.0067285 secs] 3538863K->3135235K(4141888K), 0.0068384 secs] [Times: user=0.05 sys=0.00, real=0.00 secs] 
325235.406: [GC (Allocation Failure) 325235.406: [ParNew: 441639K->23749K(471872K), 0.0074662 secs] 3554691K->3137632K(4141888K), 0.0076330 secs] [Times: user=0.05 sys=0.00, real=0.01 secs] 
325235.832: [GC (Allocation Failure) 325235.832: [ParNew: 443205K->14615K(471872K), 0.0080912 secs] 3557088K->3128873K(4141888K), 0.0082156 secs] [Times: user=0.06 sys=0.00, real=0.01 secs] 
325237.452: [GC (Allocation Failure) 325237.452: [ParNew: 434071K->9083K(471872K), 0.0056376 secs] 3548329K->3123570K(4141888K), 0.0057815 secs] [Times: user=0.04 sys=0.00, real=0.01 secs] 
325238.662: [GC (Allocation Failure) 325238.662: [ParNew: 425746K->22938K(471872K), 0.0066846 secs] 3540232K->3137937K(4141888K), 0.0068142 secs] [Times: user=0.05 sys=0.00, real=0.01 secs] 
325239.349: [GC (Allocation Failure) 325239.349: [ParNew: 440976K->7539K(471872K), 0.0049697 secs] 3555975K->3122928K(4141888K), 0.0050958 secs] [Times: user=0.03 sys=0.00, real=0.01 secs] 
325243.115: [GC (Allocation Failure) 325243.115: [ParNew: 426995K->6012K(471872K), 0.0068610 secs] 3542384K->3121584K(4141888K), 0.0070013 secs] [Times: user=0.05 sys=0.01, real=0.00 secs] 
325247.587: [GC (Allocation Failure) 325247.587: [ParNew: 425468K->3734K(471872K), 0.0080553 secs] 3541040K->3122866K(4141888K), 0.0082063 secs] [Times: user=0.05 sys=0.00, real=0.01 secs] 
325251.619: [GC (Allocation Failure) 325251.619: [ParNew: 423190K->10035K(471872K), 0.0077719 secs] 3542322K->3130768K(4141888K), 0.0079705 secs] [Times: user=0.06 sys=0.00, real=0.01 secs] 
325254.122: [GC (Allocation Failure) 325254.122: [ParNew: 429491K->7201K(471872K), 0.0083005 secs] 3550224K->3129133K(4141888K), 0.0084436 secs] [Times: user=0.05 sys=0.01, real=0.01 secs] 
325260.450: [GC (Allocation Failure) 325260.450: [ParNew: 426657K->3919K(471872K), 0.0093880 secs] 3548589K->3129119K(4141888K), 0.0095322 secs] [Times: user=0.07 sys=0.00, real=0.01 secs] 
325263.152: [GC (Allocation Failure) 325263.152: [ParNew: 423375K->3321K(471872K), 0.0075351 secs] 3548575K->3130430K(4141888K), 0.0076885 secs] [Times: user=0.05 sys=0.01, real=0.01 secs] 
325273.163: [GC (Allocation Failure) 325273.163: [ParNew: 422777K->4279K(471872K), 0.0066204 secs] 3549886K->3131985K(4141888K), 0.0067226 secs] [Times: user=0.05 sys=0.00, real=0.01 secs] 
325283.095: [GC (Allocation Failure) 325283.095: [ParNew: 423735K->5157K(471872K), 0.0074311 secs] 3551441K->3135405K(4141888K), 0.0075355 secs] [Times: user=0.06 sys=0.00, real=0.00 secs] 
325292.778: [GC (Allocation Failure) 325292.778: [ParNew: 424613K->3935K(471872K), 0.0067673 secs] 3554861K->3136878K(4141888K), 0.0069066 secs] [Times: user=0.05 sys=0.00, real=0.01 secs] 
325301.151: [GC (Allocation Failure) 325301.151: [ParNew: 423391K->4572K(471872K), 0.0095365 secs] 3556334K->3139453K(4141888K), 0.0096566 secs] [Times: user=0.07 sys=0.00, real=0.01 secs] 
325312.032: [GC (Allocation Failure) 325312.032: [ParNew: 422494K->5853K(471872K), 0.0080003 secs] 3557376K->3143156K(4141888K), 0.0081195 secs] [Times: user=0.06 sys=0.00, real=0.01 secs] 
325313.147: [GC (Allocation Failure) 325313.147: [ParNew: 425309K->7123K(471872K), 0.0070771 secs] 3562612K->3146790K(4141888K), 0.0071951 secs] [Times: user=0.05 sys=0.00, real=0.01 secs] 
325323.733: [GC (Allocation Failure) 325323.733: [ParNew: 426579K->4867K(471872K), 0.0068991 secs] 3566246K->3147332K(4141888K), 0.0070459 secs] [Times: user=0.05 sys=0.00, real=0.01 secs] 
325336.702: [GC (Allocation Failure) 325336.702: [ParNew: 424323K->4996K(471872K), 0.0074599 secs] 3566788K->3151459K(4141888K), 0.0075642 secs] [Times: user=0.06 sys=0.00, real=0.01 secs] 
325346.721: [GC (Allocation Failure) 325346.721: [ParNew: 424452K->4707K(471872K), 0.0090618 secs] 3570915K->3153890K(4141888K), 0.0091779 secs] [Times: user=0.06 sys=0.00, real=0.01 secs] 
325361.690: [GC (Allocation Failure) 325361.690: [ParNew: 424163K->4974K(471872K), 0.0086876 secs] 3573346K->3156845K(4141888K), 0.0088154 secs] [Times: user=0.07 sys=0.00, real=0.01 secs] 
325373.095: [GC (Allocation Failure) 325373.095: [ParNew: 424430K->5249K(471872K), 0.0084095 secs] 3576301K->3160314K(4141888K), 0.0085154 secs] [Times: user=0.06 sys=0.00, real=0.00 secs] 
325383.105: [GC (Allocation Failure) 325383.105: [ParNew: 424705K->6934K(471872K), 0.0103461 secs] 3579770K->3164514K(4141888K), 0.0105214 secs] [Times: user=0.07 sys=0.00, real=0.01 secs] 
325393.070: [GC (Allocation Failure) 325393.070: [ParNew: 426390K->5264K(471872K), 0.0199758 secs] 3583970K->3167575K(4141888K), 0.0201076 secs] [Times: user=0.12 sys=0.00, real=0.02 secs] 
325401.578: [GC (Allocation Failure) 325401.578: [ParNew: 424720K->5423K(471872K), 0.0099965 secs] 3587031K->3170197K(4141888K), 0.0101467 secs] [Times: user=0.07 sys=0.00, real=0.01 secs] 
325409.828: [GC (Allocation Failure) 325409.828: [ParNew: 424879K->5667K(471872K), 0.0092138 secs] 3589653K->3172374K(4141888K), 0.0093803 secs] [Times: user=0.07 sys=0.00, real=0.01 secs] 
325416.094: [GC (Allocation Failure) 325416.094: [ParNew: 425123K->6925K(471872K), 0.0092145 secs] 3591830K->3176301K(4141888K), 0.0093517 secs] [Times: user=0.07 sys=0.00, real=0.01 secs] 
325420.139: [GC (Allocation Failure) 325420.139: [ParNew: 426381K->6647K(471872K), 0.0083692 secs] 3595757K->3177519K(4141888K), 0.0085125 secs] [Times: user=0.06 sys=0.01, real=0.01 secs] 
325422.329: [GC (Allocation Failure) 325422.330: [ParNew: 426103K->11148K(471872K), 0.0074819 secs] 3596975K->3182884K(4141888K), 0.0076145 secs] [Times: user=0.06 sys=0.00, real=0.01 secs] 
325429.974: [GC (Allocation Failure) 325429.974: [ParNew: 430604K->5288K(471872K), 0.0114814 secs] 3602340K->3177524K(4141888K), 0.0116298 secs] [Times: user=0.07 sys=0.00, real=0.01 secs] 
325434.007: [GC (Allocation Failure) 325434.007: [ParNew: 424744K->4564K(471872K), 0.0098809 secs] 3596980K->3179162K(4141888K), 0.0100499 secs] [Times: user=0.07 sys=0.00, real=0.01 secs] 
325437.924: [GC (Allocation Failure) 325437.924: [ParNew: 424020K->5689K(471872K), 0.0129319 secs] 3598618K->3181416K(4141888K), 0.0131211 secs] [Times: user=0.09 sys=0.00, real=0.02 secs] 
325443.110: [GC (Allocation Failure) 325443.110: [ParNew: 425145K->2823K(471872K), 0.0094718 secs] 3600872K->3181743K(4141888K), 0.0096160 secs] [Times: user=0.06 sys=0.00, real=0.01 secs] 
325447.846: [GC (Allocation Failure) 325447.846: [ParNew: 422279K->4708K(471872K), 0.0100925 secs] 3601199K->3184912K(4141888K), 0.0102230 secs] [Times: user=0.06 sys=0.00, real=0.01 secs] 
325453.076: [GC (Allocation Failure) 325453.076: [ParNew: 424164K->4220K(471872K), 0.0080178 secs] 3604368K->3185528K(4141888K), 0.0081638 secs] [Times: user=0.05 sys=0.00, real=0.01 secs] 
325457.929: [GC (Allocation Failure) 325457.930: [ParNew: 423639K->6707K(471872K), 0.0082195 secs] 3604948K->3189448K(4141888K), 0.0083648 secs] [Times: user=0.06 sys=0.00, real=0.01 secs] 
325463.206: [GC (Allocation Failure) 325463.206: [ParNew: 426163K->3731K(471872K), 0.0078557 secs] 3608904K->3187829K(4141888K), 0.0079980 secs] [Times: user=0.06 sys=0.00, real=0.00 secs] 
325467.387: [GC (Allocation Failure) 325467.387: [ParNew: 423187K->3570K(471872K), 0.0108981 secs] 3607285K->3188798K(4141888K), 0.0110223 secs] [Times: user=0.07 sys=0.00, real=0.01 secs] 
325475.149: [GC (Allocation Failure) 325475.149: [ParNew: 423026K->3513K(471872K), 0.0084013 secs] 3608254K->3190129K(4141888K), 0.0085348 secs] [Times: user=0.06 sys=0.01, real=0.01 secs] 
325491.539: [GC (Allocation Failure) 325491.539: [ParNew: 422964K->4878K(471872K), 0.0100103 secs] 3609580K->3193421K(4141888K), 0.0101680 secs] [Times: user=0.08 sys=0.00, real=0.01 secs] 
325501.597: [GC (Allocation Failure) 325501.597: [ParNew: 424334K->7489K(471872K), 0.0072779 secs] 3612877K->3199236K(4141888K), 0.0074040 secs] [Times: user=0.05 sys=0.01, real=0.01 secs] 
325513.114: [GC (Allocation Failure) 325513.114: [ParNew: 426945K->4234K(471872K), 0.0088610 secs] 3618692K->3200624K(4141888K), 0.0089918 secs] [Times: user=0.06 sys=0.00, real=0.00 secs] 
325523.067: [GC (Allocation Failure) 325523.067: [ParNew: 423690K->5404K(471872K), 0.0087614 secs] 3620080K->3204311K(4141888K), 0.0089829 secs] [Times: user=0.06 sys=0.00, real=0.01 secs] 
325533.116: [GC (GCLocker Initiated GC) 325533.116: [ParNew: 424862K->5092K(471872K), 0.0080971 secs] 3623768K->3206485K(4141888K), 0.0082209 secs] [Times: user=0.06 sys=0.00, real=0.01 secs] 
325543.300: [GC (Allocation Failure) 325543.300: [ParNew: 424548K->5189K(471872K), 0.0151230 secs] 3625941K->3209133K(4141888K), 0.0152348 secs] [Times: user=0.09 sys=0.00, real=0.02 secs] 
325550.379: [GC (Allocation Failure) 325550.379: [ParNew: 424645K->6314K(471872K), 0.0105905 secs] 3628589K->3212569K(4141888K), 0.0107004 secs] [Times: user=0.05 sys=0.00, real=0.01 secs] 
325553.007: [GC (Allocation Failure) 325553.008: [ParNew: 425770K->12640K(471872K), 0.0110783 secs] 3632025K->3220948K(4141888K), 0.0112013 secs] [Times: user=0.06 sys=0.00, real=0.01 secs] 
325554.017: [GC (Allocation Failure) 325554.017: [ParNew: 430281K->24664K(471872K), 0.0089532 secs] 3638589K->3233627K(4141888K), 0.0091133 secs] [Times: user=0.06 sys=0.00, real=0.01 secs] 
325556.030: [GC (Allocation Failure) 325556.030: [ParNew: 442657K->26816K(471872K), 0.0074774 secs] 3651619K->3236393K(4141888K), 0.0075925 secs] [Times: user=0.06 sys=0.00, real=0.01 secs] 
325556.447: [GC (Allocation Failure) 325556.447: [ParNew: 445338K->28614K(471872K), 0.0069864 secs] 3654914K->3239170K(4141888K), 0.0071304 secs] [Times: user=0.05 sys=0.00, real=0.01 secs] 
325558.025: [GC (Allocation Failure) 325558.025: [ParNew: 447660K->27799K(471872K), 0.0070715 secs] 3658216K->3238730K(4141888K), 0.0071999 secs] [Times: user=0.05 sys=0.00, real=0.00 secs] 
325559.214: [GC (Allocation Failure) 325559.214: [ParNew: 446303K->22276K(471872K), 0.0076291 secs] 3657234K->3233739K(4141888K), 0.0077521 secs] [Times: user=0.05 sys=0.00, real=0.00 secs] 
325560.325: [GC (Allocation Failure) 325560.325: [ParNew: 438953K->19991K(471872K), 0.0065197 secs] 3650416K->3234248K(4141888K), 0.0066515 secs] [Times: user=0.04 sys=0.00, real=0.00 secs] 
325561.179: [GC (Allocation Failure) 325561.179: [ParNew: 439061K->26640K(471872K), 0.0063641 secs] 3653318K->3241361K(4141888K), 0.0064720 secs] [Times: user=0.05 sys=0.00, real=0.01 secs] 
325563.974: [GC (Allocation Failure) 325563.974: [ParNew: 446096K->5975K(471872K), 0.0066853 secs] 3660817K->3220904K(4141888K), 0.0068212 secs] [Times: user=0.05 sys=0.00, real=0.00 secs] 
325565.213: [GC (Allocation Failure) 325565.213: [ParNew: 424200K->26916K(471872K), 0.0071744 secs] 3639130K->3242841K(4141888K), 0.0072889 secs] [Times: user=0.06 sys=0.00, real=0.01 secs] 
325566.093: [GC (Allocation Failure) 325566.093: [ParNew: 446372K->20541K(471872K), 0.0069550 secs] 3662297K->3237095K(4141888K), 0.0070797 secs] [Times: user=0.05 sys=0.00, real=0.01 secs] 
325567.218: [GC (Allocation Failure) 325567.218: [ParNew: 439997K->23766K(471872K), 0.0075701 secs] 3656551K->3240638K(4141888K), 0.0077211 secs] [Times: user=0.05 sys=0.00, real=0.01 secs] 
325568.062: [GC (Allocation Failure) 325568.062: [ParNew: 443222K->23121K(471872K), 0.0056637 secs] 3660094K->3240482K(4141888K), 0.0057700 secs] [Times: user=0.04 sys=0.00, real=0.01 secs] 
325569.273: [GC (Allocation Failure) 325569.273: [ParNew: 442577K->30642K(471872K), 0.0079498 secs] 3659938K->3248348K(4141888K), 0.0080647 secs] [Times: user=0.06 sys=0.00, real=0.01 secs] 
325570.444: [GC (Allocation Failure) 325570.444: [ParNew: 450098K->24075K(471872K), 0.0069621 secs] 3667804K->3242219K(4141888K), 0.0070810 secs] [Times: user=0.05 sys=0.00, real=0.00 secs] 
325570.697: [GC (Allocation Failure) 325570.697: [ParNew: 443531K->25744K(471872K), 0.0070074 secs] 3661675K->3247067K(4141888K), 0.0071121 secs] [Times: user=0.05 sys=0.00, real=0.01 secs] 
325571.104: [GC (Allocation Failure) 325571.104: [ParNew: 445200K->22388K(471872K), 0.0080070 secs] 3666523K->3247379K(4141888K), 0.0081151 secs] [Times: user=0.05 sys=0.00, real=0.00 secs] 
325571.377: [GC (Allocation Failure) 325571.377: [ParNew: 441844K->25189K(471872K), 0.0059621 secs] 3666835K->3250736K(4141888K), 0.0060997 secs] [Times: user=0.05 sys=0.00, real=0.00 secs] 
325571.743: [GC (Allocation Failure) 325571.743: [ParNew: 444645K->7309K(471872K), 0.0049584 secs] 3670192K->3233059K(4141888K), 0.0050753 secs] [Times: user=0.04 sys=0.00, real=0.01 secs] 
325572.209: [GC (Allocation Failure) 325572.209: [ParNew: 426765K->4615K(471872K), 0.0099135 secs] 3652515K->3232854K(4141888K), 0.0100311 secs] [Times: user=0.08 sys=0.00, real=0.01 secs] 
325573.038: [GC (GCLocker Initiated GC) 325573.038: [ParNew: 424072K->18321K(471872K), 0.0070147 secs] 3652311K->3246983K(4141888K), 0.0071178 secs] [Times: user=0.05 sys=0.00, real=0.01 secs] 
325573.389: [GC (Allocation Failure) 325573.389: [ParNew: 437777K->9345K(471872K), 0.0093487 secs] 3666439K->3238755K(4141888K), 0.0094525 secs] [Times: user=0.05 sys=0.00, real=0.01 secs] 
325573.998: [GC (Allocation Failure) 325573.998: [ParNew: 428801K->4760K(471872K), 0.0067320 secs] 3658211K->3236704K(4141888K), 0.0068428 secs] [Times: user=0.05 sys=0.00, real=0.01 secs] 
325576.057: [GC (Allocation Failure) 325576.057: [ParNew: 424216K->26083K(471872K), 0.0084434 secs] 3656160K->3258299K(4141888K), 0.0085882 secs] [Times: user=0.06 sys=0.00, real=0.01 secs] 
325578.185: [GC (Allocation Failure) 325578.185: [ParNew: 445539K->24222K(471872K), 0.0066272 secs] 3677755K->3257079K(4141888K), 0.0067616 secs] [Times: user=0.04 sys=0.00, real=0.00 secs] 
325579.081: [GC (Allocation Failure) 325579.081: [ParNew: 443678K->17430K(471872K), 0.0067765 secs] 3676535K->3251318K(4141888K), 0.0068884 secs] [Times: user=0.05 sys=0.00, real=0.01 secs] 
325579.436: [GC (Allocation Failure) 325579.436: [ParNew: 435410K->27648K(471872K), 0.0061806 secs] 3669298K->3261954K(4141888K), 0.0062915 secs] [Times: user=0.04 sys=0.00, real=0.00 secs] 
325580.478: [GC (Allocation Failure) 325580.478: [ParNew: 447104K->20120K(471872K), 0.0059911 secs] 3681410K->3254890K(4141888K), 0.0061027 secs] [Times: user=0.05 sys=0.00, real=0.01 secs] 
325581.327: [GC (Allocation Failure) 325581.327: [ParNew: 439576K->27736K(471872K), 0.0084487 secs] 3674346K->3263002K(4141888K), 0.0085789 secs] [Times: user=0.06 sys=0.00, real=0.01 secs] 
325583.016: [GC (Allocation Failure) 325583.016: [ParNew: 447192K->14152K(471872K), 0.0055185 secs] 3682458K->3250054K(4141888K), 0.0056252 secs] [Times: user=0.04 sys=0.01, real=0.00 secs] 
325583.264: [GC (Allocation Failure) 325583.264: [ParNew: 431052K->13409K(471872K), 0.0065324 secs] 3666953K->3250577K(4141888K), 0.0066372 secs] [Times: user=0.05 sys=0.01, real=0.00 secs] 
325584.210: [GC (Allocation Failure) 325584.210: [ParNew: 432865K->31306K(471872K), 0.0079423 secs] 3670033K->3268719K(4141888K), 0.0080672 secs] [Times: user=0.06 sys=0.00, real=0.01 secs] 
325585.144: [GC (Allocation Failure) 325585.144: [ParNew: 450762K->26579K(471872K), 0.0063368 secs] 3688175K->3264526K(4141888K), 0.0064427 secs] [Times: user=0.05 sys=0.01, real=0.01 secs] 
325586.096: [GC (Allocation Failure) 325586.096: [ParNew: 446035K->20907K(471872K), 0.0079633 secs] 3683982K->3259237K(4141888K), 0.0080770 secs] [Times: user=0.06 sys=0.00, real=0.01 secs] 
325586.892: [GC (Allocation Failure) 325586.892: [ParNew: 438895K->28501K(471872K), 0.0059340 secs] 3677224K->3267913K(4141888K), 0.0060442 secs] [Times: user=0.05 sys=0.00, real=0.01 secs] 
325587.255: [GC (Allocation Failure) 325587.255: [ParNew: 447957K->27640K(471872K), 0.0077012 secs] 3687369K->3267277K(4141888K), 0.0078089 secs] [Times: user=0.06 sys=0.00, real=0.00 secs] 
325587.637: [GC (Allocation Failure) 325587.637: [ParNew: 447096K->31353K(471872K), 0.0064994 secs] 3686733K->3271719K(4141888K), 0.0066265 secs] [Times: user=0.05 sys=0.00, real=0.01 secs] 
325587.644: [GC (GCLocker Initiated GC) 325587.644: [ParNew: 31388K->1391K(471872K), 0.0188726 secs] 3271754K->3256235K(4141888K), 0.0189602 secs] [Times: user=0.06 sys=0.00, real=0.01 secs] 
325592.165: [GC (Allocation Failure) 325592.165: [ParNew: 420847K->15411K(471872K), 0.0077275 secs] 3675691K->3270256K(4141888K), 0.0078863 secs] [Times: user=0.05 sys=0.00, real=0.00 secs] 
325601.912: [GC (Allocation Failure) 325601.912: [ParNew: 434867K->9355K(471872K), 0.0159879 secs] 3689712K->3276056K(4141888K), 0.0161275 secs] [Times: user=0.08 sys=0.00, real=0.02 secs] 
325609.555: [GC (Allocation Failure) 325609.555: [ParNew: 428811K->4516K(471872K), 0.0139299 secs] 3695512K->3274263K(4141888K), 0.0140406 secs] [Times: user=0.06 sys=0.00, real=0.01 secs] 
325614.409: [GC (Allocation Failure) 325614.409: [ParNew: 423812K->3907K(471872K), 0.0116982 secs] 3693559K->3275356K(4141888K), 0.0118156 secs] [Times: user=0.06 sys=0.00, real=0.01 secs] 
325618.407: [GC (Allocation Failure) 325618.407: [ParNew: 423363K->2866K(471872K), 0.0065306 secs] 3694812K->3275304K(4141888K), 0.0066364 secs] [Times: user=0.05 sys=0.00, real=0.01 secs] 
325621.048: [GC (Allocation Failure) 325621.048: [ParNew: 422322K->5895K(471872K), 0.0052616 secs] 3694760K->3279366K(4141888K), 0.0053850 secs] [Times: user=0.04 sys=0.00, real=0.00 secs] 
325623.122: [GC (Allocation Failure) 325623.122: [ParNew: 425351K->2436K(471872K), 0.0057203 secs] 3698822K->3278939K(4141888K), 0.0058211 secs] [Times: user=0.04 sys=0.00, real=0.01 secs] 
325626.365: [GC (Allocation Failure) 325626.365: [ParNew: 421892K->2812K(471872K), 0.0060288 secs] 3698395K->3280181K(4141888K), 0.0061505 secs] [Times: user=0.05 sys=0.00, real=0.00 secs] 
325630.125: [GC (Allocation Failure) 325630.125: [ParNew: 422268K->2966K(471872K), 0.0084973 secs] 3699637K->3281063K(4141888K), 0.0085988 secs] [Times: user=0.06 sys=0.00, real=0.00 secs] 
325633.154: [GC (Allocation Failure) 325633.154: [ParNew: 422422K->2337K(471872K), 0.0054672 secs] 3700519K->3281322K(4141888K), 0.0055568 secs] [Times: user=0.04 sys=0.00, real=0.00 secs] 
325639.674: [GC (Allocation Failure) 325639.674: [ParNew: 421793K->2890K(471872K), 0.0055627 secs] 3700778K->3282611K(4141888K), 0.0056586 secs] [Times: user=0.05 sys=0.00, real=0.00 secs] 
325644.793: [GC (Allocation Failure) 325644.793: [ParNew: 422346K->3225K(471872K), 0.0067819 secs] 3702067K->3284436K(4141888K), 0.0068802 secs] [Times: user=0.04 sys=0.01, real=0.01 secs] 
325650.201: [GC (Allocation Failure) 325650.201: [ParNew: 422681K->11449K(471872K), 0.0066167 secs] 3703892K->3293955K(4141888K), 0.0067488 secs] [Times: user=0.05 sys=0.00, real=0.01 secs] 
325653.145: [GC (Allocation Failure) 325653.145: [ParNew: 430905K->6323K(471872K), 0.0077342 secs] 3713411K->3290557K(4141888K), 0.0078351 secs] [Times: user=0.06 sys=0.00, real=0.00 secs] 
325657.705: [GC (Allocation Failure) 325657.705: [ParNew: 425779K->3017K(471872K), 0.0063975 secs] 3710013K->3288062K(4141888K), 0.0064972 secs] [Times: user=0.04 sys=0.00, real=0.00 secs] 
325661.327: [GC (Allocation Failure) 325661.327: [ParNew: 422473K->2037K(471872K), 0.0054132 secs] 3707518K->3288072K(4141888K), 0.0055115 secs] [Times: user=0.03 sys=0.00, real=0.00 secs] 
325665.145: [GC (Allocation Failure) 325665.145: [ParNew: 421493K->3489K(471872K), 0.0064904 secs] 3707528K->3290240K(4141888K), 0.0066047 secs] [Times: user=0.04 sys=0.01, real=0.00 secs] 
325667.888: [GC (Allocation Failure) 325667.888: [ParNew: 422945K->2339K(471872K), 0.0058197 secs] 3709696K->3289884K(4141888K), 0.0059197 secs] [Times: user=0.04 sys=0.00, real=0.01 secs] 
325671.227: [GC (Allocation Failure) 325671.227: [ParNew: 421795K->6777K(471872K), 0.0057316 secs] 3709340K->3294954K(4141888K), 0.0058486 secs] [Times: user=0.04 sys=0.00, real=0.00 secs] 
325674.126: [GC (Allocation Failure) 325674.126: [ParNew: 426233K->7854K(471872K), 0.0067033 secs] 3714410K->3296813K(4141888K), 0.0068226 secs] [Times: user=0.05 sys=0.00, real=0.00 secs] 
325676.414: [GC (Allocation Failure) 325676.414: [ParNew: 427310K->8044K(471872K), 0.0061051 secs] 3716269K->3297636K(4141888K), 0.0062135 secs] [Times: user=0.04 sys=0.00, real=0.00 secs] 
325678.609: [GC (Allocation Failure) 325678.609: [ParNew: 427500K->8916K(471872K), 0.0064937 secs] 3717092K->3299242K(4141888K), 0.0066401 secs] [Times: user=0.05 sys=0.00, real=0.01 secs] 
325681.452: [GC (Allocation Failure) 325681.452: [ParNew: 428372K->5582K(471872K), 0.0054363 secs] 3718698K->3296535K(4141888K), 0.0055511 secs] [Times: user=0.04 sys=0.00, real=0.01 secs] 
325684.114: [GC (Allocation Failure) 325684.115: [ParNew: 425038K->6004K(471872K), 0.0067721 secs] 3715991K->3300011K(4141888K), 0.0068948 secs] [Times: user=0.05 sys=0.00, real=0.00 secs] 
325686.392: [GC (Allocation Failure) 325686.392: [ParNew: 425460K->7474K(471872K), 0.0058724 secs] 3719467K->3302494K(4141888K), 0.0059999 secs] [Times: user=0.04 sys=0.00, real=0.01 secs] 
325689.121: [GC (Allocation Failure) 325689.121: [ParNew: 426930K->7718K(471872K), 0.0056818 secs] 3721950K->3303404K(4141888K), 0.0057859 secs] [Times: user=0.04 sys=0.00, real=0.01 secs] 
325691.454: [GC (Allocation Failure) 325691.454: [ParNew: 427174K->10631K(471872K), 0.0060008 secs] 3722860K->3307112K(4141888K), 0.0061028 secs] [Times: user=0.05 sys=0.00, real=0.00 secs] 
325694.364: [GC (Allocation Failure) 325694.365: [ParNew: 430087K->7402K(471872K), 0.0066268 secs] 3726568K->3304355K(4141888K), 0.0067481 secs] [Times: user=0.05 sys=0.00, real=0.00 secs] 
325696.549: [GC (Allocation Failure) 325696.549: [ParNew: 426858K->4891K(471872K), 0.0056190 secs] 3723811K->3302620K(4141888K), 0.0057398 secs] [Times: user=0.04 sys=0.00, real=0.01 secs] 
325699.242: [GC (Allocation Failure) 325699.242: [ParNew: 423758K->7623K(471872K), 0.0055412 secs] 3721487K->3305789K(4141888K), 0.0056404 secs] [Times: user=0.04 sys=0.00, real=0.01 secs] 
325702.185: [GC (Allocation Failure) 325702.185: [ParNew: 427079K->5961K(471872K), 0.0056800 secs] 3725245K->3304698K(4141888K), 0.0058417 secs] [Times: user=0.04 sys=0.00, real=0.00 secs] 
325703.241: [GC (Allocation Failure) 325703.241: [ParNew: 425417K->29113K(471872K), 0.0085557 secs] 3724154K->3328713K(4141888K), 0.0086725 secs] [Times: user=0.07 sys=0.00, real=0.01 secs] 
325705.181: [GC (Allocation Failure) 325705.181: [ParNew: 448569K->24742K(471872K), 0.0081250 secs] 3748169K->3324756K(4141888K), 0.0082562 secs] [Times: user=0.06 sys=0.00, real=0.01 secs] 
325706.169: [GC (Allocation Failure) 325706.169: [ParNew: 442197K->26465K(471872K), 0.0060107 secs] 3742211K->3326990K(4141888K), 0.0061293 secs] [Times: user=0.04 sys=0.00, real=0.01 secs] 
325708.661: [GC (Allocation Failure) 325708.661: [ParNew: 445921K->7423K(471872K), 0.0051531 secs] 3746446K->3308179K(4141888K), 0.0052506 secs] [Times: user=0.04 sys=0.00, real=0.01 secs] 
325710.266: [GC (Allocation Failure) 325710.266: [ParNew: 426879K->14304K(471872K), 0.0082311 secs] 3727635K->3316836K(4141888K), 0.0084047 secs] [Times: user=0.06 sys=0.00, real=0.01 secs] 
325711.984: [GC (Allocation Failure) 325711.984: [ParNew: 433760K->24797K(471872K), 0.0066827 secs] 3736292K->3327679K(4141888K), 0.0067886 secs] [Times: user=0.05 sys=0.00, real=0.00 secs] 
325713.169: [GC (Allocation Failure) 325713.169: [ParNew: 444253K->9805K(471872K), 0.0058236 secs] 3747135K->3313674K(4141888K), 0.0059391 secs] [Times: user=0.04 sys=0.00, real=0.01 secs] 
325714.193: [GC (Allocation Failure) 325714.193: [ParNew: 429261K->19564K(471872K), 0.0085407 secs] 3733130K->3323979K(4141888K), 0.0087010 secs] [Times: user=0.07 sys=0.00, real=0.01 secs] 
325716.082: [GC (Allocation Failure) 325716.082: [ParNew: 439020K->25575K(471872K), 0.0077982 secs] 3743435K->3330209K(4141888K), 0.0079144 secs] [Times: user=0.05 sys=0.00, real=0.01 secs] 
325718.050: [GC (Allocation Failure) 325718.050: [ParNew: 441111K->30081K(471872K), 0.0068083 secs] 3745745K->3335114K(4141888K), 0.0069431 secs] [Times: user=0.05 sys=0.00, real=0.01 secs] 
325719.171: [GC (Allocation Failure) 325719.172: [ParNew: 449537K->15125K(471872K), 0.0056559 secs] 3754570K->3320767K(4141888K), 0.0057880 secs] [Times: user=0.05 sys=0.00, real=0.01 secs] 
325721.199: [GC (Allocation Failure) 325721.199: [ParNew: 434581K->8663K(471872K), 0.0099860 secs] 3740223K->3314519K(4141888K), 0.0100941 secs] [Times: user=0.06 sys=0.00, real=0.01 secs] 
325722.303: [GC (Allocation Failure) 325722.303: [ParNew: 426543K->5280K(471872K), 0.0050331 secs] 3732399K->3311932K(4141888K), 0.0051391 secs] [Times: user=0.03 sys=0.00, real=0.01 secs] 
325722.758: [GC (Allocation Failure) 325722.758: [ParNew: 424736K->2683K(471872K), 0.0044722 secs] 3731388K->3309601K(4141888K), 0.0045580 secs] [Times: user=0.04 sys=0.00, real=0.00 secs] 
325724.070: [GC (Allocation Failure) 325724.070: [ParNew: 422139K->14722K(471872K), 0.0078262 secs] 3729057K->3321905K(4141888K), 0.0079411 secs] [Times: user=0.06 sys=0.00, real=0.01 secs] 
325725.272: [GC (Allocation Failure) 325725.272: [ParNew: 434178K->24852K(471872K), 0.0085752 secs] 3741361K->3332408K(4141888K), 0.0086927 secs] [Times: user=0.06 sys=0.00, real=0.01 secs] 
325726.435: [GC (Allocation Failure) 325726.435: [ParNew: 444308K->25967K(471872K), 0.0073053 secs] 3751864K->3333887K(4141888K), 0.0074182 secs] [Times: user=0.06 sys=0.00, real=0.00 secs] 
325727.250: [GC (Allocation Failure) 325727.250: [ParNew: 445423K->19505K(471872K), 0.0067513 secs] 3753343K->3327828K(4141888K), 0.0068579 secs] [Times: user=0.04 sys=0.00, real=0.01 secs] 
325728.324: [GC (Allocation Failure) 325728.324: [ParNew: 438033K->25405K(471872K), 0.0064019 secs] 3746356K->3333966K(4141888K), 0.0065270 secs] [Times: user=0.05 sys=0.00, real=0.00 secs] 
325728.696: [GC (Allocation Failure) 325728.696: [ParNew: 444861K->11621K(471872K), 0.0061932 secs] 3753422K->3320595K(4141888K), 0.0063035 secs] [Times: user=0.05 sys=0.00, real=0.00 secs] 
325729.235: [GC (Allocation Failure) 325729.235: [ParNew: 431077K->16842K(471872K), 0.0055548 secs] 3740051K->3332899K(4141888K), 0.0056552 secs] [Times: user=0.04 sys=0.00, real=0.00 secs] 
325729.552: [GC (Allocation Failure) 325729.552: [ParNew: 436298K->5464K(471872K), 0.0048798 secs] 3752355K->3321776K(4141888K), 0.0049704 secs] [Times: user=0.04 sys=0.00, real=0.01 secs] 
325730.057: [GC (Allocation Failure) 325730.057: [ParNew: 424920K->3868K(471872K), 0.0080202 secs] 3741232K->3322549K(4141888K), 0.0081171 secs] [Times: user=0.07 sys=0.00, real=0.01 secs] 
325730.827: [GC (Allocation Failure) 325730.827: [ParNew: 423324K->4024K(471872K), 0.0060721 secs] 3742005K->3323342K(4141888K), 0.0061658 secs] [Times: user=0.04 sys=0.00, real=0.00 secs] 
325731.281: [GC (Allocation Failure) 325731.281: [ParNew: 423480K->6017K(471872K), 0.0049815 secs] 3742798K->3325912K(4141888K), 0.0050640 secs] [Times: user=0.03 sys=0.00, real=0.01 secs] 
325732.190: [GC (Allocation Failure) 325732.190: [ParNew: 425473K->20205K(471872K), 0.0070426 secs] 3745368K->3340459K(4141888K), 0.0071477 secs] [Times: user=0.06 sys=0.00, real=0.01 secs] 
325733.114: [GC (Allocation Failure) 325733.114: [ParNew: 439661K->8388K(471872K), 0.0082977 secs] 3759915K->3329265K(4141888K), 0.0083808 secs] [Times: user=0.06 sys=0.00, real=0.01 secs] 
325733.531: [GC (Allocation Failure) 325733.531: [ParNew: 427844K->18562K(471872K), 0.0095983 secs] 3748721K->3339769K(4141888K), 0.0097136 secs] [Times: user=0.07 sys=0.00, real=0.01 secs] 
325737.014: [GC (Allocation Failure) 325737.014: [ParNew: 438003K->20442K(471872K), 0.0057679 secs] 3759209K->3341788K(4141888K), 0.0058711 secs] [Times: user=0.03 sys=0.00, real=0.00 secs] 
325738.172: [GC (Allocation Failure) 325738.172: [ParNew: 439898K->28496K(471872K), 0.0122284 secs] 3761244K->3350667K(4141888K), 0.0123245 secs] [Times: user=0.07 sys=0.00, real=0.02 secs] 
325740.278: [GC (Allocation Failure) 325740.278: [ParNew: 447952K->26841K(471872K), 0.0062599 secs] 3770123K->3349485K(4141888K), 0.0063562 secs] [Times: user=0.04 sys=0.00, real=0.01 secs] 
325741.086: [GC (Allocation Failure) 325741.086: [ParNew: 445379K->26486K(471872K), 0.0062786 secs] 3768023K->3349764K(4141888K), 0.0063863 secs] [Times: user=0.05 sys=0.00, real=0.00 secs] 
325741.641: [GC (Allocation Failure) 325741.641: [ParNew: 442104K->33866K(471872K), 0.0061272 secs] 3765383K->3357439K(4141888K), 0.0062387 secs] [Times: user=0.05 sys=0.00, real=0.01 secs] 
325743.059: [GC (Allocation Failure) 325743.059: [ParNew: 453322K->8514K(471872K), 0.0047767 secs] 3776895K->3332225K(4141888K), 0.0048622 secs] [Times: user=0.04 sys=0.00, real=0.01 secs] 
325744.202: [GC (Allocation Failure) 325744.202: [ParNew: 427970K->27738K(471872K), 0.0085829 secs] 3751681K->3354281K(4141888K), 0.0086862 secs] [Times: user=0.07 sys=0.00, real=0.01 secs] 
325745.318: [GC (Allocation Failure) 325745.318: [ParNew: 447194K->27561K(471872K), 0.0073838 secs] 3773737K->3354558K(4141888K), 0.0074864 secs] [Times: user=0.05 sys=0.00, real=0.01 secs] 
325750.760: [GC (Allocation Failure) 325750.760: [ParNew: 447017K->10154K(471872K), 0.0077066 secs] 3774014K->3337410K(4141888K), 0.0078072 secs] [Times: user=0.04 sys=0.00, real=0.01 secs] 
325755.267: [GC (Allocation Failure) 325755.268: [ParNew: 429610K->3744K(471872K), 0.0071725 secs] 3756866K->3334358K(4141888K), 0.0073034 secs] [Times: user=0.05 sys=0.00, real=0.01 secs] 
325762.760: [GC (Allocation Failure) 325762.760: [ParNew: 423174K->4021K(471872K), 0.0074571 secs] 3753788K->3335987K(4141888K), 0.0075789 secs] [Times: user=0.06 sys=0.00, real=0.01 secs] 
325768.696: [GC (Allocation Failure) 325768.696: [ParNew: 423477K->7063K(471872K), 0.0070870 secs] 3755443K->3340490K(4141888K), 0.0071902 secs] [Times: user=0.04 sys=0.00, real=0.00 secs] 
325773.712: [GC (Allocation Failure) 325773.712: [ParNew: 426519K->4752K(471872K), 0.0074675 secs] 3759946K->3339550K(4141888K), 0.0076021 secs] [Times: user=0.05 sys=0.00, real=0.01 secs] 
325782.661: [GC (Allocation Failure) 325782.661: [ParNew: 424208K->4495K(471872K), 0.0069496 secs] 3759006K->3341111K(4141888K), 0.0070473 secs] [Times: user=0.05 sys=0.00, real=0.01 secs] 
325786.296: [GC (Allocation Failure) 325786.296: [ParNew: 423951K->4447K(471872K), 0.0071172 secs] 3760567K->3342934K(4141888K), 0.0072518 secs] [Times: user=0.05 sys=0.00, real=0.00 secs] 
325790.357: [GC (Allocation Failure) 325790.357: [ParNew: 423903K->4921K(471872K), 0.0088769 secs] 3762390K->3344291K(4141888K), 0.0089871 secs] [Times: user=0.06 sys=0.00, real=0.01 secs] 
325794.615: [GC (Allocation Failure) 325794.616: [ParNew: 424377K->6233K(471872K), 0.0067429 secs] 3763747K->3346534K(4141888K), 0.0068648 secs] [Times: user=0.05 sys=0.00, real=0.00 secs] 
325798.756: [GC (Allocation Failure) 325798.756: [ParNew: 425689K->5574K(471872K), 0.0056937 secs] 3765990K->3346917K(4141888K), 0.0058159 secs] [Times: user=0.04 sys=0.00, real=0.00 secs] 
325802.623: [GC (Allocation Failure) 325802.623: [ParNew: 425030K->3543K(471872K), 0.0050668 secs] 3766373K->3345766K(4141888K), 0.0051560 secs] [Times: user=0.04 sys=0.00, real=0.01 secs] 
325806.411: [GC (Allocation Failure) 325806.411: [ParNew: 422999K->5093K(471872K), 0.0078196 secs] 3765222K->3348885K(4141888K), 0.0079380 secs] [Times: user=0.05 sys=0.00, real=0.01 secs] 
325809.660: [GC (Allocation Failure) 325809.660: [ParNew: 424549K->2744K(471872K), 0.0084178 secs] 3768341K->3349833K(4141888K), 0.0085056 secs] [Times: user=0.05 sys=0.00, real=0.01 secs] 
325813.436: [GC (Allocation Failure) 325813.436: [ParNew: 422200K->3366K(471872K), 0.0066808 secs] 3769289K->3351203K(4141888K), 0.0067989 secs] [Times: user=0.05 sys=0.00, real=0.00 secs] 
325818.060: [GC (Allocation Failure) 325818.060: [ParNew: 422819K->3249K(471872K), 0.0054075 secs] 3770656K->3352364K(4141888K), 0.0055165 secs] [Times: user=0.03 sys=0.00, real=0.01 secs] 
325821.405: [GC (Allocation Failure) 325821.405: [ParNew: 422705K->5487K(471872K), 0.0056784 secs] 3771820K->3355932K(4141888K), 0.0057822 secs] [Times: user=0.04 sys=0.00, real=0.00 secs] 
325829.508: [GC (Allocation Failure) 325829.508: [ParNew: 424943K->8719K(471872K), 0.0067127 secs] 3775388K->3359787K(4141888K), 0.0068210 secs] [Times: user=0.05 sys=0.00, real=0.01 secs] 
325837.644: [GC (Allocation Failure) 325837.644: [ParNew: 428175K->9114K(471872K), 0.0074816 secs] 3779243K->3362380K(4141888K), 0.0075894 secs] [Times: user=0.05 sys=0.00, real=0.00 secs] 
325850.892: [GC (Allocation Failure) 325850.893: [ParNew: 428570K->4977K(471872K), 0.0076745 secs] 3781836K->3360465K(4141888K), 0.0077963 secs] [Times: user=0.06 sys=0.00, real=0.01 secs] 
325863.050: [GC (Allocation Failure) 325863.050: [ParNew: 424433K->5701K(471872K), 0.0120862 secs] 3779921K->3363846K(4141888K), 0.0122130 secs] [Times: user=0.06 sys=0.00, real=0.01 secs] 
325871.230: [GC (Allocation Failure) 325871.230: [ParNew: 425157K->7210K(471872K), 0.0087843 secs] 3783302K->3368165K(4141888K), 0.0088929 secs] [Times: user=0.06 sys=0.00, real=0.01 secs] 
325880.575: [GC (Allocation Failure) 325880.576: [ParNew: 426614K->5058K(471872K), 0.0095282 secs] 3787570K->3370142K(4141888K), 0.0096505 secs] [Times: user=0.06 sys=0.01, real=0.01 secs] 
325890.430: [GC (Allocation Failure) 325890.430: [ParNew: 424514K->8168K(471872K), 0.0083447 secs] 3789598K->3375205K(4141888K), 0.0084743 secs] [Times: user=0.06 sys=0.01, real=0.01 secs] 
325899.330: [GC (Allocation Failure) 325899.330: [ParNew: 427624K->5996K(471872K), 0.0079327 secs] 3794661K->3375161K(4141888K), 0.0080786 secs] [Times: user=0.05 sys=0.00, real=0.01 secs] 
325912.657: [GC (Allocation Failure) 325912.657: [ParNew: 425452K->4609K(471872K), 0.0072151 secs] 3794617K->3376305K(4141888K), 0.0073206 secs] [Times: user=0.06 sys=0.00, real=0.01 secs] 
325920.619: [GC (Allocation Failure) 325920.619: [ParNew: 423685K->23726K(471872K), 0.0089783 secs] 3795380K->3398094K(4141888K), 0.0090949 secs] [Times: user=0.06 sys=0.00, real=0.01 secs] 
325921.703: [GC (Allocation Failure) 325921.703: [ParNew: 443182K->17956K(471872K), 0.0058820 secs] 3817550K->3394251K(4141888K), 0.0059789 secs] [Times: user=0.04 sys=0.01, real=0.01 secs] 
325922.515: [GC (Allocation Failure) 325922.515: [ParNew: 437412K->7972K(471872K), 0.0049085 secs] 3813707K->3385143K(4141888K), 0.0050078 secs] [Times: user=0.03 sys=0.00, real=0.00 secs] 
325922.520: [GC (CMS Initial Mark) [1 CMS-initial-mark: 3377170K(3670016K)] 3390688K(4141888K), 0.0008299 secs] [Times: user=0.01 sys=0.00, real=0.00 secs] 
325922.521: [CMS-concurrent-mark-start]
325922.765: [CMS-concurrent-mark: 0.244/0.244 secs] [Times: user=0.69 sys=0.01, real=0.25 secs] 
325922.765: [CMS-concurrent-preclean-start]
325922.772: [CMS-concurrent-preclean: 0.007/0.007 secs] [Times: user=0.01 sys=0.00, real=0.00 secs] 
325922.772: [CMS-concurrent-abortable-preclean-start]
325925.551: [GC (Allocation Failure) 325925.551: [ParNew: 427428K->26081K(471872K), 0.0075342 secs] 3804599K->3403404K(4141888K), 0.0076578 secs] [Times: user=0.06 sys=0.00, real=0.01 secs] 
 CMS: abort preclean due to time 325927.791: [CMS-concurrent-abortable-preclean: 1.468/5.019 secs] [Times: user=2.52 sys=0.09, real=5.02 secs] 
325927.792: [GC (CMS Final Remark) [YG occupancy: 202405 K (471872 K)]325927.792: [Rescan (parallel) , 0.0104771 secs]325927.802: [weak refs processing, 0.0017015 secs]325927.804: [class unloading, 0.0193972 secs]325927.823: [scrub symbol table, 0.0078711 secs]325927.831: [scrub string table, 0.0009099 secs][1 CMS-remark: 3377322K(3670016K)] 3579728K(4141888K), 0.0405756 secs] [Times: user=0.11 sys=0.00, real=0.04 secs] 
325927.833: [CMS-concurrent-sweep-start]
325928.529: [CMS-concurrent-sweep: 0.695/0.696 secs] [Times: user=0.75 sys=0.01, real=0.70 secs] 
325928.529: [CMS-concurrent-reset-start]
325928.537: [CMS-concurrent-reset: 0.008/0.008 secs] [Times: user=0.01 sys=0.00, real=0.01 secs] 
325933.104: [GC (Allocation Failure) 325933.104: [ParNew: 445537K->7170K(471872K), 0.0085981 secs] 1712404K->1277032K(4141888K), 0.0087316 secs] [Times: user=0.05 sys=0.00, real=0.00 secs] 
325941.163: [GC (Allocation Failure) 325941.163: [ParNew: 426626K->4106K(471872K), 0.0080164 secs] 1696488K->1277919K(4141888K), 0.0081233 secs] [Times: user=0.05 sys=0.00, real=0.01 secs] 
325951.251: [GC (Allocation Failure) 325951.251: [ParNew: 423562K->4569K(471872K), 0.0062842 secs] 1697375K->1279911K(4141888K), 0.0063837 secs] [Times: user=0.05 sys=0.01, real=0.01 secs] 
325957.475: [GC (Allocation Failure) 325957.475: [ParNew: 424025K->3996K(471872K), 0.0078147 secs] 1699367K->1281690K(4141888K), 0.0079234 secs] [Times: user=0.06 sys=0.00, real=0.00 secs] 
325967.976: [GC (Allocation Failure) 325967.976: [ParNew: 423452K->4306K(471872K), 0.0074890 secs] 1701146K->1283899K(4141888K), 0.0076039 secs] [Times: user=0.05 sys=0.00, real=0.00 secs] 
325980.880: [GC (Allocation Failure) 325980.880: [ParNew: 423762K->6641K(471872K), 0.0071761 secs] 1703355K->1288293K(4141888K), 0.0072852 secs] [Times: user=0.05 sys=0.00, real=0.01 secs] 
325988.812: [GC (Allocation Failure) 325988.812: [ParNew: 426097K->7575K(471872K), 0.0075235 secs] 1707749K->1291930K(4141888K), 0.0076357 secs] [Times: user=0.06 sys=0.00, real=0.01 secs] 
325999.400: [GC (Allocation Failure) 325999.401: [ParNew: 427024K->4655K(471872K), 0.0065714 secs] 1711380K->1293368K(4141888K), 0.0066830 secs] [Times: user=0.04 sys=0.00, real=0.01 secs] 
326006.707: [GC (Allocation Failure) 326006.707: [ParNew: 424111K->4669K(471872K), 0.0070558 secs] 1712824K->1296114K(4141888K), 0.0071723 secs] [Times: user=0.05 sys=0.01, real=0.01 secs] 
326014.910: [GC (Allocation Failure) 326014.910: [ParNew: 424125K->4719K(471872K), 0.0059596 secs] 1715570K->1297685K(4141888K), 0.0060743 secs] [Times: user=0.05 sys=0.00, real=0.01 secs] 
326026.665: [GC (Allocation Failure) 326026.665: [ParNew: 424175K->4762K(471872K), 0.0063177 secs] 1717141K->1299910K(4141888K), 0.0064223 secs] [Times: user=0.04 sys=0.00, real=0.00 secs] 
326033.139: [GC (Allocation Failure) 326033.139: [ParNew: 424218K->5456K(471872K), 0.0073561 secs] 1719366K->1303717K(4141888K), 0.0074627 secs] [Times: user=0.05 sys=0.00, real=0.01 secs] 
326036.016: [GC (Allocation Failure) 326036.016: [ParNew: 424912K->17648K(471872K), 0.0063953 secs] 1723173K->1317211K(4141888K), 0.0065083 secs] [Times: user=0.04 sys=0.00, real=0.00 secs] 
326038.087: [GC (Allocation Failure) 326038.087: [ParNew: 437104K->24104K(471872K), 0.0076579 secs] 1736667K->1324734K(4141888K), 0.0077647 secs] [Times: user=0.05 sys=0.00, real=0.01 secs] 
326040.140: [GC (Allocation Failure) 326040.140: [ParNew: 443497K->14587K(471872K), 0.0058588 secs] 1744127K->1315674K(4141888K), 0.0059577 secs] [Times: user=0.05 sys=0.00, real=0.01 secs] 
326041.265: [GC (Allocation Failure) 326041.265: [ParNew: 434043K->17974K(471872K), 0.0072621 secs] 1735130K->1319989K(4141888K), 0.0073838 secs] [Times: user=0.04 sys=0.00, real=0.00 secs] 
326041.678: [GC (Allocation Failure) 326041.678: [ParNew: 437430K->12382K(471872K), 0.0086280 secs] 1739445K->1314805K(4141888K), 0.0087329 secs] [Times: user=0.03 sys=0.00, real=0.01 secs] 
326042.504: [GC (Allocation Failure) 326042.504: [ParNew: 431838K->7367K(471872K), 0.0053906 secs] 1734261K->1310053K(4141888K), 0.0054821 secs] [Times: user=0.03 sys=0.00, real=0.00 secs] 
326043.249: [GC (Allocation Failure) 326043.249: [ParNew: 426823K->26365K(471872K), 0.0088553 secs] 1729509K->1329315K(4141888K), 0.0089686 secs] [Times: user=0.07 sys=0.00, real=0.01 secs] 
326043.655: [GC (Allocation Failure) 326043.655: [ParNew: 445821K->10062K(471872K), 0.0059291 secs] 1748771K->1318291K(4141888K), 0.0060210 secs] [Times: user=0.04 sys=0.00, real=0.00 secs] 
326044.195: [GC (Allocation Failure) 326044.195: [ParNew: 429518K->6272K(471872K), 0.0047526 secs] 1737747K->1316873K(4141888K), 0.0048415 secs] [Times: user=0.04 sys=0.00, real=0.00 secs] 
326044.516: [GC (Allocation Failure) 326044.516: [ParNew: 425728K->5561K(471872K), 0.0051966 secs] 1736329K->1318888K(4141888K), 0.0053067 secs] [Times: user=0.04 sys=0.00, real=0.00 secs] 
326045.036: [GC (GCLocker Initiated GC) 326045.036: [ParNew: 427078K->8791K(471872K), 0.0079359 secs] 1740405K->1324585K(4141888K), 0.0080431 secs] [Times: user=0.06 sys=0.00, real=0.01 secs] 
326045.568: [GC (Allocation Failure) 326045.568: [ParNew: 428247K->6713K(471872K), 0.0064863 secs] 1744041K->1322990K(4141888K), 0.0065926 secs] [Times: user=0.05 sys=0.00, real=0.01 secs] 
326046.097: [GC (Allocation Failure) 326046.097: [ParNew: 426169K->30522K(471872K), 0.0079449 secs] 1742446K->1347252K(4141888K), 0.0080674 secs] [Times: user=0.06 sys=0.00, real=0.01 secs] 
326047.033: [GC (Allocation Failure) 326047.033: [ParNew: 449949K->32266K(471872K), 0.0066211 secs] 1766679K->1351593K(4141888K), 0.0067401 secs] [Times: user=0.05 sys=0.00, real=0.01 secs] 
326048.060: [GC (Allocation Failure) 326048.060: [ParNew: 451722K->22602K(471872K), 0.0057434 secs] 1771049K->1342727K(4141888K), 0.0058488 secs] [Times: user=0.04 sys=0.01, real=0.01 secs] 
326048.477: [GC (Allocation Failure) 326048.477: [ParNew: 442058K->22762K(471872K), 0.0056733 secs] 1762183K->1345907K(4141888K), 0.0057943 secs] [Times: user=0.04 sys=0.00, real=0.00 secs] 
326050.199: [GC (Allocation Failure) 326050.199: [ParNew: 442218K->23062K(471872K), 0.0100419 secs] 1765363K->1346317K(4141888K), 0.0101281 secs] [Times: user=0.06 sys=0.00, real=0.01 secs] 
326051.395: [GC (Allocation Failure) 326051.396: [ParNew: 442518K->13834K(471872K), 0.0106032 secs] 1765773K->1337667K(4141888K), 0.0107205 secs] [Times: user=0.05 sys=0.00, real=0.01 secs] 
326052.097: [GC (Allocation Failure) 326052.097: [ParNew: 433290K->8288K(471872K), 0.0114644 secs] 1757123K->1333014K(4141888K), 0.0115642 secs] [Times: user=0.05 sys=0.00, real=0.01 secs] 
326054.244: [GC (Allocation Failure) 326054.244: [ParNew: 426498K->20849K(471872K), 0.0140328 secs] 1751223K->1345837K(4141888K), 0.0141481 secs] [Times: user=0.07 sys=0.00, real=0.01 secs] 
326055.382: [GC (Allocation Failure) 326055.382: [ParNew: 440305K->14788K(471872K), 0.0091138 secs] 1765293K->1340785K(4141888K), 0.0092349 secs] [Times: user=0.05 sys=0.00, real=0.01 secs] 
326055.819: [GC (Allocation Failure) 326055.820: [ParNew: 434244K->18873K(471872K), 0.0103909 secs] 1760241K->1345494K(4141888K), 0.0105073 secs] [Times: user=0.06 sys=0.00, real=0.01 secs] 
326058.343: [GC (Allocation Failure) 326058.344: [ParNew: 438329K->23153K(471872K), 0.0207567 secs] 1764950K->1350375K(4141888K), 0.0208779 secs] [Times: user=0.08 sys=0.00, real=0.03 secs] 
326059.480: [GC (Allocation Failure) 326059.480: [ParNew: 442609K->14654K(471872K), 0.0081306 secs] 1769831K->1342742K(4141888K), 0.0082501 secs] [Times: user=0.05 sys=0.00, real=0.01 secs] 
326061.173: [GC (Allocation Failure) 326061.173: [ParNew: 434110K->18056K(471872K), 0.0094137 secs] 1762198K->1346561K(4141888K), 0.0095682 secs] [Times: user=0.06 sys=0.00, real=0.01 secs] 
326062.349: [GC (Allocation Failure) 326062.349: [ParNew: 437512K->22374K(471872K), 0.0238274 secs] 1766017K->1352053K(4141888K), 0.0239577 secs] [Times: user=0.06 sys=0.00, real=0.02 secs] 
326063.244: [GC (Allocation Failure) 326063.244: [ParNew: 439739K->26356K(471872K), 0.0148520 secs] 1769418K->1357248K(4141888K), 0.0149714 secs] [Times: user=0.06 sys=0.00, real=0.01 secs] 
326064.265: [GC (Allocation Failure) 326064.265: [ParNew: 445812K->13529K(471872K), 0.0090100 secs] 1776704K->1344995K(4141888K), 0.0090972 secs] [Times: user=0.05 sys=0.00, real=0.01 secs] 
326064.782: [GC (Allocation Failure) 326064.783: [ParNew: 432985K->13673K(471872K), 0.0075390 secs] 1764451K->1345557K(4141888K), 0.0076446 secs] [Times: user=0.04 sys=0.00, real=0.01 secs] 
326065.370: [GC (Allocation Failure) 326065.370: [ParNew: 433129K->21307K(471872K), 0.0177055 secs] 1765013K->1353410K(4141888K), 0.0178450 secs] [Times: user=0.06 sys=0.00, real=0.02 secs] 
326066.450: [GC (Allocation Failure) 326066.450: [ParNew: 440763K->23862K(471872K), 0.0058994 secs] 1772866K->1356154K(4141888K), 0.0060000 secs] [Times: user=0.04 sys=0.00, real=0.01 secs] 
326068.134: [GC (Allocation Failure) 326068.134: [ParNew: 443318K->21485K(471872K), 0.0056713 secs] 1775610K->1354575K(4141888K), 0.0057832 secs] [Times: user=0.04 sys=0.00, real=0.00 secs] 
326069.131: [GC (Allocation Failure) 326069.131: [ParNew: 440941K->26183K(471872K), 0.0074876 secs] 1774031K->1359877K(4141888K), 0.0076243 secs] [Times: user=0.05 sys=0.00, real=0.01 secs] 
326070.102: [GC (Allocation Failure) 326070.102: [ParNew: 444315K->18845K(471872K), 0.0091852 secs] 1778010K->1352896K(4141888K), 0.0093324 secs] [Times: user=0.06 sys=0.00, real=0.01 secs] 
326071.245: [GC (Allocation Failure) 326071.246: [ParNew: 438226K->7230K(471872K), 0.0060418 secs] 1772277K->1341954K(4141888K), 0.0061396 secs] [Times: user=0.03 sys=0.00, real=0.00 secs] 
326071.656: [GC (Allocation Failure) 326071.656: [ParNew: 426686K->16227K(471872K), 0.0092785 secs] 1761410K->1351865K(4141888K), 0.0093818 secs] [Times: user=0.06 sys=0.00, real=0.01 secs] 
326072.340: [GC (Allocation Failure) 326072.340: [ParNew: 435683K->25932K(471872K), 0.0063672 secs] 1771321K->1361654K(4141888K), 0.0064722 secs] [Times: user=0.04 sys=0.00, real=0.01 secs] 
326073.375: [GC (Allocation Failure) 326073.375: [ParNew: 445388K->26050K(471872K), 0.0059039 secs] 1781110K->1362063K(4141888K), 0.0060045 secs] [Times: user=0.04 sys=0.01, real=0.00 secs] 
326074.187: [GC (Allocation Failure) 326074.187: [ParNew: 441659K->26186K(471872K), 0.0064008 secs] 1777673K->1362966K(4141888K), 0.0065143 secs] [Times: user=0.05 sys=0.00, real=0.01 secs] 
326074.568: [GC (Allocation Failure) 326074.568: [ParNew: 445642K->23869K(471872K), 0.0076043 secs] 1782422K->1360958K(4141888K), 0.0077161 secs] [Times: user=0.06 sys=0.00, real=0.01 secs] 
326075.613: [GC (Allocation Failure) 326075.613: [ParNew: 443325K->28123K(471872K), 0.0063526 secs] 1780414K->1365854K(4141888K), 0.0064624 secs] [Times: user=0.05 sys=0.00, real=0.01 secs] 
326077.057: [GC (Allocation Failure) 326077.057: [ParNew: 446740K->29631K(471872K), 0.0068931 secs] 1784471K->1367636K(4141888K), 0.0070175 secs] [Times: user=0.05 sys=0.00, real=0.01 secs] 
326078.211: [GC (Allocation Failure) 326078.211: [ParNew: 449087K->24981K(471872K), 0.0051597 secs] 1787092K->1364658K(4141888K), 0.0052574 secs] [Times: user=0.04 sys=0.00, real=0.01 secs] 
326079.231: [GC (Allocation Failure) 326079.231: [ParNew: 444437K->16586K(471872K), 0.0071576 secs] 1784114K->1356948K(4141888K), 0.0072613 secs] [Times: user=0.05 sys=0.00, real=0.01 secs] 
326080.230: [GC (Allocation Failure) 326080.230: [ParNew: 434683K->30577K(471872K), 0.0067074 secs] 1775045K->1371449K(4141888K), 0.0068394 secs] [Times: user=0.05 sys=0.00, real=0.01 secs] 
326080.656: [GC (Allocation Failure) 326080.656: [ParNew: 448031K->30535K(471872K), 0.0058552 secs] 1788903K->1372319K(4141888K), 0.0059624 secs] [Times: user=0.05 sys=0.01, real=0.00 secs] 
326081.843: [GC (Allocation Failure) 326081.843: [ParNew: 449991K->7001K(471872K), 0.0048478 secs] 1791775K->1348873K(4141888K), 0.0049367 secs] [Times: user=0.03 sys=0.00, real=0.01 secs] 
326083.667: [GC (Allocation Failure) 326083.667: [ParNew: 426457K->4532K(471872K), 0.0050374 secs] 1768329K->1346895K(4141888K), 0.0051250 secs] [Times: user=0.03 sys=0.01, real=0.00 secs] 
326084.529: [GC (Allocation Failure) 326084.529: [ParNew: 423988K->21833K(471872K), 0.0076748 secs] 1766351K->1365413K(4141888K), 0.0077861 secs] [Times: user=0.05 sys=0.00, real=0.01 secs] 
326094.078: [GC (Allocation Failure) 326094.078: [ParNew: 441289K->6430K(471872K), 0.0062248 secs] 1784869K->1352378K(4141888K), 0.0063277 secs] [Times: user=0.05 sys=0.00, real=0.01 secs] 
326103.720: [GC (Allocation Failure) 326103.720: [ParNew: 425817K->9518K(471872K), 0.0113210 secs] 1771765K->1358308K(4141888K), 0.0114475 secs] [Times: user=0.07 sys=0.01, real=0.01 secs] 
326105.724: [GC (Allocation Failure) 326105.724: [ParNew: 428974K->7935K(471872K), 0.0072966 secs] 1777764K->1359533K(4141888K), 0.0074079 secs] [Times: user=0.05 sys=0.00, real=0.00 secs] 
326109.668: [GC (Allocation Failure) 326109.668: [ParNew: 427391K->19964K(471872K), 0.0056522 secs] 1778989K->1372053K(4141888K), 0.0057577 secs] [Times: user=0.04 sys=0.00, real=0.00 secs] 
326111.699: [GC (Allocation Failure) 326111.699: [ParNew: 439294K->9505K(471872K), 0.0080753 secs] 1791383K->1363379K(4141888K), 0.0082233 secs] [Times: user=0.05 sys=0.00, real=0.01 secs] 
326113.875: [GC (Allocation Failure) 326113.875: [ParNew: 428961K->3212K(471872K), 0.0066302 secs] 1782835K->1360081K(4141888K), 0.0067262 secs] [Times: user=0.05 sys=0.00, real=0.00 secs] 
326117.446: [GC (Allocation Failure) 326117.446: [ParNew: 422668K->3144K(471872K), 0.0064601 secs] 1779537K->1361456K(4141888K), 0.0065621 secs] [Times: user=0.05 sys=0.00, real=0.00 secs] 
326118.911: [GC (Allocation Failure) 326118.911: [ParNew: 422600K->2351K(471872K), 0.0054343 secs] 1780912K->1361848K(4141888K), 0.0055309 secs] [Times: user=0.04 sys=0.00, real=0.01 secs] 
326120.733: [GC (Allocation Failure) 326120.733: [ParNew: 421807K->4371K(471872K), 0.0065551 secs] 1781304K->1364304K(4141888K), 0.0066817 secs] [Times: user=0.04 sys=0.00, real=0.01 secs] 
326123.067: [GC (Allocation Failure) 326123.067: [ParNew: 423827K->8393K(471872K), 0.0057556 secs] 1783760K->1369448K(4141888K), 0.0058545 secs] [Times: user=0.04 sys=0.00, real=0.00 secs] 
326125.128: [GC (Allocation Failure) 326125.129: [ParNew: 427849K->11713K(471872K), 0.0073729 secs] 1788904K->1373569K(4141888K), 0.0074848 secs] [Times: user=0.05 sys=0.00, real=0.01 secs] 
326125.613: [GC (Allocation Failure) 326125.613: [ParNew: 431169K->7516K(471872K), 0.0055704 secs] 1793025K->1376625K(4141888K), 0.0056720 secs] [Times: user=0.04 sys=0.00, real=0.01 secs] 
326125.890: [GC (Allocation Failure) 326125.890: [ParNew: 426972K->7382K(471872K), 0.0049949 secs] 1796081K->1376917K(4141888K), 0.0050873 secs] [Times: user=0.04 sys=0.00, real=0.01 secs] 
326126.613: [GC (Allocation Failure) 326126.613: [ParNew: 426838K->6220K(471872K), 0.0057579 secs] 1796373K->1375972K(4141888K), 0.0058504 secs] [Times: user=0.04 sys=0.00, real=0.01 secs] 
326127.053: [GC (Allocation Failure) 326127.053: [ParNew: 425676K->4633K(471872K), 0.0079262 secs] 1795428K->1374996K(4141888K), 0.0080222 secs] [Times: user=0.06 sys=0.00, real=0.01 secs] 
326127.684: [GC (Allocation Failure) 326127.684: [ParNew: 424090K->9486K(471872K), 0.0057300 secs] 1794453K->1380335K(4141888K), 0.0058271 secs] [Times: user=0.04 sys=0.00, real=0.00 secs] 
326127.691: [GC (GCLocker Initiated GC) 326127.691: [ParNew: 11262K->830K(471872K), 0.0064877 secs] 1382111K->1376354K(4141888K), 0.0065537 secs] [Times: user=0.04 sys=0.00, real=0.01 secs] 
326128.760: [GC (Allocation Failure) 326128.760: [ParNew: 420286K->9529K(471872K), 0.0057871 secs] 1795810K->1385057K(4141888K), 0.0059173 secs] [Times: user=0.04 sys=0.00, real=0.01 secs] 
326131.728: [GC (Allocation Failure) 326131.728: [ParNew: 428985K->7681K(471872K), 0.0076791 secs] 1804513K->1386825K(4141888K), 0.0077851 secs] [Times: user=0.05 sys=0.00, real=0.01 secs] 
326133.787: [GC (Allocation Failure) 326133.787: [ParNew: 426702K->5966K(471872K), 0.0066693 secs] 1805846K->1386539K(4141888K), 0.0067721 secs] [Times: user=0.05 sys=0.00, real=0.01 secs] 
326136.665: [GC (Allocation Failure) 326136.665: [ParNew: 425422K->12095K(471872K), 0.0061321 secs] 1805995K->1393314K(4141888K), 0.0062349 secs] [Times: user=0.04 sys=0.00, real=0.00 secs] 
326138.788: [GC (Allocation Failure) 326138.788: [ParNew: 431551K->9304K(471872K), 0.0060267 secs] 1812770K->1391409K(4141888K), 0.0061429 secs] [Times: user=0.04 sys=0.00, real=0.01 secs] 
326141.631: [GC (Allocation Failure) 326141.631: [ParNew: 428760K->5974K(471872K), 0.0055452 secs] 1810865K->1389690K(4141888K), 0.0056519 secs] [Times: user=0.04 sys=0.01, real=0.01 secs] 
326143.147: [GC (Allocation Failure) 326143.147: [ParNew: 425430K->2615K(471872K), 0.0060751 secs] 1809146K->1387146K(4141888K), 0.0061802 secs] [Times: user=0.04 sys=0.00, real=0.00 secs] 
326145.676: [GC (Allocation Failure) 326145.676: [ParNew: 421551K->7686K(471872K), 0.0056448 secs] 1806082K->1392821K(4141888K), 0.0057556 secs] [Times: user=0.04 sys=0.00, real=0.00 secs] 
326148.599: [GC (Allocation Failure) 326148.599: [ParNew: 427142K->3036K(471872K), 0.0051919 secs] 1812277K->1389232K(4141888K), 0.0052745 secs] [Times: user=0.04 sys=0.01, real=0.01 secs] 
326150.888: [GC (Allocation Failure) 326150.888: [ParNew: 422492K->6249K(471872K), 0.0053167 secs] 1808688K->1393391K(4141888K), 0.0054192 secs] [Times: user=0.03 sys=0.00, real=0.00 secs] 
326152.999: [GC (Allocation Failure) 326152.999: [ParNew: 425705K->7347K(471872K), 0.0058467 secs] 1812847K->1395570K(4141888K), 0.0059492 secs] [Times: user=0.04 sys=0.00, real=0.01 secs] 
326154.784: [GC (Allocation Failure) 326154.784: [ParNew: 426803K->11770K(471872K), 0.0064767 secs] 1815026K->1400672K(4141888K), 0.0066011 secs] [Times: user=0.05 sys=0.00, real=0.00 secs] 
326155.853: [GC (Allocation Failure) 326155.853: [ParNew: 431226K->9020K(471872K), 0.0061306 secs] 1820128K->1398683K(4141888K), 0.0062316 secs] [Times: user=0.04 sys=0.00, real=0.01 secs] 
326159.697: [GC (Allocation Failure) 326159.698: [ParNew: 428476K->7059K(471872K), 0.0055478 secs] 1818139K->1397297K(4141888K), 0.0056566 secs] [Times: user=0.04 sys=0.00, real=0.00 secs] 
326161.701: [GC (Allocation Failure) 326161.701: [ParNew: 426515K->7075K(471872K), 0.0056260 secs] 1816753K->1398920K(4141888K), 0.0057407 secs] [Times: user=0.04 sys=0.00, real=0.01 secs] 
326164.212: [GC (Allocation Failure) 326164.212: [ParNew: 426531K->6232K(471872K), 0.0053976 secs] 1818376K->1398625K(4141888K), 0.0055023 secs] [Times: user=0.04 sys=0.00, real=0.01 secs] 
326167.065: [GC (Allocation Failure) 326167.065: [ParNew: 423723K->24069K(471872K), 0.0071608 secs] 1816117K->1418802K(4141888K), 0.0072662 secs] [Times: user=0.06 sys=0.00, real=0.00 secs] 
326168.258: [GC (Allocation Failure) 326168.258: [ParNew: 443525K->20439K(471872K), 0.0088118 secs] 1838258K->1416227K(4141888K), 0.0089255 secs] [Times: user=0.06 sys=0.00, real=0.01 secs] 
326173.158: [GC (Allocation Failure) 326173.158: [ParNew: 439895K->26808K(471872K), 0.0081086 secs] 1835683K->1422924K(4141888K), 0.0082115 secs] [Times: user=0.06 sys=0.00, real=0.01 secs] 
326176.079: [GC (Allocation Failure) 326176.079: [ParNew: 446264K->22701K(471872K), 0.0092152 secs] 1842380K->1423241K(4141888K), 0.0093214 secs] [Times: user=0.07 sys=0.00, real=0.01 secs] 
326178.227: [GC (Allocation Failure) 326178.228: [ParNew: 440043K->31823K(471872K), 0.0063403 secs] 1840583K->1433643K(4141888K), 0.0064449 secs] [Times: user=0.05 sys=0.00, real=0.01 secs] 
326179.349: [GC (Allocation Failure) 326179.349: [ParNew: 451279K->19809K(471872K), 0.0059151 secs] 1853099K->1422403K(4141888K), 0.0060056 secs] [Times: user=0.04 sys=0.00, real=0.01 secs] 
326180.344: [GC (Allocation Failure) 326180.344: [ParNew: 439265K->23526K(471872K), 0.0069884 secs] 1841859K->1426444K(4141888K), 0.0070960 secs] [Times: user=0.05 sys=0.00, real=0.00 secs] 
326183.050: [GC (Allocation Failure) 326183.050: [ParNew: 442982K->25064K(471872K), 0.0058391 secs] 1845900K->1428764K(4141888K), 0.0059473 secs] [Times: user=0.04 sys=0.00, real=0.01 secs] 
326183.339: [GC (Allocation Failure) 326183.339: [ParNew: 444520K->20923K(471872K), 0.0092546 secs] 1848220K->1425597K(4141888K), 0.0093580 secs] [Times: user=0.07 sys=0.00, real=0.01 secs] 
326184.427: [GC (Allocation Failure) 326184.427: [ParNew: 440379K->20153K(471872K), 0.0085609 secs] 1845053K->1425046K(4141888K), 0.0086624 secs] [Times: user=0.06 sys=0.00, real=0.01 secs] 
326186.043: [GC (Allocation Failure) 326186.043: [ParNew: 438013K->30688K(471872K), 0.0065193 secs] 1842905K->1435923K(4141888K), 0.0066421 secs] [Times: user=0.04 sys=0.00, real=0.01 secs] 
326187.347: [GC (Allocation Failure) 326187.347: [ParNew: 450144K->30976K(471872K), 0.0079304 secs] 1855379K->1436786K(4141888K), 0.0080808 secs] [Times: user=0.05 sys=0.00, real=0.01 secs] 
326188.381: [GC (Allocation Failure) 326188.381: [ParNew: 450432K->23886K(471872K), 0.0062351 secs] 1856242K->1430659K(4141888K), 0.0063365 secs] [Times: user=0.04 sys=0.00, real=0.01 secs] 
326190.054: [GC (Allocation Failure) 326190.054: [ParNew: 443342K->20673K(471872K), 0.0056945 secs] 1850115K->1427746K(4141888K), 0.0057958 secs] [Times: user=0.04 sys=0.00, real=0.01 secs] 
326190.839: [GC (Allocation Failure) 326190.839: [ParNew: 440129K->6218K(471872K), 0.0043721 secs] 1847202K->1414020K(4141888K), 0.0044791 secs] [Times: user=0.04 sys=0.00, real=0.01 secs] 
326191.530: [GC (Allocation Failure) 326191.530: [ParNew: 425674K->22137K(471872K), 0.0074620 secs] 1833476K->1430237K(4141888K), 0.0075763 secs] [Times: user=0.06 sys=0.00, real=0.01 secs] 
326192.291: [GC (Allocation Failure) 326192.291: [ParNew: 441593K->23526K(471872K), 0.0067525 secs] 1849693K->1431931K(4141888K), 0.0068750 secs] [Times: user=0.04 sys=0.00, real=0.01 secs] 
326193.135: [GC (Allocation Failure) 326193.135: [ParNew: 442982K->31001K(471872K), 0.0111122 secs] 1851387K->1439971K(4141888K), 0.0112164 secs] [Times: user=0.08 sys=0.00, real=0.01 secs] 
326194.990: [GC (Allocation Failure) 326194.990: [ParNew: 450457K->27383K(471872K), 0.0058971 secs] 1859427K->1437226K(4141888K), 0.0060066 secs] [Times: user=0.04 sys=0.00, real=0.01 secs] 
326197.009: [GC (Allocation Failure) 326197.009: [ParNew: 446839K->9883K(471872K), 0.0051854 secs] 1856682K->1420501K(4141888K), 0.0052863 secs] [Times: user=0.04 sys=0.00, real=0.01 secs] 
326197.431: [GC (Allocation Failure) 326197.431: [ParNew: 429339K->28333K(471872K), 0.0079582 secs] 1839957K->1440243K(4141888K), 0.0080724 secs] [Times: user=0.06 sys=0.00, real=0.01 secs] 
326199.115: [GC (Allocation Failure) 326199.115: [ParNew: 447789K->28427K(471872K), 0.0067995 secs] 1859699K->1440476K(4141888K), 0.0069167 secs] [Times: user=0.05 sys=0.00, real=0.00 secs] 
326200.167: [GC (Allocation Failure) 326200.167: [ParNew: 447883K->25518K(471872K), 0.0053580 secs] 1859932K->1438750K(4141888K), 0.0054572 secs] [Times: user=0.04 sys=0.00, real=0.00 secs] 
326201.305: [GC (Allocation Failure) 326201.305: [ParNew: 443630K->22385K(471872K), 0.0065176 secs] 1856863K->1436444K(4141888K), 0.0066515 secs] [Times: user=0.05 sys=0.00, real=0.00 secs] 
326202.403: [GC (Allocation Failure) 326202.403: [ParNew: 441841K->33920K(471872K), 0.0089468 secs] 1855900K->1448459K(4141888K), 0.0090831 secs] [Times: user=0.07 sys=0.00, real=0.01 secs] 
326202.857: [GC (Allocation Failure) 326202.857: [ParNew: 453376K->27762K(471872K), 0.0080248 secs] 1867915K->1442733K(4141888K), 0.0081305 secs] [Times: user=0.06 sys=0.00, real=0.01 secs] 
326205.174: [GC (Allocation Failure) 326205.174: [ParNew: 447218K->39254K(471872K), 0.0106800 secs] 1862189K->1454375K(4141888K), 0.0108250 secs] [Times: user=0.08 sys=0.00, real=0.02 secs] 
326207.773: [GC (Allocation Failure) 326207.773: [ParNew: 458710K->14890K(471872K), 0.0051773 secs] 1873831K->1431180K(4141888K), 0.0052758 secs] [Times: user=0.04 sys=0.00, real=0.01 secs] 
326209.277: [GC (Allocation Failure) 326209.277: [ParNew: 432264K->24838K(471872K), 0.0065884 secs] 1848555K->1442108K(4141888K), 0.0066935 secs] [Times: user=0.05 sys=0.00, real=0.01 secs] 
326210.453: [GC (Allocation Failure) 326210.453: [ParNew: 444294K->21292K(471872K), 0.0080046 secs] 1861564K->1439085K(4141888K), 0.0081022 secs] [Times: user=0.05 sys=0.01, real=0.01 secs] 
326212.155: [GC (Allocation Failure) 326212.155: [ParNew: 440748K->31376K(471872K), 0.0056455 secs] 1858541K->1449506K(4141888K), 0.0057426 secs] [Times: user=0.05 sys=0.00, real=0.00 secs] 
326213.133: [GC (Allocation Failure) 326213.133: [ParNew: 450832K->21621K(471872K), 0.0059677 secs] 1868962K->1440898K(4141888K), 0.0060682 secs] [Times: user=0.05 sys=0.00, real=0.01 secs] 
326214.189: [GC (Allocation Failure) 326214.189: [ParNew: 441074K->26936K(471872K), 0.0067305 secs] 1860351K->1446705K(4141888K), 0.0068469 secs] [Times: user=0.05 sys=0.00, real=0.01 secs] 
326214.604: [GC (Allocation Failure) 326214.604: [ParNew: 443554K->28107K(471872K), 0.0061369 secs] 1863323K->1448384K(4141888K), 0.0062527 secs] [Times: user=0.05 sys=0.00, real=0.00 secs] 
326220.981: [GC (Allocation Failure) 326220.981: [ParNew: 447563K->7112K(471872K), 0.0055393 secs] 1867840K->1427475K(4141888K), 0.0056414 secs] [Times: user=0.04 sys=0.00, real=0.01 secs] 
326232.475: [GC (Allocation Failure) 326232.475: [ParNew: 426568K->5302K(471872K), 0.0081429 secs] 1846931K->1429616K(4141888K), 0.0082467 secs] [Times: user=0.06 sys=0.00, real=0.00 secs] 
326240.212: [GC (Allocation Failure) 326240.212: [ParNew: 424758K->7732K(471872K), 0.0092535 secs] 1849072K->1435485K(4141888K), 0.0093585 secs] [Times: user=0.06 sys=0.00, real=0.01 secs] 
326252.288: [GC (Allocation Failure) 326252.289: [ParNew: 427188K->5673K(471872K), 0.0088804 secs] 1854941K->1438411K(4141888K), 0.0089920 secs] [Times: user=0.07 sys=0.00, real=0.01 secs] 
326260.351: [GC (Allocation Failure) 326260.351: [ParNew: 425129K->9798K(471872K), 0.0106113 secs] 1857867K->1445919K(4141888K), 0.0107157 secs] [Times: user=0.08 sys=0.00, real=0.01 secs] 
326270.931: [GC (Allocation Failure) 326270.931: [ParNew: 429254K->7350K(471872K), 0.0121319 secs] 1865375K->1446200K(4141888K), 0.0122342 secs] [Times: user=0.07 sys=0.00, real=0.01 secs] 
326281.158: [GC (Allocation Failure) 326281.158: [ParNew: 426806K->6250K(471872K), 0.0085466 secs] 1865656K->1448263K(4141888K), 0.0086519 secs] [Times: user=0.06 sys=0.00, real=0.01 secs] 
326289.047: [GC (Allocation Failure) 326289.047: [ParNew: 425706K->4937K(471872K), 0.0091181 secs] 1867719K->1450186K(4141888K), 0.0092189 secs] [Times: user=0.06 sys=0.00, real=0.01 secs] 
326295.229: [GC (Allocation Failure) 326295.229: [ParNew: 424393K->6949K(471872K), 0.0092087 secs] 1869642K->1454553K(4141888K), 0.0093184 secs] [Times: user=0.07 sys=0.00, real=0.01 secs] 
326310.992: [GC (Allocation Failure) 326310.992: [ParNew: 426405K->6258K(471872K), 0.0093851 secs] 1874009K->1458641K(4141888K), 0.0094994 secs] [Times: user=0.07 sys=0.00, real=0.01 secs] 
326320.416: [GC (Allocation Failure) 326320.416: [ParNew: 425714K->7318K(471872K), 0.0130754 secs] 1878097K->1463970K(4141888K), 0.0131868 secs] [Times: user=0.07 sys=0.00, real=0.01 secs] 
326332.410: [GC (Allocation Failure) 326332.410: [ParNew: 426774K->5470K(471872K), 0.0095197 secs] 1883426K->1464947K(4141888K), 0.0096290 secs] [Times: user=0.06 sys=0.00, real=0.01 secs] 
326343.092: [GC (Allocation Failure) 326343.092: [ParNew: 424926K->5384K(471872K), 0.0105261 secs] 1884403K->1468835K(4141888K), 0.0106389 secs] [Times: user=0.08 sys=0.00, real=0.01 secs] 
326354.119: [GC (Allocation Failure) 326354.119: [ParNew: 424840K->5223K(471872K), 0.0106665 secs] 1888291K->1471308K(4141888K), 0.0107962 secs] [Times: user=0.06 sys=0.00, real=0.01 secs] 
326363.774: [GC (Allocation Failure) 326363.774: [ParNew: 424679K->7688K(471872K), 0.0097169 secs] 1890764K->1476436K(4141888K), 0.0098226 secs] [Times: user=0.06 sys=0.00, real=0.01 secs] 
326378.788: [GC (Allocation Failure) 326378.788: [ParNew: 427144K->5385K(471872K), 0.0095842 secs] 1895892K->1478821K(4141888K), 0.0096832 secs] [Times: user=0.05 sys=0.00, real=0.01 secs] 
326389.171: [GC (Allocation Failure) 326389.171: [ParNew: 424841K->4822K(471872K), 0.0073537 secs] 1898277K->1481257K(4141888K), 0.0074531 secs] [Times: user=0.06 sys=0.00, real=0.01 secs] 
326402.431: [GC (Allocation Failure) 326402.431: [ParNew: 424278K->5081K(471872K), 0.0075908 secs] 1900713K->1484167K(4141888K), 0.0076949 secs] [Times: user=0.05 sys=0.00, real=0.01 secs] 
326413.065: [GC (Allocation Failure) 326413.065: [ParNew: 424537K->5002K(471872K), 0.0086042 secs] 1903623K->1486861K(4141888K), 0.0086996 secs] [Times: user=0.06 sys=0.00, real=0.00 secs] 
326417.801: [GC (Allocation Failure) 326417.801: [ParNew: 424458K->6255K(471872K), 0.0066073 secs] 1906317K->1490329K(4141888K), 0.0067043 secs] [Times: user=0.05 sys=0.00, real=0.01 secs] 
326433.051: [GC (Allocation Failure) 326433.051: [ParNew: 425708K->4470K(471872K), 0.0070805 secs] 1909782K->1492387K(4141888K), 0.0071911 secs] [Times: user=0.05 sys=0.00, real=0.01 secs] 
326443.061: [GC (Allocation Failure) 326443.061: [ParNew: 423926K->4667K(471872K), 0.0070129 secs] 1911843K->1495803K(4141888K), 0.0071082 secs] [Times: user=0.05 sys=0.01, real=0.01 secs] 
326453.140: [GC (Allocation Failure) 326453.140: [ParNew: 424123K->4808K(471872K), 0.0076684 secs] 1915259K->1497959K(4141888K), 0.0077682 secs] [Times: user=0.06 sys=0.00, real=0.01 secs] 
326459.822: [GC (Allocation Failure) 326459.822: [ParNew: 424264K->11480K(471872K), 0.0099277 secs] 1917415K->1507376K(4141888K), 0.0100401 secs] [Times: user=0.06 sys=0.00, real=0.01 secs] 
326460.391: [GC (Allocation Failure) 326460.391: [ParNew: 430936K->7374K(471872K), 0.0097671 secs] 1926832K->1508792K(4141888K), 0.0098650 secs] [Times: user=0.05 sys=0.00, real=0.01 secs] 
326460.999: [GC (Allocation Failure) 326460.999: [ParNew: 426830K->3764K(471872K), 0.0049842 secs] 1928248K->1507681K(4141888K), 0.0050733 secs] [Times: user=0.04 sys=0.00, real=0.00 secs] 
326461.715: [GC (Allocation Failure) 326461.715: [ParNew: 423220K->4421K(471872K), 0.0080453 secs] 1927137K->1508792K(4141888K), 0.0081708 secs] [Times: user=0.06 sys=0.00, real=0.00 secs] 
326462.308: [GC (Allocation Failure) 326462.308: [ParNew: 423877K->4407K(471872K), 0.0062285 secs] 1928248K->1509356K(4141888K), 0.0063253 secs] [Times: user=0.04 sys=0.00, real=0.01 secs] 
326463.132: [GC (Allocation Failure) 326463.132: [ParNew: 423863K->2774K(471872K), 0.0049365 secs] 1928812K->1508385K(4141888K), 0.0050235 secs] [Times: user=0.04 sys=0.00, real=0.01 secs] 
326475.119: [GC (Allocation Failure) 326475.119: [ParNew: 422230K->4614K(471872K), 0.0065882 secs] 1927841K->1510610K(4141888K), 0.0066886 secs] [Times: user=0.05 sys=0.00, real=0.01 secs] 
326483.147: [GC (Allocation Failure) 326483.147: [ParNew: 424070K->7399K(471872K), 0.0068839 secs] 1930066K->1516951K(4141888K), 0.0069992 secs] [Times: user=0.04 sys=0.00, real=0.00 secs] 
326496.985: [GC (Allocation Failure) 326496.985: [ParNew: 426855K->5313K(471872K), 0.0074619 secs] 1936407K->1519826K(4141888K), 0.0075651 secs] [Times: user=0.06 sys=0.00, real=0.00 secs] 
326504.327: [GC (Allocation Failure) 326504.327: [ParNew: 424769K->6579K(471872K), 0.0071977 secs] 1939282K->1524078K(4141888K), 0.0073047 secs] [Times: user=0.05 sys=0.00, real=0.01 secs] 
326512.587: [GC (Allocation Failure) 326512.587: [ParNew: 426035K->6286K(471872K), 0.0066228 secs] 1943534K->1525625K(4141888K), 0.0067325 secs] [Times: user=0.05 sys=0.00, real=0.00 secs] 
326517.523: [GC (Allocation Failure) 326517.523: [ParNew: 425742K->4287K(471872K), 0.0060679 secs] 1945081K->1526068K(4141888K), 0.0061638 secs] [Times: user=0.04 sys=0.00, real=0.01 secs] 
326525.338: [GC (Allocation Failure) 326525.338: [ParNew: 423743K->3995K(471872K), 0.0059683 secs] 1945524K->1526965K(4141888K), 0.0060725 secs] [Times: user=0.04 sys=0.00, real=0.01 secs] 
326531.368: [GC (Allocation Failure) 326531.369: [ParNew: 423451K->4303K(471872K), 0.0058233 secs] 1946421K->1529316K(4141888K), 0.0059276 secs] [Times: user=0.04 sys=0.00, real=0.01 secs] 
326541.015: [GC (Allocation Failure) 326541.015: [ParNew: 423759K->7621K(471872K), 0.0061221 secs] 1948772K->1533928K(4141888K), 0.0062242 secs] [Times: user=0.05 sys=0.00, real=0.00 secs] 
326553.071: [GC (Allocation Failure) 326553.071: [ParNew: 427077K->5241K(471872K), 0.0080258 secs] 1953384K->1536416K(4141888K), 0.0081402 secs] [Times: user=0.06 sys=0.00, real=0.01 secs] 
326562.807: [GC (Allocation Failure) 326562.807: [ParNew: 424697K->5221K(471872K), 0.0065402 secs] 1955872K->1539143K(4141888K), 0.0066381 secs] [Times: user=0.05 sys=0.00, real=0.01 secs] 
326565.912: [GC (Allocation Failure) 326565.912: [ParNew: 424677K->4156K(471872K), 0.0064381 secs] 1958599K->1540033K(4141888K), 0.0065371 secs] [Times: user=0.05 sys=0.00, real=0.01 secs] 
326574.074: [GC (Allocation Failure) 326574.074: [ParNew: 423612K->3732K(471872K), 0.0058859 secs] 1959489K->1541306K(4141888K), 0.0059840 secs] [Times: user=0.05 sys=0.00, real=0.00 secs] 
326588.801: [GC (Allocation Failure) 326588.801: [ParNew: 423188K->4695K(471872K), 0.0068317 secs] 1960762K->1544311K(4141888K), 0.0069398 secs] [Times: user=0.05 sys=0.01, real=0.01 secs] 
326600.633: [GC (Allocation Failure) 326600.633: [ParNew: 424151K->27763K(471872K), 0.0091688 secs] 1963767K->1570372K(4141888K), 0.0092779 secs] [Times: user=0.07 sys=0.00, real=0.01 secs] 
326613.081: [GC (Allocation Failure) 326613.081: [ParNew: 447219K->8673K(471872K), 0.0111739 secs] 1989828K->1556360K(4141888K), 0.0112886 secs] [Times: user=0.06 sys=0.00, real=0.01 secs] 
326622.452: [GC (Allocation Failure) 326622.452: [ParNew: 428129K->9378K(471872K), 0.0075810 secs] 1975816K->1559556K(4141888K), 0.0076958 secs] [Times: user=0.05 sys=0.00, real=0.01 secs] 
326630.673: [GC (Allocation Failure) 326630.673: [ParNew: 428834K->5821K(471872K), 0.0080841 secs] 1979012K->1558599K(4141888K), 0.0081797 secs] [Times: user=0.05 sys=0.00, real=0.01 secs] 
326643.127: [GC (Allocation Failure) 326643.127: [ParNew: 425277K->4595K(471872K), 0.0082254 secs] 1978055K->1559903K(4141888K), 0.0083322 secs] [Times: user=0.05 sys=0.00, real=0.01 secs] 
326656.375: [GC (Allocation Failure) 326656.375: [ParNew: 424051K->5138K(471872K), 0.0102986 secs] 1979359K->1562880K(4141888K), 0.0104104 secs] [Times: user=0.05 sys=0.01, real=0.01 secs] 
326663.679: [GC (Allocation Failure) 326663.679: [ParNew: 424594K->7228K(471872K), 0.0105819 secs] 1982336K->1567840K(4141888K), 0.0106889 secs] [Times: user=0.05 sys=0.00, real=0.01 secs] 
326678.790: [GC (Allocation Failure) 326678.791: [ParNew: 426684K->4361K(471872K), 0.0098946 secs] 1987296K->1569008K(4141888K), 0.0099862 secs] [Times: user=0.06 sys=0.00, real=0.01 secs] 
326686.365: [GC (Allocation Failure) 326686.365: [ParNew: 423817K->7455K(471872K), 0.0079678 secs] 1988464K->1575279K(4141888K), 0.0080691 secs] [Times: user=0.05 sys=0.00, real=0.00 secs] 
326695.142: [GC (Allocation Failure) 326695.142: [ParNew: 426911K->5391K(471872K), 0.0074225 secs] 1994735K->1575152K(4141888K), 0.0075330 secs] [Times: user=0.05 sys=0.00, real=0.01 secs] 
326707.693: [GC (Allocation Failure) 326707.694: [ParNew: 424847K->8718K(471872K), 0.0114234 secs] 1994608K->1581086K(4141888K), 0.0115276 secs] [Times: user=0.06 sys=0.00, real=0.02 secs] 
326715.549: [GC (Allocation Failure) 326715.550: [ParNew: 428174K->6031K(471872K), 0.0086997 secs] 2000542K->1581187K(4141888K), 0.0088131 secs] [Times: user=0.05 sys=0.01, real=0.01 secs] 
326717.665: [GC (Allocation Failure) 326717.665: [ParNew: 425487K->7046K(471872K), 0.0067040 secs] 2000643K->1583802K(4141888K), 0.0068055 secs] [Times: user=0.05 sys=0.00, real=0.00 secs] 
326721.928: [GC (Allocation Failure) 326721.928: [ParNew: 426502K->4033K(471872K), 0.0052768 secs] 2003258K->1581267K(4141888K), 0.0053631 secs] [Times: user=0.03 sys=0.01, real=0.00 secs] 
326724.491: [GC (Allocation Failure) 326724.491: [ParNew: 423489K->6870K(471872K), 0.0077899 secs] 2000723K->1585374K(4141888K), 0.0078647 secs] [Times: user=0.06 sys=0.00, real=0.01 secs] 
326726.619: [GC (Allocation Failure) 326726.619: [ParNew: 426326K->6559K(471872K), 0.0093131 secs] 2004830K->1588286K(4141888K), 0.0094145 secs] [Times: user=0.06 sys=0.00, real=0.01 secs] 
326729.931: [GC (Allocation Failure) 326729.931: [ParNew: 426015K->8039K(471872K), 0.0057239 secs] 2007742K->1590475K(4141888K), 0.0058098 secs] [Times: user=0.04 sys=0.00, real=0.01 secs] 
326732.496: [GC (Allocation Failure) 326732.497: [ParNew: 427495K->6185K(471872K), 0.0048211 secs] 2009931K->1589324K(4141888K), 0.0049162 secs] [Times: user=0.03 sys=0.00, real=0.00 secs] 
326738.199: [GC (Allocation Failure) 326738.199: [ParNew: 425641K->3067K(471872K), 0.0066813 secs] 2008780K->1586732K(4141888K), 0.0068127 secs] [Times: user=0.05 sys=0.00, real=0.01 secs] 
326741.599: [GC (Allocation Failure) 326741.599: [ParNew: 422523K->3083K(471872K), 0.0059066 secs] 2006188K->1588119K(4141888K), 0.0059981 secs] [Times: user=0.04 sys=0.01, real=0.01 secs] 
326744.470: [GC (Allocation Failure) 326744.470: [ParNew: 422539K->6955K(471872K), 0.0139651 secs] 2007575K->1592706K(4141888K), 0.0140485 secs] [Times: user=0.10 sys=0.00, real=0.02 secs] 
326746.093: [GC (Allocation Failure) 326746.093: [ParNew: 426411K->6214K(471872K), 0.0054233 secs] 2012162K->1593273K(4141888K), 0.0055237 secs] [Times: user=0.04 sys=0.01, real=0.01 secs] 
326747.925: [GC (Allocation Failure) 326747.925: [ParNew: 425670K->4584K(471872K), 0.0046908 secs] 2012729K->1592096K(4141888K), 0.0047931 secs] [Times: user=0.03 sys=0.00, real=0.00 secs] 
326753.137: [GC (Allocation Failure) 326753.137: [ParNew: 424040K->3777K(471872K), 0.0055925 secs] 2011552K->1591726K(4141888K), 0.0056857 secs] [Times: user=0.04 sys=0.01, real=0.00 secs] 
326756.966: [GC (Allocation Failure) 326756.966: [ParNew: 423233K->7365K(471872K), 0.0058561 secs] 2011182K->1597343K(4141888K), 0.0059648 secs] [Times: user=0.05 sys=0.00, real=0.00 secs] 
326763.138: [GC (Allocation Failure) 326763.138: [ParNew: 426821K->4606K(471872K), 0.0061207 secs] 2016799K->1595779K(4141888K), 0.0062384 secs] [Times: user=0.04 sys=0.00, real=0.01 secs] 
326765.463: [GC (Allocation Failure) 326765.463: [ParNew: 424062K->4158K(471872K), 0.0059618 secs] 2015235K->1596942K(4141888K), 0.0060614 secs] [Times: user=0.04 sys=0.00, real=0.01 secs] 
326769.886: [GC (Allocation Failure) 326769.886: [ParNew: 423614K->10044K(471872K), 0.0067800 secs] 2016398K->1603389K(4141888K), 0.0068974 secs] [Times: user=0.04 sys=0.00, real=0.00 secs] 
326771.302: [GC (Allocation Failure) 326771.302: [ParNew: 429009K->6184K(471872K), 0.0103210 secs] 2022355K->1600727K(4141888K), 0.0104402 secs] [Times: user=0.04 sys=0.00, real=0.01 secs] 
326774.915: [GC (Allocation Failure) 326774.915: [ParNew: 425640K->3142K(471872K), 0.0069827 secs] 2020183K->1597985K(4141888K), 0.0070730 secs] [Times: user=0.05 sys=0.00, real=0.00 secs] 
326780.788: [GC (Allocation Failure) 326780.788: [ParNew: 422598K->3641K(471872K), 0.0063448 secs] 2017441K->1599323K(4141888K), 0.0064391 secs] [Times: user=0.03 sys=0.01, real=0.01 secs] 
326784.656: [GC (Allocation Failure) 326784.656: [ParNew: 423097K->9801K(471872K), 0.0068289 secs] 2018779K->1606699K(4141888K), 0.0069276 secs] [Times: user=0.05 sys=0.00, real=0.00 secs] 
326790.633: [GC (Allocation Failure) 326790.633: [ParNew: 429257K->8255K(471872K), 0.0056529 secs] 2026155K->1608630K(4141888K), 0.0057490 secs] [Times: user=0.04 sys=0.00, real=0.01 secs] 
326793.050: [GC (Allocation Failure) 326793.051: [ParNew: 427711K->7578K(471872K), 0.0058659 secs] 2028086K->1609532K(4141888K), 0.0059754 secs] [Times: user=0.04 sys=0.00, real=0.01 secs] 
326793.740: [GC (Allocation Failure) 326793.740: [ParNew: 427034K->4643K(471872K), 0.0054623 secs] 2028988K->1607140K(4141888K), 0.0055579 secs] [Times: user=0.04 sys=0.00, real=0.01 secs] 
326798.562: [GC (Allocation Failure) 326798.563: [ParNew: 424099K->5687K(471872K), 0.0060033 secs] 2026596K->1608514K(4141888K), 0.0060995 secs] [Times: user=0.04 sys=0.00, real=0.01 secs] 
326806.526: [GC (Allocation Failure) 326806.526: [ParNew: 424956K->8178K(471872K), 0.0064234 secs] 2027783K->1612007K(4141888K), 0.0065239 secs] [Times: user=0.04 sys=0.00, real=0.00 secs] 
326812.625: [GC (Allocation Failure) 326812.626: [ParNew: 427634K->5146K(471872K), 0.0055708 secs] 2031463K->1610640K(4141888K), 0.0056667 secs] [Times: user=0.04 sys=0.00, real=0.00 secs] 
326819.712: [GC (Allocation Failure) 326819.712: [ParNew: 424602K->3273K(471872K), 0.0067802 secs] 2030096K->1610587K(4141888K), 0.0068830 secs] [Times: user=0.05 sys=0.00, real=0.01 secs] 
326826.501: [GC (Allocation Failure) 326826.501: [ParNew: 422729K->6052K(471872K), 0.0071878 secs] 2030043K->1614845K(4141888K), 0.0072857 secs] [Times: user=0.05 sys=0.00, real=0.01 secs] 
326833.105: [GC (Allocation Failure) 326833.105: [ParNew: 425508K->3626K(471872K), 0.0067965 secs] 2034301K->1613956K(4141888K), 0.0069058 secs] [Times: user=0.05 sys=0.00, real=0.00 secs] 
326836.992: [GC (Allocation Failure) 326836.992: [ParNew: 423082K->4431K(471872K), 0.0064442 secs] 2033412K->1616232K(4141888K), 0.0065578 secs] [Times: user=0.04 sys=0.00, real=0.01 secs] 
326843.094: [GC (Allocation Failure) 326843.094: [ParNew: 423887K->3758K(471872K), 0.0059883 secs] 2035688K->1616863K(4141888K), 0.0060872 secs] [Times: user=0.04 sys=0.00, real=0.00 secs] 
326847.446: [GC (Allocation Failure) 326847.446: [ParNew: 423214K->6995K(471872K), 0.0070059 secs] 2036319K->1621617K(4141888K), 0.0071145 secs] [Times: user=0.05 sys=0.00, real=0.00 secs] 
326853.319: [GC (Allocation Failure) 326853.319: [ParNew: 426451K->3639K(471872K), 0.0065800 secs] 2041073K->1621729K(4141888K), 0.0066928 secs] [Times: user=0.05 sys=0.00, real=0.01 secs] 
326861.409: [GC (Allocation Failure) 326861.409: [ParNew: 423095K->5534K(471872K), 0.0063757 secs] 2041185K->1625419K(4141888K), 0.0064812 secs] [Times: user=0.05 sys=0.00, real=0.01 secs] 
326864.979: [GC (Allocation Failure) 326864.979: [ParNew: 424990K->4127K(471872K), 0.0065184 secs] 2044875K->1625835K(4141888K), 0.0066340 secs] [Times: user=0.04 sys=0.00, real=0.01 secs] 
326869.745: [GC (Allocation Failure) 326869.745: [ParNew: 423583K->3373K(471872K), 0.0057822 secs] 2045291K->1625977K(4141888K), 0.0058761 secs] [Times: user=0.04 sys=0.00, real=0.00 secs] 
326873.493: [GC (Allocation Failure) 326873.493: [ParNew: 422829K->8182K(471872K), 0.0068570 secs] 2045433K->1631817K(4141888K), 0.0069889 secs] [Times: user=0.05 sys=0.00, real=0.01 secs] 
326879.918: [GC (Allocation Failure) 326879.918: [ParNew: 427638K->4148K(471872K), 0.0056981 secs] 2051273K->1629623K(4141888K), 0.0057965 secs] [Times: user=0.05 sys=0.00, real=0.01 secs] 
326884.046: [GC (Allocation Failure) 326884.046: [ParNew: 423604K->2971K(471872K), 0.0062481 secs] 2049079K->1630404K(4141888K), 0.0063601 secs] [Times: user=0.04 sys=0.00, real=0.00 secs] 
326887.958: [GC (Allocation Failure) 326887.958: [ParNew: 422427K->3406K(471872K), 0.0071306 secs] 2049860K->1632184K(4141888K), 0.0072210 secs] [Times: user=0.04 sys=0.00, real=0.01 secs] 
326893.093: [GC (Allocation Failure) 326893.093: [ParNew: 422862K->3290K(471872K), 0.0072743 secs] 2051640K->1632917K(4141888K), 0.0073630 secs] [Times: user=0.05 sys=0.00, real=0.01 secs] 
326897.096: [GC (Allocation Failure) 326897.096: [ParNew: 422746K->4090K(471872K), 0.0064451 secs] 2052373K->1634944K(4141888K), 0.0065552 secs] [Times: user=0.04 sys=0.00, real=0.00 secs] 
326903.060: [GC (Allocation Failure) 326903.060: [ParNew: 423546K->4090K(471872K), 0.0062774 secs] 2054400K->1636015K(4141888K), 0.0063668 secs] [Times: user=0.04 sys=0.00, real=0.01 secs] 
326907.319: [GC (Allocation Failure) 326907.319: [ParNew: 423546K->3696K(471872K), 0.0060560 secs] 2055471K->1636949K(4141888K), 0.0061613 secs] [Times: user=0.04 sys=0.00, real=0.01 secs] 
326910.426: [GC (Allocation Failure) 326910.427: [ParNew: 423152K->9215K(471872K), 0.0067054 secs] 2056405K->1643537K(4141888K), 0.0068318 secs] [Times: user=0.04 sys=0.00, real=0.00 secs] 
326915.143: [GC (Allocation Failure) 326915.143: [ParNew: 428671K->5420K(471872K), 0.0067543 secs] 2062993K->1643304K(4141888K), 0.0068727 secs] [Times: user=0.05 sys=0.00, real=0.01 secs] 
326919.431: [GC (Allocation Failure) 326919.432: [ParNew: 424714K->5324K(471872K), 0.0072624 secs] 2062598K->1644366K(4141888K), 0.0073629 secs] [Times: user=0.04 sys=0.00, real=0.01 secs] 
326923.246: [GC (Allocation Failure) 326923.246: [ParNew: 424780K->4070K(471872K), 0.0079477 secs] 2063822K->1644079K(4141888K), 0.0080546 secs] [Times: user=0.05 sys=0.00, real=0.01 secs] 
326925.170: [GC (Allocation Failure) 326925.170: [ParNew: 422060K->9271K(471872K), 0.0068956 secs] 2062069K->1650313K(4141888K), 0.0070005 secs] [Times: user=0.05 sys=0.00, real=0.01 secs] 
326925.659: [GC (Allocation Failure) 326925.659: [ParNew: 428727K->8275K(471872K), 0.0054793 secs] 2069769K->1652589K(4141888K), 0.0055724 secs] [Times: user=0.04 sys=0.00, real=0.01 secs] 
326926.175: [GC (Allocation Failure) 326926.176: [ParNew: 427731K->5648K(471872K), 0.0079075 secs] 2072045K->1655001K(4141888K), 0.0080062 secs] [Times: user=0.06 sys=0.00, real=0.00 secs] 
326927.051: [GC (Allocation Failure) 326927.051: [ParNew: 425104K->5892K(471872K), 0.0082910 secs] 2074457K->1655859K(4141888K), 0.0083938 secs] [Times: user=0.07 sys=0.00, real=0.01 secs] 
326927.622: [GC (Allocation Failure) 326927.622: [ParNew: 425348K->4674K(471872K), 0.0053033 secs] 2075315K->1655899K(4141888K), 0.0054048 secs] [Times: user=0.04 sys=0.00, real=0.01 secs] 
326929.569: [GC (Allocation Failure) 326929.569: [ParNew: 424130K->10416K(471872K), 0.0050202 secs] 2075355K->1662154K(4141888K), 0.0051129 secs] [Times: user=0.03 sys=0.00, real=0.01 secs] 
326933.158: [GC (Allocation Failure) 326933.158: [ParNew: 429872K->3957K(471872K), 0.0055148 secs] 2081610K->1658300K(4141888K), 0.0056081 secs] [Times: user=0.04 sys=0.00, real=0.00 secs] 
326938.475: [GC (Allocation Failure) 326938.475: [ParNew: 423413K->4206K(471872K), 0.0055721 secs] 2077756K->1660014K(4141888K), 0.0056573 secs] [Times: user=0.04 sys=0.00, real=0.00 secs] 
326942.669: [GC (Allocation Failure) 326942.669: [ParNew: 423662K->3444K(471872K), 0.0055792 secs] 2079470K->1660313K(4141888K), 0.0056855 secs] [Times: user=0.05 sys=0.00, real=0.01 secs] 
326945.149: [GC (Allocation Failure) 326945.149: [ParNew: 422900K->2956K(471872K), 0.0055512 secs] 2079769K->1660752K(4141888K), 0.0056487 secs] [Times: user=0.04 sys=0.00, real=0.01 secs] 
326948.125: [GC (Allocation Failure) 326948.125: [ParNew: 422412K->4824K(471872K), 0.0049473 secs] 2080208K->1663311K(4141888K), 0.0050388 secs] [Times: user=0.04 sys=0.00, real=0.00 secs] 
326953.097: [GC (Allocation Failure) 326953.097: [ParNew: 424280K->3151K(471872K), 0.0152918 secs] 2082767K->1662375K(4141888K), 0.0153844 secs] [Times: user=0.04 sys=0.00, real=0.01 secs] 
326958.538: [GC (Allocation Failure) 326958.538: [ParNew: 422607K->4003K(471872K), 0.0099184 secs] 2081831K->1664792K(4141888K), 0.0100208 secs] [Times: user=0.06 sys=0.00, real=0.01 secs] 
326959.242: [GC (Allocation Failure) 326959.242: [ParNew: 423420K->3742K(471872K), 0.0061142 secs] 2084209K->1666583K(4141888K), 0.0062316 secs] [Times: user=0.05 sys=0.00, real=0.01 secs] 
326965.427: [GC (Allocation Failure) 326965.427: [ParNew: 423198K->9167K(471872K), 0.0066247 secs] 2086039K->1672173K(4141888K), 0.0067428 secs] [Times: user=0.05 sys=0.00, real=0.01 secs] 
326970.557: [GC (Allocation Failure) 326970.557: [ParNew: 428623K->8013K(471872K), 0.0053090 secs] 2091629K->1672766K(4141888K), 0.0054052 secs] [Times: user=0.04 sys=0.00, real=0.00 secs] 
326978.226: [GC (Allocation Failure) 326978.226: [ParNew: 427469K->4349K(471872K), 0.0077706 secs] 2092222K->1672835K(4141888K), 0.0078831 secs] [Times: user=0.05 sys=0.00, real=0.01 secs] 
326985.427: [GC (Allocation Failure) 326985.427: [ParNew: 423473K->9641K(471872K), 0.0069991 secs] 2091960K->1680244K(4141888K), 0.0071183 secs] [Times: user=0.05 sys=0.00, real=0.01 secs] 
326991.832: [GC (Allocation Failure) 326991.832: [ParNew: 429097K->5270K(471872K), 0.0057920 secs] 2099700K->1677623K(4141888K), 0.0058852 secs] [Times: user=0.04 sys=0.00, real=0.01 secs] 
326998.471: [GC (Allocation Failure) 326998.471: [ParNew: 424726K->6797K(471872K), 0.0073343 secs] 2097079K->1680422K(4141888K), 0.0074510 secs] [Times: user=0.05 sys=0.00, real=0.01 secs] 
327006.567: [GC (Allocation Failure) 327006.567: [ParNew: 426253K->7047K(471872K), 0.0071050 secs] 2099878K->1682649K(4141888K), 0.0072159 secs] [Times: user=0.05 sys=0.00, real=0.01 secs] 
327013.119: [GC (Allocation Failure) 327013.119: [ParNew: 426503K->5170K(471872K), 0.0067323 secs] 2102105K->1682967K(4141888K), 0.0068456 secs] [Times: user=0.05 sys=0.00, real=0.01 secs] 
327020.482: [GC (Allocation Failure) 327020.482: [ParNew: 424626K->6842K(471872K), 0.0065413 secs] 2102423K->1686113K(4141888K), 0.0066429 secs] [Times: user=0.05 sys=0.00, real=0.01 secs] 
327026.470: [GC (Allocation Failure) 327026.470: [ParNew: 426298K->9680K(471872K), 0.0070091 secs] 2105569K->1690415K(4141888K), 0.0071287 secs] [Times: user=0.05 sys=0.00, real=0.01 secs] 
327033.050: [GC (Allocation Failure) 327033.050: [ParNew: 429136K->7215K(471872K), 0.0055125 secs] 2109871K->1689366K(4141888K), 0.0056172 secs] [Times: user=0.04 sys=0.00, real=0.01 secs] 
327037.606: [GC (Allocation Failure) 327037.606: [ParNew: 426671K->3511K(471872K), 0.0059737 secs] 2108822K->1689434K(4141888K), 0.0060884 secs] [Times: user=0.05 sys=0.00, real=0.00 secs] 
327043.641: [GC (Allocation Failure) 327043.641: [ParNew: 422967K->3487K(471872K), 0.0057592 secs] 2108890K->1690749K(4141888K), 0.0058537 secs] [Times: user=0.04 sys=0.00, real=0.01 secs] 
327052.405: [GC (Allocation Failure) 327052.405: [ParNew: 422943K->7281K(471872K), 0.0059893 secs] 2110205K->1695867K(4141888K), 0.0060989 secs] [Times: user=0.05 sys=0.00, real=0.00 secs] 
327055.456: [GC (Allocation Failure) 327055.456: [ParNew: 426737K->9658K(471872K), 0.0069157 secs] 2115323K->1700015K(4141888K), 0.0070304 secs] [Times: user=0.04 sys=0.00, real=0.00 secs] 
327062.432: [GC (Allocation Failure) 327062.432: [ParNew: 429114K->9978K(471872K), 0.0073026 secs] 2119471K->1701683K(4141888K), 0.0074131 secs] [Times: user=0.05 sys=0.01, real=0.01 secs] 
327067.879: [GC (Allocation Failure) 327067.879: [ParNew: 429434K->3196K(471872K), 0.0105436 secs] 2121139K->1696266K(4141888K), 0.0106360 secs] [Times: user=0.04 sys=0.00, real=0.01 secs] 
327074.809: [GC (Allocation Failure) 327074.809: [ParNew: 422652K->4284K(471872K), 0.0081839 secs] 2115722K->1698627K(4141888K), 0.0082900 secs] [Times: user=0.05 sys=0.00, real=0.01 secs] 
327083.088: [GC (Allocation Failure) 327083.088: [ParNew: 423740K->3794K(471872K), 0.0077927 secs] 2118083K->1699507K(4141888K), 0.0078884 secs] [Times: user=0.05 sys=0.00, real=0.01 secs] 
327089.899: [GC (Allocation Failure) 327089.899: [ParNew: 423250K->3784K(471872K), 0.0059613 secs] 2118963K->1701300K(4141888K), 0.0060835 secs] [Times: user=0.04 sys=0.00, real=0.01 secs] 
327094.338: [GC (Allocation Failure) 327094.339: [ParNew: 423240K->6435K(471872K), 0.0059950 secs] 2120756K->1705442K(4141888K), 0.0061403 secs] [Times: user=0.04 sys=0.01, real=0.01 secs] 
327100.570: [GC (Allocation Failure) 327100.571: [ParNew: 425386K->9550K(471872K), 0.0092299 secs] 2124394K->1712357K(4141888K), 0.0093469 secs] [Times: user=0.08 sys=0.00, real=0.01 secs] 
327106.915: [GC (Allocation Failure) 327106.915: [ParNew: 429006K->4374K(471872K), 0.0059610 secs] 2131813K->1708802K(4141888K), 0.0060593 secs] [Times: user=0.04 sys=0.00, real=0.00 secs] 
327113.323: [GC (Allocation Failure) 327113.323: [ParNew: 423830K->6769K(471872K), 0.0069608 secs] 2128258K->1712514K(4141888K), 0.0070717 secs] [Times: user=0.05 sys=0.00, real=0.01 secs] 
327119.056: [GC (Allocation Failure) 327119.056: [ParNew: 426225K->4047K(471872K), 0.0061968 secs] 2131970K->1711234K(4141888K), 0.0063052 secs] [Times: user=0.05 sys=0.00, real=0.00 secs] 
327123.485: [GC (Allocation Failure) 327123.485: [ParNew: 423503K->5531K(471872K), 0.0066056 secs] 2130690K->1714577K(4141888K), 0.0067239 secs] [Times: user=0.05 sys=0.00, real=0.00 secs] 
327129.472: [GC (Allocation Failure) 327129.472: [ParNew: 424987K->8961K(471872K), 0.0063109 secs] 2134033K->1719099K(4141888K), 0.0064311 secs] [Times: user=0.05 sys=0.00, real=0.01 secs] 
327135.574: [GC (Allocation Failure) 327135.574: [ParNew: 428417K->7989K(471872K), 0.0067214 secs] 2138555K->1719465K(4141888K), 0.0068391 secs] [Times: user=0.05 sys=0.00, real=0.00 secs] 
327141.828: [GC (Allocation Failure) 327141.829: [ParNew: 427445K->5052K(471872K), 0.0093884 secs] 2138921K->1718663K(4141888K), 0.0095031 secs] [Times: user=0.05 sys=0.01, real=0.01 secs] 
327146.571: [GC (Allocation Failure) 327146.571: [ParNew: 424508K->8257K(471872K), 0.0078421 secs] 2138119K->1723155K(4141888K), 0.0079817 secs] [Times: user=0.05 sys=0.00, real=0.01 secs] 
327150.094: [GC (Allocation Failure) 327150.094: [ParNew: 427713K->6387K(471872K), 0.0056862 secs] 2142611K->1722243K(4141888K), 0.0058101 secs] [Times: user=0.05 sys=0.00, real=0.00 secs] 
327152.667: [GC (Allocation Failure) 327152.667: [ParNew: 425843K->26653K(471872K), 0.0077961 secs] 2141699K->1743516K(4141888K), 0.0079166 secs] [Times: user=0.05 sys=0.00, real=0.01 secs] 
327155.448: [GC (Allocation Failure) 327155.448: [ParNew: 446109K->9773K(471872K), 0.0066371 secs] 2162972K->1729690K(4141888K), 0.0067863 secs] [Times: user=0.05 sys=0.00, real=0.01 secs] 
327160.108: [GC (Allocation Failure) 327160.108: [ParNew: 429229K->5378K(471872K), 0.0064594 secs] 2149146K->1726397K(4141888K), 0.0065785 secs] [Times: user=0.05 sys=0.00, real=0.01 secs] 
327163.485: [GC (Allocation Failure) 327163.485: [ParNew: 424834K->4887K(471872K), 0.0063600 secs] 2145853K->1727213K(4141888K), 0.0064839 secs] [Times: user=0.05 sys=0.00, real=0.00 secs] 
327167.628: [GC (Allocation Failure) 327167.628: [ParNew: 424343K->3391K(471872K), 0.0064272 secs] 2146669K->1726623K(4141888K), 0.0065508 secs] [Times: user=0.05 sys=0.00, real=0.01 secs] 
327172.493: [GC (Allocation Failure) 327172.493: [ParNew: 422847K->3431K(471872K), 0.0055502 secs] 2146079K->1727545K(4141888K), 0.0056500 secs] [Times: user=0.03 sys=0.00, real=0.01 secs] 
327175.367: [GC (Allocation Failure) 327175.368: [ParNew: 422292K->8596K(471872K), 0.0064478 secs] 2146406K->1733766K(4141888K), 0.0065710 secs] [Times: user=0.05 sys=0.00, real=0.01 secs] 
327179.295: [GC (Allocation Failure) 327179.295: [ParNew: 428052K->6580K(471872K), 0.0053319 secs] 2153222K->1732496K(4141888K), 0.0054317 secs] [Times: user=0.04 sys=0.00, real=0.00 secs] 
327182.598: [GC (Allocation Failure) 327182.598: [ParNew: 426036K->3790K(471872K), 0.0048992 secs] 2151952K->1731322K(4141888K), 0.0049850 secs] [Times: user=0.03 sys=0.00, real=0.00 secs] 
327185.653: [GC (Allocation Failure) 327185.653: [ParNew: 423246K->4836K(471872K), 0.0057250 secs] 2150778K->1733382K(4141888K), 0.0058225 secs] [Times: user=0.04 sys=0.00, real=0.01 secs] 
327188.500: [GC (Allocation Failure) 327188.500: [ParNew: 424292K->3244K(471872K), 0.0067711 secs] 2152838K->1732859K(4141888K), 0.0068588 secs] [Times: user=0.04 sys=0.00, real=0.01 secs] 
327193.106: [GC (Allocation Failure) 327193.106: [ParNew: 422700K->2837K(471872K), 0.0074765 secs] 2152315K->1733138K(4141888K), 0.0075768 secs] [Times: user=0.04 sys=0.00, real=0.00 secs] 
327195.943: [GC (Allocation Failure) 327195.943: [ParNew: 422293K->5069K(471872K), 0.0075417 secs] 2152594K->1736330K(4141888K), 0.0076449 secs] [Times: user=0.05 sys=0.00, real=0.01 secs] 
327198.963: [GC (Allocation Failure) 327198.963: [ParNew: 424525K->5954K(471872K), 0.0068085 secs] 2155786K->1737943K(4141888K), 0.0068967 secs] [Times: user=0.04 sys=0.00, real=0.01 secs] 
327200.039: [GC (Allocation Failure) 327200.039: [ParNew: 425230K->4105K(471872K), 0.0063628 secs] 2157218K->1736924K(4141888K), 0.0064622 secs] [Times: user=0.04 sys=0.00, real=0.01 secs] 
327203.143: [GC (Allocation Failure) 327203.143: [ParNew: 423561K->3102K(471872K), 0.0089273 secs] 2156380K->1736198K(4141888K), 0.0090077 secs] [Times: user=0.04 sys=0.00, real=0.01 secs] 
327205.878: [GC (Allocation Failure) 327205.878: [ParNew: 422558K->2873K(471872K), 0.0078373 secs] 2155654K->1736793K(4141888K), 0.0079243 secs] [Times: user=0.04 sys=0.01, real=0.01 secs] 
327208.962: [GC (Allocation Failure) 327208.962: [ParNew: 422091K->5218K(471872K), 0.0052982 secs] 2156010K->1739690K(4141888K), 0.0054020 secs] [Times: user=0.03 sys=0.00, real=0.01 secs] 
327213.113: [GC (Allocation Failure) 327213.113: [ParNew: 424674K->3365K(471872K), 0.0053496 secs] 2159146K->1738649K(4141888K), 0.0054428 secs] [Times: user=0.04 sys=0.00, real=0.01 secs] 
327217.399: [GC (Allocation Failure) 327217.399: [ParNew: 422821K->5416K(471872K), 0.0070605 secs] 2158105K->1741992K(4141888K), 0.0071678 secs] [Times: user=0.05 sys=0.00, real=0.01 secs] 
327223.095: [GC (Allocation Failure) 327223.095: [ParNew: 424872K->3738K(471872K), 0.0057827 secs] 2161448K->1743812K(4141888K), 0.0058778 secs] [Times: user=0.04 sys=0.00, real=0.00 secs] 
327229.543: [GC (Allocation Failure) 327229.544: [ParNew: 423194K->10113K(471872K), 0.0071187 secs] 2163268K->1751720K(4141888K), 0.0072710 secs] [Times: user=0.05 sys=0.00, real=0.01 secs] 
327234.252: [GC (Allocation Failure) 327234.252: [ParNew: 429569K->5518K(471872K), 0.0074599 secs] 2171176K->1748407K(4141888K), 0.0075858 secs] [Times: user=0.06 sys=0.00, real=0.01 secs] 
327238.534: [GC (Allocation Failure) 327238.534: [ParNew: 424974K->8184K(471872K), 0.0073238 secs] 2167863K->1752185K(4141888K), 0.0074823 secs] [Times: user=0.06 sys=0.00, real=0.00 secs] 
327240.519: [GC (Allocation Failure) 327240.519: [ParNew: 427640K->8269K(471872K), 0.0119051 secs] 2171641K->1753841K(4141888K), 0.0120183 secs] [Times: user=0.05 sys=0.01, real=0.01 secs] 
327244.613: [GC (Allocation Failure) 327244.613: [ParNew: 427725K->10155K(471872K), 0.0089895 secs] 2173297K->1756196K(4141888K), 0.0091390 secs] [Times: user=0.07 sys=0.00, real=0.01 secs] 
327245.009: [GC (Allocation Failure) 327245.009: [ParNew: 429611K->5391K(471872K), 0.0167921 secs] 2175652K->1756482K(4141888K), 0.0168862 secs] [Times: user=0.06 sys=0.00, real=0.02 secs] 
327245.550: [GC (Allocation Failure) 327245.550: [ParNew: 424847K->7759K(471872K), 0.0055549 secs] 2175938K->1761312K(4141888K), 0.0056590 secs] [Times: user=0.04 sys=0.00, real=0.01 secs] 
327246.006: [GC (Allocation Failure) 327246.006: [ParNew: 427215K->5198K(471872K), 0.0052827 secs] 2180768K->1762102K(4141888K), 0.0053789 secs] [Times: user=0.04 sys=0.00, real=0.00 secs] 
327246.641: [GC (Allocation Failure) 327246.641: [ParNew: 424654K->6018K(471872K), 0.0078440 secs] 2181558K->1763815K(4141888K), 0.0079449 secs] [Times: user=0.06 sys=0.00, real=0.01 secs] 
327247.239: [GC (Allocation Failure) 327247.240: [ParNew: 425474K->5251K(471872K), 0.0074591 secs] 2183271K->1764359K(4141888K), 0.0075674 secs] [Times: user=0.05 sys=0.00, real=0.01 secs] 
327247.861: [GC (Allocation Failure) 327247.861: [ParNew: 424707K->3775K(471872K), 0.0057180 secs] 2183815K->1763488K(4141888K), 0.0058162 secs] [Times: user=0.04 sys=0.00, real=0.01 secs] 
327253.086: [GC (Allocation Failure) 327253.086: [ParNew: 423231K->3762K(471872K), 0.0081376 secs] 2182944K->1763877K(4141888K), 0.0082827 secs] [Times: user=0.06 sys=0.01, real=0.01 secs] 
327263.065: [GC (Allocation Failure) 327263.065: [ParNew: 423231K->5312K(471872K), 0.0075342 secs] 2183346K->1766856K(4141888K), 0.0076397 secs] [Times: user=0.05 sys=0.00, real=0.00 secs] 
327263.073: [GC (GCLocker Initiated GC) 327263.073: [ParNew: 5698K->2146K(471872K), 0.0179603 secs] 1767242K->1767538K(4141888K), 0.0180432 secs] [Times: user=0.09 sys=0.01, real=0.02 secs] 
327271.573: [GC (Allocation Failure) 327271.573: [ParNew: 421602K->8953K(471872K), 0.0096968 secs] 2186994K->1774344K(4141888K), 0.0098034 secs] [Times: user=0.06 sys=0.00, real=0.01 secs] 
327276.503: [GC (Allocation Failure) 327276.503: [ParNew: 427852K->12143K(471872K), 0.0120572 secs] 2193244K->1780116K(4141888K), 0.0121629 secs] [Times: user=0.07 sys=0.00, real=0.02 secs] 
327283.068: [GC (Allocation Failure) 327283.068: [ParNew: 431599K->4838K(471872K), 0.0150555 secs] 2199572K->1776979K(4141888K), 0.0151518 secs] [Times: user=0.07 sys=0.00, real=0.01 secs] 
327288.545: [GC (Allocation Failure) 327288.546: [ParNew: 423611K->5005K(471872K), 0.0086053 secs] 2195751K->1779317K(4141888K), 0.0087762 secs] [Times: user=0.06 sys=0.00, real=0.01 secs] 
327293.152: [GC (Allocation Failure) 327293.152: [ParNew: 424461K->3605K(471872K), 0.0082422 secs] 2198773K->1779842K(4141888K), 0.0083495 secs] [Times: user=0.06 sys=0.00, real=0.01 secs] 
327298.600: [GC (Allocation Failure) 327298.600: [ParNew: 423061K->4358K(471872K), 0.0075732 secs] 2199298K->1782222K(4141888K), 0.0077278 secs] [Times: user=0.05 sys=0.00, real=0.01 secs] 
327303.744: [GC (Allocation Failure) 327303.744: [ParNew: 423814K->4468K(471872K), 0.0085351 secs] 2201678K->1784677K(4141888K), 0.0086445 secs] [Times: user=0.06 sys=0.00, real=0.00 secs] 
327308.723: [GC (Allocation Failure) 327308.723: [ParNew: 423924K->5599K(471872K), 0.0073511 secs] 2204133K->1787447K(4141888K), 0.0074578 secs] [Times: user=0.05 sys=0.00, real=0.01 secs] 
327312.509: [GC (Allocation Failure) 327312.509: [ParNew: 425055K->6729K(471872K), 0.0075968 secs] 2206903K->1790142K(4141888K), 0.0077247 secs] [Times: user=0.05 sys=0.00, real=0.01 secs] 
327316.430: [GC (Allocation Failure) 327316.430: [ParNew: 426185K->8487K(471872K), 0.0077970 secs] 2209598K->1793099K(4141888K), 0.0079436 secs] [Times: user=0.05 sys=0.00, real=0.01 secs] 
327318.233: [GC (Allocation Failure) 327318.234: [ParNew: 427943K->5264K(471872K), 0.0074633 secs] 2212555K->1791169K(4141888K), 0.0075856 secs] [Times: user=0.05 sys=0.00, real=0.01 secs] 
327322.481: [GC (Allocation Failure) 327322.481: [ParNew: 424720K->4141K(471872K), 0.0069391 secs] 2210625K->1790603K(4141888K), 0.0070494 secs] [Times: user=0.04 sys=0.00, real=0.01 secs] 
327324.475: [GC (Allocation Failure) 327324.475: [ParNew: 423597K->4857K(471872K), 0.0079839 secs] 2210059K->1792575K(4141888K), 0.0080854 secs] [Times: user=0.05 sys=0.00, real=0.00 secs] 
327329.521: [GC (Allocation Failure) 327329.521: [ParNew: 424313K->5119K(471872K), 0.0069135 secs] 2212031K->1793481K(4141888K), 0.0070229 secs] [Times: user=0.05 sys=0.00, real=0.01 secs] 
327335.553: [GC (Allocation Failure) 327335.553: [ParNew: 424575K->3490K(471872K), 0.0073228 secs] 2212937K->1793664K(4141888K), 0.0074252 secs] [Times: user=0.05 sys=0.00, real=0.01 secs] 
327339.777: [GC (Allocation Failure) 327339.777: [ParNew: 422946K->7281K(471872K), 0.0068684 secs] 2213120K->1799296K(4141888K), 0.0069706 secs] [Times: user=0.04 sys=0.00, real=0.01 secs] 
327343.128: [GC (Allocation Failure) 327343.128: [ParNew: 426737K->3382K(471872K), 0.0060126 secs] 2218752K->1799208K(4141888K), 0.0061158 secs] [Times: user=0.04 sys=0.00, real=0.00 secs] 
327347.510: [GC (Allocation Failure) 327347.510: [ParNew: 422838K->9038K(471872K), 0.0069544 secs] 2218664K->1806123K(4141888K), 0.0070732 secs] [Times: user=0.05 sys=0.00, real=0.01 secs] 
327351.887: [GC (Allocation Failure) 327351.887: [ParNew: 428494K->5236K(471872K), 0.0072671 secs] 2225579K->1803813K(4141888K), 0.0073612 secs] [Times: user=0.04 sys=0.00, real=0.01 secs] 
327354.069: [GC (Allocation Failure) 327354.069: [ParNew: 424692K->3658K(471872K), 0.0071523 secs] 2223269K->1803453K(4141888K), 0.0072388 secs] [Times: user=0.04 sys=0.00, real=0.01 secs] 
327358.479: [GC (Allocation Failure) 327358.479: [ParNew: 423114K->8209K(471872K), 0.0068278 secs] 2222909K->1808755K(4141888K), 0.0069342 secs] [Times: user=0.05 sys=0.00, real=0.01 secs] 
327364.480: [GC (Allocation Failure) 327364.480: [ParNew: 427665K->8568K(471872K), 0.0077241 secs] 2228211K->1810942K(4141888K), 0.0078101 secs] [Times: user=0.05 sys=0.00, real=0.01 secs] 
327368.764: [GC (Allocation Failure) 327368.764: [ParNew: 428024K->6777K(471872K), 0.0058310 secs] 2230398K->1810506K(4141888K), 0.0059237 secs] [Times: user=0.04 sys=0.00, real=0.01 secs] 
327373.238: [GC (Allocation Failure) 327373.238: [ParNew: 426233K->5193K(471872K), 0.0055314 secs] 2229962K->1809857K(4141888K), 0.0056274 secs] [Times: user=0.04 sys=0.00, real=0.00 secs] 
327377.763: [GC (Allocation Failure) 327377.763: [ParNew: 424649K->3763K(471872K), 0.0051538 secs] 2229313K->1809556K(4141888K), 0.0052388 secs] [Times: user=0.04 sys=0.00, real=0.01 secs] 
327381.662: [GC (Allocation Failure) 327381.662: [ParNew: 423219K->3317K(471872K), 0.0053748 secs] 2229012K->1810041K(4141888K), 0.0054609 secs] [Times: user=0.03 sys=0.00, real=0.01 secs] 
327385.597: [GC (Allocation Failure) 327385.597: [ParNew: 422773K->3406K(471872K), 0.0055447 secs] 2229497K->1811098K(4141888K), 0.0056336 secs] [Times: user=0.04 sys=0.01, real=0.00 secs] 
327389.461: [GC (Allocation Failure) 327389.461: [ParNew: 422862K->7276K(471872K), 0.0091319 secs] 2230554K->1815993K(4141888K), 0.0092369 secs] [Times: user=0.07 sys=0.00, real=0.01 secs] 
327393.121: [GC (Allocation Failure) 327393.121: [ParNew: 426732K->4008K(471872K), 0.0063147 secs] 2235449K->1813724K(4141888K), 0.0064104 secs] [Times: user=0.05 sys=0.00, real=0.01 secs] 
327397.689: [GC (Allocation Failure) 327397.689: [ParNew: 423464K->26010K(471872K), 0.0090131 secs] 2233180K->1836972K(4141888K), 0.0091368 secs] [Times: user=0.07 sys=0.00, real=0.01 secs] 
327403.148: [GC (Allocation Failure) 327403.148: [ParNew: 445466K->11403K(471872K), 0.0058750 secs] 2256428K->1825798K(4141888K), 0.0059700 secs] [Times: user=0.04 sys=0.00, real=0.01 secs] 
327410.427: [GC (Allocation Failure) 327410.427: [ParNew: 430859K->6800K(471872K), 0.0074461 secs] 2245254K->1822425K(4141888K), 0.0075532 secs] [Times: user=0.04 sys=0.00, real=0.01 secs] 
327415.403: [GC (Allocation Failure) 327415.403: [ParNew: 426256K->10086K(471872K), 0.0064798 secs] 2241881K->1827458K(4141888K), 0.0065968 secs] [Times: user=0.05 sys=0.00, real=0.01 secs] 
327419.436: [GC (Allocation Failure) 327419.436: [ParNew: 429542K->9185K(471872K), 0.0052640 secs] 2246914K->1827699K(4141888K), 0.0053519 secs] [Times: user=0.04 sys=0.00, real=0.00 secs] 
327425.228: [GC (Allocation Failure) 327425.228: [ParNew: 428641K->4332K(471872K), 0.0063302 secs] 2247155K->1824016K(4141888K), 0.0064300 secs] [Times: user=0.05 sys=0.00, real=0.01 secs] 
327431.431: [GC (Allocation Failure) 327431.431: [ParNew: 423237K->4610K(471872K), 0.0059047 secs] 2242921K->1826145K(4141888K), 0.0059947 secs] [Times: user=0.04 sys=0.00, real=0.01 secs] 
327436.803: [GC (Allocation Failure) 327436.803: [ParNew: 424066K->4102K(471872K), 0.0065412 secs] 2245601K->1827201K(4141888K), 0.0066418 secs] [Times: user=0.04 sys=0.00, real=0.01 secs] 
327442.506: [GC (Allocation Failure) 327442.506: [ParNew: 423558K->3615K(471872K), 0.0052831 secs] 2246657K->1827881K(4141888K), 0.0053829 secs] [Times: user=0.04 sys=0.00, real=0.00 secs] 
327447.415: [GC (Allocation Failure) 327447.415: [ParNew: 422756K->8095K(471872K), 0.0068345 secs] 2247023K->1833542K(4141888K), 0.0069367 secs] [Times: user=0.05 sys=0.00, real=0.00 secs] 
327453.451: [GC (Allocation Failure) 327453.451: [ParNew: 427551K->11693K(471872K), 0.0067052 secs] 2252998K->1838124K(4141888K), 0.0068119 secs] [Times: user=0.05 sys=0.00, real=0.01 secs] 
327460.056: [GC (Allocation Failure) 327460.056: [ParNew: 431149K->7372K(471872K), 0.0063235 secs] 2257580K->1835253K(4141888K), 0.0064211 secs] [Times: user=0.05 sys=0.00, real=0.00 secs] 
327464.508: [GC (Allocation Failure) 327464.508: [ParNew: 426828K->8622K(471872K), 0.0071498 secs] 2254709K->1840594K(4141888K), 0.0072515 secs] [Times: user=0.06 sys=0.00, real=0.01 secs] 
327471.739: [GC (Allocation Failure) 327471.739: [ParNew: 428078K->5954K(471872K), 0.0055476 secs] 2260050K->1838901K(4141888K), 0.0056609 secs] [Times: user=0.04 sys=0.00, real=0.01 secs] 
327476.373: [GC (Allocation Failure) 327476.373: [ParNew: 425160K->5557K(471872K), 0.0067681 secs] 2258107K->1840429K(4141888K), 0.0068694 secs] [Times: user=0.05 sys=0.00, real=0.01 secs] 
327483.277: [GC (Allocation Failure) 327483.277: [ParNew: 425013K->4805K(471872K), 0.0061460 secs] 2259885K->1841500K(4141888K), 0.0062354 secs] [Times: user=0.04 sys=0.00, real=0.00 secs] 
327495.689: [GC (Allocation Failure) 327495.689: [ParNew: 424261K->4284K(471872K), 0.0072485 secs] 2260956K->1843057K(4141888K), 0.0073439 secs] [Times: user=0.06 sys=0.00, real=0.01 secs] 
327503.145: [GC (Allocation Failure) 327503.145: [ParNew: 423740K->3888K(471872K), 0.0069085 secs] 2262513K->1845702K(4141888K), 0.0070051 secs] [Times: user=0.05 sys=0.00, real=0.00 secs] 
327507.234: [GC (Allocation Failure) 327507.234: [ParNew: 423344K->3490K(471872K), 0.0074993 secs] 2265158K->1846922K(4141888K), 0.0075935 secs] [Times: user=0.04 sys=0.00, real=0.00 secs] 
327513.082: [GC (Allocation Failure) 327513.082: [ParNew: 422946K->3780K(471872K), 0.0071351 secs] 2266378K->1848040K(4141888K), 0.0072213 secs] [Times: user=0.05 sys=0.00, real=0.01 secs] 
327516.865: [GC (Allocation Failure) 327516.865: [ParNew: 423108K->6839K(471872K), 0.0061268 secs] 2267368K->1852526K(4141888K), 0.0062318 secs] [Times: user=0.04 sys=0.01, real=0.00 secs] 
327520.254: [GC (Allocation Failure) 327520.254: [ParNew: 426295K->3445K(471872K), 0.0050575 secs] 2271982K->1850129K(4141888K), 0.0051531 secs] [Times: user=0.04 sys=0.00, real=0.00 secs] 
327522.972: [GC (Allocation Failure) 327522.972: [ParNew: 422711K->7540K(471872K), 0.0064085 secs] 2269396K->1854841K(4141888K), 0.0065183 secs] [Times: user=0.05 sys=0.00, real=0.01 secs] 
327524.284: [GC (Allocation Failure) 327524.284: [ParNew: 426969K->5171K(471872K), 0.0070349 secs] 2274270K->1855654K(4141888K), 0.0071414 secs] [Times: user=0.06 sys=0.00, real=0.00 secs] 
327527.381: [GC (Allocation Failure) 327527.381: [ParNew: 424627K->8056K(471872K), 0.0051718 secs] 2275110K->1858900K(4141888K), 0.0052787 secs] [Times: user=0.04 sys=0.00, real=0.01 secs] 
327529.939: [GC (Allocation Failure) 327529.939: [ParNew: 427512K->5622K(471872K), 0.0050813 secs] 2278356K->1857281K(4141888K), 0.0051852 secs] [Times: user=0.04 sys=0.00, real=0.01 secs] 
327531.275: [GC (Allocation Failure) 327531.275: [ParNew: 425078K->5556K(471872K), 0.0054027 secs] 2276737K->1858151K(4141888K), 0.0055203 secs] [Times: user=0.04 sys=0.00, real=0.00 secs] 
327533.102: [GC (Allocation Failure) 327533.102: [ParNew: 425012K->3860K(471872K), 0.0052085 secs] 2277607K->1856770K(4141888K), 0.0053023 secs] [Times: user=0.04 sys=0.00, real=0.01 secs] 
327535.472: [GC (Allocation Failure) 327535.472: [ParNew: 423316K->4899K(471872K), 0.0060382 secs] 2276226K->1858228K(4141888K), 0.0061318 secs] [Times: user=0.04 sys=0.00, real=0.01 secs] 
327538.359: [GC (Allocation Failure) 327538.359: [ParNew: 424355K->5830K(471872K), 0.0060412 secs] 2277684K->1860354K(4141888K), 0.0061701 secs] [Times: user=0.05 sys=0.00, real=0.01 secs] 
327541.302: [GC (Allocation Failure) 327541.302: [ParNew: 425286K->6620K(471872K), 0.0058838 secs] 2279810K->1861761K(4141888K), 0.0060006 secs] [Times: user=0.04 sys=0.00, real=0.01 secs] 
327543.059: [GC (Allocation Failure) 327543.059: [ParNew: 426076K->3382K(471872K), 0.0051479 secs] 2281217K->1859194K(4141888K), 0.0052463 secs] [Times: user=0.04 sys=0.00, real=0.01 secs] 
327544.700: [GC (Allocation Failure) 327544.700: [ParNew: 422838K->2169K(471872K), 0.0057891 secs] 2278650K->1859039K(4141888K), 0.0058973 secs] [Times: user=0.04 sys=0.00, real=0.01 secs] 
327547.018: [GC (Allocation Failure) 327547.018: [ParNew: 421625K->2362K(471872K), 0.0048062 secs] 2278495K->1859743K(4141888K), 0.0048975 secs] [Times: user=0.04 sys=0.00, real=0.00 secs] 
327552.130: [GC (Allocation Failure) 327552.131: [ParNew: 421818K->2138K(471872K), 0.0065788 secs] 2279199K->1860571K(4141888K), 0.0067061 secs] [Times: user=0.05 sys=0.00, real=0.01 secs] 
327556.539: [GC (Allocation Failure) 327556.539: [ParNew: 421594K->2929K(471872K), 0.0110972 secs] 2280027K->1862511K(4141888K), 0.0111937 secs] [Times: user=0.05 sys=0.00, real=0.01 secs] 
327559.680: [GC (Allocation Failure) 327559.680: [ParNew: 422385K->2055K(471872K), 0.0193403 secs] 2281967K->1862842K(4141888K), 0.0195333 secs] [Times: user=0.06 sys=0.01, real=0.02 secs] 
327563.192: [GC (Allocation Failure) 327563.192: [ParNew: 421511K->1953K(471872K), 0.0165153 secs] 2282298K->1863390K(4141888K), 0.0166426 secs] [Times: user=0.08 sys=0.00, real=0.02 secs] 
327573.511: [GC (Allocation Failure) 327573.511: [ParNew: 421409K->3494K(471872K), 0.0064824 secs] 2282846K->1865904K(4141888K), 0.0065837 secs] [Times: user=0.04 sys=0.00, real=0.01 secs] 
327583.102: [GC (Allocation Failure) 327583.103: [ParNew: 422950K->7024K(471872K), 0.0070041 secs] 2285360K->1871579K(4141888K), 0.0071086 secs] [Times: user=0.05 sys=0.00, real=0.01 secs] 
327593.113: [GC (Allocation Failure) 327593.113: [ParNew: 426480K->5713K(471872K), 0.0068203 secs] 2291035K->1874772K(4141888K), 0.0069266 secs] [Times: user=0.05 sys=0.00, real=0.01 secs] 
327603.088: [GC (Allocation Failure) 327603.088: [ParNew: 425169K->5402K(471872K), 0.0070071 secs] 2294228K->1877484K(4141888K), 0.0071221 secs] [Times: user=0.05 sys=0.01, real=0.01 secs] 
327613.090: [GC (Allocation Failure) 327613.090: [ParNew: 424858K->5460K(471872K), 0.0072336 secs] 2296940K->1879931K(4141888K), 0.0073320 secs] [Times: user=0.05 sys=0.00, real=0.01 secs] 
327623.280: [GC (Allocation Failure) 327623.280: [ParNew: 424916K->4177K(471872K), 0.0070329 secs] 2299387K->1881511K(4141888K), 0.0071417 secs] [Times: user=0.05 sys=0.00, real=0.01 secs] 
327635.299: [GC (Allocation Failure) 327635.299: [ParNew: 423633K->4851K(471872K), 0.0078015 secs] 2300967K->1884232K(4141888K), 0.0079020 secs] [Times: user=0.06 sys=0.00, real=0.01 secs] 
327641.189: [GC (Allocation Failure) 327641.189: [ParNew: 424307K->12391K(471872K), 0.0076409 secs] 2303688K->1894681K(4141888K), 0.0077451 secs] [Times: user=0.05 sys=0.00, real=0.01 secs] 
327641.727: [GC (Allocation Failure) 327641.727: [ParNew: 431847K->4247K(471872K), 0.0055803 secs] 2314137K->1894222K(4141888K), 0.0056770 secs] [Times: user=0.03 sys=0.00, real=0.00 secs] 
327642.271: [GC (Allocation Failure) 327642.271: [ParNew: 423703K->5327K(471872K), 0.0077557 secs] 2313678K->1895693K(4141888K), 0.0078522 secs] [Times: user=0.06 sys=0.00, real=0.01 secs] 
327643.015: [GC (Allocation Failure) 327643.015: [ParNew: 424783K->5196K(471872K), 0.0073016 secs] 2315149K->1896028K(4141888K), 0.0074076 secs] [Times: user=0.05 sys=0.00, real=0.00 secs] 
327643.489: [GC (Allocation Failure) 327643.489: [ParNew: 424652K->4066K(471872K), 0.0061188 secs] 2315484K->1895503K(4141888K), 0.0062056 secs] [Times: user=0.04 sys=0.00, real=0.01 secs] 
327644.704: [GC (Allocation Failure) 327644.704: [ParNew: 423522K->24435K(471872K), 0.0073991 secs] 2314959K->1916330K(4141888K), 0.0075143 secs] [Times: user=0.06 sys=0.00, real=0.01 secs] 
327659.376: [GC (Allocation Failure) 327659.376: [ParNew: 443891K->12812K(471872K), 0.0061579 secs] 2335786K->1907583K(4141888K), 0.0062637 secs] [Times: user=0.04 sys=0.00, real=0.00 secs] 
327665.381: [GC (Allocation Failure) 327665.381: [ParNew: 432268K->6319K(471872K), 0.0070122 secs] 2327039K->1904401K(4141888K), 0.0071094 secs] [Times: user=0.05 sys=0.00, real=0.01 secs] 
327676.468: [GC (Allocation Failure) 327676.468: [ParNew: 425775K->4616K(471872K), 0.0067211 secs] 2323857K->1904483K(4141888K), 0.0068242 secs] [Times: user=0.05 sys=0.00, real=0.01 secs] 
327687.084: [GC (Allocation Failure) 327687.084: [ParNew: 424072K->4766K(471872K), 0.0065717 secs] 2323939K->1907358K(4141888K), 0.0066801 secs] [Times: user=0.05 sys=0.00, real=0.00 secs] 
327694.204: [GC (Allocation Failure) 327694.204: [ParNew: 424181K->4901K(471872K), 0.0065929 secs] 2326774K->1909610K(4141888K), 0.0066888 secs] [Times: user=0.05 sys=0.00, real=0.00 secs] 
327701.229: [GC (Allocation Failure) 327701.229: [ParNew: 424357K->2890K(471872K), 0.0059682 secs] 2329066K->1909317K(4141888K), 0.0060642 secs] [Times: user=0.04 sys=0.01, real=0.01 secs] 
327706.408: [GC (Allocation Failure) 327706.408: [ParNew: 422346K->3381K(471872K), 0.0064733 secs] 2328773K->1911403K(4141888K), 0.0065709 secs] [Times: user=0.05 sys=0.00, real=0.01 secs] 
327713.144: [GC (Allocation Failure) 327713.144: [ParNew: 422837K->6120K(471872K), 0.0060652 secs] 2330859K->1915129K(4141888K), 0.0061611 secs] [Times: user=0.05 sys=0.00, real=0.00 secs] 
327722.114: [GC (Allocation Failure) 327722.114: [ParNew: 425576K->4828K(471872K), 0.0064294 secs] 2334585K->1917871K(4141888K), 0.0065608 secs] [Times: user=0.05 sys=0.00, real=0.00 secs] 
327725.054: [GC (Allocation Failure) 327725.054: [ParNew: 424284K->5456K(471872K), 0.0060364 secs] 2337327K->1920790K(4141888K), 0.0061367 secs] [Times: user=0.05 sys=0.00, real=0.01 secs] 
327729.174: [GC (Allocation Failure) 327729.174: [ParNew: 424912K->4697K(471872K), 0.0058062 secs] 2340246K->1921172K(4141888K), 0.0059102 secs] [Times: user=0.04 sys=0.00, real=0.01 secs] 
327733.145: [GC (Allocation Failure) 327733.145: [ParNew: 424153K->2578K(471872K), 0.0056477 secs] 2340628K->1920659K(4141888K), 0.0057414 secs] [Times: user=0.04 sys=0.00, real=0.00 secs] 
327743.050: [GC (Allocation Failure) 327743.050: [ParNew: 422034K->4423K(471872K), 0.0078391 secs] 2340115K->1923576K(4141888K), 0.0079362 secs] [Times: user=0.05 sys=0.00, real=0.01 secs] 
327749.316: [GC (Allocation Failure) 327749.316: [ParNew: 423879K->3773K(471872K), 0.0066563 secs] 2343032K->1925477K(4141888K), 0.0067622 secs] [Times: user=0.05 sys=0.00, real=0.00 secs] 
327752.783: [GC (Allocation Failure) 327752.783: [ParNew: 423229K->2729K(471872K), 0.0053487 secs] 2344933K->1925943K(4141888K), 0.0054383 secs] [Times: user=0.04 sys=0.00, real=0.01 secs] 
327755.580: [GC (Allocation Failure) 327755.580: [ParNew: 422185K->2363K(471872K), 0.0054854 secs] 2345399K->1926594K(4141888K), 0.0055742 secs] [Times: user=0.04 sys=0.00, real=0.01 secs] 
327763.102: [GC (Allocation Failure) 327763.102: [ParNew: 421819K->3279K(471872K), 0.0057186 secs] 2346050K->1928309K(4141888K), 0.0058134 secs] [Times: user=0.04 sys=0.00, real=0.01 secs] 
327773.079: [GC (Allocation Failure) 327773.079: [ParNew: 422735K->6336K(471872K), 0.0070969 secs] 2347765K->1933320K(4141888K), 0.0072054 secs] [Times: user=0.05 sys=0.01, real=0.01 secs] 
327783.091: [GC (Allocation Failure) 327783.091: [ParNew: 425792K->5322K(471872K), 0.0073538 secs] 2352776K->1937116K(4141888K), 0.0074710 secs] [Times: user=0.05 sys=0.00, real=0.01 secs] 
327793.078: [GC (Allocation Failure) 327793.078: [ParNew: 424778K->5058K(471872K), 0.0074010 secs] 2356572K->1939503K(4141888K), 0.0075018 secs] [Times: user=0.06 sys=0.00, real=0.01 secs] 
327803.156: [GC (Allocation Failure) 327803.156: [ParNew: 424514K->4539K(471872K), 0.0072909 secs] 2358959K->1941751K(4141888K), 0.0073919 secs] [Times: user=0.05 sys=0.00, real=0.00 secs] 
327808.208: [GC (Allocation Failure) 327808.208: [ParNew: 423995K->5869K(471872K), 0.0068570 secs] 2361207K->1945085K(4141888K), 0.0069943 secs] [Times: user=0.04 sys=0.00, real=0.01 secs] 
327813.065: [GC (Allocation Failure) 327813.065: [ParNew: 425325K->3535K(471872K), 0.0057549 secs] 2364541K->1943740K(4141888K), 0.0058392 secs] [Times: user=0.04 sys=0.00, real=0.00 secs] 
327817.026: [GC (Allocation Failure) 327817.026: [ParNew: 422991K->2388K(471872K), 0.0059306 secs] 2363196K->1943692K(4141888K), 0.0060230 secs] [Times: user=0.05 sys=0.00, real=0.00 secs] 
327820.173: [GC (Allocation Failure) 327820.173: [ParNew: 421281K->5031K(471872K), 0.0056342 secs] 2362585K->1947363K(4141888K), 0.0057337 secs] [Times: user=0.04 sys=0.00, real=0.01 secs] 
327828.616: [GC (Allocation Failure) 327828.616: [ParNew: 424487K->26321K(471872K), 0.0078466 secs] 2366819K->1969260K(4141888K), 0.0079693 secs] [Times: user=0.06 sys=0.00, real=0.01 secs] 
327837.700: [GC (Allocation Failure) 327837.701: [ParNew: 445777K->6052K(471872K), 0.0092452 secs] 2388716K->1953307K(4141888K), 0.0093648 secs] [Times: user=0.07 sys=0.00, real=0.01 secs] 
327847.381: [GC (Allocation Failure) 327847.381: [ParNew: 425508K->6939K(471872K), 0.0067732 secs] 2372763K->1956060K(4141888K), 0.0069063 secs] [Times: user=0.05 sys=0.00, real=0.01 secs] 
327855.366: [GC (Allocation Failure) 327855.366: [ParNew: 426395K->5227K(471872K), 0.0126386 secs] 2375516K->1956678K(4141888K), 0.0127477 secs] [Times: user=0.07 sys=0.00, real=0.01 secs] 
327868.418: [GC (Allocation Failure) 327868.418: [ParNew: 424683K->5390K(471872K), 0.0074568 secs] 2376134K->1959473K(4141888K), 0.0075749 secs] [Times: user=0.06 sys=0.00, real=0.01 secs] 
327880.979: [GC (Allocation Failure) 327880.979: [ParNew: 424846K->5874K(471872K), 0.0078073 secs] 2378929K->1962621K(4141888K), 0.0079083 secs] [Times: user=0.05 sys=0.00, real=0.01 secs] 
327889.587: [GC (Allocation Failure) 327889.587: [ParNew: 424538K->6633K(471872K), 0.0110428 secs] 2381284K->1965954K(4141888K), 0.0111555 secs] [Times: user=0.08 sys=0.00, real=0.01 secs] 
327898.778: [GC (Allocation Failure) 327898.778: [ParNew: 426089K->6954K(471872K), 0.0077475 secs] 2385410K->1968675K(4141888K), 0.0078770 secs] [Times: user=0.05 sys=0.00, real=0.01 secs] 
327908.091: [GC (Allocation Failure) 327908.091: [ParNew: 426410K->4713K(471872K), 0.0080419 secs] 2388131K->1970762K(4141888K), 0.0081795 secs] [Times: user=0.06 sys=0.00, real=0.01 secs] 
327918.023: [GC (Allocation Failure) 327918.023: [ParNew: 424169K->5034K(471872K), 0.0091577 secs] 2390218K->1973302K(4141888K), 0.0092750 secs] [Times: user=0.06 sys=0.00, real=0.01 secs] 
327932.175: [GC (Allocation Failure) 327932.175: [ParNew: 424490K->4866K(471872K), 0.0106160 secs] 2392758K->1976393K(4141888K), 0.0107293 secs] [Times: user=0.07 sys=0.00, real=0.01 secs] 
327942.339: [GC (Allocation Failure) 327942.339: [ParNew: 424322K->5337K(471872K), 0.0074525 secs] 2395849K->1979639K(4141888K), 0.0075683 secs] [Times: user=0.05 sys=0.00, real=0.01 secs] 
327950.641: [GC (Allocation Failure) 327950.641: [ParNew: 424793K->4479K(471872K), 0.0073687 secs] 2399095K->1981310K(4141888K), 0.0074677 secs] [Times: user=0.05 sys=0.00, real=0.01 secs] 
327954.919: [GC (Allocation Failure) 327954.919: [ParNew: 423935K->5553K(471872K), 0.0065471 secs] 2400766K->1984741K(4141888K), 0.0066602 secs] [Times: user=0.05 sys=0.01, real=0.01 secs] 
327961.618: [GC (Allocation Failure) 327961.618: [ParNew: 425009K->4569K(471872K), 0.0089345 secs] 2404197K->1987439K(4141888K), 0.0090482 secs] [Times: user=0.05 sys=0.00, real=0.01 secs] 
327966.125: [GC (Allocation Failure) 327966.125: [ParNew: 424025K->4567K(471872K), 0.0107629 secs] 2406895K->1989375K(4141888K), 0.0108591 secs] [Times: user=0.06 sys=0.00, real=0.01 secs] 
327970.385: [GC (Allocation Failure) 327970.385: [ParNew: 424023K->5643K(471872K), 0.0064643 secs] 2408831K->1991797K(4141888K), 0.0065711 secs] [Times: user=0.05 sys=0.00, real=0.00 secs] 
327971.381: [GC (Allocation Failure) 327971.381: [ParNew: 425099K->3920K(471872K), 0.0075348 secs] 2411253K->1991695K(4141888K), 0.0076576 secs] [Times: user=0.06 sys=0.00, real=0.01 secs] 
327972.412: [GC (Allocation Failure) 327972.412: [ParNew: 423376K->1707K(471872K), 0.0069605 secs] 2411151K->1990429K(4141888K), 0.0070811 secs] [Times: user=0.04 sys=0.01, real=0.01 secs] 
327974.917: [GC (Allocation Failure) 327974.917: [ParNew: 421163K->2669K(471872K), 0.0062574 secs] 2409885K->1991917K(4141888K), 0.0063686 secs] [Times: user=0.04 sys=0.00, real=0.00 secs] 
327977.954: [GC (Allocation Failure) 327977.954: [ParNew: 421510K->5600K(471872K), 0.0071644 secs] 2410758K->1996084K(4141888K), 0.0072574 secs] [Times: user=0.05 sys=0.00, real=0.01 secs] 
327980.150: [GC (Allocation Failure) 327980.150: [ParNew: 424863K->5691K(471872K), 0.0049811 secs] 2415347K->1997009K(4141888K), 0.0050761 secs] [Times: user=0.04 sys=0.00, real=0.01 secs] 
327984.067: [GC (Allocation Failure) 327984.067: [ParNew: 425147K->5571K(471872K), 0.0072896 secs] 2416465K->1997928K(4141888K), 0.0074142 secs] [Times: user=0.05 sys=0.00, real=0.01 secs] 
327993.087: [GC (Allocation Failure) 327993.087: [ParNew: 425027K->5382K(471872K), 0.0063424 secs] 2417384K->1998561K(4141888K), 0.0064402 secs] [Times: user=0.04 sys=0.00, real=0.00 secs] 
328003.056: [GC (Allocation Failure) 328003.056: [ParNew: 424838K->4940K(471872K), 0.0064494 secs] 2418017K->2000558K(4141888K), 0.0065547 secs] [Times: user=0.05 sys=0.00, real=0.00 secs] 
328007.298: [GC (Allocation Failure) 328007.298: [ParNew: 424396K->3899K(471872K), 0.0080051 secs] 2420014K->2001616K(4141888K), 0.0081017 secs] [Times: user=0.06 sys=0.00, real=0.01 secs] 
328012.597: [GC (Allocation Failure) 328012.597: [ParNew: 423355K->23841K(471872K), 0.0065112 secs] 2421072K->2022624K(4141888K), 0.0066307 secs] [Times: user=0.05 sys=0.00, real=0.00 secs] 
328015.000: [GC (Allocation Failure) 328015.000: [ParNew: 443297K->4917K(471872K), 0.0058166 secs] 2442080K->2005290K(4141888K), 0.0059214 secs] [Times: user=0.04 sys=0.00, real=0.01 secs] 
328018.871: [GC (Allocation Failure) 328018.871: [ParNew: 424373K->2824K(471872K), 0.0050491 secs] 2424746K->2006358K(4141888K), 0.0051353 secs] [Times: user=0.04 sys=0.00, real=0.01 secs] 
328021.605: [GC (Allocation Failure) 328021.605: [ParNew: 422280K->2069K(471872K), 0.0055232 secs] 2425814K->2006922K(4141888K), 0.0056123 secs] [Times: user=0.04 sys=0.00, real=0.00 secs] 
328025.180: [GC (Allocation Failure) 328025.180: [ParNew: 421306K->8065K(471872K), 0.0057317 secs] 2426159K->2013447K(4141888K), 0.0058323 secs] [Times: user=0.05 sys=0.00, real=0.01 secs] 
328033.057: [GC (Allocation Failure) 328033.057: [ParNew: 427521K->4745K(471872K), 0.0059303 secs] 2432903K->2011605K(4141888K), 0.0060209 secs] [Times: user=0.04 sys=0.00, real=0.00 secs] 
328038.049: [GC (Allocation Failure) 328038.049: [ParNew: 424201K->3610K(471872K), 0.0059961 secs] 2431061K->2012820K(4141888K), 0.0060913 secs] [Times: user=0.05 sys=0.00, real=0.01 secs] 
328043.100: [GC (Allocation Failure) 328043.100: [ParNew: 423066K->2534K(471872K), 0.0079593 secs] 2432276K->2013270K(4141888K), 0.0080776 secs] [Times: user=0.05 sys=0.00, real=0.01 secs] 
328053.125: [GC (Allocation Failure) 328053.125: [ParNew: 421990K->4427K(471872K), 0.0108962 secs] 2432726K->2016398K(4141888K), 0.0110171 secs] [Times: user=0.07 sys=0.00, real=0.01 secs] 
328063.334: [GC (Allocation Failure) 328063.334: [ParNew: 423844K->5216K(471872K), 0.0079279 secs] 2435814K->2019442K(4141888K), 0.0080360 secs] [Times: user=0.06 sys=0.00, real=0.00 secs] 
328073.559: [GC (Allocation Failure) 328073.559: [ParNew: 423679K->31957K(471872K), 0.0083426 secs] 2437905K->2048327K(4141888K), 0.0084507 secs] [Times: user=0.06 sys=0.00, real=0.01 secs] 
328083.142: [GC (Allocation Failure) 328083.142: [ParNew: 451413K->8854K(471872K), 0.0071652 secs] 2467783K->2027530K(4141888K), 0.0072814 secs] [Times: user=0.06 sys=0.00, real=0.01 secs] 
328092.416: [GC (Allocation Failure) 328092.416: [ParNew: 428310K->8036K(471872K), 0.0108665 secs] 2446986K->2031076K(4141888K), 0.0109844 secs] [Times: user=0.06 sys=0.00, real=0.01 secs] 
328102.289: [GC (Allocation Failure) 328102.289: [ParNew: 427492K->6234K(471872K), 0.0076268 secs] 2450532K->2031770K(4141888K), 0.0077524 secs] [Times: user=0.06 sys=0.00, real=0.01 secs] 
328113.113: [GC (Allocation Failure) 328113.113: [ParNew: 425690K->4685K(471872K), 0.0092298 secs] 2451226K->2033210K(4141888K), 0.0093509 secs] [Times: user=0.06 sys=0.00, real=0.01 secs] 
328124.036: [GC (Allocation Failure) 328124.036: [ParNew: 424141K->5386K(471872K), 0.0106021 secs] 2452666K->2036311K(4141888K), 0.0107170 secs] [Times: user=0.05 sys=0.00, real=0.01 secs] 
328134.552: [GC (Allocation Failure) 328134.552: [ParNew: 424842K->9591K(471872K), 0.0083811 secs] 2455767K->2042695K(4141888K), 0.0084860 secs] [Times: user=0.06 sys=0.00, real=0.01 secs] 
328143.098: [GC (Allocation Failure) 328143.098: [ParNew: 429047K->6244K(471872K), 0.0073996 secs] 2462151K->2042137K(4141888K), 0.0075058 secs] [Times: user=0.05 sys=0.00, real=0.01 secs] 
328147.982: [GC (Allocation Failure) 328147.982: [ParNew: 425700K->3764K(471872K), 0.0073875 secs] 2461593K->2043913K(4141888K), 0.0074997 secs] [Times: user=0.06 sys=0.00, real=0.01 secs] 
328151.411: [GC (Allocation Failure) 328151.411: [ParNew: 423220K->5436K(471872K), 0.0070992 secs] 2463369K->2046797K(4141888K), 0.0072222 secs] [Times: user=0.05 sys=0.01, real=0.01 secs] 
328154.425: [GC (Allocation Failure) 328154.425: [ParNew: 424892K->6205K(471872K), 0.0202044 secs] 2466253K->2049383K(4141888K), 0.0203200 secs] [Times: user=0.07 sys=0.00, real=0.02 secs] 
328159.844: [GC (Allocation Failure) 328159.844: [ParNew: 425661K->4558K(471872K), 0.0082381 secs] 2468838K->2049612K(4141888K), 0.0083326 secs] [Times: user=0.05 sys=0.00, real=0.00 secs] 
328164.562: [GC (Allocation Failure) 328164.562: [ParNew: 424014K->4556K(471872K), 0.0115929 secs] 2469068K->2050793K(4141888K), 0.0117112 secs] [Times: user=0.06 sys=0.00, real=0.02 secs] 
328173.091: [GC (Allocation Failure) 328173.091: [ParNew: 424012K->5285K(471872K), 0.0085773 secs] 2470249K->2052602K(4141888K), 0.0086653 secs] [Times: user=0.05 sys=0.00, real=0.01 secs] 
328182.905: [GC (Allocation Failure) 328182.905: [ParNew: 424741K->5753K(471872K), 0.0078660 secs] 2472058K->2055505K(4141888K), 0.0079669 secs] [Times: user=0.06 sys=0.00, real=0.00 secs] 
328191.509: [GC (Allocation Failure) 328191.509: [ParNew: 425209K->4941K(471872K), 0.0087662 secs] 2474961K->2057213K(4141888K), 0.0089002 secs] [Times: user=0.06 sys=0.00, real=0.01 secs] 
328198.866: [GC (Allocation Failure) 328198.866: [ParNew: 424397K->8053K(471872K), 0.0075330 secs] 2476669K->2062253K(4141888K), 0.0076482 secs] [Times: user=0.05 sys=0.00, real=0.00 secs] 
328205.149: [GC (Allocation Failure) 328205.149: [ParNew: 427509K->17635K(471872K), 0.0069354 secs] 2481709K->2076208K(4141888K), 0.0070420 secs] [Times: user=0.05 sys=0.00, real=0.01 secs] 
328207.160: [GC (Allocation Failure) 328207.160: [ParNew: 437091K->23644K(471872K), 0.0069281 secs] 2495664K->2084190K(4141888K), 0.0070319 secs] [Times: user=0.05 sys=0.00, real=0.01 secs] 
328210.155: [GC (Allocation Failure) 328210.155: [ParNew: 443100K->22335K(471872K), 0.0079044 secs] 2503646K->2083354K(4141888K), 0.0080070 secs] [Times: user=0.06 sys=0.00, real=0.00 secs] 
328211.151: [GC (Allocation Failure) 328211.151: [ParNew: 441791K->13582K(471872K), 0.0051218 secs] 2502810K->2076029K(4141888K), 0.0052250 secs] [Times: user=0.03 sys=0.00, real=0.01 secs] 
328211.524: [GC (Allocation Failure) 328211.524: [ParNew: 433038K->21586K(471872K), 0.0064318 secs] 2495485K->2085118K(4141888K), 0.0065362 secs] [Times: user=0.04 sys=0.00, real=0.01 secs] 
328213.170: [GC (Allocation Failure) 328213.170: [ParNew: 439354K->6047K(471872K), 0.0056498 secs] 2502885K->2070489K(4141888K), 0.0057748 secs] [Times: user=0.04 sys=0.00, real=0.01 secs] 
328213.593: [GC (Allocation Failure) 328213.593: [ParNew: 425503K->22209K(471872K), 0.0079893 secs] 2489945K->2087681K(4141888K), 0.0080965 secs] [Times: user=0.06 sys=0.00, real=0.01 secs] 
328214.165: [GC (Allocation Failure) 328214.165: [ParNew: 441665K->31008K(471872K), 0.0054812 secs] 2507137K->2096567K(4141888K), 0.0055886 secs] [Times: user=0.05 sys=0.00, real=0.00 secs] 
328214.411: [GC (Allocation Failure) 328214.411: [ParNew: 450464K->26436K(471872K), 0.0076092 secs] 2516023K->2092621K(4141888K), 0.0077092 secs] [Times: user=0.06 sys=0.01, real=0.01 secs] 
328214.636: [GC (Allocation Failure) 328214.636: [ParNew: 445892K->7833K(471872K), 0.0058579 secs] 2512077K->2080598K(4141888K), 0.0059471 secs] [Times: user=0.03 sys=0.00, real=0.00 secs] 
328215.136: [GC (Allocation Failure) 328215.136: [ParNew: 427289K->12277K(471872K), 0.0084746 secs] 2500054K->2088013K(4141888K), 0.0085729 secs] [Times: user=0.05 sys=0.00, real=0.01 secs] 
328215.376: [GC (Allocation Failure) 328215.376: [ParNew: 431733K->25676K(471872K), 0.0098081 secs] 2507469K->2102101K(4141888K), 0.0099094 secs] [Times: user=0.08 sys=0.00, real=0.01 secs] 
328216.039: [GC (Allocation Failure) 328216.039: [ParNew: 445132K->11155K(471872K), 0.0069180 secs] 2521557K->2088023K(4141888K), 0.0070200 secs] [Times: user=0.05 sys=0.00, real=0.01 secs] 
328216.424: [GC (Allocation Failure) 328216.424: [ParNew: 430611K->7188K(471872K), 0.0052937 secs] 2507479K->2084626K(4141888K), 0.0053819 secs] [Times: user=0.04 sys=0.00, real=0.00 secs] 
328216.990: [GC (Allocation Failure) 328216.990: [ParNew: 426644K->5601K(471872K), 0.0054523 secs] 2504082K->2086327K(4141888K), 0.0055465 secs] [Times: user=0.04 sys=0.00, real=0.01 secs] 
328216.998: [GC (GCLocker Initiated GC) 328216.998: [ParNew: 7445K->1691K(471872K), 0.0072406 secs] 2088170K->2086304K(4141888K), 0.0073026 secs] [Times: user=0.03 sys=0.00, real=0.01 secs] 
328217.270: [GC (Allocation Failure) 328217.270: [ParNew: 421147K->24680K(471872K), 0.0068483 secs] 2505760K->2109293K(4141888K), 0.0069448 secs] [Times: user=0.05 sys=0.00, real=0.01 secs] 
328220.143: [GC (Allocation Failure) 328220.143: [ParNew: 444136K->19102K(471872K), 0.0083176 secs] 2528749K->2107403K(4141888K), 0.0084421 secs] [Times: user=0.06 sys=0.00, real=0.01 secs] 
328220.533: [GC (Allocation Failure) 328220.533: [ParNew: 437795K->10058K(471872K), 0.0050734 secs] 2526095K->2099627K(4141888K), 0.0051748 secs] [Times: user=0.04 sys=0.00, real=0.01 secs] 
328223.245: [GC (Allocation Failure) 328223.245: [ParNew: 429468K->6075K(471872K), 0.0063269 secs] 2519037K->2095776K(4141888K), 0.0064370 secs] [Times: user=0.05 sys=0.00, real=0.00 secs] 
328226.746: [GC (Allocation Failure) 328226.746: [ParNew: 425531K->5118K(471872K), 0.0066450 secs] 2515232K->2098213K(4141888K), 0.0067549 secs] [Times: user=0.04 sys=0.00, real=0.00 secs] 
328230.758: [GC (Allocation Failure) 328230.758: [ParNew: 424574K->4545K(471872K), 0.0060752 secs] 2517669K->2098735K(4141888K), 0.0061615 secs] [Times: user=0.04 sys=0.00, real=0.01 secs] 
328233.882: [GC (Allocation Failure) 328233.882: [ParNew: 423933K->5080K(471872K), 0.0063724 secs] 2518123K->2101014K(4141888K), 0.0064643 secs] [Times: user=0.04 sys=0.00, real=0.01 secs] 
328237.148: [GC (Allocation Failure) 328237.148: [ParNew: 424536K->4155K(471872K), 0.0058731 secs] 2520470K->2101156K(4141888K), 0.0059663 secs] [Times: user=0.04 sys=0.00, real=0.01 secs] 
328238.770: [GC (Allocation Failure) 328238.770: [ParNew: 423611K->3768K(471872K), 0.0052942 secs] 2520612K->2102347K(4141888K), 0.0053916 secs] [Times: user=0.04 sys=0.00, real=0.01 secs] 
328241.706: [GC (Allocation Failure) 328241.706: [ParNew: 423224K->3016K(471872K), 0.0053039 secs] 2521803K->2102113K(4141888K), 0.0053983 secs] [Times: user=0.03 sys=0.00, real=0.00 secs] 
328244.168: [GC (Allocation Failure) 328244.168: [ParNew: 422439K->3736K(471872K), 0.0064647 secs] 2521536K->2103815K(4141888K), 0.0065536 secs] [Times: user=0.05 sys=0.00, real=0.01 secs] 
328246.330: [GC (Allocation Failure) 328246.330: [ParNew: 423192K->3612K(471872K), 0.0058164 secs] 2523271K->2104612K(4141888K), 0.0059161 secs] [Times: user=0.04 sys=0.00, real=0.01 secs] 
328250.474: [GC (Allocation Failure) 328250.474: [ParNew: 423068K->3516K(471872K), 0.0059747 secs] 2524068K->2105724K(4141888K), 0.0060858 secs] [Times: user=0.04 sys=0.00, real=0.00 secs] 
328252.846: [GC (Allocation Failure) 328252.846: [ParNew: 422972K->5627K(471872K), 0.0061279 secs] 2525180K->2109176K(4141888K), 0.0062234 secs] [Times: user=0.04 sys=0.00, real=0.00 secs] 
328254.417: [GC (Allocation Failure) 328254.417: [ParNew: 425035K->3753K(471872K), 0.0059278 secs] 2528585K->2108596K(4141888K), 0.0060456 secs] [Times: user=0.04 sys=0.00, real=0.00 secs] 
328258.947: [GC (Allocation Failure) 328258.947: [ParNew: 423209K->5849K(471872K), 0.0095055 secs] 2528052K->2111638K(4141888K), 0.0096113 secs] [Times: user=0.07 sys=0.00, real=0.01 secs] 
328266.527: [GC (Allocation Failure) 328266.527: [ParNew: 425305K->4438K(471872K), 0.0089449 secs] 2531094K->2114487K(4141888K), 0.0090409 secs] [Times: user=0.07 sys=0.00, real=0.01 secs] 
328273.312: [GC (Allocation Failure) 328273.313: [ParNew: 423894K->5317K(471872K), 0.0080404 secs] 2533943K->2117775K(4141888K), 0.0081415 secs] [Times: user=0.06 sys=0.00, real=0.01 secs] 
328277.544: [GC (Allocation Failure) 328277.544: [ParNew: 424773K->7980K(471872K), 0.0096645 secs] 2537231K->2122717K(4141888K), 0.0097600 secs] [Times: user=0.07 sys=0.00, real=0.01 secs] 
328289.715: [GC (Allocation Failure) 328289.715: [ParNew: 427436K->9418K(471872K), 0.0093740 secs] 2542173K->2126383K(4141888K), 0.0094905 secs] [Times: user=0.07 sys=0.00, real=0.01 secs] 
328301.361: [GC (Allocation Failure) 328301.361: [ParNew: 428874K->7398K(471872K), 0.0100806 secs] 2545839K->2128071K(4141888K), 0.0101820 secs] [Times: user=0.07 sys=0.00, real=0.01 secs] 
328310.607: [GC (Allocation Failure) 328310.607: [ParNew: 426854K->5862K(471872K), 0.0092280 secs] 2547527K->2130095K(4141888K), 0.0093453 secs] [Times: user=0.07 sys=0.00, real=0.01 secs] 
328315.352: [GC (Allocation Failure) 328315.352: [ParNew: 425318K->5175K(471872K), 0.0089327 secs] 2549551K->2132652K(4141888K), 0.0090482 secs] [Times: user=0.06 sys=0.00, real=0.01 secs] 
328320.625: [GC (Allocation Failure) 328320.625: [ParNew: 424631K->22408K(471872K), 0.0077176 secs] 2552108K->2152094K(4141888K), 0.0078255 secs] [Times: user=0.06 sys=0.00, real=0.00 secs] 
328324.771: [GC (Allocation Failure) 328324.771: [ParNew: 441864K->6116K(471872K), 0.0078522 secs] 2571550K->2140152K(4141888K), 0.0079516 secs] [Times: user=0.06 sys=0.00, real=0.01 secs] 
328333.319: [GC (Allocation Failure) 328333.319: [ParNew: 424379K->9267K(471872K), 0.0076639 secs] 2558415K->2144824K(4141888K), 0.0077742 secs] [Times: user=0.05 sys=0.00, real=0.01 secs] 
328343.093: [GC (Allocation Failure) 328343.093: [ParNew: 428723K->6153K(471872K), 0.0073824 secs] 2564280K->2144116K(4141888K), 0.0074836 secs] [Times: user=0.06 sys=0.01, real=0.01 secs] 
328353.173: [GC (Allocation Failure) 328353.173: [ParNew: 425601K->5603K(471872K), 0.0105579 secs] 2563563K->2146741K(4141888K), 0.0106712 secs] [Times: user=0.06 sys=0.00, real=0.01 secs] 
328363.154: [GC (Allocation Failure) 328363.154: [ParNew: 425059K->4540K(471872K), 0.0107345 secs] 2566197K->2147805K(4141888K), 0.0108401 secs] [Times: user=0.06 sys=0.00, real=0.01 secs] 
328373.121: [GC (Allocation Failure) 328373.121: [ParNew: 423996K->5121K(471872K), 0.0093175 secs] 2567261K->2150852K(4141888K), 0.0094192 secs] [Times: user=0.06 sys=0.00, real=0.01 secs] 
328381.172: [GC (Allocation Failure) 328381.172: [ParNew: 424545K->4600K(471872K), 0.0065882 secs] 2570277K->2152894K(4141888K), 0.0067022 secs] [Times: user=0.04 sys=0.00, real=0.01 secs] 
328386.700: [GC (Allocation Failure) 328386.700: [ParNew: 424056K->6034K(471872K), 0.0069737 secs] 2572350K->2156349K(4141888K), 0.0070739 secs] [Times: user=0.05 sys=0.00, real=0.01 secs] 
328395.481: [GC (Allocation Failure) 328395.482: [ParNew: 425490K->4614K(471872K), 0.0067228 secs] 2575805K->2158853K(4141888K), 0.0068266 secs] [Times: user=0.04 sys=0.00, real=0.01 secs] 
328400.802: [GC (Allocation Failure) 328400.802: [ParNew: 424070K->4867K(471872K), 0.0085122 secs] 2578309K->2161635K(4141888K), 0.0086320 secs] [Times: user=0.05 sys=0.00, real=0.01 secs] 
328411.763: [GC (Allocation Failure) 328411.763: [ParNew: 424323K->4913K(471872K), 0.0092085 secs] 2581091K->2163965K(4141888K), 0.0093117 secs] [Times: user=0.06 sys=0.00, real=0.01 secs] 
328423.076: [GC (Allocation Failure) 328423.076: [ParNew: 424369K->4966K(471872K), 0.0097559 secs] 2583421K->2166549K(4141888K), 0.0098757 secs] [Times: user=0.05 sys=0.00, real=0.01 secs] 
328433.097: [GC (Allocation Failure) 328433.097: [ParNew: 424422K->5300K(471872K), 0.0076625 secs] 2586005K->2169392K(4141888K), 0.0078277 secs] [Times: user=0.06 sys=0.00, real=0.01 secs] 
328442.627: [GC (Allocation Failure) 328442.627: [ParNew: 424756K->23925K(471872K), 0.0093551 secs] 2588848K->2190310K(4141888K), 0.0094987 secs] [Times: user=0.06 sys=0.00, real=0.01 secs] 
328449.698: [GC (Allocation Failure) 328449.698: [ParNew: 443381K->6387K(471872K), 0.0088269 secs] 2609766K->2177665K(4141888K), 0.0089372 secs] [Times: user=0.05 sys=0.00, real=0.01 secs] 
328458.320: [GC (Allocation Failure) 328458.320: [ParNew: 425843K->6484K(471872K), 0.0106621 secs] 2597121K->2179865K(4141888K), 0.0107766 secs] [Times: user=0.06 sys=0.00, real=0.01 secs] 
328464.725: [GC (Allocation Failure) 328464.725: [ParNew: 425940K->5123K(471872K), 0.0096614 secs] 2599321K->2180916K(4141888K), 0.0098114 secs] [Times: user=0.06 sys=0.00, real=0.01 secs] 
328475.148: [GC (Allocation Failure) 328475.148: [ParNew: 424579K->4828K(471872K), 0.0072109 secs] 2600372K->2183076K(4141888K), 0.0073161 secs] [Times: user=0.06 sys=0.00, real=0.01 secs] 
328487.680: [GC (Allocation Failure) 328487.680: [ParNew: 424284K->8947K(471872K), 0.0086494 secs] 2602532K->2189634K(4141888K), 0.0087547 secs] [Times: user=0.06 sys=0.00, real=0.01 secs] 
328490.101: [GC (Allocation Failure) 328490.101: [ParNew: 428403K->17417K(471872K), 0.0071604 secs] 2609090K->2201334K(4141888K), 0.0072685 secs] [Times: user=0.05 sys=0.00, real=0.01 secs] 
328492.152: [GC (Allocation Failure) 328492.152: [ParNew: 436873K->25583K(471872K), 0.0078488 secs] 2620790K->2210130K(4141888K), 0.0079515 secs] [Times: user=0.06 sys=0.00, real=0.01 secs] 
328493.260: [GC (Allocation Failure) 328493.260: [ParNew: 445039K->13439K(471872K), 0.0078209 secs] 2629586K->2198551K(4141888K), 0.0079263 secs] [Times: user=0.05 sys=0.00, real=0.01 secs] 
328495.136: [GC (Allocation Failure) 328495.136: [ParNew: 432895K->20732K(471872K), 0.0068678 secs] 2618007K->2206323K(4141888K), 0.0069854 secs] [Times: user=0.05 sys=0.00, real=0.00 secs] 
328497.089: [GC (Allocation Failure) 328497.089: [ParNew: 440188K->12769K(471872K), 0.0049019 secs] 2625779K->2199270K(4141888K), 0.0049985 secs] [Times: user=0.03 sys=0.00, real=0.01 secs] 
328498.366: [GC (Allocation Failure) 328498.366: [ParNew: 432225K->22366K(471872K), 0.0071396 secs] 2618726K->2209450K(4141888K), 0.0072489 secs] [Times: user=0.06 sys=0.00, real=0.00 secs] 
328500.357: [GC (Allocation Failure) 328500.357: [ParNew: 441822K->22838K(471872K), 0.0057583 secs] 2628906K->2210196K(4141888K), 0.0058660 secs] [Times: user=0.04 sys=0.00, real=0.00 secs] 
328503.553: [GC (Allocation Failure) 328503.553: [ParNew: 441129K->4962K(471872K), 0.0060430 secs] 2628487K->2192739K(4141888K), 0.0061477 secs] [Times: user=0.04 sys=0.00, real=0.01 secs] 
328513.116: [GC (Allocation Failure) 328513.116: [ParNew: 424418K->6719K(471872K), 0.0071266 secs] 2612195K->2197684K(4141888K), 0.0072896 secs] [Times: user=0.05 sys=0.00, real=0.00 secs] 
328519.436: [GC (Allocation Failure) 328519.436: [ParNew: 426175K->9425K(471872K), 0.0076994 secs] 2617140K->2205061K(4141888K), 0.0078227 secs] [Times: user=0.06 sys=0.00, real=0.01 secs] 
328530.582: [GC (Allocation Failure) 328530.582: [ParNew: 428881K->7073K(471872K), 0.0072853 secs] 2624517K->2205047K(4141888K), 0.0074091 secs] [Times: user=0.05 sys=0.00, real=0.01 secs] 
328542.527: [GC (Allocation Failure) 328542.527: [ParNew: 426529K->4737K(471872K), 0.0080113 secs] 2624503K->2206110K(4141888K), 0.0081117 secs] [Times: user=0.06 sys=0.00, real=0.01 secs] 
328545.410: [GC (Allocation Failure) 328545.410: [ParNew: 424193K->4045K(471872K), 0.0082954 secs] 2625566K->2208062K(4141888K), 0.0084816 secs] [Times: user=0.05 sys=0.00, real=0.01 secs] 
328549.695: [GC (Allocation Failure) 328549.695: [ParNew: 423501K->2557K(471872K), 0.0063634 secs] 2627518K->2207930K(4141888K), 0.0064778 secs] [Times: user=0.04 sys=0.00, real=0.00 secs] 
328560.474: [GC (Allocation Failure) 328560.474: [ParNew: 422013K->4599K(471872K), 0.0086916 secs] 2627386K->2211465K(4141888K), 0.0088663 secs] [Times: user=0.06 sys=0.00, real=0.01 secs] 
328565.800: [GC (Allocation Failure) 328565.800: [ParNew: 423865K->7066K(471872K), 0.0098961 secs] 2630731K->2217094K(4141888K), 0.0100105 secs] [Times: user=0.07 sys=0.00, real=0.01 secs] 
328573.089: [GC (GCLocker Initiated GC) 328573.089: [ParNew: 426522K->7449K(471872K), 0.0073738 secs] 2636550K->2221202K(4141888K), 0.0074809 secs] [Times: user=0.05 sys=0.00, real=0.01 secs] 
328577.407: [GC (Allocation Failure) 328577.407: [ParNew: 426905K->9229K(471872K), 0.0069784 secs] 2640658K->2225282K(4141888K), 0.0070925 secs] [Times: user=0.05 sys=0.00, real=0.01 secs] 
328582.784: [GC (Allocation Failure) 328582.784: [ParNew: 428685K->7229K(471872K), 0.0087005 secs] 2644738K->2224307K(4141888K), 0.0088024 secs] [Times: user=0.06 sys=0.00, real=0.00 secs] 
328586.522: [GC (Allocation Failure) 328586.523: [ParNew: 426569K->5272K(471872K), 0.0075532 secs] 2643647K->2224371K(4141888K), 0.0077164 secs] [Times: user=0.05 sys=0.00, real=0.01 secs] 
328593.070: [GC (Allocation Failure) 328593.070: [ParNew: 424728K->4601K(471872K), 0.0057672 secs] 2643827K->2225549K(4141888K), 0.0058653 secs] [Times: user=0.04 sys=0.00, real=0.01 secs] 
328596.827: [GC (Allocation Failure) 328596.827: [ParNew: 424057K->9438K(471872K), 0.0089529 secs] 2645005K->2231874K(4141888K), 0.0090718 secs] [Times: user=0.06 sys=0.01, real=0.01 secs] 
328597.204: [GC (Allocation Failure) 328597.204: [ParNew: 428894K->8075K(471872K), 0.0062307 secs] 2651330K->2234768K(4141888K), 0.0063491 secs] [Times: user=0.04 sys=0.00, real=0.00 secs] 
328597.763: [GC (Allocation Failure) 328597.763: [ParNew: 427531K->5689K(471872K), 0.0068056 secs] 2654224K->2236149K(4141888K), 0.0069510 secs] [Times: user=0.05 sys=0.00, real=0.01 secs] 
328598.416: [GC (GCLocker Initiated GC) 328598.416: [ParNew: 425145K->6002K(471872K), 0.0116150 secs] 2655605K->2239056K(4141888K), 0.0117667 secs] [Times: user=0.08 sys=0.00, real=0.01 secs] 
328599.188: [GC (Allocation Failure) 328599.188: [ParNew: 425458K->6312K(471872K), 0.0098913 secs] 2658512K->2240072K(4141888K), 0.0100525 secs] [Times: user=0.07 sys=0.00, real=0.01 secs] 
328599.866: [GC (Allocation Failure) 328599.866: [ParNew: 425768K->4261K(471872K), 0.0072083 secs] 2659528K->2238879K(4141888K), 0.0073304 secs] [Times: user=0.05 sys=0.00, real=0.00 secs] 
328600.464: [GC (Allocation Failure) 328600.464: [ParNew: 423717K->2866K(471872K), 0.0070155 secs] 2658335K->2237995K(4141888K), 0.0071472 secs] [Times: user=0.05 sys=0.01, real=0.00 secs] 
328603.266: [GC (Allocation Failure) 328603.266: [ParNew: 422322K->2626K(471872K), 0.0056968 secs] 2657451K->2237989K(4141888K), 0.0058167 secs] [Times: user=0.04 sys=0.00, real=0.00 secs] 
328611.855: [GC (Allocation Failure) 328611.855: [ParNew: 422082K->3782K(471872K), 0.0067484 secs] 2657445K->2239839K(4141888K), 0.0068820 secs] [Times: user=0.05 sys=0.00, real=0.00 secs] 
328614.732: [GC (Allocation Failure) 328614.732: [ParNew: 423215K->4763K(471872K), 0.0064349 secs] 2659272K->2243415K(4141888K), 0.0065385 secs] [Times: user=0.05 sys=0.00, real=0.01 secs] 
328622.699: [GC (Allocation Failure) 328622.699: [ParNew: 424219K->4043K(471872K), 0.0076650 secs] 2662871K->2243375K(4141888K), 0.0078081 secs] [Times: user=0.05 sys=0.00, real=0.01 secs] 
328628.902: [GC (Allocation Failure) 328628.902: [ParNew: 423499K->5862K(471872K), 0.0115463 secs] 2662831K->2248191K(4141888K), 0.0116712 secs] [Times: user=0.09 sys=0.00, real=0.01 secs] 
328633.060: [GC (Allocation Failure) 328633.060: [ParNew: 425318K->3466K(471872K), 0.0081393 secs] 2667647K->2249665K(4141888K), 0.0082593 secs] [Times: user=0.06 sys=0.00, real=0.01 secs] 
328638.379: [GC (Allocation Failure) 328638.380: [ParNew: 422922K->4144K(471872K), 0.0064593 secs] 2669121K->2252025K(4141888K), 0.0066221 secs] [Times: user=0.05 sys=0.00, real=0.01 secs] 
328645.385: [GC (Allocation Failure) 328645.385: [ParNew: 423600K->4373K(471872K), 0.0091808 secs] 2671481K->2253627K(4141888K), 0.0092949 secs] [Times: user=0.06 sys=0.01, real=0.01 secs] 
328652.856: [GC (Allocation Failure) 328652.856: [ParNew: 423829K->4480K(471872K), 0.0083546 secs] 2673083K->2256805K(4141888K), 0.0084561 secs] [Times: user=0.05 sys=0.00, real=0.01 secs] 
328656.745: [GC (Allocation Failure) 328656.745: [ParNew: 423711K->6359K(471872K), 0.0078440 secs] 2676036K->2261214K(4141888K), 0.0079569 secs] [Times: user=0.05 sys=0.00, real=0.00 secs] 
328661.072: [GC (Allocation Failure) 328661.072: [ParNew: 425815K->3832K(471872K), 0.0078190 secs] 2680670K->2260135K(4141888K), 0.0079720 secs] [Times: user=0.05 sys=0.00, real=0.01 secs] 
328663.072: [GC (Allocation Failure) 328663.072: [ParNew: 423288K->2781K(471872K), 0.0063190 secs] 2679591K->2260145K(4141888K), 0.0064348 secs] [Times: user=0.04 sys=0.00, real=0.01 secs] 
328665.915: [GC (Allocation Failure) 328665.915: [ParNew: 421920K->5631K(471872K), 0.0067265 secs] 2679284K->2263538K(4141888K), 0.0068464 secs] [Times: user=0.05 sys=0.00, real=0.00 secs] 
328670.909: [GC (Allocation Failure) 328670.910: [ParNew: 425087K->5343K(471872K), 0.0066587 secs] 2682994K->2264032K(4141888K), 0.0067939 secs] [Times: user=0.05 sys=0.00, real=0.01 secs] 
328680.298: [GC (Allocation Failure) 328680.298: [ParNew: 424799K->4658K(471872K), 0.0068906 secs] 2683488K->2264762K(4141888K), 0.0070177 secs] [Times: user=0.05 sys=0.00, real=0.01 secs] 
328687.566: [GC (Allocation Failure) 328687.566: [ParNew: 422465K->34352K(471872K), 0.0086452 secs] 2682570K->2296488K(4141888K), 0.0087800 secs] [Times: user=0.06 sys=0.00, real=0.01 secs] 
328692.384: [GC (Allocation Failure) 328692.384: [ParNew: 453808K->7324K(471872K), 0.0072661 secs] 2715944K->2271025K(4141888K), 0.0073831 secs] [Times: user=0.05 sys=0.00, real=0.00 secs] 
328699.849: [GC (Allocation Failure) 328699.849: [ParNew: 426780K->7232K(471872K), 0.0082687 secs] 2690481K->2274567K(4141888K), 0.0084329 secs] [Times: user=0.06 sys=0.00, real=0.01 secs] 
328703.092: [GC (Allocation Failure) 328703.092: [ParNew: 426688K->4365K(471872K), 0.0132428 secs] 2694023K->2274316K(4141888K), 0.0133573 secs] [Times: user=0.09 sys=0.01, real=0.02 secs] 
328706.603: [GC (Allocation Failure) 328706.603: [ParNew: 423821K->3463K(471872K), 0.0065310 secs] 2693772K->2274706K(4141888K), 0.0066559 secs] [Times: user=0.05 sys=0.00, real=0.01 secs] 
328709.530: [GC (Allocation Failure) 328709.530: [ParNew: 422919K->5264K(471872K), 0.0057807 secs] 2694162K->2278224K(4141888K), 0.0058834 secs] [Times: user=0.04 sys=0.00, real=0.01 secs] 
328713.110: [GC (Allocation Failure) 328713.110: [ParNew: 424720K->3607K(471872K), 0.0062158 secs] 2697680K->2277899K(4141888K), 0.0063422 secs] [Times: user=0.05 sys=0.00, real=0.01 secs] 
328723.176: [GC (Allocation Failure) 328723.176: [ParNew: 423063K->3876K(471872K), 0.0075567 secs] 2697355K->2279645K(4141888K), 0.0076698 secs] [Times: user=0.06 sys=0.01, real=0.00 secs] 
328733.075: [GC (Allocation Failure) 328733.075: [ParNew: 423332K->5059K(471872K), 0.0078185 secs] 2699101K->2283203K(4141888K), 0.0079338 secs] [Times: user=0.06 sys=0.00, real=0.00 secs] 
328743.132: [GC (Allocation Failure) 328743.132: [ParNew: 424515K->5289K(471872K), 0.0075867 secs] 2702659K->2285742K(4141888K), 0.0076984 secs] [Times: user=0.06 sys=0.00, real=0.01 secs] 
328753.069: [GC (Allocation Failure) 328753.069: [ParNew: 424745K->7540K(471872K), 0.0085903 secs] 2705198K->2290360K(4141888K), 0.0087237 secs] [Times: user=0.06 sys=0.00, real=0.01 secs] 
328757.154: [GC (Allocation Failure) 328757.154: [ParNew: 426996K->17252K(471872K), 0.0094864 secs] 2709816K->2305392K(4141888K), 0.0096098 secs] [Times: user=0.06 sys=0.00, real=0.01 secs] 
328759.317: [GC (Allocation Failure) 328759.317: [ParNew: 436708K->20009K(471872K), 0.0134019 secs] 2724848K->2309199K(4141888K), 0.0135299 secs] [Times: user=0.07 sys=0.00, real=0.01 secs] 
328762.375: [GC (Allocation Failure) 328762.375: [ParNew: 439465K->17179K(471872K), 0.0084762 secs] 2728655K->2307428K(4141888K), 0.0085823 secs] [Times: user=0.04 sys=0.00, real=0.00 secs] 
328763.386: [GC (Allocation Failure) 328763.386: [ParNew: 436635K->8402K(471872K), 0.0140465 secs] 2726884K->2300466K(4141888K), 0.0141523 secs] [Times: user=0.08 sys=0.00, real=0.01 secs] 
328765.123: [GC (Allocation Failure) 328765.123: [ParNew: 427858K->8323K(471872K), 0.0131701 secs] 2719922K->2300839K(4141888K), 0.0132921 secs] [Times: user=0.06 sys=0.00, real=0.02 secs] 
328766.352: [GC (Allocation Failure) 328766.352: [ParNew: 427779K->13613K(471872K), 0.0064938 secs] 2720295K->2307274K(4141888K), 0.0066096 secs] [Times: user=0.04 sys=0.00, real=0.01 secs] 
328767.413: [GC (Allocation Failure) 328767.413: [ParNew: 433069K->5285K(471872K), 0.0064268 secs] 2726730K->2299970K(4141888K), 0.0065410 secs] [Times: user=0.04 sys=0.00, real=0.01 secs] 
328769.172: [GC (Allocation Failure) 328769.172: [ParNew: 423980K->16657K(471872K), 0.0073027 secs] 2718664K->2312289K(4141888K), 0.0074649 secs] [Times: user=0.05 sys=0.00, real=0.01 secs] 
328771.119: [GC (Allocation Failure) 328771.119: [ParNew: 434636K->28853K(471872K), 0.0068097 secs] 2730268K->2324885K(4141888K), 0.0069393 secs] [Times: user=0.05 sys=0.00, real=0.01 secs] 
328773.091: [GC (Allocation Failure) 328773.091: [ParNew: 448309K->23639K(471872K), 0.0063534 secs] 2744341K->2320439K(4141888K), 0.0064598 secs] [Times: user=0.05 sys=0.00, real=0.01 secs] 
328774.264: [GC (Allocation Failure) 328774.264: [ParNew: 443095K->24329K(471872K), 0.0072289 secs] 2739895K->2322328K(4141888K), 0.0073586 secs] [Times: user=0.05 sys=0.00, real=0.00 secs] 
328775.369: [GC (Allocation Failure) 328775.369: [ParNew: 443785K->24359K(471872K), 0.0084425 secs] 2741784K->2322719K(4141888K), 0.0085744 secs] [Times: user=0.06 sys=0.00, real=0.01 secs] 
328776.463: [GC (Allocation Failure) 328776.463: [ParNew: 443815K->11848K(471872K), 0.0045562 secs] 2742175K->2310832K(4141888K), 0.0046514 secs] [Times: user=0.03 sys=0.01, real=0.01 secs] 
328777.481: [GC (Allocation Failure) 328777.481: [ParNew: 431304K->24457K(471872K), 0.0065555 secs] 2730288K->2324126K(4141888K), 0.0066670 secs] [Times: user=0.05 sys=0.00, real=0.01 secs] 
328778.560: [GC (Allocation Failure) 328778.560: [ParNew: 443913K->23431K(471872K), 0.0063904 secs] 2743582K->2323459K(4141888K), 0.0065230 secs] [Times: user=0.05 sys=0.00, real=0.01 secs] 
328779.400: [GC (Allocation Failure) 328779.400: [ParNew: 442887K->32380K(471872K), 0.0077273 secs] 2742915K->2332690K(4141888K), 0.0078354 secs] [Times: user=0.06 sys=0.00, real=0.01 secs] 
328780.532: [GC (Allocation Failure) 328780.532: [ParNew: 451836K->29160K(471872K), 0.0056796 secs] 2752146K->2329668K(4141888K), 0.0058139 secs] [Times: user=0.04 sys=0.00, real=0.01 secs] 
328780.961: [GC (Allocation Failure) 328780.961: [ParNew: 448616K->10590K(471872K), 0.0062212 secs] 2749124K->2312138K(4141888K), 0.0063401 secs] [Times: user=0.04 sys=0.00, real=0.01 secs] 
328783.152: [GC (Allocation Failure) 328783.152: [ParNew: 430046K->7006K(471872K), 0.0058233 secs] 2731594K->2308705K(4141888K), 0.0059355 secs] [Times: user=0.05 sys=0.00, real=0.01 secs] 
328788.269: [GC (Allocation Failure) 328788.269: [ParNew: 426462K->4476K(471872K), 0.0066639 secs] 2728161K->2309240K(4141888K), 0.0068026 secs] [Times: user=0.04 sys=0.01, real=0.01 secs] 
328792.552: [GC (Allocation Failure) 328792.553: [ParNew: 423932K->4356K(471872K), 0.0081309 secs] 2728696K->2311101K(4141888K), 0.0082462 secs] [Times: user=0.05 sys=0.00, real=0.01 secs] 
328795.339: [GC (Allocation Failure) 328795.339: [ParNew: 423812K->5146K(471872K), 0.0071359 secs] 2730557K->2312857K(4141888K), 0.0072997 secs] [Times: user=0.05 sys=0.00, real=0.01 secs] 
328798.343: [GC (Allocation Failure) 328798.343: [ParNew: 424602K->2453K(471872K), 0.0051615 secs] 2732313K->2311422K(4141888K), 0.0052581 secs] [Times: user=0.04 sys=0.00, real=0.01 secs] 
328802.960: [GC (Allocation Failure) 328802.960: [ParNew: 421909K->3143K(471872K), 0.0064087 secs] 2730878K->2312773K(4141888K), 0.0065224 secs] [Times: user=0.04 sys=0.00, real=0.01 secs] 
328805.418: [GC (Allocation Failure) 328805.418: [ParNew: 422599K->2637K(471872K), 0.0067852 secs] 2732229K->2313940K(4141888K), 0.0069025 secs] [Times: user=0.05 sys=0.00, real=0.01 secs] 
328813.078: [GC (Allocation Failure) 328813.078: [ParNew: 422093K->6434K(471872K), 0.0066586 secs] 2733396K->2318512K(4141888K), 0.0067739 secs] [Times: user=0.05 sys=0.01, real=0.01 secs] 
328822.457: [GC (Allocation Failure) 328822.457: [ParNew: 425890K->10317K(471872K), 0.0082551 secs] 2737968K->2326922K(4141888K), 0.0083703 secs] [Times: user=0.06 sys=0.00, real=0.01 secs] 
328829.301: [GC (Allocation Failure) 328829.301: [ParNew: 429773K->5670K(471872K), 0.0087448 secs] 2746378K->2324668K(4141888K), 0.0088895 secs] [Times: user=0.06 sys=0.00, real=0.01 secs] 
328834.744: [GC (Allocation Failure) 328834.744: [ParNew: 425126K->4142K(471872K), 0.0067286 secs] 2744124K->2325738K(4141888K), 0.0068440 secs] [Times: user=0.05 sys=0.00, real=0.00 secs] 
328843.068: [GC (Allocation Failure) 328843.068: [ParNew: 423598K->5051K(471872K), 0.0076930 secs] 2745194K->2328162K(4141888K), 0.0078038 secs] [Times: user=0.06 sys=0.00, real=0.01 secs] 
328852.375: [GC (Allocation Failure) 328852.375: [ParNew: 424507K->27828K(471872K), 0.0104615 secs] 2747618K->2353341K(4141888K), 0.0105973 secs] [Times: user=0.08 sys=0.00, real=0.01 secs] 
328854.802: [GC (Allocation Failure) 328854.802: [ParNew: 447284K->10337K(471872K), 0.0090840 secs] 2772797K->2338483K(4141888K), 0.0092046 secs] [Times: user=0.05 sys=0.00, real=0.01 secs] 
328863.727: [GC (Allocation Failure) 328863.727: [ParNew: 429793K->6392K(471872K), 0.0095516 secs] 2757939K->2335156K(4141888K), 0.0096765 secs] [Times: user=0.05 sys=0.00, real=0.01 secs] 
328873.560: [GC (Allocation Failure) 328873.560: [ParNew: 424168K->26415K(471872K), 0.0106213 secs] 2752932K->2359120K(4141888K), 0.0107455 secs] [Times: user=0.07 sys=0.00, real=0.01 secs] 
328883.070: [GC (Allocation Failure) 328883.070: [ParNew: 445871K->9738K(471872K), 0.0081214 secs] 2778576K->2344666K(4141888K), 0.0082553 secs] [Times: user=0.06 sys=0.00, real=0.01 secs] 
328889.337: [GC (Allocation Failure) 328889.337: [ParNew: 429162K->5325K(471872K), 0.0086620 secs] 2764090K->2344999K(4141888K), 0.0087887 secs] [Times: user=0.06 sys=0.00, real=0.01 secs] 
328898.935: [GC (Allocation Failure) 328898.936: [ParNew: 424781K->5531K(471872K), 0.0080100 secs] 2764455K->2347248K(4141888K), 0.0081414 secs] [Times: user=0.05 sys=0.00, real=0.00 secs] 
328909.512: [GC (Allocation Failure) 328909.512: [ParNew: 424987K->5640K(471872K), 0.0080446 secs] 2766704K->2350077K(4141888K), 0.0081755 secs] [Times: user=0.06 sys=0.00, real=0.01 secs] 
328921.332: [GC (Allocation Failure) 328921.332: [ParNew: 425096K->5982K(471872K), 0.0092907 secs] 2769533K->2352953K(4141888K), 0.0094134 secs] [Times: user=0.06 sys=0.00, real=0.01 secs] 
328931.413: [GC (Allocation Failure) 328931.413: [ParNew: 425438K->5154K(471872K), 0.0081691 secs] 2772409K->2354776K(4141888K), 0.0082934 secs] [Times: user=0.05 sys=0.00, real=0.01 secs] 
328938.083: [GC (Allocation Failure) 328938.083: [ParNew: 424610K->6677K(471872K), 0.0076797 secs] 2774232K->2358545K(4141888K), 0.0078493 secs] [Times: user=0.06 sys=0.00, real=0.01 secs] 
328944.354: [GC (Allocation Failure) 328944.354: [ParNew: 426133K->10478K(471872K), 0.0091544 secs] 2778001K->2366489K(4141888K), 0.0092758 secs] [Times: user=0.06 sys=0.00, real=0.01 secs] 
328951.367: [GC (Allocation Failure) 328951.367: [ParNew: 429934K->6644K(471872K), 0.0076597 secs] 2785945K->2364371K(4141888K), 0.0077752 secs] [Times: user=0.05 sys=0.00, real=0.01 secs] 
328956.225: [GC (Allocation Failure) 328956.225: [ParNew: 426100K->7782K(471872K), 0.0072097 secs] 2783827K->2368828K(4141888K), 0.0073541 secs] [Times: user=0.05 sys=0.00, real=0.00 secs] 
328961.471: [GC (Allocation Failure) 328961.471: [ParNew: 427238K->8442K(471872K), 0.0067356 secs] 2788284K->2371212K(4141888K), 0.0068579 secs] [Times: user=0.05 sys=0.00, real=0.01 secs] 
328963.182: [GC (Allocation Failure) 328963.182: [ParNew: 427898K->4069K(471872K), 0.0065668 secs] 2790668K->2368194K(4141888K), 0.0066891 secs] [Times: user=0.05 sys=0.00, real=0.01 secs] 
328965.555: [GC (Allocation Failure) 328965.555: [ParNew: 423525K->3388K(471872K), 0.0064746 secs] 2787650K->2368582K(4141888K), 0.0066000 secs] [Times: user=0.05 sys=0.00, real=0.00 secs] 
328973.152: [GC (Allocation Failure) 328973.152: [ParNew: 422844K->4194K(471872K), 0.0072082 secs] 2788038K->2369927K(4141888K), 0.0073069 secs] [Times: user=0.06 sys=0.00, real=0.01 secs] 
328977.265: [GC (Allocation Failure) 328977.265: [ParNew: 422863K->5691K(471872K), 0.0080666 secs] 2788596K->2373761K(4141888K), 0.0082051 secs] [Times: user=0.06 sys=0.00, real=0.00 secs] 
328981.553: [GC (Allocation Failure) 328981.553: [ParNew: 425044K->4180K(471872K), 0.0065698 secs] 2793114K->2373819K(4141888K), 0.0066856 secs] [Times: user=0.05 sys=0.00, real=0.01 secs] 
328984.297: [GC (Allocation Failure) 328984.297: [ParNew: 423636K->4298K(471872K), 0.0064061 secs] 2793275K->2375023K(4141888K), 0.0065166 secs] [Times: user=0.04 sys=0.00, real=0.00 secs] 
328990.727: [GC (Allocation Failure) 328990.727: [ParNew: 423754K->6542K(471872K), 0.0080627 secs] 2794479K->2378176K(4141888K), 0.0082247 secs] [Times: user=0.06 sys=0.00, real=0.01 secs] 
328991.242: [GC (Allocation Failure) 328991.242: [ParNew: 425998K->11931K(471872K), 0.0109287 secs] 2797632K->2385798K(4141888K), 0.0111126 secs] [Times: user=0.08 sys=0.00, real=0.01 secs] 
328991.791: [GC (Allocation Failure) 328991.791: [ParNew: 431387K->3836K(471872K), 0.0082403 secs] 2805254K->2385201K(4141888K), 0.0083698 secs] [Times: user=0.06 sys=0.01, real=0.01 secs] 
328992.419: [GC (Allocation Failure) 328992.419: [ParNew: 423106K->8902K(471872K), 0.0151992 secs] 2804471K->2390929K(4141888K), 0.0153331 secs] [Times: user=0.10 sys=0.00, real=0.02 secs] 
328992.958: [GC (Allocation Failure) 328992.958: [ParNew: 428358K->6491K(471872K), 0.0125612 secs] 2810385K->2389026K(4141888K), 0.0126900 secs] [Times: user=0.09 sys=0.00, real=0.01 secs] 
328993.686: [GC (Allocation Failure) 328993.686: [ParNew: 425947K->3791K(471872K), 0.0097903 secs] 2808482K->2387278K(4141888K), 0.0099628 secs] [Times: user=0.07 sys=0.00, real=0.01 secs] 
328994.378: [GC (Allocation Failure) 328994.378: [ParNew: 423247K->3626K(471872K), 0.0072999 secs] 2806734K->2387610K(4141888K), 0.0074330 secs] [Times: user=0.05 sys=0.00, real=0.01 secs] 
328995.695: [GC (Allocation Failure) 328995.695: [ParNew: 423082K->22567K(471872K), 0.0120796 secs] 2807066K->2407053K(4141888K), 0.0122213 secs] [Times: user=0.09 sys=0.00, real=0.01 secs] 
329003.292: [GC (Allocation Failure) 329003.292: [ParNew: 441693K->12200K(471872K), 0.0095957 secs] 2826179K->2399567K(4141888K), 0.0097341 secs] [Times: user=0.07 sys=0.00, real=0.01 secs] 
329005.684: [GC (Allocation Failure) 329005.684: [ParNew: 431656K->6683K(471872K), 0.0086556 secs] 2819023K->2395947K(4141888K), 0.0088163 secs] [Times: user=0.06 sys=0.01, real=0.01 secs] 
329008.421: [GC (Allocation Failure) 329008.421: [ParNew: 426139K->9598K(471872K), 0.0072572 secs] 2815403K->2400003K(4141888K), 0.0073986 secs] [Times: user=0.05 sys=0.00, real=0.01 secs] 
329013.140: [GC (Allocation Failure) 329013.140: [ParNew: 429054K->4280K(471872K), 0.0079837 secs] 2819459K->2395304K(4141888K), 0.0081200 secs] [Times: user=0.06 sys=0.00, real=0.01 secs] 
329020.154: [GC (Allocation Failure) 329020.155: [ParNew: 423736K->4957K(471872K), 0.0087677 secs] 2814760K->2397692K(4141888K), 0.0089226 secs] [Times: user=0.06 sys=0.00, real=0.00 secs] 
329030.829: [GC (Allocation Failure) 329030.829: [ParNew: 424413K->4814K(471872K), 0.0104472 secs] 2817148K->2400282K(4141888K), 0.0105967 secs] [Times: user=0.08 sys=0.00, real=0.01 secs] 
329043.066: [GC (Allocation Failure) 329043.066: [ParNew: 424270K->5187K(471872K), 0.0159202 secs] 2819738K->2403300K(4141888K), 0.0160839 secs] [Times: user=0.09 sys=0.00, real=0.01 secs] 
329053.213: [GC (Allocation Failure) 329053.213: [ParNew: 424643K->5093K(471872K), 0.0264600 secs] 2822756K->2405669K(4141888K), 0.0266243 secs] [Times: user=0.12 sys=0.00, real=0.03 secs] 
329061.202: [GC (Allocation Failure) 329061.202: [ParNew: 424549K->9593K(471872K), 0.0299677 secs] 2825125K->2412610K(4141888K), 0.0301980 secs] [Times: user=0.09 sys=0.00, real=0.03 secs] 
329069.423: [GC (Allocation Failure) 329069.423: [ParNew: 428409K->10328K(471872K), 0.0112082 secs] 2831426K->2417911K(4141888K), 0.0113224 secs] [Times: user=0.06 sys=0.00, real=0.02 secs] 
329078.344: [GC (Allocation Failure) 329078.344: [ParNew: 429784K->5957K(471872K), 0.0095419 secs] 2837367K->2415588K(4141888K), 0.0096416 secs] [Times: user=0.05 sys=0.00, real=0.00 secs] 
329086.583: [GC (Allocation Failure) 329086.583: [ParNew: 425413K->5838K(471872K), 0.0124674 secs] 2835044K->2418269K(4141888K), 0.0125704 secs] [Times: user=0.07 sys=0.00, real=0.02 secs] 
329092.025: [GC (Allocation Failure) 329092.025: [ParNew: 425294K->7186K(471872K), 0.0082996 secs] 2837725K->2421780K(4141888K), 0.0084215 secs] [Times: user=0.05 sys=0.00, real=0.00 secs] 
329093.151: [GC (Allocation Failure) 329093.151: [ParNew: 425863K->27000K(471872K), 0.0079017 secs] 2840457K->2443852K(4141888K), 0.0080100 secs] [Times: user=0.06 sys=0.00, real=0.01 secs] 
329095.159: [GC (Allocation Failure) 329095.159: [ParNew: 446242K->27405K(471872K), 0.0074432 secs] 2863095K->2444633K(4141888K), 0.0075572 secs] [Times: user=0.06 sys=0.00, real=0.01 secs] 
329096.288: [GC (Allocation Failure) 329096.288: [ParNew: 446861K->25070K(471872K), 0.0109906 secs] 2864089K->2442880K(4141888K), 0.0111392 secs] [Times: user=0.07 sys=0.00, real=0.01 secs] 
329098.302: [GC (Allocation Failure) 329098.302: [ParNew: 444526K->17525K(471872K), 0.0079909 secs] 2862336K->2436228K(4141888K), 0.0081173 secs] [Times: user=0.05 sys=0.00, real=0.01 secs] 
329098.638: [GC (Allocation Failure) 329098.638: [ParNew: 436550K->13947K(471872K), 0.0101951 secs] 2855253K->2433885K(4141888K), 0.0103233 secs] [Times: user=0.07 sys=0.00, real=0.01 secs] 
329099.440: [GC (Allocation Failure) 329099.440: [ParNew: 433403K->17697K(471872K), 0.0095914 secs] 2853341K->2438135K(4141888K), 0.0097310 secs] [Times: user=0.06 sys=0.01, real=0.01 secs] 
329101.299: [GC (Allocation Failure) 329101.299: [ParNew: 437153K->21727K(471872K), 0.0077331 secs] 2857591K->2442515K(4141888K), 0.0078658 secs] [Times: user=0.05 sys=0.00, real=0.01 secs] 
329102.286: [GC (Allocation Failure) 329102.286: [ParNew: 439755K->25548K(471872K), 0.0067275 secs] 2860543K->2446920K(4141888K), 0.0068307 secs] [Times: user=0.04 sys=0.00, real=0.00 secs] 
329103.063: [GC (Allocation Failure) 329103.063: [ParNew: 445004K->6656K(471872K), 0.0054757 secs] 2866376K->2429112K(4141888K), 0.0055737 secs] [Times: user=0.04 sys=0.00, real=0.01 secs] 
329104.133: [GC (Allocation Failure) 329104.134: [ParNew: 426112K->23199K(471872K), 0.0076177 secs] 2848568K->2445866K(4141888K), 0.0077703 secs] [Times: user=0.06 sys=0.00, real=0.01 secs] 
329106.248: [GC (Allocation Failure) 329106.248: [ParNew: 440865K->15074K(471872K), 0.0078559 secs] 2863533K->2438311K(4141888K), 0.0079670 secs] [Times: user=0.05 sys=0.00, real=0.01 secs] 
329107.466: [GC (Allocation Failure) 329107.466: [ParNew: 434530K->21864K(471872K), 0.0083931 secs] 2857767K->2446295K(4141888K), 0.0084957 secs] [Times: user=0.06 sys=0.00, real=0.01 secs] 
329108.319: [GC (Allocation Failure) 329108.319: [ParNew: 440048K->22079K(471872K), 0.0091956 secs] 2864479K->2447025K(4141888K), 0.0093151 secs] [Times: user=0.05 sys=0.00, real=0.01 secs] 
329109.387: [GC (Allocation Failure) 329109.387: [ParNew: 441535K->11640K(471872K), 0.0051748 secs] 2866481K->2436892K(4141888K), 0.0052732 secs] [Times: user=0.04 sys=0.00, real=0.00 secs] 
329109.959: [GC (Allocation Failure) 329109.959: [ParNew: 431096K->23123K(471872K), 0.0072523 secs] 2856348K->2448855K(4141888K), 0.0073661 secs] [Times: user=0.05 sys=0.00, real=0.01 secs] 
329111.361: [GC (Allocation Failure) 329111.361: [ParNew: 442579K->19489K(471872K), 0.0071085 secs] 2868311K->2445558K(4141888K), 0.0072187 secs] [Times: user=0.06 sys=0.00, real=0.01 secs] 
329113.165: [GC (Allocation Failure) 329113.165: [ParNew: 438945K->27431K(471872K), 0.0083097 secs] 2865014K->2454099K(4141888K), 0.0084082 secs] [Times: user=0.06 sys=0.01, real=0.00 secs] 
329113.589: [GC (Allocation Failure) 329113.589: [ParNew: 446887K->23823K(471872K), 0.0066458 secs] 2873555K->2451672K(4141888K), 0.0067468 secs] [Times: user=0.05 sys=0.00, real=0.01 secs] 
329114.014: [GC (Allocation Failure) 329114.014: [ParNew: 443279K->29709K(471872K), 0.0087224 secs] 2871128K->2457823K(4141888K), 0.0088742 secs] [Times: user=0.07 sys=0.00, real=0.00 secs] 
329116.113: [GC (Allocation Failure) 329116.113: [ParNew: 449165K->25040K(471872K), 0.0061831 secs] 2877279K->2453300K(4141888K), 0.0063215 secs] [Times: user=0.05 sys=0.00, real=0.01 secs] 
329117.291: [GC (Allocation Failure) 329117.291: [ParNew: 444496K->32273K(471872K), 0.0089720 secs] 2872756K->2461250K(4141888K), 0.0090776 secs] [Times: user=0.07 sys=0.00, real=0.01 secs] 
329119.191: [GC (Allocation Failure) 329119.191: [ParNew: 451729K->21501K(471872K), 0.0106750 secs] 2880706K->2450952K(4141888K), 0.0107802 secs] [Times: user=0.07 sys=0.01, real=0.01 secs] 
329120.558: [GC (Allocation Failure) 329120.558: [ParNew: 440957K->18221K(471872K), 0.0071089 secs] 2870408K->2451268K(4141888K), 0.0072110 secs] [Times: user=0.04 sys=0.00, real=0.01 secs] 
329121.154: [GC (Allocation Failure) 329121.154: [ParNew: 437677K->11852K(471872K), 0.0075405 secs] 2870724K->2445315K(4141888K), 0.0076436 secs] [Times: user=0.05 sys=0.00, real=0.01 secs] 
329121.539: [GC (Allocation Failure) 329121.539: [ParNew: 431308K->24609K(471872K), 0.0071604 secs] 2864771K->2458466K(4141888K), 0.0072883 secs] [Times: user=0.06 sys=0.00, real=0.01 secs] 
329122.477: [GC (Allocation Failure) 329122.477: [ParNew: 444065K->27199K(471872K), 0.0071884 secs] 2877922K->2461168K(4141888K), 0.0073155 secs] [Times: user=0.05 sys=0.00, real=0.01 secs] 
329123.379: [GC (Allocation Failure) 329123.379: [ParNew: 446655K->27284K(471872K), 0.0073922 secs] 2880624K->2462038K(4141888K), 0.0075135 secs] [Times: user=0.05 sys=0.00, real=0.01 secs] 
329124.351: [GC (Allocation Failure) 329124.351: [ParNew: 446740K->22990K(471872K), 0.0082696 secs] 2881494K->2458155K(4141888K), 0.0084041 secs] [Times: user=0.06 sys=0.00, real=0.01 secs] 
329125.359: [GC (Allocation Failure) 329125.359: [ParNew: 442446K->22275K(471872K), 0.0079827 secs] 2877611K->2457883K(4141888K), 0.0080913 secs] [Times: user=0.06 sys=0.00, real=0.01 secs] 
329126.373: [GC (Allocation Failure) 329126.373: [ParNew: 439528K->18754K(471872K), 0.0059295 secs] 2875136K->2454653K(4141888K), 0.0060860 secs] [Times: user=0.04 sys=0.00, real=0.01 secs] 
329126.775: [GC (Allocation Failure) 329126.775: [ParNew: 438210K->28351K(471872K), 0.0084737 secs] 2874109K->2465064K(4141888K), 0.0085906 secs] [Times: user=0.07 sys=0.00, real=0.00 secs] 
329127.519: [GC (Allocation Failure) 329127.519: [ParNew: 447807K->26085K(471872K), 0.0087032 secs] 2884520K->2463002K(4141888K), 0.0088284 secs] [Times: user=0.06 sys=0.00, real=0.01 secs] 
329128.462: [GC (Allocation Failure) 329128.462: [ParNew: 445541K->16842K(471872K), 0.0049967 secs] 2882458K->2454991K(4141888K), 0.0051029 secs] [Times: user=0.04 sys=0.00, real=0.01 secs] 
329129.342: [GC (Allocation Failure) 329129.342: [ParNew: 436298K->26534K(471872K), 0.0062544 secs] 2874447K->2464924K(4141888K), 0.0063650 secs] [Times: user=0.04 sys=0.00, real=0.01 secs] 
329129.765: [GC (Allocation Failure) 329129.765: [ParNew: 445990K->14251K(471872K), 0.0085850 secs] 2884380K->2453103K(4141888K), 0.0087279 secs] [Times: user=0.05 sys=0.00, real=0.01 secs] 
329131.100: [GC (Allocation Failure) 329131.100: [ParNew: 433707K->10643K(471872K), 0.0050256 secs] 2872559K->2449590K(4141888K), 0.0051310 secs] [Times: user=0.04 sys=0.00, real=0.01 secs] 
329135.040: [GC (Allocation Failure) 329135.040: [ParNew: 429876K->5602K(471872K), 0.0065076 secs] 2868823K->2447265K(4141888K), 0.0066142 secs] [Times: user=0.04 sys=0.00, real=0.01 secs] 
329143.330: [GC (Allocation Failure) 329143.330: [ParNew: 425058K->4736K(471872K), 0.0079753 secs] 2866721K->2448225K(4141888K), 0.0080857 secs] [Times: user=0.06 sys=0.00, real=0.01 secs] 
329152.611: [GC (Allocation Failure) 329152.611: [ParNew: 424191K->9197K(471872K), 0.0097387 secs] 2867680K->2456019K(4141888K), 0.0098800 secs] [Times: user=0.07 sys=0.00, real=0.01 secs] 
329153.124: [GC (Allocation Failure) 329153.124: [ParNew: 428653K->10505K(471872K), 0.0091564 secs] 2875475K->2460861K(4141888K), 0.0093276 secs] [Times: user=0.06 sys=0.00, real=0.01 secs] 
329153.593: [GC (GCLocker Initiated GC) 329153.593: [ParNew: 429962K->4752K(471872K), 0.0066701 secs] 2880318K->2461984K(4141888K), 0.0067752 secs] [Times: user=0.05 sys=0.00, real=0.01 secs] 
329154.219: [GC (Allocation Failure) 329154.219: [ParNew: 424208K->4415K(471872K), 0.0053801 secs] 2881440K->2462213K(4141888K), 0.0055006 secs] [Times: user=0.04 sys=0.00, real=0.01 secs] 
329154.950: [GC (Allocation Failure) 329154.950: [ParNew: 423871K->4957K(471872K), 0.0099879 secs] 2881669K->2463270K(4141888K), 0.0101046 secs] [Times: user=0.08 sys=0.00, real=0.01 secs] 
329155.558: [GC (Allocation Failure) 329155.558: [ParNew: 424334K->6400K(471872K), 0.0082511 secs] 2882647K->2465312K(4141888K), 0.0083579 secs] [Times: user=0.05 sys=0.00, real=0.01 secs] 
329156.172: [GC (Allocation Failure) 329156.172: [ParNew: 425856K->5554K(471872K), 0.0060479 secs] 2884768K->2465039K(4141888K), 0.0061654 secs] [Times: user=0.05 sys=0.00, real=0.01 secs] 
329158.585: [GC (Allocation Failure) 329158.585: [ParNew: 425010K->3629K(471872K), 0.0062678 secs] 2884495K->2463530K(4141888K), 0.0064208 secs] [Times: user=0.04 sys=0.00, real=0.00 secs] 
329161.687: [GC (Allocation Failure) 329161.687: [ParNew: 423069K->2719K(471872K), 0.0070070 secs] 2882970K->2463475K(4141888K), 0.0070980 secs] [Times: user=0.04 sys=0.01, real=0.01 secs] 
329163.655: [GC (Allocation Failure) 329163.655: [ParNew: 422175K->3260K(471872K), 0.0069226 secs] 2882931K->2464911K(4141888K), 0.0070240 secs] [Times: user=0.04 sys=0.00, real=0.00 secs] 
329165.336: [GC (Allocation Failure) 329165.336: [ParNew: 422654K->2840K(471872K), 0.0057118 secs] 2884306K->2465292K(4141888K), 0.0058447 secs] [Times: user=0.04 sys=0.00, real=0.00 secs] 
329168.197: [GC (Allocation Failure) 329168.197: [ParNew: 422296K->2048K(471872K), 0.0053724 secs] 2884748K->2465407K(4141888K), 0.0055008 secs] [Times: user=0.04 sys=0.00, real=0.00 secs] 
329171.515: [GC (Allocation Failure) 329171.515: [ParNew: 421420K->3188K(471872K), 0.0051408 secs] 2884780K->2467155K(4141888K), 0.0052469 secs] [Times: user=0.04 sys=0.00, real=0.00 secs] 
329173.274: [GC (Allocation Failure) 329173.274: [ParNew: 422644K->3665K(471872K), 0.0066407 secs] 2886611K->2468396K(4141888K), 0.0067619 secs] [Times: user=0.05 sys=0.00, real=0.00 secs] 
329178.307: [GC (Allocation Failure) 329178.307: [ParNew: 423121K->2636K(471872K), 0.0053883 secs] 2887852K->2467846K(4141888K), 0.0054917 secs] [Times: user=0.03 sys=0.00, real=0.00 secs] 
329182.814: [GC (Allocation Failure) 329182.814: [ParNew: 422092K->5097K(471872K), 0.0060199 secs] 2887302K->2471552K(4141888K), 0.0061290 secs] [Times: user=0.04 sys=0.00, real=0.01 secs] 
329187.658: [GC (Allocation Failure) 329187.658: [ParNew: 424553K->4180K(471872K), 0.0076908 secs] 2891008K->2474238K(4141888K), 0.0078262 secs] [Times: user=0.05 sys=0.00, real=0.01 secs] 
329192.450: [GC (Allocation Failure) 329192.450: [ParNew: 423636K->4976K(471872K), 0.0070972 secs] 2893694K->2476201K(4141888K), 0.0072080 secs] [Times: user=0.05 sys=0.00, real=0.01 secs] 
329193.546: [GC (Allocation Failure) 329193.546: [ParNew: 423487K->8105K(471872K), 0.0065881 secs] 2894711K->2480633K(4141888K), 0.0067006 secs] [Times: user=0.05 sys=0.00, real=0.00 secs] 
329196.568: [GC (Allocation Failure) 329196.568: [ParNew: 427561K->7006K(471872K), 0.0067254 secs] 2900089K->2480642K(4141888K), 0.0068376 secs] [Times: user=0.05 sys=0.00, real=0.01 secs] 
329201.562: [GC (Allocation Failure) 329201.562: [ParNew: 426462K->9893K(471872K), 0.0069129 secs] 2900098K->2484251K(4141888K), 0.0070415 secs] [Times: user=0.05 sys=0.00, real=0.01 secs] 
329203.738: [GC (Allocation Failure) 329203.738: [ParNew: 429349K->8047K(471872K), 0.0069871 secs] 2903707K->2483718K(4141888K), 0.0071140 secs] [Times: user=0.05 sys=0.00, real=0.01 secs] 
329207.501: [GC (Allocation Failure) 329207.501: [ParNew: 427503K->7329K(471872K), 0.0061011 secs] 2903174K->2483726K(4141888K), 0.0062043 secs] [Times: user=0.05 sys=0.00, real=0.01 secs] 
329209.846: [GC (Allocation Failure) 329209.846: [ParNew: 426785K->4038K(471872K), 0.0054877 secs] 2903182K->2481297K(4141888K), 0.0056227 secs] [Times: user=0.04 sys=0.00, real=0.00 secs] 
329213.471: [GC (Allocation Failure) 329213.471: [ParNew: 423494K->6163K(471872K), 0.0075321 secs] 2900753K->2484056K(4141888K), 0.0076568 secs] [Times: user=0.05 sys=0.00, real=0.01 secs] 
329216.384: [GC (Allocation Failure) 329216.384: [ParNew: 425619K->6449K(471872K), 0.0069750 secs] 2903512K->2485230K(4141888K), 0.0070935 secs] [Times: user=0.05 sys=0.00, real=0.00 secs] 
329219.440: [GC (Allocation Failure) 329219.440: [ParNew: 425905K->6575K(471872K), 0.0078833 secs] 2904686K->2486049K(4141888K), 0.0080147 secs] [Times: user=0.04 sys=0.00, real=0.01 secs] 
329220.759: [GC (Allocation Failure) 329220.759: [ParNew: 426031K->8375K(471872K), 0.0065483 secs] 2905505K->2488683K(4141888K), 0.0066685 secs] [Times: user=0.05 sys=0.00, real=0.01 secs] 
329222.614: [GC (Allocation Failure) 329222.614: [ParNew: 427545K->10726K(471872K), 0.0085845 secs] 2907853K->2491420K(4141888K), 0.0086863 secs] [Times: user=0.07 sys=0.00, real=0.00 secs] 
329224.657: [GC (Allocation Failure) 329224.658: [ParNew: 430182K->9032K(471872K), 0.0075411 secs] 2910876K->2490234K(4141888K), 0.0076682 secs] [Times: user=0.05 sys=0.00, real=0.01 secs] 
329227.468: [GC (Allocation Failure) 329227.468: [ParNew: 427856K->8424K(471872K), 0.0075480 secs] 2909058K->2490185K(4141888K), 0.0076583 secs] [Times: user=0.04 sys=0.00, real=0.01 secs] 
329229.599: [GC (Allocation Failure) 329229.599: [ParNew: 427275K->9045K(471872K), 0.0061945 secs] 2909035K->2491503K(4141888K), 0.0062941 secs] [Times: user=0.04 sys=0.00, real=0.01 secs] 
329231.586: [GC (Allocation Failure) 329231.586: [ParNew: 428501K->7166K(471872K), 0.0052435 secs] 2910959K->2490424K(4141888K), 0.0053488 secs] [Times: user=0.04 sys=0.00, real=0.00 secs] 
329233.593: [GC (Allocation Failure) 329233.593: [ParNew: 426252K->10130K(471872K), 0.0060599 secs] 2909509K->2494020K(4141888K), 0.0061644 secs] [Times: user=0.04 sys=0.00, real=0.01 secs] 
329237.432: [GC (Allocation Failure) 329237.432: [ParNew: 429586K->8173K(471872K), 0.0063141 secs] 2913476K->2492682K(4141888K), 0.0064270 secs] [Times: user=0.05 sys=0.00, real=0.01 secs] 
329239.543: [GC (Allocation Failure) 329239.543: [ParNew: 426443K->11831K(471872K), 0.0069934 secs] 2910952K->2497202K(4141888K), 0.0071251 secs] [Times: user=0.06 sys=0.00, real=0.01 secs] 
329240.685: [GC (Allocation Failure) 329240.685: [ParNew: 431287K->14942K(471872K), 0.0059009 secs] 2916658K->2500847K(4141888K), 0.0060209 secs] [Times: user=0.04 sys=0.00, real=0.00 secs] 
329242.733: [GC (Allocation Failure) 329242.733: [ParNew: 434398K->6735K(471872K), 0.0050690 secs] 2920303K->2495392K(4141888K), 0.0051694 secs] [Times: user=0.04 sys=0.00, real=0.01 secs] 
329244.507: [GC (Allocation Failure) 329244.508: [ParNew: 426191K->9488K(471872K), 0.0057720 secs] 2914848K->2498588K(4141888K), 0.0058850 secs] [Times: user=0.04 sys=0.00, real=0.00 secs] 
329246.158: [GC (Allocation Failure) 329246.158: [ParNew: 428944K->9358K(471872K), 0.0054852 secs] 2918044K->2499018K(4141888K), 0.0056051 secs] [Times: user=0.04 sys=0.00, real=0.01 secs] 
329247.254: [GC (Allocation Failure) 329247.254: [ParNew: 428814K->20351K(471872K), 0.0067695 secs] 2918474K->2511343K(4141888K), 0.0068823 secs] [Times: user=0.05 sys=0.00, real=0.00 secs] 
329248.179: [GC (Allocation Failure) 329248.179: [ParNew: 439807K->28720K(471872K), 0.0080136 secs] 2930799K->2519973K(4141888K), 0.0081165 secs] [Times: user=0.06 sys=0.00, real=0.01 secs] 
329251.121: [GC (Allocation Failure) 329251.121: [ParNew: 446855K->36876K(471872K), 0.0073397 secs] 2938108K->2529165K(4141888K), 0.0074545 secs] [Times: user=0.06 sys=0.00, real=0.01 secs] 
329252.325: [GC (Allocation Failure) 329252.325: [ParNew: 456332K->31929K(471872K), 0.0085807 secs] 2948621K->2525724K(4141888K), 0.0086959 secs] [Times: user=0.07 sys=0.00, real=0.00 secs] 
329253.183: [GC (Allocation Failure) 329253.183: [ParNew: 451385K->17178K(471872K), 0.0059763 secs] 2945180K->2511330K(4141888K), 0.0060759 secs] [Times: user=0.05 sys=0.00, real=0.01 secs] 
329254.357: [GC (Allocation Failure) 329254.357: [ParNew: 436634K->9660K(471872K), 0.0056233 secs] 2930786K->2504201K(4141888K), 0.0057231 secs] [Times: user=0.04 sys=0.00, real=0.00 secs] 
329255.503: [GC (Allocation Failure) 329255.503: [ParNew: 426890K->30998K(471872K), 0.0072555 secs] 2921430K->2526642K(4141888K), 0.0073620 secs] [Times: user=0.05 sys=0.01, real=0.01 secs] 
329256.521: [GC (Allocation Failure) 329256.521: [ParNew: 450454K->23433K(471872K), 0.0087734 secs] 2946098K->2519421K(4141888K), 0.0089502 secs] [Times: user=0.07 sys=0.00, real=0.01 secs] 
329258.465: [GC (Allocation Failure) 329258.466: [ParNew: 442873K->33737K(471872K), 0.0067157 secs] 2938861K->2530014K(4141888K), 0.0069006 secs] [Times: user=0.05 sys=0.00, real=0.00 secs] 
329260.193: [GC (Allocation Failure) 329260.193: [ParNew: 453193K->25245K(471872K), 0.0081498 secs] 2949470K->2522020K(4141888K), 0.0082699 secs] [Times: user=0.06 sys=0.00, real=0.01 secs] 
329262.073: [GC (Allocation Failure) 329262.073: [ParNew: 444701K->14293K(471872K), 0.0052324 secs] 2941476K->2511446K(4141888K), 0.0053291 secs] [Times: user=0.04 sys=0.00, real=0.01 secs] 
329263.187: [GC (Allocation Failure) 329263.187: [ParNew: 430623K->32949K(471872K), 0.0079858 secs] 2927776K->2530798K(4141888K), 0.0081175 secs] [Times: user=0.06 sys=0.00, real=0.01 secs] 
329264.223: [GC (Allocation Failure) 329264.223: [ParNew: 452405K->25489K(471872K), 0.0093809 secs] 2950254K->2523967K(4141888K), 0.0095061 secs] [Times: user=0.07 sys=0.00, real=0.01 secs] 
329265.160: [GC (Allocation Failure) 329265.160: [ParNew: 444945K->16474K(471872K), 0.0059358 secs] 2943423K->2515417K(4141888K), 0.0060413 secs] [Times: user=0.05 sys=0.00, real=0.01 secs] 
329265.570: [GC (Allocation Failure) 329265.570: [ParNew: 435930K->25463K(471872K), 0.0079464 secs] 2934873K->2524846K(4141888K), 0.0080545 secs] [Times: user=0.06 sys=0.00, real=0.01 secs] 
329267.146: [GC (Allocation Failure) 329267.146: [ParNew: 444919K->28276K(471872K), 0.0070131 secs] 2944302K->2528163K(4141888K), 0.0071448 secs] [Times: user=0.05 sys=0.00, real=0.00 secs] 
329267.561: [GC (Allocation Failure) 329267.561: [ParNew: 447732K->20122K(471872K), 0.0076904 secs] 2947619K->2520518K(4141888K), 0.0078191 secs] [Times: user=0.06 sys=0.00, real=0.01 secs] 
329269.244: [GC (Allocation Failure) 329269.245: [ParNew: 439578K->33955K(471872K), 0.0075761 secs] 2939974K->2534486K(4141888K), 0.0076857 secs] [Times: user=0.05 sys=0.00, real=0.00 secs] 
329269.692: [GC (Allocation Failure) 329269.692: [ParNew: 453411K->25572K(471872K), 0.0080131 secs] 2953942K->2526875K(4141888K), 0.0081552 secs] [Times: user=0.06 sys=0.00, real=0.01 secs] 
329270.655: [GC (Allocation Failure) 329270.655: [ParNew: 441607K->38378K(471872K), 0.0066192 secs] 2942909K->2539847K(4141888K), 0.0067293 secs] [Times: user=0.05 sys=0.00, real=0.00 secs] 
329272.242: [GC (Allocation Failure) 329272.242: [ParNew: 457834K->34712K(471872K), 0.0088623 secs] 2959303K->2536480K(4141888K), 0.0089992 secs] [Times: user=0.06 sys=0.00, real=0.01 secs] 
329274.299: [GC (Allocation Failure) 329274.299: [ParNew: 454168K->26049K(471872K), 0.0070275 secs] 2955936K->2528272K(4141888K), 0.0071515 secs] [Times: user=0.05 sys=0.00, real=0.01 secs] 
329275.255: [GC (Allocation Failure) 329275.255: [ParNew: 445505K->23925K(471872K), 0.0088316 secs] 2947728K->2526964K(4141888K), 0.0089450 secs] [Times: user=0.07 sys=0.00, real=0.01 secs] 
329276.212: [GC (Allocation Failure) 329276.212: [ParNew: 443381K->13941K(471872K), 0.0065677 secs] 2946420K->2517293K(4141888K), 0.0066765 secs] [Times: user=0.04 sys=0.00, real=0.01 secs] 
329278.182: [GC (Allocation Failure) 329278.182: [ParNew: 433397K->20020K(471872K), 0.0120784 secs] 2936749K->2523659K(4141888K), 0.0121926 secs] [Times: user=0.07 sys=0.00, real=0.02 secs] 
329280.087: [GC (Allocation Failure) 329280.087: [ParNew: 439476K->14332K(471872K), 0.0050027 secs] 2943115K->2518480K(4141888K), 0.0051107 secs] [Times: user=0.04 sys=0.00, real=0.00 secs] 
329282.356: [GC (Allocation Failure) 329282.356: [ParNew: 433788K->23976K(471872K), 0.0073509 secs] 2937936K->2528715K(4141888K), 0.0074645 secs] [Times: user=0.05 sys=0.00, real=0.00 secs] 
329282.779: [GC (Allocation Failure) 329282.779: [ParNew: 443432K->19439K(471872K), 0.0092355 secs] 2948171K->2525267K(4141888K), 0.0093423 secs] [Times: user=0.06 sys=0.00, real=0.01 secs] 
329283.575: [GC (Allocation Failure) 329283.575: [ParNew: 435327K->31276K(471872K), 0.0175884 secs] 2941155K->2537474K(4141888K), 0.0177029 secs] [Times: user=0.11 sys=0.00, real=0.01 secs] 
329284.250: [GC (Allocation Failure) 329284.250: [ParNew: 450732K->28066K(471872K), 0.0083839 secs] 2956930K->2534787K(4141888K), 0.0084856 secs] [Times: user=0.07 sys=0.00, real=0.01 secs] 
329284.527: [GC (Allocation Failure) 329284.527: [ParNew: 447381K->36542K(471872K), 0.0115484 secs] 2954102K->2544140K(4141888K), 0.0116717 secs] [Times: user=0.08 sys=0.00, real=0.01 secs] 
329285.088: [GC (Allocation Failure) 329285.088: [ParNew: 455998K->14227K(471872K), 0.0059552 secs] 2963596K->2527909K(4141888K), 0.0060771 secs] [Times: user=0.04 sys=0.00, real=0.01 secs] 
329285.375: [GC (GCLocker Initiated GC) 329285.375: [ParNew: 433689K->25169K(471872K), 0.0084870 secs] 2947371K->2541470K(4141888K), 0.0085898 secs] [Times: user=0.07 sys=0.00, real=0.01 secs] 
329285.925: [GC (GCLocker Initiated GC) 329285.925: [ParNew: 444630K->14777K(471872K), 0.0092137 secs] 2960931K->2533602K(4141888K), 0.0093122 secs] [Times: user=0.07 sys=0.00, real=0.01 secs] 
329286.443: [GC (Allocation Failure) 329286.443: [ParNew: 434233K->28056K(471872K), 0.0092621 secs] 2953058K->2547675K(4141888K), 0.0093707 secs] [Times: user=0.06 sys=0.00, real=0.01 secs] 
329286.453: [GC (GCLocker Initiated GC) 329286.453: [ParNew: 31296K->7341K(471872K), 0.0128134 secs] 2550916K->2541439K(4141888K), 0.0129091 secs] [Times: user=0.06 sys=0.01, real=0.02 secs] 
329286.738: [GC (Allocation Failure) 329286.738: [ParNew: 426797K->28041K(471872K), 0.0101961 secs] 2960895K->2562152K(4141888K), 0.0103288 secs] [Times: user=0.08 sys=0.00, real=0.01 secs] 
329287.208: [GC (Allocation Failure) 329287.208: [ParNew: 447497K->28163K(471872K), 0.0115791 secs] 2981608K->2569232K(4141888K), 0.0116879 secs] [Times: user=0.07 sys=0.00, real=0.01 secs] 
329287.790: [GC (Allocation Failure) 329287.790: [ParNew: 447587K->16102K(471872K), 0.0057711 secs] 2988655K->2560013K(4141888K), 0.0058954 secs] [Times: user=0.04 sys=0.01, real=0.01 secs] 
329291.885: [GC (Allocation Failure) 329291.885: [ParNew: 435558K->7399K(471872K), 0.0055045 secs] 2979469K->2551764K(4141888K), 0.0056416 secs] [Times: user=0.04 sys=0.00, real=0.00 secs] 
329295.728: [GC (Allocation Failure) 329295.728: [ParNew: 426855K->3134K(471872K), 0.0072519 secs] 2971220K->2551053K(4141888K), 0.0073638 secs] [Times: user=0.05 sys=0.01, real=0.01 secs] 
329300.533: [GC (Allocation Failure) 329300.533: [ParNew: 422590K->8741K(471872K), 0.0069747 secs] 2970509K->2557925K(4141888K), 0.0071142 secs] [Times: user=0.05 sys=0.00, real=0.01 secs] 
329304.731: [GC (Allocation Failure) 329304.731: [ParNew: 428197K->9546K(471872K), 0.0077617 secs] 2977381K->2560222K(4141888K), 0.0078637 secs] [Times: user=0.05 sys=0.00, real=0.01 secs] 
329312.121: [GC (Allocation Failure) 329312.121: [ParNew: 429002K->6159K(471872K), 0.0073103 secs] 2979678K->2560986K(4141888K), 0.0074246 secs] [Times: user=0.05 sys=0.00, real=0.01 secs] 
329315.563: [GC (Allocation Failure) 329315.563: [ParNew: 425615K->6968K(471872K), 0.0081166 secs] 2980442K->2563873K(4141888K), 0.0082338 secs] [Times: user=0.06 sys=0.00, real=0.01 secs] 
329323.136: [GC (Allocation Failure) 329323.136: [ParNew: 426424K->4214K(471872K), 0.0072405 secs] 2983329K->2562827K(4141888K), 0.0073397 secs] [Times: user=0.06 sys=0.00, real=0.00 secs] 
329326.702: [GC (Allocation Failure) 329326.702: [ParNew: 423670K->8108K(471872K), 0.0093639 secs] 2982283K->2569300K(4141888K), 0.0094824 secs] [Times: user=0.07 sys=0.00, real=0.01 secs] 
329329.973: [GC (Allocation Failure) 329329.973: [ParNew: 427564K->5663K(471872K), 0.0101022 secs] 2988756K->2567875K(4141888K), 0.0102102 secs] [Times: user=0.07 sys=0.00, real=0.01 secs] 
329333.153: [GC (Allocation Failure) 329333.153: [ParNew: 425119K->3136K(471872K), 0.0074528 secs] 2987331K->2566623K(4141888K), 0.0075722 secs] [Times: user=0.05 sys=0.00, real=0.01 secs] 
329337.098: [GC (Allocation Failure) 329337.098: [ParNew: 422592K->5373K(471872K), 0.0069236 secs] 2986079K->2569755K(4141888K), 0.0070599 secs] [Times: user=0.05 sys=0.00, real=0.01 secs] 
329342.619: [GC (Allocation Failure) 329342.619: [ParNew: 424829K->6984K(471872K), 0.0073449 secs] 2989211K->2572513K(4141888K), 0.0074620 secs] [Times: user=0.05 sys=0.00, real=0.01 secs] 
329345.830: [GC (Allocation Failure) 329345.830: [ParNew: 426440K->6155K(471872K), 0.0085738 secs] 2991969K->2573690K(4141888K), 0.0087236 secs] [Times: user=0.06 sys=0.00, real=0.01 secs] 
329351.289: [GC (Allocation Failure) 329351.289: [ParNew: 425611K->4770K(471872K), 0.0098273 secs] 2993146K->2573317K(4141888K), 0.0099629 secs] [Times: user=0.06 sys=0.00, real=0.01 secs] 
329354.111: [GC (Allocation Failure) 329354.111: [ParNew: 424217K->4326K(471872K), 0.0172487 secs] 2992764K->2574976K(4141888K), 0.0173830 secs] [Times: user=0.06 sys=0.00, real=0.02 secs] 
329358.593: [GC (Allocation Failure) 329358.593: [ParNew: 423782K->4918K(471872K), 0.0196578 secs] 2994432K->2576588K(4141888K), 0.0197773 secs] [Times: user=0.08 sys=0.00, real=0.02 secs] 
329361.635: [GC (Allocation Failure) 329361.635: [ParNew: 424374K->18178K(471872K), 0.0119030 secs] 2996044K->2591252K(4141888K), 0.0120540 secs] [Times: user=0.07 sys=0.00, real=0.01 secs] 
329364.592: [GC (Allocation Failure) 329364.592: [ParNew: 437634K->9213K(471872K), 0.0082855 secs] 3010708K->2585837K(4141888K), 0.0084073 secs] [Times: user=0.06 sys=0.01, real=0.01 secs] 
329373.081: [GC (Allocation Failure) 329373.082: [ParNew: 428669K->5667K(471872K), 0.0068823 secs] 3005293K->2582993K(4141888K), 0.0070005 secs] [Times: user=0.05 sys=0.00, real=0.01 secs] 
329381.782: [GC (Allocation Failure) 329381.782: [ParNew: 425123K->6074K(471872K), 0.0099845 secs] 3002449K->2585657K(4141888K), 0.0100922 secs] [Times: user=0.06 sys=0.00, real=0.01 secs] 
329391.065: [GC (Allocation Failure) 329391.065: [ParNew: 425530K->4408K(471872K), 0.0094405 secs] 3005113K->2586898K(4141888K), 0.0095534 secs] [Times: user=0.06 sys=0.00, real=0.01 secs] 
329402.698: [GC (Allocation Failure) 329402.698: [ParNew: 423864K->4997K(471872K), 0.0088377 secs] 3006354K->2589641K(4141888K), 0.0089576 secs] [Times: user=0.06 sys=0.00, real=0.01 secs] 
329413.079: [GC (GCLocker Initiated GC) 329413.079: [ParNew: 424455K->5397K(471872K), 0.0078192 secs] 3009100K->2592663K(4141888K), 0.0079251 secs] [Times: user=0.05 sys=0.00, real=0.01 secs] 
329423.156: [GC (Allocation Failure) 329423.156: [ParNew: 424853K->4220K(471872K), 0.0087649 secs] 3012119K->2593624K(4141888K), 0.0088785 secs] [Times: user=0.05 sys=0.00, real=0.01 secs] 
329432.829: [GC (Allocation Failure) 329432.829: [ParNew: 423676K->7839K(471872K), 0.0069059 secs] 3013080K->2599269K(4141888K), 0.0070404 secs] [Times: user=0.05 sys=0.00, real=0.01 secs] 
329440.752: [GC (Allocation Failure) 329440.752: [ParNew: 427295K->4410K(471872K), 0.0078700 secs] 3018725K->2600206K(4141888K), 0.0080036 secs] [Times: user=0.05 sys=0.01, real=0.01 secs] 
329451.781: [GC (Allocation Failure) 329451.781: [ParNew: 423866K->8991K(471872K), 0.0086407 secs] 3019662K->2607235K(4141888K), 0.0087822 secs] [Times: user=0.06 sys=0.00, real=0.01 secs] 
329461.571: [GC (Allocation Failure) 329461.571: [ParNew: 428447K->25767K(471872K), 0.0102567 secs] 3026691K->2626776K(4141888K), 0.0103993 secs] [Times: user=0.07 sys=0.01, real=0.01 secs] 
329462.655: [GC (Allocation Failure) 329462.655: [ParNew: 445223K->14864K(471872K), 0.0068171 secs] 3046232K->2618747K(4141888K), 0.0069194 secs] [Times: user=0.05 sys=0.01, real=0.00 secs] 
329463.288: [GC (Allocation Failure) 329463.288: [ParNew: 434320K->24797K(471872K), 0.0095010 secs] 3038203K->2629213K(4141888K), 0.0096348 secs] [Times: user=0.07 sys=0.00, real=0.01 secs] 
329464.620: [GC (Allocation Failure) 329464.620: [ParNew: 444206K->11267K(471872K), 0.0061801 secs] 3048621K->2615981K(4141888K), 0.0063181 secs] [Times: user=0.05 sys=0.00, real=0.01 secs] 
329473.118: [GC (Allocation Failure) 329473.119: [ParNew: 430723K->5368K(471872K), 0.0070254 secs] 3035437K->2612736K(4141888K), 0.0071555 secs] [Times: user=0.05 sys=0.00, real=0.01 secs] 
329481.284: [GC (Allocation Failure) 329481.285: [ParNew: 424824K->4589K(471872K), 0.0081852 secs] 3032192K->2614206K(4141888K), 0.0082932 secs] [Times: user=0.06 sys=0.00, real=0.00 secs] 
329488.697: [GC (Allocation Failure) 329488.697: [ParNew: 424045K->6883K(471872K), 0.0084352 secs] 3033662K->2618608K(4141888K), 0.0085784 secs] [Times: user=0.06 sys=0.00, real=0.01 secs] 
329497.014: [GC (Allocation Failure) 329497.014: [ParNew: 426339K->4585K(471872K), 0.0071793 secs] 3038064K->2620634K(4141888K), 0.0072892 secs] [Times: user=0.05 sys=0.00, real=0.00 secs] 
329503.171: [GC (Allocation Failure) 329503.171: [ParNew: 424041K->4595K(471872K), 0.0071543 secs] 3040090K->2622504K(4141888K), 0.0072646 secs] [Times: user=0.05 sys=0.00, real=0.01 secs] 
329513.094: [GC (Allocation Failure) 329513.094: [ParNew: 424051K->5309K(471872K), 0.0103751 secs] 3041960K->2625444K(4141888K), 0.0104845 secs] [Times: user=0.07 sys=0.00, real=0.01 secs] 
329523.171: [GC (Allocation Failure) 329523.171: [ParNew: 424767K->5903K(471872K), 0.0145057 secs] 3044902K->2628930K(4141888K), 0.0146209 secs] [Times: user=0.08 sys=0.00, real=0.02 secs] 
329523.188: [GC (GCLocker Initiated GC) 329523.188: [ParNew: 7721K->1212K(471872K), 0.0072547 secs] 2630748K->2627818K(4141888K), 0.0073707 secs] [Times: user=0.05 sys=0.00, real=0.01 secs] 
329533.161: [GC (Allocation Failure) 329533.161: [ParNew: 420668K->4694K(471872K), 0.0074610 secs] 3047274K->2631302K(4141888K), 0.0075832 secs] [Times: user=0.06 sys=0.00, real=0.01 secs] 
329544.899: [GC (Allocation Failure) 329544.899: [ParNew: 424150K->5462K(471872K), 0.0106641 secs] 3050758K->2635165K(4141888K), 0.0107694 secs] [Times: user=0.06 sys=0.00, real=0.01 secs] 
329553.066: [GC (Allocation Failure) 329553.066: [ParNew: 424918K->7279K(471872K), 0.0089303 secs] 3054621K->2639922K(4141888K), 0.0090532 secs] [Times: user=0.05 sys=0.00, real=0.01 secs] 
329559.823: [GC (Allocation Failure) 329559.823: [ParNew: 426735K->3890K(471872K), 0.0073966 secs] 3059378K->2640757K(4141888K), 0.0075325 secs] [Times: user=0.06 sys=0.00, real=0.01 secs] 
329569.252: [GC (Allocation Failure) 329569.252: [ParNew: 423346K->28593K(471872K), 0.0101388 secs] 3060213K->2667409K(4141888K), 0.0102763 secs] [Times: user=0.07 sys=0.00, real=0.01 secs] 
329575.148: [GC (Allocation Failure) 329575.148: [ParNew: 446774K->12678K(471872K), 0.0072061 secs] 3085591K->2653413K(4141888K), 0.0073130 secs] [Times: user=0.05 sys=0.00, real=0.01 secs] 
329577.213: [GC (Allocation Failure) 329577.213: [ParNew: 432134K->13257K(471872K), 0.0066917 secs] 3072869K->2656152K(4141888K), 0.0068035 secs] [Times: user=0.05 sys=0.00, real=0.01 secs] 
329579.212: [GC (Allocation Failure) 329579.212: [ParNew: 431450K->30274K(471872K), 0.0067582 secs] 3074345K->2673694K(4141888K), 0.0068746 secs] [Times: user=0.05 sys=0.00, real=0.01 secs] 
329581.334: [GC (Allocation Failure) 329581.334: [ParNew: 449730K->29625K(471872K), 0.0080631 secs] 3093150K->2674154K(4141888K), 0.0081828 secs] [Times: user=0.06 sys=0.00, real=0.00 secs] 
329583.056: [GC (Allocation Failure) 329583.056: [ParNew: 449081K->9792K(471872K), 0.0061132 secs] 3093610K->2654732K(4141888K), 0.0062302 secs] [Times: user=0.04 sys=0.00, real=0.00 secs] 
329583.446: [GC (Allocation Failure) 329583.446: [ParNew: 429248K->22819K(471872K), 0.0089325 secs] 3074188K->2668343K(4141888K), 0.0090528 secs] [Times: user=0.06 sys=0.00, real=0.01 secs] 
329584.454: [GC (Allocation Failure) 329584.454: [ParNew: 442275K->25017K(471872K), 0.0056851 secs] 3087799K->2670723K(4141888K), 0.0057924 secs] [Times: user=0.05 sys=0.00, real=0.01 secs] 
329584.882: [GC (Allocation Failure) 329584.882: [ParNew: 444303K->24764K(471872K), 0.0059950 secs] 3090009K->2670805K(4141888K), 0.0061057 secs] [Times: user=0.04 sys=0.00, real=0.01 secs] 
329585.481: [GC (Allocation Failure) 329585.481: [ParNew: 443916K->31166K(471872K), 0.0076806 secs] 3089957K->2677934K(4141888K), 0.0078501 secs] [Times: user=0.06 sys=0.00, real=0.01 secs] 
329585.735: [GC (Allocation Failure) 329585.735: [ParNew: 450506K->27388K(471872K), 0.0084238 secs] 3097274K->2678661K(4141888K), 0.0085383 secs] [Times: user=0.06 sys=0.00, real=0.00 secs] 
329586.181: [GC (Allocation Failure) 329586.182: [ParNew: 446844K->27209K(471872K), 0.0064123 secs] 3098117K->2680991K(4141888K), 0.0065456 secs] [Times: user=0.05 sys=0.00, real=0.01 secs] 
329586.559: [GC (Allocation Failure) 329586.559: [ParNew: 446665K->9612K(471872K), 0.0059759 secs] 3100447K->2665970K(4141888K), 0.0060931 secs] [Times: user=0.04 sys=0.00, real=0.01 secs] 
329587.113: [GC (Allocation Failure) 329587.113: [ParNew: 429068K->6985K(471872K), 0.0095737 secs] 3085426K->2666001K(4141888K), 0.0096996 secs] [Times: user=0.07 sys=0.00, real=0.01 secs] 
329587.768: [GC (Allocation Failure) 329587.768: [ParNew: 426441K->7340K(471872K), 0.0063874 secs] 3085457K->2666962K(4141888K), 0.0065081 secs] [Times: user=0.05 sys=0.00, real=0.01 secs] 
329588.235: [GC (Allocation Failure) 329588.235: [ParNew: 426796K->6098K(471872K), 0.0064255 secs] 3086418K->2666305K(4141888K), 0.0065641 secs] [Times: user=0.04 sys=0.00, real=0.00 secs] 
329589.200: [GC (Allocation Failure) 329589.200: [ParNew: 425554K->34475K(471872K), 0.0097418 secs] 3085761K->2695190K(4141888K), 0.0098690 secs] [Times: user=0.07 sys=0.00, real=0.01 secs] 
329590.406: [GC (Allocation Failure) 329590.406: [ParNew: 453904K->31846K(471872K), 0.0071696 secs] 3114619K->2693099K(4141888K), 0.0072825 secs] [Times: user=0.06 sys=0.00, real=0.00 secs] 
329591.493: [GC (Allocation Failure) 329591.493: [ParNew: 451302K->25174K(471872K), 0.0077495 secs] 3112555K->2686807K(4141888K), 0.0078633 secs] [Times: user=0.05 sys=0.00, real=0.01 secs] 
329592.300: [GC (Allocation Failure) 329592.300: [ParNew: 444630K->12037K(471872K), 0.0048979 secs] 3106263K->2674079K(4141888K), 0.0049965 secs] [Times: user=0.04 sys=0.00, real=0.01 secs] 
329593.326: [GC (Allocation Failure) 329593.326: [ParNew: 430278K->30010K(471872K), 0.0073041 secs] 3092320K->2693018K(4141888K), 0.0074218 secs] [Times: user=0.05 sys=0.00, real=0.00 secs] 
329593.800: [GC (Allocation Failure) 329593.800: [ParNew: 449466K->28344K(471872K), 0.0084763 secs] 3112474K->2691789K(4141888K), 0.0086070 secs] [Times: user=0.06 sys=0.01, real=0.01 secs] 
329596.231: [GC (Allocation Failure) 329596.231: [ParNew: 447800K->33278K(471872K), 0.0054877 secs] 3111245K->2696815K(4141888K), 0.0056014 secs] [Times: user=0.04 sys=0.00, real=0.01 secs] 
329597.321: [GC (Allocation Failure) 329597.321: [ParNew: 450505K->27683K(471872K), 0.0069843 secs] 3114042K->2691971K(4141888K), 0.0071235 secs] [Times: user=0.05 sys=0.00, real=0.01 secs] 
329597.840: [GC (Allocation Failure) 329597.840: [ParNew: 447139K->34487K(471872K), 0.0081738 secs] 3111427K->2699281K(4141888K), 0.0082855 secs] [Times: user=0.06 sys=0.00, real=0.01 secs] 
329599.617: [GC (Allocation Failure) 329599.618: [ParNew: 453943K->24868K(471872K), 0.0101270 secs] 3118737K->2689804K(4141888K), 0.0102570 secs] [Times: user=0.06 sys=0.00, real=0.01 secs] 
329601.545: [GC (Allocation Failure) 329601.545: [ParNew: 444324K->34616K(471872K), 0.0091437 secs] 3109260K->2700614K(4141888K), 0.0092759 secs] [Times: user=0.06 sys=0.00, real=0.01 secs] 
329602.499: [GC (Allocation Failure) 329602.499: [ParNew: 454072K->20589K(471872K), 0.0087398 secs] 3120070K->2687264K(4141888K), 0.0088404 secs] [Times: user=0.05 sys=0.00, real=0.01 secs] 
329603.325: [GC (Allocation Failure) 329603.325: [ParNew: 439480K->31562K(471872K), 0.0082410 secs] 3106155K->2698553K(4141888K), 0.0083577 secs] [Times: user=0.06 sys=0.01, real=0.00 secs] 
329604.441: [GC (Allocation Failure) 329604.441: [ParNew: 451018K->25098K(471872K), 0.0084471 secs] 3118009K->2692432K(4141888K), 0.0085508 secs] [Times: user=0.06 sys=0.00, real=0.01 secs] 
329606.180: [GC (Allocation Failure) 329606.180: [ParNew: 444554K->28092K(471872K), 0.0086632 secs] 3111888K->2695729K(4141888K), 0.0088009 secs] [Times: user=0.05 sys=0.00, real=0.01 secs] 
329606.584: [GC (Allocation Failure) 329606.584: [ParNew: 447257K->39150K(471872K), 0.0119061 secs] 3114894K->2708035K(4141888K), 0.0120250 secs] [Times: user=0.09 sys=0.00, real=0.01 secs] 
329607.360: [GC (Allocation Failure) 329607.360: [ParNew: 456493K->14856K(471872K), 0.0062178 secs] 3125378K->2683860K(4141888K), 0.0063495 secs] [Times: user=0.05 sys=0.00, real=0.01 secs] 
329607.877: [GC (Allocation Failure) 329607.877: [ParNew: 434210K->25179K(471872K), 0.0067027 secs] 3103213K->2697241K(4141888K), 0.0068109 secs] [Times: user=0.05 sys=0.00, real=0.01 secs] 
329608.379: [GC (Allocation Failure) 329608.379: [ParNew: 444635K->9072K(471872K), 0.0049850 secs] 3116697K->2681300K(4141888K), 0.0051010 secs] [Times: user=0.03 sys=0.00, real=0.01 secs] 
329610.280: [GC (Allocation Failure) 329610.280: [ParNew: 428528K->20786K(471872K), 0.0061862 secs] 3100756K->2693154K(4141888K), 0.0063334 secs] [Times: user=0.04 sys=0.00, real=0.01 secs] 
329611.180: [GC (Allocation Failure) 329611.180: [ParNew: 438713K->21344K(471872K), 0.0069392 secs] 3111081K->2694370K(4141888K), 0.0070809 secs] [Times: user=0.05 sys=0.00, real=0.01 secs] 
329611.603: [GC (Allocation Failure) 329611.603: [ParNew: 440800K->18970K(471872K), 0.0122642 secs] 3113826K->2692507K(4141888K), 0.0123553 secs] [Times: user=0.08 sys=0.00, real=0.02 secs] 
329613.105: [GC (Allocation Failure) 329613.105: [ParNew: 438426K->17332K(471872K), 0.0068911 secs] 3111963K->2690954K(4141888K), 0.0070382 secs] [Times: user=0.05 sys=0.00, real=0.00 secs] 
329614.198: [GC (Allocation Failure) 329614.198: [ParNew: 436788K->25504K(471872K), 0.0084137 secs] 3110410K->2700232K(4141888K), 0.0085169 secs] [Times: user=0.06 sys=0.00, real=0.01 secs] 
329614.573: [GC (Allocation Failure) 329614.573: [ParNew: 444096K->14303K(471872K), 0.0051351 secs] 3118823K->2689569K(4141888K), 0.0052458 secs] [Times: user=0.04 sys=0.00, real=0.01 secs] 
329615.455: [GC (Allocation Failure) 329615.455: [ParNew: 433759K->23966K(471872K), 0.0088838 secs] 3109025K->2699386K(4141888K), 0.0090072 secs] [Times: user=0.07 sys=0.00, real=0.01 secs] 
329616.531: [GC (Allocation Failure) 329616.531: [ParNew: 442944K->37708K(471872K), 0.0070545 secs] 3118365K->2714267K(4141888K), 0.0071938 secs] [Times: user=0.05 sys=0.00, real=0.01 secs] 
329617.361: [GC (Allocation Failure) 329617.362: [ParNew: 457164K->26365K(471872K), 0.0087390 secs] 3133723K->2703454K(4141888K), 0.0088703 secs] [Times: user=0.06 sys=0.01, real=0.01 secs] 
329617.793: [GC (Allocation Failure) 329617.793: [ParNew: 444206K->33106K(471872K), 0.0068096 secs] 3121294K->2710515K(4141888K), 0.0069511 secs] [Times: user=0.05 sys=0.00, real=0.01 secs] 
329618.372: [GC (Allocation Failure) 329618.372: [ParNew: 452431K->24683K(471872K), 0.0073581 secs] 3129840K->2702386K(4141888K), 0.0075081 secs] [Times: user=0.05 sys=0.00, real=0.01 secs] 
329619.456: [GC (Allocation Failure) 329619.456: [ParNew: 443720K->29206K(471872K), 0.0076293 secs] 3121423K->2707633K(4141888K), 0.0077500 secs] [Times: user=0.05 sys=0.00, real=0.01 secs] 
329620.311: [GC (Allocation Failure) 329620.311: [ParNew: 448662K->18861K(471872K), 0.0068383 secs] 3127089K->2697760K(4141888K), 0.0069462 secs] [Times: user=0.04 sys=0.00, real=0.01 secs] 
329621.268: [GC (Allocation Failure) 329621.268: [ParNew: 438317K->23226K(471872K), 0.0084259 secs] 3117216K->2702342K(4141888K), 0.0085495 secs] [Times: user=0.05 sys=0.00, real=0.01 secs] 
329622.250: [GC (Allocation Failure) 329622.250: [ParNew: 442682K->28806K(471872K), 0.0088210 secs] 3121798K->2709094K(4141888K), 0.0089230 secs] [Times: user=0.06 sys=0.00, real=0.01 secs] 
329623.169: [GC (Allocation Failure) 329623.169: [ParNew: 448262K->29897K(471872K), 0.0060521 secs] 3128550K->2710661K(4141888K), 0.0061786 secs] [Times: user=0.05 sys=0.00, real=0.01 secs] 
329623.684: [GC (Allocation Failure) 329623.684: [ParNew: 449338K->31054K(471872K), 0.0072502 secs] 3130101K->2712196K(4141888K), 0.0074254 secs] [Times: user=0.05 sys=0.00, real=0.00 secs] 
329624.586: [GC (Allocation Failure) 329624.586: [ParNew: 450510K->24227K(471872K), 0.0068168 secs] 3131652K->2705728K(4141888K), 0.0069641 secs] [Times: user=0.05 sys=0.00, real=0.00 secs] 
329626.514: [GC (Allocation Failure) 329626.514: [ParNew: 443683K->30072K(471872K), 0.0070414 secs] 3125184K->2712465K(4141888K), 0.0072078 secs] [Times: user=0.05 sys=0.00, real=0.01 secs] 
329633.077: [GC (Allocation Failure) 329633.077: [ParNew: 449528K->8863K(471872K), 0.0067948 secs] 3131921K->2691772K(4141888K), 0.0069086 secs] [Times: user=0.05 sys=0.00, real=0.00 secs] 
329643.163: [GC (Allocation Failure) 329643.163: [ParNew: 428319K->5064K(471872K), 0.0092940 secs] 3111228K->2692550K(4141888K), 0.0094287 secs] [Times: user=0.07 sys=0.00, real=0.01 secs] 
329653.312: [GC (Allocation Failure) 329653.312: [ParNew: 424520K->6115K(471872K), 0.0523549 secs] 3112006K->2696478K(4141888K), 0.0524907 secs] [Times: user=0.19 sys=0.00, real=0.06 secs] 
329663.106: [GC (Allocation Failure) 329663.106: [ParNew: 425571K->6014K(471872K), 0.0265678 secs] 3115934K->2699556K(4141888K), 0.0267183 secs] [Times: user=0.12 sys=0.01, real=0.02 secs] 
329670.144: [GC (Allocation Failure) 329670.144: [ParNew: 425470K->8025K(471872K), 0.0134064 secs] 3119012K->2704335K(4141888K), 0.0135335 secs] [Times: user=0.05 sys=0.00, real=0.01 secs] 
329678.327: [GC (Allocation Failure) 329678.327: [ParNew: 427481K->5163K(471872K), 0.0092742 secs] 3123791K->2706115K(4141888K), 0.0093916 secs] [Times: user=0.05 sys=0.00, real=0.01 secs] 
329684.183: [GC (Allocation Failure) 329684.183: [ParNew: 424619K->7636K(471872K), 0.0100238 secs] 3125571K->2710760K(4141888K), 0.0101271 secs] [Times: user=0.06 sys=0.00, real=0.01 secs] 
329693.085: [GC (Allocation Failure) 329693.085: [ParNew: 427092K->6057K(471872K), 0.0088039 secs] 3130216K->2711436K(4141888K), 0.0089147 secs] [Times: user=0.07 sys=0.00, real=0.01 secs] 
329699.975: [GC (Allocation Failure) 329699.975: [ParNew: 425513K->4290K(471872K), 0.0083611 secs] 3130892K->2712067K(4141888K), 0.0084740 secs] [Times: user=0.06 sys=0.00, real=0.00 secs] 
329704.475: [GC (Allocation Failure) 329704.475: [ParNew: 423746K->7313K(471872K), 0.0084576 secs] 3131523K->2717455K(4141888K), 0.0085634 secs] [Times: user=0.07 sys=0.00, real=0.00 secs] 
329707.273: [GC (Allocation Failure) 329707.273: [ParNew: 426769K->18457K(471872K), 0.0135114 secs] 3136911K->2730590K(4141888K), 0.0136311 secs] [Times: user=0.07 sys=0.00, real=0.02 secs] 
329709.128: [GC (Allocation Failure) 329709.128: [ParNew: 437511K->11132K(471872K), 0.0074535 secs] 3149644K->2724418K(4141888K), 0.0075401 secs] [Times: user=0.03 sys=0.00, real=0.01 secs] 
329713.120: [GC (Allocation Failure) 329713.120: [ParNew: 430588K->6363K(471872K), 0.0081121 secs] 3143874K->2720278K(4141888K), 0.0082626 secs] [Times: user=0.06 sys=0.00, real=0.01 secs] 
329716.438: [GC (Allocation Failure) 329716.438: [ParNew: 425819K->20295K(471872K), 0.0113338 secs] 3139734K->2736084K(4141888K), 0.0114591 secs] [Times: user=0.08 sys=0.00, real=0.01 secs] 
329718.324: [GC (Allocation Failure) 329718.324: [ParNew: 439751K->25161K(471872K), 0.0090973 secs] 3155540K->2741913K(4141888K), 0.0092107 secs] [Times: user=0.07 sys=0.00, real=0.00 secs] 
329720.355: [GC (Allocation Failure) 329720.355: [ParNew: 444617K->13687K(471872K), 0.0066376 secs] 3161369K->2731581K(4141888K), 0.0067345 secs] [Times: user=0.05 sys=0.00, real=0.00 secs] 
329721.676: [GC (Allocation Failure) 329721.676: [ParNew: 431323K->21447K(471872K), 0.0082679 secs] 3149217K->2739981K(4141888K), 0.0084158 secs] [Times: user=0.05 sys=0.00, real=0.01 secs] 
329722.567: [GC (Allocation Failure) 329722.567: [ParNew: 440903K->20053K(471872K), 0.0098998 secs] 3159437K->2739081K(4141888K), 0.0100455 secs] [Times: user=0.07 sys=0.00, real=0.01 secs] 
329723.971: [GC (Allocation Failure) 329723.971: [ParNew: 439509K->14061K(471872K), 0.0087739 secs] 3158537K->2733373K(4141888K), 0.0088906 secs] [Times: user=0.06 sys=0.00, real=0.01 secs] 
329725.361: [GC (Allocation Failure) 329725.361: [ParNew: 433297K->25924K(471872K), 0.0090341 secs] 3152608K->2746288K(4141888K), 0.0091575 secs] [Times: user=0.06 sys=0.00, real=0.01 secs] 
329726.399: [GC (Allocation Failure) 329726.399: [ParNew: 445380K->28154K(471872K), 0.0079697 secs] 3165744K->2749020K(4141888K), 0.0080906 secs] [Times: user=0.05 sys=0.00, real=0.01 secs] 
329727.397: [GC (Allocation Failure) 329727.397: [ParNew: 447610K->31266K(471872K), 0.0069222 secs] 3168476K->2752413K(4141888K), 0.0070711 secs] [Times: user=0.05 sys=0.00, real=0.01 secs] 
329728.780: [GC (Allocation Failure) 329728.780: [ParNew: 450722K->13648K(471872K), 0.0055323 secs] 3171869K->2735140K(4141888K), 0.0056351 secs] [Times: user=0.05 sys=0.00, real=0.01 secs] 
329729.211: [GC (Allocation Failure) 329729.211: [ParNew: 433104K->25723K(471872K), 0.0086279 secs] 3154596K->2750476K(4141888K), 0.0087370 secs] [Times: user=0.07 sys=0.00, real=0.01 secs] 
329729.479: [GC (Allocation Failure) 329729.479: [ParNew: 445179K->28117K(471872K), 0.0078625 secs] 3169932K->2757073K(4141888K), 0.0079657 secs] [Times: user=0.05 sys=0.00, real=0.01 secs] 
329729.835: [GC (Allocation Failure) 329729.835: [ParNew: 447573K->10841K(471872K), 0.0051148 secs] 3176529K->2742330K(4141888K), 0.0052170 secs] [Times: user=0.03 sys=0.01, real=0.00 secs] 
329730.376: [GC (Allocation Failure) 329730.376: [ParNew: 427023K->26125K(471872K), 0.0138792 secs] 3158512K->2760959K(4141888K), 0.0140081 secs] [Times: user=0.09 sys=0.00, real=0.01 secs] 
329730.733: [GC (Allocation Failure) 329730.733: [ParNew: 444093K->32840K(471872K), 0.0076217 secs] 3178927K->2768232K(4141888K), 0.0077482 secs] [Times: user=0.05 sys=0.00, real=0.01 secs] 
329731.075: [GC (Allocation Failure) 329731.075: [ParNew: 452296K->10394K(471872K), 0.0054133 secs] 3187688K->2746059K(4141888K), 0.0055235 secs] [Times: user=0.04 sys=0.00, real=0.00 secs] 
329731.464: [GC (GCLocker Initiated GC) 329731.464: [ParNew: 430045K->26543K(471872K), 0.0066209 secs] 3165709K->2762999K(4141888K), 0.0067241 secs] [Times: user=0.05 sys=0.00, real=0.01 secs] 
329732.306: [GC (Allocation Failure) 329732.307: [ParNew: 445999K->12759K(471872K), 0.0054287 secs] 3182455K->2749501K(4141888K), 0.0055264 secs] [Times: user=0.03 sys=0.00, real=0.00 secs] 
329733.190: [GC (Allocation Failure) 329733.190: [ParNew: 430587K->27635K(471872K), 0.0083057 secs] 3167329K->2764993K(4141888K), 0.0084316 secs] [Times: user=0.06 sys=0.00, real=0.01 secs] 
329733.601: [GC (Allocation Failure) 329733.601: [ParNew: 447091K->26591K(471872K), 0.0089215 secs] 3184449K->2764560K(4141888K), 0.0090298 secs] [Times: user=0.06 sys=0.00, real=0.01 secs] 
329735.400: [GC (Allocation Failure) 329735.400: [ParNew: 446047K->34223K(471872K), 0.0057524 secs] 3184016K->2772465K(4141888K), 0.0058795 secs] [Times: user=0.05 sys=0.00, real=0.01 secs] 
329736.275: [GC (Allocation Failure) 329736.275: [ParNew: 451389K->28269K(471872K), 0.0151478 secs] 3189631K->2767507K(4141888K), 0.0152834 secs] [Times: user=0.12 sys=0.00, real=0.01 secs] 
329736.725: [GC (Allocation Failure) 329736.725: [ParNew: 447725K->24727K(471872K), 0.0081910 secs] 3186963K->2764291K(4141888K), 0.0083051 secs] [Times: user=0.06 sys=0.00, real=0.00 secs] 
329738.209: [GC (Allocation Failure) 329738.209: [ParNew: 443802K->29521K(471872K), 0.0072709 secs] 3183366K->2769170K(4141888K), 0.0073995 secs] [Times: user=0.05 sys=0.00, real=0.01 secs] 
329739.533: [GC (Allocation Failure) 329739.533: [ParNew: 448977K->12500K(471872K), 0.0065569 secs] 3188626K->2754048K(4141888K), 0.0066913 secs] [Times: user=0.05 sys=0.00, real=0.01 secs] 
329740.475: [GC (Allocation Failure) 329740.475: [ParNew: 431956K->38212K(471872K), 0.0093513 secs] 3173504K->2780426K(4141888K), 0.0094704 secs] [Times: user=0.07 sys=0.00, real=0.01 secs] 
329741.550: [GC (Allocation Failure) 329741.550: [ParNew: 457668K->20891K(471872K), 0.0057807 secs] 3199882K->2763510K(4141888K), 0.0059123 secs] [Times: user=0.04 sys=0.00, real=0.01 secs] 
329742.472: [GC (Allocation Failure) 329742.472: [ParNew: 439327K->29072K(471872K), 0.0098551 secs] 3181946K->2772139K(4141888K), 0.0099600 secs] [Times: user=0.08 sys=0.00, real=0.01 secs] 
329743.534: [GC (Allocation Failure) 329743.534: [ParNew: 448528K->8249K(471872K), 0.0060308 secs] 3191595K->2751752K(4141888K), 0.0061536 secs] [Times: user=0.05 sys=0.00, real=0.01 secs] 
329744.566: [GC (Allocation Failure) 329744.567: [ParNew: 427705K->25084K(471872K), 0.0074042 secs] 3171208K->2770324K(4141888K), 0.0075236 secs] [Times: user=0.05 sys=0.00, real=0.01 secs] 
329745.430: [GC (Allocation Failure) 329745.430: [ParNew: 444528K->32164K(471872K), 0.0070524 secs] 3189768K->2777795K(4141888K), 0.0071638 secs] [Times: user=0.05 sys=0.00, real=0.01 secs] 
329746.478: [GC (Allocation Failure) 329746.478: [ParNew: 451156K->30997K(471872K), 0.0071790 secs] 3196787K->2777040K(4141888K), 0.0073147 secs] [Times: user=0.05 sys=0.00, real=0.01 secs] 
329749.187: [GC (Allocation Failure) 329749.187: [ParNew: 449282K->33347K(471872K), 0.0074855 secs] 3195325K->2779631K(4141888K), 0.0076305 secs] [Times: user=0.05 sys=0.00, real=0.01 secs] 
329751.274: [GC (Allocation Failure) 329751.274: [ParNew: 452803K->23215K(471872K), 0.0088280 secs] 3199087K->2770370K(4141888K), 0.0089361 secs] [Times: user=0.06 sys=0.00, real=0.00 secs] 
329752.336: [GC (Allocation Failure) 329752.336: [ParNew: 442671K->33073K(471872K), 0.0060376 secs] 3189826K->2781618K(4141888K), 0.0061432 secs] [Times: user=0.04 sys=0.00, real=0.00 secs] 
329753.103: [GC (Allocation Failure) 329753.103: [ParNew: 452529K->5441K(471872K), 0.0054120 secs] 3201074K->2754335K(4141888K), 0.0055093 secs] [Times: user=0.04 sys=0.00, real=0.01 secs] 
329754.387: [GC (Allocation Failure) 329754.387: [ParNew: 424897K->30281K(471872K), 0.0092144 secs] 3173791K->2779610K(4141888K), 0.0093274 secs] [Times: user=0.07 sys=0.00, real=0.01 secs] 
329755.412: [GC (Allocation Failure) 329755.412: [ParNew: 449737K->12711K(471872K), 0.0057468 secs] 3199066K->2762540K(4141888K), 0.0058462 secs] [Times: user=0.03 sys=0.00, real=0.01 secs] 
329756.475: [GC (Allocation Failure) 329756.475: [ParNew: 429964K->34766K(471872K), 0.0069491 secs] 3179793K->2785043K(4141888K), 0.0070700 secs] [Times: user=0.05 sys=0.00, real=0.00 secs] 
329757.441: [GC (Allocation Failure) 329757.441: [ParNew: 454222K->31063K(471872K), 0.0068617 secs] 3204499K->2781785K(4141888K), 0.0069806 secs] [Times: user=0.05 sys=0.00, real=0.01 secs] 
329764.031: [GC (Allocation Failure) 329764.031: [ParNew: 450519K->10874K(471872K), 0.0074304 secs] 3201241K->2762712K(4141888K), 0.0075902 secs] [Times: user=0.06 sys=0.00, real=0.01 secs] 
329773.182: [GC (Allocation Failure) 329773.182: [ParNew: 430330K->7776K(471872K), 0.0095160 secs] 3182168K->2764177K(4141888K), 0.0096337 secs] [Times: user=0.07 sys=0.00, real=0.01 secs] 
329784.051: [GC (Allocation Failure) 329784.051: [ParNew: 427232K->6274K(471872K), 0.0089249 secs] 3183633K->2765323K(4141888K), 0.0090584 secs] [Times: user=0.06 sys=0.00, real=0.01 secs] 
329793.152: [GC (Allocation Failure) 329793.152: [ParNew: 425730K->7713K(471872K), 0.0080831 secs] 3184779K->2769650K(4141888K), 0.0081966 secs] [Times: user=0.06 sys=0.00, real=0.01 secs] 
329803.102: [GC (Allocation Failure) 329803.102: [ParNew: 427169K->6006K(471872K), 0.0092846 secs] 3189106K->2772866K(4141888K), 0.0093920 secs] [Times: user=0.06 sys=0.00, real=0.01 secs] 
329813.112: [GC (Allocation Failure) 329813.112: [ParNew: 425462K->6752K(471872K), 0.0099368 secs] 3192322K->2776326K(4141888K), 0.0100552 secs] [Times: user=0.07 sys=0.01, real=0.01 secs] 
329823.138: [GC (Allocation Failure) 329823.138: [ParNew: 426208K->6215K(471872K), 0.0088842 secs] 3195782K->2779523K(4141888K), 0.0090002 secs] [Times: user=0.07 sys=0.00, real=0.01 secs] 
329833.784: [GC (Allocation Failure) 329833.784: [ParNew: 425671K->5715K(471872K), 0.0088633 secs] 3198979K->2781969K(4141888K), 0.0089702 secs] [Times: user=0.06 sys=0.00, real=0.00 secs] 
329846.042: [GC (Allocation Failure) 329846.042: [ParNew: 425171K->8523K(471872K), 0.0098953 secs] 3201425K->2787763K(4141888K), 0.0100027 secs] [Times: user=0.07 sys=0.00, real=0.01 secs] 
329853.171: [GC (Allocation Failure) 329853.171: [ParNew: 427979K->8031K(471872K), 0.0093194 secs] 3207219K->2790771K(4141888K), 0.0094523 secs] [Times: user=0.07 sys=0.00, real=0.01 secs] 
329863.119: [GC (Allocation Failure) 329863.119: [ParNew: 427487K->6122K(471872K), 0.0100740 secs] 3210227K->2793353K(4141888K), 0.0102028 secs] [Times: user=0.07 sys=0.00, real=0.01 secs] 
329873.056: [GC (Allocation Failure) 329873.056: [ParNew: 425578K->6855K(471872K), 0.0122483 secs] 3212809K->2797383K(4141888K), 0.0123702 secs] [Times: user=0.07 sys=0.00, real=0.01 secs] 
329883.051: [GC (Allocation Failure) 329883.051: [ParNew: 426311K->6214K(471872K), 0.0087997 secs] 3216839K->2800296K(4141888K), 0.0089278 secs] [Times: user=0.06 sys=0.00, real=0.01 secs] 
329892.714: [GC (Allocation Failure) 329892.714: [ParNew: 425670K->4893K(471872K), 0.0087440 secs] 3219752K->2801769K(4141888K), 0.0088856 secs] [Times: user=0.06 sys=0.00, real=0.00 secs] 
329903.091: [GC (Allocation Failure) 329903.091: [ParNew: 424349K->4353K(471872K), 0.0083259 secs] 3221225K->2803435K(4141888K), 0.0084406 secs] [Times: user=0.06 sys=0.01, real=0.01 secs] 
329913.076: [GC (Allocation Failure) 329913.076: [ParNew: 423809K->7257K(471872K), 0.0090709 secs] 3222891K->2808465K(4141888K), 0.0092035 secs] [Times: user=0.06 sys=0.00, real=0.01 secs] 
329922.726: [GC (Allocation Failure) 329922.726: [ParNew: 426713K->5479K(471872K), 0.0075054 secs] 3227921K->2811200K(4141888K), 0.0076268 secs] [Times: user=0.06 sys=0.00, real=0.00 secs] 
329930.810: [GC (Allocation Failure) 329930.810: [ParNew: 424935K->5173K(471872K), 0.0074592 secs] 3230656K->2812864K(4141888K), 0.0075732 secs] [Times: user=0.05 sys=0.00, real=0.01 secs] 
329940.609: [GC (Allocation Failure) 329940.609: [ParNew: 424629K->5084K(471872K), 0.0104601 secs] 3232320K->2815276K(4141888K), 0.0105740 secs] [Times: user=0.06 sys=0.00, real=0.01 secs] 
329951.589: [GC (Allocation Failure) 329951.589: [ParNew: 424540K->5580K(471872K), 0.0086638 secs] 3234732K->2818336K(4141888K), 0.0087960 secs] [Times: user=0.06 sys=0.00, real=0.01 secs] 
329955.923: [GC (Allocation Failure) 329955.923: [ParNew: 425036K->3954K(471872K), 0.0084599 secs] 3237792K->2819429K(4141888K), 0.0085954 secs] [Times: user=0.06 sys=0.00, real=0.01 secs] 
329966.235: [GC (Allocation Failure) 329966.235: [ParNew: 423410K->4382K(471872K), 0.0414273 secs] 3238885K->2821215K(4141888K), 0.0416025 secs] [Times: user=0.17 sys=0.01, real=0.04 secs] 
329974.530: [GC (Allocation Failure) 329974.530: [ParNew: 423838K->8603K(471872K), 0.0097048 secs] 3240671K->2827953K(4141888K), 0.0098157 secs] [Times: user=0.06 sys=0.00, real=0.01 secs] 
329983.153: [GC (Allocation Failure) 329983.153: [ParNew: 428059K->5797K(471872K), 0.0083739 secs] 3247409K->2829432K(4141888K), 0.0084825 secs] [Times: user=0.06 sys=0.00, real=0.01 secs] 
329993.076: [GC (Allocation Failure) 329993.076: [ParNew: 425253K->4970K(471872K), 0.0072465 secs] 3248888K->2830649K(4141888K), 0.0073633 secs] [Times: user=0.05 sys=0.00, real=0.00 secs] 
330003.089: [GC (Allocation Failure) 330003.089: [ParNew: 424426K->4951K(471872K), 0.0084661 secs] 3250105K->2833592K(4141888K), 0.0085837 secs] [Times: user=0.05 sys=0.00, real=0.01 secs] 
330013.138: [GC (Allocation Failure) 330013.138: [ParNew: 424407K->5522K(471872K), 0.0097781 secs] 3253048K->2836357K(4141888K), 0.0098821 secs] [Times: user=0.06 sys=0.00, real=0.01 secs] 
330023.113: [GC (Allocation Failure) 330023.113: [ParNew: 424978K->5046K(471872K), 0.0092060 secs] 3255813K->2838413K(4141888K), 0.0093091 secs] [Times: user=0.05 sys=0.00, real=0.01 secs] 
330033.556: [GC (Allocation Failure) 330033.556: [ParNew: 423865K->5049K(471872K), 0.0075580 secs] 3257233K->2840625K(4141888K), 0.0076731 secs] [Times: user=0.05 sys=0.01, real=0.01 secs] 
330041.531: [GC (Allocation Failure) 330041.532: [ParNew: 424505K->12331K(471872K), 0.0078442 secs] 3260081K->2850107K(4141888K), 0.0079826 secs] [Times: user=0.05 sys=0.00, real=0.01 secs] 
330049.090: [GC (Allocation Failure) 330049.090: [ParNew: 431787K->6831K(471872K), 0.0074244 secs] 3269563K->2848799K(4141888K), 0.0075476 secs] [Times: user=0.06 sys=0.00, real=0.01 secs] 
330058.180: [GC (Allocation Failure) 330058.180: [ParNew: 426287K->4488K(471872K), 0.0079521 secs] 3268255K->2848783K(4141888K), 0.0081177 secs] [Times: user=0.06 sys=0.00, real=0.01 secs] 
330066.398: [GC (Allocation Failure) 330066.399: [ParNew: 423944K->6193K(471872K), 0.0068347 secs] 3268239K->2852419K(4141888K), 0.0069387 secs] [Times: user=0.05 sys=0.00, real=0.01 secs] 
330066.925: [GC (Allocation Failure) 330066.925: [ParNew: 425649K->11208K(471872K), 0.0077617 secs] 3271875K->2860447K(4141888K), 0.0078818 secs] [Times: user=0.05 sys=0.01, real=0.00 secs] 
330067.504: [GC (Allocation Failure) 330067.504: [ParNew: 430664K->6126K(471872K), 0.0058615 secs] 3279903K->2860171K(4141888K), 0.0059846 secs] [Times: user=0.04 sys=0.00, real=0.01 secs] 
330068.100: [GC (Allocation Failure) 330068.100: [ParNew: 425582K->5942K(471872K), 0.0090097 secs] 3279627K->2862662K(4141888K), 0.0091099 secs] [Times: user=0.06 sys=0.00, real=0.01 secs] 
330068.759: [GC (Allocation Failure) 330068.759: [ParNew: 425398K->5893K(471872K), 0.0079975 secs] 3282118K->2863216K(4141888K), 0.0080937 secs] [Times: user=0.06 sys=0.00, real=0.01 secs] 
330068.768: [GC (GCLocker Initiated GC) 330068.768: [ParNew: 6062K->2086K(471872K), 0.0054075 secs] 2863385K->2862356K(4141888K), 0.0054847 secs] [Times: user=0.04 sys=0.01, real=0.00 secs] 
330069.384: [GC (Allocation Failure) 330069.384: [ParNew: 421542K->3658K(471872K), 0.0052552 secs] 3281812K->2863930K(4141888K), 0.0053662 secs] [Times: user=0.04 sys=0.00, real=0.01 secs] 
330070.165: [GC (Allocation Failure) 330070.165: [ParNew: 422900K->9289K(471872K), 0.0058239 secs] 3283171K->2870140K(4141888K), 0.0059306 secs] [Times: user=0.04 sys=0.00, real=0.00 secs] 
330075.584: [GC (Allocation Failure) 330075.584: [ParNew: 428745K->3392K(471872K), 0.0071190 secs] 3289596K->2867053K(4141888K), 0.0072250 secs] [Times: user=0.05 sys=0.00, real=0.00 secs] 
330086.273: [GC (Allocation Failure) 330086.273: [ParNew: 422848K->4495K(471872K), 0.0083000 secs] 3286509K->2869758K(4141888K), 0.0084142 secs] [Times: user=0.06 sys=0.00, real=0.01 secs] 
330094.854: [GC (Allocation Failure) 330094.854: [ParNew: 423951K->6954K(471872K), 0.0091626 secs] 3289214K->2874485K(4141888K), 0.0092752 secs] [Times: user=0.06 sys=0.00, real=0.00 secs] 
330103.327: [GC (Allocation Failure) 330103.327: [ParNew: 425945K->5942K(471872K), 0.0084578 secs] 3293476K->2877888K(4141888K), 0.0086231 secs] [Times: user=0.06 sys=0.00, real=0.01 secs] 
330108.355: [GC (Allocation Failure) 330108.355: [ParNew: 425398K->7890K(471872K), 0.0069058 secs] 3297344K->2881707K(4141888K), 0.0070127 secs] [Times: user=0.05 sys=0.00, real=0.00 secs] 
330113.119: [GC (Allocation Failure) 330113.119: [ParNew: 427346K->4991K(471872K), 0.0063563 secs] 3301163K->2880184K(4141888K), 0.0064694 secs] [Times: user=0.04 sys=0.00, real=0.01 secs] 
330123.063: [GC (Allocation Failure) 330123.063: [ParNew: 424447K->4659K(471872K), 0.0069847 secs] 3299640K->2882037K(4141888K), 0.0071002 secs] [Times: user=0.05 sys=0.00, real=0.01 secs] 
330133.105: [GC (Allocation Failure) 330133.105: [ParNew: 424115K->5113K(471872K), 0.0075880 secs] 3301493K->2884696K(4141888K), 0.0076981 secs] [Times: user=0.05 sys=0.00, real=0.00 secs] 
330143.775: [GC (Allocation Failure) 330143.775: [ParNew: 424569K->4371K(471872K), 0.0077543 secs] 3304152K->2886317K(4141888K), 0.0078594 secs] [Times: user=0.06 sys=0.00, real=0.00 secs] 
330156.608: [GC (Allocation Failure) 330156.608: [ParNew: 423731K->30665K(471872K), 0.0089830 secs] 3305677K->2915519K(4141888K), 0.0091010 secs] [Times: user=0.06 sys=0.00, real=0.01 secs] 
330165.322: [GC (Allocation Failure) 330165.323: [ParNew: 449463K->10941K(471872K), 0.0082046 secs] 3334317K->2898482K(4141888K), 0.0083170 secs] [Times: user=0.06 sys=0.00, real=0.01 secs] 
330174.455: [GC (Allocation Failure) 330174.455: [ParNew: 430397K->5766K(471872K), 0.0076644 secs] 3317938K->2898088K(4141888K), 0.0077696 secs] [Times: user=0.05 sys=0.00, real=0.00 secs] 
330186.287: [GC (Allocation Failure) 330186.287: [ParNew: 425222K->4839K(471872K), 0.0078938 secs] 3317544K->2899870K(4141888K), 0.0080017 secs] [Times: user=0.06 sys=0.00, real=0.01 secs] 
330196.035: [GC (Allocation Failure) 330196.036: [ParNew: 424295K->5293K(471872K), 0.0073021 secs] 3319326K->2903011K(4141888K), 0.0074050 secs] [Times: user=0.05 sys=0.00, real=0.00 secs] 
330205.358: [GC (Allocation Failure) 330205.358: [ParNew: 424703K->9109K(471872K), 0.0108152 secs] 3322421K->2909177K(4141888K), 0.0109250 secs] [Times: user=0.05 sys=0.01, real=0.01 secs] 
330213.116: [GC (Allocation Failure) 330213.116: [ParNew: 428565K->5034K(471872K), 0.0113555 secs] 3328633K->2907152K(4141888K), 0.0114937 secs] [Times: user=0.06 sys=0.00, real=0.01 secs] 
330223.049: [GC (Allocation Failure) 330223.049: [ParNew: 424490K->11395K(471872K), 0.0084474 secs] 3326608K->2915268K(4141888K), 0.0085554 secs] [Times: user=0.06 sys=0.00, real=0.01 secs] 
330226.666: [GC (Allocation Failure) 330226.666: [ParNew: 430843K->6812K(471872K), 0.0081051 secs] 3334715K->2915982K(4141888K), 0.0082285 secs] [Times: user=0.05 sys=0.00, real=0.01 secs] 
330231.435: [GC (Allocation Failure) 330231.436: [ParNew: 426268K->4511K(471872K), 0.0066558 secs] 3335438K->2915210K(4141888K), 0.0067797 secs] [Times: user=0.05 sys=0.00, real=0.00 secs] 
330240.545: [GC (Allocation Failure) 330240.545: [ParNew: 423967K->3787K(471872K), 0.0069375 secs] 3334666K->2916639K(4141888K), 0.0070520 secs] [Times: user=0.05 sys=0.00, real=0.00 secs] 
330249.838: [GC (Allocation Failure) 330249.838: [ParNew: 423243K->7312K(471872K), 0.0088291 secs] 3336095K->2922467K(4141888K), 0.0089674 secs] [Times: user=0.06 sys=0.00, real=0.01 secs] 
330255.664: [GC (Allocation Failure) 330255.664: [ParNew: 426768K->8908K(471872K), 0.0120328 secs] 3341923K->2926476K(4141888K), 0.0121967 secs] [Times: user=0.07 sys=0.00, real=0.01 secs] 
330259.661: [GC (Allocation Failure) 330259.661: [ParNew: 428364K->5932K(471872K), 0.0125987 secs] 3345932K->2925344K(4141888K), 0.0126967 secs] [Times: user=0.08 sys=0.00, real=0.01 secs] 
330261.892: [GC (Allocation Failure) 330261.892: [ParNew: 425388K->5010K(471872K), 0.0066879 secs] 3344800K->2926129K(4141888K), 0.0067882 secs] [Times: user=0.04 sys=0.00, real=0.01 secs] 
330263.476: [GC (Allocation Failure) 330263.476: [ParNew: 424466K->4380K(471872K), 0.0072287 secs] 3345585K->2925996K(4141888K), 0.0073148 secs] [Times: user=0.04 sys=0.00, real=0.00 secs] 
330265.480: [GC (Allocation Failure) 330265.480: [ParNew: 423836K->8618K(471872K), 0.0068480 secs] 3345452K->2931331K(4141888K), 0.0069544 secs] [Times: user=0.04 sys=0.00, real=0.01 secs] 
330268.567: [GC (Allocation Failure) 330268.567: [ParNew: 428074K->4173K(471872K), 0.0063805 secs] 3350787K->2927751K(4141888K), 0.0064696 secs] [Times: user=0.04 sys=0.00, real=0.00 secs] 
330271.109: [GC (Allocation Failure) 330271.109: [ParNew: 423332K->12019K(471872K), 0.0054829 secs] 3346909K->2936945K(4141888K), 0.0055781 secs] [Times: user=0.03 sys=0.01, real=0.01 secs] 
330273.072: [GC (Allocation Failure) 330273.073: [ParNew: 431475K->3887K(471872K), 0.0050235 secs] 3356401K->2929416K(4141888K), 0.0051189 secs] [Times: user=0.04 sys=0.00, real=0.01 secs] 
330275.656: [GC (Allocation Failure) 330275.656: [ParNew: 423174K->9863K(471872K), 0.0059209 secs] 3348704K->2936476K(4141888K), 0.0060268 secs] [Times: user=0.04 sys=0.00, real=0.00 secs] 
330277.234: [GC (Allocation Failure) 330277.234: [ParNew: 429319K->3339K(471872K), 0.0046827 secs] 3355932K->2930711K(4141888K), 0.0047737 secs] [Times: user=0.04 sys=0.00, real=0.00 secs] 
330282.518: [GC (Allocation Failure) 330282.518: [ParNew: 422795K->6971K(471872K), 0.0050160 secs] 3350167K->2934650K(4141888K), 0.0051130 secs] [Times: user=0.03 sys=0.00, real=0.00 secs] 
330283.677: [GC (Allocation Failure) 330283.677: [ParNew: 426427K->4228K(471872K), 0.0057311 secs] 3354106K->2936288K(4141888K), 0.0058344 secs] [Times: user=0.05 sys=0.00, real=0.00 secs] 
330287.532: [GC (Allocation Failure) 330287.532: [ParNew: 423529K->6272K(471872K), 0.0061342 secs] 3355589K->2938694K(4141888K), 0.0062257 secs] [Times: user=0.04 sys=0.00, real=0.01 secs] 
330289.636: [GC (Allocation Failure) 330289.636: [ParNew: 425507K->5174K(471872K), 0.0052073 secs] 3357929K->2939285K(4141888K), 0.0052946 secs] [Times: user=0.03 sys=0.00, real=0.00 secs] 
330291.397: [GC (Allocation Failure) 330291.397: [ParNew: 424443K->5145K(471872K), 0.0049215 secs] 3358554K->2939720K(4141888K), 0.0050051 secs] [Times: user=0.04 sys=0.00, real=0.00 secs] 
330292.737: [GC (Allocation Failure) 330292.737: [ParNew: 424601K->4875K(471872K), 0.0047170 secs] 3359176K->2939901K(4141888K), 0.0047996 secs] [Times: user=0.03 sys=0.00, real=0.00 secs] 
330296.566: [GC (Allocation Failure) 330296.566: [ParNew: 424331K->11222K(471872K), 0.0068347 secs] 3359357K->2947279K(4141888K), 0.0069322 secs] [Times: user=0.05 sys=0.01, real=0.00 secs] 
330300.654: [GC (Allocation Failure) 330300.654: [ParNew: 430678K->12040K(471872K), 0.0085612 secs] 3366735K->2950453K(4141888K), 0.0086615 secs] [Times: user=0.06 sys=0.00, real=0.01 secs] 
330303.079: [GC (Allocation Failure) 330303.079: [ParNew: 431496K->3781K(471872K), 0.0071268 secs] 3369909K->2943399K(4141888K), 0.0072114 secs] [Times: user=0.04 sys=0.00, real=0.01 secs] 
330307.705: [GC (Allocation Failure) 330307.705: [ParNew: 423179K->9344K(471872K), 0.0077065 secs] 3362797K->2950305K(4141888K), 0.0078080 secs] [Times: user=0.05 sys=0.00, real=0.00 secs] 
330310.890: [GC (Allocation Failure) 330310.890: [ParNew: 428800K->6372K(471872K), 0.0083303 secs] 3369761K->2948419K(4141888K), 0.0084378 secs] [Times: user=0.04 sys=0.00, real=0.01 secs] 
330312.839: [GC (Allocation Failure) 330312.839: [ParNew: 425828K->8729K(471872K), 0.0054293 secs] 3367875K->2952109K(4141888K), 0.0055362 secs] [Times: user=0.04 sys=0.00, real=0.01 secs] 
330314.604: [GC (Allocation Failure) 330314.605: [ParNew: 428185K->9448K(471872K), 0.0062964 secs] 3371565K->2953322K(4141888K), 0.0063919 secs] [Times: user=0.04 sys=0.00, real=0.00 secs] 
330318.788: [GC (Allocation Failure) 330318.788: [ParNew: 428904K->5390K(471872K), 0.0098341 secs] 3372778K->2949980K(4141888K), 0.0099502 secs] [Times: user=0.06 sys=0.00, real=0.01 secs] 
330321.067: [GC (Allocation Failure) 330321.067: [ParNew: 424846K->5989K(471872K), 0.0075703 secs] 3369436K->2952149K(4141888K), 0.0076670 secs] [Times: user=0.04 sys=0.00, real=0.01 secs] 
330323.427: [GC (Allocation Failure) 330323.427: [ParNew: 425445K->5881K(471872K), 0.0076483 secs] 3371605K->2952548K(4141888K), 0.0077418 secs] [Times: user=0.04 sys=0.00, real=0.01 secs] 
330327.467: [GC (Allocation Failure) 330327.467: [ParNew: 425337K->9236K(471872K), 0.0072204 secs] 3372004K->2957163K(4141888K), 0.0073154 secs] [Times: user=0.06 sys=0.00, real=0.01 secs] 
330330.579: [GC (Allocation Failure) 330330.579: [ParNew: 428692K->11332K(471872K), 0.0054686 secs] 3376619K->2960204K(4141888K), 0.0055833 secs] [Times: user=0.04 sys=0.00, real=0.01 secs] 
330334.564: [GC (Allocation Failure) 330334.564: [ParNew: 430788K->9693K(471872K), 0.0061447 secs] 3379660K->2959928K(4141888K), 0.0062462 secs] [Times: user=0.04 sys=0.00, real=0.00 secs] 
330339.575: [GC (Allocation Failure) 330339.575: [ParNew: 429149K->10100K(471872K), 0.0062715 secs] 3379384K->2961354K(4141888K), 0.0064047 secs] [Times: user=0.04 sys=0.00, real=0.00 secs] 
330342.687: [GC (Allocation Failure) 330342.687: [ParNew: 429556K->12178K(471872K), 0.0053976 secs] 3380810K->2964548K(4141888K), 0.0054937 secs] [Times: user=0.04 sys=0.00, real=0.00 secs] 
330344.529: [GC (Allocation Failure) 330344.529: [ParNew: 431634K->4490K(471872K), 0.0107597 secs] 3384004K->2960763K(4141888K), 0.0108414 secs] [Times: user=0.05 sys=0.00, real=0.01 secs] 
330345.140: [GC (Allocation Failure) 330345.140: [ParNew: 423946K->1733K(471872K), 0.0047895 secs] 3380219K->2958834K(4141888K), 0.0048643 secs] [Times: user=0.04 sys=0.00, real=0.01 secs] 
330350.352: [GC (Allocation Failure) 330350.352: [ParNew: 421189K->3410K(471872K), 0.0048655 secs] 3378290K->2960678K(4141888K), 0.0049567 secs] [Times: user=0.04 sys=0.00, real=0.01 secs] 
330354.101: [GC (Allocation Failure) 330354.101: [ParNew: 422866K->3507K(471872K), 0.0074093 secs] 3380134K->2961967K(4141888K), 0.0075013 secs] [Times: user=0.06 sys=0.00, real=0.01 secs] 
330360.540: [GC (Allocation Failure) 330360.540: [ParNew: 422963K->10969K(471872K), 0.0069752 secs] 3381423K->2971039K(4141888K), 0.0070763 secs] [Times: user=0.05 sys=0.00, real=0.01 secs] 
330366.810: [GC (Allocation Failure) 330366.810: [ParNew: 430425K->6625K(471872K), 0.0064559 secs] 3390495K->2968624K(4141888K), 0.0065635 secs] [Times: user=0.05 sys=0.00, real=0.01 secs] 
330371.895: [GC (Allocation Failure) 330371.895: [ParNew: 426081K->5364K(471872K), 0.0062942 secs] 3388080K->2968846K(4141888K), 0.0064024 secs] [Times: user=0.04 sys=0.01, real=0.00 secs] 
330376.747: [GC (Allocation Failure) 330376.747: [ParNew: 424820K->10439K(471872K), 0.0069045 secs] 3388302K->2975111K(4141888K), 0.0070193 secs] [Times: user=0.05 sys=0.00, real=0.01 secs] 
330380.009: [GC (Allocation Failure) 330380.009: [ParNew: 429895K->6138K(471872K), 0.0054271 secs] 3394567K->2972967K(4141888K), 0.0055143 secs] [Times: user=0.04 sys=0.00, real=0.01 secs] 
330383.775: [GC (Allocation Failure) 330383.775: [ParNew: 425594K->3864K(471872K), 0.0062476 secs] 3392423K->2971424K(4141888K), 0.0063411 secs] [Times: user=0.05 sys=0.00, real=0.00 secs] 
330389.800: [GC (Allocation Failure) 330389.800: [ParNew: 423320K->3635K(471872K), 0.0060233 secs] 3390880K->2972912K(4141888K), 0.0061177 secs] [Times: user=0.05 sys=0.00, real=0.01 secs] 
330394.397: [GC (Allocation Failure) 330394.397: [ParNew: 423091K->4053K(471872K), 0.0062240 secs] 3392368K->2974811K(4141888K), 0.0063144 secs] [Times: user=0.05 sys=0.00, real=0.00 secs] 
330400.841: [GC (Allocation Failure) 330400.841: [ParNew: 423509K->4277K(471872K), 0.0063071 secs] 3394267K->2976107K(4141888K), 0.0064151 secs] [Times: user=0.05 sys=0.00, real=0.01 secs] 
330403.576: [GC (Allocation Failure) 330403.576: [ParNew: 423733K->6490K(471872K), 0.0062603 secs] 3395563K->2979988K(4141888K), 0.0063583 secs] [Times: user=0.04 sys=0.00, real=0.00 secs] 
330407.389: [GC (Allocation Failure) 330407.389: [ParNew: 425946K->4095K(471872K), 0.0055106 secs] 3399444K->2981428K(4141888K), 0.0056070 secs] [Times: user=0.04 sys=0.00, real=0.01 secs] 
330412.444: [GC (Allocation Failure) 330412.444: [ParNew: 423551K->10814K(471872K), 0.0055113 secs] 3400884K->2988937K(4141888K), 0.0056137 secs] [Times: user=0.04 sys=0.00, real=0.00 secs] 
330412.874: [GC (Allocation Failure) 330412.874: [ParNew: 430270K->10565K(471872K), 0.0056424 secs] 3408393K->2991654K(4141888K), 0.0057375 secs] [Times: user=0.04 sys=0.00, real=0.01 secs] 
330413.262: [GC (Allocation Failure) 330413.262: [ParNew: 430021K->9278K(471872K), 0.0057984 secs] 3411110K->2995020K(4141888K), 0.0058937 secs] [Times: user=0.05 sys=0.00, real=0.01 secs] 
330413.673: [GC (Allocation Failure) 330413.673: [ParNew: 428734K->7017K(471872K), 0.0087728 secs] 3414477K->2995564K(4141888K), 0.0088738 secs] [Times: user=0.07 sys=0.00, real=0.01 secs] 
330413.689: [GC (GCLocker Initiated GC) 330413.689: [ParNew: 7955K->2200K(471872K), 0.0075662 secs] 2996502K->2996996K(4141888K), 0.0076294 secs] [Times: user=0.04 sys=0.00, real=0.01 secs] 
330414.358: [GC (Allocation Failure) 330414.358: [ParNew: 421656K->3303K(471872K), 0.0074332 secs] 3416452K->2998099K(4141888K), 0.0075200 secs] [Times: user=0.06 sys=0.00, real=0.01 secs] 
330414.846: [GC (Allocation Failure) 330414.846: [ParNew: 422759K->4589K(471872K), 0.0051183 secs] 3417556K->3000083K(4141888K), 0.0051974 secs] [Times: user=0.04 sys=0.00, real=0.00 secs] 
330414.852: [GC (GCLocker Initiated GC) 330414.852: [ParNew: 4668K->1639K(471872K), 0.0044100 secs] 3000163K->3000510K(4141888K), 0.0044598 secs] [Times: user=0.02 sys=0.00, real=0.01 secs] 
330415.467: [GC (Allocation Failure) 330415.467: [ParNew: 421095K->10822K(471872K), 0.0059550 secs] 3419966K->3009693K(4141888K), 0.0060633 secs] [Times: user=0.05 sys=0.00, real=0.00 secs] 
330420.351: [GC (Allocation Failure) 330420.351: [ParNew: 430278K->7148K(471872K), 0.0058677 secs] 3429149K->3007244K(4141888K), 0.0059629 secs] [Times: user=0.04 sys=0.00, real=0.01 secs] 
330425.171: [GC (Allocation Failure) 330425.171: [ParNew: 426604K->4944K(471872K), 0.0078016 secs] 3426700K->3007690K(4141888K), 0.0078919 secs] [Times: user=0.05 sys=0.00, real=0.01 secs] 
330429.807: [GC (Allocation Failure) 330429.807: [ParNew: 424400K->6778K(471872K), 0.0074205 secs] 3427146K->3011595K(4141888K), 0.0075235 secs] [Times: user=0.05 sys=0.00, real=0.01 secs] 
330434.790: [GC (Allocation Failure) 330434.790: [ParNew: 426234K->4962K(471872K), 0.0069889 secs] 3431051K->3011648K(4141888K), 0.0070833 secs] [Times: user=0.05 sys=0.00, real=0.01 secs] 
330439.116: [GC (Allocation Failure) 330439.116: [ParNew: 424418K->5104K(471872K), 0.0072983 secs] 3431104K->3013432K(4141888K), 0.0073935 secs] [Times: user=0.05 sys=0.00, real=0.00 secs] 
330442.718: [GC (Allocation Failure) 330442.718: [ParNew: 424560K->4515K(471872K), 0.0064430 secs] 3432888K->3015106K(4141888K), 0.0065386 secs] [Times: user=0.05 sys=0.00, real=0.01 secs] 
330445.126: [GC (Allocation Failure) 330445.126: [ParNew: 423971K->4135K(471872K), 0.0083319 secs] 3434562K->3016090K(4141888K), 0.0084278 secs] [Times: user=0.06 sys=0.01, real=0.01 secs] 
330448.963: [GC (Allocation Failure) 330448.963: [ParNew: 423591K->2766K(471872K), 0.0055490 secs] 3435546K->3016051K(4141888K), 0.0056508 secs] [Times: user=0.04 sys=0.00, real=0.01 secs] 
330451.481: [GC (Allocation Failure) 330451.481: [ParNew: 422222K->11426K(471872K), 0.0055320 secs] 3435507K->3025539K(4141888K), 0.0056245 secs] [Times: user=0.04 sys=0.00, real=0.01 secs] 
330456.173: [GC (Allocation Failure) 330456.173: [ParNew: 430882K->4062K(471872K), 0.0063068 secs] 3444995K->3019366K(4141888K), 0.0064059 secs] [Times: user=0.04 sys=0.00, real=0.01 secs] 
330463.055: [GC (Allocation Failure) 330463.055: [ParNew: 423518K->3729K(471872K), 0.0062780 secs] 3438822K->3020263K(4141888K), 0.0063696 secs] [Times: user=0.05 sys=0.00, real=0.00 secs] 
330465.588: [GC (Allocation Failure) 330465.589: [ParNew: 422564K->10920K(471872K), 0.0075349 secs] 3439098K->3029072K(4141888K), 0.0076329 secs] [Times: user=0.05 sys=0.00, real=0.01 secs] 
330471.453: [GC (Allocation Failure) 330471.453: [ParNew: 429925K->10680K(471872K), 0.0069156 secs] 3448077K->3032025K(4141888K), 0.0070158 secs] [Times: user=0.04 sys=0.00, real=0.01 secs] 
330476.445: [GC (Allocation Failure) 330476.445: [ParNew: 430136K->9604K(471872K), 0.0068661 secs] 3451481K->3032161K(4141888K), 0.0069704 secs] [Times: user=0.05 sys=0.00, real=0.00 secs] 
330483.057: [GC (Allocation Failure) 330483.057: [ParNew: 429060K->5696K(471872K), 0.0061049 secs] 3451617K->3030123K(4141888K), 0.0061910 secs] [Times: user=0.05 sys=0.00, real=0.00 secs] 
330488.789: [GC (Allocation Failure) 330488.789: [ParNew: 425152K->3611K(471872K), 0.0072311 secs] 3449579K->3029331K(4141888K), 0.0073338 secs] [Times: user=0.06 sys=0.00, real=0.01 secs] 
330496.260: [GC (Allocation Failure) 330496.260: [ParNew: 423067K->4139K(471872K), 0.0065288 secs] 3448787K->3031143K(4141888K), 0.0066296 secs] [Times: user=0.05 sys=0.00, real=0.01 secs] 
330503.076: [GC (Allocation Failure) 330503.076: [ParNew: 423595K->4374K(471872K), 0.0060374 secs] 3450599K->3032948K(4141888K), 0.0061280 secs] [Times: user=0.05 sys=0.00, real=0.00 secs] 
330508.454: [GC (Allocation Failure) 330508.454: [ParNew: 423830K->6945K(471872K), 0.0108096 secs] 3452404K->3037261K(4141888K), 0.0109150 secs] [Times: user=0.08 sys=0.00, real=0.01 secs] 
330514.420: [GC (Allocation Failure) 330514.420: [ParNew: 426401K->12571K(471872K), 0.0069164 secs] 3456717K->3044058K(4141888K), 0.0070174 secs] [Times: user=0.05 sys=0.00, real=0.01 secs] 
330523.053: [GC (Allocation Failure) 330523.053: [ParNew: 432027K->5182K(471872K), 0.0067754 secs] 3463514K->3037940K(4141888K), 0.0068753 secs] [Times: user=0.05 sys=0.00, real=0.01 secs] 
330525.933: [GC (Allocation Failure) 330525.934: [ParNew: 424638K->6339K(471872K), 0.0066133 secs] 3457396K->3041065K(4141888K), 0.0067159 secs] [Times: user=0.05 sys=0.00, real=0.01 secs] 
330531.366: [GC (Allocation Failure) 330531.366: [ParNew: 425233K->11819K(471872K), 0.0062808 secs] 3459960K->3049742K(4141888K), 0.0063808 secs] [Times: user=0.04 sys=0.00, real=0.00 secs] 
330536.516: [GC (Allocation Failure) 330536.517: [ParNew: 431275K->10564K(471872K), 0.0092305 secs] 3469198K->3049711K(4141888K), 0.0093371 secs] [Times: user=0.05 sys=0.00, real=0.01 secs] 
330542.518: [GC (Allocation Failure) 330542.518: [ParNew: 430020K->5538K(471872K), 0.0072187 secs] 3469167K->3045778K(4141888K), 0.0073049 secs] [Times: user=0.05 sys=0.00, real=0.01 secs] 
330548.609: [GC (Allocation Failure) 330548.609: [ParNew: 424994K->9678K(471872K), 0.0090286 secs] 3465234K->3052328K(4141888K), 0.0091552 secs] [Times: user=0.06 sys=0.00, real=0.01 secs] 
330553.462: [GC (Allocation Failure) 330553.462: [ParNew: 429134K->5228K(471872K), 0.0175501 secs] 3471784K->3049391K(4141888K), 0.0176555 secs] [Times: user=0.07 sys=0.00, real=0.02 secs] 
330558.552: [GC (Allocation Failure) 330558.552: [ParNew: 424684K->10573K(471872K), 0.0141905 secs] 3468847K->3056045K(4141888K), 0.0143028 secs] [Times: user=0.07 sys=0.00, real=0.02 secs] 
330563.184: [GC (Allocation Failure) 330563.184: [ParNew: 430029K->3208K(471872K), 0.0273978 secs] 3475501K->3049930K(4141888K), 0.0274921 secs] [Times: user=0.09 sys=0.00, real=0.02 secs] 
330570.527: [GC (Allocation Failure) 330570.527: [ParNew: 422664K->5048K(471872K), 0.0075957 secs] 3469386K->3053021K(4141888K), 0.0076864 secs] [Times: user=0.05 sys=0.00, real=0.01 secs] 
330576.123: [GC (Allocation Failure) 330576.123: [ParNew: 424504K->3412K(471872K), 0.0098777 secs] 3472477K->3052972K(4141888K), 0.0099701 secs] [Times: user=0.06 sys=0.01, real=0.01 secs] 
330582.495: [GC (Allocation Failure) 330582.495: [ParNew: 422868K->10318K(471872K), 0.0088745 secs] 3472428K->3061206K(4141888K), 0.0089890 secs] [Times: user=0.05 sys=0.00, real=0.01 secs] 
330586.650: [GC (Allocation Failure) 330586.650: [ParNew: 428030K->12784K(471872K), 0.0086541 secs] 3478918K->3064993K(4141888K), 0.0087630 secs] [Times: user=0.05 sys=0.00, real=0.01 secs] 
330591.611: [GC (Allocation Failure) 330591.611: [ParNew: 432240K->9562K(471872K), 0.0060668 secs] 3484449K->3062799K(4141888K), 0.0061821 secs] [Times: user=0.05 sys=0.00, real=0.01 secs] 
330595.603: [GC (Allocation Failure) 330595.603: [ParNew: 429018K->11603K(471872K), 0.0072760 secs] 3482255K->3068477K(4141888K), 0.0073769 secs] [Times: user=0.05 sys=0.00, real=0.01 secs] 
330600.460: [GC (Allocation Failure) 330600.460: [ParNew: 431059K->9266K(471872K), 0.0061700 secs] 3487933K->3067073K(4141888K), 0.0062674 secs] [Times: user=0.04 sys=0.00, real=0.01 secs] 
330604.537: [GC (Allocation Failure) 330604.537: [ParNew: 428722K->4926K(471872K), 0.0065988 secs] 3486529K->3064530K(4141888K), 0.0067074 secs] [Times: user=0.05 sys=0.00, real=0.01 secs] 
330611.503: [GC (Allocation Failure) 330611.503: [ParNew: 424382K->8117K(471872K), 0.0066315 secs] 3483986K->3068685K(4141888K), 0.0067622 secs] [Times: user=0.05 sys=0.00, real=0.01 secs] 
330615.562: [GC (Allocation Failure) 330615.562: [ParNew: 427573K->12552K(471872K), 0.0077577 secs] 3488141K->3074773K(4141888K), 0.0078631 secs] [Times: user=0.06 sys=0.00, real=0.01 secs] 
330621.505: [GC (Allocation Failure) 330621.505: [ParNew: 432008K->8309K(471872K), 0.0067565 secs] 3494229K->3071484K(4141888K), 0.0068603 secs] [Times: user=0.05 sys=0.01, real=0.00 secs] 
330626.689: [GC (Allocation Failure) 330626.689: [ParNew: 427765K->12503K(471872K), 0.0069831 secs] 3490940K->3077139K(4141888K), 0.0071046 secs] [Times: user=0.05 sys=0.00, real=0.01 secs] 
330633.125: [GC (Allocation Failure) 330633.125: [ParNew: 431959K->5338K(471872K), 0.0070371 secs] 3496595K->3071344K(4141888K), 0.0071389 secs] [Times: user=0.05 sys=0.00, real=0.00 secs] 
330639.388: [GC (Allocation Failure) 330639.388: [ParNew: 424794K->3776K(471872K), 0.0062212 secs] 3490800K->3071232K(4141888K), 0.0063339 secs] [Times: user=0.04 sys=0.00, real=0.01 secs] 
330644.476: [GC (Allocation Failure) 330644.476: [ParNew: 423232K->7455K(471872K), 0.0078605 secs] 3490688K->3076252K(4141888K), 0.0079505 secs] [Times: user=0.05 sys=0.00, real=0.01 secs] 
330649.259: [GC (Allocation Failure) 330649.259: [ParNew: 426911K->5808K(471872K), 0.0064713 secs] 3495708K->3075741K(4141888K), 0.0065743 secs] [Times: user=0.05 sys=0.00, real=0.01 secs] 
330653.158: [GC (Allocation Failure) 330653.158: [ParNew: 425264K->4307K(471872K), 0.0076859 secs] 3495197K->3077922K(4141888K), 0.0078138 secs] [Times: user=0.06 sys=0.00, real=0.01 secs] 
330659.000: [GC (Allocation Failure) 330659.001: [ParNew: 423763K->4557K(471872K), 0.0058125 secs] 3497378K->3079103K(4141888K), 0.0059035 secs] [Times: user=0.05 sys=0.00, real=0.01 secs] 
330663.121: [GC (Allocation Failure) 330663.121: [ParNew: 424013K->3993K(471872K), 0.0061410 secs] 3498559K->3079808K(4141888K), 0.0062334 secs] [Times: user=0.05 sys=0.00, real=0.01 secs] 
330668.081: [GC (Allocation Failure) 330668.081: [ParNew: 423449K->4599K(471872K), 0.0062296 secs] 3499264K->3082082K(4141888K), 0.0063410 secs] [Times: user=0.05 sys=0.00, real=0.01 secs] 
330672.539: [GC (Allocation Failure) 330672.539: [ParNew: 424055K->4002K(471872K), 0.0061916 secs] 3501538K->3082489K(4141888K), 0.0063314 secs] [Times: user=0.04 sys=0.00, real=0.01 secs] 
330677.456: [GC (Allocation Failure) 330677.456: [ParNew: 423458K->11829K(471872K), 0.0073035 secs] 3501945K->3091613K(4141888K), 0.0074424 secs] [Times: user=0.06 sys=0.00, real=0.00 secs] 
330681.885: [GC (Allocation Failure) 330681.885: [ParNew: 431285K->5275K(471872K), 0.0061344 secs] 3511069K->3086531K(4141888K), 0.0062365 secs] [Times: user=0.04 sys=0.00, real=0.00 secs] 
330685.028: [GC (Allocation Failure) 330685.028: [ParNew: 424731K->3177K(471872K), 0.0060264 secs] 3505987K->3085636K(4141888K), 0.0061210 secs] [Times: user=0.05 sys=0.00, real=0.01 secs] 
330689.754: [GC (Allocation Failure) 330689.754: [ParNew: 422387K->6335K(471872K), 0.0058494 secs] 3504846K->3089586K(4141888K), 0.0059667 secs] [Times: user=0.04 sys=0.00, real=0.00 secs] 
330692.826: [GC (Allocation Failure) 330692.827: [ParNew: 425749K->4183K(471872K), 0.0050812 secs] 3509000K->3088682K(4141888K), 0.0051799 secs] [Times: user=0.03 sys=0.00, real=0.00 secs] 
330694.537: [GC (Allocation Failure) 330694.537: [ParNew: 423639K->13842K(471872K), 0.0068406 secs] 3508138K->3099026K(4141888K), 0.0069677 secs] [Times: user=0.05 sys=0.00, real=0.01 secs] 
330698.029: [GC (Allocation Failure) 330698.029: [ParNew: 433068K->6323K(471872K), 0.0061475 secs] 3518252K->3091978K(4141888K), 0.0062440 secs] [Times: user=0.04 sys=0.00, real=0.01 secs] 
330700.966: [GC (Allocation Failure) 330700.966: [ParNew: 425437K->5534K(471872K), 0.0053968 secs] 3511092K->3091966K(4141888K), 0.0055052 secs] [Times: user=0.04 sys=0.00, real=0.00 secs] 
330703.119: [GC (Allocation Failure) 330703.119: [ParNew: 424585K->3361K(471872K), 0.0052488 secs] 3511017K->3090516K(4141888K), 0.0053390 secs] [Times: user=0.04 sys=0.00, real=0.01 secs] 
330706.451: [GC (Allocation Failure) 330706.451: [ParNew: 422817K->3789K(471872K), 0.0059023 secs] 3509972K->3091555K(4141888K), 0.0060118 secs] [Times: user=0.04 sys=0.00, real=0.01 secs] 
330707.066: [GC (Allocation Failure) 330707.066: [ParNew: 423245K->9577K(471872K), 0.0060739 secs] 3511011K->3099377K(4141888K), 0.0061757 secs] [Times: user=0.04 sys=0.00, real=0.00 secs] 
330707.539: [GC (Allocation Failure) 330707.539: [ParNew: 429033K->11602K(471872K), 0.0063086 secs] 3518833K->3107753K(4141888K), 0.0064208 secs] [Times: user=0.05 sys=0.00, real=0.01 secs] 
330708.106: [GC (Allocation Failure) 330708.106: [ParNew: 431058K->6546K(471872K), 0.0049817 secs] 3527209K->3103914K(4141888K), 0.0050727 secs] [Times: user=0.04 sys=0.00, real=0.00 secs] 
330708.735: [GC (Allocation Failure) 330708.735: [ParNew: 426002K->5134K(471872K), 0.0114744 secs] 3523370K->3103001K(4141888K), 0.0115867 secs] [Times: user=0.07 sys=0.00, real=0.01 secs] 
330709.276: [GC (Allocation Failure) 330709.276: [ParNew: 424590K->4153K(471872K), 0.0054340 secs] 3522457K->3102567K(4141888K), 0.0055250 secs] [Times: user=0.04 sys=0.00, real=0.00 secs] 
330709.664: [GC (Allocation Failure) 330709.664: [ParNew: 423609K->7857K(471872K), 0.0052128 secs] 3522023K->3106865K(4141888K), 0.0052969 secs] [Times: user=0.04 sys=0.00, real=0.00 secs] 
330711.465: [GC (Allocation Failure) 330711.465: [ParNew: 427313K->10004K(471872K), 0.0051810 secs] 3526321K->3111833K(4141888K), 0.0052728 secs] [Times: user=0.04 sys=0.00, real=0.00 secs] 
330713.601: [GC (Allocation Failure) 330713.601: [ParNew: 429460K->3644K(471872K), 0.0056977 secs] 3531289K->3105937K(4141888K), 0.0057912 secs] [Times: user=0.04 sys=0.00, real=0.01 secs] 
330718.316: [GC (Allocation Failure) 330718.317: [ParNew: 422603K->4177K(471872K), 0.0050777 secs] 3524897K->3107059K(4141888K), 0.0051631 secs] [Times: user=0.04 sys=0.00, real=0.00 secs] 
330720.661: [GC (Allocation Failure) 330720.661: [ParNew: 423633K->13142K(471872K), 0.0065008 secs] 3526515K->3117134K(4141888K), 0.0066042 secs] [Times: user=0.05 sys=0.00, real=0.01 secs] 
330723.030: [GC (Allocation Failure) 330723.030: [ParNew: 432598K->7889K(471872K), 0.0054570 secs] 3536590K->3112615K(4141888K), 0.0055602 secs] [Times: user=0.04 sys=0.00, real=0.01 secs] 
330725.433: [GC (Allocation Failure) 330725.433: [ParNew: 427345K->10578K(471872K), 0.0061370 secs] 3532071K->3116962K(4141888K), 0.0062535 secs] [Times: user=0.05 sys=0.00, real=0.01 secs] 
330728.450: [GC (Allocation Failure) 330728.450: [ParNew: 429762K->11618K(471872K), 0.0063822 secs] 3536146K->3118660K(4141888K), 0.0065032 secs] [Times: user=0.04 sys=0.00, real=0.01 secs] 
330731.738: [GC (Allocation Failure) 330731.739: [ParNew: 431074K->6185K(471872K), 0.0055346 secs] 3538116K->3114221K(4141888K), 0.0056456 secs] [Times: user=0.04 sys=0.00, real=0.01 secs] 
330733.592: [GC (Allocation Failure) 330733.592: [ParNew: 425641K->14773K(471872K), 0.0063222 secs] 3533677K->3123647K(4141888K), 0.0064363 secs] [Times: user=0.05 sys=0.00, real=0.01 secs] 
330737.215: [GC (Allocation Failure) 330737.215: [ParNew: 434229K->5535K(471872K), 0.0052538 secs] 3543103K->3114910K(4141888K), 0.0053552 secs] [Times: user=0.04 sys=0.00, real=0.00 secs] 
330739.693: [GC (Allocation Failure) 330739.693: [ParNew: 424991K->6449K(471872K), 0.0058418 secs] 3534366K->3116595K(4141888K), 0.0059533 secs] [Times: user=0.04 sys=0.00, real=0.01 secs] 
330742.831: [GC (Allocation Failure) 330742.831: [ParNew: 425905K->4848K(471872K), 0.0055770 secs] 3536051K->3115625K(4141888K), 0.0056935 secs] [Times: user=0.04 sys=0.00, real=0.01 secs] 
330744.705: [GC (Allocation Failure) 330744.705: [ParNew: 424304K->3290K(471872K), 0.0056118 secs] 3535081K->3114769K(4141888K), 0.0057146 secs] [Times: user=0.04 sys=0.00, real=0.00 secs] 
330746.456: [GC (Allocation Failure) 330746.456: [ParNew: 422746K->10105K(471872K), 0.0069408 secs] 3534225K->3122304K(4141888K), 0.0070423 secs] [Times: user=0.05 sys=0.00, real=0.00 secs] 
330749.504: [GC (Allocation Failure) 330749.504: [ParNew: 429561K->8429K(471872K), 0.0091425 secs] 3541760K->3121045K(4141888K), 0.0092877 secs] [Times: user=0.06 sys=0.00, real=0.01 secs] 
330753.000: [GC (Allocation Failure) 330753.000: [ParNew: 427885K->7009K(471872K), 0.0051634 secs] 3540501K->3120480K(4141888K), 0.0052668 secs] [Times: user=0.04 sys=0.00, real=0.01 secs] 
330754.226: [GC (Allocation Failure) 330754.226: [ParNew: 426465K->5436K(471872K), 0.0055895 secs] 3539936K->3120697K(4141888K), 0.0056965 secs] [Times: user=0.04 sys=0.00, real=0.00 secs] 
330756.136: [GC (Allocation Failure) 330756.136: [ParNew: 424892K->2604K(471872K), 0.0053871 secs] 3540153K->3118312K(4141888K), 0.0054942 secs] [Times: user=0.03 sys=0.00, real=0.00 secs] 
330761.466: [GC (Allocation Failure) 330761.467: [ParNew: 422060K->12729K(471872K), 0.0073102 secs] 3537768K->3128815K(4141888K), 0.0074434 secs] [Times: user=0.05 sys=0.00, real=0.01 secs] 
330764.504: [GC (Allocation Failure) 330764.504: [ParNew: 432185K->5415K(471872K), 0.0060526 secs] 3548271K->3123056K(4141888K), 0.0061560 secs] [Times: user=0.05 sys=0.00, real=0.00 secs] 
330768.445: [GC (Allocation Failure) 330768.445: [ParNew: 424871K->3482K(471872K), 0.0095690 secs] 3542512K->3121880K(4141888K), 0.0096968 secs] [Times: user=0.07 sys=0.00, real=0.01 secs] 
330773.052: [GC (Allocation Failure) 330773.052: [ParNew: 422938K->5837K(471872K), 0.0059327 secs] 3541336K->3125193K(4141888K), 0.0060296 secs] [Times: user=0.04 sys=0.00, real=0.01 secs] 
330776.342: [GC (Allocation Failure) 330776.342: [ParNew: 425293K->4419K(471872K), 0.0077243 secs] 3544649K->3127306K(4141888K), 0.0078626 secs] [Times: user=0.06 sys=0.00, real=0.01 secs] 
330778.913: [GC (Allocation Failure) 330778.913: [ParNew: 423875K->2625K(471872K), 0.0054846 secs] 3546762K->3127039K(4141888K), 0.0055942 secs] [Times: user=0.04 sys=0.00, real=0.01 secs] 
330783.069: [GC (Allocation Failure) 330783.069: [ParNew: 422081K->3836K(471872K), 0.0060974 secs] 3546495K->3128885K(4141888K), 0.0062001 secs] [Times: user=0.04 sys=0.00, real=0.01 secs] 
330785.276: [GC (Allocation Failure) 330785.276: [ParNew: 423292K->3882K(471872K), 0.0056931 secs] 3548341K->3129791K(4141888K), 0.0057920 secs] [Times: user=0.04 sys=0.00, real=0.00 secs] 
330787.551: [GC (Allocation Failure) 330787.551: [ParNew: 423338K->4349K(471872K), 0.0051449 secs] 3549247K->3131560K(4141888K), 0.0052444 secs] [Times: user=0.04 sys=0.00, real=0.01 secs] 
330792.087: [GC (Allocation Failure) 330792.087: [ParNew: 423805K->3940K(471872K), 0.0060334 secs] 3551016K->3131608K(4141888K), 0.0061783 secs] [Times: user=0.04 sys=0.00, real=0.00 secs] 
330793.410: [GC (Allocation Failure) 330793.410: [ParNew: 423322K->5106K(471872K), 0.0061372 secs] 3550990K->3134748K(4141888K), 0.0062431 secs] [Times: user=0.04 sys=0.00, real=0.01 secs] 
330801.483: [GC (Allocation Failure) 330801.483: [ParNew: 424562K->12102K(471872K), 0.0063668 secs] 3554204K->3142240K(4141888K), 0.0064984 secs] [Times: user=0.04 sys=0.00, real=0.01 secs] 
330810.179: [GC (Allocation Failure) 330810.179: [ParNew: 431558K->5065K(471872K), 0.0071223 secs] 3561696K->3136971K(4141888K), 0.0072351 secs] [Times: user=0.05 sys=0.00, real=0.01 secs] 
330815.499: [GC (Allocation Failure) 330815.499: [ParNew: 424521K->4037K(471872K), 0.0088911 secs] 3556427K->3138058K(4141888K), 0.0089989 secs] [Times: user=0.06 sys=0.00, real=0.01 secs] 
330823.078: [GC (Allocation Failure) 330823.078: [ParNew: 423493K->4004K(471872K), 0.0075118 secs] 3557514K->3139261K(4141888K), 0.0076330 secs] [Times: user=0.05 sys=0.00, real=0.01 secs] 
330828.761: [GC (Allocation Failure) 330828.761: [ParNew: 423460K->3904K(471872K), 0.0060990 secs] 3558717K->3140772K(4141888K), 0.0061948 secs] [Times: user=0.04 sys=0.00, real=0.01 secs] 
330833.055: [GC (Allocation Failure) 330833.055: [ParNew: 423360K->6253K(471872K), 0.0067462 secs] 3560228K->3144451K(4141888K), 0.0068565 secs] [Times: user=0.05 sys=0.01, real=0.00 secs] 
330836.429: [GC (Allocation Failure) 330836.429: [ParNew: 425709K->7566K(471872K), 0.0073360 secs] 3563907K->3149441K(4141888K), 0.0074527 secs] [Times: user=0.05 sys=0.00, real=0.01 secs] 
330842.228: [GC (Allocation Failure) 330842.228: [ParNew: 427022K->4409K(471872K), 0.0053127 secs] 3568897K->3147103K(4141888K), 0.0054057 secs] [Times: user=0.04 sys=0.00, real=0.00 secs] 
330844.626: [GC (Allocation Failure) 330844.626: [ParNew: 423865K->4031K(471872K), 0.0069960 secs] 3566559K->3147990K(4141888K), 0.0071172 secs] [Times: user=0.05 sys=0.00, real=0.00 secs] 
330848.585: [GC (Allocation Failure) 330848.585: [ParNew: 423487K->9881K(471872K), 0.0066639 secs] 3567446K->3155341K(4141888K), 0.0067788 secs] [Times: user=0.04 sys=0.00, real=0.00 secs] 
330852.472: [GC (Allocation Failure) 330852.472: [ParNew: 429079K->7822K(471872K), 0.0057263 secs] 3574539K->3154072K(4141888K), 0.0058458 secs] [Times: user=0.04 sys=0.00, real=0.01 secs] 
330853.969: [GC (Allocation Failure) 330853.969: [ParNew: 427278K->7084K(471872K), 0.0068041 secs] 3573528K->3154289K(4141888K), 0.0069286 secs] [Times: user=0.05 sys=0.00, real=0.01 secs] 
330858.427: [GC (Allocation Failure) 330858.427: [ParNew: 426116K->13025K(471872K), 0.0076491 secs] 3573321K->3160652K(4141888K), 0.0077435 secs] [Times: user=0.05 sys=0.00, real=0.01 secs] 
330861.595: [GC (Allocation Failure) 330861.595: [ParNew: 432481K->12654K(471872K), 0.0091626 secs] 3580108K->3161338K(4141888K), 0.0092629 secs] [Times: user=0.05 sys=0.00, real=0.01 secs] 
330863.865: [GC (Allocation Failure) 330863.865: [ParNew: 432055K->7540K(471872K), 0.0081656 secs] 3580739K->3156984K(4141888K), 0.0082583 secs] [Times: user=0.05 sys=0.00, real=0.00 secs] 
330866.039: [GC (Allocation Failure) 330866.040: [ParNew: 426996K->8449K(471872K), 0.0078027 secs] 3576440K->3158656K(4141888K), 0.0079007 secs] [Times: user=0.05 sys=0.00, real=0.01 secs] 
330868.389: [GC (Allocation Failure) 330868.389: [ParNew: 427905K->4317K(471872K), 0.0048265 secs] 3578112K->3155025K(4141888K), 0.0049057 secs] [Times: user=0.04 sys=0.00, real=0.00 secs] 
330869.759: [GC (Allocation Failure) 330869.759: [ParNew: 423773K->5279K(471872K), 0.0071300 secs] 3574481K->3156814K(4141888K), 0.0072076 secs] [Times: user=0.04 sys=0.00, real=0.01 secs] 
330874.476: [GC (Allocation Failure) 330874.476: [ParNew: 424735K->3961K(471872K), 0.0077954 secs] 3576270K->3155811K(4141888K), 0.0078830 secs] [Times: user=0.04 sys=0.00, real=0.00 secs] 
330880.401: [GC (Allocation Failure) 330880.401: [ParNew: 423417K->6961K(471872K), 0.0105369 secs] 3575267K->3160472K(4141888K), 0.0106246 secs] [Times: user=0.04 sys=0.00, real=0.01 secs] 
330883.175: [GC (Allocation Failure) 330883.175: [ParNew: 426417K->5043K(471872K), 0.0156838 secs] 3579928K->3160019K(4141888K), 0.0157768 secs] [Times: user=0.08 sys=0.00, real=0.01 secs] 
330886.512: [GC (Allocation Failure) 330886.512: [ParNew: 424499K->8081K(471872K), 0.0077264 secs] 3579475K->3163745K(4141888K), 0.0078615 secs] [Times: user=0.05 sys=0.00, real=0.01 secs] 
330890.488: [GC (Allocation Failure) 330890.488: [ParNew: 427537K->8536K(471872K), 0.0078317 secs] 3583201K->3164986K(4141888K), 0.0079309 secs] [Times: user=0.04 sys=0.00, real=0.01 secs] 
330893.210: [GC (Allocation Failure) 330893.210: [ParNew: 427992K->6626K(471872K), 0.0076230 secs] 3584442K->3164215K(4141888K), 0.0077370 secs] [Times: user=0.05 sys=0.00, real=0.01 secs] 
330896.264: [GC (Allocation Failure) 330896.264: [ParNew: 426082K->7922K(471872K), 0.0063724 secs] 3583671K->3168715K(4141888K), 0.0064739 secs] [Times: user=0.05 sys=0.00, real=0.00 secs] 
330896.878: [GC (Allocation Failure) 330896.878: [ParNew: 427360K->10622K(471872K), 0.0053902 secs] 3588153K->3172557K(4141888K), 0.0054883 secs] [Times: user=0.04 sys=0.00, real=0.00 secs] 
330900.403: [GC (Allocation Failure) 330900.403: [ParNew: 430078K->4693K(471872K), 0.0062240 secs] 3592013K->3166779K(4141888K), 0.0063410 secs] [Times: user=0.04 sys=0.00, real=0.01 secs] 
330903.546: [GC (Allocation Failure) 330903.546: [ParNew: 424149K->8061K(471872K), 0.0074150 secs] 3586235K->3171262K(4141888K), 0.0075622 secs] [Times: user=0.05 sys=0.00, real=0.00 secs] 
330908.302: [GC (Allocation Failure) 330908.302: [ParNew: 427517K->8043K(471872K), 0.0064717 secs] 3590718K->3172222K(4141888K), 0.0065842 secs] [Times: user=0.05 sys=0.00, real=0.01 secs] 
330913.051: [GC (Allocation Failure) 330913.051: [ParNew: 427499K->4674K(471872K), 0.0054697 secs] 3591678K->3170717K(4141888K), 0.0055739 secs] [Times: user=0.04 sys=0.00, real=0.01 secs] 
330916.496: [GC (Allocation Failure) 330916.496: [ParNew: 424130K->7440K(471872K), 0.0065457 secs] 3590173K->3174586K(4141888K), 0.0066615 secs] [Times: user=0.05 sys=0.00, real=0.00 secs] 
330922.282: [GC (Allocation Failure) 330922.282: [ParNew: 426613K->8891K(471872K), 0.0065156 secs] 3593759K->3176868K(4141888K), 0.0066373 secs] [Times: user=0.05 sys=0.00, real=0.01 secs] 
330924.322: [GC (Allocation Failure) 330924.322: [ParNew: 428347K->4695K(471872K), 0.0068381 secs] 3596324K->3175127K(4141888K), 0.0069748 secs] [Times: user=0.05 sys=0.00, real=0.01 secs] 
330930.341: [GC (Allocation Failure) 330930.341: [ParNew: 424151K->5122K(471872K), 0.0058054 secs] 3594583K->3176062K(4141888K), 0.0059040 secs] [Times: user=0.04 sys=0.00, real=0.01 secs] 
330935.293: [GC (Allocation Failure) 330935.293: [ParNew: 424578K->4959K(471872K), 0.0072288 secs] 3595518K->3178337K(4141888K), 0.0073472 secs] [Times: user=0.05 sys=0.00, real=0.01 secs] 
330941.753: [GC (Allocation Failure) 330941.753: [ParNew: 424415K->10624K(471872K), 0.0077453 secs] 3597793K->3185228K(4141888K), 0.0078604 secs] [Times: user=0.06 sys=0.00, real=0.01 secs] 
330945.525: [GC (Allocation Failure) 330945.525: [ParNew: 430080K->6633K(471872K), 0.0090951 secs] 3604684K->3183112K(4141888K), 0.0092022 secs] [Times: user=0.06 sys=0.00, real=0.01 secs] 
330952.493: [GC (Allocation Failure) 330952.493: [ParNew: 426089K->6882K(471872K), 0.0097679 secs] 3602568K->3184293K(4141888K), 0.0098824 secs] [Times: user=0.05 sys=0.00, real=0.01 secs] 
330953.073: [GC (Allocation Failure) 330953.073: [ParNew: 426024K->11029K(471872K), 0.0109576 secs] 3603436K->3190247K(4141888K), 0.0110773 secs] [Times: user=0.06 sys=0.00, real=0.02 secs] 
330953.510: [GC (Allocation Failure) 330953.511: [ParNew: 430485K->6088K(471872K), 0.0066420 secs] 3609703K->3189699K(4141888K), 0.0067679 secs] [Times: user=0.04 sys=0.00, real=0.01 secs] 
330953.973: [GC (Allocation Failure) 330953.973: [ParNew: 425544K->6618K(471872K), 0.0055216 secs] 3609155K->3192686K(4141888K), 0.0056266 secs] [Times: user=0.04 sys=0.00, real=0.01 secs] 
330954.513: [GC (Allocation Failure) 330954.513: [ParNew: 425888K->8968K(471872K), 0.0113605 secs] 3611956K->3197957K(4141888K), 0.0115137 secs] [Times: user=0.09 sys=0.00, real=0.02 secs] 
330955.307: [GC (Allocation Failure) 330955.307: [ParNew: 428424K->6700K(471872K), 0.0054422 secs] 3617413K->3196170K(4141888K), 0.0055464 secs] [Times: user=0.04 sys=0.01, real=0.00 secs] 
330955.820: [GC (Allocation Failure) 330955.820: [ParNew: 426156K->4383K(471872K), 0.0053108 secs] 3615626K->3194503K(4141888K), 0.0054237 secs] [Times: user=0.04 sys=0.00, real=0.01 secs] 
330958.002: [GC (Allocation Failure) 330958.002: [ParNew: 423839K->5563K(471872K), 0.0052093 secs] 3613959K->3196038K(4141888K), 0.0053070 secs] [Times: user=0.03 sys=0.00, real=0.01 secs] 
330961.136: [GC (Allocation Failure) 330961.136: [ParNew: 425018K->3846K(471872K), 0.0048117 secs] 3615493K->3194871K(4141888K), 0.0048991 secs] [Times: user=0.04 sys=0.00, real=0.00 secs] 
330964.511: [GC (Allocation Failure) 330964.511: [ParNew: 423302K->8590K(471872K), 0.0074762 secs] 3614327K->3200770K(4141888K), 0.0075906 secs] [Times: user=0.06 sys=0.00, real=0.01 secs] 
330969.452: [GC (Allocation Failure) 330969.452: [ParNew: 427665K->14045K(471872K), 0.0069525 secs] 3619845K->3207088K(4141888K), 0.0070571 secs] [Times: user=0.05 sys=0.01, real=0.01 secs] 
330972.764: [GC (Allocation Failure) 330972.764: [ParNew: 432838K->9340K(471872K), 0.0061084 secs] 3625881K->3204288K(4141888K), 0.0062215 secs] [Times: user=0.04 sys=0.00, real=0.00 secs] 
330973.183: [GC (Allocation Failure) 330973.183: [ParNew: 428486K->5440K(471872K), 0.0065297 secs] 3623434K->3201607K(4141888K), 0.0066420 secs] [Times: user=0.04 sys=0.00, real=0.01 secs] 
330984.916: [GC (Allocation Failure) 330984.916: [ParNew: 424896K->4671K(471872K), 0.0079036 secs] 3621063K->3201063K(4141888K), 0.0080443 secs] [Times: user=0.06 sys=0.00, real=0.01 secs] 
330995.198: [GC (Allocation Failure) 330995.199: [ParNew: 424127K->4394K(471872K), 0.0071131 secs] 3620519K->3204301K(4141888K), 0.0072085 secs] [Times: user=0.05 sys=0.00, real=0.01 secs] 
331007.893: [GC (Allocation Failure) 331007.893: [ParNew: 423850K->4882K(471872K), 0.0073104 secs] 3623757K->3207270K(4141888K), 0.0074031 secs] [Times: user=0.06 sys=0.00, real=0.01 secs] 
331014.789: [GC (Allocation Failure) 331014.789: [ParNew: 424338K->24417K(471872K), 0.0099347 secs] 3626726K->3229557K(4141888K), 0.0100393 secs] [Times: user=0.07 sys=0.00, real=0.01 secs] 
331023.860: [GC (Allocation Failure) 331023.860: [ParNew: 443873K->11652K(471872K), 0.0085808 secs] 3649013K->3221068K(4141888K), 0.0087075 secs] [Times: user=0.06 sys=0.00, real=0.01 secs] 
331028.503: [GC (Allocation Failure) 331028.503: [ParNew: 431108K->4741K(471872K), 0.0062134 secs] 3640524K->3216258K(4141888K), 0.0063143 secs] [Times: user=0.04 sys=0.00, real=0.01 secs] 
331035.201: [GC (Allocation Failure) 331035.201: [ParNew: 424197K->3135K(471872K), 0.0070229 secs] 3635714K->3216625K(4141888K), 0.0071399 secs] [Times: user=0.05 sys=0.00, real=0.01 secs] 
331047.668: [GC (Allocation Failure) 331047.668: [ParNew: 422591K->5348K(471872K), 0.0077327 secs] 3636081K->3220350K(4141888K), 0.0078393 secs] [Times: user=0.06 sys=0.00, real=0.01 secs] 
331053.074: [GC (Allocation Failure) 331053.074: [ParNew: 424804K->5096K(471872K), 0.0080911 secs] 3639806K->3222743K(4141888K), 0.0081928 secs] [Times: user=0.06 sys=0.00, real=0.00 secs] 
331057.156: [GC (Allocation Failure) 331057.156: [ParNew: 424355K->6741K(471872K), 0.0069448 secs] 3642001K->3225533K(4141888K), 0.0070935 secs] [Times: user=0.06 sys=0.00, real=0.00 secs] 
331060.272: [GC (Allocation Failure) 331060.272: [ParNew: 426197K->5800K(471872K), 0.0064663 secs] 3644989K->3225815K(4141888K), 0.0065673 secs] [Times: user=0.05 sys=0.00, real=0.01 secs] 
331063.157: [GC (Allocation Failure) 331063.157: [ParNew: 425256K->4966K(471872K), 0.0079328 secs] 3645271K->3225728K(4141888K), 0.0080405 secs] [Times: user=0.05 sys=0.00, real=0.01 secs] 
331065.474: [GC (Allocation Failure) 331065.474: [ParNew: 424422K->3112K(471872K), 0.0088188 secs] 3645184K->3224582K(4141888K), 0.0089522 secs] [Times: user=0.04 sys=0.00, real=0.00 secs] 
331067.287: [GC (Allocation Failure) 331067.287: [ParNew: 422568K->5283K(471872K), 0.0053513 secs] 3644038K->3227323K(4141888K), 0.0054707 secs] [Times: user=0.04 sys=0.00, real=0.00 secs] 
331068.964: [GC (Allocation Failure) 331068.965: [ParNew: 424739K->3057K(471872K), 0.0098731 secs] 3646779K->3225541K(4141888K), 0.0100051 secs] [Times: user=0.07 sys=0.00, real=0.01 secs] 
331070.855: [GC (Allocation Failure) 331070.855: [ParNew: 422513K->3747K(471872K), 0.0052901 secs] 3644997K->3226774K(4141888K), 0.0054226 secs] [Times: user=0.04 sys=0.00, real=0.00 secs] 
331073.141: [GC (Allocation Failure) 331073.141: [ParNew: 423203K->5954K(471872K), 0.0065806 secs] 3646230K->3229600K(4141888K), 0.0066790 secs] [Times: user=0.05 sys=0.00, real=0.01 secs] 
331075.159: [GC (Allocation Failure) 331075.159: [ParNew: 424954K->6409K(471872K), 0.0053483 secs] 3648600K->3230600K(4141888K), 0.0054372 secs] [Times: user=0.04 sys=0.00, real=0.01 secs] 
331076.545: [GC (Allocation Failure) 331076.545: [ParNew: 425781K->31423K(471872K), 0.0066756 secs] 3649972K->3256150K(4141888K), 0.0067823 secs] [Times: user=0.04 sys=0.00, real=0.00 secs] 
331079.584: [GC (Allocation Failure) 331079.584: [ParNew: 450879K->9213K(471872K), 0.0102518 secs] 3675606K->3234323K(4141888K), 0.0103827 secs] [Times: user=0.06 sys=0.01, real=0.01 secs] 
331082.555: [GC (Allocation Failure) 331082.555: [ParNew: 428669K->6315K(471872K), 0.0056613 secs] 3653779K->3235157K(4141888K), 0.0057556 secs] [Times: user=0.04 sys=0.00, real=0.00 secs] 
331083.591: [GC (Allocation Failure) 331083.591: [ParNew: 425771K->6415K(471872K), 0.0067648 secs] 3654613K->3236722K(4141888K), 0.0068961 secs] [Times: user=0.05 sys=0.00, real=0.01 secs] 
331085.648: [GC (Allocation Failure) 331085.649: [ParNew: 425871K->9520K(471872K), 0.0059531 secs] 3656178K->3240230K(4141888K), 0.0060625 secs] [Times: user=0.04 sys=0.00, real=0.01 secs] 
331087.552: [GC (Allocation Failure) 331087.552: [ParNew: 428976K->7412K(471872K), 0.0053827 secs] 3659686K->3238706K(4141888K), 0.0055085 secs] [Times: user=0.04 sys=0.00, real=0.01 secs] 
331090.292: [GC (Allocation Failure) 331090.292: [ParNew: 426816K->4604K(471872K), 0.0055748 secs] 3658111K->3236278K(4141888K), 0.0056896 secs] [Times: user=0.04 sys=0.00, real=0.01 secs] 
331094.172: [GC (Allocation Failure) 331094.172: [ParNew: 424029K->3639K(471872K), 0.0064169 secs] 3655704K->3237274K(4141888K), 0.0065393 secs] [Times: user=0.05 sys=0.00, real=0.01 secs] 
331098.976: [GC (Allocation Failure) 331098.976: [ParNew: 423095K->2877K(471872K), 0.0056691 secs] 3656730K->3237525K(4141888K), 0.0057773 secs] [Times: user=0.04 sys=0.00, real=0.00 secs] 
331103.023: [GC (Allocation Failure) 331103.023: [ParNew: 422333K->3273K(471872K), 0.0053464 secs] 3656981K->3238974K(4141888K), 0.0054530 secs] [Times: user=0.04 sys=0.00, real=0.01 secs] 
331105.443: [GC (Allocation Failure) 331105.443: [ParNew: 422729K->2151K(471872K), 0.0059322 secs] 3658430K->3238731K(4141888K), 0.0060431 secs] [Times: user=0.05 sys=0.00, real=0.01 secs] 
331113.011: [GC (Allocation Failure) 331113.012: [ParNew: 421607K->3132K(471872K), 0.0060399 secs] 3658187K->3240271K(4141888K), 0.0061425 secs] [Times: user=0.04 sys=0.00, real=0.01 secs] 
331123.144: [GC (Allocation Failure) 331123.144: [ParNew: 422588K->4197K(471872K), 0.0081974 secs] 3659727K->3243317K(4141888K), 0.0083000 secs] [Times: user=0.06 sys=0.00, real=0.00 secs] 
331133.589: [GC (Allocation Failure) 331133.589: [ParNew: 423653K->5113K(471872K), 0.0077212 secs] 3662773K->3246624K(4141888K), 0.0078324 secs] [Times: user=0.05 sys=0.00, real=0.01 secs] 
331141.473: [GC (Allocation Failure) 331141.473: [ParNew: 424569K->11143K(471872K), 0.0075925 secs] 3666080K->3255240K(4141888K), 0.0077114 secs] [Times: user=0.05 sys=0.00, real=0.01 secs] 
331145.390: [GC (Allocation Failure) 331145.390: [ParNew: 430599K->5505K(471872K), 0.0072829 secs] 3674696K->3254979K(4141888K), 0.0074007 secs] [Times: user=0.05 sys=0.00, real=0.01 secs] 
331153.759: [GC (Allocation Failure) 331153.759: [ParNew: 424961K->4477K(471872K), 0.0186125 secs] 3674435K->3255370K(4141888K), 0.0187307 secs] [Times: user=0.06 sys=0.00, real=0.02 secs] 
331167.141: [GC (Allocation Failure) 331167.141: [ParNew: 423933K->5228K(471872K), 0.0080163 secs] 3674826K->3259010K(4141888K), 0.0081252 secs] [Times: user=0.06 sys=0.00, real=0.01 secs] 
331179.269: [GC (Allocation Failure) 331179.269: [ParNew: 424684K->6005K(471872K), 0.0093157 secs] 3678466K->3262811K(4141888K), 0.0094206 secs] [Times: user=0.06 sys=0.00, real=0.01 secs] 
331193.051: [GC (Allocation Failure) 331193.051: [ParNew: 425461K->6478K(471872K), 0.0100644 secs] 3682267K->3266531K(4141888K), 0.0101765 secs] [Times: user=0.06 sys=0.00, real=0.01 secs] 
331201.250: [GC (Allocation Failure) 331201.250: [ParNew: 425934K->6305K(471872K), 0.0109945 secs] 3685987K->3269429K(4141888K), 0.0110998 secs] [Times: user=0.07 sys=0.00, real=0.01 secs] 
331205.791: [GC (Allocation Failure) 331205.791: [ParNew: 425761K->3720K(471872K), 0.0064494 secs] 3688885K->3271184K(4141888K), 0.0065499 secs] [Times: user=0.04 sys=0.00, real=0.01 secs] 
331213.141: [GC (Allocation Failure) 331213.141: [ParNew: 423176K->4216K(471872K), 0.0061989 secs] 3690640K->3272813K(4141888K), 0.0062866 secs] [Times: user=0.05 sys=0.00, real=0.01 secs] 
331223.332: [GC (Allocation Failure) 331223.332: [ParNew: 423672K->4049K(471872K), 0.0094783 secs] 3692269K->3275277K(4141888K), 0.0095851 secs] [Times: user=0.06 sys=0.00, real=0.01 secs] 
331233.058: [GC (Allocation Failure) 331233.058: [ParNew: 423505K->4573K(471872K), 0.0073610 secs] 3694733K->3278026K(4141888K), 0.0074658 secs] [Times: user=0.05 sys=0.00, real=0.01 secs] 
331240.087: [GC (Allocation Failure) 331240.087: [ParNew: 424029K->4416K(471872K), 0.0078350 secs] 3697482K->3279914K(4141888K), 0.0079468 secs] [Times: user=0.06 sys=0.00, real=0.01 secs] 
331243.595: [GC (Allocation Failure) 331243.595: [ParNew: 423872K->3261K(471872K), 0.0066013 secs] 3699370K->3280443K(4141888K), 0.0067107 secs] [Times: user=0.04 sys=0.00, real=0.00 secs] 
331249.927: [GC (Allocation Failure) 331249.927: [ParNew: 422717K->4736K(471872K), 0.0062267 secs] 3699899K->3283083K(4141888K), 0.0063166 secs] [Times: user=0.04 sys=0.00, real=0.00 secs] 
331259.015: [GC (Allocation Failure) 331259.015: [ParNew: 424192K->4655K(471872K), 0.0069788 secs] 3702539K->3284239K(4141888K), 0.0070904 secs] [Times: user=0.05 sys=0.00, real=0.00 secs] 
331263.167: [GC (Allocation Failure) 331263.168: [ParNew: 424111K->6437K(471872K), 0.0071309 secs] 3703695K->3287765K(4141888K), 0.0072522 secs] [Times: user=0.06 sys=0.00, real=0.01 secs] 
331267.406: [GC (Allocation Failure) 331267.406: [ParNew: 425893K->5143K(471872K), 0.0061874 secs] 3707221K->3290155K(4141888K), 0.0063254 secs] [Times: user=0.04 sys=0.00, real=0.00 secs] 
331272.513: [GC (Allocation Failure) 331272.513: [ParNew: 424599K->4201K(471872K), 0.0058513 secs] 3709611K->3290232K(4141888K), 0.0059456 secs] [Times: user=0.04 sys=0.00, real=0.01 secs] 
331275.128: [GC (Allocation Failure) 331275.128: [ParNew: 423657K->2367K(471872K), 0.0060449 secs] 3709688K->3290428K(4141888K), 0.0061416 secs] [Times: user=0.04 sys=0.00, real=0.01 secs] 
331283.056: [GC (Allocation Failure) 331283.056: [ParNew: 421521K->7621K(471872K), 0.0060524 secs] 3709582K->3296463K(4141888K), 0.0061474 secs] [Times: user=0.05 sys=0.00, real=0.00 secs] 
331289.257: [GC (Allocation Failure) 331289.257: [ParNew: 427077K->3619K(471872K), 0.0064914 secs] 3715919K->3294350K(4141888K), 0.0065991 secs] [Times: user=0.04 sys=0.00, real=0.00 secs] 
331293.087: [GC (Allocation Failure) 331293.087: [ParNew: 423075K->2814K(471872K), 0.0060667 secs] 3713806K->3295092K(4141888K), 0.0061645 secs] [Times: user=0.04 sys=0.00, real=0.00 secs] 
331295.173: [GC (Allocation Failure) 331295.174: [ParNew: 422270K->2934K(471872K), 0.0058022 secs] 3714548K->3296191K(4141888K), 0.0058923 secs] [Times: user=0.04 sys=0.00, real=0.01 secs] 
331299.011: [GC (Allocation Failure) 331299.011: [ParNew: 422390K->5377K(471872K), 0.0052794 secs] 3715647K->3299157K(4141888K), 0.0053683 secs] [Times: user=0.04 sys=0.00, real=0.01 secs] 
331308.361: [GC (Allocation Failure) 331308.361: [ParNew: 424833K->4364K(471872K), 0.0072893 secs] 3718613K->3298965K(4141888K), 0.0073844 secs] [Times: user=0.06 sys=0.00, real=0.01 secs] 
331322.605: [GC (Allocation Failure) 331322.605: [ParNew: 423820K->19967K(471872K), 0.0087667 secs] 3718421K->3317192K(4141888K), 0.0088738 secs] [Times: user=0.06 sys=0.00, real=0.01 secs] 
331329.358: [GC (Allocation Failure) 331329.358: [ParNew: 439396K->11476K(471872K), 0.0077315 secs] 3736621K->3311588K(4141888K), 0.0078497 secs] [Times: user=0.06 sys=0.00, real=0.01 secs] 
331339.945: [GC (Allocation Failure) 331339.945: [ParNew: 430932K->4585K(471872K), 0.0072247 secs] 3731044K->3308681K(4141888K), 0.0073361 secs] [Times: user=0.05 sys=0.00, real=0.00 secs] 
331350.744: [GC (Allocation Failure) 331350.744: [ParNew: 424041K->4747K(471872K), 0.0086313 secs] 3728137K->3311912K(4141888K), 0.0087301 secs] [Times: user=0.06 sys=0.00, real=0.01 secs] 
331354.158: [GC (Allocation Failure) 331354.158: [ParNew: 424203K->8259K(471872K), 0.0070840 secs] 3731368K->3317660K(4141888K), 0.0071849 secs] [Times: user=0.05 sys=0.00, real=0.01 secs] 
331359.678: [GC (Allocation Failure) 331359.678: [ParNew: 427715K->7122K(471872K), 0.0070224 secs] 3737116K->3317441K(4141888K), 0.0071411 secs] [Times: user=0.05 sys=0.00, real=0.01 secs] 
331364.450: [GC (Allocation Failure) 331364.450: [ParNew: 426578K->6483K(471872K), 0.0074488 secs] 3736897K->3317953K(4141888K), 0.0075851 secs] [Times: user=0.06 sys=0.00, real=0.01 secs] 
331368.651: [GC (Allocation Failure) 331368.651: [ParNew: 425939K->3417K(471872K), 0.0067167 secs] 3737409K->3315988K(4141888K), 0.0068205 secs] [Times: user=0.05 sys=0.00, real=0.01 secs] 
331372.739: [GC (Allocation Failure) 331372.739: [ParNew: 422873K->2451K(471872K), 0.0049434 secs] 3735444K->3316189K(4141888K), 0.0050269 secs] [Times: user=0.03 sys=0.00, real=0.01 secs] 
331376.157: [GC (Allocation Failure) 331376.157: [ParNew: 421907K->6888K(471872K), 0.0063355 secs] 3735645K->3321461K(4141888K), 0.0064316 secs] [Times: user=0.05 sys=0.01, real=0.00 secs] 
331383.132: [GC (Allocation Failure) 331383.132: [ParNew: 426344K->5208K(471872K), 0.0060521 secs] 3740917K->3320517K(4141888K), 0.0061417 secs] [Times: user=0.04 sys=0.00, real=0.01 secs] 
331390.212: [GC (Allocation Failure) 331390.212: [ParNew: 424664K->6905K(471872K), 0.0075806 secs] 3739973K->3323747K(4141888K), 0.0076853 secs] [Times: user=0.06 sys=0.00, real=0.01 secs] 
331397.564: [GC (Allocation Failure) 331397.564: [ParNew: 426361K->4468K(471872K), 0.0080355 secs] 3743203K->3325518K(4141888K), 0.0081918 secs] [Times: user=0.06 sys=0.00, real=0.00 secs] 
331410.298: [GC (Allocation Failure) 331410.299: [ParNew: 423924K->4622K(471872K), 0.0070066 secs] 3744974K->3327896K(4141888K), 0.0071126 secs] [Times: user=0.05 sys=0.00, real=0.01 secs] 
331422.363: [GC (Allocation Failure) 331422.363: [ParNew: 424078K->5199K(471872K), 0.0080828 secs] 3747352K->3330973K(4141888K), 0.0081845 secs] [Times: user=0.06 sys=0.00, real=0.01 secs] 
331433.064: [GC (Allocation Failure) 331433.064: [ParNew: 424655K->5333K(471872K), 0.0081216 secs] 3750429K->3333532K(4141888K), 0.0082269 secs] [Times: user=0.06 sys=0.00, real=0.00 secs] 
331443.102: [GC (Allocation Failure) 331443.102: [ParNew: 424789K->5084K(471872K), 0.0072053 secs] 3752988K->3335999K(4141888K), 0.0073063 secs] [Times: user=0.05 sys=0.00, real=0.01 secs] 
331447.440: [GC (Allocation Failure) 331447.441: [ParNew: 423973K->14650K(471872K), 0.0079545 secs] 3754887K->3348261K(4141888K), 0.0080993 secs] [Times: user=0.06 sys=0.00, real=0.01 secs] 
331447.997: [GC (Allocation Failure) 331447.997: [ParNew: 434106K->7397K(471872K), 0.0070440 secs] 3767717K->3350001K(4141888K), 0.0071436 secs] [Times: user=0.05 sys=0.00, real=0.01 secs] 
331448.530: [GC (Allocation Failure) 331448.530: [ParNew: 426853K->5058K(471872K), 0.0096244 secs] 3769457K->3350198K(4141888K), 0.0097533 secs] [Times: user=0.07 sys=0.00, real=0.01 secs] 
331449.242: [GC (GCLocker Initiated GC) 331449.242: [ParNew: 424822K->10117K(471872K), 0.0067181 secs] 3769963K->3355616K(4141888K), 0.0068134 secs] [Times: user=0.06 sys=0.00, real=0.01 secs] 
331449.824: [GC (Allocation Failure) 331449.824: [ParNew: 429573K->6434K(471872K), 0.0059335 secs] 3775072K->3352569K(4141888K), 0.0060364 secs] [Times: user=0.04 sys=0.00, real=0.01 secs] 
331450.528: [GC (Allocation Failure) 331450.528: [ParNew: 425890K->4261K(471872K), 0.0061541 secs] 3772025K->3351667K(4141888K), 0.0062561 secs] [Times: user=0.04 sys=0.00, real=0.01 secs] 
331457.107: [GC (Allocation Failure) 331457.107: [ParNew: 423717K->3897K(471872K), 0.0081095 secs] 3771123K->3351706K(4141888K), 0.0082245 secs] [Times: user=0.06 sys=0.00, real=0.01 secs] 
331465.955: [GC (Allocation Failure) 331465.955: [ParNew: 423353K->5270K(471872K), 0.0098159 secs] 3771162K->3355450K(4141888K), 0.0099142 secs] [Times: user=0.06 sys=0.00, real=0.01 secs] 
331473.137: [GC (Allocation Failure) 331473.137: [ParNew: 424726K->4029K(471872K), 0.0111335 secs] 3774906K->3356910K(4141888K), 0.0112299 secs] [Times: user=0.07 sys=0.00, real=0.01 secs] 
331477.658: [GC (Allocation Failure) 331477.658: [ParNew: 423485K->2655K(471872K), 0.0080101 secs] 3776366K->3357110K(4141888K), 0.0081047 secs] [Times: user=0.04 sys=0.00, real=0.01 secs] 
331480.504: [GC (Allocation Failure) 331480.504: [ParNew: 422106K->2294K(471872K), 0.0058130 secs] 3776560K->3357823K(4141888K), 0.0058925 secs] [Times: user=0.04 sys=0.00, real=0.00 secs] 
331482.798: [GC (Allocation Failure) 331482.799: [ParNew: 421750K->2610K(471872K), 0.0053747 secs] 3777279K->3358809K(4141888K), 0.0054715 secs] [Times: user=0.03 sys=0.00, real=0.01 secs] 
331484.021: [GC (Allocation Failure) 331484.021: [ParNew: 422066K->3186K(471872K), 0.0052437 secs] 3778265K->3359883K(4141888K), 0.0053308 secs] [Times: user=0.04 sys=0.01, real=0.01 secs] 
331485.726: [GC (Allocation Failure) 331485.726: [ParNew: 422642K->2221K(471872K), 0.0053679 secs] 3779339K->3360071K(4141888K), 0.0054534 secs] [Times: user=0.04 sys=0.00, real=0.00 secs] 
331487.555: [GC (Allocation Failure) 331487.555: [ParNew: 421677K->2349K(471872K), 0.0052924 secs] 3779527K->3360730K(4141888K), 0.0054185 secs] [Times: user=0.04 sys=0.00, real=0.00 secs] 
331493.094: [GC (Allocation Failure) 331493.094: [ParNew: 421805K->3941K(471872K), 0.0053847 secs] 3780186K->3362675K(4141888K), 0.0054784 secs] [Times: user=0.04 sys=0.00, real=0.01 secs] 
331498.718: [GC (Allocation Failure) 331498.718: [ParNew: 422949K->9727K(471872K), 0.0066515 secs] 3781683K->3369993K(4141888K), 0.0067586 secs] [Times: user=0.05 sys=0.01, real=0.01 secs] 
331503.153: [GC (Allocation Failure) 331503.153: [ParNew: 429183K->3203K(471872K), 0.0116596 secs] 3789449K->3365383K(4141888K), 0.0117528 secs] [Times: user=0.08 sys=0.00, real=0.02 secs] 
331506.213: [GC (Allocation Failure) 331506.213: [ParNew: 422659K->6213K(471872K), 0.0059387 secs] 3784839K->3369389K(4141888K), 0.0060382 secs] [Times: user=0.04 sys=0.00, real=0.01 secs] 
331510.504: [GC (Allocation Failure) 331510.504: [ParNew: 425669K->4599K(471872K), 0.0054646 secs] 3788845K->3371050K(4141888K), 0.0055604 secs] [Times: user=0.04 sys=0.00, real=0.00 secs] 
331514.252: [GC (Allocation Failure) 331514.252: [ParNew: 424055K->7478K(471872K), 0.0060726 secs] 3790506K->3375689K(4141888K), 0.0061663 secs] [Times: user=0.04 sys=0.00, real=0.01 secs] 
331515.503: [GC (Allocation Failure) 331515.503: [ParNew: 426934K->8195K(471872K), 0.0052568 secs] 3795145K->3377352K(4141888K), 0.0053432 secs] [Times: user=0.03 sys=0.01, real=0.01 secs] 
331518.265: [GC (Allocation Failure) 331518.265: [ParNew: 427239K->6640K(471872K), 0.0070719 secs] 3796396K->3376871K(4141888K), 0.0071720 secs] [Times: user=0.05 sys=0.00, real=0.00 secs] 
331519.489: [GC (Allocation Failure) 331519.489: [ParNew: 426096K->5649K(471872K), 0.0050112 secs] 3796327K->3377477K(4141888K), 0.0051001 secs] [Times: user=0.04 sys=0.00, real=0.00 secs] 
331521.793: [GC (Allocation Failure) 331521.793: [ParNew: 425105K->3502K(471872K), 0.0051352 secs] 3796933K->3375628K(4141888K), 0.0052256 secs] [Times: user=0.04 sys=0.00, real=0.01 secs] 
331523.227: [GC (Allocation Failure) 331523.227: [ParNew: 422958K->1945K(471872K), 0.0064099 secs] 3795084K->3375158K(4141888K), 0.0065465 secs] [Times: user=0.04 sys=0.00, real=0.00 secs] 
331526.408: [GC (Allocation Failure) 331526.408: [ParNew: 420685K->6811K(471872K), 0.0078722 secs] 3793898K->3380520K(4141888K), 0.0079844 secs] [Times: user=0.05 sys=0.00, real=0.01 secs] 
331533.098: [GC (Allocation Failure) 331533.098: [ParNew: 426267K->4728K(471872K), 0.0063853 secs] 3799976K->3379073K(4141888K), 0.0064884 secs] [Times: user=0.04 sys=0.00, real=0.01 secs] 
331539.046: [GC (Allocation Failure) 331539.046: [ParNew: 424184K->4830K(471872K), 0.0083113 secs] 3798529K->3381107K(4141888K), 0.0084346 secs] [Times: user=0.06 sys=0.00, real=0.01 secs] 
331543.091: [GC (Allocation Failure) 331543.091: [ParNew: 424286K->3772K(471872K), 0.0063883 secs] 3800563K->3382081K(4141888K), 0.0064809 secs] [Times: user=0.04 sys=0.00, real=0.01 secs] 
331543.098: [GC (CMS Initial Mark) [1 CMS-initial-mark: 3378309K(3670016K)] 3383253K(4141888K), 0.0008930 secs] [Times: user=0.00 sys=0.00, real=0.00 secs] 
331543.099: [CMS-concurrent-mark-start]
331543.339: [CMS-concurrent-mark: 0.240/0.240 secs] [Times: user=0.69 sys=0.03, real=0.24 secs] 
331543.339: [CMS-concurrent-preclean-start]
331543.353: [CMS-concurrent-preclean: 0.014/0.014 secs] [Times: user=0.02 sys=0.00, real=0.01 secs] 
331543.354: [CMS-concurrent-abortable-preclean-start]
 CMS: abort preclean due to time 331548.359: [CMS-concurrent-abortable-preclean: 1.098/5.005 secs] [Times: user=1.79 sys=0.06, real=5.01 secs] 
331548.360: [GC (CMS Final Remark) [YG occupancy: 397087 K (471872 K)]331548.360: [Rescan (parallel) , 0.0258371 secs]331548.385: [weak refs processing, 0.0015359 secs]331548.387: [class unloading, 0.0192700 secs]331548.406: [scrub symbol table, 0.0082803 secs]331548.415: [scrub string table, 0.0008335 secs][1 CMS-remark: 3378309K(3670016K)] 3775397K(4141888K), 0.0559868 secs] [Times: user=0.23 sys=0.00, real=0.06 secs] 
331548.416: [CMS-concurrent-sweep-start]
331548.622: [GC (Allocation Failure) 331548.622: [ParNew: 423135K->4385K(471872K), 0.0059585 secs] 3250536K->2832714K(4141888K), 0.0060623 secs] [Times: user=0.04 sys=0.00, real=0.01 secs] 
331549.112: [CMS-concurrent-sweep: 0.688/0.696 secs] [Times: user=0.86 sys=0.02, real=0.69 secs] 
331549.112: [CMS-concurrent-reset-start]
331549.120: [CMS-concurrent-reset: 0.008/0.008 secs] [Times: user=0.02 sys=0.00, real=0.01 secs] 
331553.156: [GC (Allocation Failure) 331553.156: [ParNew: 423841K->3345K(471872K), 0.0061898 secs] 1739852K->1321108K(4141888K), 0.0062902 secs] [Times: user=0.04 sys=0.00, real=0.00 secs] 
331555.774: [GC (Allocation Failure) 331555.774: [ParNew: 422801K->3002K(471872K), 0.0090556 secs] 1740564K->1322100K(4141888K), 0.0091571 secs] [Times: user=0.06 sys=0.00, real=0.00 secs] 
331558.878: [GC (Allocation Failure) 331558.878: [ParNew: 422458K->2873K(471872K), 0.0053972 secs] 1741556K->1323251K(4141888K), 0.0055110 secs] [Times: user=0.04 sys=0.00, real=0.00 secs] 
331561.930: [GC (Allocation Failure) 331561.930: [ParNew: 421950K->4167K(471872K), 0.0056685 secs] 1742327K->1325193K(4141888K), 0.0057707 secs] [Times: user=0.04 sys=0.00, real=0.01 secs] 
331563.670: [GC (Allocation Failure) 331563.670: [ParNew: 423623K->4786K(471872K), 0.0059675 secs] 1744649K->1326483K(4141888K), 0.0060876 secs] [Times: user=0.04 sys=0.00, real=0.01 secs] 
331565.903: [GC (Allocation Failure) 331565.903: [ParNew: 423885K->3438K(471872K), 0.0059112 secs] 1745583K->1326329K(4141888K), 0.0060301 secs] [Times: user=0.05 sys=0.00, real=0.01 secs] 
331569.983: [GC (Allocation Failure) 331569.983: [ParNew: 422894K->6215K(471872K), 0.0056695 secs] 1745785K->1329814K(4141888K), 0.0057978 secs] [Times: user=0.05 sys=0.00, real=0.01 secs] 
331573.160: [GC (Allocation Failure) 331573.160: [ParNew: 425671K->2807K(471872K), 0.0056110 secs] 1749270K->1330919K(4141888K), 0.0057064 secs] [Times: user=0.04 sys=0.00, real=0.01 secs] 
331575.656: [GC (Allocation Failure) 331575.656: [ParNew: 422263K->4080K(471872K), 0.0065711 secs] 1750375K->1333031K(4141888K), 0.0066896 secs] [Times: user=0.04 sys=0.00, real=0.00 secs] 
331580.716: [GC (Allocation Failure) 331580.716: [ParNew: 423536K->3843K(471872K), 0.0051669 secs] 1752487K->1333350K(4141888K), 0.0052637 secs] [Times: user=0.04 sys=0.00, real=0.00 secs] 
331587.684: [GC (Allocation Failure) 331587.684: [ParNew: 423047K->7092K(471872K), 0.0071216 secs] 1752554K->1339116K(4141888K), 0.0072495 secs] [Times: user=0.05 sys=0.00, real=0.00 secs] 
331596.221: [GC (Allocation Failure) 331596.221: [ParNew: 426548K->9106K(471872K), 0.0072561 secs] 1758572K->1342722K(4141888K), 0.0073682 secs] [Times: user=0.06 sys=0.00, real=0.01 secs] 
331604.547: [GC (Allocation Failure) 331604.547: [ParNew: 428562K->10665K(471872K), 0.0072539 secs] 1762178K->1346532K(4141888K), 0.0073611 secs] [Times: user=0.05 sys=0.00, real=0.01 secs] 
331613.118: [GC (Allocation Failure) 331613.118: [ParNew: 430121K->6668K(471872K), 0.0070037 secs] 1765988K->1344255K(4141888K), 0.0071372 secs] [Times: user=0.05 sys=0.00, real=0.01 secs] 
331623.882: [GC (Allocation Failure) 331623.882: [ParNew: 426124K->5641K(471872K), 0.0080651 secs] 1763711K->1345144K(4141888K), 0.0081581 secs] [Times: user=0.05 sys=0.00, real=0.01 secs] 
331631.883: [GC (Allocation Failure) 331631.883: [ParNew: 425097K->11248K(471872K), 0.0099372 secs] 1764600K->1353470K(4141888K), 0.0100266 secs] [Times: user=0.07 sys=0.00, real=0.01 secs] 
331639.236: [GC (Allocation Failure) 331639.236: [ParNew: 430704K->8092K(471872K), 0.0079524 secs] 1772926K->1354566K(4141888K), 0.0080697 secs] [Times: user=0.06 sys=0.00, real=0.01 secs] 
331643.127: [GC (Allocation Failure) 331643.127: [ParNew: 427548K->4552K(471872K), 0.0069429 secs] 1774022K->1353602K(4141888K), 0.0070366 secs] [Times: user=0.04 sys=0.00, real=0.01 secs] 
331654.138: [GC (Allocation Failure) 331654.138: [ParNew: 424008K->4250K(471872K), 0.0068929 secs] 1773058K->1354862K(4141888K), 0.0069955 secs] [Times: user=0.05 sys=0.00, real=0.01 secs] 
331666.753: [GC (Allocation Failure) 331666.753: [ParNew: 423706K->5242K(471872K), 0.0089668 secs] 1774318K->1358320K(4141888K), 0.0090851 secs] [Times: user=0.06 sys=0.00, real=0.01 secs] 
331677.095: [GC (Allocation Failure) 331677.095: [ParNew: 424698K->6554K(471872K), 0.0083341 secs] 1777776K->1362129K(4141888K), 0.0084352 secs] [Times: user=0.05 sys=0.00, real=0.00 secs] 
331685.352: [GC (Allocation Failure) 331685.352: [ParNew: 426010K->5411K(471872K), 0.0084417 secs] 1781585K->1364018K(4141888K), 0.0085398 secs] [Times: user=0.05 sys=0.00, real=0.01 secs] 
331690.571: [GC (Allocation Failure) 331690.571: [ParNew: 424867K->12491K(471872K), 0.0079315 secs] 1783474K->1372870K(4141888K), 0.0080373 secs] [Times: user=0.06 sys=0.00, real=0.01 secs] 
331693.116: [GC (Allocation Failure) 331693.116: [ParNew: 431947K->9363K(471872K), 0.0062979 secs] 1792326K->1374083K(4141888K), 0.0063987 secs] [Times: user=0.04 sys=0.00, real=0.00 secs] 
331696.631: [GC (Allocation Failure) 331696.631: [ParNew: 428819K->5424K(471872K), 0.0056225 secs] 1793539K->1370777K(4141888K), 0.0057257 secs] [Times: user=0.04 sys=0.00, real=0.01 secs] 
331700.594: [GC (Allocation Failure) 331700.594: [ParNew: 424880K->4908K(471872K), 0.0052735 secs] 1790233K->1371108K(4141888K), 0.0053693 secs] [Times: user=0.03 sys=0.00, real=0.00 secs] 
331704.000: [GC (Allocation Failure) 331704.000: [ParNew: 424364K->2647K(471872K), 0.0061027 secs] 1790564K->1371494K(4141888K), 0.0061980 secs] [Times: user=0.04 sys=0.00, real=0.01 secs] 
331708.798: [GC (Allocation Failure) 331708.798: [ParNew: 422103K->4467K(471872K), 0.0058092 secs] 1790950K->1374105K(4141888K), 0.0059024 secs] [Times: user=0.04 sys=0.00, real=0.01 secs] 
331715.604: [GC (Allocation Failure) 331715.604: [ParNew: 423923K->4799K(471872K), 0.0065330 secs] 1793561K->1375485K(4141888K), 0.0066348 secs] [Times: user=0.04 sys=0.00, real=0.01 secs] 
331724.779: [GC (Allocation Failure) 331724.779: [ParNew: 424255K->5402K(471872K), 0.0070657 secs] 1794941K->1378290K(4141888K), 0.0071616 secs] [Times: user=0.04 sys=0.00, real=0.01 secs] 
331733.739: [GC (Allocation Failure) 331733.739: [ParNew: 424858K->4850K(471872K), 0.0078032 secs] 1797746K->1380053K(4141888K), 0.0079248 secs] [Times: user=0.05 sys=0.00, real=0.01 secs] 
331743.341: [GC (Allocation Failure) 331743.341: [ParNew: 424306K->26478K(471872K), 0.0080735 secs] 1799509K->1403769K(4141888K), 0.0081770 secs] [Times: user=0.05 sys=0.00, real=0.01 secs] 
331747.267: [GC (Allocation Failure) 331747.267: [ParNew: 445934K->22243K(471872K), 0.0092847 secs] 1823225K->1402147K(4141888K), 0.0093907 secs] [Times: user=0.07 sys=0.00, real=0.01 secs] 
331749.082: [GC (Allocation Failure) 331749.082: [ParNew: 441699K->12926K(471872K), 0.0055171 secs] 1821603K->1394448K(4141888K), 0.0056083 secs] [Times: user=0.04 sys=0.00, real=0.01 secs] 
331751.653: [GC (Allocation Failure) 331751.653: [ParNew: 432382K->32153K(471872K), 0.0112287 secs] 1813904K->1414069K(4141888K), 0.0113553 secs] [Times: user=0.08 sys=0.01, real=0.02 secs] 
331752.563: [GC (Allocation Failure) 331752.563: [ParNew: 451609K->25860K(471872K), 0.0078427 secs] 1833525K->1411165K(4141888K), 0.0079467 secs] [Times: user=0.05 sys=0.00, real=0.01 secs] 
331753.394: [GC (Allocation Failure) 331753.394: [ParNew: 445316K->25468K(471872K), 0.0122609 secs] 1830621K->1412093K(4141888K), 0.0123795 secs] [Times: user=0.07 sys=0.00, real=0.02 secs] 
331754.431: [GC (Allocation Failure) 331754.431: [ParNew: 444456K->20523K(471872K), 0.0108145 secs] 1831082K->1407551K(4141888K), 0.0109000 secs] [Times: user=0.05 sys=0.01, real=0.01 secs] 
331755.766: [GC (Allocation Failure) 331755.766: [ParNew: 439979K->19710K(471872K), 0.0110727 secs] 1827007K->1408605K(4141888K), 0.0111898 secs] [Times: user=0.04 sys=0.00, real=0.01 secs] 
331756.170: [GC (Allocation Failure) 331756.170: [ParNew: 439166K->12912K(471872K), 0.0140061 secs] 1828061K->1402346K(4141888K), 0.0141114 secs] [Times: user=0.06 sys=0.00, real=0.02 secs] 
331756.437: [GC (Allocation Failure) 331756.437: [ParNew: 432368K->31439K(471872K), 0.0146706 secs] 1821802K->1423400K(4141888K), 0.0147866 secs] [Times: user=0.08 sys=0.00, real=0.01 secs] 
331756.698: [GC (Allocation Failure) 331756.699: [ParNew: 450895K->20396K(471872K), 0.0127217 secs] 1842856K->1417206K(4141888K), 0.0128204 secs] [Times: user=0.06 sys=0.00, real=0.01 secs] 
331757.245: [GC (Allocation Failure) 331757.245: [ParNew: 439852K->8858K(471872K), 0.0057797 secs] 1836662K->1408241K(4141888K), 0.0058786 secs] [Times: user=0.04 sys=0.00, real=0.00 secs] 
331757.592: [GC (Allocation Failure) 331757.592: [ParNew: 428314K->16813K(471872K), 0.0147591 secs] 1827697K->1416668K(4141888K), 0.0148574 secs] [Times: user=0.07 sys=0.00, real=0.02 secs] 
331757.847: [GC (Allocation Failure) 331757.847: [ParNew: 436269K->17420K(471872K), 0.0228327 secs] 1836124K->1418154K(4141888K), 0.0229467 secs] [Times: user=0.09 sys=0.00, real=0.02 secs] 
331758.371: [GC (Allocation Failure) 331758.371: [ParNew: 436876K->27183K(471872K), 0.0110597 secs] 1837610K->1428213K(4141888K), 0.0111810 secs] [Times: user=0.07 sys=0.01, real=0.01 secs] 
331758.624: [GC (Allocation Failure) 331758.624: [ParNew: 446639K->25089K(471872K), 0.0088657 secs] 1847669K->1426488K(4141888K), 0.0089605 secs] [Times: user=0.06 sys=0.00, real=0.00 secs] 
331759.123: [GC (Allocation Failure) 331759.123: [ParNew: 444545K->8940K(471872K), 0.0061717 secs] 1845944K->1413890K(4141888K), 0.0062665 secs] [Times: user=0.04 sys=0.00, real=0.01 secs] 
331759.549: [GC (Allocation Failure) 331759.549: [ParNew: 428397K->8705K(471872K), 0.0098893 secs] 1833347K->1414748K(4141888K), 0.0099920 secs] [Times: user=0.04 sys=0.00, real=0.01 secs] 
331759.560: [GC (GCLocker Initiated GC) 331759.560: [ParNew: 9549K->3857K(471872K), 0.0093623 secs] 1415591K->1417272K(4141888K), 0.0094622 secs] [Times: user=0.03 sys=0.00, real=0.01 secs] 
331761.303: [GC (Allocation Failure) 331761.303: [ParNew: 423313K->22239K(471872K), 0.0109813 secs] 1836728K->1435702K(4141888K), 0.0111226 secs] [Times: user=0.07 sys=0.00, real=0.02 secs] 
331762.670: [GC (Allocation Failure) 331762.670: [ParNew: 441695K->26448K(471872K), 0.0473842 secs] 1855158K->1444717K(4141888K), 0.0474963 secs] [Times: user=0.12 sys=0.00, real=0.05 secs] 
331764.624: [GC (Allocation Failure) 331764.624: [ParNew: 445904K->9166K(471872K), 0.0143045 secs] 1864173K->1427855K(4141888K), 0.0144139 secs] [Times: user=0.06 sys=0.00, real=0.02 secs] 
331767.878: [GC (Allocation Failure) 331767.878: [ParNew: 428622K->4903K(471872K), 0.0109263 secs] 1847311K->1426716K(4141888K), 0.0110646 secs] [Times: user=0.05 sys=0.00, real=0.01 secs] 
331771.830: [GC (Allocation Failure) 331771.830: [ParNew: 424065K->5193K(471872K), 0.0059370 secs] 1845878K->1428085K(4141888K), 0.0060451 secs] [Times: user=0.05 sys=0.00, real=0.01 secs] 
331774.321: [GC (Allocation Failure) 331774.321: [ParNew: 424649K->2738K(471872K), 0.0064608 secs] 1847541K->1427605K(4141888K), 0.0065537 secs] [Times: user=0.05 sys=0.00, real=0.01 secs] 
331776.701: [GC (Allocation Failure) 331776.701: [ParNew: 422194K->2543K(471872K), 0.0051505 secs] 1847061K->1428330K(4141888K), 0.0052484 secs] [Times: user=0.04 sys=0.00, real=0.01 secs] 
331779.120: [GC (Allocation Failure) 331779.120: [ParNew: 421999K->4152K(471872K), 0.0052787 secs] 1847786K->1430422K(4141888K), 0.0053742 secs] [Times: user=0.04 sys=0.00, real=0.01 secs] 
331782.655: [GC (Allocation Failure) 331782.655: [ParNew: 423608K->4157K(471872K), 0.0056970 secs] 1849878K->1431676K(4141888K), 0.0058057 secs] [Times: user=0.04 sys=0.01, real=0.00 secs] 
331783.217: [GC (Allocation Failure) 331783.217: [ParNew: 423613K->4605K(471872K), 0.0068757 secs] 1851132K->1433052K(4141888K), 0.0069705 secs] [Times: user=0.04 sys=0.00, real=0.00 secs] 
331785.167: [GC (Allocation Failure) 331785.167: [ParNew: 423688K->8323K(471872K), 0.0049698 secs] 1852134K->1437036K(4141888K), 0.0050632 secs] [Times: user=0.03 sys=0.00, real=0.00 secs] 
331787.512: [GC (Allocation Failure) 331787.512: [ParNew: 427779K->3926K(471872K), 0.0048453 secs] 1856492K->1433141K(4141888K), 0.0049424 secs] [Times: user=0.03 sys=0.00, real=0.01 secs] 
331789.410: [GC (Allocation Failure) 331789.410: [ParNew: 423104K->5350K(471872K), 0.0049512 secs] 1852319K->1435067K(4141888K), 0.0050443 secs] [Times: user=0.04 sys=0.00, real=0.01 secs] 
331791.885: [GC (Allocation Failure) 331791.885: [ParNew: 424786K->7618K(471872K), 0.0051954 secs] 1854503K->1438471K(4141888K), 0.0053135 secs] [Times: user=0.04 sys=0.00, real=0.00 secs] 
331793.235: [GC (Allocation Failure) 331793.235: [ParNew: 426915K->4456K(471872K), 0.0108892 secs] 1857768K->1435973K(4141888K), 0.0109902 secs] [Times: user=0.08 sys=0.00, real=0.01 secs] 
331795.924: [GC (Allocation Failure) 331795.924: [ParNew: 423912K->4610K(471872K), 0.0051097 secs] 1855429K->1436595K(4141888K), 0.0052073 secs] [Times: user=0.04 sys=0.00, real=0.00 secs] 
331797.691: [GC (Allocation Failure) 331797.691: [ParNew: 424066K->3705K(471872K), 0.0050150 secs] 1856051K->1437059K(4141888K), 0.0051012 secs] [Times: user=0.03 sys=0.00, real=0.01 secs] 
331803.721: [GC (Allocation Failure) 331803.721: [ParNew: 423145K->3628K(471872K), 0.0056441 secs] 1856499K->1437839K(4141888K), 0.0057453 secs] [Times: user=0.05 sys=0.00, real=0.01 secs] 
331812.172: [GC (Allocation Failure) 331812.172: [ParNew: 423084K->5486K(471872K), 0.0064477 secs] 1857295K->1441533K(4141888K), 0.0065451 secs] [Times: user=0.05 sys=0.00, real=0.01 secs] 
331814.393: [GC (Allocation Failure) 331814.393: [ParNew: 424942K->9111K(471872K), 0.0102173 secs] 1860989K->1446851K(4141888K), 0.0103231 secs] [Times: user=0.06 sys=0.00, real=0.01 secs] 
331821.078: [GC (Allocation Failure) 331821.078: [ParNew: 428567K->5477K(471872K), 0.0075116 secs] 1866307K->1446354K(4141888K), 0.0076084 secs] [Times: user=0.04 sys=0.00, real=0.01 secs] 
331825.226: [GC (Allocation Failure) 331825.226: [ParNew: 424933K->3186K(471872K), 0.0060574 secs] 1865810K->1446213K(4141888K), 0.0061462 secs] [Times: user=0.04 sys=0.00, real=0.00 secs] 
331836.801: [GC (Allocation Failure) 331836.801: [ParNew: 422642K->3949K(471872K), 0.0067338 secs] 1865669K->1448963K(4141888K), 0.0068426 secs] [Times: user=0.05 sys=0.00, real=0.01 secs] 
331848.541: [GC (Allocation Failure) 331848.541: [ParNew: 423405K->4891K(471872K), 0.0074973 secs] 1868419K->1452243K(4141888K), 0.0075989 secs] [Times: user=0.05 sys=0.01, real=0.01 secs] 
331854.895: [GC (Allocation Failure) 331854.895: [ParNew: 424347K->4823K(471872K), 0.0072710 secs] 1871699K->1454637K(4141888K), 0.0073762 secs] [Times: user=0.05 sys=0.01, real=0.00 secs] 
331861.590: [GC (Allocation Failure) 331861.590: [ParNew: 424279K->3416K(471872K), 0.0080566 secs] 1874093K->1455478K(4141888K), 0.0081356 secs] [Times: user=0.06 sys=0.00, real=0.01 secs] 
331865.252: [GC (Allocation Failure) 331865.252: [ParNew: 422872K->4512K(471872K), 0.0075001 secs] 1874934K->1458173K(4141888K), 0.0075902 secs] [Times: user=0.05 sys=0.00, real=0.01 secs] 
331869.785: [GC (Allocation Failure) 331869.785: [ParNew: 423968K->3700K(471872K), 0.0070811 secs] 1877629K->1458500K(4141888K), 0.0071683 secs] [Times: user=0.04 sys=0.00, real=0.00 secs] 
331875.408: [GC (Allocation Failure) 331875.408: [ParNew: 423156K->7197K(471872K), 0.0082194 secs] 1877956K->1463650K(4141888K), 0.0083195 secs] [Times: user=0.05 sys=0.00, real=0.01 secs] 
331883.100: [GC (Allocation Failure) 331883.100: [ParNew: 426653K->4948K(471872K), 0.0080887 secs] 1883106K->1465381K(4141888K), 0.0081872 secs] [Times: user=0.05 sys=0.00, real=0.01 secs] 
331894.139: [GC (Allocation Failure) 331894.140: [ParNew: 424404K->4435K(471872K), 0.0067043 secs] 1884837K->1467332K(4141888K), 0.0068136 secs] [Times: user=0.05 sys=0.00, real=0.01 secs] 
331904.204: [GC (Allocation Failure) 331904.204: [ParNew: 423887K->5036K(471872K), 0.0071102 secs] 1886784K->1470161K(4141888K), 0.0072097 secs] [Times: user=0.05 sys=0.01, real=0.00 secs] 
331913.123: [GC (Allocation Failure) 331913.123: [ParNew: 424492K->5509K(471872K), 0.0063470 secs] 1889617K->1472712K(4141888K), 0.0064548 secs] [Times: user=0.04 sys=0.00, real=0.01 secs] 
331921.694: [GC (Allocation Failure) 331921.694: [ParNew: 424965K->4756K(471872K), 0.0066065 secs] 1892168K->1473842K(4141888K), 0.0066958 secs] [Times: user=0.04 sys=0.00, real=0.00 secs] 
331929.541: [GC (Allocation Failure) 331929.541: [ParNew: 424212K->4572K(471872K), 0.0071808 secs] 1893298K->1475804K(4141888K), 0.0072860 secs] [Times: user=0.05 sys=0.00, real=0.01 secs] 
331936.538: [GC (Allocation Failure) 331936.538: [ParNew: 423174K->27118K(471872K), 0.0110803 secs] 1894406K->1500323K(4141888K), 0.0111962 secs] [Times: user=0.06 sys=0.00, real=0.01 secs] 
331942.709: [GC (Allocation Failure) 331942.709: [ParNew: 446574K->8964K(471872K), 0.0098170 secs] 1919779K->1483664K(4141888K), 0.0099282 secs] [Times: user=0.05 sys=0.00, real=0.01 secs] 
331946.354: [GC (Allocation Failure) 331946.354: [ParNew: 428420K->4616K(471872K), 0.0064997 secs] 1903120K->1483094K(4141888K), 0.0066005 secs] [Times: user=0.04 sys=0.00, real=0.00 secs] 
331948.794: [GC (Allocation Failure) 331948.794: [ParNew: 424072K->2777K(471872K), 0.0049945 secs] 1902550K->1483753K(4141888K), 0.0050790 secs] [Times: user=0.03 sys=0.00, real=0.00 secs] 
331954.388: [GC (Allocation Failure) 331954.388: [ParNew: 422233K->2489K(471872K), 0.0055495 secs] 1903209K->1483965K(4141888K), 0.0056524 secs] [Times: user=0.04 sys=0.00, real=0.01 secs] 
331966.300: [GC (Allocation Failure) 331966.301: [ParNew: 421945K->4153K(471872K), 0.0068884 secs] 1903421K->1487083K(4141888K), 0.0069857 secs] [Times: user=0.05 sys=0.00, real=0.01 secs] 
331979.790: [GC (Allocation Failure) 331979.790: [ParNew: 423609K->4861K(471872K), 0.0074412 secs] 1906539K->1490186K(4141888K), 0.0075453 secs] [Times: user=0.05 sys=0.01, real=0.01 secs] 
331987.135: [GC (Allocation Failure) 331987.135: [ParNew: 424317K->12824K(471872K), 0.0078996 secs] 1909642K->1500972K(4141888K), 0.0080073 secs] [Times: user=0.05 sys=0.00, real=0.00 secs] 
331993.851: [GC (Allocation Failure) 331993.851: [ParNew: 431987K->10334K(471872K), 0.0069662 secs] 1920134K->1501063K(4141888K), 0.0070734 secs] [Times: user=0.05 sys=0.00, real=0.01 secs] 
332002.148: [GC (Allocation Failure) 332002.148: [ParNew: 429790K->8550K(471872K), 0.0061877 secs] 1920519K->1501496K(4141888K), 0.0062925 secs] [Times: user=0.04 sys=0.00, real=0.01 secs] 
332010.145: [GC (Allocation Failure) 332010.145: [ParNew: 428006K->4818K(471872K), 0.0067524 secs] 1920952K->1501839K(4141888K), 0.0068461 secs] [Times: user=0.05 sys=0.00, real=0.00 secs] 
332021.200: [GC (Allocation Failure) 332021.201: [ParNew: 424274K->4399K(471872K), 0.0070626 secs] 1921295K->1504009K(4141888K), 0.0071645 secs] [Times: user=0.05 sys=0.00, real=0.01 secs] 
332029.316: [GC (Allocation Failure) 332029.316: [ParNew: 423855K->21826K(471872K), 0.0080410 secs] 1923465K->1523742K(4141888K), 0.0081489 secs] [Times: user=0.06 sys=0.00, real=0.01 secs] 
332030.477: [GC (Allocation Failure) 332030.477: [ParNew: 441282K->8407K(471872K), 0.0060342 secs] 1943198K->1512236K(4141888K), 0.0061575 secs] [Times: user=0.04 sys=0.00, real=0.00 secs] 
332032.301: [GC (Allocation Failure) 332032.301: [ParNew: 427863K->25308K(471872K), 0.0087417 secs] 1931692K->1530144K(4141888K), 0.0088415 secs] [Times: user=0.07 sys=0.00, real=0.01 secs] 
332033.860: [GC (Allocation Failure) 332033.860: [ParNew: 444764K->11939K(471872K), 0.0051420 secs] 1949600K->1517190K(4141888K), 0.0052314 secs] [Times: user=0.04 sys=0.00, real=0.01 secs] 
332035.402: [GC (Allocation Failure) 332035.402: [ParNew: 431395K->24315K(471872K), 0.0084254 secs] 1936646K->1530017K(4141888K), 0.0085351 secs] [Times: user=0.06 sys=0.00, real=0.01 secs] 
332037.176: [GC (Allocation Failure) 332037.176: [ParNew: 443329K->17303K(471872K), 0.0049591 secs] 1949032K->1523447K(4141888K), 0.0050482 secs] [Times: user=0.04 sys=0.00, real=0.00 secs] 
332038.373: [GC (Allocation Failure) 332038.373: [ParNew: 436759K->30081K(471872K), 0.0078350 secs] 1942903K->1536665K(4141888K), 0.0079556 secs] [Times: user=0.05 sys=0.01, real=0.01 secs] 
332040.131: [GC (Allocation Failure) 332040.131: [ParNew: 449537K->14729K(471872K), 0.0045169 secs] 1956121K->1522345K(4141888K), 0.0046122 secs] [Times: user=0.03 sys=0.00, real=0.01 secs] 
332042.311: [GC (Allocation Failure) 332042.311: [ParNew: 434185K->27092K(471872K), 0.0087584 secs] 1941801K->1535074K(4141888K), 0.0088788 secs] [Times: user=0.06 sys=0.00, real=0.01 secs] 
332043.439: [GC (Allocation Failure) 332043.439: [ParNew: 446548K->14884K(471872K), 0.0051766 secs] 1954530K->1523356K(4141888K), 0.0052670 secs] [Times: user=0.04 sys=0.00, real=0.01 secs] 
332053.254: [GC (Allocation Failure) 332053.254: [ParNew: 434340K->5697K(471872K), 0.0073582 secs] 1942812K->1516973K(4141888K), 0.0074926 secs] [Times: user=0.06 sys=0.00, real=0.00 secs] 
332059.091: [GC (Allocation Failure) 332059.091: [ParNew: 425153K->8187K(471872K), 0.0087522 secs] 1936429K->1522438K(4141888K), 0.0088670 secs] [Times: user=0.05 sys=0.00, real=0.01 secs] 
332065.707: [GC (Allocation Failure) 332065.708: [ParNew: 427643K->5004K(471872K), 0.0098335 secs] 1941894K->1523549K(4141888K), 0.0099371 secs] [Times: user=0.05 sys=0.01, real=0.01 secs] 
332077.721: [GC (Allocation Failure) 332077.721: [ParNew: 424460K->5065K(471872K), 0.0103124 secs] 1943005K->1525971K(4141888K), 0.0104229 secs] [Times: user=0.07 sys=0.01, real=0.01 secs] 
332085.211: [GC (Allocation Failure) 332085.212: [ParNew: 424521K->6522K(471872K), 0.0069280 secs] 1945427K->1529846K(4141888K), 0.0070247 secs] [Times: user=0.05 sys=0.00, real=0.01 secs] 
332088.049: [GC (Allocation Failure) 332088.049: [ParNew: 425978K->4613K(471872K), 0.0063835 secs] 1949302K->1529547K(4141888K), 0.0064676 secs] [Times: user=0.04 sys=0.00, real=0.01 secs] 
332095.315: [GC (Allocation Failure) 332095.315: [ParNew: 424069K->6639K(471872K), 0.0092343 secs] 1949003K->1532120K(4141888K), 0.0093428 secs] [Times: user=0.05 sys=0.00, real=0.01 secs] 
332105.900: [GC (Allocation Failure) 332105.900: [ParNew: 426095K->5307K(471872K), 0.0068319 secs] 1951576K->1533203K(4141888K), 0.0069337 secs] [Times: user=0.05 sys=0.00, real=0.01 secs] 
332112.799: [GC (Allocation Failure) 332112.799: [ParNew: 424763K->5400K(471872K), 0.0065741 secs] 1952659K->1535386K(4141888K), 0.0066691 secs] [Times: user=0.05 sys=0.01, real=0.01 secs] 
332118.206: [GC (Allocation Failure) 332118.206: [ParNew: 424856K->3899K(471872K), 0.0061921 secs] 1954842K->1535758K(4141888K), 0.0063166 secs] [Times: user=0.04 sys=0.00, real=0.00 secs] 
332120.990: [GC (Allocation Failure) 332120.990: [ParNew: 423355K->7923K(471872K), 0.0054173 secs] 1955214K->1541832K(4141888K), 0.0055202 secs] [Times: user=0.04 sys=0.00, real=0.01 secs] 
332125.716: [GC (Allocation Failure) 332125.716: [ParNew: 427256K->6138K(471872K), 0.0061063 secs] 1961164K->1543162K(4141888K), 0.0062078 secs] [Times: user=0.04 sys=0.00, real=0.00 secs] 
332130.732: [GC (Allocation Failure) 332130.732: [ParNew: 425594K->7518K(471872K), 0.0054701 secs] 1962618K->1545699K(4141888K), 0.0055610 secs] [Times: user=0.04 sys=0.00, real=0.01 secs] 
332133.476: [GC (Allocation Failure) 332133.476: [ParNew: 426974K->3501K(471872K), 0.0058780 secs] 1965155K->1544441K(4141888K), 0.0059673 secs] [Times: user=0.05 sys=0.00, real=0.00 secs] 
332140.696: [GC (Allocation Failure) 332140.696: [ParNew: 422957K->3725K(471872K), 0.0058043 secs] 1963897K->1545308K(4141888K), 0.0059025 secs] [Times: user=0.04 sys=0.00, real=0.00 secs] 
332143.943: [GC (Allocation Failure) 332143.943: [ParNew: 423169K->4489K(471872K), 0.0066688 secs] 1964752K->1548497K(4141888K), 0.0067664 secs] [Times: user=0.05 sys=0.00, real=0.01 secs] 
332148.617: [GC (Allocation Failure) 332148.617: [ParNew: 423945K->8356K(471872K), 0.0061254 secs] 1967953K->1553160K(4141888K), 0.0062178 secs] [Times: user=0.05 sys=0.00, real=0.00 secs] 
332149.021: [GC (Allocation Failure) 332149.021: [ParNew: 427812K->12583K(471872K), 0.0064815 secs] 1972616K->1559678K(4141888K), 0.0066045 secs] [Times: user=0.05 sys=0.00, real=0.01 secs] 
332149.498: [GC (Allocation Failure) 332149.498: [ParNew: 432039K->6549K(471872K), 0.0052481 secs] 1979134K->1558263K(4141888K), 0.0053620 secs] [Times: user=0.04 sys=0.00, real=0.00 secs] 
332150.009: [GC (Allocation Failure) 332150.009: [ParNew: 426005K->4994K(471872K), 0.0091777 secs] 1977719K->1559989K(4141888K), 0.0092837 secs] [Times: user=0.07 sys=0.00, real=0.01 secs] 
332150.671: [GC (Allocation Failure) 332150.671: [ParNew: 424450K->5347K(471872K), 0.0129492 secs] 1979445K->1560738K(4141888K), 0.0130620 secs] [Times: user=0.08 sys=0.00, real=0.02 secs] 
332151.250: [GC (Allocation Failure) 332151.250: [ParNew: 424803K->4089K(471872K), 0.0063842 secs] 1980194K->1560163K(4141888K), 0.0064696 secs] [Times: user=0.04 sys=0.00, real=0.01 secs] 
332152.282: [GC (Allocation Failure) 332152.282: [ParNew: 423545K->4647K(471872K), 0.0062221 secs] 1979619K->1561308K(4141888K), 0.0063187 secs] [Times: user=0.04 sys=0.00, real=0.01 secs] 
332156.676: [GC (Allocation Failure) 332156.676: [ParNew: 424055K->6146K(471872K), 0.0061519 secs] 1980716K->1563389K(4141888K), 0.0062504 secs] [Times: user=0.05 sys=0.00, real=0.00 secs] 
332160.914: [GC (Allocation Failure) 332160.914: [ParNew: 425602K->3713K(471872K), 0.0049377 secs] 1982845K->1561946K(4141888K), 0.0050220 secs] [Times: user=0.03 sys=0.00, real=0.00 secs] 
332164.178: [GC (Allocation Failure) 332164.178: [ParNew: 423169K->2821K(471872K), 0.0061807 secs] 1981402K->1561797K(4141888K), 0.0062776 secs] [Times: user=0.05 sys=0.00, real=0.01 secs] 
332172.490: [GC (Allocation Failure) 332172.490: [ParNew: 422277K->4914K(471872K), 0.0058788 secs] 1981253K->1565775K(4141888K), 0.0059762 secs] [Times: user=0.04 sys=0.00, real=0.01 secs] 
332175.661: [GC (Allocation Failure) 332175.661: [ParNew: 424370K->4625K(471872K), 0.0062342 secs] 1985231K->1567218K(4141888K), 0.0063529 secs] [Times: user=0.05 sys=0.00, real=0.01 secs] 
332180.699: [GC (Allocation Failure) 332180.699: [ParNew: 424081K->4244K(471872K), 0.0107309 secs] 1986674K->1568915K(4141888K), 0.0108424 secs] [Times: user=0.08 sys=0.00, real=0.01 secs] 
332186.290: [GC (Allocation Failure) 332186.290: [ParNew: 423700K->7449K(471872K), 0.0069113 secs] 1988371K->1573466K(4141888K), 0.0070267 secs] [Times: user=0.05 sys=0.00, real=0.01 secs] 
332193.132: [GC (Allocation Failure) 332193.132: [ParNew: 426905K->4169K(471872K), 0.0101865 secs] 1992922K->1574757K(4141888K), 0.0103248 secs] [Times: user=0.07 sys=0.00, real=0.01 secs] 
332196.875: [GC (Allocation Failure) 332196.875: [ParNew: 423477K->3303K(471872K), 0.0082610 secs] 1994065K->1576332K(4141888K), 0.0083814 secs] [Times: user=0.06 sys=0.00, real=0.00 secs] 
332200.270: [GC (Allocation Failure) 332200.271: [ParNew: 422759K->2815K(471872K), 0.0064651 secs] 1995788K->1577039K(4141888K), 0.0065775 secs] [Times: user=0.05 sys=0.00, real=0.01 secs] 
332203.155: [GC (Allocation Failure) 332203.155: [ParNew: 422271K->4701K(471872K), 0.0074178 secs] 1996495K->1580394K(4141888K), 0.0075548 secs] [Times: user=0.05 sys=0.00, real=0.00 secs] 
332206.011: [GC (Allocation Failure) 332206.011: [ParNew: 424157K->6068K(471872K), 0.0066902 secs] 1999850K->1582351K(4141888K), 0.0068227 secs] [Times: user=0.05 sys=0.00, real=0.01 secs] 
332209.277: [GC (Allocation Failure) 332209.277: [ParNew: 425524K->2567K(471872K), 0.0081206 secs] 2001807K->1580220K(4141888K), 0.0082577 secs] [Times: user=0.06 sys=0.00, real=0.01 secs] 
332211.368: [GC (Allocation Failure) 332211.368: [ParNew: 421956K->4916K(471872K), 0.0074736 secs] 1999609K->1583430K(4141888K), 0.0076231 secs] [Times: user=0.06 sys=0.00, real=0.01 secs] 
332217.488: [GC (Allocation Failure) 332217.488: [ParNew: 423769K->6439K(471872K), 0.0083070 secs] 2002284K->1585927K(4141888K), 0.0084598 secs] [Times: user=0.06 sys=0.00, real=0.01 secs] 
332224.824: [GC (Allocation Failure) 332224.824: [ParNew: 425895K->4928K(471872K), 0.0099533 secs] 2005383K->1585645K(4141888K), 0.0101122 secs] [Times: user=0.07 sys=0.00, real=0.01 secs] 
332233.130: [GC (Allocation Failure) 332233.130: [ParNew: 424384K->5659K(471872K), 0.0102506 secs] 2005101K->1587784K(4141888K), 0.0104255 secs] [Times: user=0.08 sys=0.00, real=0.01 secs] 
332239.854: [GC (Allocation Failure) 332239.854: [ParNew: 425115K->5465K(471872K), 0.0119827 secs] 2007240K->1589266K(4141888K), 0.0121318 secs] [Times: user=0.07 sys=0.00, real=0.01 secs] 
332243.573: [GC (Allocation Failure) 332243.573: [ParNew: 424887K->9599K(471872K), 0.0130378 secs] 2008689K->1596249K(4141888K), 0.0132046 secs] [Times: user=0.08 sys=0.00, real=0.02 secs] 
332245.977: [GC (Allocation Failure) 332245.977: [ParNew: 428738K->8886K(471872K), 0.0137415 secs] 2015388K->1596535K(4141888K), 0.0139388 secs] [Times: user=0.10 sys=0.00, real=0.01 secs] 
332249.662: [GC (Allocation Failure) 332249.662: [ParNew: 428342K->7107K(471872K), 0.0083286 secs] 2015991K->1597823K(4141888K), 0.0085272 secs] [Times: user=0.06 sys=0.00, real=0.01 secs] 
332252.612: [GC (Allocation Failure) 332252.612: [ParNew: 426563K->4596K(471872K), 0.0064685 secs] 2017279K->1596969K(4141888K), 0.0066102 secs] [Times: user=0.05 sys=0.00, real=0.01 secs] 
332259.043: [GC (Allocation Failure) 332259.043: [ParNew: 424052K->5984K(471872K), 0.0084955 secs] 2016425K->1599630K(4141888K), 0.0086128 secs] [Times: user=0.07 sys=0.00, real=0.01 secs] 
332265.759: [GC (Allocation Failure) 332265.759: [ParNew: 425440K->4706K(471872K), 0.0085651 secs] 2019086K->1600037K(4141888K), 0.0086910 secs] [Times: user=0.06 sys=0.00, real=0.01 secs] 
332278.343: [GC (Allocation Failure) 332278.343: [ParNew: 424162K->4502K(471872K), 0.0120662 secs] 2019493K->1601706K(4141888K), 0.0122547 secs] [Times: user=0.08 sys=0.00, real=0.02 secs] 
332289.988: [GC (Allocation Failure) 332289.988: [ParNew: 423958K->4992K(471872K), 0.0150127 secs] 2021162K->1604602K(4141888K), 0.0151854 secs] [Times: user=0.11 sys=0.00, real=0.01 secs] 
332297.226: [GC (Allocation Failure) 332297.226: [ParNew: 424448K->6715K(471872K), 0.0122390 secs] 2024058K->1608687K(4141888K), 0.0123872 secs] [Times: user=0.09 sys=0.00, real=0.01 secs] 
332299.850: [GC (Allocation Failure) 332299.850: [ParNew: 426171K->5005K(471872K), 0.0090127 secs] 2028143K->1609695K(4141888K), 0.0091939 secs] [Times: user=0.06 sys=0.00, real=0.01 secs] 
332302.410: [GC (Allocation Failure) 332302.410: [ParNew: 424461K->9475K(471872K), 0.0079381 secs] 2029151K->1614782K(4141888K), 0.0081039 secs] [Times: user=0.06 sys=0.00, real=0.01 secs] 
332303.959: [GC (Allocation Failure) 332303.959: [ParNew: 428931K->5448K(471872K), 0.0111056 secs] 2034238K->1612552K(4141888K), 0.0112617 secs] [Times: user=0.08 sys=0.00, real=0.01 secs] 
332305.218: [GC (Allocation Failure) 332305.218: [ParNew: 424904K->13417K(471872K), 0.0095789 secs] 2032008K->1621906K(4141888K), 0.0097219 secs] [Times: user=0.07 sys=0.00, real=0.01 secs] 
332306.385: [GC (Allocation Failure) 332306.385: [ParNew: 432873K->7863K(471872K), 0.0069445 secs] 2041362K->1619191K(4141888K), 0.0071126 secs] [Times: user=0.05 sys=0.00, real=0.00 secs] 
332307.615: [GC (Allocation Failure) 332307.615: [ParNew: 427319K->19608K(471872K), 0.0115945 secs] 2038647K->1632002K(4141888K), 0.0117457 secs] [Times: user=0.09 sys=0.00, real=0.01 secs] 
332309.245: [GC (Allocation Failure) 332309.245: [ParNew: 439064K->30533K(471872K), 0.0113237 secs] 2051458K->1643928K(4141888K), 0.0115301 secs] [Times: user=0.08 sys=0.00, real=0.01 secs] 
332310.263: [GC (Allocation Failure) 332310.263: [ParNew: 449989K->33957K(471872K), 0.0098902 secs] 2063384K->1647935K(4141888K), 0.0101069 secs] [Times: user=0.07 sys=0.00, real=0.01 secs] 
332311.701: [GC (Allocation Failure) 332311.701: [ParNew: 453413K->7550K(471872K), 0.0073106 secs] 2067391K->1622702K(4141888K), 0.0074810 secs] [Times: user=0.05 sys=0.00, real=0.01 secs] 
332313.740: [GC (Allocation Failure) 332313.740: [ParNew: 426989K->4797K(471872K), 0.0075223 secs] 2042142K->1620267K(4141888K), 0.0076559 secs] [Times: user=0.06 sys=0.00, real=0.01 secs] 
332315.401: [GC (Allocation Failure) 332315.401: [ParNew: 424253K->32483K(471872K), 0.0101782 secs] 2039723K->1648642K(4141888K), 0.0103086 secs] [Times: user=0.07 sys=0.00, real=0.01 secs] 
332316.411: [GC (Allocation Failure) 332316.411: [ParNew: 450999K->27656K(471872K), 0.0120900 secs] 2067158K->1645056K(4141888K), 0.0122660 secs] [Times: user=0.09 sys=0.00, real=0.01 secs] 
332317.494: [GC (Allocation Failure) 332317.494: [ParNew: 447112K->8477K(471872K), 0.0075854 secs] 2064512K->1626173K(4141888K), 0.0077361 secs] [Times: user=0.06 sys=0.00, real=0.00 secs] 
332319.169: [GC (Allocation Failure) 332319.169: [ParNew: 427933K->5313K(471872K), 0.0082324 secs] 2045629K->1623621K(4141888K), 0.0083532 secs] [Times: user=0.06 sys=0.00, real=0.01 secs] 
332319.648: [GC (Allocation Failure) 332319.648: [ParNew: 423203K->34083K(471872K), 0.0095478 secs] 2041511K->1652920K(4141888K), 0.0096878 secs] [Times: user=0.07 sys=0.00, real=0.01 secs] 
332320.583: [GC (Allocation Failure) 332320.584: [ParNew: 453539K->29934K(471872K), 0.0113851 secs] 2072376K->1648910K(4141888K), 0.0115540 secs] [Times: user=0.08 sys=0.00, real=0.02 secs] 
332321.453: [GC (Allocation Failure) 332321.453: [ParNew: 447835K->28015K(471872K), 0.0095608 secs] 2066811K->1647303K(4141888K), 0.0096881 secs] [Times: user=0.07 sys=0.00, real=0.01 secs] 
332322.544: [GC (Allocation Failure) 332322.544: [ParNew: 444253K->17505K(471872K), 0.0086342 secs] 2063541K->1637008K(4141888K), 0.0088450 secs] [Times: user=0.06 sys=0.00, real=0.00 secs] 
332323.061: [GC (Allocation Failure) 332323.061: [ParNew: 436961K->27936K(471872K), 0.0082691 secs] 2056464K->1648617K(4141888K), 0.0084085 secs] [Times: user=0.06 sys=0.00, real=0.01 secs] 
332323.525: [GC (Allocation Failure) 332323.525: [ParNew: 447392K->6082K(471872K), 0.0075999 secs] 2068073K->1626992K(4141888K), 0.0077779 secs] [Times: user=0.06 sys=0.00, real=0.00 secs] 
332327.484: [GC (Allocation Failure) 332327.484: [ParNew: 425538K->4639K(471872K), 0.0101835 secs] 2046448K->1628318K(4141888K), 0.0103450 secs] [Times: user=0.07 sys=0.00, real=0.02 secs] 
332331.648: [GC (Allocation Failure) 332331.649: [ParNew: 424095K->10350K(471872K), 0.0106048 secs] 2047774K->1635168K(4141888K), 0.0107804 secs] [Times: user=0.08 sys=0.00, real=0.01 secs] 
332332.281: [GC (Allocation Failure) 332332.281: [ParNew: 429806K->9642K(471872K), 0.0087840 secs] 2054624K->1637284K(4141888K), 0.0089498 secs] [Times: user=0.06 sys=0.00, real=0.01 secs] 
332332.930: [GC (Allocation Failure) 332332.930: [ParNew: 429098K->6454K(471872K), 0.0071447 secs] 2056740K->1637318K(4141888K), 0.0072614 secs] [Times: user=0.06 sys=0.00, real=0.01 secs] 
332333.397: [GC (Allocation Failure) 332333.397: [ParNew: 425910K->8611K(471872K), 0.0119560 secs] 2056774K->1640334K(4141888K), 0.0120831 secs] [Times: user=0.09 sys=0.00, real=0.01 secs] 
332334.161: [GC (Allocation Failure) 332334.161: [ParNew: 428067K->8367K(471872K), 0.0111882 secs] 2059790K->1640631K(4141888K), 0.0113042 secs] [Times: user=0.08 sys=0.00, real=0.01 secs] 
332334.670: [GC (Allocation Failure) 332334.670: [ParNew: 427823K->4231K(471872K), 0.0069414 secs] 2060087K->1639472K(4141888K), 0.0070475 secs] [Times: user=0.05 sys=0.00, real=0.01 secs] 
332335.810: [GC (Allocation Failure) 332335.810: [ParNew: 423687K->5266K(471872K), 0.0067244 secs] 2058928K->1640936K(4141888K), 0.0068356 secs] [Times: user=0.05 sys=0.00, real=0.01 secs] 
332339.771: [GC (Allocation Failure) 332339.771: [ParNew: 424722K->3308K(471872K), 0.0066807 secs] 2060392K->1639469K(4141888K), 0.0067963 secs] [Times: user=0.05 sys=0.00, real=0.01 secs] 
332342.591: [GC (Allocation Failure) 332342.591: [ParNew: 422764K->4861K(471872K), 0.0076869 secs] 2058925K->1642785K(4141888K), 0.0078024 secs] [Times: user=0.05 sys=0.00, real=0.01 secs] 
332343.879: [GC (Allocation Failure) 332343.879: [ParNew: 424317K->4392K(471872K), 0.0126569 secs] 2062241K->1643087K(4141888K), 0.0127872 secs] [Times: user=0.06 sys=0.00, real=0.01 secs] 
332347.292: [GC (Allocation Failure) 332347.292: [ParNew: 423848K->3255K(471872K), 0.0084489 secs] 2062543K->1643123K(4141888K), 0.0085916 secs] [Times: user=0.06 sys=0.00, real=0.01 secs] 
332349.901: [GC (Allocation Failure) 332349.901: [ParNew: 422711K->3401K(471872K), 0.0116363 secs] 2062579K->1644178K(4141888K), 0.0117764 secs] [Times: user=0.07 sys=0.00, real=0.01 secs] 
332362.511: [GC (Allocation Failure) 332362.511: [ParNew: 422430K->11757K(471872K), 0.0156310 secs] 2063207K->1653861K(4141888K), 0.0158059 secs] [Times: user=0.08 sys=0.00, real=0.02 secs] 
332366.681: [GC (Allocation Failure) 332366.681: [ParNew: 431213K->8697K(471872K), 0.0099410 secs] 2073317K->1654499K(4141888K), 0.0100460 secs] [Times: user=0.05 sys=0.00, real=0.01 secs] 
332373.115: [GC (Allocation Failure) 332373.115: [ParNew: 428153K->5023K(471872K), 0.0068901 secs] 2073955K->1654505K(4141888K), 0.0069895 secs] [Times: user=0.05 sys=0.00, real=0.00 secs] 
332382.914: [GC (Allocation Failure) 332382.914: [ParNew: 424479K->5369K(471872K), 0.0119602 secs] 2073961K->1657493K(4141888K), 0.0121634 secs] [Times: user=0.08 sys=0.00, real=0.01 secs] 
332390.256: [GC (Allocation Failure) 332390.256: [ParNew: 424825K->5376K(471872K), 0.0110496 secs] 2076949K->1660280K(4141888K), 0.0112108 secs] [Times: user=0.07 sys=0.00, real=0.01 secs] 
332394.407: [GC (Allocation Failure) 332394.407: [ParNew: 424832K->25205K(471872K), 0.0139298 secs] 2079736K->1682227K(4141888K), 0.0141100 secs] [Times: user=0.10 sys=0.00, real=0.01 secs] 
332400.230: [GC (Allocation Failure) 332400.230: [ParNew: 444661K->9497K(471872K), 0.0091629 secs] 2101683K->1667642K(4141888K), 0.0093297 secs] [Times: user=0.07 sys=0.00, real=0.01 secs] 
332407.856: [GC (Allocation Failure) 332407.856: [ParNew: 428953K->4331K(471872K), 0.0137865 secs] 2087098K->1666463K(4141888K), 0.0139675 secs] [Times: user=0.09 sys=0.00, real=0.01 secs] 
332419.276: [GC (Allocation Failure) 332419.276: [ParNew: 423787K->5241K(471872K), 0.0120815 secs] 2085919K->1669416K(4141888K), 0.0122734 secs] [Times: user=0.08 sys=0.01, real=0.01 secs] 
332426.941: [GC (Allocation Failure) 332426.941: [ParNew: 424697K->8289K(471872K), 0.0145938 secs] 2088872K->1675031K(4141888K), 0.0147773 secs] [Times: user=0.10 sys=0.00, real=0.02 secs] 
332432.839: [GC (Allocation Failure) 332432.839: [ParNew: 427745K->7493K(471872K), 0.0097371 secs] 2094487K->1676073K(4141888K), 0.0099027 secs] [Times: user=0.06 sys=0.00, real=0.01 secs] 
332442.115: [GC (Allocation Failure) 332442.115: [ParNew: 426949K->4067K(471872K), 0.0116628 secs] 2095529K->1677206K(4141888K), 0.0118245 secs] [Times: user=0.08 sys=0.00, real=0.01 secs] 
332452.048: [GC (Allocation Failure) 332452.048: [ParNew: 423523K->9586K(471872K), 0.0154744 secs] 2096662K->1684969K(4141888K), 0.0156365 secs] [Times: user=0.09 sys=0.00, real=0.01 secs] 
332463.152: [GC (Allocation Failure) 332463.152: [ParNew: 429042K->7300K(471872K), 0.0123219 secs] 2104425K->1685417K(4141888K), 0.0124568 secs] [Times: user=0.09 sys=0.00, real=0.02 secs] 
332473.151: [GC (Allocation Failure) 332473.151: [ParNew: 426756K->4801K(471872K), 0.0134854 secs] 2104873K->1685090K(4141888K), 0.0136445 secs] [Times: user=0.09 sys=0.00, real=0.02 secs] 
332483.153: [GC (Allocation Failure) 332483.153: [ParNew: 424257K->5199K(471872K), 0.0128550 secs] 2104546K->1687700K(4141888K), 0.0130574 secs] [Times: user=0.09 sys=0.00, real=0.02 secs] 
332488.615: [GC (Allocation Failure) 332488.615: [ParNew: 423266K->27967K(471872K), 0.0133965 secs] 2105767K->1712826K(4141888K), 0.0135445 secs] [Times: user=0.09 sys=0.01, real=0.01 secs] 
332493.093: [GC (Allocation Failure) 332493.093: [ParNew: 447423K->9105K(471872K), 0.0129278 secs] 2132282K->1695174K(4141888K), 0.0130740 secs] [Times: user=0.10 sys=0.00, real=0.02 secs] 
332503.151: [GC (Allocation Failure) 332503.151: [ParNew: 428561K->4953K(471872K), 0.0128119 secs] 2114630K->1695796K(4141888K), 0.0129843 secs] [Times: user=0.10 sys=0.00, real=0.02 secs] 
332513.079: [GC (Allocation Failure) 332513.079: [ParNew: 424409K->5286K(471872K), 0.0186354 secs] 2115252K->1698245K(4141888K), 0.0187686 secs] [Times: user=0.08 sys=0.00, real=0.02 secs] 
332518.405: [GC (Allocation Failure) 332518.406: [ParNew: 424742K->7231K(471872K), 0.0131003 secs] 2117701K->1702269K(4141888K), 0.0132813 secs] [Times: user=0.08 sys=0.00, real=0.01 secs] 
332522.099: [GC (Allocation Failure) 332522.099: [ParNew: 426687K->4162K(471872K), 0.0088844 secs] 2121725K->1701265K(4141888K), 0.0090018 secs] [Times: user=0.06 sys=0.01, real=0.01 secs] 
332524.853: [GC (Allocation Failure) 332524.853: [ParNew: 423618K->2235K(471872K), 0.0099477 secs] 2120721K->1700159K(4141888K), 0.0100682 secs] [Times: user=0.07 sys=0.00, real=0.01 secs] 
332530.303: [GC (Allocation Failure) 332530.303: [ParNew: 421691K->7046K(471872K), 0.0089642 secs] 2119615K->1705629K(4141888K), 0.0091272 secs] [Times: user=0.06 sys=0.00, real=0.01 secs] 
332533.104: [GC (Allocation Failure) 332533.104: [ParNew: 426502K->4908K(471872K), 0.0087251 secs] 2125085K->1705035K(4141888K), 0.0088441 secs] [Times: user=0.07 sys=0.00, real=0.00 secs] 
332539.221: [GC (Allocation Failure) 332539.221: [ParNew: 424364K->3709K(471872K), 0.0093629 secs] 2124491K->1704473K(4141888K), 0.0095036 secs] [Times: user=0.07 sys=0.00, real=0.01 secs] 
332543.150: [GC (Allocation Failure) 332543.150: [ParNew: 423165K->2905K(471872K), 0.0082500 secs] 2123929K->1705842K(4141888K), 0.0083979 secs] [Times: user=0.06 sys=0.00, real=0.01 secs] 
332548.326: [GC (Allocation Failure) 332548.326: [ParNew: 422361K->5008K(471872K), 0.0082164 secs] 2125298K->1708993K(4141888K), 0.0083413 secs] [Times: user=0.06 sys=0.00, real=0.01 secs] 
332549.844: [GC (Allocation Failure) 332549.844: [ParNew: 424464K->7624K(471872K), 0.0092480 secs] 2128449K->1713489K(4141888K), 0.0094053 secs] [Times: user=0.07 sys=0.00, real=0.00 secs] 
332553.095: [GC (Allocation Failure) 332553.095: [ParNew: 427080K->4442K(471872K), 0.0102673 secs] 2132945K->1713128K(4141888K), 0.0104056 secs] [Times: user=0.07 sys=0.00, real=0.01 secs] 
332557.295: [GC (Allocation Failure) 332557.296: [ParNew: 423898K->5152K(471872K), 0.0100728 secs] 2132584K->1715213K(4141888K), 0.0102068 secs] [Times: user=0.07 sys=0.00, real=0.01 secs] 
332563.889: [GC (Allocation Failure) 332563.889: [ParNew: 424608K->4647K(471872K), 0.0092867 secs] 2134669K->1716500K(4141888K), 0.0094149 secs] [Times: user=0.07 sys=0.00, real=0.01 secs] 
332573.152: [GC (Allocation Failure) 332573.152: [ParNew: 424103K->5170K(471872K), 0.0093184 secs] 2135956K->1719147K(4141888K), 0.0094692 secs] [Times: user=0.07 sys=0.00, real=0.01 secs] 
332586.228: [GC (Allocation Failure) 332586.228: [ParNew: 424626K->5070K(471872K), 0.0102155 secs] 2138603K->1721687K(4141888K), 0.0103471 secs] [Times: user=0.07 sys=0.00, real=0.01 secs] 
332598.253: [GC (Allocation Failure) 332598.253: [ParNew: 424526K->5303K(471872K), 0.0114296 secs] 2141143K->1724470K(4141888K), 0.0115983 secs] [Times: user=0.08 sys=0.01, real=0.02 secs] 
332606.419: [GC (Allocation Failure) 332606.419: [ParNew: 424340K->13849K(471872K), 0.0128095 secs] 2143507K->1735403K(4141888K), 0.0129880 secs] [Times: user=0.10 sys=0.00, real=0.01 secs] 
332613.445: [GC (Allocation Failure) 332613.445: [ParNew: 433305K->6167K(471872K), 0.0099244 secs] 2154859K->1730140K(4141888K), 0.0100910 secs] [Times: user=0.06 sys=0.00, real=0.01 secs] 
332623.080: [GC (Allocation Failure) 332623.080: [ParNew: 425623K->7883K(471872K), 0.0089440 secs] 2149596K->1733305K(4141888K), 0.0090800 secs] [Times: user=0.06 sys=0.00, real=0.01 secs] 
332629.840: [GC (Allocation Failure) 332629.840: [ParNew: 427339K->5680K(471872K), 0.0105598 secs] 2152761K->1736457K(4141888K), 0.0107053 secs] [Times: user=0.07 sys=0.00, real=0.01 secs] 
332633.113: [GC (Allocation Failure) 332633.113: [ParNew: 425136K->7571K(471872K), 0.0103068 secs] 2155913K->1739666K(4141888K), 0.0104436 secs] [Times: user=0.07 sys=0.00, real=0.02 secs] 
332634.279: [GC (Allocation Failure) 332634.279: [ParNew: 427027K->30032K(471872K), 0.0100609 secs] 2159122K->1764204K(4141888K), 0.0101906 secs] [Times: user=0.08 sys=0.00, real=0.01 secs] 
332636.260: [GC (Allocation Failure) 332636.260: [ParNew: 449488K->25159K(471872K), 0.0083433 secs] 2183660K->1760534K(4141888K), 0.0084744 secs] [Times: user=0.07 sys=0.00, real=0.01 secs] 
332637.263: [GC (Allocation Failure) 332637.263: [ParNew: 443070K->15694K(471872K), 0.0079148 secs] 2178445K->1751780K(4141888K), 0.0080715 secs] [Times: user=0.06 sys=0.00, real=0.01 secs] 
332639.172: [GC (Allocation Failure) 332639.173: [ParNew: 435150K->8552K(471872K), 0.0075500 secs] 2171236K->1744903K(4141888K), 0.0076725 secs] [Times: user=0.06 sys=0.00, real=0.01 secs] 
332640.437: [GC (Allocation Failure) 332640.437: [ParNew: 424318K->31492K(471872K), 0.0123351 secs] 2160669K->1768449K(4141888K), 0.0124550 secs] [Times: user=0.08 sys=0.00, real=0.01 secs] 
332640.870: [GC (Allocation Failure) 332640.870: [ParNew: 450948K->19345K(471872K), 0.0094731 secs] 2187905K->1757629K(4141888K), 0.0095871 secs] [Times: user=0.07 sys=0.00, real=0.01 secs] 
332641.729: [GC (Allocation Failure) 332641.729: [ParNew: 438801K->30280K(471872K), 0.0179923 secs] 2177085K->1768709K(4141888K), 0.0181187 secs] [Times: user=0.08 sys=0.00, real=0.02 secs] 
332642.799: [GC (Allocation Failure) 332642.799: [ParNew: 449736K->20797K(471872K), 0.0161104 secs] 2188165K->1759546K(4141888K), 0.0162397 secs] [Times: user=0.07 sys=0.00, real=0.02 secs] 
332643.427: [GC (Allocation Failure) 332643.427: [ParNew: 440253K->32206K(471872K), 0.0140349 secs] 2179002K->1771525K(4141888K), 0.0141716 secs] [Times: user=0.08 sys=0.00, real=0.01 secs] 
332644.481: [GC (Allocation Failure) 332644.481: [ParNew: 451662K->24250K(471872K), 0.0156908 secs] 2190981K->1763863K(4141888K), 0.0158264 secs] [Times: user=0.09 sys=0.00, real=0.02 secs] 
332644.967: [GC (Allocation Failure) 332644.967: [ParNew: 443706K->11873K(471872K), 0.0078363 secs] 2183319K->1752060K(4141888K), 0.0079571 secs] [Times: user=0.05 sys=0.00, real=0.01 secs] 
332647.019: [GC (Allocation Failure) 332647.019: [ParNew: 431329K->23120K(471872K), 0.0131226 secs] 2171516K->1763430K(4141888K), 0.0133311 secs] [Times: user=0.09 sys=0.00, real=0.01 secs] 
332648.776: [GC (Allocation Failure) 332648.776: [ParNew: 442576K->15157K(471872K), 0.0065220 secs] 2182886K->1756815K(4141888K), 0.0066504 secs] [Times: user=0.04 sys=0.00, real=0.00 secs] 
332649.702: [GC (Allocation Failure) 332649.702: [ParNew: 434613K->37059K(471872K), 0.0130845 secs] 2176271K->1779553K(4141888K), 0.0132117 secs] [Times: user=0.10 sys=0.00, real=0.02 secs] 
332650.428: [GC (Allocation Failure) 332650.428: [ParNew: 456515K->20762K(471872K), 0.0147525 secs] 2199009K->1763498K(4141888K), 0.0148814 secs] [Times: user=0.07 sys=0.00, real=0.01 secs] 
332650.946: [GC (Allocation Failure) 332650.946: [ParNew: 440218K->18682K(471872K), 0.0238437 secs] 2182954K->1762266K(4141888K), 0.0239799 secs] [Times: user=0.09 sys=0.00, real=0.02 secs] 
332651.608: [GC (Allocation Failure) 332651.608: [ParNew: 438138K->30985K(471872K), 0.0376793 secs] 2181722K->1774834K(4141888K), 0.0378060 secs] [Times: user=0.12 sys=0.00, real=0.04 secs] 
332652.117: [GC (Allocation Failure) 332652.117: [ParNew: 450441K->24548K(471872K), 0.0221969 secs] 2194290K->1769599K(4141888K), 0.0223394 secs] [Times: user=0.08 sys=0.00, real=0.02 secs] 
332653.444: [GC (Allocation Failure) 332653.444: [ParNew: 444004K->24967K(471872K), 0.0361419 secs] 2189055K->1770212K(4141888K), 0.0363041 secs] [Times: user=0.17 sys=0.00, real=0.03 secs] 
332654.466: [GC (Allocation Failure) 332654.466: [ParNew: 444423K->17379K(471872K), 0.0256804 secs] 2189668K->1763402K(4141888K), 0.0257998 secs] [Times: user=0.12 sys=0.00, real=0.02 secs] 
332655.511: [GC (Allocation Failure) 332655.511: [ParNew: 436835K->23769K(471872K), 0.0164071 secs] 2182858K->1770207K(4141888K), 0.0165769 secs] [Times: user=0.08 sys=0.00, real=0.02 secs] 
332656.476: [GC (Allocation Failure) 332656.476: [ParNew: 443225K->21887K(471872K), 0.0224729 secs] 2189663K->1768693K(4141888K), 0.0226049 secs] [Times: user=0.12 sys=0.00, real=0.02 secs] 
332656.885: [GC (Allocation Failure) 332656.885: [ParNew: 441343K->22562K(471872K), 0.0132188 secs] 2188149K->1770240K(4141888K), 0.0133834 secs] [Times: user=0.07 sys=0.00, real=0.01 secs] 
332657.437: [GC (Allocation Failure) 332657.437: [ParNew: 442018K->15134K(471872K), 0.0097786 secs] 2189696K->1762933K(4141888K), 0.0099122 secs] [Times: user=0.05 sys=0.00, real=0.01 secs] 
332658.518: [GC (Allocation Failure) 332658.518: [ParNew: 434590K->17365K(471872K), 0.0294816 secs] 2182389K->1765868K(4141888K), 0.0296689 secs] [Times: user=0.09 sys=0.00, real=0.03 secs] 
332660.302: [GC (Allocation Failure) 332660.302: [ParNew: 436626K->15855K(471872K), 0.0191978 secs] 2185129K->1764704K(4141888K), 0.0193243 secs] [Times: user=0.10 sys=0.00, real=0.02 secs] 
332662.329: [GC (Allocation Failure) 332662.329: [ParNew: 435311K->19123K(471872K), 0.0119221 secs] 2184160K->1768658K(4141888K), 0.0120510 secs] [Times: user=0.07 sys=0.00, real=0.01 secs] 
332662.729: [GC (Allocation Failure) 332662.729: [ParNew: 438579K->11577K(471872K), 0.0381618 secs] 2188114K->1764661K(4141888K), 0.0382958 secs] [Times: user=0.11 sys=0.00, real=0.04 secs] 
332663.252: [GC (Allocation Failure) 332663.252: [ParNew: 431033K->4073K(471872K), 0.0145940 secs] 2184117K->1762495K(4141888K), 0.0147164 secs] [Times: user=0.05 sys=0.00, real=0.02 secs] 
332663.640: [GC (GCLocker Initiated GC) 332663.640: [ParNew: 423529K->27037K(471872K), 0.0241968 secs] 2181951K->1785989K(4141888K), 0.0243361 secs] [Times: user=0.12 sys=0.01, real=0.03 secs] 
332663.957: [GC (Allocation Failure) 332663.957: [ParNew: 446493K->21975K(471872K), 0.0134496 secs] 2205445K->1784005K(4141888K), 0.0135578 secs] [Times: user=0.09 sys=0.00, real=0.01 secs] 
332664.285: [GC (Allocation Failure) 332664.285: [ParNew: 440099K->22960K(471872K), 0.0309822 secs] 2202128K->1785181K(4141888K), 0.0311007 secs] [Times: user=0.17 sys=0.00, real=0.03 secs] 
332664.616: [GC (Allocation Failure) 332664.616: [ParNew: 442416K->18801K(471872K), 0.0195653 secs] 2204637K->1782627K(4141888K), 0.0196915 secs] [Times: user=0.08 sys=0.00, real=0.02 secs] 
332665.241: [GC (Allocation Failure) 332665.241: [ParNew: 438257K->9610K(471872K), 0.0220933 secs] 2202083K->1773735K(4141888K), 0.0222377 secs] [Times: user=0.09 sys=0.00, real=0.02 secs] 
332665.633: [GC (GCLocker Initiated GC) 332665.633: [ParNew: 429066K->20229K(471872K), 0.0214787 secs] 2193191K->1784877K(4141888K), 0.0215990 secs] [Times: user=0.09 sys=0.00, real=0.03 secs] 
332665.959: [GC (Allocation Failure) 332665.959: [ParNew: 439685K->32540K(471872K), 0.0176016 secs] 2204333K->1797489K(4141888K), 0.0177348 secs] [Times: user=0.09 sys=0.00, real=0.02 secs] 
332666.286: [GC (Allocation Failure) 332666.286: [ParNew: 451996K->31625K(471872K), 0.0232992 secs] 2216945K->1796954K(4141888K), 0.0234580 secs] [Times: user=0.11 sys=0.00, real=0.02 secs] 
332666.772: [GC (GCLocker Initiated GC) 332666.772: [ParNew: 451088K->22950K(471872K), 0.0135620 secs] 2216417K->1789256K(4141888K), 0.0137102 secs] [Times: user=0.05 sys=0.00, real=0.02 secs] 
332667.350: [GC (Allocation Failure) 332667.350: [ParNew: 442406K->15477K(471872K), 0.0119080 secs] 2208712K->1782152K(4141888K), 0.0120454 secs] [Times: user=0.06 sys=0.00, real=0.01 secs] 
332667.704: [GC (Allocation Failure) 332667.704: [ParNew: 434933K->16398K(471872K), 0.0337445 secs] 2201608K->1783918K(4141888K), 0.0338715 secs] [Times: user=0.19 sys=0.00, real=0.03 secs] 
332668.422: [GC (Allocation Failure) 332668.422: [ParNew: 435854K->13935K(471872K), 0.0097616 secs] 2203374K->1782820K(4141888K), 0.0098895 secs] [Times: user=0.06 sys=0.00, real=0.01 secs] 
332668.912: [GC (Allocation Failure) 332668.912: [ParNew: 432040K->21227K(471872K), 0.0103010 secs] 2200926K->1790927K(4141888K), 0.0104533 secs] [Times: user=0.06 sys=0.00, real=0.01 secs] 
332669.518: [GC (Allocation Failure) 332669.518: [ParNew: 440683K->13616K(471872K), 0.0079853 secs] 2210383K->1783524K(4141888K), 0.0081155 secs] [Times: user=0.05 sys=0.00, real=0.01 secs] 
332670.379: [GC (Allocation Failure) 332670.379: [ParNew: 433072K->25941K(471872K), 0.0076523 secs] 2202980K->1797397K(4141888K), 0.0077764 secs] [Times: user=0.06 sys=0.00, real=0.01 secs] 
332671.462: [GC (Allocation Failure) 332671.462: [ParNew: 445397K->9508K(471872K), 0.0066050 secs] 2216853K->1781380K(4141888K), 0.0067412 secs] [Times: user=0.05 sys=0.01, real=0.01 secs] 
332671.948: [GC (Allocation Failure) 332671.948: [ParNew: 427372K->28823K(471872K), 0.0110627 secs] 2199244K->1801946K(4141888K), 0.0112167 secs] [Times: user=0.08 sys=0.00, real=0.01 secs] 
332673.119: [GC (Allocation Failure) 332673.119: [ParNew: 448279K->6546K(471872K), 0.0063547 secs] 2221402K->1779914K(4141888K), 0.0064703 secs] [Times: user=0.04 sys=0.00, real=0.01 secs] 
332675.305: [GC (Allocation Failure) 332675.306: [ParNew: 426002K->7245K(471872K), 0.0057566 secs] 2199370K->1783535K(4141888K), 0.0058691 secs] [Times: user=0.04 sys=0.00, real=0.00 secs] 
332679.797: [GC (Allocation Failure) 332679.797: [ParNew: 426701K->9690K(471872K), 0.0060580 secs] 2202991K->1786700K(4141888K), 0.0061749 secs] [Times: user=0.04 sys=0.00, real=0.00 secs] 
332684.703: [GC (Allocation Failure) 332684.703: [ParNew: 429146K->6167K(471872K), 0.0075068 secs] 2206156K->1785835K(4141888K), 0.0076155 secs] [Times: user=0.05 sys=0.01, real=0.01 secs] 
332692.217: [GC (Allocation Failure) 332692.217: [ParNew: 425623K->5530K(471872K), 0.0113647 secs] 2205291K->1789310K(4141888K), 0.0114739 secs] [Times: user=0.06 sys=0.00, real=0.01 secs] 
332696.756: [GC (Allocation Failure) 332696.756: [ParNew: 424986K->4091K(471872K), 0.0079936 secs] 2208766K->1789991K(4141888K), 0.0081055 secs] [Times: user=0.05 sys=0.00, real=0.01 secs] 
332701.571: [GC (Allocation Failure) 332701.571: [ParNew: 423176K->4900K(471872K), 0.0063772 secs] 2209075K->1792122K(4141888K), 0.0064958 secs] [Times: user=0.05 sys=0.00, real=0.01 secs] 
332704.707: [GC (Allocation Failure) 332704.707: [ParNew: 424356K->3225K(471872K), 0.0066567 secs] 2211578K->1791756K(4141888K), 0.0067594 secs] [Times: user=0.05 sys=0.00, real=0.01 secs] 
332709.364: [GC (Allocation Failure) 332709.364: [ParNew: 422681K->4936K(471872K), 0.0063620 secs] 2211212K->1794447K(4141888K), 0.0064804 secs] [Times: user=0.04 sys=0.01, real=0.00 secs] 
332720.499: [GC (Allocation Failure) 332720.499: [ParNew: 424222K->5170K(471872K), 0.0086581 secs] 2213733K->1796377K(4141888K), 0.0087819 secs] [Times: user=0.06 sys=0.00, real=0.01 secs] 
332725.580: [GC (Allocation Failure) 332725.580: [ParNew: 424626K->3927K(471872K), 0.0084304 secs] 2215833K->1798215K(4141888K), 0.0085585 secs] [Times: user=0.06 sys=0.00, real=0.01 secs] 
332732.503: [GC (Allocation Failure) 332732.503: [ParNew: 423229K->8520K(471872K), 0.0116599 secs] 2217517K->1804477K(4141888K), 0.0117561 secs] [Times: user=0.06 sys=0.00, real=0.02 secs] 
332741.517: [GC (Allocation Failure) 332741.517: [ParNew: 427976K->6032K(471872K), 0.0082228 secs] 2223933K->1804276K(4141888K), 0.0083259 secs] [Times: user=0.07 sys=0.00, real=0.01 secs] 
332748.480: [GC (Allocation Failure) 332748.481: [ParNew: 425488K->6600K(471872K), 0.0084178 secs] 2223732K->1808290K(4141888K), 0.0085660 secs] [Times: user=0.06 sys=0.00, real=0.01 secs] 
332762.416: [GC (Allocation Failure) 332762.416: [ParNew: 426056K->4812K(471872K), 0.0208174 secs] 2227746K->1810908K(4141888K), 0.0209261 secs] [Times: user=0.14 sys=0.00, real=0.02 secs] 
332773.083: [GC (Allocation Failure) 332773.083: [ParNew: 424268K->4666K(471872K), 0.0085645 secs] 2230364K->1814075K(4141888K), 0.0086649 secs] [Times: user=0.05 sys=0.01, real=0.01 secs] 
332783.682: [GC (Allocation Failure) 332783.682: [ParNew: 424122K->4792K(471872K), 0.0083190 secs] 2233531K->1816896K(4141888K), 0.0084395 secs] [Times: user=0.06 sys=0.00, real=0.01 secs] 
332787.309: [GC (Allocation Failure) 332787.309: [ParNew: 424248K->28779K(471872K), 0.0104140 secs] 2236352K->1843367K(4141888K), 0.0105389 secs] [Times: user=0.08 sys=0.00, real=0.01 secs] 
332788.469: [GC (Allocation Failure) 332788.469: [ParNew: 448235K->24478K(471872K), 0.0089631 secs] 2262823K->1840063K(4141888K), 0.0090881 secs] [Times: user=0.06 sys=0.00, real=0.01 secs] 
332791.292: [GC (Allocation Failure) 332791.292: [ParNew: 442494K->38122K(471872K), 0.0078492 secs] 2258079K->1853964K(4141888K), 0.0080410 secs] [Times: user=0.06 sys=0.00, real=0.01 secs] 
332793.075: [GC (Allocation Failure) 332793.075: [ParNew: 457578K->9175K(471872K), 0.0062828 secs] 2273420K->1825879K(4141888K), 0.0064170 secs] [Times: user=0.05 sys=0.01, real=0.00 secs] 
332794.251: [GC (Allocation Failure) 332794.251: [ParNew: 428631K->25031K(471872K), 0.0070702 secs] 2245335K->1842270K(4141888K), 0.0072049 secs] [Times: user=0.06 sys=0.00, real=0.01 secs] 
332795.264: [GC (Allocation Failure) 332795.264: [ParNew: 443595K->27043K(471872K), 0.0070718 secs] 2260834K->1845539K(4141888K), 0.0071942 secs] [Times: user=0.05 sys=0.01, real=0.00 secs] 
332797.244: [GC (Allocation Failure) 332797.244: [ParNew: 446499K->18500K(471872K), 0.0066158 secs] 2264995K->1837228K(4141888K), 0.0067368 secs] [Times: user=0.04 sys=0.00, real=0.01 secs] 
332797.647: [GC (Allocation Failure) 332797.647: [ParNew: 437956K->18128K(471872K), 0.0072265 secs] 2256684K->1837526K(4141888K), 0.0073442 secs] [Times: user=0.04 sys=0.00, real=0.01 secs] 
332798.389: [GC (Allocation Failure) 332798.389: [ParNew: 435592K->15972K(471872K), 0.0101702 secs] 2254991K->1836327K(4141888K), 0.0102662 secs] [Times: user=0.05 sys=0.00, real=0.01 secs] 
332800.476: [GC (Allocation Failure) 332800.476: [ParNew: 435428K->23651K(471872K), 0.0082325 secs] 2255783K->1844274K(4141888K), 0.0083332 secs] [Times: user=0.05 sys=0.00, real=0.01 secs] 
332801.439: [GC (Allocation Failure) 332801.440: [ParNew: 443107K->28934K(471872K), 0.0088797 secs] 2263730K->1850200K(4141888K), 0.0089894 secs] [Times: user=0.07 sys=0.00, real=0.01 secs] 
332802.357: [GC (Allocation Failure) 332802.357: [ParNew: 448390K->13164K(471872K), 0.0051455 secs] 2269656K->1834811K(4141888K), 0.0052368 secs] [Times: user=0.04 sys=0.00, real=0.00 secs] 
332804.256: [GC (Allocation Failure) 332804.256: [ParNew: 432620K->30173K(471872K), 0.0069165 secs] 2254267K->1852178K(4141888K), 0.0070782 secs] [Times: user=0.05 sys=0.00, real=0.00 secs] 
332805.365: [GC (Allocation Failure) 332805.365: [ParNew: 449629K->21926K(471872K), 0.0060669 secs] 2271634K->1847114K(4141888K), 0.0061840 secs] [Times: user=0.05 sys=0.00, real=0.00 secs] 
332806.616: [GC (Allocation Failure) 332806.616: [ParNew: 441382K->12522K(471872K), 0.0065196 secs] 2266570K->1838115K(4141888K), 0.0066501 secs] [Times: user=0.04 sys=0.00, real=0.00 secs] 
332807.493: [GC (Allocation Failure) 332807.493: [ParNew: 429739K->29449K(471872K), 0.0063588 secs] 2255332K->1855600K(4141888K), 0.0064718 secs] [Times: user=0.05 sys=0.00, real=0.01 secs] 
332807.902: [GC (Allocation Failure) 332807.902: [ParNew: 448905K->25862K(471872K), 0.0088963 secs] 2275056K->1852325K(4141888K), 0.0090130 secs] [Times: user=0.06 sys=0.00, real=0.01 secs] 
332809.343: [GC (Allocation Failure) 332809.343: [ParNew: 445318K->38869K(471872K), 0.0081282 secs] 2271781K->1865397K(4141888K), 0.0082322 secs] [Times: user=0.07 sys=0.00, real=0.01 secs] 
332809.763: [GC (Allocation Failure) 332809.763: [ParNew: 458325K->37075K(471872K), 0.0064554 secs] 2284853K->1864353K(4141888K), 0.0065575 secs] [Times: user=0.05 sys=0.00, real=0.01 secs] 
332810.567: [GC (Allocation Failure) 332810.567: [ParNew: 456531K->12324K(471872K), 0.0048091 secs] 2283809K->1839734K(4141888K), 0.0049014 secs] [Times: user=0.03 sys=0.00, real=0.00 secs] 
332811.099: [GC (Allocation Failure) 332811.099: [ParNew: 431780K->9402K(471872K), 0.0083994 secs] 2259190K->1840080K(4141888K), 0.0084970 secs] [Times: user=0.06 sys=0.00, real=0.01 secs] 
332811.434: [GC (Allocation Failure) 332811.434: [ParNew: 428858K->27473K(471872K), 0.0063393 secs] 2259536K->1862127K(4141888K), 0.0064421 secs] [Times: user=0.05 sys=0.00, real=0.00 secs] 
332811.726: [GC (Allocation Failure) 332811.726: [ParNew: 446929K->7582K(471872K), 0.0051622 secs] 2281583K->1844816K(4141888K), 0.0052481 secs] [Times: user=0.04 sys=0.00, real=0.00 secs] 
332812.285: [GC (Allocation Failure) 332812.285: [ParNew: 426218K->12224K(471872K), 0.0099861 secs] 2263452K->1852383K(4141888K), 0.0100968 secs] [Times: user=0.08 sys=0.01, real=0.01 secs] 
332812.847: [GC (Allocation Failure) 332812.847: [ParNew: 431414K->36808K(471872K), 0.0069483 secs] 2271573K->1877492K(4141888K), 0.0070543 secs] [Times: user=0.05 sys=0.00, real=0.01 secs] 
332813.087: [GC (Allocation Failure) 332813.087: [ParNew: 456264K->12777K(471872K), 0.0059756 secs] 2296948K->1853809K(4141888K), 0.0060829 secs] [Times: user=0.04 sys=0.00, real=0.00 secs] 
332813.307: [GC (Allocation Failure) 332813.307: [ParNew: 432233K->28040K(471872K), 0.0088848 secs] 2273265K->1869447K(4141888K), 0.0089939 secs] [Times: user=0.07 sys=0.00, real=0.01 secs] 
332813.709: [GC (Allocation Failure) 332813.709: [ParNew: 447496K->17429K(471872K), 0.0045404 secs] 2288903K->1859164K(4141888K), 0.0046274 secs] [Times: user=0.03 sys=0.00, real=0.00 secs] 
332815.343: [GC (Allocation Failure) 332815.343: [ParNew: 436885K->25467K(471872K), 0.0082446 secs] 2278620K->1867577K(4141888K), 0.0083432 secs] [Times: user=0.06 sys=0.00, real=0.01 secs] 
332816.641: [GC (Allocation Failure) 332816.641: [ParNew: 444923K->33842K(471872K), 0.0056496 secs] 2287033K->1876519K(4141888K), 0.0057606 secs] [Times: user=0.04 sys=0.00, real=0.01 secs] 
332817.593: [GC (Allocation Failure) 332817.593: [ParNew: 452819K->36520K(471872K), 0.0067808 secs] 2295496K->1879753K(4141888K), 0.0068942 secs] [Times: user=0.05 sys=0.00, real=0.01 secs] 
332818.512: [GC (Allocation Failure) 332818.512: [ParNew: 455976K->27236K(471872K), 0.0066685 secs] 2299209K->1870721K(4141888K), 0.0067758 secs] [Times: user=0.05 sys=0.00, real=0.01 secs] 
332820.412: [GC (Allocation Failure) 332820.413: [ParNew: 446692K->33703K(471872K), 0.0075754 secs] 2290177K->1877515K(4141888K), 0.0076737 secs] [Times: user=0.05 sys=0.00, real=0.01 secs] 
332821.442: [GC (Allocation Failure) 332821.443: [ParNew: 453159K->38816K(471872K), 0.0088582 secs] 2296971K->1883197K(4141888K), 0.0089741 secs] [Times: user=0.06 sys=0.00, real=0.01 secs] 
332823.625: [GC (Allocation Failure) 332823.625: [ParNew: 458272K->38943K(471872K), 0.0090571 secs] 2302653K->1883631K(4141888K), 0.0091655 secs] [Times: user=0.07 sys=0.00, real=0.01 secs] 
332825.339: [GC (Allocation Failure) 332825.339: [ParNew: 458399K->20743K(471872K), 0.0085428 secs] 2303087K->1866654K(4141888K), 0.0086485 secs] [Times: user=0.06 sys=0.00, real=0.01 secs] 
332825.800: [GC (Allocation Failure) 332825.800: [ParNew: 440199K->16123K(471872K), 0.0054539 secs] 2286110K->1862835K(4141888K), 0.0055514 secs] [Times: user=0.04 sys=0.00, real=0.01 secs] 
332826.299: [GC (Allocation Failure) 332826.299: [ParNew: 435579K->27336K(471872K), 0.0061247 secs] 2282291K->1874559K(4141888K), 0.0062323 secs] [Times: user=0.04 sys=0.00, real=0.01 secs] 
332826.705: [GC (Allocation Failure) 332826.705: [ParNew: 446413K->30550K(471872K), 0.0061295 secs] 2293636K->1878240K(4141888K), 0.0062358 secs] [Times: user=0.04 sys=0.00, real=0.00 secs] 
332828.371: [GC (Allocation Failure) 332828.371: [ParNew: 449355K->35052K(471872K), 0.0074537 secs] 2297045K->1882886K(4141888K), 0.0075572 secs] [Times: user=0.05 sys=0.00, real=0.01 secs] 
332830.875: [GC (Allocation Failure) 332830.875: [ParNew: 454482K->7250K(471872K), 0.0067584 secs] 2302316K->1855647K(4141888K), 0.0068502 secs] [Times: user=0.04 sys=0.00, real=0.00 secs] 
332834.209: [GC (Allocation Failure) 332834.209: [ParNew: 426706K->9993K(471872K), 0.0094469 secs] 2275103K->1861660K(4141888K), 0.0095500 secs] [Times: user=0.07 sys=0.00, real=0.01 secs] 
332836.989: [GC (Allocation Failure) 332836.989: [ParNew: 429449K->3524K(471872K), 0.0095130 secs] 2281116K->1856425K(4141888K), 0.0095973 secs] [Times: user=0.05 sys=0.00, real=0.01 secs] 
332841.298: [GC (Allocation Failure) 332841.298: [ParNew: 422900K->9255K(471872K), 0.0058236 secs] 2275801K->1862941K(4141888K), 0.0059218 secs] [Times: user=0.04 sys=0.00, real=0.01 secs] 
332843.271: [GC (Allocation Failure) 332843.271: [ParNew: 427962K->8774K(471872K), 0.0071770 secs] 2281648K->1863838K(4141888K), 0.0072713 secs] [Times: user=0.05 sys=0.00, real=0.01 secs] 
332847.065: [GC (Allocation Failure) 332847.065: [ParNew: 428230K->3945K(471872K), 0.0056054 secs] 2283294K->1859759K(4141888K), 0.0056925 secs] [Times: user=0.04 sys=0.00, real=0.00 secs] 
332853.100: [GC (Allocation Failure) 332853.100: [ParNew: 423401K->4771K(471872K), 0.0064968 secs] 2279215K->1862129K(4141888K), 0.0066018 secs] [Times: user=0.05 sys=0.00, real=0.01 secs] 
332857.011: [GC (Allocation Failure) 332857.011: [ParNew: 424227K->7391K(471872K), 0.0080130 secs] 2281585K->1866615K(4141888K), 0.0081214 secs] [Times: user=0.05 sys=0.00, real=0.01 secs] 
332863.054: [GC (Allocation Failure) 332863.054: [ParNew: 426847K->11959K(471872K), 0.0068900 secs] 2286071K->1872380K(4141888K), 0.0069879 secs] [Times: user=0.05 sys=0.00, real=0.00 secs] 
332865.287: [GC (Allocation Failure) 332865.287: [ParNew: 429988K->12494K(471872K), 0.0080079 secs] 2290409K->1875824K(4141888K), 0.0081104 secs] [Times: user=0.06 sys=0.00, real=0.01 secs] 
332868.360: [GC (Allocation Failure) 332868.360: [ParNew: 431950K->7640K(471872K), 0.0059061 secs] 2295280K->1874300K(4141888K), 0.0060166 secs] [Times: user=0.04 sys=0.00, real=0.01 secs] 
332871.859: [GC (Allocation Failure) 332871.859: [ParNew: 427096K->5603K(471872K), 0.0060234 secs] 2293756K->1873149K(4141888K), 0.0061185 secs] [Times: user=0.04 sys=0.00, real=0.01 secs] 
332873.801: [GC (Allocation Failure) 332873.801: [ParNew: 425059K->9664K(471872K), 0.0070489 secs] 2292605K->1878295K(4141888K), 0.0071610 secs] [Times: user=0.05 sys=0.00, real=0.01 secs] 
332878.507: [GC (Allocation Failure) 332878.507: [ParNew: 429120K->9751K(471872K), 0.0063175 secs] 2297751K->1879021K(4141888K), 0.0064217 secs] [Times: user=0.05 sys=0.00, real=0.00 secs] 
332881.299: [GC (Allocation Failure) 332881.299: [ParNew: 429207K->5936K(471872K), 0.0061345 secs] 2298477K->1876623K(4141888K), 0.0062235 secs] [Times: user=0.04 sys=0.00, real=0.01 secs] 
332885.844: [GC (Allocation Failure) 332885.844: [ParNew: 425392K->6001K(471872K), 0.0068665 secs] 2296079K->1877630K(4141888K), 0.0069773 secs] [Times: user=0.05 sys=0.01, real=0.01 secs] 
332889.967: [GC (Allocation Failure) 332889.967: [ParNew: 425457K->4447K(471872K), 0.0072413 secs] 2297086K->1878254K(4141888K), 0.0073512 secs] [Times: user=0.05 sys=0.00, real=0.01 secs] 
332893.148: [GC (Allocation Failure) 332893.148: [ParNew: 423903K->4505K(471872K), 0.0063320 secs] 2297710K->1879378K(4141888K), 0.0064207 secs] [Times: user=0.04 sys=0.00, real=0.01 secs] 
332897.899: [GC (Allocation Failure) 332897.900: [ParNew: 423961K->2916K(471872K), 0.0073833 secs] 2298834K->1879612K(4141888K), 0.0075198 secs] [Times: user=0.05 sys=0.01, real=0.01 secs] 
332901.987: [GC (Allocation Failure) 332901.987: [ParNew: 422372K->3857K(471872K), 0.0066255 secs] 2299068K->1881910K(4141888K), 0.0067257 secs] [Times: user=0.05 sys=0.00, real=0.00 secs] 
332904.328: [GC (Allocation Failure) 332904.328: [ParNew: 423313K->3250K(471872K), 0.0072841 secs] 2301366K->1882489K(4141888K), 0.0073797 secs] [Times: user=0.06 sys=0.00, real=0.01 secs] 
332908.042: [GC (Allocation Failure) 332908.042: [ParNew: 422706K->8143K(471872K), 0.0063053 secs] 2301945K->1888341K(4141888K), 0.0064093 secs] [Times: user=0.05 sys=0.00, real=0.01 secs] 
332913.158: [GC (Allocation Failure) 332913.158: [ParNew: 427599K->6015K(471872K), 0.0076965 secs] 2307797K->1888355K(4141888K), 0.0078029 secs] [Times: user=0.06 sys=0.00, real=0.01 secs] 
332921.536: [GC (Allocation Failure) 332921.536: [ParNew: 425471K->10950K(471872K), 0.0092018 secs] 2307811K->1895935K(4141888K), 0.0093165 secs] [Times: user=0.07 sys=0.00, real=0.01 secs] 
332928.206: [GC (Allocation Failure) 332928.206: [ParNew: 430406K->9362K(471872K), 0.0115913 secs] 2315391K->1897342K(4141888K), 0.0117352 secs] [Times: user=0.08 sys=0.00, real=0.01 secs] 
332936.960: [GC (Allocation Failure) 332936.961: [ParNew: 428818K->5478K(471872K), 0.0089634 secs] 2316798K->1897782K(4141888K), 0.0090635 secs] [Times: user=0.06 sys=0.00, real=0.01 secs] 
332948.612: [GC (Allocation Failure) 332948.612: [ParNew: 424934K->6160K(471872K), 0.0114564 secs] 2317238K->1901132K(4141888K), 0.0115869 secs] [Times: user=0.09 sys=0.00, real=0.01 secs] 
332960.474: [GC (Allocation Failure) 332960.474: [ParNew: 425616K->6674K(471872K), 0.0130897 secs] 2320588K->1904938K(4141888K), 0.0132067 secs] [Times: user=0.08 sys=0.01, real=0.01 secs] 
332971.597: [GC (Allocation Failure) 332971.597: [ParNew: 426130K->7411K(471872K), 0.0102380 secs] 2324394K->1909371K(4141888K), 0.0103654 secs] [Times: user=0.06 sys=0.00, real=0.01 secs] 
332978.880: [GC (Allocation Failure) 332978.880: [ParNew: 426867K->5614K(471872K), 0.0110103 secs] 2328827K->1910900K(4141888K), 0.0111129 secs] [Times: user=0.07 sys=0.00, real=0.01 secs] 
332986.527: [GC (Allocation Failure) 332986.527: [ParNew: 424668K->8558K(471872K), 0.0087955 secs] 2329954K->1916119K(4141888K), 0.0089036 secs] [Times: user=0.07 sys=0.00, real=0.01 secs] 
332993.108: [GC (Allocation Failure) 332993.108: [ParNew: 428014K->7297K(471872K), 0.0092734 secs] 2335575K->1918028K(4141888K), 0.0093747 secs] [Times: user=0.05 sys=0.00, real=0.01 secs] 
333002.521: [GC (Allocation Failure) 333002.521: [ParNew: 426753K->29238K(471872K), 0.0115376 secs] 2337484K->1944276K(4141888K), 0.0116718 secs] [Times: user=0.09 sys=0.00, real=0.01 secs] 
333003.455: [GC (Allocation Failure) 333003.455: [ParNew: 446272K->11675K(471872K), 0.0073191 secs] 2361310K->1930190K(4141888K), 0.0074339 secs] [Times: user=0.05 sys=0.00, real=0.00 secs] 
333004.049: [GC (Allocation Failure) 333004.049: [ParNew: 431131K->21286K(471872K), 0.0063743 secs] 2349646K->1940352K(4141888K), 0.0064773 secs] [Times: user=0.05 sys=0.00, real=0.01 secs] 
333004.635: [GC (Allocation Failure) 333004.635: [ParNew: 440742K->23476K(471872K), 0.0068504 secs] 2359808K->1942869K(4141888K), 0.0069497 secs] [Times: user=0.05 sys=0.00, real=0.00 secs] 
333013.113: [GC (Allocation Failure) 333013.113: [ParNew: 442932K->6308K(471872K), 0.0077616 secs] 2362325K->1928430K(4141888K), 0.0078588 secs] [Times: user=0.06 sys=0.00, real=0.01 secs] 
333020.706: [GC (Allocation Failure) 333020.706: [ParNew: 425764K->5312K(471872K), 0.0099123 secs] 2347886K->1929890K(4141888K), 0.0100747 secs] [Times: user=0.07 sys=0.00, real=0.01 secs] 
333030.489: [GC (Allocation Failure) 333030.489: [ParNew: 424768K->5501K(471872K), 0.0087812 secs] 2349346K->1932102K(4141888K), 0.0089016 secs] [Times: user=0.07 sys=0.00, real=0.01 secs] 
333038.137: [GC (Allocation Failure) 333038.137: [ParNew: 424957K->5844K(471872K), 0.0091185 secs] 2351558K->1935470K(4141888K), 0.0092273 secs] [Times: user=0.06 sys=0.00, real=0.01 secs] 
333043.124: [GC (Allocation Failure) 333043.124: [ParNew: 425300K->5574K(471872K), 0.0079910 secs] 2354926K->1937756K(4141888K), 0.0080985 secs] [Times: user=0.06 sys=0.00, real=0.00 secs] 
333050.138: [GC (Allocation Failure) 333050.138: [ParNew: 425030K->7676K(471872K), 0.0090518 secs] 2357212K->1942604K(4141888K), 0.0091647 secs] [Times: user=0.06 sys=0.00, real=0.01 secs] 
333056.279: [GC (Allocation Failure) 333056.279: [ParNew: 427132K->4518K(471872K), 0.0091731 secs] 2362060K->1944038K(4141888K), 0.0092658 secs] [Times: user=0.05 sys=0.00, real=0.01 secs] 
333067.772: [GC (Allocation Failure) 333067.772: [ParNew: 423974K->5705K(471872K), 0.0089625 secs] 2363494K->1947200K(4141888K), 0.0090778 secs] [Times: user=0.07 sys=0.00, real=0.01 secs] 
333077.979: [GC (Allocation Failure) 333077.979: [ParNew: 425161K->6006K(471872K), 0.0098010 secs] 2366656K->1950762K(4141888K), 0.0099165 secs] [Times: user=0.07 sys=0.00, real=0.01 secs] 
333088.671: [GC (Allocation Failure) 333088.671: [ParNew: 425462K->9170K(471872K), 0.0111571 secs] 2370218K->1957298K(4141888K), 0.0112749 secs] [Times: user=0.08 sys=0.00, real=0.01 secs] 
333094.451: [GC (Allocation Failure) 333094.451: [ParNew: 428626K->5818K(471872K), 0.0095137 secs] 2376754K->1957849K(4141888K), 0.0096173 secs] [Times: user=0.06 sys=0.00, real=0.01 secs] 
333101.560: [GC (Allocation Failure) 333101.560: [ParNew: 425274K->10613K(471872K), 0.0082842 secs] 2377305K->1964410K(4141888K), 0.0083847 secs] [Times: user=0.06 sys=0.00, real=0.01 secs] 
333109.734: [GC (Allocation Failure) 333109.734: [ParNew: 430069K->25902K(471872K), 0.0098694 secs] 2383866K->1982792K(4141888K), 0.0100000 secs] [Times: user=0.07 sys=0.00, real=0.01 secs] 
333113.051: [GC (Allocation Failure) 333113.051: [ParNew: 445358K->14666K(471872K), 0.0066691 secs] 2402248K->1976738K(4141888K), 0.0067823 secs] [Times: user=0.05 sys=0.00, real=0.01 secs] 
333116.799: [GC (Allocation Failure) 333116.799: [ParNew: 434122K->6759K(471872K), 0.0066484 secs] 2396194K->1969489K(4141888K), 0.0067589 secs] [Times: user=0.05 sys=0.00, real=0.01 secs] 
333118.338: [GC (Allocation Failure) 333118.338: [ParNew: 426215K->35789K(471872K), 0.0095931 secs] 2388945K->2000262K(4141888K), 0.0097663 secs] [Times: user=0.07 sys=0.00, real=0.01 secs] 
333120.465: [GC (Allocation Failure) 333120.465: [ParNew: 455245K->26748K(471872K), 0.0081265 secs] 2419718K->1991751K(4141888K), 0.0082402 secs] [Times: user=0.06 sys=0.00, real=0.00 secs] 
333123.103: [GC (Allocation Failure) 333123.103: [ParNew: 446204K->14901K(471872K), 0.0056866 secs] 2411207K->1980448K(4141888K), 0.0058133 secs] [Times: user=0.04 sys=0.01, real=0.01 secs] 
333123.637: [GC (Allocation Failure) 333123.637: [ParNew: 434357K->30570K(471872K), 0.0086949 secs] 2399904K->1997630K(4141888K), 0.0087965 secs] [Times: user=0.07 sys=0.00, real=0.01 secs] 
333125.355: [GC (Allocation Failure) 333125.355: [ParNew: 450026K->33975K(471872K), 0.0083432 secs] 2417086K->2001189K(4141888K), 0.0084414 secs] [Times: user=0.06 sys=0.00, real=0.00 secs] 
333125.601: [GC (Allocation Failure) 333125.602: [ParNew: 453431K->29849K(471872K), 0.0092729 secs] 2420645K->1999990K(4141888K), 0.0093940 secs] [Times: user=0.07 sys=0.00, real=0.01 secs] 
333125.845: [GC (Allocation Failure) 333125.845: [ParNew: 449305K->27096K(471872K), 0.0067641 secs] 2419446K->2000805K(4141888K), 0.0068655 secs] [Times: user=0.05 sys=0.00, real=0.00 secs] 
333126.457: [GC (Allocation Failure) 333126.457: [ParNew: 446552K->17168K(471872K), 0.0055153 secs] 2420261K->1993742K(4141888K), 0.0056407 secs] [Times: user=0.04 sys=0.00, real=0.00 secs] 
333126.719: [GC (Allocation Failure) 333126.719: [ParNew: 436624K->6985K(471872K), 0.0053862 secs] 2413198K->1986354K(4141888K), 0.0054803 secs] [Times: user=0.04 sys=0.00, real=0.01 secs] 
333126.948: [GC (Allocation Failure) 333126.948: [ParNew: 426441K->25579K(471872K), 0.0115163 secs] 2405810K->2005296K(4141888K), 0.0116168 secs] [Times: user=0.09 sys=0.01, real=0.01 secs] 
333126.960: [GC (GCLocker Initiated GC) 333126.960: [ParNew: 30607K->6907K(471872K), 0.0137485 secs] 2010324K->2003614K(4141888K), 0.0138268 secs] [Times: user=0.07 sys=0.01, real=0.02 secs] 
333127.311: [GC (Allocation Failure) 333127.311: [ParNew: 426363K->17045K(471872K), 0.0096222 secs] 2423070K->2013765K(4141888K), 0.0097163 secs] [Times: user=0.06 sys=0.00, real=0.01 secs] 
333127.322: [GC (GCLocker Initiated GC) 333127.322: [ParNew: 21261K->8638K(471872K), 0.0117821 secs] 2017981K->2021335K(4141888K), 0.0118544 secs] [Times: user=0.05 sys=0.00, real=0.01 secs] 
333127.589: [GC (Allocation Failure) 333127.589: [ParNew: 428094K->34199K(471872K), 0.0100197 secs] 2440791K->2046923K(4141888K), 0.0101217 secs] [Times: user=0.07 sys=0.00, real=0.01 secs] 
333127.860: [GC (Allocation Failure) 333127.860: [ParNew: 453655K->33578K(471872K), 0.0131837 secs] 2466379K->2060816K(4141888K), 0.0132829 secs] [Times: user=0.07 sys=0.00, real=0.01 secs] 
333128.124: [GC (Allocation Failure) 333128.124: [ParNew: 452476K->16019K(471872K), 0.0051275 secs] 2479714K->2043557K(4141888K), 0.0052232 secs] [Times: user=0.04 sys=0.00, real=0.00 secs] 
333128.782: [GC (Allocation Failure) 333128.782: [ParNew: 435475K->24694K(471872K), 0.0086750 secs] 2463013K->2052435K(4141888K), 0.0087798 secs] [Times: user=0.06 sys=0.00, real=0.01 secs] 
333130.444: [GC (Allocation Failure) 333130.444: [ParNew: 444150K->33936K(471872K), 0.0077695 secs] 2471891K->2062881K(4141888K), 0.0078756 secs] [Times: user=0.06 sys=0.00, real=0.00 secs] 
333132.490: [GC (Allocation Failure) 333132.490: [ParNew: 453392K->34697K(471872K), 0.0081442 secs] 2482337K->2064090K(4141888K), 0.0082420 secs] [Times: user=0.06 sys=0.00, real=0.01 secs] 
333133.449: [GC (Allocation Failure) 333133.449: [ParNew: 454153K->11038K(471872K), 0.0054126 secs] 2483546K->2041067K(4141888K), 0.0055002 secs] [Times: user=0.03 sys=0.00, real=0.01 secs] 
333133.987: [GC (Allocation Failure) 333133.987: [ParNew: 430494K->28037K(471872K), 0.0060209 secs] 2460523K->2058478K(4141888K), 0.0061242 secs] [Times: user=0.04 sys=0.00, real=0.00 secs] 
333135.380: [GC (Allocation Failure) 333135.380: [ParNew: 447493K->29139K(471872K), 0.0057639 secs] 2477934K->2059761K(4141888K), 0.0058671 secs] [Times: user=0.04 sys=0.00, real=0.01 secs] 
333135.752: [GC (Allocation Failure) 333135.752: [ParNew: 448595K->25416K(471872K), 0.0090787 secs] 2479217K->2056600K(4141888K), 0.0091719 secs] [Times: user=0.07 sys=0.00, real=0.01 secs] 
333137.250: [GC (Allocation Failure) 333137.250: [ParNew: 444872K->10602K(471872K), 0.0057948 secs] 2476056K->2041931K(4141888K), 0.0058876 secs] [Times: user=0.05 sys=0.00, real=0.01 secs] 
333137.667: [GC (Allocation Failure) 333137.667: [ParNew: 430058K->4202K(471872K), 0.0044818 secs] 2461387K->2036187K(4141888K), 0.0045582 secs] [Times: user=0.03 sys=0.00, real=0.00 secs] 
333139.449: [GC (Allocation Failure) 333139.449: [ParNew: 423658K->21160K(471872K), 0.0089477 secs] 2455643K->2054106K(4141888K), 0.0090436 secs] [Times: user=0.07 sys=0.00, real=0.01 secs] 
333139.839: [GC (Allocation Failure) 333139.839: [ParNew: 440616K->25415K(471872K), 0.0082436 secs] 2473562K->2059063K(4141888K), 0.0083506 secs] [Times: user=0.06 sys=0.00, real=0.01 secs] 
333142.742: [GC (Allocation Failure) 333142.742: [ParNew: 444871K->17121K(471872K), 0.0047452 secs] 2478519K->2050925K(4141888K), 0.0048292 secs] [Times: user=0.04 sys=0.00, real=0.01 secs] 
333143.543: [GC (Allocation Failure) 333143.543: [ParNew: 436500K->32082K(471872K), 0.0072328 secs] 2470305K->2067794K(4141888K), 0.0073393 secs] [Times: user=0.06 sys=0.00, real=0.01 secs] 
333144.336: [GC (Allocation Failure) 333144.336: [ParNew: 450107K->34902K(471872K), 0.0066532 secs] 2485819K->2071047K(4141888K), 0.0067565 secs] [Times: user=0.05 sys=0.00, real=0.00 secs] 
333144.729: [GC (Allocation Failure) 333144.729: [ParNew: 454358K->31219K(471872K), 0.0066994 secs] 2490503K->2067874K(4141888K), 0.0068025 secs] [Times: user=0.05 sys=0.00, real=0.01 secs] 
333146.432: [GC (Allocation Failure) 333146.432: [ParNew: 450675K->17030K(471872K), 0.0080466 secs] 2487330K->2053774K(4141888K), 0.0081484 secs] [Times: user=0.05 sys=0.00, real=0.01 secs] 
333147.498: [GC (Allocation Failure) 333147.498: [ParNew: 436486K->22766K(471872K), 0.0071839 secs] 2473230K->2060076K(4141888K), 0.0072826 secs] [Times: user=0.04 sys=0.00, real=0.01 secs] 
333148.506: [GC (Allocation Failure) 333148.506: [ParNew: 442222K->25698K(471872K), 0.0066469 secs] 2479532K->2063394K(4141888K), 0.0067424 secs] [Times: user=0.05 sys=0.01, real=0.00 secs] 
333149.278: [GC (Allocation Failure) 333149.278: [ParNew: 445154K->20380K(471872K), 0.0087847 secs] 2482850K->2058521K(4141888K), 0.0088850 secs] [Times: user=0.05 sys=0.00, real=0.01 secs] 
333149.903: [GC (Allocation Failure) 333149.903: [ParNew: 439807K->4260K(471872K), 0.0046392 secs] 2477948K->2042738K(4141888K), 0.0047198 secs] [Times: user=0.03 sys=0.00, real=0.01 secs] 
333150.682: [GC (Allocation Failure) 333150.682: [ParNew: 423716K->8724K(471872K), 0.0046687 secs] 2462194K->2047496K(4141888K), 0.0047537 secs] [Times: user=0.04 sys=0.01, real=0.01 secs] 
333151.299: [GC (Allocation Failure) 333151.299: [ParNew: 428180K->25494K(471872K), 0.0051778 secs] 2466952K->2064591K(4141888K), 0.0052744 secs] [Times: user=0.04 sys=0.00, real=0.01 secs] 
333152.448: [GC (Allocation Failure) 333152.448: [ParNew: 444950K->25221K(471872K), 0.0051587 secs] 2484047K->2064654K(4141888K), 0.0052574 secs] [Times: user=0.04 sys=0.00, real=0.00 secs] 
333153.303: [GC (Allocation Failure) 333153.304: [ParNew: 444677K->31262K(471872K), 0.0069371 secs] 2484110K->2071163K(4141888K), 0.0070394 secs] [Times: user=0.05 sys=0.00, real=0.01 secs] 
333153.680: [GC (Allocation Failure) 333153.680: [ParNew: 449059K->34664K(471872K), 0.0067133 secs] 2488961K->2075095K(4141888K), 0.0068137 secs] [Times: user=0.05 sys=0.00, real=0.01 secs] 
333154.627: [GC (Allocation Failure) 333154.627: [ParNew: 454120K->21869K(471872K), 0.0058715 secs] 2494551K->2062420K(4141888K), 0.0059926 secs] [Times: user=0.04 sys=0.00, real=0.00 secs] 
333156.274: [GC (Allocation Failure) 333156.274: [ParNew: 441325K->14126K(471872K), 0.0070012 secs] 2481876K->2055741K(4141888K), 0.0070939 secs] [Times: user=0.05 sys=0.00, real=0.00 secs] 
333156.671: [GC (Allocation Failure) 333156.671: [ParNew: 432559K->30823K(471872K), 0.0065138 secs] 2474174K->2074375K(4141888K), 0.0066159 secs] [Times: user=0.04 sys=0.00, real=0.01 secs] 
333157.569: [GC (Allocation Failure) 333157.569: [ParNew: 450279K->30053K(471872K), 0.0079756 secs] 2493831K->2073694K(4141888K), 0.0080752 secs] [Times: user=0.06 sys=0.00, real=0.01 secs] 
333158.456: [GC (Allocation Failure) 333158.456: [ParNew: 449509K->34657K(471872K), 0.0053030 secs] 2493150K->2079585K(4141888K), 0.0054011 secs] [Times: user=0.03 sys=0.00, real=0.00 secs] 
333158.868: [GC (Allocation Failure) 333158.868: [ParNew: 454113K->13006K(471872K), 0.0057841 secs] 2499041K->2058432K(4141888K), 0.0058754 secs] [Times: user=0.04 sys=0.00, real=0.01 secs] 
333160.077: [GC (Allocation Failure) 333160.077: [ParNew: 432330K->8081K(471872K), 0.0043445 secs] 2477756K->2053695K(4141888K), 0.0044382 secs] [Times: user=0.03 sys=0.00, real=0.00 secs] 
333160.739: [GC (Allocation Failure) 333160.739: [ParNew: 427537K->27877K(471872K), 0.0084910 secs] 2473151K->2074038K(4141888K), 0.0085897 secs] [Times: user=0.06 sys=0.00, real=0.01 secs] 
333161.133: [GC (Allocation Failure) 333161.133: [ParNew: 447333K->26444K(471872K), 0.0081733 secs] 2493494K->2074058K(4141888K), 0.0082823 secs] [Times: user=0.07 sys=0.00, real=0.01 secs] 
333161.647: [GC (Allocation Failure) 333161.647: [ParNew: 445409K->19829K(471872K), 0.0045181 secs] 2493023K->2067616K(4141888K), 0.0046044 secs] [Times: user=0.03 sys=0.00, real=0.00 secs] 
333162.582: [GC (Allocation Failure) 333162.582: [ParNew: 437818K->32991K(471872K), 0.0063911 secs] 2485605K->2081012K(4141888K), 0.0064915 secs] [Times: user=0.05 sys=0.00, real=0.01 secs] 
333162.988: [GC (Allocation Failure) 333162.988: [ParNew: 452447K->31567K(471872K), 0.0072948 secs] 2500468K->2081702K(4141888K), 0.0074002 secs] [Times: user=0.05 sys=0.00, real=0.01 secs] 
333165.298: [GC (Allocation Failure) 333165.298: [ParNew: 451023K->18121K(471872K), 0.0080416 secs] 2501158K->2068527K(4141888K), 0.0081385 secs] [Times: user=0.04 sys=0.00, real=0.01 secs] 
333165.687: [GC (Allocation Failure) 333165.688: [ParNew: 432739K->37529K(471872K), 0.0073751 secs] 2483146K->2089912K(4141888K), 0.0074831 secs] [Times: user=0.05 sys=0.00, real=0.01 secs] 
333166.374: [GC (Allocation Failure) 333166.374: [ParNew: 456475K->33991K(471872K), 0.0063264 secs] 2508858K->2086493K(4141888K), 0.0064278 secs] [Times: user=0.05 sys=0.00, real=0.00 secs] 
333166.859: [GC (Allocation Failure) 333166.859: [ParNew: 451320K->33291K(471872K), 0.0063568 secs] 2503822K->2086018K(4141888K), 0.0064629 secs] [Times: user=0.05 sys=0.00, real=0.01 secs] 
333168.242: [GC (Allocation Failure) 333168.242: [ParNew: 452747K->11696K(471872K), 0.0052661 secs] 2505474K->2064610K(4141888K), 0.0053689 secs] [Times: user=0.04 sys=0.00, real=0.01 secs] 
333170.650: [GC (Allocation Failure) 333170.650: [ParNew: 431152K->39793K(471872K), 0.0083619 secs] 2484066K->2093957K(4141888K), 0.0084652 secs] [Times: user=0.07 sys=0.00, real=0.01 secs] 
333177.924: [GC (Allocation Failure) 333177.924: [ParNew: 459249K->10304K(471872K), 0.0067835 secs] 2513413K->2070446K(4141888K), 0.0068798 secs] [Times: user=0.05 sys=0.00, real=0.00 secs] 
333187.587: [GC (Allocation Failure) 333187.587: [ParNew: 429760K->6103K(471872K), 0.0076583 secs] 2489902K->2068392K(4141888K), 0.0077557 secs] [Times: user=0.05 sys=0.00, real=0.01 secs] 
333188.153: [GC (Allocation Failure) 333188.153: [ParNew: 425559K->9977K(471872K), 0.0088504 secs] 2487848K->2076214K(4141888K), 0.0089414 secs] [Times: user=0.06 sys=0.00, real=0.01 secs] 
333188.698: [GC (Allocation Failure) 333188.698: [ParNew: 429433K->6071K(471872K), 0.0051597 secs] 2495670K->2076194K(4141888K), 0.0052590 secs] [Times: user=0.03 sys=0.00, real=0.00 secs] 
333189.406: [GC (Allocation Failure) 333189.406: [ParNew: 425527K->4648K(471872K), 0.0081927 secs] 2495650K->2077699K(4141888K), 0.0083010 secs] [Times: user=0.06 sys=0.00, real=0.01 secs] 
333189.996: [GC (Allocation Failure) 333189.996: [ParNew: 424104K->3817K(471872K), 0.0068554 secs] 2497155K->2077458K(4141888K), 0.0069356 secs] [Times: user=0.04 sys=0.00, real=0.00 secs] 
333190.578: [GC (Allocation Failure) 333190.578: [ParNew: 423273K->4261K(471872K), 0.0049908 secs] 2496914K->2078470K(4141888K), 0.0050744 secs] [Times: user=0.04 sys=0.00, real=0.00 secs] 
333200.029: [GC (Allocation Failure) 333200.029: [ParNew: 423227K->10279K(471872K), 0.0070103 secs] 2497436K->2084862K(4141888K), 0.0071259 secs] [Times: user=0.05 sys=0.00, real=0.01 secs] 
333208.240: [GC (Allocation Failure) 333208.240: [ParNew: 429735K->6597K(471872K), 0.0082518 secs] 2504318K->2083014K(4141888K), 0.0083657 secs] [Times: user=0.06 sys=0.00, real=0.01 secs] 
333216.815: [GC (Allocation Failure) 333216.815: [ParNew: 426053K->5462K(471872K), 0.0078150 secs] 2502470K->2084035K(4141888K), 0.0079327 secs] [Times: user=0.06 sys=0.00, real=0.00 secs] 
333223.404: [GC (Allocation Failure) 333223.404: [ParNew: 424918K->5470K(471872K), 0.0075729 secs] 2503491K->2085879K(4141888K), 0.0076811 secs] [Times: user=0.05 sys=0.00, real=0.00 secs] 
333230.964: [GC (Allocation Failure) 333230.964: [ParNew: 424926K->4493K(471872K), 0.0072752 secs] 2505335K->2086473K(4141888K), 0.0073839 secs] [Times: user=0.05 sys=0.00, real=0.00 secs] 
333234.685: [GC (Allocation Failure) 333234.685: [ParNew: 423949K->5295K(471872K), 0.0068344 secs] 2505929K->2090306K(4141888K), 0.0069369 secs] [Times: user=0.05 sys=0.00, real=0.00 secs] 
333239.560: [GC (Allocation Failure) 333239.560: [ParNew: 424751K->3736K(471872K), 0.0054382 secs] 2509762K->2092109K(4141888K), 0.0055330 secs] [Times: user=0.04 sys=0.00, real=0.01 secs] 
333244.082: [GC (Allocation Failure) 333244.082: [ParNew: 423192K->4038K(471872K), 0.0060932 secs] 2511565K->2093700K(4141888K), 0.0061881 secs] [Times: user=0.04 sys=0.00, real=0.01 secs] 
333247.431: [GC (Allocation Failure) 333247.431: [ParNew: 423494K->29716K(471872K), 0.0085980 secs] 2513156K->2121238K(4141888K), 0.0087277 secs] [Times: user=0.06 sys=0.00, real=0.01 secs] 
333249.264: [GC (Allocation Failure) 333249.264: [ParNew: 447245K->8795K(471872K), 0.0058833 secs] 2538767K->2101262K(4141888K), 0.0059719 secs] [Times: user=0.04 sys=0.00, real=0.00 secs] 
333250.799: [GC (Allocation Failure) 333250.800: [ParNew: 428251K->4380K(471872K), 0.0064196 secs] 2520718K->2097489K(4141888K), 0.0065663 secs] [Times: user=0.04 sys=0.00, real=0.01 secs] 
333255.429: [GC (Allocation Failure) 333255.429: [ParNew: 423168K->26564K(471872K), 0.0087008 secs] 2516277K->2119995K(4141888K), 0.0088265 secs] [Times: user=0.06 sys=0.00, real=0.01 secs] 
333257.779: [GC (Allocation Failure) 333257.779: [ParNew: 446020K->7999K(471872K), 0.0086204 secs] 2539451K->2102659K(4141888K), 0.0087333 secs] [Times: user=0.05 sys=0.00, real=0.01 secs] 
333259.601: [GC (Allocation Failure) 333259.601: [ParNew: 427455K->4389K(471872K), 0.0070753 secs] 2522115K->2100445K(4141888K), 0.0071865 secs] [Times: user=0.04 sys=0.00, real=0.01 secs] 
333261.368: [GC (Allocation Failure) 333261.368: [ParNew: 423737K->17693K(471872K), 0.0126703 secs] 2519793K->2114191K(4141888K), 0.0127954 secs] [Times: user=0.09 sys=0.00, real=0.01 secs] 
333263.447: [GC (Allocation Failure) 333263.447: [ParNew: 436896K->24027K(471872K), 0.0253469 secs] 2533393K->2121047K(4141888K), 0.0254826 secs] [Times: user=0.08 sys=0.00, real=0.02 secs] 
333263.945: [GC (Allocation Failure) 333263.945: [ParNew: 443483K->16113K(471872K), 0.0153724 secs] 2540503K->2113825K(4141888K), 0.0155185 secs] [Times: user=0.06 sys=0.00, real=0.01 secs] 
333264.636: [GC (Allocation Failure) 333264.636: [ParNew: 435569K->21037K(471872K), 0.0204518 secs] 2533281K->2118990K(4141888K), 0.0205460 secs] [Times: user=0.09 sys=0.00, real=0.02 secs] 
333265.779: [GC (Allocation Failure) 333265.779: [ParNew: 440493K->30515K(471872K), 0.0213327 secs] 2538446K->2128840K(4141888K), 0.0214248 secs] [Times: user=0.10 sys=0.00, real=0.02 secs] 
333267.494: [GC (Allocation Failure) 333267.494: [ParNew: 448164K->17696K(471872K), 0.0061753 secs] 2546490K->2116316K(4141888K), 0.0062771 secs] [Times: user=0.04 sys=0.00, real=0.01 secs] 
333268.481: [GC (Allocation Failure) 333268.481: [ParNew: 437152K->27997K(471872K), 0.0053941 secs] 2535772K->2127070K(4141888K), 0.0054972 secs] [Times: user=0.04 sys=0.00, real=0.01 secs] 
333269.519: [GC (Allocation Failure) 333269.519: [ParNew: 447453K->26905K(471872K), 0.0062900 secs] 2546526K->2126440K(4141888K), 0.0064035 secs] [Times: user=0.05 sys=0.00, real=0.01 secs] 
333271.429: [GC (Allocation Failure) 333271.429: [ParNew: 446361K->20350K(471872K), 0.0074079 secs] 2545896K->2120164K(4141888K), 0.0075032 secs] [Times: user=0.04 sys=0.00, real=0.01 secs] 
333272.533: [GC (Allocation Failure) 333272.533: [ParNew: 438378K->31543K(471872K), 0.0097564 secs] 2538192K->2132019K(4141888K), 0.0098816 secs] [Times: user=0.06 sys=0.00, real=0.01 secs] 
333272.941: [GC (Allocation Failure) 333272.941: [ParNew: 450999K->21352K(471872K), 0.0074538 secs] 2551475K->2122232K(4141888K), 0.0075563 secs] [Times: user=0.05 sys=0.00, real=0.01 secs] 
333273.620: [GC (Allocation Failure) 333273.620: [ParNew: 436950K->39590K(471872K), 0.0075472 secs] 2537829K->2140802K(4141888K), 0.0076521 secs] [Times: user=0.05 sys=0.00, real=0.01 secs] 
333274.539: [GC (Allocation Failure) 333274.539: [ParNew: 459046K->14134K(471872K), 0.0052409 secs] 2560258K->2115803K(4141888K), 0.0053422 secs] [Times: user=0.04 sys=0.00, real=0.01 secs] 
333275.576: [GC (Allocation Failure) 333275.576: [ParNew: 432009K->4627K(471872K), 0.0054376 secs] 2533678K->2107613K(4141888K), 0.0055475 secs] [Times: user=0.04 sys=0.00, real=0.00 secs] 
333276.571: [GC (Allocation Failure) 333276.571: [ParNew: 424083K->9004K(471872K), 0.0048357 secs] 2527069K->2112919K(4141888K), 0.0049186 secs] [Times: user=0.03 sys=0.00, real=0.01 secs] 
333277.555: [GC (Allocation Failure) 333277.555: [ParNew: 428460K->36187K(471872K), 0.0088896 secs] 2532375K->2140535K(4141888K), 0.0089927 secs] [Times: user=0.06 sys=0.00, real=0.01 secs] 
333278.603: [GC (Allocation Failure) 333278.604: [ParNew: 455643K->36092K(471872K), 0.0087811 secs] 2559991K->2141635K(4141888K), 0.0089013 secs] [Times: user=0.07 sys=0.00, real=0.01 secs] 
333279.016: [GC (Allocation Failure) 333279.016: [ParNew: 455548K->39125K(471872K), 0.0054437 secs] 2561091K->2145151K(4141888K), 0.0055463 secs] [Times: user=0.04 sys=0.00, real=0.00 secs] 
333280.357: [GC (Allocation Failure) 333280.357: [ParNew: 458581K->40368K(471872K), 0.0081172 secs] 2564607K->2146582K(4141888K), 0.0082303 secs] [Times: user=0.06 sys=0.00, real=0.01 secs] 
333281.550: [GC (Allocation Failure) 333281.550: [ParNew: 459824K->34117K(471872K), 0.0062655 secs] 2566038K->2141714K(4141888K), 0.0063648 secs] [Times: user=0.04 sys=0.00, real=0.01 secs] 
333282.453: [GC (Allocation Failure) 333282.453: [ParNew: 453573K->28118K(471872K), 0.0062026 secs] 2561170K->2136201K(4141888K), 0.0063429 secs] [Times: user=0.05 sys=0.00, real=0.01 secs] 
333283.138: [GC (Allocation Failure) 333283.138: [ParNew: 447574K->5744K(471872K), 0.0054374 secs] 2555657K->2115113K(4141888K), 0.0055494 secs] [Times: user=0.04 sys=0.00, real=0.01 secs] 
333283.656: [GC (Allocation Failure) 333283.656: [ParNew: 425200K->8976K(471872K), 0.0050760 secs] 2534569K->2119595K(4141888K), 0.0051685 secs] [Times: user=0.04 sys=0.00, real=0.00 secs] 
333285.376: [GC (Allocation Failure) 333285.376: [ParNew: 428432K->27319K(471872K), 0.0054711 secs] 2539051K->2138173K(4141888K), 0.0055775 secs] [Times: user=0.04 sys=0.00, real=0.00 secs] 
333286.578: [GC (Allocation Failure) 333286.578: [ParNew: 446775K->36920K(471872K), 0.0085286 secs] 2557629K->2149446K(4141888K), 0.0086310 secs] [Times: user=0.07 sys=0.00, real=0.01 secs] 
333286.987: [GC (Allocation Failure) 333286.987: [ParNew: 456376K->13868K(471872K), 0.0054964 secs] 2568902K->2127040K(4141888K), 0.0055797 secs] [Times: user=0.03 sys=0.00, real=0.00 secs] 
333287.620: [GC (Allocation Failure) 333287.620: [ParNew: 433324K->29236K(471872K), 0.0078712 secs] 2546496K->2142604K(4141888K), 0.0079779 secs] [Times: user=0.06 sys=0.00, real=0.01 secs] 
333289.297: [GC (Allocation Failure) 333289.297: [ParNew: 448692K->15283K(471872K), 0.0056841 secs] 2562060K->2128834K(4141888K), 0.0057781 secs] [Times: user=0.05 sys=0.00, real=0.00 secs] 
333291.397: [GC (Allocation Failure) 333291.397: [ParNew: 434739K->30563K(471872K), 0.0088005 secs] 2548290K->2144673K(4141888K), 0.0089012 secs] [Times: user=0.07 sys=0.00, real=0.01 secs] 
333293.074: [GC (Allocation Failure) 333293.074: [ParNew: 450019K->15673K(471872K), 0.0055588 secs] 2564129K->2130419K(4141888K), 0.0056529 secs] [Times: user=0.04 sys=0.00, real=0.00 secs] 
333293.560: [GC (Allocation Failure) 333293.560: [ParNew: 433068K->31683K(471872K), 0.0075592 secs] 2547814K->2150534K(4141888K), 0.0076734 secs] [Times: user=0.05 sys=0.00, real=0.01 secs] 
333294.580: [GC (Allocation Failure) 333294.580: [ParNew: 450257K->32718K(471872K), 0.0068666 secs] 2569108K->2151949K(4141888K), 0.0069621 secs] [Times: user=0.05 sys=0.00, real=0.01 secs] 
333296.257: [GC (Allocation Failure) 333296.258: [ParNew: 449748K->7877K(471872K), 0.0045308 secs] 2568979K->2127384K(4141888K), 0.0046172 secs] [Times: user=0.03 sys=0.00, real=0.00 secs] 
333296.649: [GC (Allocation Failure) 333296.649: [ParNew: 427333K->4312K(471872K), 0.0045781 secs] 2546840K->2124537K(4141888K), 0.0046570 secs] [Times: user=0.03 sys=0.00, real=0.00 secs] 
333297.644: [GC (Allocation Failure) 333297.644: [ParNew: 423768K->24313K(471872K), 0.0083551 secs] 2543993K->2144742K(4141888K), 0.0084649 secs] [Times: user=0.06 sys=0.00, real=0.00 secs] 
333298.610: [GC (Allocation Failure) 333298.610: [ParNew: 443769K->27777K(471872K), 0.0083735 secs] 2564198K->2148687K(4141888K), 0.0084832 secs] [Times: user=0.06 sys=0.00, real=0.01 secs] 
333300.742: [GC (Allocation Failure) 333300.742: [ParNew: 447233K->13432K(471872K), 0.0053388 secs] 2568143K->2134647K(4141888K), 0.0054392 secs] [Times: user=0.04 sys=0.00, real=0.01 secs] 
333312.325: [GC (Allocation Failure) 333312.325: [ParNew: 432888K->6089K(471872K), 0.0083930 secs] 2554103K->2130552K(4141888K), 0.0085228 secs] [Times: user=0.07 sys=0.00, real=0.00 secs] 
333323.063: [GC (Allocation Failure) 333323.063: [ParNew: 425545K->6860K(471872K), 0.0107972 secs] 2550008K->2134733K(4141888K), 0.0108911 secs] [Times: user=0.06 sys=0.01, real=0.02 secs] 
333333.099: [GC (Allocation Failure) 333333.099: [ParNew: 426316K->6441K(471872K), 0.0092882 secs] 2554189K->2137267K(4141888K), 0.0093953 secs] [Times: user=0.07 sys=0.00, real=0.01 secs] 
333343.069: [GC (Allocation Failure) 333343.069: [ParNew: 425897K->6200K(471872K), 0.0086306 secs] 2556723K->2139956K(4141888K), 0.0087432 secs] [Times: user=0.07 sys=0.00, real=0.01 secs] 
333350.565: [GC (Allocation Failure) 333350.565: [ParNew: 425656K->6781K(471872K), 0.0091664 secs] 2559412K->2143101K(4141888K), 0.0093013 secs] [Times: user=0.07 sys=0.00, real=0.01 secs] 
333356.259: [GC (Allocation Failure) 333356.259: [ParNew: 426237K->6589K(471872K), 0.0080203 secs] 2562557K->2146943K(4141888K), 0.0081225 secs] [Times: user=0.06 sys=0.00, real=0.01 secs] 
333363.142: [GC (Allocation Failure) 333363.142: [ParNew: 426045K->3977K(471872K), 0.0078520 secs] 2566399K->2149227K(4141888K), 0.0079471 secs] [Times: user=0.06 sys=0.00, real=0.01 secs] 
333377.195: [GC (Allocation Failure) 333377.195: [ParNew: 423433K->5808K(471872K), 0.0087935 secs] 2568683K->2152985K(4141888K), 0.0088973 secs] [Times: user=0.06 sys=0.00, real=0.01 secs] 
333386.654: [GC (Allocation Failure) 333386.654: [ParNew: 424908K->9170K(471872K), 0.0104560 secs] 2572085K->2160431K(4141888K), 0.0105621 secs] [Times: user=0.07 sys=0.00, real=0.02 secs] 
333393.880: [GC (Allocation Failure) 333393.880: [ParNew: 428626K->6256K(471872K), 0.0091480 secs] 2579887K->2160440K(4141888K), 0.0092510 secs] [Times: user=0.06 sys=0.00, real=0.01 secs] 
333397.071: [GC (Allocation Failure) 333397.071: [ParNew: 425358K->10950K(471872K), 0.0080307 secs] 2579541K->2168153K(4141888K), 0.0081430 secs] [Times: user=0.06 sys=0.00, real=0.01 secs] 
333397.664: [GC (Allocation Failure) 333397.665: [ParNew: 430406K->6849K(471872K), 0.0059791 secs] 2587609K->2169551K(4141888K), 0.0060826 secs] [Times: user=0.04 sys=0.00, real=0.00 secs] 
333398.196: [GC (Allocation Failure) 333398.196: [ParNew: 426305K->5060K(471872K), 0.0108469 secs] 2589007K->2170586K(4141888K), 0.0109647 secs] [Times: user=0.08 sys=0.00, real=0.01 secs] 
333398.208: [GC (GCLocker Initiated GC) 333398.208: [ParNew: 6113K->418K(471872K), 0.0077325 secs] 2171638K->2169848K(4141888K), 0.0078041 secs] [Times: user=0.04 sys=0.00, real=0.01 secs] 
333398.982: [GC (Allocation Failure) 333398.982: [ParNew: 419874K->3621K(471872K), 0.0073112 secs] 2589304K->2173051K(4141888K), 0.0074011 secs] [Times: user=0.05 sys=0.00, real=0.01 secs] 
333399.515: [GC (Allocation Failure) 333399.515: [ParNew: 423077K->7817K(471872K), 0.0050645 secs] 2592507K->2178094K(4141888K), 0.0051516 secs] [Times: user=0.04 sys=0.00, real=0.00 secs] 
333399.521: [GC (GCLocker Initiated GC) 333399.521: [ParNew: 8142K->1941K(471872K), 0.0058025 secs] 2178419K->2178329K(4141888K), 0.0058601 secs] [Times: user=0.03 sys=0.01, real=0.01 secs] 
333403.107: [GC (Allocation Failure) 333403.107: [ParNew: 421397K->2378K(471872K), 0.0052705 secs] 2597785K->2178769K(4141888K), 0.0053625 secs] [Times: user=0.04 sys=0.00, real=0.00 secs] 
333408.143: [GC (Allocation Failure) 333408.143: [ParNew: 421834K->5585K(471872K), 0.0062419 secs] 2598225K->2183378K(4141888K), 0.0063477 secs] [Times: user=0.04 sys=0.00, real=0.01 secs] 
333415.632: [GC (Allocation Failure) 333415.632: [ParNew: 425041K->23339K(471872K), 0.0108098 secs] 2602834K->2204214K(4141888K), 0.0109110 secs] [Times: user=0.08 sys=0.00, real=0.01 secs] 
333423.079: [GC (Allocation Failure) 333423.079: [ParNew: 442795K->13020K(471872K), 0.0079432 secs] 2623670K->2198585K(4141888K), 0.0080389 secs] [Times: user=0.05 sys=0.01, real=0.01 secs] 
333432.510: [GC (Allocation Failure) 333432.510: [ParNew: 432476K->6595K(471872K), 0.0085982 secs] 2618041K->2194344K(4141888K), 0.0087083 secs] [Times: user=0.06 sys=0.00, real=0.01 secs] 
333442.455: [GC (Allocation Failure) 333442.455: [ParNew: 426051K->9841K(471872K), 0.0098871 secs] 2613800K->2200324K(4141888K), 0.0099943 secs] [Times: user=0.07 sys=0.00, real=0.01 secs] 
333453.079: [GC (Allocation Failure) 333453.079: [ParNew: 429297K->8086K(471872K), 0.0127132 secs] 2619780K->2201812K(4141888K), 0.0128054 secs] [Times: user=0.07 sys=0.00, real=0.01 secs] 
333463.071: [GC (Allocation Failure) 333463.071: [ParNew: 427542K->6243K(471872K), 0.0087991 secs] 2621268K->2203104K(4141888K), 0.0089095 secs] [Times: user=0.06 sys=0.00, real=0.01 secs] 
333468.884: [GC (Allocation Failure) 333468.884: [ParNew: 425699K->5092K(471872K), 0.0072908 secs] 2622560K->2204295K(4141888K), 0.0074487 secs] [Times: user=0.05 sys=0.00, real=0.01 secs] 
333476.578: [GC (Allocation Failure) 333476.579: [ParNew: 423316K->25901K(471872K), 0.0078612 secs] 2622520K->2227568K(4141888K), 0.0079688 secs] [Times: user=0.06 sys=0.00, real=0.01 secs] 
333481.286: [GC (Allocation Failure) 333481.286: [ParNew: 445346K->8758K(471872K), 0.0066458 secs] 2647012K->2212207K(4141888K), 0.0067406 secs] [Times: user=0.04 sys=0.00, real=0.00 secs] 
333488.344: [GC (Allocation Failure) 333488.344: [ParNew: 428214K->6464K(471872K), 0.0077129 secs] 2631663K->2214776K(4141888K), 0.0078283 secs] [Times: user=0.06 sys=0.00, real=0.00 secs] 
333498.552: [GC (Allocation Failure) 333498.552: [ParNew: 425920K->5987K(471872K), 0.0065527 secs] 2634232K->2216479K(4141888K), 0.0066558 secs] [Times: user=0.05 sys=0.00, real=0.01 secs] 
333504.590: [GC (Allocation Failure) 333504.590: [ParNew: 425103K->5279K(471872K), 0.0105438 secs] 2635595K->2217799K(4141888K), 0.0106572 secs] [Times: user=0.08 sys=0.00, real=0.01 secs] 
333516.897: [GC (Allocation Failure) 333516.897: [ParNew: 424735K->4562K(471872K), 0.0073502 secs] 2637255K->2218603K(4141888K), 0.0074570 secs] [Times: user=0.05 sys=0.00, real=0.01 secs] 
333526.205: [GC (Allocation Failure) 333526.205: [ParNew: 424018K->5931K(471872K), 0.0093965 secs] 2638059K->2222296K(4141888K), 0.0095214 secs] [Times: user=0.07 sys=0.00, real=0.01 secs] 
333531.579: [GC (Allocation Failure) 333531.579: [ParNew: 425387K->5387K(471872K), 0.0072664 secs] 2641752K->2223755K(4141888K), 0.0073728 secs] [Times: user=0.05 sys=0.00, real=0.01 secs] 
333537.737: [GC (Allocation Failure) 333537.737: [ParNew: 424843K->21847K(471872K), 0.0103134 secs] 2643211K->2243193K(4141888K), 0.0104118 secs] [Times: user=0.07 sys=0.00, real=0.01 secs] 
333543.100: [GC (Allocation Failure) 333543.100: [ParNew: 441303K->14649K(471872K), 0.0122435 secs] 2662649K->2240328K(4141888K), 0.0123451 secs] [Times: user=0.06 sys=0.00, real=0.01 secs] 
333550.582: [GC (Allocation Failure) 333550.582: [ParNew: 434105K->5731K(471872K), 0.0128417 secs] 2659784K->2232936K(4141888K), 0.0129645 secs] [Times: user=0.06 sys=0.00, real=0.02 secs] 
333562.901: [GC (Allocation Failure) 333562.901: [ParNew: 425187K->5693K(471872K), 0.0080843 secs] 2652392K->2234499K(4141888K), 0.0081860 secs] [Times: user=0.06 sys=0.00, real=0.01 secs] 
333572.052: [GC (Allocation Failure) 333572.052: [ParNew: 425149K->5815K(471872K), 0.0071782 secs] 2653955K->2237469K(4141888K), 0.0072757 secs] [Times: user=0.05 sys=0.01, real=0.01 secs] 
333581.575: [GC (Allocation Failure) 333581.575: [ParNew: 425271K->10305K(471872K), 0.0075621 secs] 2656925K->2244368K(4141888K), 0.0076715 secs] [Times: user=0.06 sys=0.00, real=0.00 secs] 
333588.496: [GC (Allocation Failure) 333588.496: [ParNew: 429761K->6039K(471872K), 0.0084758 secs] 2663824K->2242255K(4141888K), 0.0085962 secs] [Times: user=0.06 sys=0.00, real=0.01 secs] 
333593.631: [GC (Allocation Failure) 333593.631: [ParNew: 425495K->4354K(471872K), 0.0061553 secs] 2661711K->2242260K(4141888K), 0.0062474 secs] [Times: user=0.04 sys=0.00, real=0.01 secs] 
333601.960: [GC (Allocation Failure) 333601.960: [ParNew: 423810K->7265K(471872K), 0.0062478 secs] 2661716K->2247386K(4141888K), 0.0063754 secs] [Times: user=0.05 sys=0.00, real=0.01 secs] 
333607.301: [GC (Allocation Failure) 333607.301: [ParNew: 426721K->3479K(471872K), 0.0076487 secs] 2666842K->2249313K(4141888K), 0.0077692 secs] [Times: user=0.06 sys=0.00, real=0.01 secs] 
333614.025: [GC (Allocation Failure) 333614.025: [ParNew: 422935K->4035K(471872K), 0.0064103 secs] 2668769K->2251014K(4141888K), 0.0065030 secs] [Times: user=0.04 sys=0.00, real=0.00 secs] 
333624.639: [GC (Allocation Failure) 333624.639: [ParNew: 423491K->4652K(471872K), 0.0069018 secs] 2670470K->2253504K(4141888K), 0.0070013 secs] [Times: user=0.05 sys=0.00, real=0.01 secs] 
333638.038: [GC (Allocation Failure) 333638.038: [ParNew: 424108K->5474K(471872K), 0.0082535 secs] 2672960K->2256911K(4141888K), 0.0083620 secs] [Times: user=0.06 sys=0.00, real=0.01 secs] 
333644.648: [GC (Allocation Failure) 333644.648: [ParNew: 424930K->6154K(471872K), 0.0085206 secs] 2676367K->2260122K(4141888K), 0.0086157 secs] [Times: user=0.07 sys=0.00, real=0.01 secs] 
333650.022: [GC (Allocation Failure) 333650.022: [ParNew: 425610K->4455K(471872K), 0.0058917 secs] 2679578K->2260857K(4141888K), 0.0059936 secs] [Times: user=0.04 sys=0.00, real=0.01 secs] 
333653.265: [GC (Allocation Failure) 333653.265: [ParNew: 423911K->3816K(471872K), 0.0063352 secs] 2680313K->2261713K(4141888K), 0.0064275 secs] [Times: user=0.05 sys=0.00, real=0.00 secs] 
333662.113: [GC (Allocation Failure) 333662.113: [ParNew: 423272K->6466K(471872K), 0.0057132 secs] 2681169K->2266458K(4141888K), 0.0058075 secs] [Times: user=0.04 sys=0.00, real=0.01 secs] 
333668.401: [GC (Allocation Failure) 333668.401: [ParNew: 425922K->4029K(471872K), 0.0064565 secs] 2685914K->2268663K(4141888K), 0.0065672 secs] [Times: user=0.04 sys=0.00, real=0.01 secs] 
333673.806: [GC (Allocation Failure) 333673.806: [ParNew: 423485K->3831K(471872K), 0.0077551 secs] 2688119K->2269846K(4141888K), 0.0078536 secs] [Times: user=0.05 sys=0.00, real=0.01 secs] 
333683.144: [GC (Allocation Failure) 333683.144: [ParNew: 423287K->4500K(471872K), 0.0124058 secs] 2689302K->2271683K(4141888K), 0.0125031 secs] [Times: user=0.05 sys=0.00, real=0.01 secs] 
333696.934: [GC (Allocation Failure) 333696.934: [ParNew: 423956K->5040K(471872K), 0.0106304 secs] 2691139K->2275482K(4141888K), 0.0107178 secs] [Times: user=0.06 sys=0.00, real=0.01 secs] 
333706.103: [GC (Allocation Failure) 333706.103: [ParNew: 424496K->6576K(471872K), 0.0100799 secs] 2694938K->2280074K(4141888K), 0.0101806 secs] [Times: user=0.05 sys=0.00, real=0.01 secs] 
333713.434: [GC (Allocation Failure) 333713.434: [ParNew: 426032K->3837K(471872K), 0.0076272 secs] 2699530K->2280308K(4141888K), 0.0077259 secs] [Times: user=0.06 sys=0.00, real=0.00 secs] 
333723.650: [GC (Allocation Failure) 333723.650: [ParNew: 423293K->25581K(471872K), 0.0101921 secs] 2699764K->2304499K(4141888K), 0.0102967 secs] [Times: user=0.07 sys=0.00, real=0.01 secs] 
333733.105: [GC (Allocation Failure) 333733.105: [ParNew: 445037K->12999K(471872K), 0.0080659 secs] 2723955K->2296620K(4141888K), 0.0081681 secs] [Times: user=0.06 sys=0.00, real=0.00 secs] 
333746.407: [GC (Allocation Failure) 333746.407: [ParNew: 432455K->6079K(471872K), 0.0073444 secs] 2716076K->2293666K(4141888K), 0.0074446 secs] [Times: user=0.06 sys=0.00, real=0.01 secs] 
333756.066: [GC (Allocation Failure) 333756.066: [ParNew: 425535K->4545K(471872K), 0.0076014 secs] 2713122K->2294681K(4141888K), 0.0077020 secs] [Times: user=0.05 sys=0.01, real=0.00 secs] 
333763.582: [GC (Allocation Failure) 333763.582: [ParNew: 424001K->4172K(471872K), 0.0071464 secs] 2714137K->2296274K(4141888K), 0.0072483 secs] [Times: user=0.05 sys=0.00, real=0.01 secs] 
333769.004: [GC (Allocation Failure) 333769.004: [ParNew: 423372K->6487K(471872K), 0.0075842 secs] 2715474K->2300221K(4141888K), 0.0076905 secs] [Times: user=0.05 sys=0.00, real=0.01 secs] 
333772.399: [GC (Allocation Failure) 333772.399: [ParNew: 425943K->11542K(471872K), 0.0061337 secs] 2719677K->2306668K(4141888K), 0.0062319 secs] [Times: user=0.05 sys=0.00, real=0.01 secs] 
333777.718: [GC (Allocation Failure) 333777.718: [ParNew: 430998K->5880K(471872K), 0.0064231 secs] 2726124K->2302927K(4141888K), 0.0065221 secs] [Times: user=0.04 sys=0.00, real=0.01 secs] 
333783.351: [GC (Allocation Failure) 333783.351: [ParNew: 425336K->4692K(471872K), 0.0064949 secs] 2722383K->2304156K(4141888K), 0.0065921 secs] [Times: user=0.05 sys=0.00, real=0.01 secs] 
333790.801: [GC (Allocation Failure) 333790.801: [ParNew: 424148K->7180K(471872K), 0.0063400 secs] 2723612K->2308211K(4141888K), 0.0064467 secs] [Times: user=0.05 sys=0.00, real=0.01 secs] 
333798.035: [GC (Allocation Failure) 333798.035: [ParNew: 426636K->7951K(471872K), 0.0086794 secs] 2727667K->2313515K(4141888K), 0.0087970 secs] [Times: user=0.07 sys=0.00, real=0.00 secs] 
333802.841: [GC (Allocation Failure) 333802.841: [ParNew: 427407K->6911K(471872K), 0.0070521 secs] 2732971K->2313987K(4141888K), 0.0071585 secs] [Times: user=0.05 sys=0.00, real=0.01 secs] 
333805.049: [GC (Allocation Failure) 333805.049: [ParNew: 426367K->7449K(471872K), 0.0060544 secs] 2733443K->2315630K(4141888K), 0.0061496 secs] [Times: user=0.04 sys=0.00, real=0.01 secs] 
333807.098: [GC (Allocation Failure) 333807.098: [ParNew: 426905K->5215K(471872K), 0.0053830 secs] 2735086K->2314238K(4141888K), 0.0054721 secs] [Times: user=0.04 sys=0.00, real=0.00 secs] 
333808.988: [GC (Allocation Failure) 333808.988: [ParNew: 424580K->5639K(471872K), 0.0062679 secs] 2733604K->2315962K(4141888K), 0.0063565 secs] [Times: user=0.04 sys=0.00, real=0.01 secs] 
333813.340: [GC (Allocation Failure) 333813.340: [ParNew: 425095K->4740K(471872K), 0.0054874 secs] 2735418K->2315737K(4141888K), 0.0055754 secs] [Times: user=0.04 sys=0.00, real=0.01 secs] 
333819.747: [GC (Allocation Failure) 333819.747: [ParNew: 424196K->3705K(471872K), 0.0060881 secs] 2735193K->2316262K(4141888K), 0.0061963 secs] [Times: user=0.04 sys=0.00, real=0.00 secs] 
333825.673: [GC (Allocation Failure) 333825.673: [ParNew: 423161K->4633K(471872K), 0.0067408 secs] 2735718K->2318506K(4141888K), 0.0068376 secs] [Times: user=0.05 sys=0.00, real=0.01 secs] 
333831.116: [GC (Allocation Failure) 333831.116: [ParNew: 424089K->4412K(471872K), 0.0068750 secs] 2737962K->2320451K(4141888K), 0.0069986 secs] [Times: user=0.04 sys=0.01, real=0.00 secs] 
333833.440: [GC (Allocation Failure) 333833.440: [ParNew: 423868K->12192K(471872K), 0.0065860 secs] 2739907K->2329355K(4141888K), 0.0067042 secs] [Times: user=0.04 sys=0.00, real=0.01 secs] 
333837.359: [GC (Allocation Failure) 333837.359: [ParNew: 431648K->4333K(471872K), 0.0067126 secs] 2748811K->2322216K(4141888K), 0.0068029 secs] [Times: user=0.05 sys=0.00, real=0.01 secs] 
333844.884: [GC (Allocation Failure) 333844.884: [ParNew: 423789K->5093K(471872K), 0.0098454 secs] 2741672K->2325096K(4141888K), 0.0099440 secs] [Times: user=0.05 sys=0.00, real=0.01 secs] 
333853.180: [GC (Allocation Failure) 333853.180: [ParNew: 424549K->7275K(471872K), 0.0074791 secs] 2744552K->2330139K(4141888K), 0.0075787 secs] [Times: user=0.06 sys=0.00, real=0.01 secs] 
333863.169: [GC (Allocation Failure) 333863.169: [ParNew: 426731K->4732K(471872K), 0.0075059 secs] 2749595K->2331983K(4141888K), 0.0076053 secs] [Times: user=0.05 sys=0.00, real=0.01 secs] 
333866.326: [GC (Allocation Failure) 333866.326: [ParNew: 422826K->12239K(471872K), 0.0097033 secs] 2750077K->2341795K(4141888K), 0.0098186 secs] [Times: user=0.06 sys=0.00, real=0.01 secs] 
333866.874: [GC (Allocation Failure) 333866.874: [ParNew: 431695K->6990K(471872K), 0.0056555 secs] 2761251K->2342556K(4141888K), 0.0057490 secs] [Times: user=0.04 sys=0.00, real=0.00 secs] 
333867.425: [GC (Allocation Failure) 333867.425: [ParNew: 426446K->4945K(471872K), 0.0089399 secs] 2762012K->2343416K(4141888K), 0.0090414 secs] [Times: user=0.07 sys=0.00, real=0.01 secs] 
333868.148: [GC (Allocation Failure) 333868.149: [ParNew: 424401K->5327K(471872K), 0.0066119 secs] 2762872K->2344278K(4141888K), 0.0067015 secs] [Times: user=0.05 sys=0.00, real=0.01 secs] 
333868.720: [GC (Allocation Failure) 333868.720: [ParNew: 424783K->3760K(471872K), 0.0051529 secs] 2763734K->2343470K(4141888K), 0.0052489 secs] [Times: user=0.04 sys=0.00, real=0.01 secs] 
333876.171: [GC (Allocation Failure) 333876.171: [ParNew: 423216K->3820K(471872K), 0.0064382 secs] 2762926K->2343885K(4141888K), 0.0065306 secs] [Times: user=0.05 sys=0.00, real=0.01 secs] 
333886.401: [GC (Allocation Failure) 333886.401: [ParNew: 423276K->5170K(471872K), 0.0084282 secs] 2763341K->2346851K(4141888K), 0.0085379 secs] [Times: user=0.06 sys=0.00, real=0.01 secs] 
333895.465: [GC (Allocation Failure) 333895.466: [ParNew: 424626K->9739K(471872K), 0.0073323 secs] 2766307K->2354724K(4141888K), 0.0074356 secs] [Times: user=0.05 sys=0.00, real=0.00 secs] 
333903.146: [GC (Allocation Failure) 333903.146: [ParNew: 429195K->5657K(471872K), 0.0069471 secs] 2774180K->2352411K(4141888K), 0.0070727 secs] [Times: user=0.05 sys=0.00, real=0.00 secs] 
333913.076: [GC (Allocation Failure) 333913.076: [ParNew: 425113K->7130K(471872K), 0.0067082 secs] 2771867K->2357329K(4141888K), 0.0068100 secs] [Times: user=0.05 sys=0.00, real=0.00 secs] 
333920.526: [GC (Allocation Failure) 333920.526: [ParNew: 426586K->4195K(471872K), 0.0067650 secs] 2776785K->2359184K(4141888K), 0.0068769 secs] [Times: user=0.05 sys=0.00, real=0.00 secs] 
333924.952: [GC (Allocation Failure) 333924.952: [ParNew: 423651K->4508K(471872K), 0.0059045 secs] 2778640K->2360969K(4141888K), 0.0060180 secs] [Times: user=0.04 sys=0.00, real=0.01 secs] 
333934.121: [GC (Allocation Failure) 333934.121: [ParNew: 423964K->9776K(471872K), 0.0064195 secs] 2780425K->2368028K(4141888K), 0.0065265 secs] [Times: user=0.04 sys=0.00, real=0.01 secs] 
333943.077: [GC (Allocation Failure) 333943.077: [ParNew: 429232K->6325K(471872K), 0.0086466 secs] 2787484K->2366642K(4141888K), 0.0087354 secs] [Times: user=0.06 sys=0.00, real=0.01 secs] 
333948.460: [GC (Allocation Failure) 333948.460: [ParNew: 425346K->6525K(471872K), 0.0068929 secs] 2785663K->2369698K(4141888K), 0.0069932 secs] [Times: user=0.05 sys=0.00, real=0.01 secs] 
333953.053: [GC (Allocation Failure) 333953.053: [ParNew: 425981K->5935K(471872K), 0.0059331 secs] 2789154K->2370229K(4141888K), 0.0060254 secs] [Times: user=0.04 sys=0.00, real=0.01 secs] 
333955.613: [GC (Allocation Failure) 333955.613: [ParNew: 425391K->5122K(471872K), 0.0060017 secs] 2789685K->2370789K(4141888K), 0.0061040 secs] [Times: user=0.04 sys=0.01, real=0.01 secs] 
333959.824: [GC (Allocation Failure) 333959.824: [ParNew: 424578K->6901K(471872K), 0.0060048 secs] 2790245K->2373387K(4141888K), 0.0061051 secs] [Times: user=0.04 sys=0.01, real=0.01 secs] 
333963.157: [GC (Allocation Failure) 333963.157: [ParNew: 426357K->3163K(471872K), 0.0057981 secs] 2792843K->2372721K(4141888K), 0.0058928 secs] [Times: user=0.04 sys=0.00, real=0.00 secs] 
333967.345: [GC (Allocation Failure) 333967.345: [ParNew: 422619K->6207K(471872K), 0.0064151 secs] 2792177K->2376815K(4141888K), 0.0065219 secs] [Times: user=0.05 sys=0.00, real=0.00 secs] 
333969.143: [GC (Allocation Failure) 333969.143: [ParNew: 425531K->6589K(471872K), 0.0054094 secs] 2796139K->2379700K(4141888K), 0.0055029 secs] [Times: user=0.04 sys=0.00, real=0.01 secs] 
333972.619: [GC (Allocation Failure) 333972.619: [ParNew: 426045K->3945K(471872K), 0.0062523 secs] 2799156K->2380111K(4141888K), 0.0063816 secs] [Times: user=0.04 sys=0.00, real=0.01 secs] 
333974.416: [GC (Allocation Failure) 333974.416: [ParNew: 423383K->5467K(471872K), 0.0058549 secs] 2799549K->2382744K(4141888K), 0.0059580 secs] [Times: user=0.04 sys=0.00, real=0.00 secs] 
333974.938: [GC (Allocation Failure) 333974.938: [ParNew: 424923K->2945K(471872K), 0.0050772 secs] 2802200K->2381267K(4141888K), 0.0051640 secs] [Times: user=0.03 sys=0.00, real=0.00 secs] 
333978.185: [GC (Allocation Failure) 333978.185: [ParNew: 422401K->2377K(471872K), 0.0046288 secs] 2800723K->2380940K(4141888K), 0.0047187 secs] [Times: user=0.03 sys=0.00, real=0.00 secs] 
333982.951: [GC (Allocation Failure) 333982.951: [ParNew: 421833K->4770K(471872K), 0.0053244 secs] 2800396K->2384374K(4141888K), 0.0054173 secs] [Times: user=0.04 sys=0.00, real=0.01 secs] 
333986.836: [GC (Allocation Failure) 333986.836: [ParNew: 424226K->5009K(471872K), 0.0064111 secs] 2803830K->2386825K(4141888K), 0.0065173 secs] [Times: user=0.05 sys=0.00, real=0.00 secs] 
333990.725: [GC (Allocation Failure) 333990.725: [ParNew: 424260K->3698K(471872K), 0.0058787 secs] 2806076K->2386387K(4141888K), 0.0059822 secs] [Times: user=0.04 sys=0.00, real=0.00 secs] 
333993.151: [GC (Allocation Failure) 333993.151: [ParNew: 423154K->4445K(471872K), 0.0090656 secs] 2805843K->2388794K(4141888K), 0.0091721 secs] [Times: user=0.07 sys=0.00, real=0.01 secs] 
333996.594: [GC (Allocation Failure) 333996.594: [ParNew: 423901K->4691K(471872K), 0.0073800 secs] 2808250K->2389558K(4141888K), 0.0074765 secs] [Times: user=0.06 sys=0.00, real=0.00 secs] 
333999.921: [GC (Allocation Failure) 333999.921: [ParNew: 424147K->4410K(471872K), 0.0050186 secs] 2809014K->2390145K(4141888K), 0.0051144 secs] [Times: user=0.03 sys=0.00, real=0.01 secs] 
334009.442: [GC (Allocation Failure) 334009.442: [ParNew: 423295K->14141K(471872K), 0.0065573 secs] 2809030K->2400808K(4141888K), 0.0066604 secs] [Times: user=0.05 sys=0.00, real=0.01 secs] 
334016.340: [GC (Allocation Failure) 334016.340: [ParNew: 433597K->12853K(471872K), 0.0073544 secs] 2820264K->2401570K(4141888K), 0.0074623 secs] [Times: user=0.05 sys=0.00, real=0.01 secs] 
334023.639: [GC (Allocation Failure) 334023.639: [ParNew: 432309K->7801K(471872K), 0.0067850 secs] 2821026K->2397774K(4141888K), 0.0068917 secs] [Times: user=0.05 sys=0.00, real=0.01 secs] 
334030.220: [GC (Allocation Failure) 334030.220: [ParNew: 427229K->6617K(471872K), 0.0073477 secs] 2817202K->2398977K(4141888K), 0.0074523 secs] [Times: user=0.05 sys=0.00, real=0.01 secs] 
334043.095: [GC (Allocation Failure) 334043.095: [ParNew: 426073K->3936K(471872K), 0.0075408 secs] 2818433K->2401286K(4141888K), 0.0076386 secs] [Times: user=0.05 sys=0.00, real=0.00 secs] 
334054.640: [GC (Allocation Failure) 334054.640: [ParNew: 423392K->4103K(471872K), 0.0083868 secs] 2820742K->2403734K(4141888K), 0.0085009 secs] [Times: user=0.06 sys=0.00, real=0.01 secs] 
334067.234: [GC (Allocation Failure) 334067.234: [ParNew: 423559K->4496K(471872K), 0.0073242 secs] 2823190K->2406587K(4141888K), 0.0074224 secs] [Times: user=0.05 sys=0.01, real=0.01 secs] 
334076.095: [GC (Allocation Failure) 334076.095: [ParNew: 423952K->5082K(471872K), 0.0087047 secs] 2826043K->2409586K(4141888K), 0.0088095 secs] [Times: user=0.06 sys=0.00, real=0.00 secs] 
334083.171: [GC (Allocation Failure) 334083.171: [ParNew: 424538K->4430K(471872K), 0.0067406 secs] 2829042K->2410742K(4141888K), 0.0068456 secs] [Times: user=0.05 sys=0.00, real=0.01 secs] 
334093.092: [GC (Allocation Failure) 334093.092: [ParNew: 423886K->6422K(471872K), 0.0068818 secs] 2830198K->2415026K(4141888K), 0.0069895 secs] [Times: user=0.05 sys=0.00, real=0.01 secs] 
334104.797: [GC (Allocation Failure) 334104.797: [ParNew: 425878K->4585K(471872K), 0.0077833 secs] 2834482K->2418136K(4141888K), 0.0079074 secs] [Times: user=0.06 sys=0.00, real=0.01 secs] 
334117.565: [GC (Allocation Failure) 334117.565: [ParNew: 424041K->5159K(471872K), 0.0084577 secs] 2837592K->2421261K(4141888K), 0.0085615 secs] [Times: user=0.06 sys=0.00, real=0.00 secs] 
334126.760: [GC (Allocation Failure) 334126.760: [ParNew: 424615K->4263K(471872K), 0.0077560 secs] 2840717K->2422940K(4141888K), 0.0078537 secs] [Times: user=0.06 sys=0.00, real=0.01 secs] 
334136.068: [GC (Allocation Failure) 334136.068: [ParNew: 423719K->4732K(471872K), 0.0072379 secs] 2842396K->2425481K(4141888K), 0.0073374 secs] [Times: user=0.05 sys=0.00, real=0.01 secs] 
334142.859: [GC (Allocation Failure) 334142.859: [ParNew: 424188K->4554K(471872K), 0.0076086 secs] 2844937K->2427368K(4141888K), 0.0077558 secs] [Times: user=0.06 sys=0.00, real=0.01 secs] 
334151.623: [GC (Allocation Failure) 334151.623: [ParNew: 423700K->18702K(471872K), 0.0169702 secs] 2846515K->2443848K(4141888K), 0.0170839 secs] [Times: user=0.07 sys=0.00, real=0.02 secs] 
334159.854: [GC (Allocation Failure) 334159.854: [ParNew: 438158K->7072K(471872K), 0.0144548 secs] 2863304K->2434594K(4141888K), 0.0145522 secs] [Times: user=0.07 sys=0.00, real=0.01 secs] 
334173.082: [GC (Allocation Failure) 334173.082: [ParNew: 426528K->5453K(471872K), 0.0143100 secs] 2854050K->2437302K(4141888K), 0.0144168 secs] [Times: user=0.06 sys=0.00, real=0.02 secs] 
334183.908: [GC (Allocation Failure) 334183.908: [ParNew: 424909K->5079K(471872K), 0.0093599 secs] 2856758K->2439568K(4141888K), 0.0094508 secs] [Times: user=0.06 sys=0.00, real=0.01 secs] 
334193.172: [GC (Allocation Failure) 334193.172: [ParNew: 424535K->3696K(471872K), 0.0086746 secs] 2859024K->2440331K(4141888K), 0.0087640 secs] [Times: user=0.05 sys=0.00, real=0.01 secs] 
334200.181: [GC (Allocation Failure) 334200.181: [ParNew: 423152K->5549K(471872K), 0.0101457 secs] 2859787K->2444137K(4141888K), 0.0102528 secs] [Times: user=0.05 sys=0.00, real=0.01 secs] 
334204.869: [GC (Allocation Failure) 334204.869: [ParNew: 425005K->5113K(471872K), 0.0087937 secs] 2863593K->2445245K(4141888K), 0.0089481 secs] [Times: user=0.06 sys=0.00, real=0.01 secs] 
334212.701: [GC (Allocation Failure) 334212.701: [ParNew: 424569K->28940K(471872K), 0.0092399 secs] 2864701K->2472159K(4141888K), 0.0093482 secs] [Times: user=0.07 sys=0.00, real=0.01 secs] 
334221.492: [GC (Allocation Failure) 334221.492: [ParNew: 448396K->7807K(471872K), 0.0067496 secs] 2891615K->2455623K(4141888K), 0.0068523 secs] [Times: user=0.05 sys=0.00, real=0.01 secs] 
334224.137: [GC (Allocation Failure) 334224.137: [ParNew: 427263K->6178K(471872K), 0.0066580 secs] 2875079K->2456476K(4141888K), 0.0067641 secs] [Times: user=0.04 sys=0.00, real=0.01 secs] 
334230.954: [GC (Allocation Failure) 334230.954: [ParNew: 425634K->4826K(471872K), 0.0056842 secs] 2875932K->2455825K(4141888K), 0.0057883 secs] [Times: user=0.04 sys=0.00, real=0.00 secs] 
334233.554: [GC (Allocation Failure) 334233.555: [ParNew: 424282K->3609K(471872K), 0.0060479 secs] 2875281K->2455996K(4141888K), 0.0061405 secs] [Times: user=0.04 sys=0.00, real=0.00 secs] 
334237.147: [GC (Allocation Failure) 334237.147: [ParNew: 423065K->2478K(471872K), 0.0055207 secs] 2875452K->2455593K(4141888K), 0.0056080 secs] [Times: user=0.04 sys=0.00, real=0.00 secs] 
334240.937: [GC (Allocation Failure) 334240.937: [ParNew: 421934K->5648K(471872K), 0.0054576 secs] 2875049K->2459433K(4141888K), 0.0055493 secs] [Times: user=0.04 sys=0.00, real=0.00 secs] 
334243.116: [GC (Allocation Failure) 334243.116: [ParNew: 425104K->3848K(471872K), 0.0055688 secs] 2878889K->2458356K(4141888K), 0.0056580 secs] [Times: user=0.04 sys=0.00, real=0.00 secs] 
334246.026: [GC (Allocation Failure) 334246.026: [ParNew: 423231K->4332K(471872K), 0.0082644 secs] 2877739K->2459642K(4141888K), 0.0083825 secs] [Times: user=0.05 sys=0.00, real=0.01 secs] 
334249.964: [GC (Allocation Failure) 334249.964: [ParNew: 423788K->5222K(471872K), 0.0089331 secs] 2879098K->2461513K(4141888K), 0.0090462 secs] [Times: user=0.05 sys=0.00, real=0.00 secs] 
334253.080: [GC (Allocation Failure) 334253.080: [ParNew: 424678K->3370K(471872K), 0.0082380 secs] 2880969K->2460526K(4141888K), 0.0083174 secs] [Times: user=0.04 sys=0.00, real=0.01 secs] 
334256.704: [GC (Allocation Failure) 334256.704: [ParNew: 422826K->3345K(471872K), 0.0070816 secs] 2879982K->2461282K(4141888K), 0.0071749 secs] [Times: user=0.05 sys=0.00, real=0.00 secs] 
334261.013: [GC (Allocation Failure) 334261.013: [ParNew: 422801K->6992K(471872K), 0.0072234 secs] 2880738K->2465810K(4141888K), 0.0073412 secs] [Times: user=0.05 sys=0.00, real=0.01 secs] 
334263.100: [GC (Allocation Failure) 334263.100: [ParNew: 426448K->4307K(471872K), 0.0056873 secs] 2885266K->2464056K(4141888K), 0.0057908 secs] [Times: user=0.04 sys=0.00, real=0.01 secs] 
334266.947: [GC (Allocation Failure) 334266.947: [ParNew: 423344K->8222K(471872K), 0.0058435 secs] 2883094K->2469389K(4141888K), 0.0059502 secs] [Times: user=0.05 sys=0.00, real=0.00 secs] 
334270.814: [GC (Allocation Failure) 334270.814: [ParNew: 427678K->3503K(471872K), 0.0060143 secs] 2888845K->2465604K(4141888K), 0.0061210 secs] [Times: user=0.05 sys=0.00, real=0.01 secs] 
334274.063: [GC (Allocation Failure) 334274.063: [ParNew: 422959K->3049K(471872K), 0.0061429 secs] 2885060K->2466282K(4141888K), 0.0062401 secs] [Times: user=0.05 sys=0.00, real=0.01 secs] 
334276.478: [GC (Allocation Failure) 334276.479: [ParNew: 422505K->4576K(471872K), 0.0056785 secs] 2885738K->2468640K(4141888K), 0.0057995 secs] [Times: user=0.04 sys=0.00, real=0.01 secs] 
334279.947: [GC (Allocation Failure) 334279.947: [ParNew: 424032K->5683K(471872K), 0.0055979 secs] 2888096K->2472807K(4141888K), 0.0056958 secs] [Times: user=0.04 sys=0.00, real=0.00 secs] 
334282.538: [GC (Allocation Failure) 334282.538: [ParNew: 425139K->3417K(471872K), 0.0048292 secs] 2892263K->2471400K(4141888K), 0.0049136 secs] [Times: user=0.03 sys=0.00, real=0.00 secs] 
334285.912: [GC (Allocation Failure) 334285.912: [ParNew: 422873K->3155K(471872K), 0.0054662 secs] 2890856K->2471754K(4141888K), 0.0055713 secs] [Times: user=0.04 sys=0.00, real=0.01 secs] 
334287.988: [GC (Allocation Failure) 334287.988: [ParNew: 422611K->3475K(471872K), 0.0064289 secs] 2891210K->2472912K(4141888K), 0.0065547 secs] [Times: user=0.05 sys=0.00, real=0.01 secs] 
334290.911: [GC (Allocation Failure) 334290.911: [ParNew: 422931K->3162K(471872K), 0.0051361 secs] 2892368K->2473163K(4141888K), 0.0052314 secs] [Times: user=0.04 sys=0.00, real=0.01 secs] 
334293.024: [GC (Allocation Failure) 334293.024: [ParNew: 422618K->6187K(471872K), 0.0064385 secs] 2892619K->2476787K(4141888K), 0.0065462 secs] [Times: user=0.05 sys=0.00, real=0.00 secs] 
334294.990: [GC (Allocation Failure) 334294.990: [ParNew: 425267K->6314K(471872K), 0.0093415 secs] 2895867K->2477381K(4141888K), 0.0094581 secs] [Times: user=0.05 sys=0.01, real=0.01 secs] 
334297.938: [GC (Allocation Failure) 334297.938: [ParNew: 425770K->5547K(471872K), 0.0059894 secs] 2896837K->2477179K(4141888K), 0.0061011 secs] [Times: user=0.05 sys=0.00, real=0.01 secs] 
334303.051: [GC (Allocation Failure) 334303.051: [ParNew: 425003K->4032K(471872K), 0.0051855 secs] 2896635K->2476337K(4141888K), 0.0052837 secs] [Times: user=0.04 sys=0.00, real=0.01 secs] 
334313.150: [GC (Allocation Failure) 334313.150: [ParNew: 423488K->3494K(471872K), 0.0096746 secs] 2895793K->2477265K(4141888K), 0.0098473 secs] [Times: user=0.06 sys=0.00, real=0.01 secs] 
334322.344: [GC (Allocation Failure) 334322.344: [ParNew: 422655K->9165K(471872K), 0.0104284 secs] 2896426K->2485131K(4141888K), 0.0105454 secs] [Times: user=0.06 sys=0.00, real=0.01 secs] 
334333.069: [GC (Allocation Failure) 334333.069: [ParNew: 428621K->5919K(471872K), 0.0126799 secs] 2904587K->2483864K(4141888K), 0.0127855 secs] [Times: user=0.07 sys=0.00, real=0.01 secs] 
334341.045: [GC (Allocation Failure) 334341.045: [ParNew: 425375K->6348K(471872K), 0.0072579 secs] 2903320K->2487607K(4141888K), 0.0073679 secs] [Times: user=0.05 sys=0.00, real=0.00 secs] 
334344.184: [GC (Allocation Failure) 334344.184: [ParNew: 423170K->10866K(471872K), 0.0080660 secs] 2904430K->2496289K(4141888K), 0.0081847 secs] [Times: user=0.06 sys=0.01, real=0.01 secs] 
334344.688: [GC (Allocation Failure) 334344.688: [ParNew: 430322K->7704K(471872K), 0.0055617 secs] 2915745K->2497446K(4141888K), 0.0056525 secs] [Times: user=0.04 sys=0.00, real=0.01 secs] 
334345.246: [GC (Allocation Failure) 334345.246: [ParNew: 427160K->4726K(471872K), 0.0094052 secs] 2916902K->2497435K(4141888K), 0.0095406 secs] [Times: user=0.07 sys=0.00, real=0.01 secs] 
334346.011: [GC (Allocation Failure) 334346.011: [ParNew: 424182K->4107K(471872K), 0.0059563 secs] 2916891K->2497419K(4141888K), 0.0060550 secs] [Times: user=0.05 sys=0.00, real=0.01 secs] 
334346.931: [GC (Allocation Failure) 334346.931: [ParNew: 423563K->4011K(471872K), 0.0052065 secs] 2916875K->2497996K(4141888K), 0.0052997 secs] [Times: user=0.04 sys=0.00, real=0.01 secs] 
334353.133: [GC (Allocation Failure) 334353.133: [ParNew: 423467K->3162K(471872K), 0.0064420 secs] 2917452K->2497654K(4141888K), 0.0065571 secs] [Times: user=0.05 sys=0.00, real=0.01 secs] 
334365.329: [GC (Allocation Failure) 334365.329: [ParNew: 422618K->4027K(471872K), 0.0086508 secs] 2917110K->2499946K(4141888K), 0.0087915 secs] [Times: user=0.06 sys=0.00, real=0.01 secs] 
334375.147: [GC (Allocation Failure) 334375.147: [ParNew: 423386K->5387K(471872K), 0.0077273 secs] 2919305K->2503687K(4141888K), 0.0078614 secs] [Times: user=0.05 sys=0.00, real=0.01 secs] 
334383.134: [GC (Allocation Failure) 334383.134: [ParNew: 424843K->5487K(471872K), 0.0104290 secs] 2923143K->2506333K(4141888K), 0.0105414 secs] [Times: user=0.06 sys=0.00, real=0.01 secs] 
334389.039: [GC (Allocation Failure) 334389.039: [ParNew: 424943K->8486K(471872K), 0.0068494 secs] 2925789K->2511405K(4141888K), 0.0069848 secs] [Times: user=0.05 sys=0.00, real=0.01 secs] 
334393.160: [GC (GCLocker Initiated GC) 334393.160: [ParNew: 427943K->3585K(471872K), 0.0070953 secs] 2930862K->2508912K(4141888K), 0.0071973 secs] [Times: user=0.05 sys=0.00, real=0.01 secs] 
334396.378: [GC (Allocation Failure) 334396.378: [ParNew: 423041K->2609K(471872K), 0.0052143 secs] 2928368K->2509004K(4141888K), 0.0053234 secs] [Times: user=0.04 sys=0.00, real=0.00 secs] 
334398.292: [GC (Allocation Failure) 334398.292: [ParNew: 421695K->7618K(471872K), 0.0060488 secs] 2928090K->2514820K(4141888K), 0.0061636 secs] [Times: user=0.04 sys=0.00, real=0.01 secs] 
334402.475: [GC (Allocation Failure) 334402.475: [ParNew: 427074K->2902K(471872K), 0.0061295 secs] 2934276K->2513064K(4141888K), 0.0062209 secs] [Times: user=0.04 sys=0.00, real=0.00 secs] 
334406.975: [GC (Allocation Failure) 334406.975: [ParNew: 422358K->2446K(471872K), 0.0069787 secs] 2932520K->2513457K(4141888K), 0.0070952 secs] [Times: user=0.05 sys=0.00, real=0.00 secs] 
334410.289: [GC (Allocation Failure) 334410.289: [ParNew: 421902K->6015K(471872K), 0.0052213 secs] 2932913K->2518079K(4141888K), 0.0053259 secs] [Times: user=0.03 sys=0.00, real=0.01 secs] 
334413.081: [GC (Allocation Failure) 334413.081: [ParNew: 425471K->4393K(471872K), 0.0053426 secs] 2937535K->2517128K(4141888K), 0.0054425 secs] [Times: user=0.04 sys=0.00, real=0.01 secs] 
334414.501: [GC (Allocation Failure) 334414.501: [ParNew: 423849K->7037K(471872K), 0.0060182 secs] 2936584K->2520422K(4141888K), 0.0061148 secs] [Times: user=0.05 sys=0.00, real=0.01 secs] 
334423.156: [GC (Allocation Failure) 334423.156: [ParNew: 426493K->4308K(471872K), 0.0068370 secs] 2939878K->2518003K(4141888K), 0.0069563 secs] [Times: user=0.05 sys=0.00, real=0.00 secs] 
334436.003: [GC (Allocation Failure) 334436.003: [ParNew: 423764K->5171K(471872K), 0.0076287 secs] 2937459K->2521155K(4141888K), 0.0077271 secs] [Times: user=0.05 sys=0.00, real=0.01 secs] 
334443.420: [GC (Allocation Failure) 334443.421: [ParNew: 424627K->6527K(471872K), 0.0098376 secs] 2940611K->2525121K(4141888K), 0.0099837 secs] [Times: user=0.07 sys=0.00, real=0.01 secs] 
334453.210: [GC (Allocation Failure) 334453.210: [ParNew: 425983K->5859K(471872K), 0.0131367 secs] 2944577K->2526202K(4141888K), 0.0132461 secs] [Times: user=0.06 sys=0.00, real=0.01 secs] 
334463.098: [GC (Allocation Failure) 334463.098: [ParNew: 425315K->7007K(471872K), 0.0230532 secs] 2945658K->2530441K(4141888K), 0.0231498 secs] [Times: user=0.08 sys=0.00, real=0.02 secs] 
334473.076: [GC (Allocation Failure) 334473.076: [ParNew: 426463K->4480K(471872K), 0.0155122 secs] 2949897K->2532655K(4141888K), 0.0156064 secs] [Times: user=0.07 sys=0.00, real=0.01 secs] 
334483.159: [GC (Allocation Failure) 334483.159: [ParNew: 423936K->4432K(471872K), 0.0087003 secs] 2952111K->2534939K(4141888K), 0.0088149 secs] [Times: user=0.05 sys=0.00, real=0.01 secs] 
334497.711: [GC (Allocation Failure) 334497.711: [ParNew: 423888K->5162K(471872K), 0.0070174 secs] 2954395K->2537702K(4141888K), 0.0071165 secs] [Times: user=0.05 sys=0.00, real=0.01 secs] 
334501.108: [GC (Allocation Failure) 334501.108: [ParNew: 424618K->7052K(471872K), 0.0067734 secs] 2957158K->2542641K(4141888K), 0.0068823 secs] [Times: user=0.05 sys=0.00, real=0.01 secs] 
334506.060: [GC (Allocation Failure) 334506.060: [ParNew: 426508K->3901K(471872K), 0.0067614 secs] 2962097K->2540134K(4141888K), 0.0068640 secs] [Times: user=0.05 sys=0.00, real=0.01 secs] 
334516.188: [GC (Allocation Failure) 334516.188: [ParNew: 423357K->5243K(471872K), 0.0064052 secs] 2959590K->2543091K(4141888K), 0.0065074 secs] [Times: user=0.05 sys=0.00, real=0.01 secs] 
334525.371: [GC (Allocation Failure) 334525.371: [ParNew: 424699K->6559K(471872K), 0.0075104 secs] 2962547K->2548145K(4141888K), 0.0076319 secs] [Times: user=0.05 sys=0.00, real=0.01 secs] 
334537.003: [GC (Allocation Failure) 334537.003: [ParNew: 426015K->5304K(471872K), 0.0075385 secs] 2967601K->2551334K(4141888K), 0.0076444 secs] [Times: user=0.05 sys=0.00, real=0.01 secs] 
334551.741: [GC (Allocation Failure) 334551.741: [ParNew: 424760K->5235K(471872K), 0.0082224 secs] 2970790K->2553817K(4141888K), 0.0083633 secs] [Times: user=0.06 sys=0.00, real=0.01 secs] 
334561.312: [GC (Allocation Failure) 334561.312: [ParNew: 424691K->5894K(471872K), 0.0076797 secs] 2973273K->2557215K(4141888K), 0.0078192 secs] [Times: user=0.06 sys=0.00, real=0.01 secs] 
334566.695: [GC (Allocation Failure) 334566.695: [ParNew: 425350K->4530K(471872K), 0.0068441 secs] 2976671K->2558061K(4141888K), 0.0069534 secs] [Times: user=0.05 sys=0.00, real=0.00 secs] 
334576.553: [GC (Allocation Failure) 334576.553: [ParNew: 423986K->5042K(471872K), 0.0081811 secs] 2977517K->2559939K(4141888K), 0.0083439 secs] [Times: user=0.06 sys=0.00, real=0.01 secs] 
334583.209: [GC (Allocation Failure) 334583.209: [ParNew: 424498K->7366K(471872K), 0.0077688 secs] 2979395K->2565451K(4141888K), 0.0078725 secs] [Times: user=0.05 sys=0.00, real=0.01 secs] 
334586.492: [GC (Allocation Failure) 334586.492: [ParNew: 426822K->4249K(471872K), 0.0092040 secs] 2984907K->2566443K(4141888K), 0.0093082 secs] [Times: user=0.05 sys=0.00, real=0.01 secs] 
334592.691: [GC (Allocation Failure) 334592.691: [ParNew: 423464K->3370K(471872K), 0.0083935 secs] 2985658K->2566608K(4141888K), 0.0085322 secs] [Times: user=0.05 sys=0.00, real=0.01 secs] 
334596.444: [GC (Allocation Failure) 334596.444: [ParNew: 422826K->5626K(471872K), 0.0077994 secs] 2986064K->2570193K(4141888K), 0.0079273 secs] [Times: user=0.06 sys=0.00, real=0.00 secs] 
334601.482: [GC (Allocation Failure) 334601.482: [ParNew: 425082K->6850K(471872K), 0.0064457 secs] 2989649K->2572320K(4141888K), 0.0065745 secs] [Times: user=0.05 sys=0.00, real=0.01 secs] 
334603.536: [GC (Allocation Failure) 334603.536: [ParNew: 426043K->5735K(471872K), 0.0061484 secs] 2991514K->2572221K(4141888K), 0.0062633 secs] [Times: user=0.05 sys=0.00, real=0.00 secs] 
334606.327: [GC (Allocation Failure) 334606.327: [ParNew: 425191K->9147K(471872K), 0.0053687 secs] 2991677K->2576291K(4141888K), 0.0054728 secs] [Times: user=0.04 sys=0.00, real=0.00 secs] 
334608.813: [GC (Allocation Failure) 334608.813: [ParNew: 428189K->8392K(471872K), 0.0054415 secs] 2995333K->2576090K(4141888K), 0.0055796 secs] [Times: user=0.03 sys=0.00, real=0.01 secs] 
334610.432: [GC (Allocation Failure) 334610.432: [ParNew: 427507K->7488K(471872K), 0.0072670 secs] 2995204K->2575743K(4141888K), 0.0073809 secs] [Times: user=0.04 sys=0.00, real=0.01 secs] 
334611.714: [GC (Allocation Failure) 334611.714: [ParNew: 426944K->6204K(471872K), 0.0066269 secs] 2995199K->2574895K(4141888K), 0.0067240 secs] [Times: user=0.04 sys=0.00, real=0.00 secs] 
334613.117: [GC (Allocation Failure) 334613.117: [ParNew: 425660K->3145K(471872K), 0.0071756 secs] 2994351K->2572140K(4141888K), 0.0072803 secs] [Times: user=0.05 sys=0.00, real=0.01 secs] 
334614.873: [GC (Allocation Failure) 334614.873: [ParNew: 422601K->7698K(471872K), 0.0055288 secs] 2991596K->2577212K(4141888K), 0.0056307 secs] [Times: user=0.04 sys=0.00, real=0.01 secs] 
334616.413: [GC (Allocation Failure) 334616.413: [ParNew: 427154K->2932K(471872K), 0.0050681 secs] 2996668K->2572915K(4141888K), 0.0051797 secs] [Times: user=0.04 sys=0.00, real=0.01 secs] 
334617.827: [GC (Allocation Failure) 334617.827: [ParNew: 421603K->4394K(471872K), 0.0081352 secs] 2991587K->2574806K(4141888K), 0.0082339 secs] [Times: user=0.04 sys=0.00, real=0.01 secs] 
334620.874: [GC (Allocation Failure) 334620.874: [ParNew: 423481K->6169K(471872K), 0.0071179 secs] 2993894K->2577150K(4141888K), 0.0072537 secs] [Times: user=0.05 sys=0.00, real=0.00 secs] 
334623.094: [GC (Allocation Failure) 334623.094: [ParNew: 425625K->3846K(471872K), 0.0072836 secs] 2996606K->2576078K(4141888K), 0.0074088 secs] [Times: user=0.05 sys=0.00, real=0.00 secs] 
334625.859: [GC (Allocation Failure) 334625.859: [ParNew: 423302K->6382K(471872K), 0.0066077 secs] 2995534K->2579408K(4141888K), 0.0067130 secs] [Times: user=0.04 sys=0.00, real=0.01 secs] 
334627.983: [GC (Allocation Failure) 334627.983: [ParNew: 425838K->7671K(471872K), 0.0059625 secs] 2998864K->2581567K(4141888K), 0.0060803 secs] [Times: user=0.04 sys=0.00, real=0.01 secs] 
334630.222: [GC (Allocation Failure) 334630.222: [ParNew: 427127K->4476K(471872K), 0.0066702 secs] 3001023K->2578826K(4141888K), 0.0067797 secs] [Times: user=0.04 sys=0.00, real=0.01 secs] 
334639.698: [GC (Allocation Failure) 334639.698: [ParNew: 423932K->3797K(471872K), 0.0069075 secs] 2998282K->2579582K(4141888K), 0.0070379 secs] [Times: user=0.05 sys=0.00, real=0.01 secs] 
334648.889: [GC (Allocation Failure) 334648.889: [ParNew: 423253K->6138K(471872K), 0.0076114 secs] 2999038K->2584805K(4141888K), 0.0077254 secs] [Times: user=0.06 sys=0.00, real=0.01 secs] 
334663.073: [GC (Allocation Failure) 334663.073: [ParNew: 425594K->5195K(471872K), 0.0080211 secs] 3004261K->2588260K(4141888K), 0.0081241 secs] [Times: user=0.06 sys=0.00, real=0.01 secs] 
334673.135: [GC (Allocation Failure) 334673.135: [ParNew: 424651K->5254K(471872K), 0.0101921 secs] 3007716K->2591429K(4141888K), 0.0103033 secs] [Times: user=0.06 sys=0.00, real=0.01 secs] 
334683.136: [GC (Allocation Failure) 334683.136: [ParNew: 424710K->5013K(471872K), 0.0076552 secs] 3010885K->2593478K(4141888K), 0.0077834 secs] [Times: user=0.06 sys=0.00, real=0.00 secs] 
334692.003: [GC (Allocation Failure) 334692.003: [ParNew: 424469K->4360K(471872K), 0.0065686 secs] 3012934K->2595136K(4141888K), 0.0066723 secs] [Times: user=0.05 sys=0.00, real=0.01 secs] 
334703.117: [GC (Allocation Failure) 334703.117: [ParNew: 423816K->4660K(471872K), 0.0069879 secs] 3014592K->2598213K(4141888K), 0.0070987 secs] [Times: user=0.05 sys=0.00, real=0.01 secs] 
334713.078: [GC (Allocation Failure) 334713.078: [ParNew: 424116K->7071K(471872K), 0.0074238 secs] 3017669K->2603093K(4141888K), 0.0075253 secs] [Times: user=0.05 sys=0.00, real=0.01 secs] 
334725.580: [GC (Allocation Failure) 334725.581: [ParNew: 426527K->4183K(471872K), 0.0076997 secs] 3022549K->2605045K(4141888K), 0.0078078 secs] [Times: user=0.05 sys=0.00, real=0.01 secs] 
334741.265: [GC (Allocation Failure) 334741.265: [ParNew: 423639K->4653K(471872K), 0.0080328 secs] 3024501K->2607944K(4141888K), 0.0081578 secs] [Times: user=0.06 sys=0.00, real=0.00 secs] 
334746.451: [GC (Allocation Failure) 334746.451: [ParNew: 423628K->12078K(471872K), 0.0078831 secs] 3026919K->2618328K(4141888K), 0.0080168 secs] [Times: user=0.06 sys=0.00, real=0.01 secs] 
334753.135: [GC (Allocation Failure) 334753.135: [ParNew: 431534K->5311K(471872K), 0.0063347 secs] 3037784K->2612788K(4141888K), 0.0064354 secs] [Times: user=0.04 sys=0.01, real=0.00 secs] 
334763.127: [GC (Allocation Failure) 334763.128: [ParNew: 424767K->5188K(471872K), 0.0076159 secs] 3032244K->2615439K(4141888K), 0.0077190 secs] [Times: user=0.06 sys=0.01, real=0.01 secs] 
334771.314: [GC (Allocation Failure) 334771.314: [ParNew: 424644K->6311K(471872K), 0.0076490 secs] 3034895K->2618882K(4141888K), 0.0077677 secs] [Times: user=0.06 sys=0.00, real=0.00 secs] 
334778.689: [GC (Allocation Failure) 334778.689: [ParNew: 425767K->4383K(471872K), 0.0065412 secs] 3038338K->2621022K(4141888K), 0.0066570 secs] [Times: user=0.04 sys=0.00, real=0.01 secs] 
334784.810: [GC (Allocation Failure) 334784.810: [ParNew: 423839K->3811K(471872K), 0.0069314 secs] 3040478K->2622337K(4141888K), 0.0070302 secs] [Times: user=0.05 sys=0.00, real=0.01 secs] 
334791.123: [GC (Allocation Failure) 334791.123: [ParNew: 423267K->3724K(471872K), 0.0059170 secs] 3041793K->2623683K(4141888K), 0.0060345 secs] [Times: user=0.04 sys=0.00, real=0.01 secs] 
334795.428: [GC (Allocation Failure) 334795.428: [ParNew: 421501K->9503K(471872K), 0.0066073 secs] 3041461K->2630805K(4141888K), 0.0067117 secs] [Times: user=0.05 sys=0.00, real=0.01 secs] 
334795.963: [GC (Allocation Failure) 334795.963: [ParNew: 428959K->8375K(471872K), 0.0066584 secs] 3050261K->2633743K(4141888K), 0.0067563 secs] [Times: user=0.05 sys=0.00, real=0.01 secs] 
334796.502: [GC (Allocation Failure) 334796.502: [ParNew: 427831K->5590K(471872K), 0.0050238 secs] 3053199K->2635163K(4141888K), 0.0051142 secs] [Times: user=0.03 sys=0.00, real=0.01 secs] 
334797.028: [GC (Allocation Failure) 334797.028: [ParNew: 425046K->5019K(471872K), 0.0084570 secs] 3054619K->2637118K(4141888K), 0.0085556 secs] [Times: user=0.06 sys=0.00, real=0.01 secs] 
334797.779: [GC (Allocation Failure) 334797.779: [ParNew: 424475K->4550K(471872K), 0.0072327 secs] 3056574K->2637185K(4141888K), 0.0073392 secs] [Times: user=0.05 sys=0.00, real=0.01 secs] 
334798.347: [GC (Allocation Failure) 334798.347: [ParNew: 424006K->4097K(471872K), 0.0060508 secs] 3056641K->2637326K(4141888K), 0.0061389 secs] [Times: user=0.05 sys=0.00, real=0.00 secs] 
334803.082: [GC (Allocation Failure) 334803.082: [ParNew: 423553K->3941K(471872K), 0.0071237 secs] 3056782K->2637586K(4141888K), 0.0072321 secs] [Times: user=0.04 sys=0.00, real=0.01 secs] 
334808.528: [GC (Allocation Failure) 334808.528: [ParNew: 423397K->3724K(471872K), 0.0079318 secs] 3057042K->2638456K(4141888K), 0.0080327 secs] [Times: user=0.05 sys=0.00, real=0.01 secs] 
334812.652: [GC (Allocation Failure) 334812.652: [ParNew: 423180K->3580K(471872K), 0.0051938 secs] 3057912K->2639654K(4141888K), 0.0052964 secs] [Times: user=0.04 sys=0.00, real=0.01 secs] 
334816.194: [GC (Allocation Failure) 334816.194: [ParNew: 423036K->3954K(471872K), 0.0058258 secs] 3059110K->2641668K(4141888K), 0.0059213 secs] [Times: user=0.04 sys=0.00, real=0.00 secs] 
334821.789: [GC (Allocation Failure) 334821.789: [ParNew: 423410K->3076K(471872K), 0.0087621 secs] 3061124K->2642117K(4141888K), 0.0088910 secs] [Times: user=0.05 sys=0.00, real=0.01 secs] 
334826.808: [GC (Allocation Failure) 334826.808: [ParNew: 422532K->5488K(471872K), 0.0077542 secs] 3061573K->2645991K(4141888K), 0.0078491 secs] [Times: user=0.05 sys=0.00, real=0.01 secs] 
334842.926: [GC (Allocation Failure) 334842.926: [ParNew: 424944K->4184K(471872K), 0.0070390 secs] 3065447K->2648871K(4141888K), 0.0071471 secs] [Times: user=0.05 sys=0.00, real=0.00 secs] 
334853.148: [GC (Allocation Failure) 334853.148: [ParNew: 423640K->4365K(471872K), 0.0074704 secs] 3068327K->2652201K(4141888K), 0.0075689 secs] [Times: user=0.05 sys=0.00, real=0.01 secs] 
334866.507: [GC (Allocation Failure) 334866.507: [ParNew: 423821K->5131K(471872K), 0.0075986 secs] 3071657K->2654962K(4141888K), 0.0077389 secs] [Times: user=0.05 sys=0.00, real=0.01 secs] 
334873.151: [GC (Allocation Failure) 334873.151: [ParNew: 424587K->4224K(471872K), 0.0066877 secs] 3074418K->2656780K(4141888K), 0.0067868 secs] [Times: user=0.05 sys=0.00, real=0.01 secs] 
334888.349: [GC (Allocation Failure) 334888.349: [ParNew: 423680K->5507K(471872K), 0.0080001 secs] 3076236K->2660348K(4141888K), 0.0081186 secs] [Times: user=0.06 sys=0.00, real=0.01 secs] 
334893.183: [GC (Allocation Failure) 334893.183: [ParNew: 423559K->10719K(471872K), 0.0073406 secs] 3078400K->2668802K(4141888K), 0.0074542 secs] [Times: user=0.05 sys=0.00, real=0.01 secs] 
334899.815: [GC (Allocation Failure) 334899.815: [ParNew: 430175K->11019K(471872K), 0.0076208 secs] 3088258K->2672784K(4141888K), 0.0077504 secs] [Times: user=0.06 sys=0.00, real=0.00 secs] 
334907.965: [GC (Allocation Failure) 334907.965: [ParNew: 430475K->7029K(471872K), 0.0069367 secs] 3092240K->2670083K(4141888K), 0.0070607 secs] [Times: user=0.05 sys=0.01, real=0.00 secs] 
334909.452: [GC (Allocation Failure) 334909.452: [ParNew: 426132K->10832K(471872K), 0.0069853 secs] 3089187K->2675961K(4141888K), 0.0070910 secs] [Times: user=0.04 sys=0.00, real=0.01 secs] 
334912.364: [GC (Allocation Failure) 334912.364: [ParNew: 430288K->7697K(471872K), 0.0077570 secs] 3095417K->2673131K(4141888K), 0.0078572 secs] [Times: user=0.04 sys=0.00, real=0.00 secs] 
334914.988: [GC (Allocation Failure) 334914.988: [ParNew: 427153K->7810K(471872K), 0.0097862 secs] 3092587K->2673803K(4141888K), 0.0099001 secs] [Times: user=0.05 sys=0.00, real=0.01 secs] 
334918.922: [GC (Allocation Failure) 334918.922: [ParNew: 425983K->6722K(471872K), 0.0118668 secs] 3091975K->2673432K(4141888K), 0.0119736 secs] [Times: user=0.06 sys=0.00, real=0.02 secs] 
334922.829: [GC (Allocation Failure) 334922.829: [ParNew: 426178K->5650K(471872K), 0.0080998 secs] 3092888K->2673243K(4141888K), 0.0082565 secs] [Times: user=0.06 sys=0.00, real=0.01 secs] 
334924.826: [GC (Allocation Failure) 334924.826: [ParNew: 425106K->2339K(471872K), 0.0058626 secs] 3092699K->2670883K(4141888K), 0.0059680 secs] [Times: user=0.04 sys=0.00, real=0.00 secs] 
334930.287: [GC (Allocation Failure) 334930.287: [ParNew: 421795K->4364K(471872K), 0.0107879 secs] 3090339K->2673446K(4141888K), 0.0108862 secs] [Times: user=0.08 sys=0.00, real=0.01 secs] 
334935.292: [GC (Allocation Failure) 334935.292: [ParNew: 423820K->9446K(471872K), 0.0135050 secs] 3092902K->2679993K(4141888K), 0.0136414 secs] [Times: user=0.07 sys=0.00, real=0.02 secs] 
334945.653: [GC (Allocation Failure) 334945.653: [ParNew: 428902K->5544K(471872K), 0.0076773 secs] 3099449K->2678097K(4141888K), 0.0077797 secs] [Times: user=0.05 sys=0.00, real=0.01 secs] 
334954.402: [GC (Allocation Failure) 334954.402: [ParNew: 425000K->7989K(471872K), 0.0072002 secs] 3097553K->2683307K(4141888K), 0.0073176 secs] [Times: user=0.05 sys=0.01, real=0.01 secs] 
334964.955: [GC (Allocation Failure) 334964.955: [ParNew: 427445K->12176K(471872K), 0.0075520 secs] 3102763K->2691756K(4141888K), 0.0076659 secs] [Times: user=0.05 sys=0.00, real=0.00 secs] 
334975.792: [GC (Allocation Failure) 334975.792: [ParNew: 431632K->5434K(471872K), 0.0072781 secs] 3111212K->2687104K(4141888K), 0.0073759 secs] [Times: user=0.05 sys=0.00, real=0.01 secs] 
334987.228: [GC (Allocation Failure) 334987.228: [ParNew: 424890K->5416K(471872K), 0.0071727 secs] 3106560K->2689290K(4141888K), 0.0072719 secs] [Times: user=0.05 sys=0.00, real=0.01 secs] 
334993.368: [GC (Allocation Failure) 334993.369: [ParNew: 424145K->8249K(471872K), 0.0081206 secs] 3108019K->2694513K(4141888K), 0.0082563 secs] [Times: user=0.06 sys=0.00, real=0.01 secs] 
335001.115: [GC (Allocation Failure) 335001.115: [ParNew: 427705K->8033K(471872K), 0.0069132 secs] 3113969K->2695634K(4141888K), 0.0070443 secs] [Times: user=0.05 sys=0.00, real=0.00 secs] 
335003.254: [GC (Allocation Failure) 335003.254: [ParNew: 427489K->5043K(471872K), 0.0084429 secs] 3115090K->2697466K(4141888K), 0.0085388 secs] [Times: user=0.05 sys=0.00, real=0.00 secs] 
335006.372: [GC (Allocation Failure) 335006.372: [ParNew: 424499K->2258K(471872K), 0.0051185 secs] 3116922K->2695243K(4141888K), 0.0052280 secs] [Times: user=0.04 sys=0.00, real=0.01 secs] 
335010.301: [GC (Allocation Failure) 335010.301: [ParNew: 421714K->3009K(471872K), 0.0053441 secs] 3114699K->2696660K(4141888K), 0.0054454 secs] [Times: user=0.04 sys=0.00, real=0.01 secs] 
335012.478: [GC (Allocation Failure) 335012.478: [ParNew: 422465K->4313K(471872K), 0.0052181 secs] 3116116K->2699170K(4141888K), 0.0053119 secs] [Times: user=0.03 sys=0.01, real=0.00 secs] 
335015.045: [GC (Allocation Failure) 335015.045: [ParNew: 423769K->2882K(471872K), 0.0054756 secs] 3118626K->2700794K(4141888K), 0.0055795 secs] [Times: user=0.04 sys=0.00, real=0.00 secs] 
335017.493: [GC (Allocation Failure) 335017.493: [ParNew: 422338K->2100K(471872K), 0.0057556 secs] 3120250K->2700766K(4141888K), 0.0058787 secs] [Times: user=0.04 sys=0.01, real=0.01 secs] 
335021.305: [GC (Allocation Failure) 335021.305: [ParNew: 421384K->2635K(471872K), 0.0050612 secs] 3120050K->2701826K(4141888K), 0.0051442 secs] [Times: user=0.03 sys=0.00, real=0.00 secs] 
335025.070: [GC (Allocation Failure) 335025.070: [ParNew: 422091K->3499K(471872K), 0.0055656 secs] 3121282K->2703486K(4141888K), 0.0056568 secs] [Times: user=0.04 sys=0.00, real=0.01 secs] 
335026.552: [GC (Allocation Failure) 335026.552: [ParNew: 422850K->3419K(471872K), 0.0058502 secs] 3122837K->2704395K(4141888K), 0.0059516 secs] [Times: user=0.04 sys=0.00, real=0.01 secs] 
335029.136: [GC (Allocation Failure) 335029.136: [ParNew: 422875K->3418K(471872K), 0.0050089 secs] 3123851K->2705756K(4141888K), 0.0051043 secs] [Times: user=0.04 sys=0.00, real=0.00 secs] 
335033.009: [GC (Allocation Failure) 335033.009: [ParNew: 422665K->5625K(471872K), 0.0064428 secs] 3125004K->2708592K(4141888K), 0.0065448 secs] [Times: user=0.05 sys=0.00, real=0.01 secs] 
335034.548: [GC (Allocation Failure) 335034.548: [ParNew: 425081K->2702K(471872K), 0.0053197 secs] 3128048K->2707403K(4141888K), 0.0054109 secs] [Times: user=0.04 sys=0.00, real=0.00 secs] 
335037.199: [GC (Allocation Failure) 335037.199: [ParNew: 422158K->1890K(471872K), 0.0055664 secs] 3126859K->2707092K(4141888K), 0.0056919 secs] [Times: user=0.04 sys=0.00, real=0.01 secs] 
335039.548: [GC (Allocation Failure) 335039.548: [ParNew: 421346K->2397K(471872K), 0.0093524 secs] 3126548K->2708180K(4141888K), 0.0094342 secs] [Times: user=0.04 sys=0.00, real=0.01 secs] 
335042.051: [GC (Allocation Failure) 335042.051: [ParNew: 421853K->4368K(471872K), 0.0056344 secs] 3127636K->2710851K(4141888K), 0.0057340 secs] [Times: user=0.04 sys=0.00, real=0.01 secs] 
335044.099: [GC (Allocation Failure) 335044.099: [ParNew: 423824K->4074K(471872K), 0.0060921 secs] 3130307K->2712032K(4141888K), 0.0062127 secs] [Times: user=0.05 sys=0.00, real=0.01 secs] 
335047.271: [GC (Allocation Failure) 335047.271: [ParNew: 423060K->4091K(471872K), 0.0053024 secs] 3131018K->2712693K(4141888K), 0.0054132 secs] [Times: user=0.04 sys=0.00, real=0.01 secs] 
335048.991: [GC (Allocation Failure) 335048.991: [ParNew: 423355K->6005K(471872K), 0.0055889 secs] 3131957K->2715356K(4141888K), 0.0056927 secs] [Times: user=0.04 sys=0.00, real=0.01 secs] 
335050.124: [GC (Allocation Failure) 335050.124: [ParNew: 425461K->5490K(471872K), 0.0053937 secs] 3134812K->2717390K(4141888K), 0.0055205 secs] [Times: user=0.04 sys=0.00, real=0.00 secs] 
335051.300: [GC (Allocation Failure) 335051.300: [ParNew: 424946K->1783K(471872K), 0.0048764 secs] 3136846K->2714767K(4141888K), 0.0049953 secs] [Times: user=0.04 sys=0.00, real=0.01 secs] 
335053.180: [GC (Allocation Failure) 335053.180: [ParNew: 421239K->2710K(471872K), 0.0085001 secs] 3134223K->2715985K(4141888K), 0.0086296 secs] [Times: user=0.05 sys=0.00, real=0.01 secs] 
335055.111: [GC (Allocation Failure) 335055.111: [ParNew: 422166K->4813K(471872K), 0.0079438 secs] 3135441K->2718856K(4141888K), 0.0080365 secs] [Times: user=0.05 sys=0.00, real=0.01 secs] 
335056.085: [GC (Allocation Failure) 335056.085: [ParNew: 424269K->4998K(471872K), 0.0083881 secs] 3138312K->2719786K(4141888K), 0.0084898 secs] [Times: user=0.04 sys=0.00, real=0.00 secs] 
335057.390: [GC (Allocation Failure) 335057.390: [ParNew: 424412K->2584K(471872K), 0.0122394 secs] 3139201K->2719448K(4141888K), 0.0123489 secs] [Times: user=0.05 sys=0.00, real=0.01 secs] 
335058.823: [GC (Allocation Failure) 335058.823: [ParNew: 421548K->5280K(471872K), 0.0075148 secs] 3138412K->2722491K(4141888K), 0.0076510 secs] [Times: user=0.04 sys=0.00, real=0.01 secs] 
335060.131: [GC (Allocation Failure) 335060.131: [ParNew: 424736K->6165K(471872K), 0.0092166 secs] 3141947K->2723738K(4141888K), 0.0093135 secs] [Times: user=0.04 sys=0.00, real=0.01 secs] 
335061.447: [GC (Allocation Failure) 335061.447: [ParNew: 425621K->5733K(471872K), 0.0064387 secs] 3143194K->2724384K(4141888K), 0.0065668 secs] [Times: user=0.04 sys=0.00, real=0.00 secs] 
335062.046: [GC (Allocation Failure) 335062.046: [ParNew: 425189K->6451K(471872K), 0.0058254 secs] 3143840K->2726399K(4141888K), 0.0059268 secs] [Times: user=0.04 sys=0.00, real=0.00 secs] 
335062.831: [GC (Allocation Failure) 335062.831: [ParNew: 425907K->5930K(471872K), 0.0048210 secs] 3145855K->2726185K(4141888K), 0.0049291 secs] [Times: user=0.03 sys=0.00, real=0.01 secs] 
335063.385: [GC (Allocation Failure) 335063.385: [ParNew: 425318K->3591K(471872K), 0.0054077 secs] 3145573K->2724803K(4141888K), 0.0054978 secs] [Times: user=0.04 sys=0.00, real=0.00 secs] 
335064.594: [GC (Allocation Failure) 335064.594: [ParNew: 422895K->5613K(471872K), 0.0053720 secs] 3144107K->2727861K(4141888K), 0.0054695 secs] [Times: user=0.04 sys=0.01, real=0.00 secs] 
335065.615: [GC (Allocation Failure) 335065.615: [ParNew: 425069K->7591K(471872K), 0.0051330 secs] 3147317K->2730150K(4141888K), 0.0052308 secs] [Times: user=0.04 sys=0.00, real=0.00 secs] 
335067.380: [GC (Allocation Failure) 335067.380: [ParNew: 426673K->4252K(471872K), 0.0047191 secs] 3149233K->2727046K(4141888K), 0.0048066 secs] [Times: user=0.03 sys=0.00, real=0.01 secs] 
335068.511: [GC (Allocation Failure) 335068.511: [ParNew: 423236K->7549K(471872K), 0.0058625 secs] 3146030K->2730792K(4141888K), 0.0059658 secs] [Times: user=0.04 sys=0.00, real=0.01 secs] 
335070.103: [GC (Allocation Failure) 335070.103: [ParNew: 427005K->5382K(471872K), 0.0047790 secs] 3150248K->2730060K(4141888K), 0.0048671 secs] [Times: user=0.03 sys=0.00, real=0.01 secs] 
335071.924: [GC (Allocation Failure) 335071.924: [ParNew: 424838K->5238K(471872K), 0.0051003 secs] 3149516K->2730981K(4141888K), 0.0052256 secs] [Times: user=0.04 sys=0.00, real=0.00 secs] 
335073.121: [GC (Allocation Failure) 335073.121: [ParNew: 424694K->7584K(471872K), 0.0053172 secs] 3150437K->2733842K(4141888K), 0.0054067 secs] [Times: user=0.04 sys=0.00, real=0.01 secs] 
335074.854: [GC (Allocation Failure) 335074.854: [ParNew: 427040K->2397K(471872K), 0.0052928 secs] 3153298K->2731606K(4141888K), 0.0053939 secs] [Times: user=0.04 sys=0.01, real=0.00 secs] 
335076.598: [GC (Allocation Failure) 335076.598: [ParNew: 421853K->4321K(471872K), 0.0056688 secs] 3151062K->2734038K(4141888K), 0.0058004 secs] [Times: user=0.04 sys=0.00, real=0.00 secs] 
335079.944: [GC (Allocation Failure) 335079.944: [ParNew: 423777K->5579K(471872K), 0.0057433 secs] 3153494K->2735668K(4141888K), 0.0058684 secs] [Times: user=0.04 sys=0.00, real=0.01 secs] 
335083.152: [GC (Allocation Failure) 335083.152: [ParNew: 425035K->3339K(471872K), 0.0057085 secs] 3155124K->2734963K(4141888K), 0.0058078 secs] [Times: user=0.04 sys=0.00, real=0.01 secs] 
335086.434: [GC (Allocation Failure) 335086.434: [ParNew: 422673K->5289K(471872K), 0.0057966 secs] 3154297K->2737603K(4141888K), 0.0059060 secs] [Times: user=0.04 sys=0.00, real=0.01 secs] 
335090.286: [GC (Allocation Failure) 335090.286: [ParNew: 424745K->5934K(471872K), 0.0065440 secs] 3157059K->2738907K(4141888K), 0.0066441 secs] [Times: user=0.05 sys=0.00, real=0.00 secs] 
335093.188: [GC (Allocation Failure) 335093.188: [ParNew: 425390K->6953K(471872K), 0.0061271 secs] 3158363K->2740655K(4141888K), 0.0062273 secs] [Times: user=0.04 sys=0.00, real=0.01 secs] 
335096.300: [GC (Allocation Failure) 335096.300: [ParNew: 426409K->7023K(471872K), 0.0148175 secs] 3160111K->2741424K(4141888K), 0.0149198 secs] [Times: user=0.05 sys=0.00, real=0.02 secs] 
335099.392: [GC (Allocation Failure) 335099.392: [ParNew: 426479K->5040K(471872K), 0.0049585 secs] 3160880K->2740041K(4141888K), 0.0050501 secs] [Times: user=0.03 sys=0.00, real=0.01 secs] 
335102.374: [GC (Allocation Failure) 335102.374: [ParNew: 424496K->4162K(471872K), 0.0070258 secs] 3159497K->2740668K(4141888K), 0.0071261 secs] [Times: user=0.04 sys=0.00, real=0.00 secs] 
335103.499: [GC (Allocation Failure) 335103.499: [ParNew: 423618K->5068K(471872K), 0.0078764 secs] 3160124K->2742250K(4141888K), 0.0079756 secs] [Times: user=0.05 sys=0.00, real=0.01 secs] 
335105.770: [GC (Allocation Failure) 335105.770: [ParNew: 424398K->4605K(471872K), 0.0059795 secs] 3161581K->2742801K(4141888K), 0.0060704 secs] [Times: user=0.04 sys=0.00, real=0.01 secs] 
335107.125: [GC (Allocation Failure) 335107.126: [ParNew: 424061K->8164K(471872K), 0.0054377 secs] 3162257K->2747856K(4141888K), 0.0055449 secs] [Times: user=0.04 sys=0.00, real=0.00 secs] 
335109.448: [GC (Allocation Failure) 335109.448: [ParNew: 427620K->3444K(471872K), 0.0050075 secs] 3167312K->2743478K(4141888K), 0.0051131 secs] [Times: user=0.03 sys=0.00, real=0.00 secs] 
335113.056: [GC (Allocation Failure) 335113.056: [ParNew: 422900K->5069K(471872K), 0.0054630 secs] 3162934K->2746196K(4141888K), 0.0055870 secs] [Times: user=0.03 sys=0.00, real=0.00 secs] 
335115.195: [GC (Allocation Failure) 335115.195: [ParNew: 424525K->3128K(471872K), 0.0075680 secs] 3165652K->2746465K(4141888K), 0.0076817 secs] [Times: user=0.04 sys=0.00, real=0.00 secs] 
335116.636: [GC (Allocation Failure) 335116.636: [ParNew: 422584K->11229K(471872K), 0.0062936 secs] 3165921K->2755396K(4141888K), 0.0063945 secs] [Times: user=0.04 sys=0.00, real=0.00 secs] 
335117.124: [GC (Allocation Failure) 335117.124: [ParNew: 430685K->6736K(471872K), 0.0058145 secs] 3174852K->2756806K(4141888K), 0.0059434 secs] [Times: user=0.04 sys=0.00, real=0.00 secs] 
335117.515: [GC (Allocation Failure) 335117.515: [ParNew: 426192K->4265K(471872K), 0.0053359 secs] 3176262K->2757042K(4141888K), 0.0054515 secs] [Times: user=0.04 sys=0.00, real=0.00 secs] 
335117.953: [GC (Allocation Failure) 335117.953: [ParNew: 423721K->5392K(471872K), 0.0088714 secs] 3176498K->2758502K(4141888K), 0.0089675 secs] [Times: user=0.07 sys=0.00, real=0.01 secs] 
335118.570: [GC (Allocation Failure) 335118.570: [ParNew: 424848K->5429K(471872K), 0.0073163 secs] 3177958K->2759069K(4141888K), 0.0074337 secs] [Times: user=0.05 sys=0.00, real=0.01 secs] 
335119.161: [GC (Allocation Failure) 335119.161: [ParNew: 424885K->4127K(471872K), 0.0053923 secs] 3178525K->2758519K(4141888K), 0.0054817 secs] [Times: user=0.04 sys=0.00, real=0.01 secs] 
335119.167: [GC (GCLocker Initiated GC) 335119.167: [ParNew: 4138K->1358K(471872K), 0.0054204 secs] 2758530K->2758689K(4141888K), 0.0054821 secs] [Times: user=0.03 sys=0.00, real=0.00 secs] 
335120.177: [GC (Allocation Failure) 335120.177: [ParNew: 420814K->1697K(471872K), 0.0053099 secs] 3178145K->2759027K(4141888K), 0.0054039 secs] [Times: user=0.04 sys=0.00, real=0.00 secs] 
335122.847: [GC (Allocation Failure) 335122.847: [ParNew: 421153K->3647K(471872K), 0.0058550 secs] 3178483K->2761488K(4141888K), 0.0059597 secs] [Times: user=0.05 sys=0.00, real=0.00 secs] 
335125.503: [GC (Allocation Failure) 335125.503: [ParNew: 423103K->2694K(471872K), 0.0061620 secs] 3180944K->2762183K(4141888K), 0.0062632 secs] [Times: user=0.05 sys=0.00, real=0.01 secs] 
335130.500: [GC (Allocation Failure) 335130.500: [ParNew: 420864K->6193K(471872K), 0.0070934 secs] 3180352K->2766617K(4141888K), 0.0072230 secs] [Times: user=0.06 sys=0.00, real=0.01 secs] 
335133.147: [GC (Allocation Failure) 335133.147: [ParNew: 425649K->4292K(471872K), 0.0067390 secs] 3186073K->2766445K(4141888K), 0.0068445 secs] [Times: user=0.05 sys=0.00, real=0.01 secs] 
335134.421: [GC (Allocation Failure) 335134.421: [ParNew: 423748K->2420K(471872K), 0.0054764 secs] 3185901K->2766575K(4141888K), 0.0055690 secs] [Times: user=0.04 sys=0.00, real=0.01 secs] 
335135.317: [GC (Allocation Failure) 335135.317: [ParNew: 421876K->5344K(471872K), 0.0047959 secs] 3186031K->2770078K(4141888K), 0.0049009 secs] [Times: user=0.03 sys=0.00, real=0.00 secs] 
335138.699: [GC (Allocation Failure) 335138.699: [ParNew: 424662K->9232K(471872K), 0.0057470 secs] 3189396K->2776813K(4141888K), 0.0058448 secs] [Times: user=0.04 sys=0.00, real=0.01 secs] 
335145.307: [GC (Allocation Failure) 335145.307: [ParNew: 428688K->4863K(471872K), 0.0068726 secs] 3196269K->2773814K(4141888K), 0.0069682 secs] [Times: user=0.05 sys=0.00, real=0.01 secs] 
335153.241: [GC (Allocation Failure) 335153.241: [ParNew: 424293K->6858K(471872K), 0.0082310 secs] 3193243K->2777605K(4141888K), 0.0083365 secs] [Times: user=0.06 sys=0.00, real=0.01 secs] 
335163.079: [GC (Allocation Failure) 335163.079: [ParNew: 426314K->6991K(471872K), 0.0081996 secs] 3197061K->2780022K(4141888K), 0.0083047 secs] [Times: user=0.06 sys=0.00, real=0.01 secs] 
335170.461: [GC (Allocation Failure) 335170.461: [ParNew: 426447K->11815K(471872K), 0.0087138 secs] 3199478K->2787545K(4141888K), 0.0088180 secs] [Times: user=0.06 sys=0.00, real=0.01 secs] 
335177.444: [GC (Allocation Failure) 335177.444: [ParNew: 431271K->12893K(471872K), 0.0086035 secs] 3207001K->2791016K(4141888K), 0.0087068 secs] [Times: user=0.06 sys=0.00, real=0.00 secs] 
335185.891: [GC (Allocation Failure) 335185.891: [ParNew: 432349K->12083K(471872K), 0.0088495 secs] 3210472K->2792136K(4141888K), 0.0089580 secs] [Times: user=0.06 sys=0.00, real=0.01 secs] 
335196.185: [GC (Allocation Failure) 335196.185: [ParNew: 431539K->5555K(471872K), 0.0087559 secs] 3211592K->2789237K(4141888K), 0.0088648 secs] [Times: user=0.06 sys=0.00, real=0.00 secs] 
335204.665: [GC (Allocation Failure) 335204.665: [ParNew: 425011K->8376K(471872K), 0.0087837 secs] 3208693K->2795278K(4141888K), 0.0089069 secs] [Times: user=0.06 sys=0.00, real=0.01 secs] 
335216.380: [GC (Allocation Failure) 335216.380: [ParNew: 427832K->5551K(471872K), 0.0101199 secs] 3214734K->2797343K(4141888K), 0.0102449 secs] [Times: user=0.07 sys=0.01, real=0.01 secs] 
335227.502: [GC (Allocation Failure) 335227.502: [ParNew: 425007K->5816K(471872K), 0.0094045 secs] 3216799K->2801544K(4141888K), 0.0095097 secs] [Times: user=0.06 sys=0.00, real=0.01 secs] 
335235.302: [GC (Allocation Failure) 335235.303: [ParNew: 425195K->9429K(471872K), 0.0096084 secs] 3220922K->2808726K(4141888K), 0.0097115 secs] [Times: user=0.06 sys=0.00, real=0.01 secs] 
335239.836: [GC (Allocation Failure) 335239.836: [ParNew: 428885K->6011K(471872K), 0.0114731 secs] 3228182K->2807547K(4141888K), 0.0115772 secs] [Times: user=0.08 sys=0.00, real=0.01 secs] 
335247.454: [GC (Allocation Failure) 335247.454: [ParNew: 425467K->4486K(471872K), 0.0080844 secs] 3227003K->2808246K(4141888K), 0.0082063 secs] [Times: user=0.06 sys=0.00, real=0.01 secs] 
335257.521: [GC (Allocation Failure) 335257.521: [ParNew: 423237K->12172K(471872K), 0.0086729 secs] 3226998K->2818061K(4141888K), 0.0087786 secs] [Times: user=0.07 sys=0.00, real=0.01 secs] 
335263.152: [GC (Allocation Failure) 335263.152: [ParNew: 431628K->8263K(471872K), 0.0091188 secs] 3237517K->2817496K(4141888K), 0.0092124 secs] [Times: user=0.06 sys=0.00, real=0.01 secs] 
335273.078: [GC (Allocation Failure) 335273.078: [ParNew: 427719K->5499K(471872K), 0.0086654 secs] 3236952K->2819136K(4141888K), 0.0087656 secs] [Times: user=0.07 sys=0.00, real=0.01 secs] 
335283.051: [GC (Allocation Failure) 335283.051: [ParNew: 424955K->5813K(471872K), 0.0100179 secs] 3238592K->2822145K(4141888K), 0.0101510 secs] [Times: user=0.06 sys=0.00, real=0.01 secs] 
335287.368: [GC (Allocation Failure) 335287.368: [ParNew: 423071K->7227K(471872K), 0.0074397 secs] 3239403K->2826235K(4141888K), 0.0075364 secs] [Times: user=0.05 sys=0.00, real=0.01 secs] 
335289.407: [GC (Allocation Failure) 335289.407: [ParNew: 426683K->24758K(471872K), 0.0088255 secs] 3245691K->2845588K(4141888K), 0.0089294 secs] [Times: user=0.06 sys=0.00, real=0.01 secs] 
335291.519: [GC (Allocation Failure) 335291.520: [ParNew: 444214K->32324K(471872K), 0.0095387 secs] 3265044K->2853714K(4141888K), 0.0096582 secs] [Times: user=0.07 sys=0.00, real=0.01 secs] 
335293.565: [GC (Allocation Failure) 335293.565: [ParNew: 451780K->35958K(471872K), 0.0088410 secs] 3273170K->2857705K(4141888K), 0.0089496 secs] [Times: user=0.07 sys=0.00, real=0.01 secs] 
335294.595: [GC (Allocation Failure) 335294.595: [ParNew: 455414K->30834K(471872K), 0.0095685 secs] 3277161K->2854153K(4141888K), 0.0096815 secs] [Times: user=0.07 sys=0.00, real=0.01 secs] 
335295.606: [GC (Allocation Failure) 335295.606: [ParNew: 450290K->38569K(471872K), 0.0061137 secs] 3273609K->2862227K(4141888K), 0.0062163 secs] [Times: user=0.04 sys=0.00, real=0.00 secs] 
335296.610: [GC (Allocation Failure) 335296.610: [ParNew: 457340K->31408K(471872K), 0.0065744 secs] 3280997K->2857175K(4141888K), 0.0066771 secs] [Times: user=0.05 sys=0.00, real=0.01 secs] 
335298.421: [GC (Allocation Failure) 335298.421: [ParNew: 450864K->32765K(471872K), 0.0090868 secs] 3276631K->2858768K(4141888K), 0.0091905 secs] [Times: user=0.07 sys=0.00, real=0.01 secs] 
335299.405: [GC (Allocation Failure) 335299.405: [ParNew: 452221K->43248K(471872K), 0.0068103 secs] 3278224K->2869759K(4141888K), 0.0069078 secs] [Times: user=0.05 sys=0.00, real=0.00 secs] 
335299.784: [GC (Allocation Failure) 335299.784: [ParNew: 462704K->29874K(471872K), 0.0063188 secs] 3289215K->2857572K(4141888K), 0.0064211 secs] [Times: user=0.05 sys=0.00, real=0.00 secs] 
335300.466: [GC (Allocation Failure) 335300.466: [ParNew: 449330K->26749K(471872K), 0.0054376 secs] 3277028K->2855563K(4141888K), 0.0055372 secs] [Times: user=0.04 sys=0.00, real=0.00 secs] 
335300.857: [GC (Allocation Failure) 335300.857: [ParNew: 446205K->27983K(471872K), 0.0056085 secs] 3275019K->2857239K(4141888K), 0.0057030 secs] [Times: user=0.04 sys=0.00, real=0.00 secs] 
335301.234: [GC (Allocation Failure) 335301.234: [ParNew: 447071K->11419K(471872K), 0.0048186 secs] 3276327K->2840798K(4141888K), 0.0049091 secs] [Times: user=0.04 sys=0.00, real=0.00 secs] 
335302.561: [GC (Allocation Failure) 335302.561: [ParNew: 430731K->32250K(471872K), 0.0065772 secs] 3260111K->2861784K(4141888K), 0.0066890 secs] [Times: user=0.05 sys=0.00, real=0.01 secs] 
335304.160: [GC (Allocation Failure) 335304.160: [ParNew: 451512K->10007K(471872K), 0.0059671 secs] 3281046K->2840833K(4141888K), 0.0060819 secs] [Times: user=0.04 sys=0.00, real=0.01 secs] 
335304.662: [GC (Allocation Failure) 335304.662: [ParNew: 429463K->26240K(471872K), 0.0086714 secs] 3260289K->2858474K(4141888K), 0.0087797 secs] [Times: user=0.06 sys=0.00, real=0.01 secs] 
335308.022: [GC (Allocation Failure) 335308.022: [ParNew: 445696K->16037K(471872K), 0.0055850 secs] 3277930K->2848400K(4141888K), 0.0056885 secs] [Times: user=0.05 sys=0.00, real=0.01 secs] 
335310.113: [GC (Allocation Failure) 335310.113: [ParNew: 435493K->8522K(471872K), 0.0065005 secs] 3267856K->2844535K(4141888K), 0.0066137 secs] [Times: user=0.05 sys=0.00, real=0.01 secs] 
335313.104: [GC (Allocation Failure) 335313.104: [ParNew: 427978K->5485K(471872K), 0.0059516 secs] 3263991K->2842054K(4141888K), 0.0060539 secs] [Times: user=0.05 sys=0.00, real=0.00 secs] 
335316.407: [GC (Allocation Failure) 335316.407: [ParNew: 424941K->6901K(471872K), 0.0061047 secs] 3261510K->2844452K(4141888K), 0.0061986 secs] [Times: user=0.05 sys=0.00, real=0.00 secs] 
335318.055: [GC (Allocation Failure) 335318.055: [ParNew: 425802K->7329K(471872K), 0.0056380 secs] 3263353K->2847025K(4141888K), 0.0057298 secs] [Times: user=0.05 sys=0.00, real=0.00 secs] 
335319.603: [GC (Allocation Failure) 335319.603: [ParNew: 426785K->24819K(471872K), 0.0055087 secs] 3266481K->2865170K(4141888K), 0.0056080 secs] [Times: user=0.04 sys=0.00, real=0.01 secs] 
335322.042: [GC (Allocation Failure) 335322.043: [ParNew: 444275K->6831K(471872K), 0.0052674 secs] 3284626K->2848654K(4141888K), 0.0053677 secs] [Times: user=0.04 sys=0.00, real=0.01 secs] 
335324.097: [GC (Allocation Failure) 335324.097: [ParNew: 426287K->5267K(471872K), 0.0066085 secs] 3268110K->2850317K(4141888K), 0.0067030 secs] [Times: user=0.05 sys=0.00, real=0.00 secs] 
335325.998: [GC (Allocation Failure) 335325.998: [ParNew: 424723K->7089K(471872K), 0.0053536 secs] 3269773K->2852843K(4141888K), 0.0054353 secs] [Times: user=0.04 sys=0.00, real=0.00 secs] 
335328.236: [GC (Allocation Failure) 335328.236: [ParNew: 426454K->4780K(471872K), 0.0051287 secs] 3272208K->2851154K(4141888K), 0.0052182 secs] [Times: user=0.04 sys=0.00, real=0.00 secs] 
335329.844: [GC (Allocation Failure) 335329.845: [ParNew: 424236K->2858K(471872K), 0.0051994 secs] 3270610K->2849814K(4141888K), 0.0052835 secs] [Times: user=0.03 sys=0.00, real=0.00 secs] 
335331.094: [GC (Allocation Failure) 335331.094: [ParNew: 422314K->3899K(471872K), 0.0045712 secs] 3269270K->2851436K(4141888K), 0.0046528 secs] [Times: user=0.03 sys=0.01, real=0.00 secs] 
335332.925: [GC (Allocation Failure) 335332.925: [ParNew: 423355K->2323K(471872K), 0.0058429 secs] 3270892K->2851070K(4141888K), 0.0059389 secs] [Times: user=0.04 sys=0.00, real=0.00 secs] 
335333.902: [GC (Allocation Failure) 335333.902: [ParNew: 421779K->6898K(471872K), 0.0071891 secs] 3270526K->2856308K(4141888K), 0.0072880 secs] [Times: user=0.05 sys=0.00, real=0.01 secs] 
335336.053: [GC (Allocation Failure) 335336.053: [ParNew: 426354K->7190K(471872K), 0.0058326 secs] 3275764K->2856968K(4141888K), 0.0059240 secs] [Times: user=0.04 sys=0.00, real=0.01 secs] 
335338.064: [GC (Allocation Failure) 335338.064: [ParNew: 426646K->8375K(471872K), 0.0059538 secs] 3276424K->2858950K(4141888K), 0.0060328 secs] [Times: user=0.04 sys=0.01, real=0.00 secs] 
335340.117: [GC (Allocation Failure) 335340.117: [ParNew: 427831K->6030K(471872K), 0.0074351 secs] 3278406K->2858041K(4141888K), 0.0075230 secs] [Times: user=0.04 sys=0.00, real=0.01 secs] 
335341.243: [GC (Allocation Failure) 335341.243: [ParNew: 425486K->4667K(471872K), 0.0055567 secs] 3277497K->2857465K(4141888K), 0.0056510 secs] [Times: user=0.04 sys=0.00, real=0.01 secs] 
335344.815: [GC (Allocation Failure) 335344.815: [ParNew: 424123K->5163K(471872K), 0.0062621 secs] 3276921K->2858898K(4141888K), 0.0063848 secs] [Times: user=0.05 sys=0.00, real=0.00 secs] 
335345.330: [GC (Allocation Failure) 335345.330: [ParNew: 424619K->9448K(471872K), 0.0070831 secs] 3278354K->2865486K(4141888K), 0.0071987 secs] [Times: user=0.05 sys=0.00, real=0.01 secs] 
335345.847: [GC (Allocation Failure) 335345.847: [ParNew: 428904K->6376K(471872K), 0.0050799 secs] 3284942K->2866238K(4141888K), 0.0051745 secs] [Times: user=0.04 sys=0.00, real=0.00 secs] 
335346.406: [GC (Allocation Failure) 335346.406: [ParNew: 425832K->4130K(471872K), 0.0052375 secs] 3285694K->2866359K(4141888K), 0.0053185 secs] [Times: user=0.04 sys=0.00, real=0.00 secs] 
335347.020: [GC (Allocation Failure) 335347.020: [ParNew: 423272K->6407K(471872K), 0.0094420 secs] 3285501K->2869516K(4141888K), 0.0095379 secs] [Times: user=0.07 sys=0.00, real=0.01 secs] 
335347.751: [GC (Allocation Failure) 335347.751: [ParNew: 425863K->4852K(471872K), 0.0056750 secs] 3288972K->2868568K(4141888K), 0.0057791 secs] [Times: user=0.04 sys=0.00, real=0.01 secs] 
335348.266: [GC (Allocation Failure) 335348.266: [ParNew: 424300K->5498K(471872K), 0.0048843 secs] 3288016K->2869954K(4141888K), 0.0049667 secs] [Times: user=0.03 sys=0.00, real=0.00 secs] 
335351.489: [GC (Allocation Failure) 335351.489: [ParNew: 424954K->3909K(471872K), 0.0062201 secs] 3289410K->2868760K(4141888K), 0.0063304 secs] [Times: user=0.05 sys=0.01, real=0.01 secs] 
335354.300: [GC (Allocation Failure) 335354.300: [ParNew: 423365K->8628K(471872K), 0.0071536 secs] 3288216K->2874870K(4141888K), 0.0072882 secs] [Times: user=0.05 sys=0.00, real=0.01 secs] 
335358.810: [GC (Allocation Failure) 335358.810: [ParNew: 428084K->5008K(471872K), 0.0095799 secs] 3294326K->2872359K(4141888K), 0.0096870 secs] [Times: user=0.05 sys=0.00, real=0.01 secs] 
335362.056: [GC (Allocation Failure) 335362.056: [ParNew: 424464K->9378K(471872K), 0.0142019 secs] 3291815K->2878073K(4141888K), 0.0143208 secs] [Times: user=0.05 sys=0.00, real=0.01 secs] 
335368.529: [GC (Allocation Failure) 335368.529: [ParNew: 428824K->10865K(471872K), 0.0092734 secs] 3297518K->2882282K(4141888K), 0.0094109 secs] [Times: user=0.06 sys=0.00, real=0.01 secs] 
335375.477: [GC (Allocation Failure) 335375.477: [ParNew: 430321K->4736K(471872K), 0.0087082 secs] 3301738K->2878085K(4141888K), 0.0088040 secs] [Times: user=0.07 sys=0.00, real=0.01 secs] 
335383.124: [GC (Allocation Failure) 335383.124: [ParNew: 424192K->8312K(471872K), 0.0091976 secs] 3297541K->2883614K(4141888K), 0.0092972 secs] [Times: user=0.06 sys=0.00, real=0.00 secs] 
335393.219: [GC (Allocation Failure) 335393.219: [ParNew: 427768K->5593K(471872K), 0.0084416 secs] 3303070K->2886799K(4141888K), 0.0085436 secs] [Times: user=0.07 sys=0.00, real=0.01 secs] 
335398.734: [GC (Allocation Failure) 335398.734: [ParNew: 425049K->5271K(471872K), 0.0075632 secs] 3306255K->2889528K(4141888K), 0.0076584 secs] [Times: user=0.06 sys=0.00, real=0.00 secs] 
335403.135: [GC (Allocation Failure) 335403.135: [ParNew: 424727K->3264K(471872K), 0.0074701 secs] 3308984K->2889898K(4141888K), 0.0075699 secs] [Times: user=0.06 sys=0.00, real=0.00 secs] 
335409.401: [GC (Allocation Failure) 335409.401: [ParNew: 422720K->4394K(471872K), 0.0073997 secs] 3309354K->2892324K(4141888K), 0.0074957 secs] [Times: user=0.05 sys=0.00, real=0.01 secs] 
335414.029: [GC (Allocation Failure) 335414.030: [ParNew: 423850K->4254K(471872K), 0.0071578 secs] 3311780K->2894882K(4141888K), 0.0072682 secs] [Times: user=0.06 sys=0.00, real=0.01 secs] 
335421.411: [GC (Allocation Failure) 335421.411: [ParNew: 423367K->14967K(471872K), 0.0075113 secs] 3313994K->2907040K(4141888K), 0.0076123 secs] [Times: user=0.05 sys=0.00, real=0.01 secs] 
335431.807: [GC (Allocation Failure) 335431.807: [ParNew: 434423K->6878K(471872K), 0.0077003 secs] 3326496K->2900915K(4141888K), 0.0078085 secs] [Times: user=0.05 sys=0.00, real=0.01 secs] 
335440.650: [GC (Allocation Failure) 335440.651: [ParNew: 426312K->5405K(471872K), 0.0088219 secs] 3320349K->2903033K(4141888K), 0.0089323 secs] [Times: user=0.07 sys=0.00, real=0.01 secs] 
335445.502: [GC (Allocation Failure) 335445.502: [ParNew: 424861K->7309K(471872K), 0.0067782 secs] 3322489K->2907038K(4141888K), 0.0068738 secs] [Times: user=0.05 sys=0.01, real=0.01 secs] 
335453.137: [GC (Allocation Failure) 335453.137: [ParNew: 426765K->5092K(471872K), 0.0074640 secs] 3326494K->2908665K(4141888K), 0.0075642 secs] [Times: user=0.06 sys=0.00, real=0.01 secs] 
335462.026: [GC (Allocation Failure) 335462.026: [ParNew: 424548K->6146K(471872K), 0.0068796 secs] 3328121K->2911484K(4141888K), 0.0069904 secs] [Times: user=0.04 sys=0.00, real=0.00 secs] 
335468.044: [GC (Allocation Failure) 335468.044: [ParNew: 425602K->4347K(471872K), 0.0068442 secs] 3330940K->2912738K(4141888K), 0.0069429 secs] [Times: user=0.05 sys=0.00, real=0.01 secs] 
335475.398: [GC (Allocation Failure) 335475.398: [ParNew: 422523K->12440K(471872K), 0.0085796 secs] 3330914K->2922231K(4141888K), 0.0086806 secs] [Times: user=0.05 sys=0.00, real=0.01 secs] 
335482.485: [GC (Allocation Failure) 335482.485: [ParNew: 431896K->11276K(471872K), 0.0080251 secs] 3341687K->2922840K(4141888K), 0.0081207 secs] [Times: user=0.05 sys=0.00, real=0.00 secs] 
335484.513: [GC (Allocation Failure) 335484.513: [ParNew: 430732K->6340K(471872K), 0.0104797 secs] 3342296K->2920205K(4141888K), 0.0105849 secs] [Times: user=0.08 sys=0.00, real=0.01 secs] 
335493.051: [GC (Allocation Failure) 335493.052: [ParNew: 425796K->4200K(471872K), 0.0071303 secs] 3339661K->2918682K(4141888K), 0.0072271 secs] [Times: user=0.05 sys=0.00, real=0.01 secs] 
335496.571: [GC (Allocation Failure) 335496.571: [ParNew: 423656K->3611K(471872K), 0.0062176 secs] 3338138K->2920771K(4141888K), 0.0063198 secs] [Times: user=0.04 sys=0.00, real=0.01 secs] 
335501.067: [GC (Allocation Failure) 335501.067: [ParNew: 423067K->3224K(471872K), 0.0052641 secs] 3340227K->2921224K(4141888K), 0.0053552 secs] [Times: user=0.04 sys=0.00, real=0.00 secs] 
335504.768: [GC (Allocation Failure) 335504.768: [ParNew: 422680K->7418K(471872K), 0.0059930 secs] 3340680K->2926314K(4141888K), 0.0060912 secs] [Times: user=0.05 sys=0.00, real=0.00 secs] 
335513.121: [GC (Allocation Failure) 335513.121: [ParNew: 426874K->5185K(471872K), 0.0063071 secs] 3345770K->2927578K(4141888K), 0.0064069 secs] [Times: user=0.05 sys=0.00, real=0.01 secs] 
335523.730: [GC (Allocation Failure) 335523.730: [ParNew: 424641K->4656K(471872K), 0.0072123 secs] 3347034K->2929221K(4141888K), 0.0073420 secs] [Times: user=0.05 sys=0.00, real=0.01 secs] 
335531.797: [GC (Allocation Failure) 335531.797: [ParNew: 424091K->5249K(471872K), 0.0065481 secs] 3348657K->2931956K(4141888K), 0.0066642 secs] [Times: user=0.04 sys=0.00, real=0.00 secs] 
335536.387: [GC (Allocation Failure) 335536.387: [ParNew: 424500K->11906K(471872K), 0.0070407 secs] 3351206K->2941407K(4141888K), 0.0071393 secs] [Times: user=0.05 sys=0.00, real=0.00 secs] 
335543.066: [GC (Allocation Failure) 335543.066: [ParNew: 431362K->6420K(471872K), 0.0061114 secs] 3360863K->2937435K(4141888K), 0.0062058 secs] [Times: user=0.04 sys=0.00, real=0.00 secs] 
335547.756: [GC (Allocation Failure) 335547.756: [ParNew: 425876K->4714K(471872K), 0.0060343 secs] 3356891K->2937152K(4141888K), 0.0061264 secs] [Times: user=0.04 sys=0.00, real=0.00 secs] 
335559.176: [GC (Allocation Failure) 335559.176: [ParNew: 424170K->4811K(471872K), 0.0064547 secs] 3356608K->2939422K(4141888K), 0.0065545 secs] [Times: user=0.05 sys=0.00, real=0.00 secs] 
335566.496: [GC (Allocation Failure) 335566.496: [ParNew: 424267K->7089K(471872K), 0.0074828 secs] 3358878K->2943955K(4141888K), 0.0075858 secs] [Times: user=0.06 sys=0.00, real=0.00 secs] 
335571.375: [GC (Allocation Failure) 335571.375: [ParNew: 426545K->35097K(471872K), 0.0102282 secs] 3363411K->2976169K(4141888K), 0.0103340 secs] [Times: user=0.08 sys=0.00, real=0.01 secs] 
335572.538: [GC (Allocation Failure) 335572.538: [ParNew: 454553K->23145K(471872K), 0.0090854 secs] 3395625K->2966880K(4141888K), 0.0091998 secs] [Times: user=0.07 sys=0.00, real=0.01 secs] 
335574.385: [GC (Allocation Failure) 335574.385: [ParNew: 442601K->32477K(471872K), 0.0091395 secs] 3386336K->2976471K(4141888K), 0.0092432 secs] [Times: user=0.07 sys=0.00, real=0.01 secs] 
335576.345: [GC (Allocation Failure) 335576.346: [ParNew: 451933K->36151K(471872K), 0.0066794 secs] 3395927K->2980720K(4141888K), 0.0067828 secs] [Times: user=0.05 sys=0.00, real=0.00 secs] 
335577.340: [GC (Allocation Failure) 335577.340: [ParNew: 453398K->31609K(471872K), 0.0066399 secs] 3397968K->2977745K(4141888K), 0.0067381 secs] [Times: user=0.05 sys=0.00, real=0.01 secs] 
335578.457: [GC (Allocation Failure) 335578.457: [ParNew: 448594K->36082K(471872K), 0.0064553 secs] 3394729K->2982506K(4141888K), 0.0065561 secs] [Times: user=0.05 sys=0.00, real=0.00 secs] 
335580.339: [GC (Allocation Failure) 335580.339: [ParNew: 455538K->13223K(471872K), 0.0062800 secs] 3401962K->2959988K(4141888K), 0.0063831 secs] [Times: user=0.05 sys=0.00, real=0.01 secs] 
335582.336: [GC (Allocation Failure) 335582.336: [ParNew: 432679K->30725K(471872K), 0.0066060 secs] 3379444K->2977950K(4141888K), 0.0067220 secs] [Times: user=0.05 sys=0.00, real=0.00 secs] 
335584.332: [GC (Allocation Failure) 335584.332: [ParNew: 450181K->28625K(471872K), 0.0073915 secs] 3397406K->2976263K(4141888K), 0.0075018 secs] [Times: user=0.06 sys=0.00, real=0.01 secs] 
335589.800: [GC (Allocation Failure) 335589.800: [ParNew: 448081K->8208K(471872K), 0.0067462 secs] 3395719K->2956361K(4141888K), 0.0068629 secs] [Times: user=0.05 sys=0.00, real=0.01 secs] 
335598.036: [GC (Allocation Failure) 335598.036: [ParNew: 427664K->11859K(471872K), 0.0077399 secs] 3375817K->2963707K(4141888K), 0.0078676 secs] [Times: user=0.05 sys=0.01, real=0.00 secs] 
335603.156: [GC (Allocation Failure) 335603.156: [ParNew: 431315K->6616K(471872K), 0.0071811 secs] 3383163K->2961805K(4141888K), 0.0072827 secs] [Times: user=0.05 sys=0.00, real=0.00 secs] 
335613.093: [GC (Allocation Failure) 335613.093: [ParNew: 426072K->5655K(471872K), 0.0064491 secs] 3381261K->2962027K(4141888K), 0.0065635 secs] [Times: user=0.05 sys=0.00, real=0.01 secs] 
335623.141: [GC (Allocation Failure) 335623.141: [ParNew: 425111K->5194K(471872K), 0.0095031 secs] 3381483K->2964722K(4141888K), 0.0095990 secs] [Times: user=0.05 sys=0.00, real=0.01 secs] 
335626.695: [GC (Allocation Failure) 335626.695: [ParNew: 424312K->9656K(471872K), 0.0081481 secs] 3383841K->2972132K(4141888K), 0.0082448 secs] [Times: user=0.06 sys=0.00, real=0.00 secs] 
335628.833: [GC (Allocation Failure) 335628.833: [ParNew: 429112K->12040K(471872K), 0.0090825 secs] 3391588K->2977964K(4141888K), 0.0091890 secs] [Times: user=0.04 sys=0.00, real=0.01 secs] 
335633.876: [GC (Allocation Failure) 335633.876: [ParNew: 431496K->5926K(471872K), 0.0058781 secs] 3397420K->2973203K(4141888K), 0.0059932 secs] [Times: user=0.04 sys=0.00, real=0.00 secs] 
335644.852: [GC (Allocation Failure) 335644.852: [ParNew: 425382K->4625K(471872K), 0.0066878 secs] 3392659K->2974114K(4141888K), 0.0068006 secs] [Times: user=0.05 sys=0.00, real=0.01 secs] 
335653.234: [GC (Allocation Failure) 335653.235: [ParNew: 424081K->5071K(471872K), 0.0137042 secs] 3393570K->2976746K(4141888K), 0.0138177 secs] [Times: user=0.07 sys=0.00, real=0.01 secs] 
335663.159: [GC (Allocation Failure) 335663.159: [ParNew: 424527K->5516K(471872K), 0.0114838 secs] 3396202K->2980693K(4141888K), 0.0115725 secs] [Times: user=0.06 sys=0.00, real=0.01 secs] 
335672.187: [GC (Allocation Failure) 335672.187: [ParNew: 424972K->5076K(471872K), 0.0093996 secs] 3400149K->2982509K(4141888K), 0.0095086 secs] [Times: user=0.05 sys=0.01, real=0.01 secs] 
335679.375: [GC (Allocation Failure) 335679.375: [ParNew: 424532K->4822K(471872K), 0.0099129 secs] 3401965K->2985222K(4141888K), 0.0100545 secs] [Times: user=0.05 sys=0.00, real=0.01 secs] 
335687.931: [GC (Allocation Failure) 335687.931: [ParNew: 424278K->8313K(471872K), 0.0085245 secs] 3404678K->2991126K(4141888K), 0.0086231 secs] [Times: user=0.05 sys=0.00, real=0.01 secs] 
335698.872: [GC (Allocation Failure) 335698.872: [ParNew: 427769K->6192K(471872K), 0.0088231 secs] 3410582K->2993327K(4141888K), 0.0089235 secs] [Times: user=0.05 sys=0.01, real=0.01 secs] 
335709.575: [GC (Allocation Failure) 335709.575: [ParNew: 425648K->4755K(471872K), 0.0103896 secs] 3412783K->2994496K(4141888K), 0.0104985 secs] [Times: user=0.05 sys=0.00, real=0.01 secs] 
335715.461: [GC (Allocation Failure) 335715.461: [ParNew: 424211K->6170K(471872K), 0.0133723 secs] 3413952K->2998015K(4141888K), 0.0134736 secs] [Times: user=0.07 sys=0.00, real=0.02 secs] 
335719.673: [GC (Allocation Failure) 335719.673: [ParNew: 425626K->4919K(471872K), 0.0056972 secs] 3417471K->2999241K(4141888K), 0.0058000 secs] [Times: user=0.04 sys=0.00, real=0.01 secs] 
335725.876: [GC (Allocation Failure) 335725.876: [ParNew: 424375K->11423K(471872K), 0.0102427 secs] 3418697K->3006594K(4141888K), 0.0104222 secs] [Times: user=0.08 sys=0.00, real=0.01 secs] 
335733.079: [GC (Allocation Failure) 335733.079: [ParNew: 430879K->5703K(471872K), 0.0096328 secs] 3426050K->3003268K(4141888K), 0.0098072 secs] [Times: user=0.07 sys=0.00, real=0.01 secs] 
335735.570: [GC (Allocation Failure) 335735.570: [ParNew: 425159K->4447K(471872K), 0.0086868 secs] 3422724K->3004567K(4141888K), 0.0088223 secs] [Times: user=0.07 sys=0.00, real=0.01 secs] 
335736.629: [GC (Allocation Failure) 335736.629: [ParNew: 423903K->4906K(471872K), 0.0069700 secs] 3424023K->3005736K(4141888K), 0.0071129 secs] [Times: user=0.05 sys=0.00, real=0.01 secs] 
335739.164: [GC (Allocation Failure) 335739.164: [ParNew: 424362K->8844K(471872K), 0.0088333 secs] 3425192K->3009928K(4141888K), 0.0089699 secs] [Times: user=0.07 sys=0.00, real=0.00 secs] 
335739.925: [GC (Allocation Failure) 335739.925: [ParNew: 428300K->5717K(471872K), 0.0098804 secs] 3429384K->3007475K(4141888K), 0.0100358 secs] [Times: user=0.06 sys=0.00, real=0.01 secs] 
335742.197: [GC (Allocation Failure) 335742.197: [ParNew: 425173K->8451K(471872K), 0.0093041 secs] 3426931K->3010385K(4141888K), 0.0094966 secs] [Times: user=0.07 sys=0.00, real=0.01 secs] 
335745.643: [GC (Allocation Failure) 335745.643: [ParNew: 427907K->4765K(471872K), 0.0106565 secs] 3429841K->3008247K(4141888K), 0.0108055 secs] [Times: user=0.08 sys=0.01, real=0.02 secs] 
335747.861: [GC (Allocation Failure) 335747.861: [ParNew: 424221K->7626K(471872K), 0.0086185 secs] 3427703K->3012017K(4141888K), 0.0088031 secs] [Times: user=0.06 sys=0.00, real=0.01 secs] 
335748.689: [GC (Allocation Failure) 335748.689: [ParNew: 427082K->24171K(471872K), 0.0145996 secs] 3431473K->3029156K(4141888K), 0.0147640 secs] [Times: user=0.10 sys=0.00, real=0.02 secs] 
335752.326: [GC (Allocation Failure) 335752.326: [ParNew: 443627K->11393K(471872K), 0.0086903 secs] 3448612K->3019103K(4141888K), 0.0089099 secs] [Times: user=0.06 sys=0.00, real=0.01 secs] 
335753.431: [GC (Allocation Failure) 335753.431: [ParNew: 430849K->11693K(471872K), 0.0102300 secs] 3438559K->3020882K(4141888K), 0.0104023 secs] [Times: user=0.08 sys=0.00, real=0.01 secs] 
335754.042: [GC (Allocation Failure) 335754.042: [ParNew: 431149K->8451K(471872K), 0.0106822 secs] 3440338K->3022255K(4141888K), 0.0108228 secs] [Times: user=0.08 sys=0.01, real=0.01 secs] 
335754.341: [GC (Allocation Failure) 335754.341: [ParNew: 427907K->4809K(471872K), 0.0090685 secs] 3441711K->3021559K(4141888K), 0.0092110 secs] [Times: user=0.06 sys=0.00, real=0.01 secs] 
335754.351: [GC (GCLocker Initiated GC) 335754.351: [ParNew: 4818K->716K(471872K), 0.0091545 secs] 3021569K->3020389K(4141888K), 0.0092599 secs] [Times: user=0.04 sys=0.00, real=0.01 secs] 
335754.949: [GC (GCLocker Initiated GC) 335754.949: [ParNew: 420172K->8656K(471872K), 0.0151933 secs] 3439845K->3028330K(4141888K), 0.0153953 secs] [Times: user=0.12 sys=0.00, real=0.02 secs] 
335755.955: [GC (Allocation Failure) 335755.955: [ParNew: 428112K->5005K(471872K), 0.0103484 secs] 3447786K->3028659K(4141888K), 0.0104769 secs] [Times: user=0.08 sys=0.00, real=0.01 secs] 
335756.627: [GC (Allocation Failure) 335756.627: [ParNew: 424461K->4843K(471872K), 0.0092075 secs] 3448115K->3029799K(4141888K), 0.0093842 secs] [Times: user=0.06 sys=0.00, real=0.01 secs] 
335757.874: [GC (Allocation Failure) 335757.874: [ParNew: 424299K->2849K(471872K), 0.0072105 secs] 3449255K->3028884K(4141888K), 0.0073733 secs] [Times: user=0.05 sys=0.01, real=0.00 secs] 
335764.051: [GC (Allocation Failure) 335764.052: [ParNew: 422305K->5794K(471872K), 0.0105066 secs] 3448340K->3032421K(4141888K), 0.0107229 secs] [Times: user=0.07 sys=0.00, real=0.01 secs] 
335772.088: [GC (Allocation Failure) 335772.088: [ParNew: 425250K->7390K(471872K), 0.0113590 secs] 3451877K->3035589K(4141888K), 0.0115410 secs] [Times: user=0.07 sys=0.00, real=0.01 secs] 
335778.682: [GC (Allocation Failure) 335778.682: [ParNew: 426846K->10026K(471872K), 0.0156329 secs] 3455045K->3039854K(4141888K), 0.0158152 secs] [Times: user=0.09 sys=0.00, real=0.02 secs] 
335783.089: [GC (Allocation Failure) 335783.089: [ParNew: 429482K->6106K(471872K), 0.0097955 secs] 3459310K->3038315K(4141888K), 0.0099263 secs] [Times: user=0.07 sys=0.00, real=0.01 secs] 
335786.461: [GC (Allocation Failure) 335786.461: [ParNew: 425562K->5012K(471872K), 0.0099331 secs] 3457771K->3038341K(4141888K), 0.0100939 secs] [Times: user=0.06 sys=0.00, real=0.01 secs] 
335789.500: [GC (Allocation Failure) 335789.500: [ParNew: 424468K->5396K(471872K), 0.0089036 secs] 3457797K->3040362K(4141888K), 0.0090453 secs] [Times: user=0.06 sys=0.00, real=0.01 secs] 
335793.110: [GC (Allocation Failure) 335793.110: [ParNew: 424852K->4040K(471872K), 0.0093917 secs] 3459818K->3040676K(4141888K), 0.0095427 secs] [Times: user=0.06 sys=0.00, real=0.01 secs] 
335795.502: [GC (Allocation Failure) 335795.502: [ParNew: 423496K->3336K(471872K), 0.0086901 secs] 3460132K->3041806K(4141888K), 0.0088540 secs] [Times: user=0.07 sys=0.00, real=0.01 secs] 
335803.075: [GC (Allocation Failure) 335803.075: [ParNew: 422792K->5315K(471872K), 0.0108897 secs] 3461262K->3044265K(4141888K), 0.0110356 secs] [Times: user=0.08 sys=0.00, real=0.01 secs] 
335805.505: [GC (Allocation Failure) 335805.505: [ParNew: 424771K->4985K(471872K), 0.0101993 secs] 3463721K->3045953K(4141888K), 0.0103659 secs] [Times: user=0.07 sys=0.00, real=0.01 secs] 
335808.976: [GC (Allocation Failure) 335808.976: [ParNew: 424441K->2470K(471872K), 0.0084087 secs] 3465409K->3045001K(4141888K), 0.0085449 secs] [Times: user=0.06 sys=0.00, real=0.01 secs] 
335813.141: [GC (Allocation Failure) 335813.141: [ParNew: 421926K->7357K(471872K), 0.0111118 secs] 3464457K->3050785K(4141888K), 0.0112509 secs] [Times: user=0.07 sys=0.00, real=0.01 secs] 
335813.712: [GC (Allocation Failure) 335813.712: [ParNew: 426813K->3023K(471872K), 0.0089546 secs] 3470241K->3050515K(4141888K), 0.0091119 secs] [Times: user=0.06 sys=0.01, real=0.01 secs] 
335823.075: [GC (Allocation Failure) 335823.076: [ParNew: 422479K->4610K(471872K), 0.0091331 secs] 3469971K->3052270K(4141888K), 0.0092985 secs] [Times: user=0.07 sys=0.00, real=0.01 secs] 
335833.071: [GC (Allocation Failure) 335833.071: [ParNew: 424066K->5532K(471872K), 0.0107243 secs] 3471726K->3055666K(4141888K), 0.0108514 secs] [Times: user=0.08 sys=0.00, real=0.01 secs] 
335838.356: [GC (Allocation Failure) 335838.357: [ParNew: 423812K->29687K(471872K), 0.0138682 secs] 3473946K->3082843K(4141888K), 0.0140342 secs] [Times: user=0.10 sys=0.00, real=0.01 secs] 
335840.536: [GC (Allocation Failure) 335840.536: [ParNew: 449143K->23165K(471872K), 0.0188239 secs] 3502299K->3077709K(4141888K), 0.0189929 secs] [Times: user=0.13 sys=0.00, real=0.02 secs] 
335842.421: [GC (Allocation Failure) 335842.421: [ParNew: 442621K->25333K(471872K), 0.0142029 secs] 3497165K->3080426K(4141888K), 0.0143490 secs] [Times: user=0.10 sys=0.00, real=0.02 secs] 
335844.518: [GC (Allocation Failure) 335844.518: [ParNew: 442979K->34480K(471872K), 0.0114645 secs] 3498073K->3091112K(4141888K), 0.0116442 secs] [Times: user=0.08 sys=0.00, real=0.01 secs] 
335846.324: [GC (Allocation Failure) 335846.324: [ParNew: 453936K->31535K(471872K), 0.0084645 secs] 3510568K->3089837K(4141888K), 0.0085961 secs] [Times: user=0.07 sys=0.00, real=0.00 secs] 
335847.421: [GC (Allocation Failure) 335847.421: [ParNew: 450991K->28699K(471872K), 0.0128978 secs] 3509293K->3087466K(4141888K), 0.0130440 secs] [Times: user=0.10 sys=0.00, real=0.02 secs] 
335848.711: [GC (Allocation Failure) 335848.711: [ParNew: 448155K->22421K(471872K), 0.0098073 secs] 3506922K->3081533K(4141888K), 0.0099687 secs] [Times: user=0.07 sys=0.00, real=0.01 secs] 
335849.628: [GC (Allocation Failure) 335849.628: [ParNew: 441877K->33862K(471872K), 0.0119295 secs] 3500989K->3094356K(4141888K), 0.0120868 secs] [Times: user=0.09 sys=0.00, real=0.01 secs] 
335851.423: [GC (Allocation Failure) 335851.423: [ParNew: 453318K->32683K(471872K), 0.0127823 secs] 3513812K->3094319K(4141888K), 0.0129434 secs] [Times: user=0.10 sys=0.00, real=0.02 secs] 
335853.127: [GC (Allocation Failure) 335853.127: [ParNew: 452139K->14526K(471872K), 0.0081637 secs] 3513775K->3076635K(4141888K), 0.0083267 secs] [Times: user=0.06 sys=0.00, real=0.01 secs] 
335855.372: [GC (Allocation Failure) 335855.372: [ParNew: 432938K->33015K(471872K), 0.0117459 secs] 3495048K->3095719K(4141888K), 0.0119418 secs] [Times: user=0.08 sys=0.00, real=0.02 secs] 
335857.210: [GC (Allocation Failure) 335857.210: [ParNew: 452471K->13353K(471872K), 0.0090189 secs] 3515175K->3076814K(4141888K), 0.0092429 secs] [Times: user=0.06 sys=0.01, real=0.01 secs] 
335858.446: [GC (Allocation Failure) 335858.446: [ParNew: 432809K->19632K(471872K), 0.0116983 secs] 3496270K->3084437K(4141888K), 0.0118373 secs] [Times: user=0.09 sys=0.00, real=0.01 secs] 
335859.653: [GC (Allocation Failure) 335859.653: [ParNew: 439088K->29742K(471872K), 0.0115447 secs] 3503893K->3094992K(4141888K), 0.0116808 secs] [Times: user=0.08 sys=0.00, real=0.02 secs] 
335860.810: [GC (Allocation Failure) 335860.810: [ParNew: 449198K->21567K(471872K), 0.0103422 secs] 3514448K->3087085K(4141888K), 0.0104950 secs] [Times: user=0.07 sys=0.01, real=0.01 secs] 
335861.584: [GC (Allocation Failure) 335861.584: [ParNew: 441023K->32982K(471872K), 0.0134414 secs] 3506541K->3098927K(4141888K), 0.0136014 secs] [Times: user=0.10 sys=0.00, real=0.01 secs] 
335862.608: [GC (Allocation Failure) 335862.608: [ParNew: 452438K->34079K(471872K), 0.0117109 secs] 3518383K->3100361K(4141888K), 0.0118549 secs] [Times: user=0.09 sys=0.00, real=0.01 secs] 
335863.157: [GC (Allocation Failure) 335863.157: [ParNew: 453535K->13816K(471872K), 0.0077123 secs] 3519817K->3080405K(4141888K), 0.0078436 secs] [Times: user=0.06 sys=0.00, real=0.01 secs] 
335864.631: [GC (Allocation Failure) 335864.631: [ParNew: 433272K->25145K(471872K), 0.0102318 secs] 3499861K->3092022K(4141888K), 0.0103756 secs] [Times: user=0.08 sys=0.00, real=0.01 secs] 
335865.113: [GC (Allocation Failure) 335865.113: [ParNew: 444601K->32745K(471872K), 0.0112218 secs] 3511478K->3100026K(4141888K), 0.0113616 secs] [Times: user=0.09 sys=0.00, real=0.02 secs] 
335870.679: [GC (Allocation Failure) 335870.679: [ParNew: 452135K->29505K(471872K), 0.0101735 secs] 3519416K->3096886K(4141888K), 0.0103192 secs] [Times: user=0.08 sys=0.00, real=0.01 secs] 
335877.839: [GC (Allocation Failure) 335877.839: [ParNew: 448961K->10356K(471872K), 0.0141736 secs] 3516342K->3082175K(4141888K), 0.0143108 secs] [Times: user=0.11 sys=0.00, real=0.01 secs] 
335885.559: [GC (Allocation Failure) 335885.559: [ParNew: 429812K->11224K(471872K), 0.0134767 secs] 3501631K->3087907K(4141888K), 0.0136255 secs] [Times: user=0.10 sys=0.01, real=0.01 secs] 
335896.675: [GC (Allocation Failure) 335896.675: [ParNew: 430680K->7469K(471872K), 0.0118135 secs] 3507363K->3086402K(4141888K), 0.0120448 secs] [Times: user=0.08 sys=0.01, real=0.01 secs] 
335906.405: [GC (Allocation Failure) 335906.405: [ParNew: 426410K->12086K(471872K), 0.0146466 secs] 3505343K->3093969K(4141888K), 0.0148080 secs] [Times: user=0.09 sys=0.01, real=0.01 secs] 
335913.080: [GC (Allocation Failure) 335913.081: [ParNew: 431542K->6735K(471872K), 0.0099808 secs] 3513425K->3091299K(4141888K), 0.0101018 secs] [Times: user=0.07 sys=0.00, real=0.01 secs] 
335918.380: [GC (Allocation Failure) 335918.380: [ParNew: 426191K->3781K(471872K), 0.0124171 secs] 3510755K->3090711K(4141888K), 0.0125799 secs] [Times: user=0.09 sys=0.00, real=0.01 secs] 
335925.674: [GC (Allocation Failure) 335925.675: [ParNew: 423237K->4647K(471872K), 0.0108585 secs] 3510167K->3092845K(4141888K), 0.0110392 secs] [Times: user=0.08 sys=0.00, real=0.01 secs] 
335931.709: [GC (Allocation Failure) 335931.709: [ParNew: 424103K->7119K(471872K), 0.0086834 secs] 3512301K->3096979K(4141888K), 0.0088173 secs] [Times: user=0.06 sys=0.01, real=0.01 secs] 
335935.391: [GC (Allocation Failure) 335935.391: [ParNew: 426575K->31714K(471872K), 0.0117926 secs] 3516435K->3126253K(4141888K), 0.0119222 secs] [Times: user=0.08 sys=0.01, real=0.01 secs] 
335937.502: [GC (Allocation Failure) 335937.502: [ParNew: 451170K->33414K(471872K), 0.0131131 secs] 3545709K->3129212K(4141888K), 0.0132760 secs] [Times: user=0.10 sys=0.00, real=0.02 secs] 
335946.705: [GC (Allocation Failure) 335946.705: [ParNew: 452870K->7963K(471872K), 0.0119705 secs] 3548668K->3106942K(4141888K), 0.0121359 secs] [Times: user=0.09 sys=0.00, real=0.01 secs] 
335953.104: [GC (Allocation Failure) 335953.104: [ParNew: 427419K->4566K(471872K), 0.0180106 secs] 3526398K->3105463K(4141888K), 0.0181538 secs] [Times: user=0.10 sys=0.00, real=0.01 secs] 
335963.057: [GC (Allocation Failure) 335963.058: [ParNew: 424022K->5963K(471872K), 0.0145595 secs] 3524919K->3108353K(4141888K), 0.0146992 secs] [Times: user=0.08 sys=0.00, real=0.01 secs] 
335970.487: [GC (Allocation Failure) 335970.488: [ParNew: 425419K->12230K(471872K), 0.0120176 secs] 3527809K->3117677K(4141888K), 0.0122085 secs] [Times: user=0.08 sys=0.00, real=0.01 secs] 
335978.315: [GC (Allocation Failure) 335978.315: [ParNew: 431686K->6911K(471872K), 0.0106455 secs] 3537133K->3113810K(4141888K), 0.0109045 secs] [Times: user=0.08 sys=0.00, real=0.01 secs] 
335989.985: [GC (Allocation Failure) 335989.985: [ParNew: 426367K->4991K(471872K), 0.0127169 secs] 3533266K->3114409K(4141888K), 0.0128490 secs] [Times: user=0.09 sys=0.00, real=0.01 secs] 
335994.379: [GC (Allocation Failure) 335994.379: [ParNew: 424447K->13287K(471872K), 0.0140842 secs] 3533865K->3124939K(4141888K), 0.0142990 secs] [Times: user=0.10 sys=0.00, real=0.01 secs] 
336006.935: [GC (Allocation Failure) 336006.935: [ParNew: 432743K->14122K(471872K), 0.0122253 secs] 3544395K->3130332K(4141888K), 0.0124281 secs] [Times: user=0.09 sys=0.00, real=0.01 secs] 
336017.711: [GC (Allocation Failure) 336017.711: [ParNew: 433578K->6152K(471872K), 0.0107984 secs] 3549788K->3124958K(4141888K), 0.0109592 secs] [Times: user=0.07 sys=0.00, real=0.01 secs] 
336024.449: [GC (Allocation Failure) 336024.449: [ParNew: 425608K->10848K(471872K), 0.0111357 secs] 3544414K->3131821K(4141888K), 0.0112755 secs] [Times: user=0.08 sys=0.00, real=0.01 secs] 
336031.363: [GC (Allocation Failure) 336031.363: [ParNew: 429392K->14168K(471872K), 0.0098100 secs] 3550364K->3136757K(4141888K), 0.0099812 secs] [Times: user=0.07 sys=0.00, real=0.01 secs] 
336032.284: [GC (Allocation Failure) 336032.285: [ParNew: 432649K->11016K(471872K), 0.0096472 secs] 3555237K->3136071K(4141888K), 0.0098128 secs] [Times: user=0.07 sys=0.00, real=0.01 secs] 
336032.934: [GC (Allocation Failure) 336032.934: [ParNew: 430472K->6997K(471872K), 0.0084289 secs] 3555527K->3136899K(4141888K), 0.0085749 secs] [Times: user=0.06 sys=0.00, real=0.01 secs] 
336033.547: [GC (Allocation Failure) 336033.547: [ParNew: 426453K->3471K(471872K), 0.0121822 secs] 3556355K->3136581K(4141888K), 0.0123662 secs] [Times: user=0.09 sys=0.00, real=0.01 secs] 
336034.458: [GC (Allocation Failure) 336034.458: [ParNew: 422927K->4463K(471872K), 0.0159293 secs] 3556037K->3138181K(4141888K), 0.0160782 secs] [Times: user=0.12 sys=0.00, real=0.02 secs] 
336035.147: [GC (Allocation Failure) 336035.147: [ParNew: 423919K->5442K(471872K), 0.0077150 secs] 3557637K->3139809K(4141888K), 0.0078435 secs] [Times: user=0.06 sys=0.00, real=0.01 secs] 
336036.307: [GC (Allocation Failure) 336036.307: [ParNew: 424898K->3842K(471872K), 0.0095561 secs] 3559265K->3139782K(4141888K), 0.0097266 secs] [Times: user=0.06 sys=0.01, real=0.01 secs] 
336048.754: [GC (Allocation Failure) 336048.754: [ParNew: 423298K->5497K(471872K), 0.0125262 secs] 3559238K->3142740K(4141888K), 0.0126988 secs] [Times: user=0.09 sys=0.00, real=0.01 secs] 
336054.673: [GC (Allocation Failure) 336054.673: [ParNew: 422533K->31507K(471872K), 0.0137589 secs] 3559776K->3171143K(4141888K), 0.0139164 secs] [Times: user=0.09 sys=0.00, real=0.02 secs] 
336062.826: [GC (Allocation Failure) 336062.826: [ParNew: 450963K->8577K(471872K), 0.0083025 secs] 3590599K->3149496K(4141888K), 0.0084515 secs] [Times: user=0.06 sys=0.00, real=0.01 secs] 
336067.729: [GC (Allocation Failure) 336067.729: [ParNew: 428033K->5280K(471872K), 0.0098130 secs] 3568952K->3150506K(4141888K), 0.0099940 secs] [Times: user=0.07 sys=0.00, real=0.01 secs] 
336076.252: [GC (Allocation Failure) 336076.252: [ParNew: 424736K->4224K(471872K), 0.0092443 secs] 3569962K->3150356K(4141888K), 0.0094026 secs] [Times: user=0.07 sys=0.00, real=0.01 secs] 
336088.667: [GC (Allocation Failure) 336088.667: [ParNew: 423680K->5028K(471872K), 0.0103998 secs] 3569812K->3154046K(4141888K), 0.0105470 secs] [Times: user=0.08 sys=0.00, real=0.01 secs] 
336095.149: [GC (Allocation Failure) 336095.149: [ParNew: 424484K->4541K(471872K), 0.0110250 secs] 3573502K->3156172K(4141888K), 0.0111840 secs] [Times: user=0.08 sys=0.01, real=0.01 secs] 
336109.020: [GC (Allocation Failure) 336109.020: [ParNew: 423997K->5321K(471872K), 0.0099081 secs] 3575628K->3159229K(4141888K), 0.0100462 secs] [Times: user=0.07 sys=0.00, real=0.01 secs] 
336115.664: [GC (Allocation Failure) 336115.664: [ParNew: 424777K->19106K(471872K), 0.0137564 secs] 3578685K->3176474K(4141888K), 0.0139140 secs] [Times: user=0.10 sys=0.00, real=0.01 secs] 
336130.091: [GC (Allocation Failure) 336130.092: [ParNew: 438562K->9858K(471872K), 0.0103093 secs] 3595930K->3171479K(4141888K), 0.0104461 secs] [Times: user=0.07 sys=0.00, real=0.01 secs] 
336142.068: [GC (Allocation Failure) 336142.068: [ParNew: 429314K->6706K(471872K), 0.0106606 secs] 3590935K->3171201K(4141888K), 0.0108021 secs] [Times: user=0.08 sys=0.00, real=0.01 secs] 
336152.057: [GC (Allocation Failure) 336152.057: [ParNew: 426162K->5287K(471872K), 0.0112825 secs] 3590657K->3172117K(4141888K), 0.0114369 secs] [Times: user=0.08 sys=0.00, real=0.01 secs] 
336161.130: [GC (Allocation Failure) 336161.130: [ParNew: 424743K->4311K(471872K), 0.0104558 secs] 3591573K->3173592K(4141888K), 0.0105933 secs] [Times: user=0.07 sys=0.01, real=0.01 secs] 
336170.163: [GC (Allocation Failure) 336170.163: [ParNew: 423767K->4110K(471872K), 0.0104427 secs] 3593048K->3176059K(4141888K), 0.0105679 secs] [Times: user=0.08 sys=0.00, real=0.02 secs] 
336173.129: [GC (Allocation Failure) 336173.129: [ParNew: 423566K->5809K(471872K), 0.0090181 secs] 3595515K->3179593K(4141888K), 0.0091634 secs] [Times: user=0.06 sys=0.01, real=0.01 secs] 
336175.358: [GC (Allocation Failure) 336175.358: [ParNew: 425265K->30233K(471872K), 0.0100563 secs] 3599049K->3205098K(4141888K), 0.0102037 secs] [Times: user=0.07 sys=0.00, real=0.01 secs] 
336176.570: [GC (Allocation Failure) 336176.570: [ParNew: 449689K->31947K(471872K), 0.0146565 secs] 3624554K->3207427K(4141888K), 0.0147863 secs] [Times: user=0.10 sys=0.00, real=0.02 secs] 
336177.563: [GC (Allocation Failure) 336177.563: [ParNew: 451403K->35223K(471872K), 0.0115051 secs] 3626883K->3211054K(4141888K), 0.0116399 secs] [Times: user=0.08 sys=0.00, real=0.02 secs] 
336179.531: [GC (Allocation Failure) 336179.531: [ParNew: 454679K->15586K(471872K), 0.0079479 secs] 3630510K->3194190K(4141888K), 0.0080905 secs] [Times: user=0.06 sys=0.00, real=0.01 secs] 
336181.780: [GC (Allocation Failure) 336181.780: [ParNew: 435003K->6649K(471872K), 0.0066366 secs] 3613608K->3185930K(4141888K), 0.0067612 secs] [Times: user=0.05 sys=0.00, real=0.01 secs] 
336182.684: [GC (Allocation Failure) 336182.684: [ParNew: 426105K->28993K(471872K), 0.0097401 secs] 3605386K->3208903K(4141888K), 0.0098941 secs] [Times: user=0.07 sys=0.00, real=0.01 secs] 
336183.532: [GC (Allocation Failure) 336183.532: [ParNew: 445983K->28732K(471872K), 0.0106928 secs] 3625894K->3209310K(4141888K), 0.0108386 secs] [Times: user=0.08 sys=0.00, real=0.01 secs] 
336183.942: [GC (Allocation Failure) 336183.943: [ParNew: 448188K->25871K(471872K), 0.0169534 secs] 3628766K->3207058K(4141888K), 0.0170873 secs] [Times: user=0.09 sys=0.00, real=0.02 secs] 
336184.703: [GC (Allocation Failure) 336184.703: [ParNew: 444312K->33968K(471872K), 0.0159136 secs] 3625500K->3215382K(4141888K), 0.0160483 secs] [Times: user=0.12 sys=0.00, real=0.02 secs] 
336185.114: [GC (Allocation Failure) 336185.114: [ParNew: 453424K->14427K(471872K), 0.0086351 secs] 3634838K->3196699K(4141888K), 0.0087783 secs] [Times: user=0.06 sys=0.00, real=0.00 secs] 
336185.705: [GC (Allocation Failure) 336185.705: [ParNew: 433883K->24999K(471872K), 0.0127436 secs] 3616155K->3207456K(4141888K), 0.0129143 secs] [Times: user=0.10 sys=0.00, real=0.01 secs] 
336186.603: [GC (Allocation Failure) 336186.603: [ParNew: 444455K->32459K(471872K), 0.0097826 secs] 3626912K->3215177K(4141888K), 0.0099233 secs] [Times: user=0.07 sys=0.00, real=0.01 secs] 
336188.321: [GC (Allocation Failure) 336188.321: [ParNew: 451915K->13039K(471872K), 0.0070912 secs] 3634633K->3196004K(4141888K), 0.0072140 secs] [Times: user=0.06 sys=0.00, real=0.01 secs] 
336188.793: [GC (Allocation Failure) 336188.793: [ParNew: 432495K->31276K(471872K), 0.0132244 secs] 3615460K->3215227K(4141888K), 0.0134390 secs] [Times: user=0.10 sys=0.00, real=0.02 secs] 
336190.959: [GC (Allocation Failure) 336190.959: [ParNew: 450732K->15619K(471872K), 0.0065090 secs] 3634683K->3199673K(4141888K), 0.0066438 secs] [Times: user=0.05 sys=0.00, real=0.01 secs] 
336191.641: [GC (Allocation Failure) 336191.642: [ParNew: 435075K->27196K(471872K), 0.0121981 secs] 3619129K->3211988K(4141888K), 0.0123477 secs] [Times: user=0.09 sys=0.00, real=0.02 secs] 
336192.582: [GC (Allocation Failure) 336192.582: [ParNew: 446652K->35883K(471872K), 0.0096669 secs] 3631444K->3220932K(4141888K), 0.0098139 secs] [Times: user=0.07 sys=0.00, real=0.01 secs] 
336193.032: [GC (Allocation Failure) 336193.032: [ParNew: 455339K->18801K(471872K), 0.0095696 secs] 3640388K->3204495K(4141888K), 0.0097097 secs] [Times: user=0.07 sys=0.00, real=0.01 secs] 
336193.726: [GC (Allocation Failure) 336193.726: [ParNew: 436346K->37380K(471872K), 0.0116457 secs] 3622040K->3223182K(4141888K), 0.0117726 secs] [Times: user=0.09 sys=0.00, real=0.01 secs] 
336194.113: [GC (Allocation Failure) 336194.113: [ParNew: 456836K->35704K(471872K), 0.0137383 secs] 3642638K->3222109K(4141888K), 0.0138648 secs] [Times: user=0.10 sys=0.01, real=0.02 secs] 
336194.900: [GC (Allocation Failure) 336194.900: [ParNew: 455136K->16905K(471872K), 0.0067779 secs] 3641541K->3203466K(4141888K), 0.0069556 secs] [Times: user=0.05 sys=0.00, real=0.01 secs] 
336196.408: [GC (Allocation Failure) 336196.408: [ParNew: 434256K->35878K(471872K), 0.0106175 secs] 3620817K->3222889K(4141888K), 0.0108005 secs] [Times: user=0.08 sys=0.00, real=0.01 secs] 
336197.526: [GC (Allocation Failure) 336197.527: [ParNew: 455334K->30138K(471872K), 0.0089297 secs] 3642345K->3217815K(4141888K), 0.0090963 secs] [Times: user=0.07 sys=0.00, real=0.01 secs] 
336198.613: [GC (Allocation Failure) 336198.613: [ParNew: 449594K->31945K(471872K), 0.0152688 secs] 3637271K->3219949K(4141888K), 0.0154100 secs] [Times: user=0.11 sys=0.00, real=0.02 secs] 
336199.196: [GC (Allocation Failure) 336199.196: [ParNew: 451379K->15997K(471872K), 0.0079273 secs] 3639383K->3204501K(4141888K), 0.0080442 secs] [Times: user=0.05 sys=0.00, real=0.01 secs] 
336199.689: [GC (Allocation Failure) 336199.689: [ParNew: 435453K->11826K(471872K), 0.0066138 secs] 3623957K->3200574K(4141888K), 0.0067678 secs] [Times: user=0.05 sys=0.00, real=0.01 secs] 
336200.571: [GC (Allocation Failure) 336200.571: [ParNew: 428614K->33436K(471872K), 0.0101941 secs] 3617361K->3222381K(4141888K), 0.0103574 secs] [Times: user=0.08 sys=0.00, real=0.01 secs] 
336203.052: [GC (Allocation Failure) 336203.052: [ParNew: 452889K->6967K(471872K), 0.0067797 secs] 3641835K->3197260K(4141888K), 0.0069035 secs] [Times: user=0.05 sys=0.00, real=0.01 secs] 
336203.618: [GC (Allocation Failure) 336203.618: [ParNew: 426423K->31517K(471872K), 0.0126178 secs] 3616716K->3222629K(4141888K), 0.0127450 secs] [Times: user=0.09 sys=0.00, real=0.01 secs] 
336205.474: [GC (Allocation Failure) 336205.474: [ParNew: 448613K->12246K(471872K), 0.0105629 secs] 3639724K->3203675K(4141888K), 0.0106854 secs] [Times: user=0.07 sys=0.00, real=0.01 secs] 
336205.849: [GC (Allocation Failure) 336205.849: [ParNew: 431702K->34803K(471872K), 0.0105736 secs] 3623131K->3226941K(4141888K), 0.0107333 secs] [Times: user=0.08 sys=0.00, real=0.01 secs] 
336206.754: [GC (Allocation Failure) 336206.754: [ParNew: 454259K->26700K(471872K), 0.0127007 secs] 3646397K->3219024K(4141888K), 0.0128594 secs] [Times: user=0.08 sys=0.00, real=0.01 secs] 
336207.538: [GC (Allocation Failure) 336207.538: [ParNew: 446156K->28474K(471872K), 0.0128351 secs] 3638480K->3221104K(4141888K), 0.0129574 secs] [Times: user=0.09 sys=0.00, real=0.01 secs] 
336208.395: [GC (Allocation Failure) 336208.395: [ParNew: 447930K->29943K(471872K), 0.0093006 secs] 3640560K->3223835K(4141888K), 0.0094444 secs] [Times: user=0.07 sys=0.00, real=0.01 secs] 
336208.845: [GC (Allocation Failure) 336208.845: [ParNew: 446700K->35505K(471872K), 0.0097603 secs] 3640593K->3229935K(4141888K), 0.0098947 secs] [Times: user=0.08 sys=0.00, real=0.01 secs] 
336209.584: [GC (Allocation Failure) 336209.584: [ParNew: 454961K->32221K(471872K), 0.0089206 secs] 3649391K->3226780K(4141888K), 0.0090696 secs] [Times: user=0.06 sys=0.00, real=0.01 secs] 
336209.975: [GC (Allocation Failure) 336209.975: [ParNew: 451677K->35624K(471872K), 0.0126309 secs] 3646236K->3230631K(4141888K), 0.0127828 secs] [Times: user=0.09 sys=0.00, real=0.01 secs] 
336210.658: [GC (Allocation Failure) 336210.658: [ParNew: 455080K->33545K(471872K), 0.0120808 secs] 3650087K->3229072K(4141888K), 0.0122171 secs] [Times: user=0.09 sys=0.00, real=0.01 secs] 
336211.132: [GC (Allocation Failure) 336211.132: [ParNew: 453001K->26363K(471872K), 0.0122591 secs] 3648528K->3222103K(4141888K), 0.0124245 secs] [Times: user=0.08 sys=0.00, real=0.02 secs] 
336211.749: [GC (Allocation Failure) 336211.749: [ParNew: 445819K->22242K(471872K), 0.0075278 secs] 3641559K->3218294K(4141888K), 0.0076632 secs] [Times: user=0.05 sys=0.00, real=0.01 secs] 
336212.199: [GC (Allocation Failure) 336212.199: [ParNew: 441786K->30194K(471872K), 0.0124334 secs] 3637839K->3230958K(4141888K), 0.0125759 secs] [Times: user=0.10 sys=0.00, real=0.01 secs] 
336212.216: [GC (GCLocker Initiated GC) 336212.216: [ParNew: 35724K->7581K(471872K), 0.0163220 secs] 3236489K->3225263K(4141888K), 0.0164317 secs] [Times: user=0.09 sys=0.00, real=0.01 secs] 
336212.482: [GC (Allocation Failure) 336212.482: [ParNew: 427037K->25830K(471872K), 0.0108561 secs] 3644719K->3243515K(4141888K), 0.0109864 secs] [Times: user=0.09 sys=0.00, real=0.01 secs] 
336212.746: [GC (Allocation Failure) 336212.746: [ParNew: 445286K->20029K(471872K), 0.0184237 secs] 3662971K->3251939K(4141888K), 0.0185807 secs] [Times: user=0.10 sys=0.00, real=0.02 secs] 
336213.045: [GC (Allocation Failure) 336213.045: [ParNew: 439485K->33676K(471872K), 0.0097625 secs] 3671395K->3265858K(4141888K), 0.0099246 secs] [Times: user=0.07 sys=0.00, real=0.01 secs] 
336213.466: [GC (Allocation Failure) 336213.466: [ParNew: 453132K->10357K(471872K), 0.0079951 secs] 3685314K->3242889K(4141888K), 0.0081265 secs] [Times: user=0.06 sys=0.00, real=0.01 secs] 
336213.772: [GC (Allocation Failure) 336213.772: [ParNew: 429813K->30846K(471872K), 0.0121827 secs] 3662345K->3263822K(4141888K), 0.0123163 secs] [Times: user=0.09 sys=0.00, real=0.02 secs] 
336214.021: [GC (Allocation Failure) 336214.021: [ParNew: 450302K->28875K(471872K), 0.0132873 secs] 3683278K->3262039K(4141888K), 0.0134352 secs] [Times: user=0.10 sys=0.00, real=0.02 secs] 
336214.317: [GC (Allocation Failure) 336214.317: [ParNew: 448331K->30628K(471872K), 0.0120744 secs] 3681495K->3264197K(4141888K), 0.0122195 secs] [Times: user=0.09 sys=0.00, real=0.01 secs] 
336214.858: [GC (Allocation Failure) 336214.858: [ParNew: 450084K->8626K(471872K), 0.0085883 secs] 3683653K->3245375K(4141888K), 0.0087326 secs] [Times: user=0.06 sys=0.00, real=0.01 secs] 
336215.460: [GC (Allocation Failure) 336215.460: [ParNew: 428082K->4608K(471872K), 0.0077923 secs] 3664831K->3242871K(4141888K), 0.0078991 secs] [Times: user=0.06 sys=0.00, real=0.01 secs] 
336216.905: [GC (Allocation Failure) 336216.905: [ParNew: 424064K->2790K(471872K), 0.0064313 secs] 3662327K->3241583K(4141888K), 0.0065404 secs] [Times: user=0.05 sys=0.00, real=0.00 secs] 
336224.595: [GC (Allocation Failure) 336224.595: [ParNew: 422246K->3649K(471872K), 0.0104400 secs] 3661039K->3243169K(4141888K), 0.0105742 secs] [Times: user=0.08 sys=0.00, real=0.01 secs] 
336233.059: [GC (Allocation Failure) 336233.059: [ParNew: 423105K->4963K(471872K), 0.0098714 secs] 3662625K->3246803K(4141888K), 0.0099965 secs] [Times: user=0.07 sys=0.00, real=0.01 secs] 
336237.663: [GC (Allocation Failure) 336237.663: [ParNew: 422722K->18897K(471872K), 0.0153276 secs] 3664562K->3263123K(4141888K), 0.0154657 secs] [Times: user=0.09 sys=0.00, real=0.02 secs] 
336243.089: [GC (Allocation Failure) 336243.089: [ParNew: 438353K->8333K(471872K), 0.0131161 secs] 3682579K->3254075K(4141888K), 0.0132547 secs] [Times: user=0.07 sys=0.00, real=0.01 secs] 
336248.288: [GC (Allocation Failure) 336248.288: [ParNew (promotion failed): 427789K->422920K(471872K), 0.1170527 secs]336248.405: [CMS: 3246665K->1296028K(3670016K), 2.1030366 secs] 3673531K->1296028K(4141888K), [Metaspace: 54954K->54954K(1101824K)], 2.2202900 secs] [Times: user=2.27 sys=0.01, real=2.22 secs] 
336254.074: [GC (Allocation Failure) 336254.074: [ParNew: 419456K->4487K(471872K), 0.0165963 secs] 1715484K->1300515K(4141888K), 0.0167577 secs] [Times: user=0.07 sys=0.00, real=0.01 secs] 
336263.170: [GC (Allocation Failure) 336263.170: [ParNew: 423943K->4632K(471872K), 0.0199011 secs] 1719971K->1302846K(4141888K), 0.0200386 secs] [Times: user=0.09 sys=0.01, real=0.02 secs] 
336268.318: [GC (Allocation Failure) 336268.318: [ParNew: 424088K->4742K(471872K), 0.0151834 secs] 1722302K->1305491K(4141888K), 0.0153082 secs] [Times: user=0.07 sys=0.00, real=0.01 secs] 
336273.109: [GC (Allocation Failure) 336273.109: [ParNew: 424198K->4888K(471872K), 0.0099522 secs] 1724947K->1307278K(4141888K), 0.0100783 secs] [Times: user=0.06 sys=0.00, real=0.01 secs] 
336277.416: [GC (Allocation Failure) 336277.416: [ParNew: 424344K->3395K(471872K), 0.0099779 secs] 1726734K->1307160K(4141888K), 0.0100769 secs] [Times: user=0.06 sys=0.00, real=0.01 secs] 
336292.680: [GC (Allocation Failure) 336292.680: [ParNew: 422851K->5712K(471872K), 0.0087930 secs] 1726616K->1311805K(4141888K), 0.0088878 secs] [Times: user=0.06 sys=0.00, real=0.01 secs] 
336301.072: [GC (Allocation Failure) 336301.072: [ParNew: 425168K->8817K(471872K), 0.0100308 secs] 1731261K->1319052K(4141888K), 0.0101294 secs] [Times: user=0.07 sys=0.00, real=0.01 secs] 
336312.261: [GC (Allocation Failure) 336312.262: [ParNew: 428273K->5229K(471872K), 0.0108898 secs] 1738508K->1320513K(4141888K), 0.0109949 secs] [Times: user=0.08 sys=0.00, real=0.01 secs] 
336322.266: [GC (Allocation Failure) 336322.266: [ParNew: 424685K->6135K(471872K), 0.0107278 secs] 1739969K->1324875K(4141888K), 0.0108501 secs] [Times: user=0.07 sys=0.00, real=0.01 secs] 
336327.382: [GC (Allocation Failure) 336327.382: [ParNew: 425271K->29611K(471872K), 0.0118044 secs] 1744011K->1351505K(4141888K), 0.0119320 secs] [Times: user=0.08 sys=0.00, real=0.01 secs] 
336329.364: [GC (Allocation Failure) 336329.364: [ParNew: 449067K->25765K(471872K), 0.0092261 secs] 1770961K->1349581K(4141888K), 0.0093618 secs] [Times: user=0.06 sys=0.00, real=0.01 secs] 
336330.459: [GC (Allocation Failure) 336330.459: [ParNew: 445221K->28067K(471872K), 0.0098973 secs] 1769037K->1352539K(4141888K), 0.0100047 secs] [Times: user=0.07 sys=0.00, real=0.01 secs] 
336333.134: [GC (Allocation Failure) 336333.134: [ParNew: 447523K->14420K(471872K), 0.0069918 secs] 1771995K->1340230K(4141888K), 0.0070954 secs] [Times: user=0.06 sys=0.00, real=0.00 secs] 
336334.479: [GC (Allocation Failure) 336334.479: [ParNew: 433876K->15477K(471872K), 0.0110943 secs] 1759686K->1342080K(4141888K), 0.0111886 secs] [Times: user=0.07 sys=0.00, real=0.01 secs] 
336335.700: [GC (Allocation Failure) 336335.700: [ParNew: 433486K->28415K(471872K), 0.0104625 secs] 1760089K->1355584K(4141888K), 0.0105747 secs] [Times: user=0.06 sys=0.01, real=0.01 secs] 
336336.490: [GC (Allocation Failure) 336336.490: [ParNew: 447871K->32048K(471872K), 0.0096824 secs] 1775040K->1359830K(4141888K), 0.0097889 secs] [Times: user=0.07 sys=0.00, real=0.01 secs] 
336337.420: [GC (Allocation Failure) 336337.420: [ParNew: 451504K->34563K(471872K), 0.0089110 secs] 1779286K->1362746K(4141888K), 0.0090175 secs] [Times: user=0.07 sys=0.00, real=0.01 secs] 
336339.617: [GC (Allocation Failure) 336339.617: [ParNew: 454019K->30580K(471872K), 0.0079137 secs] 1782202K->1360038K(4141888K), 0.0080201 secs] [Times: user=0.06 sys=0.00, real=0.01 secs] 
336340.044: [GC (Allocation Failure) 336340.044: [ParNew: 450036K->28281K(471872K), 0.0079172 secs] 1779494K->1358562K(4141888K), 0.0080194 secs] [Times: user=0.06 sys=0.00, real=0.00 secs] 
336340.788: [GC (Allocation Failure) 336340.789: [ParNew: 447737K->34188K(471872K), 0.0076813 secs] 1778018K->1364706K(4141888K), 0.0077923 secs] [Times: user=0.06 sys=0.00, real=0.01 secs] 
336342.552: [GC (Allocation Failure) 336342.552: [ParNew: 453644K->23793K(471872K), 0.0076984 secs] 1784162K->1354514K(4141888K), 0.0078021 secs] [Times: user=0.06 sys=0.00, real=0.01 secs] 
336343.116: [GC (Allocation Failure) 336343.116: [ParNew: 443249K->9056K(471872K), 0.0059811 secs] 1773970K->1340335K(4141888K), 0.0060706 secs] [Times: user=0.04 sys=0.00, real=0.00 secs] 
336344.448: [GC (Allocation Failure) 336344.448: [ParNew: 428512K->31323K(471872K), 0.0090961 secs] 1759791K->1362992K(4141888K), 0.0092258 secs] [Times: user=0.07 sys=0.00, real=0.01 secs] 
336346.380: [GC (Allocation Failure) 336346.380: [ParNew: 449179K->30859K(471872K), 0.0075327 secs] 1780848K->1362915K(4141888K), 0.0076508 secs] [Times: user=0.06 sys=0.00, real=0.01 secs] 
336347.548: [GC (Allocation Failure) 336347.548: [ParNew: 448153K->24573K(471872K), 0.0109890 secs] 1780209K->1357278K(4141888K), 0.0111176 secs] [Times: user=0.06 sys=0.00, real=0.01 secs] 
336349.379: [GC (Allocation Failure) 336349.379: [ParNew: 444029K->22594K(471872K), 0.0071896 secs] 1776734K->1355697K(4141888K), 0.0072947 secs] [Times: user=0.05 sys=0.00, real=0.01 secs] 
336349.801: [GC (Allocation Failure) 336349.801: [ParNew: 442050K->27531K(471872K), 0.0068548 secs] 1775153K->1361522K(4141888K), 0.0069648 secs] [Times: user=0.05 sys=0.00, real=0.01 secs] 
336350.580: [GC (Allocation Failure) 336350.580: [ParNew: 446987K->21801K(471872K), 0.0066219 secs] 1780978K->1355904K(4141888K), 0.0067383 secs] [Times: user=0.05 sys=0.01, real=0.01 secs] 
336351.451: [GC (Allocation Failure) 336351.451: [ParNew: 441257K->24621K(471872K), 0.0065047 secs] 1775360K->1359092K(4141888K), 0.0066249 secs] [Times: user=0.05 sys=0.00, real=0.01 secs] 
336351.877: [GC (Allocation Failure) 336351.877: [ParNew: 444077K->15043K(471872K), 0.0094862 secs] 1778548K->1349878K(4141888K), 0.0095867 secs] [Times: user=0.06 sys=0.00, real=0.01 secs] 
336352.753: [GC (Allocation Failure) 336352.753: [ParNew: 434499K->20782K(471872K), 0.0069601 secs] 1769334K->1355730K(4141888K), 0.0070974 secs] [Times: user=0.05 sys=0.00, real=0.01 secs] 
336353.593: [GC (Allocation Failure) 336353.593: [ParNew: 437896K->28780K(471872K), 0.0078281 secs] 1772843K->1364069K(4141888K), 0.0079358 secs] [Times: user=0.06 sys=0.00, real=0.01 secs] 
336354.668: [GC (Allocation Failure) 336354.668: [ParNew: 448236K->12738K(471872K), 0.0073496 secs] 1783525K->1348494K(4141888K), 0.0074680 secs] [Times: user=0.06 sys=0.00, real=0.01 secs] 
336355.530: [GC (Allocation Failure) 336355.530: [ParNew: 432194K->13876K(471872K), 0.0064447 secs] 1767950K->1350035K(4141888K), 0.0065542 secs] [Times: user=0.05 sys=0.00, real=0.01 secs] 
336357.385: [GC (Allocation Failure) 336357.385: [ParNew: 433332K->28300K(471872K), 0.0061491 secs] 1769491K->1364717K(4141888K), 0.0062564 secs] [Times: user=0.05 sys=0.00, real=0.00 secs] 
336358.621: [GC (Allocation Failure) 336358.621: [ParNew: 447756K->10629K(471872K), 0.0062542 secs] 1784173K->1347654K(4141888K), 0.0063513 secs] [Times: user=0.04 sys=0.00, real=0.01 secs] 
336359.546: [GC (Allocation Failure) 336359.546: [ParNew: 430085K->9337K(471872K), 0.0061135 secs] 1767110K->1346959K(4141888K), 0.0062564 secs] [Times: user=0.04 sys=0.00, real=0.00 secs] 
336359.868: [GC (Allocation Failure) 336359.868: [ParNew: 428474K->35804K(471872K), 0.0074100 secs] 1766096K->1373737K(4141888K), 0.0075595 secs] [Times: user=0.06 sys=0.00, real=0.01 secs] 
336361.398: [GC (Allocation Failure) 336361.398: [ParNew: 455260K->25507K(471872K), 0.0072400 secs] 1793193K->1366158K(4141888K), 0.0073889 secs] [Times: user=0.05 sys=0.00, real=0.01 secs] 
336362.526: [GC (Allocation Failure) 336362.526: [ParNew: 444963K->25183K(471872K), 0.0062832 secs] 1785614K->1366520K(4141888K), 0.0063972 secs] [Times: user=0.05 sys=0.00, real=0.00 secs] 
336364.361: [GC (Allocation Failure) 336364.361: [ParNew: 444639K->21797K(471872K), 0.0068585 secs] 1785976K->1363511K(4141888K), 0.0069809 secs] [Times: user=0.05 sys=0.00, real=0.01 secs] 
336366.488: [GC (Allocation Failure) 336366.488: [ParNew: 441253K->28809K(471872K), 0.0088126 secs] 1782967K->1371175K(4141888K), 0.0089470 secs] [Times: user=0.06 sys=0.00, real=0.01 secs] 
336367.590: [GC (Allocation Failure) 336367.590: [ParNew: 447245K->36181K(471872K), 0.0077813 secs] 1789610K->1379906K(4141888K), 0.0079028 secs] [Times: user=0.05 sys=0.00, real=0.01 secs] 
336368.548: [GC (Allocation Failure) 336368.548: [ParNew: 453300K->16266K(471872K), 0.0078375 secs] 1797025K->1360491K(4141888K), 0.0079774 secs] [Times: user=0.05 sys=0.00, real=0.01 secs] 
336368.982: [GC (Allocation Failure) 336368.982: [ParNew: 435722K->26314K(471872K), 0.0072458 secs] 1779947K->1371080K(4141888K), 0.0073771 secs] [Times: user=0.05 sys=0.00, real=0.01 secs] 
336369.795: [GC (Allocation Failure) 336369.795: [ParNew: 445646K->12989K(471872K), 0.0052179 secs] 1790412K->1358140K(4141888K), 0.0053112 secs] [Times: user=0.04 sys=0.00, real=0.00 secs] 
336370.220: [GC (Allocation Failure) 336370.220: [ParNew: 432445K->26806K(471872K), 0.0096338 secs] 1777596K->1372289K(4141888K), 0.0097418 secs] [Times: user=0.08 sys=0.00, real=0.01 secs] 
336370.826: [GC (Allocation Failure) 336370.826: [ParNew: 446262K->30774K(471872K), 0.0085131 secs] 1791745K->1376578K(4141888K), 0.0086251 secs] [Times: user=0.06 sys=0.00, real=0.01 secs] 
336376.791: [GC (Allocation Failure) 336376.791: [ParNew: 450230K->15844K(471872K), 0.0074117 secs] 1796034K->1364674K(4141888K), 0.0075263 secs] [Times: user=0.06 sys=0.00, real=0.01 secs] 
336383.076: [GC (Allocation Failure) 336383.076: [ParNew: 435300K->4997K(471872K), 0.0089400 secs] 1784130K->1355505K(4141888K), 0.0090406 secs] [Times: user=0.06 sys=0.00, real=0.01 secs] 
336386.206: [GC (Allocation Failure) 336386.207: [ParNew: 424453K->5760K(471872K), 0.0083721 secs] 1774961K->1358100K(4141888K), 0.0084978 secs] [Times: user=0.06 sys=0.00, real=0.01 secs] 
336389.763: [GC (Allocation Failure) 336389.763: [ParNew: 425216K->10852K(471872K), 0.0078160 secs] 1777556K->1364337K(4141888K), 0.0079503 secs] [Times: user=0.05 sys=0.00, real=0.01 secs] 
336390.790: [GC (Allocation Failure) 336390.790: [ParNew: 427934K->15032K(471872K), 0.0095348 secs] 1781419K->1370434K(4141888K), 0.0096716 secs] [Times: user=0.07 sys=0.00, real=0.01 secs] 
336391.364: [GC (Allocation Failure) 336391.364: [ParNew: 433788K->6859K(471872K), 0.0062530 secs] 1789190K->1369311K(4141888K), 0.0063576 secs] [Times: user=0.05 sys=0.00, real=0.00 secs] 
336391.936: [GC (Allocation Failure) 336391.936: [ParNew: 426315K->11514K(471872K), 0.0109456 secs] 1788767K->1377111K(4141888K), 0.0110584 secs] [Times: user=0.08 sys=0.00, real=0.01 secs] 
336392.611: [GC (Allocation Failure) 336392.611: [ParNew: 430525K->6609K(471872K), 0.0100111 secs] 1796123K->1373680K(4141888K), 0.0101137 secs] [Times: user=0.08 sys=0.00, real=0.01 secs] 
336393.096: [GC (Allocation Failure) 336393.096: [ParNew: 426065K->5640K(471872K), 0.0067572 secs] 1793136K->1373357K(4141888K), 0.0068408 secs] [Times: user=0.05 sys=0.00, real=0.00 secs] 
336393.617: [GC (Allocation Failure) 336393.617: [ParNew: 425096K->4893K(471872K), 0.0073271 secs] 1792813K->1374403K(4141888K), 0.0074232 secs] [Times: user=0.05 sys=0.00, real=0.01 secs] 
336398.374: [GC (Allocation Failure) 336398.374: [ParNew: 424349K->6392K(471872K), 0.0072112 secs] 1793859K->1376352K(4141888K), 0.0073110 secs] [Times: user=0.04 sys=0.00, real=0.00 secs] 
336407.161: [GC (Allocation Failure) 336407.161: [ParNew: 425848K->7675K(471872K), 0.0096354 secs] 1795808K->1378942K(4141888K), 0.0097568 secs] [Times: user=0.07 sys=0.00, real=0.01 secs] 
336412.119: [GC (Allocation Failure) 336412.119: [ParNew: 426825K->6377K(471872K), 0.0092552 secs] 1798092K->1381297K(4141888K), 0.0093772 secs] [Times: user=0.07 sys=0.00, real=0.01 secs] 
336415.371: [GC (Allocation Failure) 336415.371: [ParNew: 425634K->6686K(471872K), 0.0080173 secs] 1800553K->1383117K(4141888K), 0.0081560 secs] [Times: user=0.06 sys=0.00, real=0.01 secs] 
336420.679: [GC (Allocation Failure) 336420.679: [ParNew: 426142K->25022K(471872K), 0.0100495 secs] 1802573K->1403424K(4141888K), 0.0101674 secs] [Times: user=0.07 sys=0.00, real=0.01 secs] 
336427.120: [GC (Allocation Failure) 336427.120: [ParNew: 444478K->12253K(471872K), 0.0106407 secs] 1822880K->1394540K(4141888K), 0.0107467 secs] [Times: user=0.07 sys=0.00, real=0.01 secs] 
336430.858: [GC (Allocation Failure) 336430.858: [ParNew: 431709K->5068K(471872K), 0.0138673 secs] 1813996K->1389417K(4141888K), 0.0139637 secs] [Times: user=0.07 sys=0.01, real=0.01 secs] 
336434.197: [GC (Allocation Failure) 336434.197: [ParNew: 424524K->3912K(471872K), 0.0075021 secs] 1808873K->1389110K(4141888K), 0.0076159 secs] [Times: user=0.06 sys=0.00, real=0.01 secs] 
336438.404: [GC (Allocation Failure) 336438.404: [ParNew: 423368K->4785K(471872K), 0.0072340 secs] 1808566K->1390786K(4141888K), 0.0073781 secs] [Times: user=0.05 sys=0.00, real=0.00 secs] 
336442.287: [GC (Allocation Failure) 336442.287: [ParNew: 424241K->6428K(471872K), 0.0061720 secs] 1810242K->1393250K(4141888K), 0.0062855 secs] [Times: user=0.05 sys=0.00, real=0.00 secs] 
336445.179: [GC (Allocation Failure) 336445.179: [ParNew: 425884K->4283K(471872K), 0.0061796 secs] 1812706K->1391900K(4141888K), 0.0062595 secs] [Times: user=0.05 sys=0.00, real=0.01 secs] 
336448.233: [GC (Allocation Failure) 336448.234: [ParNew: 423739K->5456K(471872K), 0.0064449 secs] 1811356K->1393824K(4141888K), 0.0066012 secs] [Times: user=0.05 sys=0.00, real=0.01 secs] 
336451.386: [GC (Allocation Failure) 336451.386: [ParNew: 424912K->11386K(471872K), 0.0064218 secs] 1813280K->1400548K(4141888K), 0.0065190 secs] [Times: user=0.05 sys=0.00, real=0.00 secs] 
336459.487: [GC (Allocation Failure) 336459.487: [ParNew: 430842K->10356K(471872K), 0.0085652 secs] 1820004K->1400091K(4141888K), 0.0086948 secs] [Times: user=0.07 sys=0.00, real=0.01 secs] 
336472.201: [GC (Allocation Failure) 336472.201: [ParNew: 429812K->5896K(471872K), 0.0075253 secs] 1819547K->1397467K(4141888K), 0.0076389 secs] [Times: user=0.05 sys=0.00, real=0.01 secs] 
336481.713: [GC (Allocation Failure) 336481.713: [ParNew: 425352K->30447K(471872K), 0.0109269 secs] 1816923K->1425425K(4141888K), 0.0110513 secs] [Times: user=0.08 sys=0.00, real=0.02 secs] 
336493.096: [GC (Allocation Failure) 336493.096: [ParNew: 449903K->11186K(471872K), 0.0082652 secs] 1844881K->1411150K(4141888K), 0.0083792 secs] [Times: user=0.06 sys=0.00, real=0.01 secs] 
336503.146: [GC (Allocation Failure) 336503.146: [ParNew: 430642K->5012K(471872K), 0.0076665 secs] 1830606K->1407600K(4141888K), 0.0077620 secs] [Times: user=0.05 sys=0.01, real=0.01 secs] 
336515.271: [GC (Allocation Failure) 336515.271: [ParNew: 424468K->4941K(471872K), 0.0091547 secs] 1827056K->1409657K(4141888K), 0.0092712 secs] [Times: user=0.07 sys=0.00, real=0.01 secs] 
336523.140: [GC (Allocation Failure) 336523.140: [ParNew: 424397K->4791K(471872K), 0.0081110 secs] 1829113K->1411897K(4141888K), 0.0082328 secs] [Times: user=0.06 sys=0.00, real=0.01 secs] 
336533.146: [GC (Allocation Failure) 336533.146: [ParNew: 424247K->3623K(471872K), 0.0090663 secs] 1831353K->1413358K(4141888K), 0.0091615 secs] [Times: user=0.07 sys=0.00, real=0.01 secs] 
336543.215: [GC (Allocation Failure) 336543.215: [ParNew: 423079K->6743K(471872K), 0.0118542 secs] 1832814K->1418564K(4141888K), 0.0119980 secs] [Times: user=0.07 sys=0.00, real=0.01 secs] 
336544.161: [GC (Allocation Failure) 336544.161: [ParNew: 426199K->29710K(471872K), 0.0116019 secs] 1838020K->1446561K(4141888K), 0.0117434 secs] [Times: user=0.09 sys=0.00, real=0.01 secs] 
336544.968: [GC (Allocation Failure) 336544.968: [ParNew: 449166K->32020K(471872K), 0.0094737 secs] 1866017K->1449089K(4141888K), 0.0095779 secs] [Times: user=0.07 sys=0.00, real=0.01 secs] 
336545.512: [GC (Allocation Failure) 336545.512: [ParNew: 451476K->43195K(471872K), 0.0092245 secs] 1868545K->1460666K(4141888K), 0.0093385 secs] [Times: user=0.07 sys=0.00, real=0.01 secs] 
336553.154: [GC (Allocation Failure) 336553.154: [ParNew: 462651K->17765K(471872K), 0.0209580 secs] 1880122K->1435328K(4141888K), 0.0211000 secs] [Times: user=0.09 sys=0.00, real=0.03 secs] 
336561.091: [GC (Allocation Failure) 336561.091: [ParNew: 437221K->5142K(471872K), 0.0363536 secs] 1854784K->1427741K(4141888K), 0.0364640 secs] [Times: user=0.08 sys=0.00, real=0.04 secs] 
336568.262: [GC (Allocation Failure) 336568.262: [ParNew: 424598K->3224K(471872K), 0.0087334 secs] 1847197K->1427493K(4141888K), 0.0088223 secs] [Times: user=0.05 sys=0.00, real=0.01 secs] 
336579.489: [GC (Allocation Failure) 336579.489: [ParNew: 422680K->5352K(471872K), 0.0076503 secs] 1846949K->1431227K(4141888K), 0.0077515 secs] [Times: user=0.05 sys=0.00, real=0.01 secs] 
336583.156: [GC (Allocation Failure) 336583.156: [ParNew: 424808K->4530K(471872K), 0.0077371 secs] 1850683K->1433087K(4141888K), 0.0078310 secs] [Times: user=0.06 sys=0.00, real=0.01 secs] 
336593.076: [GC (Allocation Failure) 336593.076: [ParNew: 423986K->3769K(471872K), 0.0081306 secs] 1852543K->1434250K(4141888K), 0.0082305 secs] [Times: user=0.06 sys=0.00, real=0.01 secs] 
336603.092: [GC (Allocation Failure) 336603.092: [ParNew: 423225K->4380K(471872K), 0.0075933 secs] 1853706K->1437184K(4141888K), 0.0076939 secs] [Times: user=0.05 sys=0.00, real=0.01 secs] 
336613.066: [GC (Allocation Failure) 336613.066: [ParNew: 423836K->7546K(471872K), 0.0073932 secs] 1856640K->1442469K(4141888K), 0.0074970 secs] [Times: user=0.05 sys=0.00, real=0.00 secs] 
336623.110: [GC (Allocation Failure) 336623.110: [ParNew: 427002K->4643K(471872K), 0.0075493 secs] 1861925K->1444474K(4141888K), 0.0076486 secs] [Times: user=0.05 sys=0.00, real=0.01 secs] 
336633.141: [GC (Allocation Failure) 336633.141: [ParNew: 424099K->4772K(471872K), 0.0090606 secs] 1863930K->1446886K(4141888K), 0.0091932 secs] [Times: user=0.07 sys=0.00, real=0.01 secs] 
336639.511: [GC (Allocation Failure) 336639.511: [ParNew: 424228K->4886K(471872K), 0.0113762 secs] 1866342K->1449300K(4141888K), 0.0115624 secs] [Times: user=0.06 sys=0.00, real=0.01 secs] 
336646.547: [GC (Allocation Failure) 336646.547: [ParNew: 424342K->3618K(471872K), 0.0109728 secs] 1868756K->1449489K(4141888K), 0.0110933 secs] [Times: user=0.06 sys=0.00, real=0.01 secs] 
336653.074: [GC (Allocation Failure) 336653.074: [ParNew: 423074K->6018K(471872K), 0.0116817 secs] 1868945K->1454433K(4141888K), 0.0118230 secs] [Times: user=0.07 sys=0.00, real=0.01 secs] 
336658.420: [GC (Allocation Failure) 336658.420: [ParNew: 424552K->35520K(471872K), 0.0126861 secs] 1872967K->1485107K(4141888K), 0.0128577 secs] [Times: user=0.10 sys=0.00, real=0.01 secs] 
336660.385: [GC (Allocation Failure) 336660.385: [ParNew: 454976K->14533K(471872K), 0.0091952 secs] 1904563K->1465345K(4141888K), 0.0093390 secs] [Times: user=0.07 sys=0.00, real=0.01 secs] 
336662.338: [GC (Allocation Failure) 336662.338: [ParNew: 433989K->13997K(471872K), 0.0068990 secs] 1884801K->1465208K(4141888K), 0.0070462 secs] [Times: user=0.05 sys=0.00, real=0.01 secs] 
336663.976: [GC (Allocation Failure) 336663.976: [ParNew: 433453K->4558K(471872K), 0.0079942 secs] 1884664K->1456417K(4141888K), 0.0081307 secs] [Times: user=0.06 sys=0.00, real=0.01 secs] 
336665.512: [GC (Allocation Failure) 336665.512: [ParNew: 424014K->12035K(471872K), 0.0076906 secs] 1875873K->1464377K(4141888K), 0.0078214 secs] [Times: user=0.06 sys=0.00, real=0.01 secs] 
336666.527: [GC (Allocation Failure) 336666.527: [ParNew: 431491K->9292K(471872K), 0.0070878 secs] 1883833K->1464633K(4141888K), 0.0072133 secs] [Times: user=0.06 sys=0.00, real=0.01 secs] 
336667.507: [GC (Allocation Failure) 336667.507: [ParNew: 426527K->6211K(471872K), 0.0071672 secs] 1881868K->1461854K(4141888K), 0.0073167 secs] [Times: user=0.05 sys=0.00, real=0.01 secs] 
336668.493: [GC (Allocation Failure) 336668.493: [ParNew: 425667K->26176K(471872K), 0.0128277 secs] 1881310K->1482069K(4141888K), 0.0129694 secs] [Times: user=0.10 sys=0.00, real=0.02 secs] 
336668.969: [GC (Allocation Failure) 336668.969: [ParNew: 445632K->18510K(471872K), 0.0082161 secs] 1901525K->1474798K(4141888K), 0.0083428 secs] [Times: user=0.05 sys=0.00, real=0.01 secs] 
336669.713: [GC (Allocation Failure) 336669.713: [ParNew: 437966K->8971K(471872K), 0.0071980 secs] 1894254K->1465474K(4141888K), 0.0073553 secs] [Times: user=0.05 sys=0.00, real=0.01 secs] 
336670.198: [GC (Allocation Failure) 336670.198: [ParNew: 428427K->26281K(471872K), 0.0127759 secs] 1884930K->1482993K(4141888K), 0.0129235 secs] [Times: user=0.09 sys=0.00, real=0.01 secs] 
336670.913: [GC (Allocation Failure) 336670.913: [ParNew: 445737K->34502K(471872K), 0.0129452 secs] 1902449K->1491708K(4141888K), 0.0130905 secs] [Times: user=0.09 sys=0.00, real=0.02 secs] 
336672.796: [GC (Allocation Failure) 336672.796: [ParNew: 453958K->31710K(471872K), 0.0122197 secs] 1911164K->1489136K(4141888K), 0.0123666 secs] [Times: user=0.09 sys=0.01, real=0.01 secs] 
336674.501: [GC (Allocation Failure) 336674.501: [ParNew: 451166K->34113K(471872K), 0.0128755 secs] 1908592K->1492075K(4141888K), 0.0130088 secs] [Times: user=0.09 sys=0.00, real=0.02 secs] 
336675.675: [GC (Allocation Failure) 336675.675: [ParNew: 453569K->34032K(471872K), 0.0114912 secs] 1911531K->1492644K(4141888K), 0.0116234 secs] [Times: user=0.08 sys=0.00, real=0.01 secs] 
336676.059: [GC (Allocation Failure) 336676.059: [ParNew: 453488K->32165K(471872K), 0.0082432 secs] 1912100K->1491372K(4141888K), 0.0083821 secs] [Times: user=0.06 sys=0.00, real=0.01 secs] 
336676.335: [GC (Allocation Failure) 336676.335: [ParNew: 450735K->27950K(471872K), 0.0135772 secs] 1909942K->1492443K(4141888K), 0.0137083 secs] [Times: user=0.10 sys=0.00, real=0.01 secs] 
336676.868: [GC (Allocation Failure) 336676.868: [ParNew: 446589K->25420K(471872K), 0.0156994 secs] 1911082K->1495609K(4141888K), 0.0158401 secs] [Times: user=0.08 sys=0.00, real=0.01 secs] 
336677.202: [GC (Allocation Failure) 336677.202: [ParNew: 444876K->14949K(471872K), 0.0080655 secs] 1915065K->1485383K(4141888K), 0.0081766 secs] [Times: user=0.05 sys=0.01, real=0.01 secs] 
336677.509: [GC (Allocation Failure) 336677.509: [ParNew: 434405K->39358K(471872K), 0.0159182 secs] 1904839K->1510106K(4141888K), 0.0160531 secs] [Times: user=0.10 sys=0.00, real=0.02 secs] 
336677.794: [GC (Allocation Failure) 336677.794: [ParNew: 458814K->27107K(471872K), 0.0134873 secs] 1929562K->1498071K(4141888K), 0.0136168 secs] [Times: user=0.10 sys=0.00, real=0.01 secs] 
336678.163: [GC (Allocation Failure) 336678.163: [ParNew: 446563K->14377K(471872K), 0.0111198 secs] 1917527K->1488358K(4141888K), 0.0113251 secs] [Times: user=0.09 sys=0.00, real=0.02 secs] 
336678.763: [GC (Allocation Failure) 336678.763: [ParNew: 433833K->22982K(471872K), 0.0105128 secs] 1907814K->1497377K(4141888K), 0.0106426 secs] [Times: user=0.08 sys=0.00, real=0.01 secs] 
336679.356: [GC (Allocation Failure) 336679.356: [ParNew: 442438K->33415K(471872K), 0.0093041 secs] 1916833K->1511003K(4141888K), 0.0094402 secs] [Times: user=0.07 sys=0.00, real=0.01 secs] 
336679.659: [GC (Allocation Failure) 336679.659: [ParNew: 452871K->30524K(471872K), 0.0130848 secs] 1930459K->1508646K(4141888K), 0.0132441 secs] [Times: user=0.10 sys=0.00, real=0.01 secs] 
336681.602: [GC (Allocation Failure) 336681.602: [ParNew: 449980K->38615K(471872K), 0.0090485 secs] 1928102K->1516946K(4141888K), 0.0092033 secs] [Times: user=0.06 sys=0.00, real=0.01 secs] 
336682.085: [GC (Allocation Failure) 336682.085: [ParNew: 455379K->9969K(471872K), 0.0066866 secs] 1933710K->1489126K(4141888K), 0.0068042 secs] [Times: user=0.05 sys=0.00, real=0.00 secs] 
336683.165: [GC (Allocation Failure) 336683.165: [ParNew: 429425K->4407K(471872K), 0.0083290 secs] 1908582K->1483758K(4141888K), 0.0084566 secs] [Times: user=0.07 sys=0.00, real=0.01 secs] 
336685.766: [GC (Allocation Failure) 336685.766: [ParNew: 423295K->32827K(471872K), 0.0105202 secs] 1902646K->1512586K(4141888K), 0.0106674 secs] [Times: user=0.08 sys=0.00, real=0.01 secs] 
336686.747: [GC (Allocation Failure) 336686.747: [ParNew: 451908K->16932K(471872K), 0.0088849 secs] 1931667K->1497718K(4141888K), 0.0090178 secs] [Times: user=0.07 sys=0.00, real=0.01 secs] 
336687.192: [GC (Allocation Failure) 336687.192: [ParNew: 435316K->17638K(471872K), 0.0083688 secs] 1916101K->1498836K(4141888K), 0.0085133 secs] [Times: user=0.06 sys=0.01, real=0.01 secs] 
336687.778: [GC (Allocation Failure) 336687.778: [ParNew: 437094K->29188K(471872K), 0.0126154 secs] 1918292K->1510528K(4141888K), 0.0127493 secs] [Times: user=0.09 sys=0.00, real=0.01 secs] 
336688.759: [GC (Allocation Failure) 336688.759: [ParNew: 448644K->44922K(471872K), 0.0138290 secs] 1929984K->1526716K(4141888K), 0.0139649 secs] [Times: user=0.11 sys=0.00, real=0.01 secs] 
336690.455: [GC (Allocation Failure) 336690.455: [ParNew: 464378K->24674K(471872K), 0.0083753 secs] 1946172K->1506886K(4141888K), 0.0085203 secs] [Times: user=0.07 sys=0.00, real=0.01 secs] 
336690.891: [GC (Allocation Failure) 336690.891: [ParNew: 444130K->15273K(471872K), 0.0077898 secs] 1926342K->1498110K(4141888K), 0.0079155 secs] [Times: user=0.06 sys=0.00, real=0.01 secs] 
336691.635: [GC (Allocation Failure) 336691.635: [ParNew: 434729K->32963K(471872K), 0.0125663 secs] 1917566K->1516257K(4141888K), 0.0127018 secs] [Times: user=0.09 sys=0.00, real=0.01 secs] 
336692.648: [GC (Allocation Failure) 336692.648: [ParNew: 452419K->30784K(471872K), 0.0099437 secs] 1935713K->1514355K(4141888K), 0.0100827 secs] [Times: user=0.07 sys=0.00, real=0.01 secs] 
336693.405: [GC (Allocation Failure) 336693.405: [ParNew: 449531K->17294K(471872K), 0.0092763 secs] 1933102K->1501298K(4141888K), 0.0094027 secs] [Times: user=0.07 sys=0.00, real=0.01 secs] 
336693.828: [GC (Allocation Failure) 336693.828: [ParNew: 436750K->28882K(471872K), 0.0080798 secs] 1920754K->1513518K(4141888K), 0.0082123 secs] [Times: user=0.06 sys=0.00, real=0.01 secs] 
336694.299: [GC (Allocation Failure) 336694.299: [ParNew: 448338K->28794K(471872K), 0.0119238 secs] 1932974K->1513860K(4141888K), 0.0120520 secs] [Times: user=0.09 sys=0.00, real=0.01 secs] 
336694.885: [GC (Allocation Failure) 336694.885: [ParNew: 448250K->27757K(471872K), 0.0120881 secs] 1933316K->1513067K(4141888K), 0.0122251 secs] [Times: user=0.09 sys=0.00, real=0.01 secs] 
336695.763: [GC (Allocation Failure) 336695.763: [ParNew: 447174K->36364K(471872K), 0.0099875 secs] 1932484K->1522114K(4141888K), 0.0101145 secs] [Times: user=0.08 sys=0.00, real=0.01 secs] 
336696.594: [GC (Allocation Failure) 336696.594: [ParNew: 454037K->12975K(471872K), 0.0072424 secs] 1939787K->1499250K(4141888K), 0.0073733 secs] [Times: user=0.05 sys=0.00, real=0.01 secs] 
336697.496: [GC (Allocation Failure) 336697.496: [ParNew: 432431K->33853K(471872K), 0.0114647 secs] 1918706K->1521465K(4141888K), 0.0115998 secs] [Times: user=0.09 sys=0.00, real=0.01 secs] 
336698.627: [GC (Allocation Failure) 336698.627: [ParNew: 453309K->30762K(471872K), 0.0135018 secs] 1940921K->1518711K(4141888K), 0.0136300 secs] [Times: user=0.11 sys=0.00, real=0.01 secs] 
336699.500: [GC (Allocation Failure) 336699.500: [ParNew: 448158K->23750K(471872K), 0.0094839 secs] 1936107K->1512284K(4141888K), 0.0096202 secs] [Times: user=0.07 sys=0.00, real=0.01 secs] 
336699.910: [GC (Allocation Failure) 336699.910: [ParNew: 443206K->9030K(471872K), 0.0069511 secs] 1931740K->1498070K(4141888K), 0.0070760 secs] [Times: user=0.05 sys=0.00, real=0.01 secs] 
336700.821: [GC (Allocation Failure) 336700.821: [ParNew: 428486K->34849K(471872K), 0.0116802 secs] 1917526K->1524258K(4141888K), 0.0118228 secs] [Times: user=0.09 sys=0.01, real=0.01 secs] 
336701.563: [GC (Allocation Failure) 336701.563: [ParNew: 454305K->30734K(471872K), 0.0110984 secs] 1943714K->1520476K(4141888K), 0.0112301 secs] [Times: user=0.08 sys=0.01, real=0.02 secs] 
336702.016: [GC (Allocation Failure) 336702.016: [ParNew: 450190K->35249K(471872K), 0.0112000 secs] 1939932K->1525454K(4141888K), 0.0113382 secs] [Times: user=0.09 sys=0.00, real=0.01 secs] 
336702.939: [GC (Allocation Failure) 336702.939: [ParNew: 454705K->29606K(471872K), 0.0101211 secs] 1944910K->1520006K(4141888K), 0.0102835 secs] [Times: user=0.07 sys=0.00, real=0.01 secs] 
336703.543: [GC (Allocation Failure) 336703.543: [ParNew: 449062K->35006K(471872K), 0.0094193 secs] 1939462K->1525680K(4141888K), 0.0095929 secs] [Times: user=0.07 sys=0.00, real=0.01 secs] 
336704.030: [GC (Allocation Failure) 336704.030: [ParNew: 454462K->25844K(471872K), 0.0090526 secs] 1945136K->1518316K(4141888K), 0.0091778 secs] [Times: user=0.07 sys=0.00, real=0.01 secs] 
336704.688: [GC (Allocation Failure) 336704.688: [ParNew: 445300K->11118K(471872K), 0.0069291 secs] 1937772K->1503779K(4141888K), 0.0070492 secs] [Times: user=0.05 sys=0.00, real=0.01 secs] 
336705.124: [GC (Allocation Failure) 336705.124: [ParNew: 430574K->42645K(471872K), 0.0135784 secs] 1923235K->1536863K(4141888K), 0.0137248 secs] [Times: user=0.10 sys=0.00, real=0.01 secs] 
336706.632: [GC (Allocation Failure) 336706.632: [ParNew: 461367K->38676K(471872K), 0.0096185 secs] 1955585K->1533041K(4141888K), 0.0097642 secs] [Times: user=0.08 sys=0.01, real=0.01 secs] 
336707.599: [GC (Allocation Failure) 336707.599: [ParNew: 458132K->34775K(471872K), 0.0103371 secs] 1952497K->1530061K(4141888K), 0.0104877 secs] [Times: user=0.08 sys=0.00, real=0.01 secs] 
336708.538: [GC (Allocation Failure) 336708.538: [ParNew: 454196K->40749K(471872K), 0.0133832 secs] 1949482K->1536316K(4141888K), 0.0135403 secs] [Times: user=0.10 sys=0.00, real=0.01 secs] 
336709.048: [GC (Allocation Failure) 336709.048: [ParNew: 460205K->44259K(471872K), 0.0134946 secs] 1955772K->1540347K(4141888K), 0.0136339 secs] [Times: user=0.11 sys=0.00, real=0.01 secs] 
336709.548: [GC (Allocation Failure) 336709.549: [ParNew: 463715K->36574K(471872K), 0.0115443 secs] 1959803K->1532970K(4141888K), 0.0116842 secs] [Times: user=0.09 sys=0.00, real=0.01 secs] 
336712.585: [GC (Allocation Failure) 336712.585: [ParNew: 456030K->16921K(471872K), 0.0089175 secs] 1952426K->1513430K(4141888K), 0.0090456 secs] [Times: user=0.07 sys=0.00, real=0.01 secs] 
336723.122: [GC (Allocation Failure) 336723.122: [ParNew: 436377K->5184K(471872K), 0.0105825 secs] 1932886K->1505551K(4141888K), 0.0107120 secs] [Times: user=0.08 sys=0.00, real=0.01 secs] 
336733.097: [GC (Allocation Failure) 336733.097: [ParNew: 424640K->8237K(471872K), 0.0093870 secs] 1925007K->1511289K(4141888K), 0.0094855 secs] [Times: user=0.07 sys=0.00, real=0.01 secs] 
336744.222: [GC (Allocation Failure) 336744.222: [ParNew: 427673K->5833K(471872K), 0.0096928 secs] 1930725K->1514523K(4141888K), 0.0097965 secs] [Times: user=0.07 sys=0.00, real=0.01 secs] 
336753.152: [GC (Allocation Failure) 336753.152: [ParNew: 425289K->5196K(471872K), 0.0087081 secs] 1933979K->1516774K(4141888K), 0.0088179 secs] [Times: user=0.06 sys=0.00, real=0.01 secs] 
336763.131: [GC (Allocation Failure) 336763.131: [ParNew: 424652K->6115K(471872K), 0.0077606 secs] 1936230K->1520244K(4141888K), 0.0078542 secs] [Times: user=0.05 sys=0.01, real=0.01 secs] 
336768.512: [GC (Allocation Failure) 336768.512: [ParNew: 425571K->5008K(471872K), 0.0081507 secs] 1939700K->1521886K(4141888K), 0.0082400 secs] [Times: user=0.06 sys=0.00, real=0.01 secs] 
336777.227: [GC (Allocation Failure) 336777.227: [ParNew: 424464K->3266K(471872K), 0.0068196 secs] 1941342K->1522286K(4141888K), 0.0069116 secs] [Times: user=0.05 sys=0.00, real=0.01 secs] 
336782.715: [GC (Allocation Failure) 336782.715: [ParNew: 422622K->4522K(471872K), 0.0064414 secs] 1941643K->1525167K(4141888K), 0.0065278 secs] [Times: user=0.04 sys=0.01, real=0.00 secs] 
336786.629: [GC (Allocation Failure) 336786.629: [ParNew: 423298K->30627K(471872K), 0.0075265 secs] 1943943K->1552503K(4141888K), 0.0076433 secs] [Times: user=0.06 sys=0.00, real=0.01 secs] 
336788.406: [GC (Allocation Failure) 336788.406: [ParNew: 450083K->33488K(471872K), 0.0078088 secs] 1971959K->1556369K(4141888K), 0.0079129 secs] [Times: user=0.06 sys=0.00, real=0.00 secs] 
336790.485: [GC (Allocation Failure) 336790.485: [ParNew: 452944K->30629K(471872K), 0.0106097 secs] 1975825K->1556596K(4141888K), 0.0107209 secs] [Times: user=0.07 sys=0.00, real=0.01 secs] 
336791.532: [GC (Allocation Failure) 336791.532: [ParNew: 450085K->38602K(471872K), 0.0074126 secs] 1976052K->1565067K(4141888K), 0.0075125 secs] [Times: user=0.06 sys=0.00, real=0.01 secs] 
336796.338: [GC (Allocation Failure) 336796.338: [ParNew: 458058K->9476K(471872K), 0.0059850 secs] 1984523K->1536170K(4141888K), 0.0060667 secs] [Times: user=0.05 sys=0.00, real=0.01 secs] 
336799.442: [GC (Allocation Failure) 336799.442: [ParNew: 428932K->24582K(471872K), 0.0096223 secs] 1955626K->1552731K(4141888K), 0.0097702 secs] [Times: user=0.07 sys=0.00, real=0.01 secs] 
336800.381: [GC (Allocation Failure) 336800.381: [ParNew: 442753K->37479K(471872K), 0.0075830 secs] 1970902K->1566382K(4141888K), 0.0077050 secs] [Times: user=0.06 sys=0.00, real=0.01 secs] 
336802.370: [GC (Allocation Failure) 336802.370: [ParNew: 456935K->26253K(471872K), 0.0067065 secs] 1985838K->1555353K(4141888K), 0.0068103 secs] [Times: user=0.05 sys=0.00, real=0.01 secs] 
336805.340: [GC (Allocation Failure) 336805.340: [ParNew: 445709K->13929K(471872K), 0.0070968 secs] 1974809K->1543581K(4141888K), 0.0072316 secs] [Times: user=0.05 sys=0.00, real=0.01 secs] 
336805.913: [GC (Allocation Failure) 336805.913: [ParNew: 431743K->7402K(471872K), 0.0053782 secs] 1961396K->1537980K(4141888K), 0.0054610 secs] [Times: user=0.04 sys=0.00, real=0.01 secs] 
336806.800: [GC (Allocation Failure) 336806.800: [ParNew: 426858K->32212K(471872K), 0.0091131 secs] 1957436K->1562977K(4141888K), 0.0092177 secs] [Times: user=0.07 sys=0.00, real=0.01 secs] 
336807.745: [GC (Allocation Failure) 336807.745: [ParNew: 451668K->28063K(471872K), 0.0147777 secs] 1982433K->1559259K(4141888K), 0.0148713 secs] [Times: user=0.08 sys=0.00, real=0.01 secs] 
336808.156: [GC (Allocation Failure) 336808.156: [ParNew: 447519K->26146K(471872K), 0.0111885 secs] 1978715K->1557753K(4141888K), 0.0112768 secs] [Times: user=0.07 sys=0.00, real=0.01 secs] 
336809.476: [GC (Allocation Failure) 336809.477: [ParNew: 444297K->28588K(471872K), 0.0066656 secs] 1975904K->1560300K(4141888K), 0.0067650 secs] [Times: user=0.05 sys=0.00, real=0.00 secs] 
336809.830: [GC (Allocation Failure) 336809.831: [ParNew: 447943K->10776K(471872K), 0.0060323 secs] 1979655K->1547492K(4141888K), 0.0061286 secs] [Times: user=0.05 sys=0.00, real=0.01 secs] 
336810.361: [GC (Allocation Failure) 336810.361: [ParNew: 430232K->24759K(471872K), 0.0069449 secs] 1966948K->1567337K(4141888K), 0.0070428 secs] [Times: user=0.05 sys=0.00, real=0.01 secs] 
336810.625: [GC (Allocation Failure) 336810.625: [ParNew: 444215K->25785K(471872K), 0.0110504 secs] 1986793K->1568730K(4141888K), 0.0111554 secs] [Times: user=0.09 sys=0.00, real=0.01 secs] 
336810.872: [GC (GCLocker Initiated GC) 336810.872: [ParNew: 446354K->36621K(471872K), 0.0093318 secs] 1989299K->1580276K(4141888K), 0.0094507 secs] [Times: user=0.07 sys=0.00, real=0.01 secs] 
336811.585: [GC (Allocation Failure) 336811.585: [ParNew: 456077K->22627K(471872K), 0.0073055 secs] 1999732K->1569473K(4141888K), 0.0074205 secs] [Times: user=0.05 sys=0.01, real=0.00 secs] 
336811.851: [GC (Allocation Failure) 336811.851: [ParNew: 442083K->31689K(471872K), 0.0095910 secs] 1988929K->1579155K(4141888K), 0.0096909 secs] [Times: user=0.07 sys=0.00, real=0.01 secs] 
336812.413: [GC (Allocation Failure) 336812.413: [ParNew: 451145K->30726K(471872K), 0.0191322 secs] 1998611K->1581377K(4141888K), 0.0192389 secs] [Times: user=0.12 sys=0.01, real=0.02 secs] 
336813.578: [GC (Allocation Failure) 336813.578: [ParNew: 450182K->24784K(471872K), 0.0107667 secs] 2000833K->1575855K(4141888K), 0.0108738 secs] [Times: user=0.08 sys=0.00, real=0.01 secs] 
336814.573: [GC (Allocation Failure) 336814.573: [ParNew: 444240K->32118K(471872K), 0.0098383 secs] 1995311K->1583760K(4141888K), 0.0099744 secs] [Times: user=0.07 sys=0.00, real=0.01 secs] 
336814.995: [GC (Allocation Failure) 336814.995: [ParNew: 451574K->29109K(471872K), 0.0080371 secs] 2003216K->1581223K(4141888K), 0.0081413 secs] [Times: user=0.06 sys=0.00, real=0.00 secs] 
336815.636: [GC (Allocation Failure) 336815.636: [ParNew: 447282K->40989K(471872K), 0.0071771 secs] 1999397K->1593240K(4141888K), 0.0072946 secs] [Times: user=0.05 sys=0.00, real=0.00 secs] 
336816.606: [GC (Allocation Failure) 336816.606: [ParNew: 460445K->19556K(471872K), 0.0095077 secs] 2012696K->1572451K(4141888K), 0.0096421 secs] [Times: user=0.06 sys=0.00, real=0.01 secs] 
336817.505: [GC (Allocation Failure) 336817.505: [ParNew: 439012K->27441K(471872K), 0.0106288 secs] 1991907K->1580835K(4141888K), 0.0107570 secs] [Times: user=0.08 sys=0.00, real=0.01 secs] 
336818.473: [GC (Allocation Failure) 336818.473: [ParNew: 446897K->33749K(471872K), 0.0096249 secs] 2000291K->1587833K(4141888K), 0.0097625 secs] [Times: user=0.08 sys=0.00, real=0.01 secs] 
336819.523: [GC (Allocation Failure) 336819.523: [ParNew: 453205K->21739K(471872K), 0.0063537 secs] 2007289K->1576164K(4141888K), 0.0064598 secs] [Times: user=0.05 sys=0.00, real=0.01 secs] 
336820.693: [GC (Allocation Failure) 336820.693: [ParNew: 441195K->14832K(471872K), 0.0061145 secs] 1995620K->1570674K(4141888K), 0.0062190 secs] [Times: user=0.05 sys=0.00, real=0.01 secs] 
336821.119: [GC (Allocation Failure) 336821.119: [ParNew: 434288K->27441K(471872K), 0.0097371 secs] 1990130K->1584050K(4141888K), 0.0098403 secs] [Times: user=0.07 sys=0.00, real=0.01 secs] 
336821.594: [GC (Allocation Failure) 336821.594: [ParNew: 446897K->37953K(471872K), 0.0092811 secs] 2003506K->1594695K(4141888K), 0.0093802 secs] [Times: user=0.07 sys=0.00, real=0.01 secs] 
336823.491: [GC (Allocation Failure) 336823.491: [ParNew: 457409K->28556K(471872K), 0.0088541 secs] 2014151K->1585589K(4141888K), 0.0089663 secs] [Times: user=0.07 sys=0.00, real=0.01 secs] 
336823.888: [GC (Allocation Failure) 336823.888: [ParNew: 447039K->19000K(471872K), 0.0068775 secs] 2004072K->1576873K(4141888K), 0.0070052 secs] [Times: user=0.05 sys=0.00, real=0.01 secs] 
336824.639: [GC (Allocation Failure) 336824.639: [ParNew: 438456K->7030K(471872K), 0.0080482 secs] 1996329K->1565109K(4141888K), 0.0081496 secs] [Times: user=0.06 sys=0.00, real=0.01 secs] 
336825.458: [GC (Allocation Failure) 336825.458: [ParNew: 426486K->33229K(471872K), 0.0076621 secs] 1984565K->1591570K(4141888K), 0.0077667 secs] [Times: user=0.06 sys=0.00, real=0.01 secs] 
336825.873: [GC (Allocation Failure) 336825.873: [ParNew: 452685K->28463K(471872K), 0.0103553 secs] 2011026K->1588306K(4141888K), 0.0104778 secs] [Times: user=0.08 sys=0.00, real=0.01 secs] 
336826.600: [GC (Allocation Failure) 336826.600: [ParNew: 447919K->35668K(471872K), 0.0096292 secs] 2007762K->1595831K(4141888K), 0.0097328 secs] [Times: user=0.07 sys=0.00, real=0.01 secs] 
336828.779: [GC (Allocation Failure) 336828.779: [ParNew: 455124K->35443K(471872K), 0.0098322 secs] 2015287K->1596762K(4141888K), 0.0099566 secs] [Times: user=0.08 sys=0.00, real=0.01 secs] 
336829.208: [GC (Allocation Failure) 336829.208: [ParNew: 454899K->47104K(471872K), 0.0092034 secs] 2016218K->1609395K(4141888K), 0.0093126 secs] [Times: user=0.07 sys=0.00, real=0.01 secs] 
336829.862: [GC (Allocation Failure) 336829.862: [ParNew: 466560K->22858K(471872K), 0.0063165 secs] 2028851K->1585240K(4141888K), 0.0064279 secs] [Times: user=0.04 sys=0.00, real=0.01 secs] 
336830.575: [GC (Allocation Failure) 336830.575: [ParNew: 442314K->9430K(471872K), 0.0055237 secs] 2004696K->1572118K(4141888K), 0.0056055 secs] [Times: user=0.04 sys=0.00, real=0.00 secs] 
336833.076: [GC (Allocation Failure) 336833.076: [ParNew: 428886K->5320K(471872K), 0.0062790 secs] 1991574K->1568220K(4141888K), 0.0063832 secs] [Times: user=0.05 sys=0.00, real=0.00 secs] 
336834.545: [GC (Allocation Failure) 336834.545: [ParNew: 424776K->33764K(471872K), 0.0109028 secs] 1987676K->1597601K(4141888K), 0.0110077 secs] [Times: user=0.09 sys=0.00, real=0.01 secs] 
336835.571: [GC (Allocation Failure) 336835.571: [ParNew: 453220K->34595K(471872K), 0.0077675 secs] 2017057K->1598908K(4141888K), 0.0078677 secs] [Times: user=0.06 sys=0.00, real=0.01 secs] 
336836.759: [GC (Allocation Failure) 336836.759: [ParNew: 452818K->33013K(471872K), 0.0071919 secs] 2017131K->1597697K(4141888K), 0.0073011 secs] [Times: user=0.05 sys=0.00, real=0.01 secs] 
336838.425: [GC (Allocation Failure) 336838.425: [ParNew: 452469K->12589K(471872K), 0.0058344 secs] 2017153K->1577773K(4141888K), 0.0059269 secs] [Times: user=0.05 sys=0.00, real=0.00 secs] 
336838.846: [GC (Allocation Failure) 336838.846: [ParNew: 432045K->7045K(471872K), 0.0052392 secs] 1997229K->1572980K(4141888K), 0.0053338 secs] [Times: user=0.03 sys=0.01, real=0.00 secs] 
336839.657: [GC (Allocation Failure) 336839.657: [ParNew: 426501K->38322K(471872K), 0.0087241 secs] 1992436K->1604347K(4141888K), 0.0088339 secs] [Times: user=0.07 sys=0.00, real=0.01 secs] 
336840.627: [GC (Allocation Failure) 336840.627: [ParNew: 457778K->32037K(471872K), 0.0086136 secs] 2023803K->1598492K(4141888K), 0.0087240 secs] [Times: user=0.06 sys=0.00, real=0.01 secs] 
336844.266: [GC (Allocation Failure) 336844.266: [ParNew: 451493K->13939K(471872K), 0.0066609 secs] 2017948K->1580622K(4141888K), 0.0067575 secs] [Times: user=0.05 sys=0.00, real=0.00 secs] 
336853.245: [GC (Allocation Failure) 336853.245: [ParNew: 433395K->7623K(471872K), 0.0178545 secs] 2000078K->1578143K(4141888K), 0.0179673 secs] [Times: user=0.07 sys=0.00, real=0.01 secs] 
336868.455: [GC (Allocation Failure) 336868.455: [ParNew: 427079K->6398K(471872K), 0.0105105 secs] 1997599K->1582096K(4141888K), 0.0106152 secs] [Times: user=0.07 sys=0.00, real=0.01 secs] 
336881.900: [GC (Allocation Failure) 336881.900: [ParNew: 425854K->7577K(471872K), 0.0106063 secs] 2001552K->1587256K(4141888K), 0.0107156 secs] [Times: user=0.07 sys=0.00, real=0.01 secs] 
336888.521: [GC (Allocation Failure) 336888.521: [ParNew: 427033K->10317K(471872K), 0.0096697 secs] 2006712K->1593556K(4141888K), 0.0097830 secs] [Times: user=0.07 sys=0.00, real=0.01 secs] 
336900.783: [GC (Allocation Failure) 336900.783: [ParNew: 429773K->6958K(471872K), 0.0094228 secs] 2013012K->1593068K(4141888K), 0.0095269 secs] [Times: user=0.07 sys=0.00, real=0.01 secs] 
336911.010: [GC (Allocation Failure) 336911.010: [ParNew: 426414K->6751K(471872K), 0.0099025 secs] 2012524K->1596040K(4141888K), 0.0100053 secs] [Times: user=0.08 sys=0.00, real=0.01 secs] 
336923.091: [GC (Allocation Failure) 336923.091: [ParNew: 426207K->4685K(471872K), 0.0081621 secs] 2015496K->1598945K(4141888K), 0.0082629 secs] [Times: user=0.06 sys=0.00, real=0.01 secs] 
336934.375: [GC (Allocation Failure) 336934.375: [ParNew: 424141K->4783K(471872K), 0.0079153 secs] 2018401K->1601658K(4141888K), 0.0080197 secs] [Times: user=0.06 sys=0.00, real=0.00 secs] 
336946.197: [GC (Allocation Failure) 336946.197: [ParNew: 424239K->5481K(471872K), 0.0082397 secs] 2021114K->1604654K(4141888K), 0.0083687 secs] [Times: user=0.06 sys=0.00, real=0.01 secs] 
336953.104: [GC (Allocation Failure) 336953.104: [ParNew: 424937K->5166K(471872K), 0.0068836 secs] 2024110K->1606634K(4141888K), 0.0069742 secs] [Times: user=0.05 sys=0.00, real=0.00 secs] 
336963.154: [GC (Allocation Failure) 336963.154: [ParNew: 424622K->3289K(471872K), 0.0072661 secs] 2026090K->1607366K(4141888K), 0.0073765 secs] [Times: user=0.05 sys=0.00, real=0.00 secs] 
336973.150: [GC (Allocation Failure) 336973.150: [ParNew: 422745K->6803K(471872K), 0.0071077 secs] 2026822K->1612988K(4141888K), 0.0072041 secs] [Times: user=0.05 sys=0.01, real=0.01 secs] 
336986.184: [GC (Allocation Failure) 336986.184: [ParNew: 426259K->4185K(471872K), 0.0094052 secs] 2032444K->1614678K(4141888K), 0.0095378 secs] [Times: user=0.07 sys=0.00, real=0.01 secs] 
337001.456: [GC (Allocation Failure) 337001.456: [ParNew: 423183K->13929K(471872K), 0.0117890 secs] 2033676K->1627182K(4141888K), 0.0119484 secs] [Times: user=0.08 sys=0.01, real=0.01 secs] 
337010.459: [GC (Allocation Failure) 337010.459: [ParNew: 433385K->9805K(471872K), 0.0106121 secs] 2046638K->1625949K(4141888K), 0.0107487 secs] [Times: user=0.08 sys=0.00, real=0.01 secs] 
337019.256: [GC (Allocation Failure) 337019.256: [ParNew: 429248K->6941K(471872K), 0.0097311 secs] 2045392K->1624717K(4141888K), 0.0098544 secs] [Times: user=0.07 sys=0.00, real=0.01 secs] 
337027.407: [GC (Allocation Failure) 337027.408: [ParNew: 426397K->4293K(471872K), 0.0089574 secs] 2044173K->1625160K(4141888K), 0.0091071 secs] [Times: user=0.06 sys=0.00, real=0.01 secs] 
337036.601: [GC (Allocation Failure) 337036.601: [ParNew: 423749K->6399K(471872K), 0.0092635 secs] 2044616K->1629633K(4141888K), 0.0093940 secs] [Times: user=0.07 sys=0.00, real=0.01 secs] 
337047.648: [GC (Allocation Failure) 337047.648: [ParNew: 425855K->4243K(471872K), 0.0130008 secs] 2049089K->1631859K(4141888K), 0.0131684 secs] [Times: user=0.09 sys=0.00, real=0.01 secs] 
337062.575: [GC (Allocation Failure) 337062.575: [ParNew: 423699K->10525K(471872K), 0.0112429 secs] 2051315K->1640576K(4141888K), 0.0114240 secs] [Times: user=0.08 sys=0.00, real=0.01 secs] 
337071.422: [GC (Allocation Failure) 337071.422: [ParNew: 429981K->12885K(471872K), 0.0116979 secs] 2060032K->1645750K(4141888K), 0.0118418 secs] [Times: user=0.08 sys=0.00, real=0.02 secs] 
337080.042: [GC (Allocation Failure) 337080.042: [ParNew: 432341K->8508K(471872K), 0.0095705 secs] 2065206K->1642874K(4141888K), 0.0097346 secs] [Times: user=0.07 sys=0.00, real=0.01 secs] 
337083.552: [GC (Allocation Failure) 337083.552: [ParNew: 427964K->10316K(471872K), 0.0108214 secs] 2062330K->1648060K(4141888K), 0.0109676 secs] [Times: user=0.08 sys=0.00, real=0.01 secs] 
337084.140: [GC (Allocation Failure) 337084.140: [ParNew: 429772K->11040K(471872K), 0.0083447 secs] 2067516K->1650013K(4141888K), 0.0084661 secs] [Times: user=0.06 sys=0.00, real=0.01 secs] 
337084.863: [GC (Allocation Failure) 337084.863: [ParNew: 430496K->3830K(471872K), 0.0074739 secs] 2069469K->1649899K(4141888K), 0.0075946 secs] [Times: user=0.06 sys=0.01, real=0.01 secs] 
337085.467: [GC (Allocation Failure) 337085.467: [ParNew: 423286K->4163K(471872K), 0.0108296 secs] 2069355K->1650767K(4141888K), 0.0109578 secs] [Times: user=0.08 sys=0.00, real=0.01 secs] 
337086.457: [GC (Allocation Failure) 337086.457: [ParNew: 423619K->4278K(471872K), 0.0071858 secs] 2070223K->1651346K(4141888K), 0.0073128 secs] [Times: user=0.06 sys=0.00, real=0.01 secs] 
337093.060: [GC (Allocation Failure) 337093.060: [ParNew: 423734K->6309K(471872K), 0.0075137 secs] 2070802K->1653854K(4141888K), 0.0076477 secs] [Times: user=0.06 sys=0.00, real=0.01 secs] 
337103.060: [GC (Allocation Failure) 337103.060: [ParNew: 425765K->6323K(471872K), 0.0110448 secs] 2073310K->1658063K(4141888K), 0.0111810 secs] [Times: user=0.08 sys=0.00, real=0.01 secs] 
337113.151: [GC (Allocation Failure) 337113.151: [ParNew: 425779K->3963K(471872K), 0.0095543 secs] 2077519K->1660369K(4141888K), 0.0096816 secs] [Times: user=0.07 sys=0.00, real=0.01 secs] 
337124.301: [GC (Allocation Failure) 337124.301: [ParNew: 423419K->5099K(471872K), 0.0096890 secs] 2079825K->1663784K(4141888K), 0.0098225 secs] [Times: user=0.07 sys=0.00, real=0.01 secs] 
337133.227: [GC (Allocation Failure) 337133.227: [ParNew: 424555K->5218K(471872K), 0.0088053 secs] 2083240K->1666140K(4141888K), 0.0089190 secs] [Times: user=0.07 sys=0.00, real=0.01 secs] 
337143.945: [GC (Allocation Failure) 337143.945: [ParNew: 424674K->5046K(471872K), 0.0072163 secs] 2085596K->1667597K(4141888K), 0.0073158 secs] [Times: user=0.06 sys=0.00, real=0.00 secs] 
337154.659: [GC (Allocation Failure) 337154.659: [ParNew: 424502K->25905K(471872K), 0.0099189 secs] 2087053K->1691850K(4141888K), 0.0100199 secs] [Times: user=0.06 sys=0.00, real=0.01 secs] 
337166.792: [GC (Allocation Failure) 337166.792: [ParNew: 445361K->7126K(471872K), 0.0082680 secs] 2111306K->1675442K(4141888K), 0.0083815 secs] [Times: user=0.06 sys=0.00, real=0.01 secs] 
337181.230: [GC (Allocation Failure) 337181.230: [ParNew: 426582K->5180K(471872K), 0.0087927 secs] 2094898K->1678422K(4141888K), 0.0088962 secs] [Times: user=0.07 sys=0.00, real=0.01 secs] 
337188.964: [GC (Allocation Failure) 337188.964: [ParNew: 424636K->5181K(471872K), 0.0076688 secs] 2097878K->1681160K(4141888K), 0.0077693 secs] [Times: user=0.05 sys=0.00, real=0.00 secs] 
337193.078: [GC (Allocation Failure) 337193.078: [ParNew: 424637K->4620K(471872K), 0.0059419 secs] 2100616K->1682078K(4141888K), 0.0060296 secs] [Times: user=0.04 sys=0.00, real=0.00 secs] 
337197.558: [GC (Allocation Failure) 337197.558: [ParNew: 424076K->3412K(471872K), 0.0063045 secs] 2101534K->1682332K(4141888K), 0.0064064 secs] [Times: user=0.05 sys=0.00, real=0.01 secs] 
337213.056: [GC (Allocation Failure) 337213.056: [ParNew: 422868K->4489K(471872K), 0.0067238 secs] 2101788K->1685545K(4141888K), 0.0068359 secs] [Times: user=0.05 sys=0.00, real=0.00 secs] 
337220.049: [GC (Allocation Failure) 337220.049: [ParNew: 423945K->6378K(471872K), 0.0078352 secs] 2105001K->1690329K(4141888K), 0.0079484 secs] [Times: user=0.05 sys=0.00, real=0.01 secs] 
337230.677: [GC (Allocation Failure) 337230.677: [ParNew: 425834K->3766K(471872K), 0.0067867 secs] 2109785K->1691444K(4141888K), 0.0068821 secs] [Times: user=0.05 sys=0.00, real=0.01 secs] 
337243.127: [GC (Allocation Failure) 337243.128: [ParNew: 423222K->3961K(471872K), 0.0075791 secs] 2110900K->1694324K(4141888K), 0.0076754 secs] [Times: user=0.05 sys=0.00, real=0.01 secs] 
337254.311: [GC (Allocation Failure) 337254.311: [ParNew: 423080K->6025K(471872K), 0.0079305 secs] 2113443K->1698670K(4141888K), 0.0080302 secs] [Times: user=0.06 sys=0.00, real=0.01 secs] 
337263.814: [GC (Allocation Failure) 337263.814: [ParNew: 425481K->4593K(471872K), 0.0077106 secs] 2118126K->1699299K(4141888K), 0.0078119 secs] [Times: user=0.05 sys=0.00, real=0.00 secs] 
337275.338: [GC (Allocation Failure) 337275.338: [ParNew: 424049K->4742K(471872K), 0.0075663 secs] 2118755K->1702164K(4141888K), 0.0076666 secs] [Times: user=0.05 sys=0.00, real=0.01 secs] 
337283.172: [GC (Allocation Failure) 337283.172: [ParNew: 424198K->6721K(471872K), 0.0071710 secs] 2121620K->1706714K(4141888K), 0.0072707 secs] [Times: user=0.05 sys=0.00, real=0.01 secs] 
337294.647: [GC (Allocation Failure) 337294.647: [ParNew: 425874K->3879K(471872K), 0.0069877 secs] 2125867K->1707997K(4141888K), 0.0070770 secs] [Times: user=0.05 sys=0.00, real=0.01 secs] 
337304.571: [GC (Allocation Failure) 337304.571: [ParNew: 423335K->4023K(471872K), 0.0088325 secs] 2127453K->1710441K(4141888K), 0.0089097 secs] [Times: user=0.07 sys=0.00, real=0.01 secs] 
337311.176: [GC (Allocation Failure) 337311.176: [ParNew: 423479K->5880K(471872K), 0.0067953 secs] 2129897K->1714287K(4141888K), 0.0069175 secs] [Times: user=0.05 sys=0.00, real=0.00 secs] 
337315.024: [GC (Allocation Failure) 337315.024: [ParNew: 425336K->4423K(471872K), 0.0082977 secs] 2133743K->1714353K(4141888K), 0.0083808 secs] [Times: user=0.06 sys=0.00, real=0.00 secs] 
337322.614: [GC (Allocation Failure) 337322.614: [ParNew: 423879K->4233K(471872K), 0.0096089 secs] 2133809K->1715277K(4141888K), 0.0097019 secs] [Times: user=0.06 sys=0.00, real=0.01 secs] 
337327.874: [GC (Allocation Failure) 337327.874: [ParNew: 423683K->5295K(471872K), 0.0073310 secs] 2134727K->1718930K(4141888K), 0.0074265 secs] [Times: user=0.05 sys=0.00, real=0.00 secs] 
337338.926: [GC (Allocation Failure) 337338.926: [ParNew: 424751K->3903K(471872K), 0.0067970 secs] 2138386K->1718561K(4141888K), 0.0068900 secs] [Times: user=0.05 sys=0.00, real=0.00 secs] 
337343.054: [GC (Allocation Failure) 337343.054: [ParNew: 423359K->6310K(471872K), 0.0064502 secs] 2138017K->1723012K(4141888K), 0.0065346 secs] [Times: user=0.05 sys=0.00, real=0.00 secs] 
337347.155: [GC (Allocation Failure) 337347.155: [ParNew: 425766K->5530K(471872K), 0.0067248 secs] 2142468K->1725600K(4141888K), 0.0068190 secs] [Times: user=0.05 sys=0.00, real=0.00 secs] 
337349.180: [GC (Allocation Failure) 337349.180: [ParNew: 424952K->8878K(471872K), 0.0060057 secs] 2145022K->1730107K(4141888K), 0.0061033 secs] [Times: user=0.04 sys=0.00, real=0.01 secs] 
337351.324: [GC (Allocation Failure) 337351.324: [ParNew: 427778K->9720K(471872K), 0.0057219 secs] 2149008K->1731952K(4141888K), 0.0058192 secs] [Times: user=0.05 sys=0.00, real=0.00 secs] 
337360.056: [GC (Allocation Failure) 337360.056: [ParNew: 429176K->3905K(471872K), 0.0061473 secs] 2151408K->1726672K(4141888K), 0.0062404 secs] [Times: user=0.05 sys=0.00, real=0.00 secs] 
337372.596: [GC (Allocation Failure) 337372.596: [ParNew: 423338K->5105K(471872K), 0.0077233 secs] 2146106K->1730126K(4141888K), 0.0078365 secs] [Times: user=0.05 sys=0.00, real=0.01 secs] 
337377.844: [GC (Allocation Failure) 337377.844: [ParNew: 424561K->4898K(471872K), 0.0077693 secs] 2149582K->1732819K(4141888K), 0.0079337 secs] [Times: user=0.06 sys=0.00, real=0.00 secs] 
337386.974: [GC (Allocation Failure) 337386.974: [ParNew: 424354K->3485K(471872K), 0.0087747 secs] 2152275K->1733447K(4141888K), 0.0088699 secs] [Times: user=0.05 sys=0.00, real=0.00 secs] 
337399.578: [GC (Allocation Failure) 337399.578: [ParNew: 422941K->5056K(471872K), 0.0110352 secs] 2152903K->1736930K(4141888K), 0.0111551 secs] [Times: user=0.09 sys=0.00, real=0.01 secs] 
337405.626: [GC (Allocation Failure) 337405.626: [ParNew: 424512K->6457K(471872K), 0.0080157 secs] 2156386K->1741012K(4141888K), 0.0081150 secs] [Times: user=0.06 sys=0.00, real=0.01 secs] 
337417.761: [GC (Allocation Failure) 337417.761: [ParNew: 425913K->4416K(471872K), 0.0068271 secs] 2160468K->1742772K(4141888K), 0.0069352 secs] [Times: user=0.05 sys=0.00, real=0.01 secs] 
337431.278: [GC (Allocation Failure) 337431.278: [ParNew: 423872K->5096K(471872K), 0.0079567 secs] 2162228K->1746134K(4141888K), 0.0080521 secs] [Times: user=0.06 sys=0.00, real=0.01 secs] 
337438.576: [GC (Allocation Failure) 337438.576: [ParNew: 424552K->5011K(471872K), 0.0070980 secs] 2165590K->1748820K(4141888K), 0.0072065 secs] [Times: user=0.05 sys=0.00, real=0.00 secs] 
337450.015: [GC (Allocation Failure) 337450.015: [ParNew: 424467K->4516K(471872K), 0.0088537 secs] 2168276K->1750652K(4141888K), 0.0089815 secs] [Times: user=0.06 sys=0.00, real=0.00 secs] 
337459.011: [GC (Allocation Failure) 337459.011: [ParNew: 423972K->4690K(471872K), 0.0074298 secs] 2170108K->1753348K(4141888K), 0.0075384 secs] [Times: user=0.05 sys=0.00, real=0.01 secs] 
337463.182: [GC (Allocation Failure) 337463.182: [ParNew: 424146K->5516K(471872K), 0.0070716 secs] 2172804K->1756496K(4141888K), 0.0071620 secs] [Times: user=0.05 sys=0.00, real=0.01 secs] 
337470.433: [GC (Allocation Failure) 337470.433: [ParNew: 424972K->3205K(471872K), 0.0063896 secs] 2175952K->1757667K(4141888K), 0.0065455 secs] [Times: user=0.05 sys=0.00, real=0.01 secs] 
337481.186: [GC (Allocation Failure) 337481.186: [ParNew: 422661K->3777K(471872K), 0.0082884 secs] 2177123K->1759977K(4141888K), 0.0083808 secs] [Times: user=0.05 sys=0.00, real=0.01 secs] 
337487.791: [GC (Allocation Failure) 337487.791: [ParNew: 423233K->3966K(471872K), 0.0074733 secs] 2179433K->1762477K(4141888K), 0.0075642 secs] [Times: user=0.06 sys=0.00, real=0.01 secs] 
337493.060: [GC (Allocation Failure) 337493.060: [ParNew: 423422K->4862K(471872K), 0.0058626 secs] 2181933K->1764692K(4141888K), 0.0059447 secs] [Times: user=0.05 sys=0.00, real=0.01 secs] 
337497.087: [GC (Allocation Failure) 337497.087: [ParNew: 424318K->2643K(471872K), 0.0059673 secs] 2184148K->1764681K(4141888K), 0.0060481 secs] [Times: user=0.05 sys=0.00, real=0.00 secs] 
337499.799: [GC (Allocation Failure) 337499.799: [ParNew: 422099K->4587K(471872K), 0.0062544 secs] 2184137K->1767635K(4141888K), 0.0063646 secs] [Times: user=0.05 sys=0.00, real=0.01 secs] 
337503.073: [GC (Allocation Failure) 337503.073: [ParNew: 424043K->2388K(471872K), 0.0059139 secs] 2187091K->1767245K(4141888K), 0.0059944 secs] [Times: user=0.05 sys=0.00, real=0.01 secs] 
337505.939: [GC (Allocation Failure) 337505.939: [ParNew: 421347K->7001K(471872K), 0.0067767 secs] 2186204K->1772466K(4141888K), 0.0068699 secs] [Times: user=0.05 sys=0.00, real=0.01 secs] 
337510.380: [GC (Allocation Failure) 337510.380: [ParNew: 426457K->4702K(471872K), 0.0057089 secs] 2191922K->1770775K(4141888K), 0.0057964 secs] [Times: user=0.04 sys=0.00, real=0.01 secs] 
337513.075: [GC (Allocation Failure) 337513.075: [ParNew: 424158K->3141K(471872K), 0.0084829 secs] 2190231K->1770948K(4141888K), 0.0085752 secs] [Times: user=0.05 sys=0.00, real=0.01 secs] 
337515.885: [GC (Allocation Failure) 337515.885: [ParNew: 422597K->2252K(471872K), 0.0061998 secs] 2190404K->1770610K(4141888K), 0.0063077 secs] [Times: user=0.04 sys=0.00, real=0.00 secs] 
337519.321: [GC (Allocation Failure) 337519.321: [ParNew: 421708K->3363K(471872K), 0.0056266 secs] 2190066K->1772310K(4141888K), 0.0057138 secs] [Times: user=0.04 sys=0.00, real=0.01 secs] 
337523.104: [GC (Allocation Failure) 337523.104: [ParNew: 422819K->3432K(471872K), 0.0060891 secs] 2191766K->1772967K(4141888K), 0.0061798 secs] [Times: user=0.05 sys=0.00, real=0.00 secs] 
337526.356: [GC (Allocation Failure) 337526.356: [ParNew: 422888K->4415K(471872K), 0.0058104 secs] 2192423K->1775284K(4141888K), 0.0058992 secs] [Times: user=0.04 sys=0.00, real=0.00 secs] 
337528.256: [GC (Allocation Failure) 337528.256: [ParNew: 423871K->4507K(471872K), 0.0057641 secs] 2194740K->1778726K(4141888K), 0.0058512 secs] [Times: user=0.04 sys=0.00, real=0.00 secs] 
337530.897: [GC (Allocation Failure) 337530.897: [ParNew: 423859K->5425K(471872K), 0.0051305 secs] 2198079K->1780005K(4141888K), 0.0052106 secs] [Times: user=0.04 sys=0.00, real=0.00 secs] 
337533.071: [GC (Allocation Failure) 337533.071: [ParNew: 424881K->3753K(471872K), 0.0059294 secs] 2199461K->1779083K(4141888K), 0.0060177 secs] [Times: user=0.04 sys=0.00, real=0.01 secs] 
337533.371: [GC (Allocation Failure) 337533.371: [ParNew: 423209K->2290K(471872K), 0.0055411 secs] 2198539K->1778629K(4141888K), 0.0056208 secs] [Times: user=0.04 sys=0.01, real=0.01 secs] 
337535.469: [GC (Allocation Failure) 337535.469: [ParNew: 421746K->2868K(471872K), 0.0047803 secs] 2198085K->1779395K(4141888K), 0.0048657 secs] [Times: user=0.04 sys=0.00, real=0.01 secs] 
337537.899: [GC (Allocation Failure) 337537.899: [ParNew: 422324K->4176K(471872K), 0.0052782 secs] 2198851K->1781181K(4141888K), 0.0053693 secs] [Times: user=0.04 sys=0.00, real=0.01 secs] 
337540.645: [GC (Allocation Failure) 337540.645: [ParNew: 423632K->3726K(471872K), 0.0054697 secs] 2200637K->1781660K(4141888K), 0.0055675 secs] [Times: user=0.04 sys=0.00, real=0.00 secs] 
337542.607: [GC (Allocation Failure) 337542.607: [ParNew: 423182K->3040K(471872K), 0.0054032 secs] 2201116K->1781558K(4141888K), 0.0054870 secs] [Times: user=0.04 sys=0.00, real=0.00 secs] 
337543.562: [GC (Allocation Failure) 337543.562: [ParNew: 419807K->12255K(471872K), 0.0071967 secs] 2198325K->1791440K(4141888K), 0.0072936 secs] [Times: user=0.05 sys=0.00, real=0.01 secs] 
337544.035: [GC (Allocation Failure) 337544.035: [ParNew: 431711K->7051K(471872K), 0.0074764 secs] 2210896K->1792927K(4141888K), 0.0075673 secs] [Times: user=0.05 sys=0.00, real=0.00 secs] 
337544.555: [GC (GCLocker Initiated GC) 337544.555: [ParNew: 426507K->3898K(471872K), 0.0059452 secs] 2212383K->1792929K(4141888K), 0.0060254 secs] [Times: user=0.04 sys=0.00, real=0.00 secs] 
337545.066: [GC (Allocation Failure) 337545.066: [ParNew: 423354K->4246K(471872K), 0.0059479 secs] 2212385K->1793746K(4141888K), 0.0060379 secs] [Times: user=0.05 sys=0.00, real=0.00 secs] 
337545.512: [GC (Allocation Failure) 337545.512: [ParNew: 423702K->4700K(471872K), 0.0081130 secs] 2213202K->1794631K(4141888K), 0.0082061 secs] [Times: user=0.06 sys=0.00, real=0.01 secs] 
337546.484: [GC (Allocation Failure) 337546.484: [ParNew: 424156K->2830K(471872K), 0.0052548 secs] 2214087K->1793170K(4141888K), 0.0053395 secs] [Times: user=0.04 sys=0.00, real=0.01 secs] 
337550.404: [GC (Allocation Failure) 337550.404: [ParNew: 422286K->10747K(471872K), 0.0063047 secs] 2212626K->1801545K(4141888K), 0.0064019 secs] [Times: user=0.05 sys=0.00, real=0.00 secs] 
337554.568: [GC (Allocation Failure) 337554.568: [ParNew: 430203K->4697K(471872K), 0.0061070 secs] 2221001K->1797317K(4141888K), 0.0062020 secs] [Times: user=0.04 sys=0.00, real=0.01 secs] 
337558.887: [GC (Allocation Failure) 337558.887: [ParNew: 424153K->4432K(471872K), 0.0065998 secs] 2216773K->1797964K(4141888K), 0.0067014 secs] [Times: user=0.05 sys=0.00, real=0.00 secs] 
337561.132: [GC (Allocation Failure) 337561.132: [ParNew: 423888K->4159K(471872K), 0.0071810 secs] 2217420K->1798543K(4141888K), 0.0072601 secs] [Times: user=0.05 sys=0.00, real=0.01 secs] 
337563.379: [GC (Allocation Failure) 337563.379: [ParNew: 423615K->2349K(471872K), 0.0065815 secs] 2217999K->1798320K(4141888K), 0.0066847 secs] [Times: user=0.05 sys=0.00, real=0.01 secs] 
337577.312: [GC (Allocation Failure) 337577.312: [ParNew: 421805K->3711K(471872K), 0.0065336 secs] 2217776K->1800129K(4141888K), 0.0066228 secs] [Times: user=0.05 sys=0.00, real=0.01 secs] 
337586.195: [GC (Allocation Failure) 337586.195: [ParNew: 423167K->5816K(471872K), 0.0070349 secs] 2219585K->1804739K(4141888K), 0.0071308 secs] [Times: user=0.06 sys=0.00, real=0.00 secs] 
337599.100: [GC (Allocation Failure) 337599.100: [ParNew: 425234K->4615K(471872K), 0.0070503 secs] 2224156K->1807677K(4141888K), 0.0071464 secs] [Times: user=0.05 sys=0.00, real=0.01 secs] 
337610.133: [GC (Allocation Failure) 337610.133: [ParNew: 424071K->3725K(471872K), 0.0071153 secs] 2227133K->1809636K(4141888K), 0.0072267 secs] [Times: user=0.05 sys=0.00, real=0.01 secs] 
337618.981: [GC (Allocation Failure) 337618.981: [ParNew: 423181K->4470K(471872K), 0.0069200 secs] 2229092K->1812425K(4141888K), 0.0070141 secs] [Times: user=0.05 sys=0.00, real=0.01 secs] 
337623.115: [GC (Allocation Failure) 337623.115: [ParNew: 423926K->4535K(471872K), 0.0062147 secs] 2231881K->1814040K(4141888K), 0.0062974 secs] [Times: user=0.04 sys=0.00, real=0.00 secs] 
337633.109: [GC (Allocation Failure) 337633.109: [ParNew: 423991K->3806K(471872K), 0.0064439 secs] 2233496K->1815772K(4141888K), 0.0065458 secs] [Times: user=0.05 sys=0.00, real=0.01 secs] 
337643.140: [GC (Allocation Failure) 337643.140: [ParNew: 423262K->4472K(471872K), 0.0067413 secs] 2235228K->1818441K(4141888K), 0.0068413 secs] [Times: user=0.05 sys=0.00, real=0.01 secs] 
337652.784: [GC (Allocation Failure) 337652.784: [ParNew: 423928K->7020K(471872K), 0.0098409 secs] 2237897K->1823124K(4141888K), 0.0099505 secs] [Times: user=0.06 sys=0.00, real=0.01 secs] 
337661.768: [GC (Allocation Failure) 337661.768: [ParNew: 426476K->4227K(471872K), 0.0099394 secs] 2242580K->1825044K(4141888K), 0.0100475 secs] [Times: user=0.06 sys=0.00, real=0.01 secs] 
337670.536: [GC (Allocation Failure) 337670.536: [ParNew: 423682K->3554K(471872K), 0.0071898 secs] 2244499K->1826457K(4141888K), 0.0072789 secs] [Times: user=0.05 sys=0.00, real=0.00 secs] 
337680.144: [GC (Allocation Failure) 337680.144: [ParNew: 423010K->4714K(471872K), 0.0066158 secs] 2245913K->1829313K(4141888K), 0.0067092 secs] [Times: user=0.05 sys=0.00, real=0.00 secs] 
337684.173: [GC (Allocation Failure) 337684.173: [ParNew: 424170K->3776K(471872K), 0.0065838 secs] 2248769K->1830265K(4141888K), 0.0066745 secs] [Times: user=0.05 sys=0.00, real=0.01 secs] 
337693.148: [GC (Allocation Failure) 337693.148: [ParNew: 423232K->3369K(471872K), 0.0064494 secs] 2249721K->1831740K(4141888K), 0.0065467 secs] [Times: user=0.05 sys=0.00, real=0.01 secs] 
337703.134: [GC (Allocation Failure) 337703.134: [ParNew: 422825K->3712K(471872K), 0.0068192 secs] 2251196K->1834036K(4141888K), 0.0069199 secs] [Times: user=0.05 sys=0.00, real=0.01 secs] 
337713.100: [GC (Allocation Failure) 337713.100: [ParNew: 423168K->6988K(471872K), 0.0084150 secs] 2253492K->1839165K(4141888K), 0.0085044 secs] [Times: user=0.06 sys=0.00, real=0.01 secs] 
337725.817: [GC (Allocation Failure) 337725.817: [ParNew: 426444K->5049K(471872K), 0.0074784 secs] 2258621K->1841795K(4141888K), 0.0075855 secs] [Times: user=0.05 sys=0.00, real=0.01 secs] 
337733.800: [GC (Allocation Failure) 337733.800: [ParNew: 424505K->5009K(471872K), 0.0070151 secs] 2261251K->1844312K(4141888K), 0.0071242 secs] [Times: user=0.05 sys=0.00, real=0.01 secs] 
337741.357: [GC (Allocation Failure) 337741.357: [ParNew: 424465K->3385K(471872K), 0.0061086 secs] 2263768K->1845439K(4141888K), 0.0061995 secs] [Times: user=0.05 sys=0.00, real=0.00 secs] 
337747.290: [GC (Allocation Failure) 337747.290: [ParNew: 422841K->3987K(471872K), 0.0069279 secs] 2264895K->1847575K(4141888K), 0.0070399 secs] [Times: user=0.05 sys=0.00, real=0.01 secs] 
337761.959: [GC (Allocation Failure) 337761.959: [ParNew: 423443K->4382K(471872K), 0.0071698 secs] 2267031K->1850259K(4141888K), 0.0072732 secs] [Times: user=0.05 sys=0.00, real=0.01 secs] 
337764.844: [GC (Allocation Failure) 337764.844: [ParNew: 423838K->6822K(471872K), 0.0126457 secs] 2269715K->1855803K(4141888K), 0.0127563 secs] [Times: user=0.06 sys=0.00, real=0.01 secs] 
337767.704: [GC (Allocation Failure) 337767.704: [ParNew: 426012K->9930K(471872K), 0.0076144 secs] 2274994K->1860064K(4141888K), 0.0077260 secs] [Times: user=0.05 sys=0.00, real=0.00 secs] 
337772.691: [GC (Allocation Failure) 337772.691: [ParNew: 429386K->4013K(471872K), 0.0057317 secs] 2279520K->1857371K(4141888K), 0.0058294 secs] [Times: user=0.04 sys=0.00, real=0.01 secs] 
337774.808: [GC (Allocation Failure) 337774.808: [ParNew: 423469K->6268K(471872K), 0.0065671 secs] 2276827K->1860643K(4141888K), 0.0066567 secs] [Times: user=0.05 sys=0.00, real=0.01 secs] 
337777.334: [GC (Allocation Failure) 337777.334: [ParNew: 425724K->4571K(471872K), 0.0070199 secs] 2280099K->1859495K(4141888K), 0.0071094 secs] [Times: user=0.04 sys=0.00, real=0.00 secs] 
337781.715: [GC (Allocation Failure) 337781.715: [ParNew: 424027K->4403K(471872K), 0.0072876 secs] 2278951K->1860205K(4141888K), 0.0074188 secs] [Times: user=0.05 sys=0.00, real=0.00 secs] 
337783.615: [GC (Allocation Failure) 337783.615: [ParNew: 423859K->2312K(471872K), 0.0076074 secs] 2279661K->1859077K(4141888K), 0.0076894 secs] [Times: user=0.04 sys=0.00, real=0.00 secs] 
337786.327: [GC (Allocation Failure) 337786.327: [ParNew: 421768K->5111K(471872K), 0.0076078 secs] 2278533K->1862297K(4141888K), 0.0077083 secs] [Times: user=0.05 sys=0.00, real=0.01 secs] 
337788.938: [GC (Allocation Failure) 337788.938: [ParNew: 424567K->5049K(471872K), 0.0068865 secs] 2281753K->1862999K(4141888K), 0.0069684 secs] [Times: user=0.05 sys=0.00, real=0.01 secs] 
337792.491: [GC (Allocation Failure) 337792.491: [ParNew: 424505K->3324K(471872K), 0.0070398 secs] 2282455K->1861956K(4141888K), 0.0071148 secs] [Times: user=0.04 sys=0.00, real=0.01 secs] 
337794.343: [GC (Allocation Failure) 337794.343: [ParNew: 421721K->11887K(471872K), 0.0079375 secs] 2280353K->1871336K(4141888K), 0.0080401 secs] [Times: user=0.04 sys=0.00, real=0.01 secs] 
337798.442: [GC (Allocation Failure) 337798.442: [ParNew: 431343K->4440K(471872K), 0.0077734 secs] 2290792K->1864440K(4141888K), 0.0078560 secs] [Times: user=0.04 sys=0.00, real=0.01 secs] 
337802.295: [GC (Allocation Failure) 337802.295: [ParNew: 423896K->4256K(471872K), 0.0076513 secs] 2283896K->1866164K(4141888K), 0.0077345 secs] [Times: user=0.05 sys=0.00, real=0.00 secs] 
337803.706: [GC (Allocation Failure) 337803.706: [ParNew: 423712K->8023K(471872K), 0.0075422 secs] 2285620K->1870933K(4141888K), 0.0076402 secs] [Times: user=0.05 sys=0.00, real=0.00 secs] 
337806.433: [GC (Allocation Failure) 337806.433: [ParNew: 427236K->7439K(471872K), 0.0071105 secs] 2290147K->1870919K(4141888K), 0.0072054 secs] [Times: user=0.05 sys=0.00, real=0.01 secs] 
337810.315: [GC (Allocation Failure) 337810.315: [ParNew: 426895K->7888K(471872K), 0.0067753 secs] 2290375K->1872981K(4141888K), 0.0069076 secs] [Times: user=0.05 sys=0.00, real=0.00 secs] 
337813.095: [GC (Allocation Failure) 337813.095: [ParNew: 427344K->3380K(471872K), 0.0056167 secs] 2292437K->1869242K(4141888K), 0.0057071 secs] [Times: user=0.04 sys=0.00, real=0.00 secs] 
337815.967: [GC (Allocation Failure) 337815.967: [ParNew: 422836K->3544K(471872K), 0.0090225 secs] 2288698K->1870108K(4141888K), 0.0091388 secs] [Times: user=0.07 sys=0.00, real=0.01 secs] 
337818.744: [GC (Allocation Failure) 337818.744: [ParNew: 423000K->7001K(471872K), 0.0070805 secs] 2289564K->1874290K(4141888K), 0.0071916 secs] [Times: user=0.05 sys=0.00, real=0.00 secs] 
337821.361: [GC (Allocation Failure) 337821.361: [ParNew: 426457K->10079K(471872K), 0.0060978 secs] 2293746K->1877995K(4141888K), 0.0061902 secs] [Times: user=0.04 sys=0.00, real=0.01 secs] 
337823.227: [GC (Allocation Failure) 337823.227: [ParNew: 429535K->6512K(471872K), 0.0065369 secs] 2297451K->1875037K(4141888K), 0.0066352 secs] [Times: user=0.05 sys=0.00, real=0.00 secs] 
337827.069: [GC (Allocation Failure) 337827.069: [ParNew: 425968K->8616K(471872K), 0.0062281 secs] 2294493K->1877635K(4141888K), 0.0063239 secs] [Times: user=0.04 sys=0.00, real=0.01 secs] 
337828.791: [GC (Allocation Failure) 337828.791: [ParNew: 428072K->9886K(471872K), 0.0056016 secs] 2297091K->1879694K(4141888K), 0.0056914 secs] [Times: user=0.04 sys=0.00, real=0.01 secs] 
337830.888: [GC (Allocation Failure) 337830.888: [ParNew: 429342K->2145K(471872K), 0.0055194 secs] 2299150K->1875022K(4141888K), 0.0056177 secs] [Times: user=0.04 sys=0.00, real=0.00 secs] 
337833.083: [GC (Allocation Failure) 337833.083: [ParNew: 421601K->2155K(471872K), 0.0058381 secs] 2294478K->1875474K(4141888K), 0.0059415 secs] [Times: user=0.05 sys=0.00, real=0.01 secs] 
337834.956: [GC (Allocation Failure) 337834.956: [ParNew: 421611K->7550K(471872K), 0.0055882 secs] 2294930K->1881502K(4141888K), 0.0056765 secs] [Times: user=0.04 sys=0.00, real=0.00 secs] 
337837.132: [GC (Allocation Failure) 337837.132: [ParNew: 427006K->7202K(471872K), 0.0065351 secs] 2300958K->1881598K(4141888K), 0.0066407 secs] [Times: user=0.04 sys=0.00, real=0.01 secs] 
337839.959: [GC (Allocation Failure) 337839.959: [ParNew: 426658K->11160K(471872K), 0.0056981 secs] 2301054K->1886248K(4141888K), 0.0057899 secs] [Times: user=0.05 sys=0.00, real=0.01 secs] 
337843.132: [GC (Allocation Failure) 337843.132: [ParNew: 430616K->2857K(471872K), 0.0062484 secs] 2305704K->1878777K(4141888K), 0.0063549 secs] [Times: user=0.04 sys=0.00, real=0.01 secs] 
337855.235: [GC (Allocation Failure) 337855.235: [ParNew: 422313K->3433K(471872K), 0.0071341 secs] 2298233K->1880638K(4141888K), 0.0072222 secs] [Times: user=0.05 sys=0.00, real=0.00 secs] 
337863.375: [GC (Allocation Failure) 337863.375: [ParNew: 422889K->8958K(471872K), 0.0077606 secs] 2300094K->1888453K(4141888K), 0.0078622 secs] [Times: user=0.06 sys=0.00, real=0.00 secs] 
337873.083: [GC (Allocation Failure) 337873.083: [ParNew: 428414K->4660K(471872K), 0.0072281 secs] 2307909K->1885825K(4141888K), 0.0073138 secs] [Times: user=0.06 sys=0.00, real=0.01 secs] 
337883.128: [GC (Allocation Failure) 337883.128: [ParNew: 424116K->3943K(471872K), 0.0068248 secs] 2305281K->1887914K(4141888K), 0.0069224 secs] [Times: user=0.05 sys=0.00, real=0.01 secs] 
337893.050: [GC (Allocation Failure) 337893.050: [ParNew: 423399K->6730K(471872K), 0.0069821 secs] 2307370K->1892642K(4141888K), 0.0070805 secs] [Times: user=0.05 sys=0.00, real=0.01 secs] 
337903.129: [GC (Allocation Failure) 337903.129: [ParNew: 426186K->4236K(471872K), 0.0082834 secs] 2312098K->1894635K(4141888K), 0.0083880 secs] [Times: user=0.06 sys=0.00, real=0.01 secs] 
337916.065: [GC (Allocation Failure) 337916.065: [ParNew: 423692K->4714K(471872K), 0.0079395 secs] 2314091K->1897399K(4141888K), 0.0080789 secs] [Times: user=0.05 sys=0.01, real=0.00 secs] 
337925.328: [GC (Allocation Failure) 337925.328: [ParNew: 424170K->13788K(471872K), 0.0082272 secs] 2316855K->1909099K(4141888K), 0.0083517 secs] [Times: user=0.06 sys=0.00, real=0.01 secs] 
337931.265: [GC (Allocation Failure) 337931.265: [ParNew: 433139K->11688K(471872K), 0.0069312 secs] 2328451K->1908809K(4141888K), 0.0070402 secs] [Times: user=0.05 sys=0.00, real=0.00 secs] 
337934.174: [GC (Allocation Failure) 337934.174: [ParNew: 431144K->3056K(471872K), 0.0062497 secs] 2328265K->1902582K(4141888K), 0.0063442 secs] [Times: user=0.04 sys=0.00, real=0.01 secs] 
337937.849: [GC (Allocation Failure) 337937.849: [ParNew: 422512K->2489K(471872K), 0.0052564 secs] 2322038K->1902666K(4141888K), 0.0053427 secs] [Times: user=0.04 sys=0.00, real=0.01 secs] 
337940.510: [GC (Allocation Failure) 337940.510: [ParNew: 421650K->6421K(471872K), 0.0059251 secs] 2321827K->1907347K(4141888K), 0.0060420 secs] [Times: user=0.04 sys=0.00, real=0.01 secs] 
337944.264: [GC (Allocation Failure) 337944.264: [ParNew: 425877K->4581K(471872K), 0.0063768 secs] 2326803K->1906012K(4141888K), 0.0064960 secs] [Times: user=0.05 sys=0.00, real=0.00 secs] 
337947.689: [GC (Allocation Failure) 337947.689: [ParNew: 424037K->3365K(471872K), 0.0062028 secs] 2325468K->1905658K(4141888K), 0.0063118 secs] [Times: user=0.04 sys=0.00, real=0.01 secs] 
337951.215: [GC (Allocation Failure) 337951.215: [ParNew: 422821K->9589K(471872K), 0.0071849 secs] 2325114K->1912510K(4141888K), 0.0073001 secs] [Times: user=0.06 sys=0.00, real=0.00 secs] 
337953.139: [GC (Allocation Failure) 337953.139: [ParNew: 429045K->4124K(471872K), 0.0072701 secs] 2331966K->1910559K(4141888K), 0.0073753 secs] [Times: user=0.05 sys=0.00, real=0.01 secs] 
337956.185: [GC (Allocation Failure) 337956.185: [ParNew: 423580K->3484K(471872K), 0.0065169 secs] 2330015K->1910385K(4141888K), 0.0066394 secs] [Times: user=0.05 sys=0.00, real=0.00 secs] 
337958.384: [GC (Allocation Failure) 337958.384: [ParNew: 422940K->4917K(471872K), 0.0061239 secs] 2329841K->1912441K(4141888K), 0.0062322 secs] [Times: user=0.05 sys=0.00, real=0.00 secs] 
337966.511: [GC (Allocation Failure) 337966.511: [ParNew: 424373K->3693K(471872K), 0.0066676 secs] 2331897K->1911806K(4141888K), 0.0067932 secs] [Times: user=0.05 sys=0.00, real=0.01 secs] 
337978.101: [GC (Allocation Failure) 337978.101: [ParNew: 423149K->5635K(471872K), 0.0079082 secs] 2331262K->1915909K(4141888K), 0.0080515 secs] [Times: user=0.06 sys=0.00, real=0.01 secs] 
337986.327: [GC (Allocation Failure) 337986.327: [ParNew: 424934K->14541K(471872K), 0.0081727 secs] 2335207K->1927203K(4141888K), 0.0082823 secs] [Times: user=0.06 sys=0.00, real=0.01 secs] 
337993.142: [GC (Allocation Failure) 337993.142: [ParNew: 433997K->5849K(471872K), 0.0067630 secs] 2346659K->1920306K(4141888K), 0.0068775 secs] [Times: user=0.05 sys=0.00, real=0.01 secs] 
338003.553: [GC (Allocation Failure) 338003.553: [ParNew: 425305K->3843K(471872K), 0.0109737 secs] 2339762K->1920779K(4141888K), 0.0110864 secs] [Times: user=0.06 sys=0.00, real=0.02 secs] 
338013.106: [GC (Allocation Failure) 338013.106: [ParNew: 423299K->6428K(471872K), 0.0100880 secs] 2340235K->1925611K(4141888K), 0.0101750 secs] [Times: user=0.06 sys=0.00, real=0.01 secs] 
338026.239: [GC (Allocation Failure) 338026.239: [ParNew: 425884K->4973K(471872K), 0.0111408 secs] 2345067K->1928846K(4141888K), 0.0112539 secs] [Times: user=0.06 sys=0.00, real=0.01 secs] 
338039.739: [GC (Allocation Failure) 338039.739: [ParNew: 424429K->5621K(471872K), 0.0101801 secs] 2348302K->1932005K(4141888K), 0.0103382 secs] [Times: user=0.06 sys=0.00, real=0.01 secs] 
338041.461: [GC (Allocation Failure) 338041.461: [ParNew: 422683K->13177K(471872K), 0.0077120 secs] 2349066K->1943329K(4141888K), 0.0078149 secs] [Times: user=0.05 sys=0.00, real=0.01 secs] 
338042.049: [GC (Allocation Failure) 338042.049: [ParNew: 432633K->4210K(471872K), 0.0059535 secs] 2362785K->1943969K(4141888K), 0.0060565 secs] [Times: user=0.04 sys=0.00, real=0.01 secs] 
338042.580: [GC (Allocation Failure) 338042.580: [ParNew: 423666K->4090K(471872K), 0.0055545 secs] 2363425K->1944207K(4141888K), 0.0056399 secs] [Times: user=0.05 sys=0.00, real=0.01 secs] 
338043.108: [GC (Allocation Failure) 338043.108: [ParNew: 423546K->5098K(471872K), 0.0092476 secs] 2363663K->1946376K(4141888K), 0.0093349 secs] [Times: user=0.06 sys=0.00, real=0.01 secs] 
338044.015: [GC (Allocation Failure) 338044.015: [ParNew: 424554K->7297K(471872K), 0.0074067 secs] 2365832K->1949063K(4141888K), 0.0075052 secs] [Times: user=0.05 sys=0.00, real=0.00 secs] 
338044.432: [GC (Allocation Failure) 338044.432: [ParNew: 426753K->5056K(471872K), 0.0054352 secs] 2368519K->1947294K(4141888K), 0.0055181 secs] [Times: user=0.04 sys=0.00, real=0.01 secs] 
338045.022: [GC (Allocation Failure) 338045.022: [ParNew: 424512K->3527K(471872K), 0.0051001 secs] 2366750K->1947031K(4141888K), 0.0051768 secs] [Times: user=0.03 sys=0.00, real=0.01 secs] 
338053.111: [GC (Allocation Failure) 338053.111: [ParNew: 422983K->5020K(471872K), 0.0360903 secs] 2366487K->1948776K(4141888K), 0.0362078 secs] [Times: user=0.06 sys=0.00, real=0.04 secs] 
338064.268: [GC (Allocation Failure) 338064.268: [ParNew: 424476K->4041K(471872K), 0.0218396 secs] 2368232K->1950556K(4141888K), 0.0220180 secs] [Times: user=0.09 sys=0.00, real=0.02 secs] 
338075.147: [GC (Allocation Failure) 338075.147: [ParNew: 423497K->6848K(471872K), 0.0129504 secs] 2370012K->1955821K(4141888K), 0.0130912 secs] [Times: user=0.08 sys=0.00, real=0.01 secs] 
338084.601: [GC (Allocation Failure) 338084.601: [ParNew: 426304K->4737K(471872K), 0.0154297 secs] 2375277K->1958185K(4141888K), 0.0155774 secs] [Times: user=0.08 sys=0.00, real=0.02 secs] 
338097.488: [GC (Allocation Failure) 338097.488: [ParNew: 424193K->5281K(471872K), 0.0101602 secs] 2377641K->1961168K(4141888K), 0.0103055 secs] [Times: user=0.07 sys=0.00, real=0.01 secs] 
338108.446: [GC (Allocation Failure) 338108.446: [ParNew: 424737K->13149K(471872K), 0.0120775 secs] 2380624K->1971684K(4141888K), 0.0122604 secs] [Times: user=0.08 sys=0.00, real=0.01 secs] 
338113.635: [GC (Allocation Failure) 338113.635: [ParNew: 432605K->5673K(471872K), 0.0130223 secs] 2391140K->1966517K(4141888K), 0.0131588 secs] [Times: user=0.07 sys=0.00, real=0.01 secs] 
338126.825: [GC (Allocation Failure) 338126.825: [ParNew: 425129K->4867K(471872K), 0.0080179 secs] 2385973K->1968007K(4141888K), 0.0081365 secs] [Times: user=0.05 sys=0.00, real=0.00 secs] 
338134.685: [GC (Allocation Failure) 338134.685: [ParNew: 423166K->21981K(471872K), 0.0085597 secs] 2386306K->1987322K(4141888K), 0.0086722 secs] [Times: user=0.06 sys=0.00, real=0.00 secs] 
338141.452: [GC (Allocation Failure) 338141.452: [ParNew: 441437K->8281K(471872K), 0.0062801 secs] 2406778K->1975298K(4141888K), 0.0063817 secs] [Times: user=0.05 sys=0.00, real=0.01 secs] 
338145.656: [GC (Allocation Failure) 338145.656: [ParNew: 427737K->2833K(471872K), 0.0067750 secs] 2394754K->1973753K(4141888K), 0.0068684 secs] [Times: user=0.05 sys=0.00, real=0.00 secs] 
338153.107: [GC (Allocation Failure) 338153.107: [ParNew: 422289K->3927K(471872K), 0.0081056 secs] 2393209K->1976133K(4141888K), 0.0081972 secs] [Times: user=0.06 sys=0.00, real=0.01 secs] 
338159.805: [GC (Allocation Failure) 338159.805: [ParNew: 423383K->4105K(471872K), 0.0063296 secs] 2395589K->1978353K(4141888K), 0.0064223 secs] [Times: user=0.05 sys=0.01, real=0.00 secs] 
338164.179: [GC (Allocation Failure) 338164.179: [ParNew: 423561K->4037K(471872K), 0.0060893 secs] 2397809K->1979727K(4141888K), 0.0061834 secs] [Times: user=0.04 sys=0.00, real=0.01 secs] 
338166.095: [GC (Allocation Failure) 338166.095: [ParNew: 423372K->3237K(471872K), 0.0056003 secs] 2399062K->1981025K(4141888K), 0.0057075 secs] [Times: user=0.04 sys=0.00, real=0.00 secs] 
338169.170: [GC (Allocation Failure) 338169.170: [ParNew: 422693K->2786K(471872K), 0.0056510 secs] 2400481K->1980936K(4141888K), 0.0057343 secs] [Times: user=0.04 sys=0.00, real=0.01 secs] 
338170.910: [GC (Allocation Failure) 338170.910: [ParNew: 422242K->3026K(471872K), 0.0055533 secs] 2400392K->1982143K(4141888K), 0.0056377 secs] [Times: user=0.04 sys=0.00, real=0.01 secs] 
338183.055: [GC (Allocation Failure) 338183.055: [ParNew: 422482K->4148K(471872K), 0.0093193 secs] 2401599K->1984818K(4141888K), 0.0094037 secs] [Times: user=0.05 sys=0.00, real=0.01 secs] 
338194.206: [GC (Allocation Failure) 338194.206: [ParNew: 423604K->4465K(471872K), 0.0107887 secs] 2404274K->1987947K(4141888K), 0.0108877 secs] [Times: user=0.05 sys=0.00, real=0.01 secs] 
338203.111: [GC (Allocation Failure) 338203.111: [ParNew: 423921K->8731K(471872K), 0.0130808 secs] 2407403K->1994390K(4141888K), 0.0131938 secs] [Times: user=0.07 sys=0.00, real=0.02 secs] 
338213.127: [GC (Allocation Failure) 338213.127: [ParNew: 428187K->5396K(471872K), 0.0106618 secs] 2413846K->1995967K(4141888K), 0.0107511 secs] [Times: user=0.06 sys=0.00, real=0.01 secs] 
338222.171: [GC (Allocation Failure) 338222.171: [ParNew: 424852K->6416K(471872K), 0.0097164 secs] 2415423K->1998873K(4141888K), 0.0098133 secs] [Times: user=0.05 sys=0.00, real=0.01 secs] 
338230.385: [GC (Allocation Failure) 338230.385: [ParNew: 425872K->6394K(471872K), 0.0111321 secs] 2418329K->2002049K(4141888K), 0.0112298 secs] [Times: user=0.06 sys=0.00, real=0.01 secs] 
338233.929: [GC (Allocation Failure) 338233.929: [ParNew: 425850K->5405K(471872K), 0.0080583 secs] 2421505K->2003175K(4141888K), 0.0081521 secs] [Times: user=0.05 sys=0.00, real=0.01 secs] 
338243.149: [GC (Allocation Failure) 338243.149: [ParNew: 424861K->3438K(471872K), 0.0125917 secs] 2422631K->2003117K(4141888K), 0.0126791 secs] [Times: user=0.06 sys=0.00, real=0.01 secs] 
338253.107: [GC (Allocation Failure) 338253.108: [ParNew: 422894K->4697K(471872K), 0.0070640 secs] 2422573K->2006303K(4141888K), 0.0071585 secs] [Times: user=0.05 sys=0.00, real=0.01 secs] 
338263.099: [GC (Allocation Failure) 338263.099: [ParNew: 424153K->6338K(471872K), 0.0070789 secs] 2425759K->2010319K(4141888K), 0.0071851 secs] [Times: user=0.05 sys=0.00, real=0.01 secs] 
338276.101: [GC (Allocation Failure) 338276.102: [ParNew: 425794K->4775K(471872K), 0.0077969 secs] 2429775K->2013366K(4141888K), 0.0078951 secs] [Times: user=0.06 sys=0.00, real=0.01 secs] 
338285.293: [GC (Allocation Failure) 338285.293: [ParNew: 424231K->6261K(471872K), 0.0135358 secs] 2432822K->2017643K(4141888K), 0.0136367 secs] [Times: user=0.07 sys=0.00, real=0.02 secs] 
338292.393: [GC (Allocation Failure) 338292.393: [ParNew: 425717K->11112K(471872K), 0.0075239 secs] 2437099K->2024466K(4141888K), 0.0076236 secs] [Times: user=0.05 sys=0.00, real=0.01 secs] 
338300.030: [GC (Allocation Failure) 338300.030: [ParNew: 430568K->6912K(471872K), 0.0079425 secs] 2443922K->2022105K(4141888K), 0.0080433 secs] [Times: user=0.05 sys=0.00, real=0.01 secs] 
338311.539: [GC (Allocation Failure) 338311.539: [ParNew: 426368K->4010K(471872K), 0.0084745 secs] 2441561K->2022018K(4141888K), 0.0085742 secs] [Times: user=0.06 sys=0.00, real=0.01 secs] 
338316.956: [GC (Allocation Failure) 338316.956: [ParNew: 423239K->5245K(471872K), 0.0087153 secs] 2441246K->2025266K(4141888K), 0.0088433 secs] [Times: user=0.06 sys=0.00, real=0.01 secs] 
338323.099: [GC (Allocation Failure) 338323.099: [ParNew: 424701K->6633K(471872K), 0.0116000 secs] 2444722K->2028063K(4141888K), 0.0117271 secs] [Times: user=0.09 sys=0.00, real=0.01 secs] 
338328.424: [GC (Allocation Failure) 338328.424: [ParNew: 426049K->4456K(471872K), 0.0076285 secs] 2447479K->2030015K(4141888K), 0.0077331 secs] [Times: user=0.06 sys=0.00, real=0.00 secs] 
338333.092: [GC (Allocation Failure) 338333.092: [ParNew: 423912K->3323K(471872K), 0.0063246 secs] 2449471K->2030303K(4141888K), 0.0064211 secs] [Times: user=0.04 sys=0.00, real=0.01 secs] 
338343.067: [GC (Allocation Failure) 338343.067: [ParNew: 422779K->3481K(471872K), 0.0073528 secs] 2449759K->2031292K(4141888K), 0.0074640 secs] [Times: user=0.06 sys=0.00, real=0.01 secs] 
338349.692: [GC (Allocation Failure) 338349.692: [ParNew: 422937K->4693K(471872K), 0.0073125 secs] 2450748K->2034316K(4141888K), 0.0074332 secs] [Times: user=0.06 sys=0.00, real=0.01 secs] 
338353.219: [GC (Allocation Failure) 338353.219: [ParNew: 424149K->5400K(471872K), 0.0128846 secs] 2453772K->2036384K(4141888K), 0.0129974 secs] [Times: user=0.07 sys=0.00, real=0.01 secs] 
338355.101: [GC (Allocation Failure) 338355.101: [ParNew: 424856K->3627K(471872K), 0.0088878 secs] 2455840K->2035751K(4141888K), 0.0089897 secs] [Times: user=0.05 sys=0.00, real=0.01 secs] 
338358.555: [GC (Allocation Failure) 338358.556: [ParNew: 423083K->2815K(471872K), 0.0106666 secs] 2455207K->2036620K(4141888K), 0.0107687 secs] [Times: user=0.04 sys=0.00, real=0.01 secs] 
338362.031: [GC (Allocation Failure) 338362.031: [ParNew: 422271K->2713K(471872K), 0.0110035 secs] 2456076K->2037308K(4141888K), 0.0111087 secs] [Times: user=0.05 sys=0.00, real=0.01 secs] 
338365.110: [GC (Allocation Failure) 338365.110: [ParNew: 422169K->2341K(471872K), 0.0263780 secs] 2456764K->2037598K(4141888K), 0.0264868 secs] [Times: user=0.07 sys=0.00, real=0.03 secs] 
338378.708: [GC (Allocation Failure) 338378.708: [ParNew: 420577K->16460K(471872K), 0.0115298 secs] 2455835K->2052787K(4141888K), 0.0116468 secs] [Times: user=0.06 sys=0.00, real=0.01 secs] 
338391.140: [GC (Allocation Failure) 338391.140: [ParNew: 435916K->8556K(471872K), 0.0079641 secs] 2472243K->2047672K(4141888K), 0.0080720 secs] [Times: user=0.06 sys=0.00, real=0.01 secs] 
338403.104: [GC (Allocation Failure) 338403.104: [ParNew: 428012K->4984K(471872K), 0.0074000 secs] 2467128K->2049093K(4141888K), 0.0074961 secs] [Times: user=0.05 sys=0.00, real=0.00 secs] 
338413.322: [GC (Allocation Failure) 338413.322: [ParNew: 424440K->13369K(471872K), 0.0077202 secs] 2468549K->2060418K(4141888K), 0.0078343 secs] [Times: user=0.05 sys=0.00, real=0.01 secs] 
338423.089: [GC (Allocation Failure) 338423.089: [ParNew: 432825K->5372K(471872K), 0.0066183 secs] 2479874K->2054301K(4141888K), 0.0067081 secs] [Times: user=0.04 sys=0.00, real=0.01 secs] 
338435.627: [GC (Allocation Failure) 338435.627: [ParNew: 424828K->4347K(471872K), 0.0088407 secs] 2473757K->2056209K(4141888K), 0.0089358 secs] [Times: user=0.06 sys=0.00, real=0.01 secs] 
338445.975: [GC (Allocation Failure) 338445.975: [ParNew: 423803K->6944K(471872K), 0.0220850 secs] 2475665K->2061118K(4141888K), 0.0221986 secs] [Times: user=0.15 sys=0.00, real=0.02 secs] 
338460.885: [GC (Allocation Failure) 338460.885: [ParNew: 426400K->4489K(471872K), 0.0081655 secs] 2480574K->2063216K(4141888K), 0.0082906 secs] [Times: user=0.06 sys=0.00, real=0.00 secs] 
338473.064: [GC (Allocation Failure) 338473.064: [ParNew: 423945K->5976K(471872K), 0.0075747 secs] 2482672K->2067577K(4141888K), 0.0076786 secs] [Times: user=0.05 sys=0.00, real=0.00 secs] 
338477.496: [GC (Allocation Failure) 338477.496: [ParNew: 425432K->4552K(471872K), 0.0075731 secs] 2487033K->2068524K(4141888K), 0.0076611 secs] [Times: user=0.05 sys=0.00, real=0.01 secs] 
338491.339: [GC (Allocation Failure) 338491.339: [ParNew: 424008K->3978K(471872K), 0.0069787 secs] 2487980K->2070054K(4141888K), 0.0070738 secs] [Times: user=0.05 sys=0.00, real=0.01 secs] 
338501.194: [GC (Allocation Failure) 338501.194: [ParNew: 423434K->6473K(471872K), 0.0075280 secs] 2489510K->2075302K(4141888K), 0.0076314 secs] [Times: user=0.05 sys=0.00, real=0.00 secs] 
338512.735: [GC (Allocation Failure) 338512.735: [ParNew: 425929K->4435K(471872K), 0.0078393 secs] 2494758K->2077782K(4141888K), 0.0079399 secs] [Times: user=0.05 sys=0.00, real=0.00 secs] 
338523.298: [GC (Allocation Failure) 338523.298: [ParNew: 423891K->3987K(471872K), 0.0080344 secs] 2497238K->2079817K(4141888K), 0.0081279 secs] [Times: user=0.05 sys=0.00, real=0.01 secs] 
338535.397: [GC (Allocation Failure) 338535.397: [ParNew: 423443K->12343K(471872K), 0.0083100 secs] 2499273K->2090242K(4141888K), 0.0084275 secs] [Times: user=0.05 sys=0.01, real=0.01 secs] 
338545.064: [GC (Allocation Failure) 338545.064: [ParNew: 431799K->8513K(471872K), 0.0075259 secs] 2509698K->2088714K(4141888K), 0.0076373 secs] [Times: user=0.05 sys=0.00, real=0.01 secs] 
338559.221: [GC (Allocation Failure) 338559.221: [ParNew: 427969K->4539K(471872K), 0.0070833 secs] 2508170K->2087440K(4141888K), 0.0071949 secs] [Times: user=0.06 sys=0.00, real=0.01 secs] 
338566.396: [GC (Allocation Failure) 338566.396: [ParNew: 423995K->5871K(471872K), 0.0080600 secs] 2506896K->2091358K(4141888K), 0.0081804 secs] [Times: user=0.06 sys=0.00, real=0.01 secs] 
338574.132: [GC (Allocation Failure) 338574.132: [ParNew: 425327K->4368K(471872K), 0.0067116 secs] 2510814K->2093834K(4141888K), 0.0068093 secs] [Times: user=0.05 sys=0.00, real=0.01 secs] 
338583.077: [GC (Allocation Failure) 338583.077: [ParNew: 423824K->5313K(471872K), 0.0072225 secs] 2513290K->2096701K(4141888K), 0.0073152 secs] [Times: user=0.05 sys=0.01, real=0.01 secs] 
338593.143: [GC (Allocation Failure) 338593.144: [ParNew: 424769K->4969K(471872K), 0.0071259 secs] 2516157K->2099396K(4141888K), 0.0072328 secs] [Times: user=0.05 sys=0.00, real=0.01 secs] 
338593.876: [GC (Allocation Failure) 338593.876: [ParNew: 424056K->11053K(471872K), 0.0072485 secs] 2518483K->2108693K(4141888K), 0.0073538 secs] [Times: user=0.05 sys=0.00, real=0.00 secs] 
338594.439: [GC (Allocation Failure) 338594.439: [ParNew: 430509K->4496K(471872K), 0.0057482 secs] 2528149K->2109444K(4141888K), 0.0058483 secs] [Times: user=0.04 sys=0.00, real=0.01 secs] 
338595.032: [GC (Allocation Failure) 338595.032: [ParNew: 423952K->4734K(471872K), 0.0083083 secs] 2528900K->2110083K(4141888K), 0.0084185 secs] [Times: user=0.06 sys=0.00, real=0.01 secs] 
338595.708: [GC (Allocation Failure) 338595.708: [ParNew: 424190K->5195K(471872K), 0.0080747 secs] 2529539K->2110936K(4141888K), 0.0081766 secs] [Times: user=0.06 sys=0.00, real=0.01 secs] 
338596.285: [GC (Allocation Failure) 338596.285: [ParNew: 424651K->3730K(471872K), 0.0066870 secs] 2530392K->2110071K(4141888K), 0.0067829 secs] [Times: user=0.05 sys=0.00, real=0.00 secs] 
338599.083: [GC (Allocation Failure) 338599.083: [ParNew: 423186K->3404K(471872K), 0.0051129 secs] 2529527K->2110054K(4141888K), 0.0052045 secs] [Times: user=0.03 sys=0.00, real=0.01 secs] 
338605.196: [GC (Allocation Failure) 338605.196: [ParNew: 422608K->9745K(471872K), 0.0067859 secs] 2529257K->2118089K(4141888K), 0.0069209 secs] [Times: user=0.05 sys=0.00, real=0.00 secs] 
338612.549: [GC (Allocation Failure) 338612.549: [ParNew: 429201K->3741K(471872K), 0.0070144 secs] 2537545K->2113243K(4141888K), 0.0071332 secs] [Times: user=0.05 sys=0.00, real=0.01 secs] 
338623.073: [GC (Allocation Failure) 338623.073: [ParNew: 423197K->6597K(471872K), 0.0075470 secs] 2532699K->2118235K(4141888K), 0.0077089 secs] [Times: user=0.06 sys=0.00, real=0.01 secs] 
338633.152: [GC (Allocation Failure) 338633.152: [ParNew: 426053K->4866K(471872K), 0.0071967 secs] 2537691K->2120895K(4141888K), 0.0072945 secs] [Times: user=0.05 sys=0.00, real=0.01 secs] 
338640.591: [GC (Allocation Failure) 338640.591: [ParNew: 424322K->4102K(471872K), 0.0069389 secs] 2540351K->2122819K(4141888K), 0.0070361 secs] [Times: user=0.05 sys=0.01, real=0.01 secs] 
338643.714: [GC (Allocation Failure) 338643.714: [ParNew: 423388K->3097K(471872K), 0.0059549 secs] 2542105K->2123507K(4141888K), 0.0060411 secs] [Times: user=0.05 sys=0.01, real=0.00 secs] 
338648.394: [GC (Allocation Failure) 338648.394: [ParNew: 422067K->12923K(471872K), 0.0067581 secs] 2542476K->2133937K(4141888K), 0.0068940 secs] [Times: user=0.05 sys=0.00, real=0.01 secs] 
338649.870: [GC (Allocation Failure) 338649.870: [ParNew: 432379K->4789K(471872K), 0.0056823 secs] 2553393K->2126901K(4141888K), 0.0057745 secs] [Times: user=0.04 sys=0.00, real=0.01 secs] 
338651.425: [GC (Allocation Failure) 338651.425: [ParNew: 424245K->5596K(471872K), 0.0066559 secs] 2546357K->2129130K(4141888K), 0.0067584 secs] [Times: user=0.04 sys=0.00, real=0.00 secs] 
338653.026: [GC (Allocation Failure) 338653.026: [ParNew: 425052K->2388K(471872K), 0.0116082 secs] 2548586K->2126985K(4141888K), 0.0117331 secs] [Times: user=0.04 sys=0.00, real=0.01 secs] 
338654.143: [GC (Allocation Failure) 338654.143: [ParNew: 421844K->1855K(471872K), 0.0125440 secs] 2546441K->2127138K(4141888K), 0.0126668 secs] [Times: user=0.05 sys=0.00, real=0.02 secs] 
338655.694: [GC (Allocation Failure) 338655.694: [ParNew: 421311K->3171K(471872K), 0.0126481 secs] 2546594K->2128838K(4141888K), 0.0127473 secs] [Times: user=0.06 sys=0.00, real=0.01 secs] 
338658.187: [GC (Allocation Failure) 338658.187: [ParNew: 422627K->3475K(471872K), 0.0130236 secs] 2548294K->2129732K(4141888K), 0.0131585 secs] [Times: user=0.06 sys=0.00, real=0.01 secs] 
338661.109: [GC (Allocation Failure) 338661.109: [ParNew: 422931K->3598K(471872K), 0.0157108 secs] 2549188K->2130816K(4141888K), 0.0158577 secs] [Times: user=0.07 sys=0.00, real=0.02 secs] 
338663.173: [GC (Allocation Failure) 338663.173: [ParNew: 423054K->1677K(471872K), 0.0160013 secs] 2550272K->2130621K(4141888K), 0.0160999 secs] [Times: user=0.05 sys=0.00, real=0.02 secs] 
338667.224: [GC (Allocation Failure) 338667.224: [ParNew: 421133K->2779K(471872K), 0.0059041 secs] 2550077K->2132194K(4141888K), 0.0059987 secs] [Times: user=0.04 sys=0.00, real=0.00 secs] 
338672.121: [GC (Allocation Failure) 338672.121: [ParNew: 422235K->2051K(471872K), 0.0059021 secs] 2551650K->2132243K(4141888K), 0.0059886 secs] [Times: user=0.05 sys=0.00, real=0.01 secs] 
338674.519: [GC (Allocation Failure) 338674.519: [ParNew: 421310K->2311K(471872K), 0.0065370 secs] 2551501K->2133371K(4141888K), 0.0066447 secs] [Times: user=0.05 sys=0.00, real=0.01 secs] 
338678.021: [GC (Allocation Failure) 338678.021: [ParNew: 421767K->3621K(471872K), 0.0052143 secs] 2552827K->2135255K(4141888K), 0.0053163 secs] [Times: user=0.03 sys=0.00, real=0.01 secs] 
338679.513: [GC (Allocation Failure) 338679.513: [ParNew: 423077K->6719K(471872K), 0.0057734 secs] 2554711K->2139026K(4141888K), 0.0058802 secs] [Times: user=0.05 sys=0.00, real=0.01 secs] 
338680.765: [GC (Allocation Failure) 338680.765: [ParNew: 426041K->3213K(471872K), 0.0050559 secs] 2558348K->2135868K(4141888K), 0.0051511 secs] [Times: user=0.04 sys=0.00, real=0.00 secs] 
338683.747: [GC (Allocation Failure) 338683.747: [ParNew: 422669K->25619K(471872K), 0.0088202 secs] 2555324K->2159217K(4141888K), 0.0089253 secs] [Times: user=0.06 sys=0.00, real=0.01 secs] 
338688.987: [GC (Allocation Failure) 338688.987: [ParNew: 445075K->9019K(471872K), 0.0057042 secs] 2578673K->2145842K(4141888K), 0.0058048 secs] [Times: user=0.04 sys=0.00, real=0.00 secs] 
338696.210: [GC (Allocation Failure) 338696.210: [ParNew: 428475K->3779K(471872K), 0.0064625 secs] 2565298K->2141539K(4141888K), 0.0065524 secs] [Times: user=0.04 sys=0.00, real=0.01 secs] 
338705.514: [GC (Allocation Failure) 338705.514: [ParNew: 423235K->4559K(471872K), 0.0104579 secs] 2560995K->2143648K(4141888K), 0.0105768 secs] [Times: user=0.06 sys=0.01, real=0.02 secs] 
338713.136: [GC (Allocation Failure) 338713.136: [ParNew: 424015K->4491K(471872K), 0.0067407 secs] 2563104K->2145841K(4141888K), 0.0068490 secs] [Times: user=0.04 sys=0.00, real=0.00 secs] 
338723.084: [GC (Allocation Failure) 338723.084: [ParNew: 423947K->5036K(471872K), 0.0070375 secs] 2565297K->2148147K(4141888K), 0.0071327 secs] [Times: user=0.05 sys=0.00, real=0.00 secs] 
338734.910: [GC (Allocation Failure) 338734.910: [ParNew: 424492K->4194K(471872K), 0.0118006 secs] 2567603K->2150155K(4141888K), 0.0118923 secs] [Times: user=0.07 sys=0.01, real=0.01 secs] 
338746.389: [GC (Allocation Failure) 338746.389: [ParNew: 423650K->26264K(471872K), 0.0118820 secs] 2569611K->2174361K(4141888K), 0.0120130 secs] [Times: user=0.08 sys=0.00, real=0.01 secs] 
338760.099: [GC (Allocation Failure) 338760.099: [ParNew: 445711K->13198K(471872K), 0.0081183 secs] 2593808K->2165892K(4141888K), 0.0082233 secs] [Times: user=0.06 sys=0.00, real=0.01 secs] 
338772.735: [GC (Allocation Failure) 338772.736: [ParNew: 432654K->6126K(471872K), 0.0087109 secs] 2585348K->2161403K(4141888K), 0.0088368 secs] [Times: user=0.06 sys=0.01, real=0.01 secs] 
338781.338: [GC (Allocation Failure) 338781.338: [ParNew: 425582K->12044K(471872K), 0.0079654 secs] 2580859K->2169798K(4141888K), 0.0080651 secs] [Times: user=0.05 sys=0.00, real=0.01 secs] 
338791.900: [GC (Allocation Failure) 338791.900: [ParNew: 431500K->8013K(471872K), 0.0079829 secs] 2589254K->2167586K(4141888K), 0.0080834 secs] [Times: user=0.06 sys=0.01, real=0.01 secs] 
338803.085: [GC (Allocation Failure) 338803.085: [ParNew: 427469K->4974K(471872K), 0.0069904 secs] 2587042K->2167810K(4141888K), 0.0071055 secs] [Times: user=0.05 sys=0.00, real=0.00 secs] 
338808.886: [GC (Allocation Failure) 338808.886: [ParNew: 424430K->6782K(471872K), 0.0071367 secs] 2587266K->2172170K(4141888K), 0.0072368 secs] [Times: user=0.05 sys=0.00, real=0.00 secs] 
338819.726: [GC (Allocation Failure) 338819.727: [ParNew: 426238K->3636K(471872K), 0.0070260 secs] 2591626K->2173016K(4141888K), 0.0071760 secs] [Times: user=0.05 sys=0.00, real=0.00 secs] 
338833.054: [GC (Allocation Failure) 338833.054: [ParNew: 423092K->5905K(471872K), 0.0088743 secs] 2592472K->2177336K(4141888K), 0.0090285 secs] [Times: user=0.06 sys=0.00, real=0.00 secs] 
338842.273: [GC (Allocation Failure) 338842.273: [ParNew: 425076K->5693K(471872K), 0.0071517 secs] 2596506K->2179834K(4141888K), 0.0072468 secs] [Times: user=0.05 sys=0.00, real=0.01 secs] 
338844.227: [GC (Allocation Failure) 338844.227: [ParNew: 424643K->6747K(471872K), 0.0066889 secs] 2598784K->2182989K(4141888K), 0.0067900 secs] [Times: user=0.05 sys=0.00, real=0.01 secs] 
338847.530: [GC (Allocation Failure) 338847.530: [ParNew: 426203K->4532K(471872K), 0.0051516 secs] 2602445K->2182486K(4141888K), 0.0052369 secs] [Times: user=0.04 sys=0.00, real=0.01 secs] 
338850.296: [GC (Allocation Failure) 338850.296: [ParNew: 423772K->3657K(471872K), 0.0053265 secs] 2601726K->2182190K(4141888K), 0.0054195 secs] [Times: user=0.03 sys=0.01, real=0.00 secs] 
338852.326: [GC (Allocation Failure) 338852.326: [ParNew: 423113K->7792K(471872K), 0.0063728 secs] 2601646K->2186822K(4141888K), 0.0064969 secs] [Times: user=0.05 sys=0.00, real=0.00 secs] 
338855.075: [GC (Allocation Failure) 338855.075: [ParNew: 427248K->4587K(471872K), 0.0058419 secs] 2606278K->2184074K(4141888K), 0.0059429 secs] [Times: user=0.04 sys=0.00, real=0.00 secs] 
338858.197: [GC (Allocation Failure) 338858.197: [ParNew: 424043K->11109K(471872K), 0.0061915 secs] 2603530K->2191221K(4141888K), 0.0062949 secs] [Times: user=0.05 sys=0.00, real=0.00 secs] 
338860.218: [GC (Allocation Failure) 338860.218: [ParNew: 430565K->10004K(471872K), 0.0060480 secs] 2610677K->2190774K(4141888K), 0.0061440 secs] [Times: user=0.05 sys=0.00, real=0.01 secs] 
338861.398: [GC (Allocation Failure) 338861.398: [ParNew: 429460K->5237K(471872K), 0.0045669 secs] 2610230K->2186431K(4141888K), 0.0046493 secs] [Times: user=0.03 sys=0.00, real=0.00 secs] 
338863.126: [GC (Allocation Failure) 338863.126: [ParNew: 424693K->3219K(471872K), 0.0056535 secs] 2605887K->2184687K(4141888K), 0.0057386 secs] [Times: user=0.04 sys=0.00, real=0.00 secs] 
338866.193: [GC (Allocation Failure) 338866.193: [ParNew: 422675K->4717K(471872K), 0.0060200 secs] 2604143K->2186802K(4141888K), 0.0061063 secs] [Times: user=0.05 sys=0.00, real=0.01 secs] 
338867.073: [GC (Allocation Failure) 338867.073: [ParNew: 423863K->5362K(471872K), 0.0083184 secs] 2605948K->2188086K(4141888K), 0.0084163 secs] [Times: user=0.06 sys=0.00, real=0.01 secs] 
338869.346: [GC (Allocation Failure) 338869.346: [ParNew: 424818K->7558K(471872K), 0.0055529 secs] 2607542K->2190590K(4141888K), 0.0056365 secs] [Times: user=0.04 sys=0.00, real=0.00 secs] 
338871.370: [GC (Allocation Failure) 338871.370: [ParNew: 427014K->4320K(471872K), 0.0051578 secs] 2610046K->2190612K(4141888K), 0.0052594 secs] [Times: user=0.04 sys=0.00, real=0.01 secs] 
338873.096: [GC (Allocation Failure) 338873.096: [ParNew: 423776K->2761K(471872K), 0.0053015 secs] 2610068K->2189410K(4141888K), 0.0053873 secs] [Times: user=0.04 sys=0.00, real=0.00 secs] 
338874.026: [GC (Allocation Failure) 338874.026: [ParNew: 422217K->2408K(471872K), 0.0052655 secs] 2608866K->2189559K(4141888K), 0.0053508 secs] [Times: user=0.04 sys=0.00, real=0.00 secs] 
338875.426: [GC (Allocation Failure) 338875.426: [ParNew: 421791K->2908K(471872K), 0.0045553 secs] 2608942K->2190394K(4141888K), 0.0046329 secs] [Times: user=0.03 sys=0.00, real=0.00 secs] 
338876.552: [GC (Allocation Failure) 338876.552: [ParNew: 422364K->2921K(471872K), 0.0048085 secs] 2609850K->2190748K(4141888K), 0.0048825 secs] [Times: user=0.03 sys=0.00, real=0.01 secs] 
338877.728: [GC (Allocation Failure) 338877.728: [ParNew: 422377K->6844K(471872K), 0.0063101 secs] 2610204K->2195055K(4141888K), 0.0064078 secs] [Times: user=0.04 sys=0.00, real=0.01 secs] 
338879.088: [GC (Allocation Failure) 338879.088: [ParNew: 426272K->3755K(471872K), 0.0045422 secs] 2614484K->2192237K(4141888K), 0.0046207 secs] [Times: user=0.04 sys=0.00, real=0.00 secs] 
338880.296: [GC (Allocation Failure) 338880.296: [ParNew: 423211K->8158K(471872K), 0.0058963 secs] 2611693K->2196917K(4141888K), 0.0060022 secs] [Times: user=0.05 sys=0.00, real=0.00 secs] 
338882.425: [GC (Allocation Failure) 338882.425: [ParNew: 427614K->12867K(471872K), 0.0081134 secs] 2616373K->2201862K(4141888K), 0.0082088 secs] [Times: user=0.05 sys=0.00, real=0.00 secs] 
338883.458: [GC (Allocation Failure) 338883.458: [ParNew: 432323K->11778K(471872K), 0.0070586 secs] 2621318K->2201918K(4141888K), 0.0071762 secs] [Times: user=0.05 sys=0.00, real=0.01 secs] 
338887.192: [GC (Allocation Failure) 338887.192: [ParNew: 431234K->4809K(471872K), 0.0053570 secs] 2621374K->2196070K(4141888K), 0.0054524 secs] [Times: user=0.04 sys=0.00, real=0.01 secs] 
338890.127: [GC (Allocation Failure) 338890.127: [ParNew: 424265K->6579K(471872K), 0.0055188 secs] 2615526K->2198527K(4141888K), 0.0056176 secs] [Times: user=0.04 sys=0.00, real=0.00 secs] 
338892.241: [GC (Allocation Failure) 338892.241: [ParNew: 425943K->3958K(471872K), 0.0048862 secs] 2617891K->2196549K(4141888K), 0.0049620 secs] [Times: user=0.04 sys=0.00, real=0.01 secs] 
338893.824: [GC (Allocation Failure) 338893.824: [ParNew: 423220K->4069K(471872K), 0.0054583 secs] 2615812K->2197173K(4141888K), 0.0055457 secs] [Times: user=0.04 sys=0.00, real=0.00 secs] 
338896.837: [GC (Allocation Failure) 338896.837: [ParNew: 423370K->2924K(471872K), 0.0054881 secs] 2616474K->2197658K(4141888K), 0.0055741 secs] [Times: user=0.05 sys=0.00, real=0.00 secs] 
338899.525: [GC (Allocation Failure) 338899.525: [ParNew: 422380K->4166K(471872K), 0.0052890 secs] 2617114K->2199418K(4141888K), 0.0053772 secs] [Times: user=0.04 sys=0.00, real=0.00 secs] 
338901.570: [GC (Allocation Failure) 338901.570: [ParNew: 423622K->11061K(471872K), 0.0073177 secs] 2618874K->2206839K(4141888K), 0.0074262 secs] [Times: user=0.05 sys=0.00, real=0.01 secs] 
338902.019: [GC (Allocation Failure) 338902.019: [ParNew: 430517K->12289K(471872K), 0.0058739 secs] 2626295K->2209218K(4141888K), 0.0059665 secs] [Times: user=0.04 sys=0.00, real=0.01 secs] 
338902.434: [GC (Allocation Failure) 338902.434: [ParNew: 430172K->7550K(471872K), 0.0058426 secs] 2627102K->2211604K(4141888K), 0.0059356 secs] [Times: user=0.04 sys=0.00, real=0.00 secs] 
338902.868: [GC (Allocation Failure) 338902.868: [ParNew: 427006K->6018K(471872K), 0.0051188 secs] 2631060K->2211173K(4141888K), 0.0051987 secs] [Times: user=0.04 sys=0.00, real=0.00 secs] 
338903.309: [GC (Allocation Failure) 338903.309: [ParNew: 425474K->8464K(471872K), 0.0064689 secs] 2630629K->2215353K(4141888K), 0.0065767 secs] [Times: user=0.05 sys=0.00, real=0.01 secs] 
338903.316: [GC (GCLocker Initiated GC) 338903.316: [ParNew: 9026K->1466K(471872K), 0.0069952 secs] 2215914K->2212714K(4141888K), 0.0070486 secs] [Times: user=0.04 sys=0.01, real=0.00 secs] 
338903.688: [GC (Allocation Failure) 338903.688: [ParNew: 420923K->11837K(471872K), 0.0100153 secs] 2632170K->2223088K(4141888K), 0.0101211 secs] [Times: user=0.07 sys=0.00, real=0.01 secs] 
338903.699: [GC (GCLocker Initiated GC) 338903.699: [ParNew: 12069K->3420K(471872K), 0.0176799 secs] 2223319K->2226172K(4141888K), 0.0177585 secs] [Times: user=0.06 sys=0.01, real=0.02 secs] 
338904.077: [GC (Allocation Failure) 338904.077: [ParNew: 422876K->4290K(471872K), 0.0062162 secs] 2645628K->2227043K(4141888K), 0.0063137 secs] [Times: user=0.04 sys=0.00, real=0.00 secs] 
338904.857: [GC (Allocation Failure) 338904.857: [ParNew: 423746K->6073K(471872K), 0.0050224 secs] 2646499K->2229633K(4141888K), 0.0051020 secs] [Times: user=0.03 sys=0.00, real=0.00 secs] 
338907.544: [GC (Allocation Failure) 338907.544: [ParNew: 425529K->3277K(471872K), 0.0051812 secs] 2649089K->2229669K(4141888K), 0.0052754 secs] [Times: user=0.04 sys=0.00, real=0.00 secs] 
338909.852: [GC (Allocation Failure) 338909.852: [ParNew: 422661K->5847K(471872K), 0.0058202 secs] 2649053K->2232958K(4141888K), 0.0059082 secs] [Times: user=0.04 sys=0.00, real=0.01 secs] 
338913.068: [GC (Allocation Failure) 338913.068: [ParNew: 425303K->3561K(471872K), 0.0059855 secs] 2652414K->2231395K(4141888K), 0.0060723 secs] [Times: user=0.04 sys=0.00, real=0.01 secs] 
338919.491: [GC (Allocation Failure) 338919.491: [ParNew: 423017K->3606K(471872K), 0.0065302 secs] 2650851K->2232739K(4141888K), 0.0066287 secs] [Times: user=0.05 sys=0.00, real=0.01 secs] 
338928.801: [GC (Allocation Failure) 338928.801: [ParNew: 423062K->5031K(471872K), 0.0084735 secs] 2652195K->2235834K(4141888K), 0.0085692 secs] [Times: user=0.06 sys=0.00, real=0.01 secs] 
338934.096: [GC (Allocation Failure) 338934.097: [ParNew: 424487K->7092K(471872K), 0.0080037 secs] 2655290K->2240285K(4141888K), 0.0081284 secs] [Times: user=0.05 sys=0.00, real=0.01 secs] 
338938.860: [GC (Allocation Failure) 338938.861: [ParNew: 426548K->4103K(471872K), 0.0070866 secs] 2659741K->2241466K(4141888K), 0.0071805 secs] [Times: user=0.05 sys=0.00, real=0.01 secs] 
338943.097: [GC (Allocation Failure) 338943.097: [ParNew: 423559K->4604K(471872K), 0.0069065 secs] 2660922K->2243296K(4141888K), 0.0070058 secs] [Times: user=0.05 sys=0.00, real=0.01 secs] 
338948.632: [GC (Allocation Failure) 338948.632: [ParNew: 424060K->5139K(471872K), 0.0083486 secs] 2662752K->2245268K(4141888K), 0.0084494 secs] [Times: user=0.04 sys=0.00, real=0.01 secs] 
338953.235: [GC (Allocation Failure) 338953.235: [ParNew: 424595K->3900K(471872K), 0.0123992 secs] 2664724K->2245997K(4141888K), 0.0125125 secs] [Times: user=0.06 sys=0.00, real=0.01 secs] 
338960.416: [GC (Allocation Failure) 338960.416: [ParNew: 423356K->4523K(471872K), 0.0085602 secs] 2665453K->2247985K(4141888K), 0.0086781 secs] [Times: user=0.05 sys=0.00, real=0.01 secs] 
338967.382: [GC (Allocation Failure) 338967.382: [ParNew: 423979K->4170K(471872K), 0.0082861 secs] 2667441K->2249539K(4141888K), 0.0083754 secs] [Times: user=0.06 sys=0.00, real=0.01 secs] 
338982.890: [GC (Allocation Failure) 338982.890: [ParNew: 423626K->5485K(471872K), 0.0088285 secs] 2668995K->2253614K(4141888K), 0.0089498 secs] [Times: user=0.07 sys=0.00, real=0.01 secs] 
338990.700: [GC (Allocation Failure) 338990.700: [ParNew: 424941K->18488K(471872K), 0.0104673 secs] 2673070K->2270284K(4141888K), 0.0105808 secs] [Times: user=0.07 sys=0.00, real=0.01 secs] 
338997.349: [GC (Allocation Failure) 338997.349: [ParNew: 437944K->9971K(471872K), 0.0078220 secs] 2689740K->2266387K(4141888K), 0.0079232 secs] [Times: user=0.06 sys=0.00, real=0.01 secs] 
339004.357: [GC (Allocation Failure) 339004.357: [ParNew: 429166K->5827K(471872K), 0.0080281 secs] 2685583K->2264028K(4141888K), 0.0081221 secs] [Times: user=0.06 sys=0.00, real=0.01 secs] 
339013.096: [GC (Allocation Failure) 339013.096: [ParNew: 425283K->4799K(471872K), 0.0074159 secs] 2683484K->2265127K(4141888K), 0.0075180 secs] [Times: user=0.05 sys=0.00, real=0.00 secs] 
339023.162: [GC (Allocation Failure) 339023.162: [ParNew: 424255K->6019K(471872K), 0.0109983 secs] 2684583K->2268616K(4141888K), 0.0111071 secs] [Times: user=0.06 sys=0.00, real=0.01 secs] 
339026.093: [GC (Allocation Failure) 339026.093: [ParNew: 425475K->4753K(471872K), 0.0085731 secs] 2688072K->2269923K(4141888K), 0.0086651 secs] [Times: user=0.05 sys=0.00, real=0.01 secs] 
339033.105: [GC (Allocation Failure) 339033.105: [ParNew: 424209K->3466K(471872K), 0.0065666 secs] 2689379K->2270625K(4141888K), 0.0066620 secs] [Times: user=0.05 sys=0.00, real=0.00 secs] 
339039.888: [GC (Allocation Failure) 339039.888: [ParNew: 422701K->4834K(471872K), 0.0073144 secs] 2689860K->2273993K(4141888K), 0.0074282 secs] [Times: user=0.05 sys=0.00, real=0.01 secs] 
339045.594: [GC (Allocation Failure) 339045.594: [ParNew: 424290K->3501K(471872K), 0.0079109 secs] 2693449K->2274140K(4141888K), 0.0080005 secs] [Times: user=0.05 sys=0.00, real=0.00 secs] 
339049.844: [GC (Allocation Failure) 339049.844: [ParNew: 422957K->2777K(471872K), 0.0066071 secs] 2693596K->2274691K(4141888K), 0.0067013 secs] [Times: user=0.05 sys=0.00, real=0.01 secs] 
339053.125: [GC (Allocation Failure) 339053.125: [ParNew: 422233K->5092K(471872K), 0.0073099 secs] 2694147K->2278293K(4141888K), 0.0074512 secs] [Times: user=0.05 sys=0.00, real=0.00 secs] 
339066.671: [GC (Allocation Failure) 339066.671: [ParNew: 424548K->5139K(471872K), 0.0075783 secs] 2697749K->2281960K(4141888K), 0.0076734 secs] [Times: user=0.05 sys=0.00, real=0.01 secs] 
339073.530: [GC (Allocation Failure) 339073.530: [ParNew: 424404K->6075K(471872K), 0.0090963 secs] 2701225K->2286815K(4141888K), 0.0092131 secs] [Times: user=0.06 sys=0.00, real=0.01 secs] 
339079.586: [GC (Allocation Failure) 339079.586: [ParNew: 425531K->5956K(471872K), 0.0067736 secs] 2706271K->2288714K(4141888K), 0.0068840 secs] [Times: user=0.05 sys=0.00, real=0.00 secs] 
339085.336: [GC (Allocation Failure) 339085.336: [ParNew: 425412K->11180K(471872K), 0.0083786 secs] 2708170K->2295588K(4141888K), 0.0084844 secs] [Times: user=0.06 sys=0.00, real=0.01 secs] 
339090.311: [GC (Allocation Failure) 339090.311: [ParNew: 430636K->5117K(471872K), 0.0060564 secs] 2715044K->2290974K(4141888K), 0.0061397 secs] [Times: user=0.05 sys=0.00, real=0.01 secs] 
339095.883: [GC (Allocation Failure) 339095.883: [ParNew: 424573K->3043K(471872K), 0.0072899 secs] 2710430K->2291312K(4141888K), 0.0073835 secs] [Times: user=0.05 sys=0.00, real=0.01 secs] 
339105.174: [GC (Allocation Failure) 339105.174: [ParNew: 422499K->3981K(471872K), 0.0075017 secs] 2710768K->2293794K(4141888K), 0.0076012 secs] [Times: user=0.06 sys=0.00, real=0.00 secs] 
339113.689: [GC (Allocation Failure) 339113.689: [ParNew: 423437K->6620K(471872K), 0.0078426 secs] 2713250K->2298926K(4141888K), 0.0079445 secs] [Times: user=0.06 sys=0.00, real=0.01 secs] 
339128.910: [GC (Allocation Failure) 339128.910: [ParNew: 426076K->5482K(471872K), 0.0084967 secs] 2718382K->2302374K(4141888K), 0.0086095 secs] [Times: user=0.07 sys=0.00, real=0.01 secs] 
339139.664: [GC (Allocation Failure) 339139.664: [ParNew: 424938K->6430K(471872K), 0.0090633 secs] 2721830K->2306993K(4141888K), 0.0091577 secs] [Times: user=0.06 sys=0.00, real=0.00 secs] 
339146.024: [GC (Allocation Failure) 339146.024: [ParNew: 425886K->4240K(471872K), 0.0075461 secs] 2726449K->2308477K(4141888K), 0.0076619 secs] [Times: user=0.06 sys=0.00, real=0.00 secs] 
339153.119: [GC (Allocation Failure) 339153.119: [ParNew: 423696K->4232K(471872K), 0.0065757 secs] 2727933K->2309817K(4141888K), 0.0066671 secs] [Times: user=0.05 sys=0.01, real=0.01 secs] 
339169.849: [GC (Allocation Failure) 339169.849: [ParNew: 423688K->4189K(471872K), 0.0075545 secs] 2729273K->2312600K(4141888K), 0.0076588 secs] [Times: user=0.05 sys=0.00, real=0.01 secs] 
339180.854: [GC (Allocation Failure) 339180.854: [ParNew: 423645K->6555K(471872K), 0.0077594 secs] 2732056K->2317502K(4141888K), 0.0078592 secs] [Times: user=0.05 sys=0.00, real=0.00 secs] 
339193.112: [GC (Allocation Failure) 339193.112: [ParNew: 426011K->4755K(471872K), 0.0077031 secs] 2736958K->2320444K(4141888K), 0.0078129 secs] [Times: user=0.05 sys=0.00, real=0.01 secs] 
339203.107: [GC (Allocation Failure) 339203.107: [ParNew: 424211K->5131K(471872K), 0.0073432 secs] 2739900K->2323215K(4141888K), 0.0074433 secs] [Times: user=0.05 sys=0.01, real=0.01 secs] 
339213.052: [GC (Allocation Failure) 339213.052: [ParNew: 424587K->5102K(471872K), 0.0067184 secs] 2742671K->2325247K(4141888K), 0.0068094 secs] [Times: user=0.05 sys=0.00, real=0.01 secs] 
339222.135: [GC (Allocation Failure) 339222.135: [ParNew: 424558K->3284K(471872K), 0.0068531 secs] 2744703K->2326292K(4141888K), 0.0069622 secs] [Times: user=0.04 sys=0.00, real=0.00 secs] 
339228.927: [GC (Allocation Failure) 339228.927: [ParNew: 422740K->2887K(471872K), 0.0065568 secs] 2745748K->2327664K(4141888K), 0.0066436 secs] [Times: user=0.05 sys=0.00, real=0.00 secs] 
339241.253: [GC (Allocation Failure) 339241.253: [ParNew: 422343K->5848K(471872K), 0.0065938 secs] 2747120K->2331781K(4141888K), 0.0066964 secs] [Times: user=0.05 sys=0.00, real=0.01 secs] 
339253.075: [GC (Allocation Failure) 339253.075: [ParNew: 425304K->4582K(471872K), 0.0110996 secs] 2751237K->2335060K(4141888K), 0.0112057 secs] [Times: user=0.06 sys=0.00, real=0.01 secs] 
339258.465: [GC (Allocation Failure) 339258.465: [ParNew: 424038K->7510K(471872K), 0.0146454 secs] 2754516K->2340459K(4141888K), 0.0147605 secs] [Times: user=0.06 sys=0.00, real=0.01 secs] 
339262.422: [GC (Allocation Failure) 339262.422: [ParNew: 426769K->3598K(471872K), 0.0095170 secs] 2759718K->2337947K(4141888K), 0.0096137 secs] [Times: user=0.05 sys=0.00, real=0.01 secs] 
339269.391: [GC (Allocation Failure) 339269.391: [ParNew: 422524K->12346K(471872K), 0.0067120 secs] 2756874K->2347638K(4141888K), 0.0068066 secs] [Times: user=0.05 sys=0.00, real=0.01 secs] 
339273.340: [GC (Allocation Failure) 339273.340: [ParNew: 431802K->11260K(471872K), 0.0072289 secs] 2767094K->2347912K(4141888K), 0.0073481 secs] [Times: user=0.06 sys=0.00, real=0.01 secs] 
339277.982: [GC (Allocation Failure) 339277.982: [ParNew: 430716K->5085K(471872K), 0.0054645 secs] 2767368K->2343727K(4141888K), 0.0055596 secs] [Times: user=0.04 sys=0.00, real=0.01 secs] 
339280.020: [GC (Allocation Failure) 339280.020: [ParNew: 424541K->2791K(471872K), 0.0047976 secs] 2763183K->2342309K(4141888K), 0.0048775 secs] [Times: user=0.04 sys=0.00, real=0.01 secs] 
339281.468: [GC (Allocation Failure) 339281.468: [ParNew: 422247K->8450K(471872K), 0.0056213 secs] 2761765K->2348356K(4141888K), 0.0057231 secs] [Times: user=0.04 sys=0.00, real=0.00 secs] 
339282.303: [GC (Allocation Failure) 339282.303: [ParNew: 427906K->5038K(471872K), 0.0081604 secs] 2767812K->2345201K(4141888K), 0.0082657 secs] [Times: user=0.06 sys=0.00, real=0.01 secs] 
339284.304: [GC (Allocation Failure) 339284.304: [ParNew: 424494K->9321K(471872K), 0.0065142 secs] 2764657K->2349802K(4141888K), 0.0066144 secs] [Times: user=0.05 sys=0.00, real=0.01 secs] 
339285.426: [GC (Allocation Failure) 339285.426: [ParNew: 428777K->5501K(471872K), 0.0048469 secs] 2769258K->2346763K(4141888K), 0.0049209 secs] [Times: user=0.04 sys=0.00, real=0.00 secs] 
339289.066: [GC (Allocation Failure) 339289.066: [ParNew: 424957K->5397K(471872K), 0.0051288 secs] 2766219K->2346842K(4141888K), 0.0052144 secs] [Times: user=0.04 sys=0.00, real=0.00 secs] 
339290.406: [GC (Allocation Failure) 339290.406: [ParNew: 424853K->11396K(471872K), 0.0052718 secs] 2766298K->2353599K(4141888K), 0.0053593 secs] [Times: user=0.04 sys=0.00, real=0.00 secs] 
339291.660: [GC (Allocation Failure) 339291.660: [ParNew: 430852K->10558K(471872K), 0.0052568 secs] 2773055K->2353452K(4141888K), 0.0053446 secs] [Times: user=0.04 sys=0.00, real=0.01 secs] 
339294.229: [GC (Allocation Failure) 339294.229: [ParNew: 429509K->6739K(471872K), 0.0069939 secs] 2772403K->2349854K(4141888K), 0.0070870 secs] [Times: user=0.05 sys=0.00, real=0.01 secs] 
339297.212: [GC (Allocation Failure) 339297.212: [ParNew: 426195K->9125K(471872K), 0.0073327 secs] 2769310K->2352884K(4141888K), 0.0074364 secs] [Times: user=0.04 sys=0.00, real=0.01 secs] 
339298.259: [GC (Allocation Failure) 339298.259: [ParNew: 428581K->11378K(471872K), 0.0063034 secs] 2772340K->2358362K(4141888K), 0.0064033 secs] [Times: user=0.05 sys=0.00, real=0.01 secs] 
339305.147: [GC (Allocation Failure) 339305.147: [ParNew: 430834K->5059K(471872K), 0.0059089 secs] 2777818K->2353095K(4141888K), 0.0059917 secs] [Times: user=0.05 sys=0.00, real=0.00 secs] 
339313.057: [GC (Allocation Failure) 339313.057: [ParNew: 424515K->3938K(471872K), 0.0059811 secs] 2772551K->2353313K(4141888K), 0.0060746 secs] [Times: user=0.04 sys=0.00, real=0.00 secs] 
339321.240: [GC (Allocation Failure) 339321.240: [ParNew: 422984K->9219K(471872K), 0.0068677 secs] 2772359K->2360282K(4141888K), 0.0069702 secs] [Times: user=0.05 sys=0.00, real=0.01 secs] 
339324.771: [GC (Allocation Failure) 339324.771: [ParNew: 428675K->7288K(471872K), 0.0062805 secs] 2779738K->2361089K(4141888K), 0.0063743 secs] [Times: user=0.04 sys=0.00, real=0.01 secs] 
339329.356: [GC (Allocation Failure) 339329.356: [ParNew: 426744K->11757K(471872K), 0.0058024 secs] 2780545K->2366222K(4141888K), 0.0058949 secs] [Times: user=0.04 sys=0.00, real=0.00 secs] 
339330.599: [GC (Allocation Failure) 339330.599: [ParNew: 431213K->6270K(471872K), 0.0059858 secs] 2785678K->2361698K(4141888K), 0.0060885 secs] [Times: user=0.04 sys=0.00, real=0.01 secs] 
339334.957: [GC (Allocation Failure) 339334.957: [ParNew: 425726K->3277K(471872K), 0.0063305 secs] 2781154K->2360151K(4141888K), 0.0064217 secs] [Times: user=0.05 sys=0.00, real=0.00 secs] 
339337.236: [GC (Allocation Failure) 339337.236: [ParNew: 422733K->3715K(471872K), 0.0053872 secs] 2779607K->2361436K(4141888K), 0.0054841 secs] [Times: user=0.04 sys=0.00, real=0.00 secs] 
339343.532: [GC (Allocation Failure) 339343.532: [ParNew: 423171K->4793K(471872K), 0.0076943 secs] 2780892K->2363213K(4141888K), 0.0077867 secs] [Times: user=0.05 sys=0.00, real=0.01 secs] 
339353.101: [GC (Allocation Failure) 339353.101: [ParNew: 424249K->3746K(471872K), 0.0099322 secs] 2782669K->2363468K(4141888K), 0.0100256 secs] [Times: user=0.05 sys=0.00, real=0.01 secs] 
339358.642: [GC (Allocation Failure) 339358.642: [ParNew: 421719K->24683K(471872K), 0.0085508 secs] 2781440K->2385907K(4141888K), 0.0086709 secs] [Times: user=0.06 sys=0.01, real=0.01 secs] 
339363.053: [GC (Allocation Failure) 339363.053: [ParNew: 444139K->7477K(471872K), 0.0056857 secs] 2805363K->2369661K(4141888K), 0.0057787 secs] [Times: user=0.04 sys=0.00, real=0.01 secs] 
339373.132: [GC (Allocation Failure) 339373.132: [ParNew: 426933K->3414K(471872K), 0.0066074 secs] 2789117K->2369411K(4141888K), 0.0067193 secs] [Times: user=0.05 sys=0.00, real=0.01 secs] 
339378.127: [GC (Allocation Failure) 339378.127: [ParNew: 422592K->6233K(471872K), 0.0062877 secs] 2788589K->2374234K(4141888K), 0.0063884 secs] [Times: user=0.04 sys=0.00, real=0.00 secs] 
339383.051: [GC (Allocation Failure) 339383.051: [ParNew: 425689K->3711K(471872K), 0.0053198 secs] 2793690K->2372672K(4141888K), 0.0054034 secs] [Times: user=0.04 sys=0.00, real=0.01 secs] 
339391.456: [GC (Allocation Failure) 339391.456: [ParNew: 423167K->13834K(471872K), 0.0074765 secs] 2792128K->2384079K(4141888K), 0.0075909 secs] [Times: user=0.05 sys=0.00, real=0.01 secs] 
339393.134: [GC (Allocation Failure) 339393.134: [ParNew: 433290K->11354K(471872K), 0.0075748 secs] 2803535K->2384329K(4141888K), 0.0076740 secs] [Times: user=0.05 sys=0.00, real=0.00 secs] 
339393.661: [GC (Allocation Failure) 339393.661: [ParNew: 430810K->3976K(471872K), 0.0060948 secs] 2803785K->2384672K(4141888K), 0.0061928 secs] [Times: user=0.04 sys=0.00, real=0.01 secs] 
339394.233: [GC (Allocation Failure) 339394.234: [ParNew: 423432K->4720K(471872K), 0.0054926 secs] 2804128K->2385704K(4141888K), 0.0055882 secs] [Times: user=0.04 sys=0.00, real=0.01 secs] 
339394.240: [GC (GCLocker Initiated GC) 339394.240: [ParNew: 4836K->636K(471872K), 0.0057568 secs] 2385821K->2384348K(4141888K), 0.0058038 secs] [Times: user=0.03 sys=0.00, real=0.01 secs] 
339394.763: [GC (Allocation Failure) 339394.763: [ParNew: 420092K->3834K(471872K), 0.0118426 secs] 2803804K->2387548K(4141888K), 0.0119479 secs] [Times: user=0.08 sys=0.01, real=0.02 secs] 
339395.369: [GC (Allocation Failure) 339395.369: [ParNew: 423290K->4431K(471872K), 0.0060948 secs] 2807004K->2388754K(4141888K), 0.0061910 secs] [Times: user=0.04 sys=0.00, real=0.01 secs] 
339395.895: [GC (Allocation Failure) 339395.895: [ParNew: 423887K->5672K(471872K), 0.0048330 secs] 2808210K->2390487K(4141888K), 0.0049182 secs] [Times: user=0.03 sys=0.00, real=0.00 secs] 
339404.305: [GC (Allocation Failure) 339404.305: [ParNew: 425082K->4487K(471872K), 0.0068739 secs] 2809897K->2391859K(4141888K), 0.0069773 secs] [Times: user=0.06 sys=0.00, real=0.00 secs] 
339415.375: [GC (Allocation Failure) 339415.375: [ParNew: 423943K->4342K(471872K), 0.0120658 secs] 2811315K->2393975K(4141888K), 0.0122079 secs] [Times: user=0.09 sys=0.00, real=0.01 secs] 
339425.294: [GC (Allocation Failure) 339425.295: [ParNew: 423798K->6904K(471872K), 0.0128469 secs] 2813431K->2399229K(4141888K), 0.0130045 secs] [Times: user=0.08 sys=0.01, real=0.01 secs] 
339433.869: [GC (Allocation Failure) 339433.869: [ParNew: 426360K->4732K(471872K), 0.0120675 secs] 2818685K->2401976K(4141888K), 0.0122387 secs] [Times: user=0.09 sys=0.00, real=0.01 secs] 
339449.957: [GC (Allocation Failure) 339449.957: [ParNew: 424188K->6687K(471872K), 0.0130968 secs] 2821432K->2406107K(4141888K), 0.0132515 secs] [Times: user=0.10 sys=0.00, real=0.01 secs] 
339453.163: [GC (Allocation Failure) 339453.163: [ParNew: 426143K->5130K(471872K), 0.0127256 secs] 2825563K->2408444K(4141888K), 0.0128557 secs] [Times: user=0.08 sys=0.00, real=0.02 secs] 
339462.743: [GC (Allocation Failure) 339462.743: [ParNew: 424586K->4929K(471872K), 0.0107173 secs] 2827900K->2410285K(4141888K), 0.0108901 secs] [Times: user=0.08 sys=0.00, real=0.02 secs] 
339470.841: [GC (Allocation Failure) 339470.841: [ParNew: 424385K->5127K(471872K), 0.0110352 secs] 2829741K->2412927K(4141888K), 0.0111924 secs] [Times: user=0.08 sys=0.00, real=0.01 secs] 
339476.114: [GC (Allocation Failure) 339476.114: [ParNew: 424583K->4362K(471872K), 0.0106623 secs] 2832383K->2414040K(4141888K), 0.0107945 secs] [Times: user=0.08 sys=0.00, real=0.02 secs] 
339487.471: [GC (Allocation Failure) 339487.471: [ParNew: 423818K->6578K(471872K), 0.0116667 secs] 2833496K->2417886K(4141888K), 0.0118157 secs] [Times: user=0.08 sys=0.00, real=0.01 secs] 
339500.949: [GC (Allocation Failure) 339500.949: [ParNew: 426034K->4454K(471872K), 0.0070877 secs] 2837342K->2420557K(4141888K), 0.0071998 secs] [Times: user=0.05 sys=0.00, real=0.01 secs] 
339512.310: [GC (Allocation Failure) 339512.310: [ParNew: 423065K->6486K(471872K), 0.0101004 secs] 2839168K->2425126K(4141888K), 0.0101999 secs] [Times: user=0.05 sys=0.00, real=0.01 secs] 
339518.279: [GC (Allocation Failure) 339518.279: [ParNew: 425942K->4411K(471872K), 0.0093547 secs] 2844582K->2425075K(4141888K), 0.0094810 secs] [Times: user=0.06 sys=0.00, real=0.01 secs] 
339533.066: [GC (Allocation Failure) 339533.066: [ParNew: 423867K->3756K(471872K), 0.0121872 secs] 2844531K->2426672K(4141888K), 0.0123392 secs] [Times: user=0.09 sys=0.00, real=0.01 secs] 
339543.071: [GC (Allocation Failure) 339543.071: [ParNew: 423212K->6189K(471872K), 0.0101073 secs] 2846128K->2431460K(4141888K), 0.0102564 secs] [Times: user=0.07 sys=0.00, real=0.01 secs] 
339553.930: [GC (Allocation Failure) 339553.930: [ParNew: 425645K->4205K(471872K), 0.0143784 secs] 2850916K->2433668K(4141888K), 0.0145350 secs] [Times: user=0.09 sys=0.00, real=0.02 secs] 
339564.341: [GC (Allocation Failure) 339564.341: [ParNew: 423468K->6105K(471872K), 0.0101576 secs] 2852932K->2437740K(4141888K), 0.0102794 secs] [Times: user=0.05 sys=0.00, real=0.01 secs] 
339573.110: [GC (Allocation Failure) 339573.110: [ParNew: 425561K->4552K(471872K), 0.0093474 secs] 2857196K->2439490K(4141888K), 0.0094442 secs] [Times: user=0.05 sys=0.01, real=0.01 secs] 
339580.646: [GC (Allocation Failure) 339580.646: [ParNew: 424008K->4700K(471872K), 0.0065762 secs] 2858946K->2441291K(4141888K), 0.0066828 secs] [Times: user=0.05 sys=0.00, real=0.00 secs] 
339590.053: [GC (Allocation Failure) 339590.053: [ParNew: 424156K->3553K(471872K), 0.0071426 secs] 2860747K->2442485K(4141888K), 0.0072583 secs] [Times: user=0.05 sys=0.00, real=0.01 secs] 
339595.104: [GC (Allocation Failure) 339595.104: [ParNew: 423009K->3334K(471872K), 0.0102432 secs] 2861941K->2444076K(4141888K), 0.0103982 secs] [Times: user=0.07 sys=0.00, real=0.01 secs] 
339602.762: [GC (Allocation Failure) 339602.762: [ParNew: 422790K->28055K(471872K), 0.0129960 secs] 2863532K->2469704K(4141888K), 0.0131621 secs] [Times: user=0.09 sys=0.00, real=0.02 secs] 
339608.820: [GC (Allocation Failure) 339608.820: [ParNew: 447274K->7114K(471872K), 0.0088573 secs] 2888923K->2452692K(4141888K), 0.0090255 secs] [Times: user=0.07 sys=0.00, real=0.01 secs] 
339616.928: [GC (Allocation Failure) 339616.928: [ParNew: 426570K->3658K(471872K), 0.0090960 secs] 2872148K->2450129K(4141888K), 0.0092557 secs] [Times: user=0.07 sys=0.00, real=0.01 secs] 
339630.577: [GC (Allocation Failure) 339630.577: [ParNew: 423114K->5846K(471872K), 0.0101486 secs] 2869585K->2453944K(4141888K), 0.0102918 secs] [Times: user=0.07 sys=0.00, real=0.01 secs] 
339637.202: [GC (Allocation Failure) 339637.202: [ParNew: 425302K->3938K(471872K), 0.0067213 secs] 2873400K->2454893K(4141888K), 0.0068156 secs] [Times: user=0.05 sys=0.00, real=0.01 secs] 
339653.091: [GC (Allocation Failure) 339653.091: [ParNew: 423394K->4037K(471872K), 0.0068654 secs] 2874349K->2457178K(4141888K), 0.0069728 secs] [Times: user=0.05 sys=0.00, real=0.01 secs] 
339663.689: [GC (Allocation Failure) 339663.689: [ParNew: 423493K->18227K(471872K), 0.0135446 secs] 2876634K->2473980K(4141888K), 0.0137775 secs] [Times: user=0.09 sys=0.01, real=0.01 secs] 
339678.152: [GC (Allocation Failure) 339678.152: [ParNew: 437683K->9499K(471872K), 0.0115648 secs] 2893436K->2469622K(4141888K), 0.0117309 secs] [Times: user=0.08 sys=0.00, real=0.01 secs] 
339693.087: [GC (Allocation Failure) 339693.087: [ParNew: 428955K->5804K(471872K), 0.0101142 secs] 2889078K->2468510K(4141888K), 0.0102576 secs] [Times: user=0.08 sys=0.00, real=0.01 secs] 
339701.903: [GC (Allocation Failure) 339701.904: [ParNew: 425260K->4901K(471872K), 0.0090685 secs] 2887966K->2469962K(4141888K), 0.0092414 secs] [Times: user=0.07 sys=0.00, real=0.01 secs] 
339712.200: [GC (Allocation Failure) 339712.200: [ParNew: 424357K->3667K(471872K), 0.0087426 secs] 2889418K->2471393K(4141888K), 0.0089025 secs] [Times: user=0.06 sys=0.00, real=0.01 secs] 
339719.740: [GC (Allocation Failure) 339719.740: [ParNew: 423123K->3699K(471872K), 0.0088522 secs] 2890849K->2473212K(4141888K), 0.0089724 secs] [Times: user=0.06 sys=0.00, real=0.01 secs] 
339724.822: [GC (Allocation Failure) 339724.822: [ParNew: 423155K->5182K(471872K), 0.0066037 secs] 2892668K->2476480K(4141888K), 0.0067035 secs] [Times: user=0.05 sys=0.01, real=0.01 secs] 
339732.881: [GC (Allocation Failure) 339732.881: [ParNew: 424638K->3728K(471872K), 0.0059782 secs] 2895936K->2479075K(4141888K), 0.0061053 secs] [Times: user=0.04 sys=0.00, real=0.01 secs] 
339738.584: [GC (Allocation Failure) 339738.584: [ParNew: 423184K->3154K(471872K), 0.0106522 secs] 2898531K->2480024K(4141888K), 0.0107590 secs] [Times: user=0.06 sys=0.00, real=0.01 secs] 
339750.381: [GC (Allocation Failure) 339750.381: [ParNew: 422610K->4922K(471872K), 0.0090628 secs] 2899480K->2482736K(4141888K), 0.0091812 secs] [Times: user=0.06 sys=0.00, real=0.01 secs] 
339757.455: [GC (Allocation Failure) 339757.455: [ParNew: 424378K->12810K(471872K), 0.0087597 secs] 2902192K->2493217K(4141888K), 0.0088890 secs] [Times: user=0.06 sys=0.00, real=0.01 secs] 
339763.434: [GC (Allocation Failure) 339763.434: [ParNew: 432266K->5086K(471872K), 0.0078187 secs] 2912673K->2487150K(4141888K), 0.0079430 secs] [Times: user=0.06 sys=0.00, real=0.00 secs] 
339772.498: [GC (Allocation Failure) 339772.498: [ParNew: 424542K->3336K(471872K), 0.0068048 secs] 2906606K->2487824K(4141888K), 0.0069252 secs] [Times: user=0.04 sys=0.00, real=0.01 secs] 
339777.050: [GC (Allocation Failure) 339777.050: [ParNew: 422703K->3775K(471872K), 0.0062013 secs] 2907191K->2489810K(4141888K), 0.0062950 secs] [Times: user=0.05 sys=0.00, real=0.01 secs] 
339784.033: [GC (Allocation Failure) 339784.033: [ParNew: 423231K->3008K(471872K), 0.0063403 secs] 2909266K->2490040K(4141888K), 0.0064461 secs] [Times: user=0.05 sys=0.00, real=0.01 secs] 
339787.514: [GC (Allocation Failure) 339787.514: [ParNew: 422464K->5005K(471872K), 0.0067612 secs] 2909496K->2493330K(4141888K), 0.0068637 secs] [Times: user=0.04 sys=0.00, real=0.01 secs] 
339793.762: [GC (Allocation Failure) 339793.763: [ParNew: 424461K->3394K(471872K), 0.0061645 secs] 2912786K->2494853K(4141888K), 0.0062843 secs] [Times: user=0.04 sys=0.00, real=0.01 secs] 
339801.974: [GC (Allocation Failure) 339801.975: [ParNew: 422850K->3857K(471872K), 0.0067144 secs] 2914309K->2496671K(4141888K), 0.0068425 secs] [Times: user=0.05 sys=0.00, real=0.00 secs] 
339806.390: [GC (Allocation Failure) 339806.390: [ParNew: 423313K->3860K(471872K), 0.0066358 secs] 2916127K->2498778K(4141888K), 0.0067445 secs] [Times: user=0.05 sys=0.00, real=0.01 secs] 
339809.636: [GC (Allocation Failure) 339809.636: [ParNew: 423316K->4323K(471872K), 0.0056920 secs] 2918234K->2500346K(4141888K), 0.0057999 secs] [Times: user=0.04 sys=0.00, real=0.00 secs] 
339813.125: [GC (Allocation Failure) 339813.125: [ParNew: 423779K->2786K(471872K), 0.0076188 secs] 2919802K->2500554K(4141888K), 0.0077160 secs] [Times: user=0.04 sys=0.00, real=0.00 secs] 
339817.334: [GC (Allocation Failure) 339817.334: [ParNew: 422242K->9737K(471872K), 0.0119764 secs] 2920010K->2508241K(4141888K), 0.0120804 secs] [Times: user=0.09 sys=0.00, real=0.02 secs] 
339824.910: [GC (Allocation Failure) 339824.910: [ParNew: 429193K->4640K(471872K), 0.0066616 secs] 2927697K->2504631K(4141888K), 0.0068022 secs] [Times: user=0.05 sys=0.00, real=0.01 secs] 
339842.184: [GC (Allocation Failure) 339842.184: [ParNew: 424096K->5348K(471872K), 0.0071664 secs] 2924087K->2507908K(4141888K), 0.0072762 secs] [Times: user=0.05 sys=0.00, real=0.00 secs] 
339850.051: [GC (Allocation Failure) 339850.051: [ParNew: 424804K->6342K(471872K), 0.0087331 secs] 2927364K->2511521K(4141888K), 0.0088861 secs] [Times: user=0.06 sys=0.00, real=0.01 secs] 
339863.067: [GC (Allocation Failure) 339863.067: [ParNew: 425798K->5384K(471872K), 0.0080463 secs] 2930977K->2514680K(4141888K), 0.0081660 secs] [Times: user=0.06 sys=0.00, real=0.01 secs] 
339873.138: [GC (Allocation Failure) 339873.138: [ParNew: 424840K->5624K(471872K), 0.0076136 secs] 2934136K->2517789K(4141888K), 0.0077129 secs] [Times: user=0.06 sys=0.00, real=0.01 secs] 
339883.066: [GC (Allocation Failure) 339883.066: [ParNew: 425080K->4559K(471872K), 0.0071902 secs] 2937245K->2518798K(4141888K), 0.0073020 secs] [Times: user=0.06 sys=0.00, real=0.00 secs] 
339895.237: [GC (Allocation Failure) 339895.237: [ParNew: 424015K->4368K(471872K), 0.0073982 secs] 2938254K->2521349K(4141888K), 0.0075263 secs] [Times: user=0.05 sys=0.00, real=0.01 secs] 
339908.692: [GC (Allocation Failure) 339908.692: [ParNew: 423824K->21553K(471872K), 0.0088047 secs] 2940805K->2540649K(4141888K), 0.0089350 secs] [Times: user=0.07 sys=0.00, real=0.01 secs] 
339915.741: [GC (Allocation Failure) 339915.741: [ParNew: 441009K->6221K(471872K), 0.0077640 secs] 2960105K->2530483K(4141888K), 0.0078830 secs] [Times: user=0.06 sys=0.01, real=0.01 secs] 
339920.923: [GC (Allocation Failure) 339920.923: [ParNew: 425677K->3399K(471872K), 0.0060732 secs] 2949939K->2528844K(4141888K), 0.0062057 secs] [Times: user=0.05 sys=0.00, real=0.01 secs] 
339925.118: [GC (Allocation Failure) 339925.118: [ParNew: 422855K->3874K(471872K), 0.0068577 secs] 2948300K->2530428K(4141888K), 0.0069731 secs] [Times: user=0.05 sys=0.00, real=0.01 secs] 
339928.361: [GC (Allocation Failure) 339928.361: [ParNew: 423330K->9962K(471872K), 0.0057077 secs] 2949884K->2537947K(4141888K), 0.0058151 secs] [Times: user=0.04 sys=0.00, real=0.01 secs] 
339930.114: [GC (Allocation Failure) 339930.114: [ParNew: 429418K->3150K(471872K), 0.0051753 secs] 2957403K->2531821K(4141888K), 0.0053027 secs] [Times: user=0.04 sys=0.00, real=0.00 secs] 
339938.251: [GC (Allocation Failure) 339938.251: [ParNew: 422606K->3604K(471872K), 0.0071406 secs] 2951277K->2533519K(4141888K), 0.0072708 secs] [Times: user=0.05 sys=0.00, real=0.01 secs] 
339943.100: [GC (Allocation Failure) 339943.100: [ParNew: 423060K->3704K(471872K), 0.0076979 secs] 2952975K->2535259K(4141888K), 0.0078375 secs] [Times: user=0.05 sys=0.00, real=0.01 secs] 
339955.817: [GC (Allocation Failure) 339955.817: [ParNew: 423160K->3938K(471872K), 0.0064898 secs] 2954715K->2537583K(4141888K), 0.0065821 secs] [Times: user=0.05 sys=0.00, real=0.01 secs] 
339969.713: [GC (Allocation Failure) 339969.713: [ParNew: 423394K->25287K(471872K), 0.0102733 secs] 2957039K->2561302K(4141888K), 0.0103887 secs] [Times: user=0.07 sys=0.00, real=0.01 secs] 
339983.082: [GC (Allocation Failure) 339983.082: [ParNew: 444743K->10770K(471872K), 0.0108775 secs] 2980758K->2551575K(4141888K), 0.0109847 secs] [Times: user=0.06 sys=0.00, real=0.01 secs] 
339993.094: [GC (Allocation Failure) 339993.094: [ParNew: 430226K->5755K(471872K), 0.0088479 secs] 2971031K->2548708K(4141888K), 0.0089422 secs] [Times: user=0.06 sys=0.00, real=0.00 secs] 
340001.511: [GC (Allocation Failure) 340001.511: [ParNew: 425211K->11294K(471872K), 0.0129406 secs] 2968164K->2556463K(4141888K), 0.0130431 secs] [Times: user=0.07 sys=0.00, real=0.02 secs] 
340002.047: [GC (Allocation Failure) 340002.047: [ParNew: 430750K->7993K(471872K), 0.0070923 secs] 2975919K->2558493K(4141888K), 0.0071888 secs] [Times: user=0.05 sys=0.00, real=0.01 secs] 
340002.562: [GC (Allocation Failure) 340002.562: [ParNew: 427449K->4463K(471872K), 0.0052155 secs] 2977949K->2558364K(4141888K), 0.0052945 secs] [Times: user=0.04 sys=0.00, real=0.01 secs] 
340003.086: [GC (Allocation Failure) 340003.086: [ParNew: 423919K->4681K(471872K), 0.0063179 secs] 2977820K->2560268K(4141888K), 0.0064153 secs] [Times: user=0.04 sys=0.00, real=0.00 secs] 
340003.493: [GC (Allocation Failure) 340003.493: [ParNew: 424137K->4738K(471872K), 0.0089832 secs] 2979724K->2560729K(4141888K), 0.0090803 secs] [Times: user=0.07 sys=0.00, real=0.01 secs] 
340004.284: [GC (Allocation Failure) 340004.284: [ParNew: 424194K->7511K(471872K), 0.0066883 secs] 2980185K->2564015K(4141888K), 0.0067897 secs] [Times: user=0.05 sys=0.00, real=0.00 secs] 
340015.522: [GC (Allocation Failure) 340015.522: [ParNew: 426967K->3082K(471872K), 0.0079470 secs] 2983471K->2561979K(4141888K), 0.0080369 secs] [Times: user=0.06 sys=0.00, real=0.01 secs] 
340030.651: [GC (Allocation Failure) 340030.651: [ParNew: 422538K->26041K(471872K), 0.0086849 secs] 2981435K->2586699K(4141888K), 0.0088219 secs] [Times: user=0.06 sys=0.00, real=0.01 secs] 
340042.626: [GC (Allocation Failure) 340042.626: [ParNew: 445497K->5509K(471872K), 0.0072261 secs] 3006155K->2571123K(4141888K), 0.0073290 secs] [Times: user=0.05 sys=0.00, real=0.00 secs] 
340053.076: [GC (Allocation Failure) 340053.076: [ParNew: 424965K->4662K(471872K), 0.0098683 secs] 2990579K->2572237K(4141888K), 0.0099584 secs] [Times: user=0.05 sys=0.00, real=0.01 secs] 
340062.452: [GC (Allocation Failure) 340062.452: [ParNew: 424118K->11048K(471872K), 0.0094790 secs] 2991693K->2580979K(4141888K), 0.0095875 secs] [Times: user=0.06 sys=0.00, real=0.01 secs] 
340073.103: [GC (Allocation Failure) 340073.103: [ParNew: 430504K->6228K(471872K), 0.0064561 secs] 3000435K->2577750K(4141888K), 0.0065503 secs] [Times: user=0.05 sys=0.00, real=0.01 secs] 
340090.563: [GC (Allocation Failure) 340090.563: [ParNew: 425684K->4442K(471872K), 0.0071730 secs] 2997206K->2578765K(4141888K), 0.0072760 secs] [Times: user=0.05 sys=0.00, real=0.01 secs] 
340102.031: [GC (Allocation Failure) 340102.031: [ParNew: 423898K->6847K(471872K), 0.0072205 secs] 2998221K->2583936K(4141888K), 0.0073192 secs] [Times: user=0.05 sys=0.00, real=0.01 secs] 
340109.889: [GC (Allocation Failure) 340109.889: [ParNew: 426303K->3028K(471872K), 0.0068175 secs] 3003392K->2584473K(4141888K), 0.0069174 secs] [Times: user=0.05 sys=0.00, real=0.01 secs] 
340120.690: [GC (Allocation Failure) 340120.690: [ParNew: 422484K->4604K(471872K), 0.0068904 secs] 3003929K->2588100K(4141888K), 0.0070027 secs] [Times: user=0.05 sys=0.00, real=0.01 secs] 
340124.279: [GC (Allocation Failure) 340124.279: [ParNew: 424060K->13675K(471872K), 0.0062935 secs] 3007556K->2599209K(4141888K), 0.0063861 secs] [Times: user=0.04 sys=0.00, real=0.01 secs] 
340133.050: [GC (Allocation Failure) 340133.050: [ParNew: 433131K->4572K(471872K), 0.0059339 secs] 3018665K->2591172K(4141888K), 0.0060162 secs] [Times: user=0.05 sys=0.01, real=0.01 secs] 
340143.120: [GC (Allocation Failure) 340143.120: [ParNew: 424028K->3926K(471872K), 0.0064704 secs] 3010628K->2593264K(4141888K), 0.0065847 secs] [Times: user=0.05 sys=0.00, real=0.01 secs] 
340154.022: [GC (Allocation Failure) 340154.022: [ParNew: 423382K->5938K(471872K), 0.0212495 secs] 3012720K->2597111K(4141888K), 0.0213695 secs] [Times: user=0.06 sys=0.00, real=0.02 secs] 
340168.120: [GC (Allocation Failure) 340168.120: [ParNew: 425394K->5166K(471872K), 0.0075367 secs] 3016567K->2600737K(4141888K), 0.0076431 secs] [Times: user=0.05 sys=0.00, real=0.01 secs] 
340175.581: [GC (Allocation Failure) 340175.581: [ParNew: 424622K->5868K(471872K), 0.0076690 secs] 3020193K->2604082K(4141888K), 0.0077663 secs] [Times: user=0.06 sys=0.00, real=0.01 secs] 
340183.152: [GC (Allocation Failure) 340183.152: [ParNew: 425324K->3075K(471872K), 0.0061860 secs] 3023538K->2604216K(4141888K), 0.0062839 secs] [Times: user=0.05 sys=0.00, real=0.01 secs] 
340191.026: [GC (Allocation Failure) 340191.026: [ParNew: 422531K->3979K(471872K), 0.0064310 secs] 3023672K->2606459K(4141888K), 0.0065386 secs] [Times: user=0.05 sys=0.00, real=0.00 secs] 
340203.100: [GC (Allocation Failure) 340203.100: [ParNew: 423435K->4209K(471872K), 0.0069707 secs] 3025915K->2609244K(4141888K), 0.0070766 secs] [Times: user=0.06 sys=0.00, real=0.01 secs] 
340213.726: [GC (Allocation Failure) 340213.726: [ParNew: 423665K->21371K(471872K), 0.0099080 secs] 3028700K->2628581K(4141888K), 0.0100621 secs] [Times: user=0.07 sys=0.00, real=0.01 secs] 
340226.576: [GC (Allocation Failure) 340226.576: [ParNew: 440662K->13516K(471872K), 0.0094300 secs] 3047873K->2625080K(4141888K), 0.0095445 secs] [Times: user=0.06 sys=0.00, real=0.01 secs] 
340233.096: [GC (Allocation Failure) 340233.096: [ParNew: 432972K->4046K(471872K), 0.0065761 secs] 3044536K->2617638K(4141888K), 0.0066880 secs] [Times: user=0.05 sys=0.00, real=0.00 secs] 
340237.667: [GC (Allocation Failure) 340237.667: [ParNew: 423502K->5856K(471872K), 0.0070041 secs] 3037094K->2621351K(4141888K), 0.0071513 secs] [Times: user=0.05 sys=0.00, real=0.01 secs] 
340243.905: [GC (Allocation Failure) 340243.905: [ParNew: 425312K->3626K(471872K), 0.0060205 secs] 3040807K->2621293K(4141888K), 0.0061294 secs] [Times: user=0.05 sys=0.00, real=0.00 secs] 
340249.991: [GC (Allocation Failure) 340249.991: [ParNew: 423082K->3972K(471872K), 0.0060335 secs] 3040749K->2622971K(4141888K), 0.0061445 secs] [Times: user=0.04 sys=0.00, real=0.01 secs] 
340258.888: [GC (Allocation Failure) 340258.888: [ParNew: 423428K->3230K(471872K), 0.0069083 secs] 3042427K->2624767K(4141888K), 0.0070114 secs] [Times: user=0.05 sys=0.00, real=0.01 secs] 
340273.106: [GC (Allocation Failure) 340273.106: [ParNew: 422686K->4310K(471872K), 0.0083730 secs] 3044223K->2627637K(4141888K), 0.0085030 secs] [Times: user=0.06 sys=0.00, real=0.01 secs] 
340283.148: [GC (Allocation Failure) 340283.148: [ParNew: 423766K->6541K(471872K), 0.0130067 secs] 3047093K->2632363K(4141888K), 0.0131206 secs] [Times: user=0.07 sys=0.00, real=0.01 secs] 
340292.401: [GC (Allocation Failure) 340292.401: [ParNew: 425997K->3682K(471872K), 0.0065779 secs] 3051819K->2633738K(4141888K), 0.0066730 secs] [Times: user=0.05 sys=0.00, real=0.01 secs] 
340302.625: [GC (Allocation Failure) 340302.625: [ParNew: 423138K->5250K(471872K), 0.0069148 secs] 3053194K->2637413K(4141888K), 0.0070338 secs] [Times: user=0.05 sys=0.00, real=0.00 secs] 
340306.745: [GC (Allocation Failure) 340306.745: [ParNew: 424706K->4104K(471872K), 0.0068967 secs] 3056869K->2638142K(4141888K), 0.0070046 secs] [Times: user=0.05 sys=0.00, real=0.00 secs] 
340313.090: [GC (Allocation Failure) 340313.090: [ParNew: 423560K->3933K(471872K), 0.0056816 secs] 3057598K->2638732K(4141888K), 0.0057682 secs] [Times: user=0.04 sys=0.00, real=0.01 secs] 
340322.448: [GC (Allocation Failure) 340322.448: [ParNew: 423389K->4777K(471872K), 0.0085269 secs] 3058188K->2641856K(4141888K), 0.0086422 secs] [Times: user=0.06 sys=0.00, real=0.01 secs] 
340325.710: [GC (Allocation Failure) 340325.710: [ParNew: 424233K->4819K(471872K), 0.0062946 secs] 3061312K->2643336K(4141888K), 0.0064057 secs] [Times: user=0.05 sys=0.00, real=0.01 secs] 
340330.827: [GC (Allocation Failure) 340330.827: [ParNew: 424275K->3908K(471872K), 0.0057397 secs] 3062792K->2643269K(4141888K), 0.0058525 secs] [Times: user=0.04 sys=0.00, real=0.00 secs] 
340335.664: [GC (Allocation Failure) 340335.664: [ParNew: 423364K->24189K(471872K), 0.0088645 secs] 3062725K->2664520K(4141888K), 0.0089689 secs] [Times: user=0.07 sys=0.00, real=0.01 secs] 
340352.548: [GC (Allocation Failure) 340352.548: [ParNew: 443645K->11869K(471872K), 0.0067669 secs] 3083976K->2655829K(4141888K), 0.0068644 secs] [Times: user=0.05 sys=0.00, real=0.01 secs] 
340358.656: [GC (Allocation Failure) 340358.656: [ParNew: 431325K->5775K(471872K), 0.0076782 secs] 3075285K->2652623K(4141888K), 0.0078026 secs] [Times: user=0.06 sys=0.00, real=0.01 secs] 
340366.398: [GC (Allocation Failure) 340366.399: [ParNew: 425231K->12493K(471872K), 0.0088911 secs] 3072079K->2662223K(4141888K), 0.0090136 secs] [Times: user=0.06 sys=0.01, real=0.01 secs] 
340370.365: [GC (Allocation Failure) 340370.365: [ParNew: 431949K->4920K(471872K), 0.0062082 secs] 3081679K->2656179K(4141888K), 0.0063068 secs] [Times: user=0.05 sys=0.00, real=0.00 secs] 
340375.839: [GC (Allocation Failure) 340375.839: [ParNew: 424376K->2504K(471872K), 0.0063411 secs] 3075635K->2655726K(4141888K), 0.0064426 secs] [Times: user=0.05 sys=0.00, real=0.01 secs] 
340389.138: [GC (Allocation Failure) 340389.138: [ParNew: 421960K->4373K(471872K), 0.0070803 secs] 3075182K->2658738K(4141888K), 0.0071822 secs] [Times: user=0.05 sys=0.00, real=0.01 secs] 
340399.964: [GC (Allocation Failure) 340399.964: [ParNew: 423785K->7215K(471872K), 0.0078067 secs] 3078150K->2664488K(4141888K), 0.0079277 secs] [Times: user=0.06 sys=0.00, real=0.00 secs] 
340413.135: [GC (Allocation Failure) 340413.135: [ParNew: 426671K->6966K(471872K), 0.0072211 secs] 3083944K->2668712K(4141888K), 0.0073209 secs] [Times: user=0.05 sys=0.00, real=0.00 secs] 
340423.131: [GC (Allocation Failure) 340423.131: [ParNew: 426422K->6068K(471872K), 0.0074042 secs] 3088168K->2670439K(4141888K), 0.0075162 secs] [Times: user=0.05 sys=0.00, real=0.01 secs] 
340432.130: [GC (Allocation Failure) 340432.130: [ParNew: 425524K->4384K(471872K), 0.0071186 secs] 3089895K->2670485K(4141888K), 0.0072289 secs] [Times: user=0.06 sys=0.00, real=0.01 secs] 
340443.112: [GC (Allocation Failure) 340443.112: [ParNew: 423840K->3962K(471872K), 0.0070898 secs] 3089941K->2673015K(4141888K), 0.0071875 secs] [Times: user=0.05 sys=0.00, real=0.01 secs] 
340453.273: [GC (Allocation Failure) 340453.273: [ParNew: 423418K->3965K(471872K), 0.0081008 secs] 3092471K->2674766K(4141888K), 0.0082741 secs] [Times: user=0.06 sys=0.00, real=0.01 secs] 
340463.935: [GC (Allocation Failure) 340463.935: [ParNew: 423421K->7362K(471872K), 0.0075602 secs] 3094222K->2680338K(4141888K), 0.0076818 secs] [Times: user=0.05 sys=0.00, real=0.00 secs] 
340478.416: [GC (Allocation Failure) 340478.416: [ParNew: 426818K->4368K(471872K), 0.0080476 secs] 3099794K->2682406K(4141888K), 0.0081862 secs] [Times: user=0.06 sys=0.00, real=0.01 secs] 
340488.412: [GC (Allocation Failure) 340488.412: [ParNew: 423381K->8780K(471872K), 0.0076457 secs] 3101419K->2689468K(4141888K), 0.0077579 secs] [Times: user=0.05 sys=0.00, real=0.01 secs] 
340493.524: [GC (Allocation Failure) 340493.524: [ParNew: 428236K->5577K(471872K), 0.0065580 secs] 3108924K->2688090K(4141888K), 0.0066488 secs] [Times: user=0.05 sys=0.00, real=0.00 secs] 
340508.784: [GC (Allocation Failure) 340508.784: [ParNew: 425033K->3739K(471872K), 0.0065661 secs] 3107546K->2688979K(4141888K), 0.0066669 secs] [Times: user=0.05 sys=0.00, real=0.00 secs] 
340519.320: [GC (Allocation Failure) 340519.321: [ParNew: 420686K->33442K(471872K), 0.0087898 secs] 3105926K->2721218K(4141888K), 0.0089117 secs] [Times: user=0.06 sys=0.00, real=0.01 secs] 
340533.106: [GC (Allocation Failure) 340533.106: [ParNew: 452898K->5214K(471872K), 0.0071288 secs] 3140674K->2697246K(4141888K), 0.0072373 secs] [Times: user=0.05 sys=0.00, real=0.00 secs] 
340543.094: [GC (Allocation Failure) 340543.094: [ParNew: 424670K->5253K(471872K), 0.0071775 secs] 3116702K->2699359K(4141888K), 0.0073197 secs] [Times: user=0.05 sys=0.00, real=0.00 secs] 
340551.763: [GC (Allocation Failure) 340551.763: [ParNew: 424709K->4367K(471872K), 0.0063383 secs] 3118815K->2700513K(4141888K), 0.0064417 secs] [Times: user=0.04 sys=0.00, real=0.01 secs] 
340562.355: [GC (Allocation Failure) 340562.355: [ParNew: 423823K->3941K(471872K), 0.0069541 secs] 3119969K->2702830K(4141888K), 0.0070645 secs] [Times: user=0.05 sys=0.00, real=0.00 secs] 
340570.096: [GC (Allocation Failure) 340570.096: [ParNew: 423397K->3540K(471872K), 0.0071018 secs] 3122286K->2704235K(4141888K), 0.0072062 secs] [Times: user=0.05 sys=0.00, real=0.00 secs] 
340579.267: [GC (Allocation Failure) 340579.267: [ParNew: 422996K->3010K(471872K), 0.0065529 secs] 3123691K->2705219K(4141888K), 0.0066522 secs] [Times: user=0.05 sys=0.00, real=0.00 secs] 
340586.960: [GC (Allocation Failure) 340586.960: [ParNew: 422466K->6297K(471872K), 0.0067624 secs] 3124675K->2710089K(4141888K), 0.0068698 secs] [Times: user=0.05 sys=0.00, real=0.01 secs] 
340602.340: [GC (Allocation Failure) 340602.340: [ParNew: 425753K->6977K(471872K), 0.0068779 secs] 3129545K->2714652K(4141888K), 0.0069941 secs] [Times: user=0.05 sys=0.00, real=0.01 secs] 
340610.684: [GC (Allocation Failure) 340610.684: [ParNew: 426433K->4513K(471872K), 0.0074605 secs] 3134108K->2714724K(4141888K), 0.0075708 secs] [Times: user=0.05 sys=0.00, real=0.00 secs] 
340621.314: [GC (Allocation Failure) 340621.314: [ParNew: 423969K->4875K(471872K), 0.0081835 secs] 3134180K->2716537K(4141888K), 0.0083068 secs] [Times: user=0.06 sys=0.00, real=0.00 secs] 
340634.225: [GC (Allocation Failure) 340634.225: [ParNew: 424331K->3651K(471872K), 0.0074084 secs] 3135993K->2718107K(4141888K), 0.0075343 secs] [Times: user=0.05 sys=0.00, real=0.00 secs] 
340643.148: [GC (Allocation Failure) 340643.149: [ParNew: 423107K->5677K(471872K), 0.0135695 secs] 3137563K->2722127K(4141888K), 0.0137393 secs] [Times: user=0.11 sys=0.00, real=0.01 secs] 
340661.375: [GC (Allocation Failure) 340661.375: [ParNew: 425133K->4434K(471872K), 0.0093173 secs] 3141583K->2724812K(4141888K), 0.0094843 secs] [Times: user=0.06 sys=0.00, real=0.01 secs] 
340667.400: [GC (Allocation Failure) 340667.400: [ParNew: 423890K->4509K(471872K), 0.0086956 secs] 3144268K->2727871K(4141888K), 0.0088345 secs] [Times: user=0.06 sys=0.00, real=0.01 secs] 
340673.545: [GC (Allocation Failure) 340673.545: [ParNew: 423965K->6074K(471872K), 0.0109091 secs] 3147327K->2730899K(4141888K), 0.0110623 secs] [Times: user=0.06 sys=0.00, real=0.01 secs] 
340685.736: [GC (Allocation Failure) 340685.736: [ParNew: 425530K->5034K(471872K), 0.0089154 secs] 3150355K->2732108K(4141888K), 0.0090378 secs] [Times: user=0.06 sys=0.00, real=0.01 secs] 
340702.001: [GC (Allocation Failure) 340702.001: [ParNew: 424490K->4569K(471872K), 0.0094642 secs] 3151564K->2734745K(4141888K), 0.0096139 secs] [Times: user=0.07 sys=0.00, real=0.01 secs] 
340713.094: [GC (Allocation Failure) 340713.094: [ParNew: 424025K->6412K(471872K), 0.0095456 secs] 3154201K->2739279K(4141888K), 0.0096808 secs] [Times: user=0.07 sys=0.00, real=0.01 secs] 
340725.519: [GC (Allocation Failure) 340725.520: [ParNew: 425868K->5350K(471872K), 0.0096456 secs] 3158735K->2742393K(4141888K), 0.0097952 secs] [Times: user=0.07 sys=0.00, real=0.01 secs] 
340733.355: [GC (Allocation Failure) 340733.355: [ParNew: 423966K->8538K(471872K), 0.0092321 secs] 3161009K->2747809K(4141888K), 0.0093628 secs] [Times: user=0.07 sys=0.00, real=0.01 secs] 
340743.083: [GC (Allocation Failure) 340743.083: [ParNew: 427994K->6449K(471872K), 0.0097070 secs] 3167265K->2747229K(4141888K), 0.0098413 secs] [Times: user=0.08 sys=0.00, real=0.01 secs] 
340755.056: [GC (Allocation Failure) 340755.056: [ParNew: 425905K->9917K(471872K), 0.0131654 secs] 3166685K->2754001K(4141888K), 0.0133260 secs] [Times: user=0.08 sys=0.00, real=0.01 secs] 
340768.688: [GC (Allocation Failure) 340768.688: [ParNew: 429373K->8060K(471872K), 0.0115836 secs] 3173457K->2755148K(4141888K), 0.0116842 secs] [Times: user=0.06 sys=0.00, real=0.01 secs] 
340777.737: [GC (Allocation Failure) 340777.737: [ParNew: 427337K->10832K(471872K), 0.0113062 secs] 3174426K->2762488K(4141888K), 0.0114238 secs] [Times: user=0.07 sys=0.00, real=0.01 secs] 
340778.279: [GC (Allocation Failure) 340778.279: [ParNew: 430288K->3929K(471872K), 0.0058798 secs] 3181944K->2763006K(4141888K), 0.0059827 secs] [Times: user=0.04 sys=0.00, real=0.01 secs] 
340778.854: [GC (Allocation Failure) 340778.854: [ParNew: 423385K->3434K(471872K), 0.0051113 secs] 3182462K->2762745K(4141888K), 0.0051913 secs] [Times: user=0.03 sys=0.00, real=0.00 secs] 
340779.405: [GC (Allocation Failure) 340779.405: [ParNew: 422890K->4503K(471872K), 0.0053584 secs] 3182201K->2764354K(4141888K), 0.0054485 secs] [Times: user=0.04 sys=0.00, real=0.00 secs] 
340779.911: [GC (Allocation Failure) 340779.911: [ParNew: 423959K->6269K(471872K), 0.0084473 secs] 3183810K->2766722K(4141888K), 0.0085569 secs] [Times: user=0.07 sys=0.00, real=0.01 secs] 
340783.061: [GC (Allocation Failure) 340783.061: [ParNew: 425725K->5352K(471872K), 0.0058394 secs] 3186178K->2766121K(4141888K), 0.0059340 secs] [Times: user=0.04 sys=0.00, real=0.01 secs] 
340789.607: [GC (Allocation Failure) 340789.607: [ParNew: 424808K->3850K(471872K), 0.0059342 secs] 3185577K->2767329K(4141888K), 0.0060240 secs] [Times: user=0.04 sys=0.00, real=0.00 secs] 
340793.389: [GC (Allocation Failure) 340793.389: [ParNew: 423306K->15653K(471872K), 0.0066756 secs] 3186785K->2781740K(4141888K), 0.0067833 secs] [Times: user=0.05 sys=0.00, real=0.01 secs] 
340798.757: [GC (Allocation Failure) 340798.757: [ParNew: 435109K->4384K(471872K), 0.0050674 secs] 3201196K->2771311K(4141888K), 0.0051548 secs] [Times: user=0.04 sys=0.00, real=0.00 secs] 
340809.007: [GC (Allocation Failure) 340809.007: [ParNew: 423838K->3158K(471872K), 0.0063259 secs] 3190765K->2772167K(4141888K), 0.0064323 secs] [Times: user=0.05 sys=0.00, real=0.01 secs] 
340813.137: [GC (Allocation Failure) 340813.137: [ParNew: 422614K->2825K(471872K), 0.0075902 secs] 3191623K->2773592K(4141888K), 0.0077013 secs] [Times: user=0.05 sys=0.00, real=0.01 secs] 
340824.794: [GC (Allocation Failure) 340824.794: [ParNew: 421806K->13849K(471872K), 0.0087056 secs] 3192574K->2785573K(4141888K), 0.0088426 secs] [Times: user=0.05 sys=0.00, real=0.00 secs] 
340838.275: [GC (Allocation Failure) 340838.275: [ParNew: 433305K->8570K(471872K), 0.0067850 secs] 3205029K->2782620K(4141888K), 0.0068954 secs] [Times: user=0.05 sys=0.00, real=0.00 secs] 
340849.530: [GC (Allocation Failure) 340849.530: [ParNew: 428026K->6764K(471872K), 0.0070930 secs] 3202076K->2785535K(4141888K), 0.0072061 secs] [Times: user=0.05 sys=0.01, real=0.01 secs] 
340855.342: [GC (Allocation Failure) 340855.342: [ParNew: 426220K->12406K(471872K), 0.0081011 secs] 3204991K->2793310K(4141888K), 0.0082436 secs] [Times: user=0.06 sys=0.00, real=0.01 secs] 
340865.300: [GC (Allocation Failure) 340865.301: [ParNew: 431862K->7148K(471872K), 0.0062048 secs] 3212766K->2789533K(4141888K), 0.0062956 secs] [Times: user=0.05 sys=0.00, real=0.01 secs] 
340880.352: [GC (Allocation Failure) 340880.352: [ParNew: 426604K->10080K(471872K), 0.0080858 secs] 3208989K->2795368K(4141888K), 0.0082050 secs] [Times: user=0.06 sys=0.00, real=0.01 secs] 
340884.335: [GC (Allocation Failure) 340884.335: [ParNew: 429536K->7860K(471872K), 0.0089186 secs] 3214824K->2795388K(4141888K), 0.0090202 secs] [Times: user=0.05 sys=0.00, real=0.01 secs] 
340889.368: [GC (Allocation Failure) 340889.368: [ParNew: 427316K->9942K(471872K), 0.0060868 secs] 3214844K->2798122K(4141888K), 0.0061938 secs] [Times: user=0.05 sys=0.00, real=0.01 secs] 
340891.377: [GC (Allocation Failure) 340891.378: [ParNew: 429398K->9530K(471872K), 0.0054009 secs] 3217578K->2801054K(4141888K), 0.0055024 secs] [Times: user=0.04 sys=0.00, real=0.00 secs] 
340894.317: [GC (Allocation Failure) 340894.317: [ParNew: 428986K->10665K(471872K), 0.0058558 secs] 3220510K->2802607K(4141888K), 0.0059585 secs] [Times: user=0.04 sys=0.00, real=0.00 secs] 
340903.077: [GC (Allocation Failure) 340903.077: [ParNew: 430121K->4186K(471872K), 0.0060134 secs] 3222063K->2796632K(4141888K), 0.0061267 secs] [Times: user=0.04 sys=0.00, real=0.00 secs] 
340913.062: [GC (Allocation Failure) 340913.062: [ParNew: 423642K->4760K(471872K), 0.0070185 secs] 3216088K->2799343K(4141888K), 0.0071168 secs] [Times: user=0.05 sys=0.00, real=0.01 secs] 
340918.405: [GC (Allocation Failure) 340918.406: [ParNew: 424216K->6403K(471872K), 0.0061175 secs] 3218799K->2802983K(4141888K), 0.0062241 secs] [Times: user=0.04 sys=0.00, real=0.00 secs] 
340931.480: [GC (Allocation Failure) 340931.480: [ParNew: 425859K->5119K(471872K), 0.0066189 secs] 3222439K->2802861K(4141888K), 0.0067503 secs] [Times: user=0.04 sys=0.00, real=0.01 secs] 
340944.704: [GC (Allocation Failure) 340944.704: [ParNew: 424575K->3503K(471872K), 0.0071877 secs] 3222317K->2804801K(4141888K), 0.0072892 secs] [Times: user=0.05 sys=0.00, real=0.00 secs] 
340953.116: [GC (Allocation Failure) 340953.116: [ParNew: 422961K->6097K(471872K), 0.0114879 secs] 3224258K->2809261K(4141888K), 0.0115778 secs] [Times: user=0.05 sys=0.00, real=0.01 secs] 
340953.129: [GC (GCLocker Initiated GC) 340953.129: [ParNew: 11122K->2287K(471872K), 0.0075035 secs] 2814285K->2810261K(4141888K), 0.0075691 secs] [Times: user=0.03 sys=0.00, real=0.01 secs] 
340969.711: [GC (Allocation Failure) 340969.711: [ParNew: 421743K->4829K(471872K), 0.0064100 secs] 3229717K->2812803K(4141888K), 0.0065164 secs] [Times: user=0.04 sys=0.00, real=0.01 secs] 
340977.400: [GC (Allocation Failure) 340977.400: [ParNew: 424285K->13942K(471872K), 0.0077887 secs] 3232259K->2824598K(4141888K), 0.0079115 secs] [Times: user=0.05 sys=0.01, real=0.01 secs] 
340987.310: [GC (Allocation Failure) 340987.310: [ParNew: 433398K->5884K(471872K), 0.0068705 secs] 3244054K->2817716K(4141888K), 0.0069697 secs] [Times: user=0.05 sys=0.00, real=0.01 secs] 
340999.096: [GC (Allocation Failure) 340999.096: [ParNew: 425340K->3496K(471872K), 0.0066435 secs] 3237172K->2818225K(4141888K), 0.0067580 secs] [Times: user=0.05 sys=0.00, real=0.00 secs] 
341007.627: [GC (Allocation Failure) 341007.627: [ParNew: 422952K->8066K(471872K), 0.0064406 secs] 3237681K->2824671K(4141888K), 0.0065383 secs] [Times: user=0.04 sys=0.00, real=0.00 secs] 
341013.610: [GC (Allocation Failure) 341013.610: [ParNew: 427522K->5182K(471872K), 0.0061848 secs] 3244127K->2823111K(4141888K), 0.0062874 secs] [Times: user=0.05 sys=0.00, real=0.01 secs] 
341024.845: [GC (Allocation Failure) 341024.845: [ParNew: 424638K->3541K(471872K), 0.0064793 secs] 3242567K->2824952K(4141888K), 0.0065835 secs] [Times: user=0.05 sys=0.00, real=0.00 secs] 
341031.265: [GC (Allocation Failure) 341031.265: [ParNew: 422997K->5534K(471872K), 0.0060439 secs] 3244408K->2829062K(4141888K), 0.0061330 secs] [Times: user=0.05 sys=0.00, real=0.00 secs] 
341034.864: [GC (Allocation Failure) 341034.864: [ParNew: 424990K->5177K(471872K), 0.0059998 secs] 3248518K->2832158K(4141888K), 0.0060948 secs] [Times: user=0.04 sys=0.00, real=0.00 secs] 
341038.107: [GC (Allocation Failure) 341038.107: [ParNew: 424633K->4596K(471872K), 0.0049865 secs] 3251614K->2832369K(4141888K), 0.0050690 secs] [Times: user=0.03 sys=0.00, real=0.00 secs] 
341040.565: [GC (Allocation Failure) 341040.565: [ParNew: 424052K->5646K(471872K), 0.0049313 secs] 3251825K->2834106K(4141888K), 0.0050284 secs] [Times: user=0.04 sys=0.00, real=0.00 secs] 
341043.126: [GC (Allocation Failure) 341043.126: [ParNew: 425102K->2148K(471872K), 0.0074096 secs] 3253562K->2832824K(4141888K), 0.0074986 secs] [Times: user=0.05 sys=0.00, real=0.00 secs] 
341046.533: [GC (Allocation Failure) 341046.533: [ParNew: 421604K->5207K(471872K), 0.0069012 secs] 3252280K->2836379K(4141888K), 0.0070186 secs] [Times: user=0.04 sys=0.00, real=0.01 secs] 
341051.267: [GC (Allocation Failure) 341051.267: [ParNew: 424663K->4453K(471872K), 0.0088319 secs] 3255835K->2836378K(4141888K), 0.0089511 secs] [Times: user=0.05 sys=0.00, real=0.01 secs] 
341053.386: [GC (Allocation Failure) 341053.386: [ParNew: 423909K->3885K(471872K), 0.0103600 secs] 3255834K->2836663K(4141888K), 0.0104815 secs] [Times: user=0.05 sys=0.00, real=0.01 secs] 
341056.141: [GC (Allocation Failure) 341056.141: [ParNew: 423341K->4801K(471872K), 0.0207519 secs] 3256119K->2838478K(4141888K), 0.0208492 secs] [Times: user=0.06 sys=0.00, real=0.02 secs] 
341059.080: [GC (Allocation Failure) 341059.080: [ParNew: 424257K->3268K(471872K), 0.0071798 secs] 3257934K->2837537K(4141888K), 0.0072888 secs] [Times: user=0.04 sys=0.00, real=0.01 secs] 
341062.372: [GC (Allocation Failure) 341062.372: [ParNew: 422712K->3516K(471872K), 0.0069863 secs] 3256981K->2838241K(4141888K), 0.0071006 secs] [Times: user=0.04 sys=0.00, real=0.01 secs] 
341064.239: [GC (Allocation Failure) 341064.239: [ParNew: 422972K->2559K(471872K), 0.0075863 secs] 3257697K->2837832K(4141888K), 0.0076734 secs] [Times: user=0.05 sys=0.01, real=0.01 secs] 
341067.778: [GC (Allocation Failure) 341067.778: [ParNew: 422015K->2000K(471872K), 0.0056657 secs] 3257288K->2838176K(4141888K), 0.0057582 secs] [Times: user=0.04 sys=0.00, real=0.01 secs] 
341070.529: [GC (Allocation Failure) 341070.529: [ParNew: 420985K->8548K(471872K), 0.0050323 secs] 3257161K->2845362K(4141888K), 0.0051228 secs] [Times: user=0.04 sys=0.00, real=0.01 secs] 
341073.075: [GC (Allocation Failure) 341073.075: [ParNew: 428004K->2752K(471872K), 0.0051042 secs] 3264818K->2842516K(4141888K), 0.0051867 secs] [Times: user=0.04 sys=0.00, real=0.00 secs] 
341075.332: [GC (Allocation Failure) 341075.332: [ParNew: 422208K->3151K(471872K), 0.0054789 secs] 3261972K->2843384K(4141888K), 0.0055822 secs] [Times: user=0.04 sys=0.00, real=0.01 secs] 
341077.779: [GC (Allocation Failure) 341077.779: [ParNew: 422607K->2216K(471872K), 0.0048174 secs] 3262840K->2842891K(4141888K), 0.0049067 secs] [Times: user=0.04 sys=0.00, real=0.00 secs] 
341080.506: [GC (Allocation Failure) 341080.506: [ParNew: 421672K->2814K(471872K), 0.0065059 secs] 3262347K->2843894K(4141888K), 0.0065839 secs] [Times: user=0.04 sys=0.00, real=0.00 secs] 
341083.119: [GC (Allocation Failure) 341083.119: [ParNew: 422270K->8521K(471872K), 0.0062699 secs] 3263350K->2850027K(4141888K), 0.0063660 secs] [Times: user=0.05 sys=0.00, real=0.01 secs] 
341084.616: [GC (Allocation Failure) 341084.616: [ParNew: 427977K->4122K(471872K), 0.0056965 secs] 3269483K->2846421K(4141888K), 0.0057816 secs] [Times: user=0.04 sys=0.00, real=0.00 secs] 
341087.350: [GC (Allocation Failure) 341087.350: [ParNew: 423313K->2918K(471872K), 0.0048735 secs] 3265612K->2845598K(4141888K), 0.0049550 secs] [Times: user=0.04 sys=0.00, real=0.01 secs] 
341090.542: [GC (Allocation Failure) 341090.542: [ParNew: 422374K->3289K(471872K), 0.0047917 secs] 3265054K->2846817K(4141888K), 0.0048701 secs] [Times: user=0.04 sys=0.00, real=0.01 secs] 
341093.544: [GC (Allocation Failure) 341093.544: [ParNew: 422745K->4461K(471872K), 0.0055124 secs] 3266273K->2850176K(4141888K), 0.0056004 secs] [Times: user=0.04 sys=0.00, real=0.00 secs] 
341095.580: [GC (Allocation Failure) 341095.580: [ParNew: 423917K->1994K(471872K), 0.0055440 secs] 3269632K->2848740K(4141888K), 0.0056416 secs] [Times: user=0.05 sys=0.00, real=0.01 secs] 
341099.025: [GC (Allocation Failure) 341099.025: [ParNew: 421450K->3079K(471872K), 0.0048025 secs] 3268196K->2850158K(4141888K), 0.0048810 secs] [Times: user=0.03 sys=0.00, real=0.00 secs] 
341103.117: [GC (Allocation Failure) 341103.117: [ParNew: 422535K->3517K(471872K), 0.0052853 secs] 3269614K->2851246K(4141888K), 0.0053744 secs] [Times: user=0.04 sys=0.00, real=0.00 secs] 
341111.389: [GC (Allocation Failure) 341111.389: [ParNew: 422973K->2981K(471872K), 0.0066476 secs] 3270702K->2852644K(4141888K), 0.0067655 secs] [Times: user=0.04 sys=0.00, real=0.01 secs] 
341119.932: [GC (Allocation Failure) 341119.932: [ParNew: 422437K->3804K(471872K), 0.0063535 secs] 3272100K->2854895K(4141888K), 0.0064461 secs] [Times: user=0.05 sys=0.00, real=0.01 secs] 
341127.622: [GC (Allocation Failure) 341127.623: [ParNew: 423253K->3653K(471872K), 0.0063840 secs] 3274344K->2856071K(4141888K), 0.0064743 secs] [Times: user=0.05 sys=0.00, real=0.01 secs] 
341139.989: [GC (Allocation Failure) 341139.989: [ParNew: 423109K->6668K(471872K), 0.0071382 secs] 3275527K->2860822K(4141888K), 0.0072408 secs] [Times: user=0.06 sys=0.00, real=0.01 secs] 
341151.191: [GC (Allocation Failure) 341151.191: [ParNew: 426124K->3518K(471872K), 0.0080083 secs] 3280278K->2862191K(4141888K), 0.0081041 secs] [Times: user=0.06 sys=0.00, real=0.01 secs] 
341159.350: [GC (Allocation Failure) 341159.350: [ParNew: 422594K->11333K(471872K), 0.0086551 secs] 3281267K->2871930K(4141888K), 0.0087690 secs] [Times: user=0.05 sys=0.00, real=0.01 secs] 
341163.072: [GC (Allocation Failure) 341163.072: [ParNew: 430789K->4704K(471872K), 0.0074844 secs] 3291386K->2866887K(4141888K), 0.0075860 secs] [Times: user=0.04 sys=0.01, real=0.01 secs] 
341170.335: [GC (Allocation Failure) 341170.335: [ParNew: 424160K->3159K(471872K), 0.0061440 secs] 3286343K->2867502K(4141888K), 0.0062418 secs] [Times: user=0.05 sys=0.00, real=0.00 secs] 
341181.929: [GC (Allocation Failure) 341181.929: [ParNew: 422615K->3233K(471872K), 0.0067217 secs] 3286958K->2869097K(4141888K), 0.0068222 secs] [Times: user=0.05 sys=0.00, real=0.01 secs] 
341189.662: [GC (Allocation Failure) 341189.662: [ParNew: 422689K->3091K(471872K), 0.0066668 secs] 3288553K->2870935K(4141888K), 0.0067576 secs] [Times: user=0.05 sys=0.01, real=0.01 secs] 
341193.517: [GC (Allocation Failure) 341193.517: [ParNew: 422547K->5059K(471872K), 0.0059749 secs] 3290391K->2874092K(4141888K), 0.0060669 secs] [Times: user=0.04 sys=0.00, real=0.00 secs] 
341203.087: [GC (Allocation Failure) 341203.087: [ParNew: 424515K->3308K(471872K), 0.0063727 secs] 3293548K->2875655K(4141888K), 0.0064762 secs] [Times: user=0.05 sys=0.00, real=0.00 secs] 
341211.389: [GC (Allocation Failure) 341211.389: [ParNew: 422764K->3129K(471872K), 0.0098426 secs] 3295111K->2877430K(4141888K), 0.0099395 secs] [Times: user=0.07 sys=0.00, real=0.01 secs] 
341220.365: [GC (Allocation Failure) 341220.365: [ParNew: 422585K->15255K(471872K), 0.0070837 secs] 3296886K->2891185K(4141888K), 0.0071847 secs] [Times: user=0.06 sys=0.00, real=0.00 secs] 
341223.386: [GC (Allocation Failure) 341223.387: [ParNew: 434711K->18911K(471872K), 0.0078206 secs] 3310641K->2896468K(4141888K), 0.0079317 secs] [Times: user=0.06 sys=0.00, real=0.01 secs] 
341223.883: [GC (Allocation Failure) 341223.883: [ParNew: 438367K->14314K(471872K), 0.0066966 secs] 3315924K->2894687K(4141888K), 0.0067957 secs] [Times: user=0.05 sys=0.00, real=0.01 secs] 
341224.481: [GC (Allocation Failure) 341224.481: [ParNew: 433770K->4095K(471872K), 0.0085948 secs] 3314143K->2891924K(4141888K), 0.0086817 secs] [Times: user=0.06 sys=0.00, real=0.01 secs] 
341225.006: [GC (Allocation Failure) 341225.006: [ParNew: 423551K->4720K(471872K), 0.0057528 secs] 3311380K->2893118K(4141888K), 0.0058378 secs] [Times: user=0.04 sys=0.00, real=0.00 secs] 
341225.591: [GC (Allocation Failure) 341225.592: [ParNew: 424176K->4556K(471872K), 0.0081063 secs] 3312574K->2893622K(4141888K), 0.0082085 secs] [Times: user=0.05 sys=0.00, real=0.01 secs] 
341226.129: [GC (Allocation Failure) 341226.129: [ParNew: 424014K->3578K(471872K), 0.0053119 secs] 3313080K->2893126K(4141888K), 0.0053944 secs] [Times: user=0.03 sys=0.00, real=0.01 secs] 
341226.135: [GC (GCLocker Initiated GC) 341226.135: [ParNew: 3590K->268K(471872K), 0.0051989 secs] 2893138K->2892367K(4141888K), 0.0052464 secs] [Times: user=0.03 sys=0.00, real=0.00 secs] 
341230.566: [GC (Allocation Failure) 341230.566: [ParNew: 419724K->5104K(471872K), 0.0052717 secs] 3311823K->2897205K(4141888K), 0.0053662 secs] [Times: user=0.04 sys=0.00, real=0.00 secs] 
341237.568: [GC (Allocation Failure) 341237.568: [ParNew: 424543K->4070K(471872K), 0.0067256 secs] 3316645K->2900120K(4141888K), 0.0068253 secs] [Times: user=0.05 sys=0.00, real=0.01 secs] 
341243.233: [GC (Allocation Failure) 341243.233: [ParNew: 423526K->4841K(471872K), 0.0118526 secs] 3319576K->2903002K(4141888K), 0.0119543 secs] [Times: user=0.09 sys=0.00, real=0.02 secs] 
341248.354: [GC (Allocation Failure) 341248.354: [ParNew: 424297K->4033K(471872K), 0.0083587 secs] 3322458K->2903625K(4141888K), 0.0084574 secs] [Times: user=0.07 sys=0.00, real=0.00 secs] 
341253.646: [GC (Allocation Failure) 341253.646: [ParNew: 423489K->5639K(471872K), 0.0072769 secs] 3323081K->2906773K(4141888K), 0.0073801 secs] [Times: user=0.06 sys=0.00, real=0.00 secs] 
341261.555: [GC (Allocation Failure) 341261.555: [ParNew: 425095K->3604K(471872K), 0.0076321 secs] 3326229K->2908532K(4141888K), 0.0077365 secs] [Times: user=0.06 sys=0.00, real=0.00 secs] 
341263.653: [GC (Allocation Failure) 341263.653: [ParNew: 423060K->2511K(471872K), 0.0065747 secs] 3327988K->2909349K(4141888K), 0.0066658 secs] [Times: user=0.04 sys=0.00, real=0.01 secs] 
341267.003: [GC (Allocation Failure) 341267.003: [ParNew: 421881K->2556K(471872K), 0.0052592 secs] 3328719K->2910001K(4141888K), 0.0053591 secs] [Times: user=0.04 sys=0.00, real=0.01 secs] 
341273.069: [GC (Allocation Failure) 341273.069: [ParNew: 422012K->3082K(471872K), 0.0064030 secs] 3329457K->2911339K(4141888K), 0.0064863 secs] [Times: user=0.05 sys=0.00, real=0.01 secs] 
341278.103: [GC (Allocation Failure) 341278.103: [ParNew: 422538K->5031K(471872K), 0.0069382 secs] 3330795K->2914774K(4141888K), 0.0070320 secs] [Times: user=0.05 sys=0.00, real=0.01 secs] 
341283.002: [GC (Allocation Failure) 341283.002: [ParNew: 424487K->4326K(471872K), 0.0060848 secs] 3334230K->2915512K(4141888K), 0.0061820 secs] [Times: user=0.05 sys=0.01, real=0.01 secs] 
341285.289: [GC (Allocation Failure) 341285.289: [ParNew: 423782K->3675K(471872K), 0.0063429 secs] 3334968K->2916118K(4141888K), 0.0064339 secs] [Times: user=0.05 sys=0.00, real=0.01 secs] 
341293.980: [GC (Allocation Failure) 341293.980: [ParNew: 423131K->3630K(471872K), 0.0071107 secs] 3335574K->2917809K(4141888K), 0.0072157 secs] [Times: user=0.05 sys=0.00, real=0.01 secs] 
341306.654: [GC (Allocation Failure) 341306.654: [ParNew: 423013K->5335K(471872K), 0.0086938 secs] 3337191K->2921801K(4141888K), 0.0087971 secs] [Times: user=0.06 sys=0.00, real=0.00 secs] 
341315.726: [GC (Allocation Failure) 341315.726: [ParNew: 424791K->7216K(471872K), 0.0096606 secs] 3341257K->2926758K(4141888K), 0.0097591 secs] [Times: user=0.07 sys=0.00, real=0.01 secs] 
341323.065: [GC (Allocation Failure) 341323.065: [ParNew: 426672K->3664K(471872K), 0.0079208 secs] 3346214K->2927763K(4141888K), 0.0080288 secs] [Times: user=0.05 sys=0.00, real=0.00 secs] 
341329.838: [GC (Allocation Failure) 341329.838: [ParNew: 423120K->3885K(471872K), 0.0072459 secs] 3347219K->2929401K(4141888K), 0.0073489 secs] [Times: user=0.05 sys=0.01, real=0.01 secs] 
341342.412: [GC (Allocation Failure) 341342.412: [ParNew: 423083K->10941K(471872K), 0.0091356 secs] 3348598K->2938316K(4141888K), 0.0092350 secs] [Times: user=0.06 sys=0.00, real=0.01 secs] 
341346.482: [GC (Allocation Failure) 341346.482: [ParNew: 430397K->7425K(471872K), 0.0126138 secs] 3357772K->2938619K(4141888K), 0.0127315 secs] [Times: user=0.06 sys=0.00, real=0.02 secs] 
341359.716: [GC (Allocation Failure) 341359.716: [ParNew: 426881K->4591K(471872K), 0.0095378 secs] 3358075K->2938069K(4141888K), 0.0096342 secs] [Times: user=0.05 sys=0.00, real=0.01 secs] 
341374.580: [GC (Allocation Failure) 341374.580: [ParNew: 422977K->5171K(471872K), 0.0129033 secs] 3356455K->2941575K(4141888K), 0.0130002 secs] [Times: user=0.06 sys=0.00, real=0.01 secs] 
341387.310: [GC (Allocation Failure) 341387.310: [ParNew: 424627K->7356K(471872K), 0.0094221 secs] 3361031K->2946687K(4141888K), 0.0095309 secs] [Times: user=0.07 sys=0.00, real=0.01 secs] 
341400.498: [GC (Allocation Failure) 341400.498: [ParNew: 426812K->6092K(471872K), 0.0081785 secs] 3366143K->2950617K(4141888K), 0.0082870 secs] [Times: user=0.06 sys=0.00, real=0.01 secs] 
341406.129: [GC (Allocation Failure) 341406.129: [ParNew: 425548K->5005K(471872K), 0.0087344 secs] 3370073K->2952336K(4141888K), 0.0088391 secs] [Times: user=0.07 sys=0.00, real=0.01 secs] 
341415.683: [GC (Allocation Failure) 341415.683: [ParNew: 424461K->5992K(471872K), 0.0077544 secs] 3371792K->2954830K(4141888K), 0.0078575 secs] [Times: user=0.05 sys=0.00, real=0.01 secs] 
341429.027: [GC (Allocation Failure) 341429.027: [ParNew: 425448K->5791K(471872K), 0.0094553 secs] 3374286K->2957697K(4141888K), 0.0095805 secs] [Times: user=0.06 sys=0.00, real=0.01 secs] 
341437.468: [GC (Allocation Failure) 341437.468: [ParNew: 425164K->7383K(471872K), 0.0083106 secs] 3377070K->2962898K(4141888K), 0.0084356 secs] [Times: user=0.06 sys=0.00, real=0.01 secs] 
341453.056: [GC (Allocation Failure) 341453.056: [ParNew: 426839K->6751K(471872K), 0.0073859 secs] 3382354K->2966304K(4141888K), 0.0074845 secs] [Times: user=0.05 sys=0.00, real=0.00 secs] 
341463.124: [GC (Allocation Failure) 341463.124: [ParNew: 426207K->5463K(471872K), 0.0074395 secs] 3385760K->2967575K(4141888K), 0.0075368 secs] [Times: user=0.06 sys=0.00, real=0.01 secs] 
341471.712: [GC (Allocation Failure) 341471.712: [ParNew: 424919K->4869K(471872K), 0.0061186 secs] 3387031K->2968859K(4141888K), 0.0062309 secs] [Times: user=0.05 sys=0.00, real=0.01 secs] 
341483.073: [GC (Allocation Failure) 341483.073: [ParNew: 424325K->3420K(471872K), 0.0062791 secs] 3388315K->2970054K(4141888K), 0.0063846 secs] [Times: user=0.05 sys=0.00, real=0.01 secs] 
341496.625: [GC (Allocation Failure) 341496.625: [ParNew: 421452K->31713K(471872K), 0.0083910 secs] 3388085K->3000109K(4141888K), 0.0085060 secs] [Times: user=0.07 sys=0.00, real=0.00 secs] 
341510.191: [GC (Allocation Failure) 341510.192: [ParNew: 451169K->8404K(471872K), 0.0076504 secs] 3419565K->2978808K(4141888K), 0.0077632 secs] [Times: user=0.06 sys=0.00, real=0.01 secs] 
341521.161: [GC (Allocation Failure) 341521.161: [ParNew: 427860K->4717K(471872K), 0.0070596 secs] 3398264K->2979645K(4141888K), 0.0071786 secs] [Times: user=0.05 sys=0.00, real=0.01 secs] 
341528.061: [GC (Allocation Failure) 341528.061: [ParNew: 424173K->4651K(471872K), 0.0064966 secs] 3399101K->2981386K(4141888K), 0.0065959 secs] [Times: user=0.05 sys=0.00, real=0.01 secs] 
341537.873: [GC (Allocation Failure) 341537.873: [ParNew: 424107K->6931K(471872K), 0.0080538 secs] 3400842K->2985394K(4141888K), 0.0082230 secs] [Times: user=0.06 sys=0.01, real=0.01 secs] 
341543.990: [GC (Allocation Failure) 341543.990: [ParNew: 426387K->3974K(471872K), 0.0069356 secs] 3404850K->2985130K(4141888K), 0.0070375 secs] [Times: user=0.05 sys=0.00, real=0.01 secs] 
341557.678: [GC (Allocation Failure) 341557.678: [ParNew: 423430K->28065K(471872K), 0.0097298 secs] 3404586K->3010537K(4141888K), 0.0098487 secs] [Times: user=0.08 sys=0.00, real=0.01 secs] 
341573.102: [GC (Allocation Failure) 341573.102: [ParNew: 447521K->8765K(471872K), 0.0115693 secs] 3429993K->2996019K(4141888K), 0.0116793 secs] [Times: user=0.07 sys=0.00, real=0.01 secs] 
341585.396: [GC (Allocation Failure) 341585.396: [ParNew: 428221K->5619K(471872K), 0.0096629 secs] 3415475K->2995224K(4141888K), 0.0097903 secs] [Times: user=0.06 sys=0.00, real=0.01 secs] 
341593.151: [GC (Allocation Failure) 341593.151: [ParNew: 425075K->5053K(471872K), 0.0072616 secs] 3414680K->2996943K(4141888K), 0.0073939 secs] [Times: user=0.05 sys=0.00, real=0.01 secs] 
341603.851: [GC (Allocation Failure) 341603.851: [ParNew: 424509K->4199K(471872K), 0.0067262 secs] 3416399K->2998482K(4141888K), 0.0068337 secs] [Times: user=0.05 sys=0.00, real=0.01 secs] 
341618.673: [GC (Allocation Failure) 341618.673: [ParNew: 423655K->24946K(471872K), 0.0091344 secs] 3417938K->3020794K(4141888K), 0.0092539 secs] [Times: user=0.07 sys=0.00, real=0.01 secs] 
341629.989: [GC (Allocation Failure) 341629.989: [ParNew: 444402K->6446K(471872K), 0.0081736 secs] 3440250K->3008035K(4141888K), 0.0082822 secs] [Times: user=0.06 sys=0.00, real=0.01 secs] 
341643.122: [GC (Allocation Failure) 341643.122: [ParNew: 425902K->5345K(471872K), 0.0069739 secs] 3427491K->3008939K(4141888K), 0.0070649 secs] [Times: user=0.05 sys=0.00, real=0.01 secs] 
341652.486: [GC (Allocation Failure) 341652.486: [ParNew: 424801K->5121K(471872K), 0.0080964 secs] 3428395K->3010679K(4141888K), 0.0082163 secs] [Times: user=0.06 sys=0.00, real=0.01 secs] 
341663.097: [GC (Allocation Failure) 341663.097: [ParNew: 424577K->3738K(471872K), 0.0101965 secs] 3430135K->3012599K(4141888K), 0.0103048 secs] [Times: user=0.05 sys=0.00, real=0.01 secs] 
341674.330: [GC (Allocation Failure) 341674.330: [ParNew: 423194K->4336K(471872K), 0.0090494 secs] 3432055K->3015113K(4141888K), 0.0091474 secs] [Times: user=0.05 sys=0.00, real=0.01 secs] 
341681.784: [GC (Allocation Failure) 341681.784: [ParNew: 423792K->6063K(471872K), 0.0104494 secs] 3434569K->3018785K(4141888K), 0.0105559 secs] [Times: user=0.06 sys=0.00, real=0.02 secs] 
341689.841: [GC (Allocation Failure) 341689.841: [ParNew: 425519K->3797K(471872K), 0.0090609 secs] 3438241K->3020190K(4141888K), 0.0091917 secs] [Times: user=0.06 sys=0.00, real=0.01 secs] 
341693.085: [GC (Allocation Failure) 341693.085: [ParNew: 423253K->2713K(471872K), 0.0081450 secs] 3439646K->3020260K(4141888K), 0.0082467 secs] [Times: user=0.05 sys=0.00, real=0.00 secs] 
341699.571: [GC (Allocation Failure) 341699.571: [ParNew: 422169K->3345K(471872K), 0.0064368 secs] 3439716K->3021359K(4141888K), 0.0065463 secs] [Times: user=0.04 sys=0.00, real=0.01 secs] 
341704.590: [GC (Allocation Failure) 341704.590: [ParNew: 422801K->2397K(471872K), 0.0058930 secs] 3440815K->3021842K(4141888K), 0.0059856 secs] [Times: user=0.04 sys=0.00, real=0.01 secs] 
341708.131: [GC (Allocation Failure) 341708.131: [ParNew: 421853K->4708K(471872K), 0.0057017 secs] 3441298K->3025405K(4141888K), 0.0057978 secs] [Times: user=0.05 sys=0.00, real=0.01 secs] 
341711.875: [GC (Allocation Failure) 341711.875: [ParNew: 424164K->2269K(471872K), 0.0050426 secs] 3444861K->3024803K(4141888K), 0.0051508 secs] [Times: user=0.04 sys=0.00, real=0.00 secs] 
341713.123: [GC (Allocation Failure) 341713.123: [ParNew: 421725K->1271K(471872K), 0.0058859 secs] 3444259K->3024728K(4141888K), 0.0059851 secs] [Times: user=0.04 sys=0.00, real=0.01 secs] 
341720.549: [GC (Allocation Failure) 341720.549: [ParNew: 420727K->2925K(471872K), 0.0068410 secs] 3444184K->3026700K(4141888K), 0.0069659 secs] [Times: user=0.05 sys=0.00, real=0.01 secs] 
341722.901: [GC (Allocation Failure) 341722.901: [ParNew: 422381K->2569K(471872K), 0.0057771 secs] 3446156K->3027700K(4141888K), 0.0059037 secs] [Times: user=0.04 sys=0.01, real=0.01 secs] 
341723.435: [GC (Allocation Failure) 341723.435: [ParNew: 422025K->1426K(471872K), 0.0057535 secs] 3447156K->3027770K(4141888K), 0.0058573 secs] [Times: user=0.05 sys=0.00, real=0.00 secs] 
341725.743: [GC (Allocation Failure) 341725.743: [ParNew: 420882K->2623K(471872K), 0.0057967 secs] 3447226K->3029292K(4141888K), 0.0059034 secs] [Times: user=0.04 sys=0.00, real=0.01 secs] 
341727.985: [GC (Allocation Failure) 341727.985: [ParNew: 422079K->1979K(471872K), 0.0051882 secs] 3448748K->3029275K(4141888K), 0.0053001 secs] [Times: user=0.04 sys=0.00, real=0.00 secs] 
341730.171: [GC (Allocation Failure) 341730.171: [ParNew: 421435K->1509K(471872K), 0.0057778 secs] 3448731K->3029112K(4141888K), 0.0059184 secs] [Times: user=0.05 sys=0.00, real=0.01 secs] 
341731.482: [GC (Allocation Failure) 341731.482: [ParNew: 420965K->4619K(471872K), 0.0051681 secs] 3448568K->3032579K(4141888K), 0.0052802 secs] [Times: user=0.04 sys=0.00, real=0.01 secs] 
341740.675: [GC (Allocation Failure) 341740.675: [ParNew: 424075K->28032K(471872K), 0.0075091 secs] 3452035K->3056542K(4141888K), 0.0076160 secs] [Times: user=0.06 sys=0.00, real=0.00 secs] 
341753.090: [GC (Allocation Failure) 341753.090: [ParNew: 447488K->7935K(471872K), 0.0074945 secs] 3475998K->3038281K(4141888K), 0.0075954 secs] [Times: user=0.05 sys=0.00, real=0.01 secs] 
341767.595: [GC (Allocation Failure) 341767.595: [ParNew: 427391K->14463K(471872K), 0.0082851 secs] 3457737K->3049148K(4141888K), 0.0083915 secs] [Times: user=0.06 sys=0.00, real=0.00 secs] 
341781.846: [GC (Allocation Failure) 341781.846: [ParNew: 433919K->8513K(471872K), 0.0068053 secs] 3468604K->3046671K(4141888K), 0.0069028 secs] [Times: user=0.05 sys=0.00, real=0.00 secs] 
341792.184: [GC (Allocation Failure) 341792.184: [ParNew: 427969K->3762K(471872K), 0.0063778 secs] 3466127K->3044335K(4141888K), 0.0064686 secs] [Times: user=0.05 sys=0.00, real=0.00 secs] 
341803.079: [GC (Allocation Failure) 341803.079: [ParNew: 423218K->6751K(471872K), 0.0070717 secs] 3463791K->3049002K(4141888K), 0.0071653 secs] [Times: user=0.05 sys=0.00, real=0.01 secs] 
341817.298: [GC (Allocation Failure) 341817.298: [ParNew: 426207K->3576K(471872K), 0.0068741 secs] 3468458K->3050284K(4141888K), 0.0069652 secs] [Times: user=0.05 sys=0.01, real=0.01 secs] 
341833.074: [GC (Allocation Failure) 341833.074: [ParNew: 423032K->5720K(471872K), 0.0069175 secs] 3469740K->3054664K(4141888K), 0.0070133 secs] [Times: user=0.05 sys=0.00, real=0.00 secs] 
341845.876: [GC (Allocation Failure) 341845.876: [ParNew: 424745K->5160K(471872K), 0.0077933 secs] 3473688K->3057781K(4141888K), 0.0079024 secs] [Times: user=0.06 sys=0.00, real=0.01 secs] 
341858.804: [GC (Allocation Failure) 341858.804: [ParNew: 424616K->5054K(471872K), 0.0072141 secs] 3477237K->3059412K(4141888K), 0.0073202 secs] [Times: user=0.05 sys=0.00, real=0.00 secs] 
341863.156: [GC (Allocation Failure) 341863.156: [ParNew: 424510K->6227K(471872K), 0.0069945 secs] 3478868K->3062666K(4141888K), 0.0071213 secs] [Times: user=0.05 sys=0.00, real=0.00 secs] 
341882.743: [GC (Allocation Failure) 341882.743: [ParNew: 425683K->4257K(471872K), 0.0071931 secs] 3482122K->3064172K(4141888K), 0.0072946 secs] [Times: user=0.05 sys=0.00, real=0.01 secs] 
341891.678: [GC (Allocation Failure) 341891.678: [ParNew: 423512K->5768K(471872K), 0.0075617 secs] 3483427K->3068514K(4141888K), 0.0076620 secs] [Times: user=0.06 sys=0.00, real=0.01 secs] 
341902.857: [GC (Allocation Failure) 341902.857: [ParNew: 425140K->5686K(471872K), 0.0077725 secs] 3487885K->3071446K(4141888K), 0.0079154 secs] [Times: user=0.06 sys=0.00, real=0.01 secs] 
341904.359: [GC (Allocation Failure) 341904.359: [ParNew: 425142K->11818K(471872K), 0.0069637 secs] 3490902K->3079508K(4141888K), 0.0070672 secs] [Times: user=0.05 sys=0.00, real=0.01 secs] 
341904.861: [GC (Allocation Failure) 341904.861: [ParNew: 431274K->4224K(471872K), 0.0093952 secs] 3498964K->3079059K(4141888K), 0.0095052 secs] [Times: user=0.07 sys=0.00, real=0.01 secs] 
341905.481: [GC (Allocation Failure) 341905.481: [ParNew: 423680K->4682K(471872K), 0.0070266 secs] 3498515K->3079876K(4141888K), 0.0071268 secs] [Times: user=0.05 sys=0.00, real=0.01 secs] 
341906.005: [GC (Allocation Failure) 341906.005: [ParNew: 424138K->6364K(471872K), 0.0053063 secs] 3499332K->3082122K(4141888K), 0.0054031 secs] [Times: user=0.04 sys=0.00, real=0.00 secs] 
341906.764: [GC (Allocation Failure) 341906.764: [ParNew: 425820K->6034K(471872K), 0.0073149 secs] 3501578K->3082406K(4141888K), 0.0074255 secs] [Times: user=0.05 sys=0.00, real=0.00 secs] 
341907.242: [GC (Allocation Failure) 341907.242: [ParNew: 425490K->5971K(471872K), 0.0067155 secs] 3501862K->3083086K(4141888K), 0.0068171 secs] [Times: user=0.04 sys=0.00, real=0.01 secs] 
341911.178: [GC (Allocation Failure) 341911.178: [ParNew: 425427K->3738K(471872K), 0.0067861 secs] 3502542K->3083312K(4141888K), 0.0068642 secs] [Times: user=0.04 sys=0.00, real=0.01 secs] 
341923.074: [GC (Allocation Failure) 341923.074: [ParNew: 423194K->3352K(471872K), 0.0065524 secs] 3502768K->3083476K(4141888K), 0.0066521 secs] [Times: user=0.05 sys=0.00, real=0.01 secs] 
341933.131: [GC (Allocation Failure) 341933.131: [ParNew: 422808K->5641K(471872K), 0.0068946 secs] 3502932K->3087910K(4141888K), 0.0069955 secs] [Times: user=0.05 sys=0.00, real=0.01 secs] 
341950.478: [GC (Allocation Failure) 341950.478: [ParNew: 424239K->15105K(471872K), 0.0076485 secs] 3506508K->3101294K(4141888K), 0.0077464 secs] [Times: user=0.06 sys=0.00, real=0.01 secs] 
341963.095: [GC (Allocation Failure) 341963.095: [ParNew: 434561K->6550K(471872K), 0.0105558 secs] 3520750K->3095612K(4141888K), 0.0106792 secs] [Times: user=0.06 sys=0.00, real=0.01 secs] 
341974.739: [GC (Allocation Failure) 341974.739: [ParNew: 426006K->3736K(471872K), 0.0089484 secs] 3515068K->3096132K(4141888K), 0.0090706 secs] [Times: user=0.06 sys=0.00, real=0.01 secs] 
341984.682: [GC (Allocation Failure) 341984.682: [ParNew: 423192K->20753K(471872K), 0.0105565 secs] 3515588K->3114706K(4141888K), 0.0106618 secs] [Times: user=0.07 sys=0.01, real=0.01 secs] 
342003.079: [GC (Allocation Failure) 342003.080: [ParNew: 440209K->9224K(471872K), 0.0077140 secs] 3534162K->3107363K(4141888K), 0.0078533 secs] [Times: user=0.05 sys=0.00, real=0.01 secs] 
342013.147: [GC (Allocation Failure) 342013.147: [ParNew: 428680K->5446K(471872K), 0.0071546 secs] 3526819K->3106053K(4141888K), 0.0072548 secs] [Times: user=0.05 sys=0.00, real=0.01 secs] 
342026.238: [GC (Allocation Failure) 342026.238: [ParNew: 424902K->3001K(471872K), 0.0063469 secs] 3525509K->3106675K(4141888K), 0.0064411 secs] [Times: user=0.04 sys=0.00, real=0.01 secs] 
342038.660: [GC (Allocation Failure) 342038.660: [ParNew: 422457K->3493K(471872K), 0.0068165 secs] 3526131K->3109037K(4141888K), 0.0069181 secs] [Times: user=0.05 sys=0.00, real=0.01 secs] 
342047.548: [GC (Allocation Failure) 342047.548: [ParNew: 422949K->5571K(471872K), 0.0068556 secs] 3528493K->3112773K(4141888K), 0.0070005 secs] [Times: user=0.05 sys=0.00, real=0.01 secs] 
342063.067: [GC (Allocation Failure) 342063.067: [ParNew: 425027K->3690K(471872K), 0.0065812 secs] 3532229K->3115084K(4141888K), 0.0066812 secs] [Times: user=0.05 sys=0.00, real=0.01 secs] 
342073.061: [GC (Allocation Failure) 342073.061: [ParNew: 423146K->5613K(471872K), 0.0110903 secs] 3534540K->3119164K(4141888K), 0.0111940 secs] [Times: user=0.08 sys=0.00, real=0.01 secs] 
342089.002: [GC (Allocation Failure) 342089.002: [ParNew: 425039K->4227K(471872K), 0.0071281 secs] 3538590K->3120972K(4141888K), 0.0072482 secs] [Times: user=0.05 sys=0.00, real=0.01 secs] 
342099.840: [GC (Allocation Failure) 342099.841: [ParNew: 423478K->4301K(471872K), 0.0072583 secs] 3540222K->3123257K(4141888K), 0.0073791 secs] [Times: user=0.05 sys=0.01, real=0.01 secs] 
342106.692: [GC (Allocation Failure) 342106.692: [ParNew: 423757K->20552K(471872K), 0.0088301 secs] 3542713K->3141083K(4141888K), 0.0089372 secs] [Times: user=0.07 sys=0.00, real=0.01 secs] 
342115.164: [GC (Allocation Failure) 342115.164: [ParNew: 440008K->8915K(471872K), 0.0065252 secs] 3560539K->3133350K(4141888K), 0.0066250 secs] [Times: user=0.05 sys=0.00, real=0.01 secs] 
342123.156: [GC (Allocation Failure) 342123.156: [ParNew: 428371K->4147K(471872K), 0.0061181 secs] 3552806K->3129893K(4141888K), 0.0062137 secs] [Times: user=0.04 sys=0.00, real=0.00 secs] 
342141.670: [GC (Allocation Failure) 342141.670: [ParNew: 423603K->5162K(471872K), 0.0074609 secs] 3549349K->3132797K(4141888K), 0.0075635 secs] [Times: user=0.05 sys=0.00, real=0.01 secs] 
342155.643: [GC (Allocation Failure) 342155.643: [ParNew: 424618K->4526K(471872K), 0.0118735 secs] 3552253K->3136093K(4141888K), 0.0119800 secs] [Times: user=0.06 sys=0.00, real=0.02 secs] 
342165.385: [GC (Allocation Failure) 342165.385: [ParNew: 423982K->2953K(471872K), 0.0066822 secs] 3555549K->3136312K(4141888K), 0.0068056 secs] [Times: user=0.04 sys=0.00, real=0.00 secs] 
342175.580: [GC (Allocation Failure) 342175.580: [ParNew: 422409K->6606K(471872K), 0.0064157 secs] 3555768K->3141582K(4141888K), 0.0065225 secs] [Times: user=0.05 sys=0.00, real=0.01 secs] 
342182.116: [GC (Allocation Failure) 342182.116: [ParNew: 426062K->3196K(471872K), 0.0061578 secs] 3561038K->3143214K(4141888K), 0.0062489 secs] [Times: user=0.05 sys=0.00, real=0.00 secs] 
342186.497: [GC (Allocation Failure) 342186.497: [ParNew: 422563K->2577K(471872K), 0.0066475 secs] 3562581K->3143646K(4141888K), 0.0067373 secs] [Times: user=0.05 sys=0.00, real=0.00 secs] 
342191.712: [GC (Allocation Failure) 342191.712: [ParNew: 422033K->5005K(471872K), 0.0074616 secs] 3563102K->3146777K(4141888K), 0.0075868 secs] [Times: user=0.04 sys=0.00, real=0.01 secs] 
342193.257: [GC (Allocation Failure) 342193.257: [ParNew: 424461K->3405K(471872K), 0.0076093 secs] 3566233K->3146003K(4141888K), 0.0077161 secs] [Times: user=0.05 sys=0.00, real=0.01 secs] 
342194.895: [GC (Allocation Failure) 342194.895: [ParNew: 422861K->4827K(471872K), 0.0053739 secs] 3565459K->3148017K(4141888K), 0.0054835 secs] [Times: user=0.04 sys=0.00, real=0.00 secs] 
342196.058: [GC (Allocation Failure) 342196.058: [ParNew: 424283K->4553K(471872K), 0.0051323 secs] 3567473K->3149768K(4141888K), 0.0052327 secs] [Times: user=0.04 sys=0.00, real=0.00 secs] 
342197.889: [GC (Allocation Failure) 342197.889: [ParNew: 424009K->2812K(471872K), 0.0053368 secs] 3569224K->3148227K(4141888K), 0.0054618 secs] [Times: user=0.04 sys=0.00, real=0.01 secs] 
342200.352: [GC (Allocation Failure) 342200.352: [ParNew: 422268K->2742K(471872K), 0.0048701 secs] 3567683K->3148659K(4141888K), 0.0049515 secs] [Times: user=0.04 sys=0.00, real=0.01 secs] 
342203.195: [GC (Allocation Failure) 342203.195: [ParNew: 422198K->2629K(471872K), 0.0060180 secs] 3568115K->3149345K(4141888K), 0.0061053 secs] [Times: user=0.05 sys=0.00, real=0.00 secs] 
342206.352: [GC (Allocation Failure) 342206.352: [ParNew: 422085K->2664K(471872K), 0.0059735 secs] 3568801K->3149891K(4141888K), 0.0060867 secs] [Times: user=0.04 sys=0.00, real=0.01 secs] 
342211.555: [GC (Allocation Failure) 342211.555: [ParNew: 422120K->2301K(471872K), 0.0050631 secs] 3569347K->3149937K(4141888K), 0.0051878 secs] [Times: user=0.04 sys=0.00, real=0.00 secs] 
342216.134: [GC (Allocation Failure) 342216.134: [ParNew: 421757K->3205K(471872K), 0.0064462 secs] 3569393K->3151670K(4141888K), 0.0065716 secs] [Times: user=0.04 sys=0.00, real=0.00 secs] 
342219.543: [GC (Allocation Failure) 342219.543: [ParNew: 422308K->4312K(471872K), 0.0055587 secs] 3570772K->3153552K(4141888K), 0.0056567 secs] [Times: user=0.04 sys=0.00, real=0.01 secs] 
342223.057: [GC (Allocation Failure) 342223.057: [ParNew: 423768K->2809K(471872K), 0.0052558 secs] 3573008K->3152566K(4141888K), 0.0053798 secs] [Times: user=0.04 sys=0.00, real=0.00 secs] 
342225.329: [GC (Allocation Failure) 342225.329: [ParNew: 422003K->4080K(471872K), 0.0058044 secs] 3571760K->3154299K(4141888K), 0.0059027 secs] [Times: user=0.05 sys=0.00, real=0.01 secs] 
342228.582: [GC (Allocation Failure) 342228.582: [ParNew: 423536K->8005K(471872K), 0.0053596 secs] 3573755K->3158747K(4141888K), 0.0054808 secs] [Times: user=0.04 sys=0.00, real=0.01 secs] 
342231.200: [GC (Allocation Failure) 342231.200: [ParNew: 427461K->5365K(471872K), 0.0052501 secs] 3578203K->3156863K(4141888K), 0.0053349 secs] [Times: user=0.04 sys=0.00, real=0.01 secs] 
342238.916: [GC (Allocation Failure) 342238.916: [ParNew: 424821K->2855K(471872K), 0.0069813 secs] 3576319K->3157272K(4141888K), 0.0070766 secs] [Times: user=0.05 sys=0.00, real=0.00 secs] 
342247.600: [GC (Allocation Failure) 342247.600: [ParNew: 422311K->2966K(471872K), 0.0059947 secs] 3576728K->3158567K(4141888K), 0.0060916 secs] [Times: user=0.05 sys=0.00, real=0.01 secs] 
342256.764: [GC (Allocation Failure) 342256.764: [ParNew: 422422K->4735K(471872K), 0.0066578 secs] 3578023K->3161979K(4141888K), 0.0067712 secs] [Times: user=0.05 sys=0.00, real=0.00 secs] 
342273.121: [GC (Allocation Failure) 342273.121: [ParNew: 424191K->4036K(471872K), 0.0068449 secs] 3581435K->3164506K(4141888K), 0.0069497 secs] [Times: user=0.05 sys=0.00, real=0.01 secs] 
342285.148: [GC (Allocation Failure) 342285.148: [ParNew: 423492K->3858K(471872K), 0.0071036 secs] 3583962K->3166551K(4141888K), 0.0072019 secs] [Times: user=0.05 sys=0.00, real=0.01 secs] 
342293.145: [GC (Allocation Failure) 342293.145: [ParNew: 423314K->5827K(471872K), 0.0073923 secs] 3586007K->3170155K(4141888K), 0.0074989 secs] [Times: user=0.05 sys=0.00, real=0.00 secs] 
342313.058: [GC (Allocation Failure) 342313.058: [ParNew: 425283K->4058K(471872K), 0.0073001 secs] 3589611K->3172487K(4141888K), 0.0074150 secs] [Times: user=0.05 sys=0.00, real=0.01 secs] 
342324.360: [GC (Allocation Failure) 342324.361: [ParNew: 423514K->4774K(471872K), 0.0076884 secs] 3591943K->3175906K(4141888K), 0.0077851 secs] [Times: user=0.06 sys=0.00, real=0.01 secs] 
342340.620: [GC (Allocation Failure) 342340.620: [ParNew: 424230K->5162K(471872K), 0.0067956 secs] 3595362K->3179397K(4141888K), 0.0069005 secs] [Times: user=0.05 sys=0.00, real=0.01 secs] 
342349.822: [GC (Allocation Failure) 342349.822: [ParNew: 424618K->3536K(471872K), 0.0066653 secs] 3598853K->3180309K(4141888K), 0.0067707 secs] [Times: user=0.05 sys=0.00, real=0.01 secs] 
342363.055: [GC (Allocation Failure) 342363.055: [ParNew: 422992K->5925K(471872K), 0.0063626 secs] 3599765K->3184015K(4141888K), 0.0064557 secs] [Times: user=0.04 sys=0.00, real=0.00 secs] 
342377.410: [GC (Allocation Failure) 342377.410: [ParNew: 425377K->10725K(471872K), 0.0084234 secs] 3603467K->3193449K(4141888K), 0.0085314 secs] [Times: user=0.06 sys=0.00, real=0.01 secs] 
342391.017: [GC (Allocation Failure) 342391.017: [ParNew: 430181K->6621K(471872K), 0.0111391 secs] 3612905K->3191378K(4141888K), 0.0112548 secs] [Times: user=0.05 sys=0.00, real=0.01 secs] 
342400.265: [GC (Allocation Failure) 342400.265: [ParNew: 426077K->3067K(471872K), 0.0101915 secs] 3610834K->3191241K(4141888K), 0.0103110 secs] [Times: user=0.06 sys=0.00, real=0.01 secs] 
342404.886: [GC (Allocation Failure) 342404.886: [ParNew: 422523K->4325K(471872K), 0.0086030 secs] 3610697K->3193664K(4141888K), 0.0087175 secs] [Times: user=0.04 sys=0.00, real=0.01 secs] 
342413.067: [GC (Allocation Failure) 342413.067: [ParNew: 423781K->5974K(471872K), 0.0100798 secs] 3613120K->3196030K(4141888K), 0.0102049 secs] [Times: user=0.05 sys=0.00, real=0.01 secs] 
342430.756: [GC (Allocation Failure) 342430.756: [ParNew: 425430K->4025K(471872K), 0.0106681 secs] 3615486K->3198210K(4141888K), 0.0107895 secs] [Times: user=0.05 sys=0.00, real=0.01 secs] 
342438.380: [GC (Allocation Failure) 342438.380: [ParNew: 422933K->7371K(471872K), 0.0151321 secs] 3617118K->3203919K(4141888K), 0.0152443 secs] [Times: user=0.06 sys=0.00, real=0.02 secs] 
342445.942: [GC (Allocation Failure) 342445.942: [ParNew: 426827K->5646K(471872K), 0.0087104 secs] 3623375K->3203288K(4141888K), 0.0088134 secs] [Times: user=0.06 sys=0.00, real=0.01 secs] 
342453.132: [GC (Allocation Failure) 342453.132: [ParNew: 425102K->2582K(471872K), 0.0067792 secs] 3622744K->3202998K(4141888K), 0.0068760 secs] [Times: user=0.05 sys=0.00, real=0.01 secs] 
342463.128: [GC (Allocation Failure) 342463.128: [ParNew: 422038K->3561K(471872K), 0.0069255 secs] 3622454K->3204859K(4141888K), 0.0070300 secs] [Times: user=0.06 sys=0.00, real=0.01 secs] 
342472.830: [GC (Allocation Failure) 342472.830: [ParNew: 423017K->8750K(471872K), 0.0073116 secs] 3624315K->3211619K(4141888K), 0.0074292 secs] [Times: user=0.05 sys=0.01, real=0.01 secs] 
342485.386: [GC (Allocation Failure) 342485.386: [ParNew: 428206K->4069K(471872K), 0.0071295 secs] 3631075K->3210939K(4141888K), 0.0072462 secs] [Times: user=0.05 sys=0.00, real=0.00 secs] 
342503.062: [GC (Allocation Failure) 342503.062: [ParNew: 423525K->5700K(471872K), 0.0082150 secs] 3630395K->3214457K(4141888K), 0.0083322 secs] [Times: user=0.06 sys=0.00, real=0.01 secs] 
342519.938: [GC (Allocation Failure) 342519.938: [ParNew: 425156K->4081K(471872K), 0.0073807 secs] 3633913K->3216778K(4141888K), 0.0074890 secs] [Times: user=0.05 sys=0.00, real=0.01 secs] 
342529.836: [GC (Allocation Failure) 342529.836: [ParNew: 423537K->7389K(471872K), 0.0071872 secs] 3636234K->3222188K(4141888K), 0.0073009 secs] [Times: user=0.05 sys=0.00, real=0.00 secs] 
342533.819: [GC (Allocation Failure) 342533.819: [ParNew: 426845K->8768K(471872K), 0.0068667 secs] 3641644K->3225379K(4141888K), 0.0069825 secs] [Times: user=0.05 sys=0.01, real=0.01 secs] 
342544.185: [GC (Allocation Failure) 342544.185: [ParNew: 428224K->3637K(471872K), 0.0068200 secs] 3644835K->3224040K(4141888K), 0.0069237 secs] [Times: user=0.05 sys=0.00, real=0.00 secs] 
342557.781: [GC (Allocation Failure) 342557.782: [ParNew: 423093K->3663K(471872K), 0.0096501 secs] 3643496K->3225765K(4141888K), 0.0098048 secs] [Times: user=0.07 sys=0.00, real=0.01 secs] 
342564.858: [GC (Allocation Failure) 342564.858: [ParNew: 423119K->4474K(471872K), 0.0074529 secs] 3645221K->3228556K(4141888K), 0.0075956 secs] [Times: user=0.05 sys=0.00, real=0.01 secs] 
342575.294: [GC (Allocation Failure) 342575.294: [ParNew: 423930K->3380K(471872K), 0.0071299 secs] 3648012K->3230057K(4141888K), 0.0072806 secs] [Times: user=0.05 sys=0.00, real=0.00 secs] 
342592.440: [GC (Allocation Failure) 342592.440: [ParNew: 422836K->4058K(471872K), 0.0070795 secs] 3649513K->3232578K(4141888K), 0.0071895 secs] [Times: user=0.04 sys=0.00, real=0.01 secs] 
342598.840: [GC (Allocation Failure) 342598.840: [ParNew: 423514K->8162K(471872K), 0.0067538 secs] 3652034K->3238926K(4141888K), 0.0068633 secs] [Times: user=0.05 sys=0.00, real=0.01 secs] 
342609.977: [GC (Allocation Failure) 342609.977: [ParNew: 427618K->5036K(471872K), 0.0072760 secs] 3658382K->3239284K(4141888K), 0.0074149 secs] [Times: user=0.06 sys=0.00, real=0.01 secs] 
342616.835: [GC (Allocation Failure) 342616.835: [ParNew: 424492K->4279K(471872K), 0.0067069 secs] 3658740K->3240959K(4141888K), 0.0068485 secs] [Times: user=0.04 sys=0.00, real=0.00 secs] 
342625.098: [GC (Allocation Failure) 342625.098: [ParNew: 423735K->4627K(471872K), 0.0072356 secs] 3660415K->3242335K(4141888K), 0.0073690 secs] [Times: user=0.06 sys=0.00, real=0.01 secs] 
342643.093: [GC (Allocation Failure) 342643.093: [ParNew: 424083K->4951K(471872K), 0.0080356 secs] 3661791K->3245336K(4141888K), 0.0081464 secs] [Times: user=0.06 sys=0.00, real=0.01 secs] 
342654.869: [GC (Allocation Failure) 342654.869: [ParNew: 424407K->6281K(471872K), 0.0081550 secs] 3664792K->3249482K(4141888K), 0.0083070 secs] [Times: user=0.05 sys=0.00, real=0.01 secs] 
342663.106: [GC (Allocation Failure) 342663.106: [ParNew: 425737K->6911K(471872K), 0.0068700 secs] 3668938K->3251893K(4141888K), 0.0069798 secs] [Times: user=0.05 sys=0.00, real=0.00 secs] 
342677.303: [GC (Allocation Failure) 342677.303: [ParNew: 426367K->4919K(471872K), 0.0079796 secs] 3671349K->3253919K(4141888K), 0.0081091 secs] [Times: user=0.06 sys=0.00, real=0.01 secs] 
342684.353: [GC (Allocation Failure) 342684.353: [ParNew: 424375K->4660K(471872K), 0.0074006 secs] 3673375K->3257195K(4141888K), 0.0075235 secs] [Times: user=0.05 sys=0.01, real=0.01 secs] 
342693.138: [GC (Allocation Failure) 342693.138: [ParNew: 424116K->3879K(471872K), 0.0070271 secs] 3676651K->3258873K(4141888K), 0.0071407 secs] [Times: user=0.05 sys=0.00, real=0.01 secs] 
342712.204: [GC (Allocation Failure) 342712.204: [ParNew: 423335K->4924K(471872K), 0.0070194 secs] 3678329K->3261871K(4141888K), 0.0071254 secs] [Times: user=0.05 sys=0.00, real=0.00 secs] 
342720.735: [GC (Allocation Failure) 342720.735: [ParNew: 424380K->7222K(471872K), 0.0078680 secs] 3681327K->3266513K(4141888K), 0.0080027 secs] [Times: user=0.06 sys=0.00, real=0.00 secs] 
342733.107: [GC (Allocation Failure) 342733.107: [ParNew: 426678K->3907K(471872K), 0.0082801 secs] 3685969K->3266903K(4141888K), 0.0084052 secs] [Times: user=0.06 sys=0.00, real=0.01 secs] 
342735.904: [GC (Allocation Failure) 342735.904: [ParNew: 423363K->2536K(471872K), 0.0083188 secs] 3686359K->3267993K(4141888K), 0.0084711 secs] [Times: user=0.06 sys=0.00, real=0.00 secs] 
342739.792: [GC (Allocation Failure) 342739.792: [ParNew: 421992K->4111K(471872K), 0.0053816 secs] 3687449K->3270068K(4141888K), 0.0054975 secs] [Times: user=0.04 sys=0.00, real=0.01 secs] 
342749.210: [GC (Allocation Failure) 342749.210: [ParNew: 423567K->7542K(471872K), 0.0081103 secs] 3689524K->3274050K(4141888K), 0.0082156 secs] [Times: user=0.06 sys=0.00, real=0.01 secs] 
342761.793: [GC (Allocation Failure) 342761.793: [ParNew: 426998K->4482K(471872K), 0.0074212 secs] 3693506K->3274299K(4141888K), 0.0075584 secs] [Times: user=0.06 sys=0.00, real=0.01 secs] 
342765.623: [GC (Allocation Failure) 342765.623: [ParNew: 423938K->2780K(471872K), 0.0068549 secs] 3693755K->3274344K(4141888K), 0.0069585 secs] [Times: user=0.05 sys=0.00, real=0.01 secs] 
342775.598: [GC (Allocation Failure) 342775.599: [ParNew: 422236K->2678K(471872K), 0.0078316 secs] 3693800K->3274765K(4141888K), 0.0080291 secs] [Times: user=0.06 sys=0.00, real=0.01 secs] 
342783.144: [GC (Allocation Failure) 342783.144: [ParNew: 422134K->5584K(471872K), 0.0077091 secs] 3694221K->3279049K(4141888K), 0.0078162 secs] [Times: user=0.05 sys=0.00, real=0.00 secs] 
342796.133: [GC (Allocation Failure) 342796.133: [ParNew: 425040K->3490K(471872K), 0.0072536 secs] 3698505K->3280533K(4141888K), 0.0073613 secs] [Times: user=0.05 sys=0.00, real=0.01 secs] 
342801.479: [GC (Allocation Failure) 342801.479: [ParNew: 422946K->3294K(471872K), 0.0060355 secs] 3699989K->3282446K(4141888K), 0.0061692 secs] [Times: user=0.04 sys=0.00, real=0.01 secs] 
342804.379: [GC (Allocation Failure) 342804.379: [ParNew: 422750K->11280K(471872K), 0.0074750 secs] 3701902K->3291194K(4141888K), 0.0076059 secs] [Times: user=0.06 sys=0.00, real=0.01 secs] 
342813.156: [GC (Allocation Failure) 342813.156: [ParNew: 430736K->6338K(471872K), 0.0065842 secs] 3710650K->3288297K(4141888K), 0.0066894 secs] [Times: user=0.05 sys=0.00, real=0.00 secs] 
342818.985: [GC (Allocation Failure) 342818.985: [ParNew: 425794K->4635K(471872K), 0.0105254 secs] 3707753K->3288546K(4141888K), 0.0106642 secs] [Times: user=0.08 sys=0.00, real=0.01 secs] 
342821.148: [GC (Allocation Failure) 342821.148: [ParNew: 424091K->11741K(471872K), 0.0063927 secs] 3708002K->3296847K(4141888K), 0.0065145 secs] [Times: user=0.04 sys=0.00, real=0.01 secs] 
342821.711: [GC (Allocation Failure) 342821.711: [ParNew: 431197K->4614K(471872K), 0.0057808 secs] 3716303K->3297415K(4141888K), 0.0058894 secs] [Times: user=0.04 sys=0.00, real=0.01 secs] 
342822.193: [GC (Allocation Failure) 342822.193: [ParNew: 424070K->3394K(471872K), 0.0049809 secs] 3716871K->3296653K(4141888K), 0.0050966 secs] [Times: user=0.04 sys=0.00, real=0.01 secs] 
342822.826: [GC (Allocation Failure) 342822.827: [ParNew: 422850K->4489K(471872K), 0.0056945 secs] 3716109K->3298089K(4141888K), 0.0058219 secs] [Times: user=0.04 sys=0.00, real=0.00 secs] 
342823.249: [GC (Allocation Failure) 342823.249: [ParNew: 423945K->3623K(471872K), 0.0067088 secs] 3717545K->3297745K(4141888K), 0.0068145 secs] [Times: user=0.05 sys=0.00, real=0.01 secs] 
342823.817: [GC (Allocation Failure) 342823.817: [ParNew: 423079K->6559K(471872K), 0.0050380 secs] 3717201K->3301278K(4141888K), 0.0051812 secs] [Times: user=0.04 sys=0.00, real=0.00 secs] 
342826.075: [GC (Allocation Failure) 342826.075: [ParNew: 426015K->3177K(471872K), 0.0055827 secs] 3720734K->3300651K(4141888K), 0.0057099 secs] [Times: user=0.04 sys=0.00, real=0.00 secs] 
342829.026: [GC (Allocation Failure) 342829.026: [ParNew: 422633K->4427K(471872K), 0.0059966 secs] 3720107K->3302242K(4141888K), 0.0061429 secs] [Times: user=0.05 sys=0.00, real=0.00 secs] 
342835.026: [GC (Allocation Failure) 342835.026: [ParNew: 423883K->3765K(471872K), 0.0079938 secs] 3721698K->3301966K(4141888K), 0.0081171 secs] [Times: user=0.05 sys=0.00, real=0.01 secs] 
342843.142: [GC (GCLocker Initiated GC) 342843.142: [ParNew: 423222K->5638K(471872K), 0.0072322 secs] 3721424K->3305013K(4141888K), 0.0073466 secs] [Times: user=0.05 sys=0.00, real=0.01 secs] 
342853.231: [GC (Allocation Failure) 342853.231: [ParNew: 425094K->3446K(471872K), 0.0080061 secs] 3724469K->3307099K(4141888K), 0.0081112 secs] [Times: user=0.06 sys=0.01, real=0.01 secs] 
342865.173: [GC (Allocation Failure) 342865.173: [ParNew: 422902K->3566K(471872K), 0.0067325 secs] 3726555K->3309340K(4141888K), 0.0068492 secs] [Times: user=0.05 sys=0.00, real=0.01 secs] 
342871.496: [GC (Allocation Failure) 342871.496: [ParNew: 423022K->6724K(471872K), 0.0056785 secs] 3728796K->3314259K(4141888K), 0.0057741 secs] [Times: user=0.04 sys=0.00, real=0.00 secs] 
342875.148: [GC (Allocation Failure) 342875.149: [ParNew: 426180K->2082K(471872K), 0.0054747 secs] 3733715K->3312201K(4141888K), 0.0055562 secs] [Times: user=0.04 sys=0.00, real=0.01 secs] 
342880.099: [GC (Allocation Failure) 342880.099: [ParNew: 421538K->2072K(471872K), 0.0051726 secs] 3731657K->3312718K(4141888K), 0.0052523 secs] [Times: user=0.04 sys=0.00, real=0.01 secs] 
342894.236: [GC (Allocation Failure) 342894.236: [ParNew: 421528K->2828K(471872K), 0.0061502 secs] 3732174K->3314411K(4141888K), 0.0062562 secs] [Times: user=0.05 sys=0.00, real=0.00 secs] 
342903.137: [GC (Allocation Failure) 342903.137: [ParNew: 422284K->5622K(471872K), 0.0067835 secs] 3733867K->3318990K(4141888K), 0.0068844 secs] [Times: user=0.05 sys=0.00, real=0.01 secs] 
342913.098: [GC (Allocation Failure) 342913.098: [ParNew: 425078K->3775K(471872K), 0.0104047 secs] 3738446K->3320887K(4141888K), 0.0105055 secs] [Times: user=0.08 sys=0.00, real=0.01 secs] 
342929.024: [GC (Allocation Failure) 342929.024: [ParNew: 423231K->4856K(471872K), 0.0069894 secs] 3740343K->3323936K(4141888K), 0.0070980 secs] [Times: user=0.06 sys=0.00, real=0.00 secs] 
342943.085: [GC (Allocation Failure) 342943.085: [ParNew: 424209K->3946K(471872K), 0.0069501 secs] 3743289K->3326420K(4141888K), 0.0070482 secs] [Times: user=0.05 sys=0.00, real=0.00 secs] 
342950.650: [GC (Allocation Failure) 342950.650: [ParNew: 423402K->3261K(471872K), 0.0064280 secs] 3745876K->3327782K(4141888K), 0.0065305 secs] [Times: user=0.04 sys=0.00, real=0.01 secs] 
342960.727: [GC (Allocation Failure) 342960.728: [ParNew: 422717K->27070K(471872K), 0.0093996 secs] 3747238K->3352468K(4141888K), 0.0095388 secs] [Times: user=0.07 sys=0.00, real=0.01 secs] 
342968.808: [GC (Allocation Failure) 342968.808: [ParNew: 446526K->9829K(471872K), 0.0066076 secs] 3771924K->3339224K(4141888K), 0.0067180 secs] [Times: user=0.04 sys=0.00, real=0.01 secs] 
342978.551: [GC (Allocation Failure) 342978.551: [ParNew: 429285K->4389K(471872K), 0.0058219 secs] 3758680K->3334840K(4141888K), 0.0059218 secs] [Times: user=0.04 sys=0.00, real=0.01 secs] 
342993.061: [GC (Allocation Failure) 342993.061: [ParNew: 423845K->7352K(471872K), 0.0062274 secs] 3754296K->3339468K(4141888K), 0.0063415 secs] [Times: user=0.04 sys=0.00, real=0.01 secs] 
343002.285: [GC (Allocation Failure) 343002.286: [ParNew: 426808K->3034K(471872K), 0.0062287 secs] 3758924K->3338295K(4141888K), 0.0063253 secs] [Times: user=0.05 sys=0.00, real=0.00 secs] 
343011.746: [GC (Allocation Failure) 343011.746: [ParNew: 422490K->3717K(471872K), 0.0061842 secs] 3757751K->3340345K(4141888K), 0.0062961 secs] [Times: user=0.04 sys=0.01, real=0.00 secs] 
343018.888: [GC (Allocation Failure) 343018.888: [ParNew: 423173K->2681K(471872K), 0.0057257 secs] 3759801K->3340425K(4141888K), 0.0058264 secs] [Times: user=0.04 sys=0.00, real=0.01 secs] 
343023.820: [GC (Allocation Failure) 343023.820: [ParNew: 422137K->5325K(471872K), 0.0057595 secs] 3759881K->3343983K(4141888K), 0.0058517 secs] [Times: user=0.05 sys=0.00, real=0.01 secs] 
343032.803: [GC (Allocation Failure) 343032.804: [ParNew: 424781K->5106K(471872K), 0.0060833 secs] 3763439K->3347717K(4141888K), 0.0061909 secs] [Times: user=0.05 sys=0.00, real=0.01 secs] 
343043.139: [GC (Allocation Failure) 343043.139: [ParNew: 424565K->3552K(471872K), 0.0064727 secs] 3767176K->3347895K(4141888K), 0.0065685 secs] [Times: user=0.04 sys=0.00, real=0.01 secs] 
343043.146: [GC (GCLocker Initiated GC) 343043.146: [ParNew: 4210K->255K(471872K), 0.0045742 secs] 3348553K->3347107K(4141888K), 0.0046277 secs] [Times: user=0.02 sys=0.00, real=0.00 secs] 
343061.056: [GC (Allocation Failure) 343061.057: [ParNew: 419711K->5239K(471872K), 0.0072378 secs] 3766563K->3352093K(4141888K), 0.0073371 secs] [Times: user=0.05 sys=0.01, real=0.01 secs] 
343074.826: [GC (Allocation Failure) 343074.826: [ParNew: 424695K->4106K(471872K), 0.0082390 secs] 3771549K->3355372K(4141888K), 0.0083499 secs] [Times: user=0.05 sys=0.00, real=0.01 secs] 
343086.880: [GC (Allocation Failure) 343086.880: [ParNew: 423562K->9294K(471872K), 0.0077783 secs] 3774828K->3362686K(4141888K), 0.0078842 secs] [Times: user=0.05 sys=0.00, real=0.01 secs] 
343096.983: [GC (Allocation Failure) 343096.983: [ParNew: 428724K->4716K(471872K), 0.0080095 secs] 3782116K->3362510K(4141888K), 0.0081155 secs] [Times: user=0.06 sys=0.00, real=0.01 secs] 
343113.052: [GC (Allocation Failure) 343113.052: [ParNew: 424172K->6557K(471872K), 0.0083686 secs] 3781966K->3366504K(4141888K), 0.0084750 secs] [Times: user=0.07 sys=0.00, real=0.01 secs] 
343123.071: [GC (Allocation Failure) 343123.071: [ParNew: 426013K->5057K(471872K), 0.0080941 secs] 3785960K->3369162K(4141888K), 0.0082106 secs] [Times: user=0.06 sys=0.01, real=0.01 secs] 
343135.982: [GC (Allocation Failure) 343135.982: [ParNew: 424503K->6453K(471872K), 0.0088187 secs] 3788608K->3372595K(4141888K), 0.0089302 secs] [Times: user=0.05 sys=0.00, real=0.01 secs] 
343143.632: [GC (Allocation Failure) 343143.632: [ParNew: 425909K->14934K(471872K), 0.0088443 secs] 3792051K->3383393K(4141888K), 0.0089425 secs] [Times: user=0.06 sys=0.00, real=0.01 secs] 
343150.836: [GC (Allocation Failure) 343150.836: [ParNew: 434390K->8492K(471872K), 0.0107260 secs] 3802849K->3378229K(4141888K), 0.0108325 secs] [Times: user=0.06 sys=0.00, real=0.01 secs] 
343155.926: [GC (Allocation Failure) 343155.926: [ParNew: 427788K->5931K(471872K), 0.0126777 secs] 3797525K->3379479K(4141888K), 0.0128163 secs] [Times: user=0.06 sys=0.00, real=0.01 secs] 
343173.059: [GC (Allocation Failure) 343173.060: [ParNew: 425387K->5692K(471872K), 0.0108667 secs] 3798935K->3380567K(4141888K), 0.0109749 secs] [Times: user=0.06 sys=0.00, real=0.01 secs] 
343186.729: [GC (Allocation Failure) 343186.729: [ParNew: 425148K->4529K(471872K), 0.0103630 secs] 3800023K->3383860K(4141888K), 0.0104739 secs] [Times: user=0.05 sys=0.00, real=0.01 secs] 
343186.740: [GC (CMS Initial Mark) [1 CMS-initial-mark: 3379330K(3670016K)] 3384353K(4141888K), 0.0008396 secs] [Times: user=0.01 sys=0.00, real=0.00 secs] 
343186.741: [CMS-concurrent-mark-start]
343186.945: [CMS-concurrent-mark: 0.204/0.204 secs] [Times: user=0.41 sys=0.00, real=0.21 secs] 
343186.945: [CMS-concurrent-preclean-start]
343186.951: [CMS-concurrent-preclean: 0.006/0.006 secs] [Times: user=0.01 sys=0.00, real=0.00 secs] 
343186.951: [CMS-concurrent-abortable-preclean-start]
 CMS: abort preclean due to time 343191.960: [CMS-concurrent-abortable-preclean: 1.233/5.010 secs] [Times: user=1.55 sys=0.03, real=5.01 secs] 
343191.961: [GC (CMS Final Remark) [YG occupancy: 77183 K (471872 K)]343191.961: [Rescan (parallel) , 0.0107877 secs]343191.972: [weak refs processing, 0.0016463 secs]343191.973: [class unloading, 0.0189230 secs]343191.992: [scrub symbol table, 0.0079150 secs]343192.000: [scrub string table, 0.0008076 secs][1 CMS-remark: 3379330K(3670016K)] 3456514K(4141888K), 0.0402778 secs] [Times: user=0.11 sys=0.00, real=0.04 secs] 
343192.001: [CMS-concurrent-sweep-start]
343192.608: [CMS-concurrent-sweep: 0.606/0.607 secs] [Times: user=0.63 sys=0.00, real=0.61 secs] 
343192.608: [CMS-concurrent-reset-start]
343192.617: [CMS-concurrent-reset: 0.008/0.008 secs] [Times: user=0.01 sys=0.00, real=0.01 secs] 
343203.103: [GC (Allocation Failure) 343203.103: [ParNew: 423985K->4195K(471872K), 0.0063222 secs] 1448417K->1030436K(4141888K), 0.0064404 secs] [Times: user=0.04 sys=0.00, real=0.01 secs] 
343213.078: [GC (Allocation Failure) 343213.078: [ParNew: 423651K->6371K(471872K), 0.0063227 secs] 1449892K->1034645K(4141888K), 0.0064338 secs] [Times: user=0.04 sys=0.00, real=0.01 secs] 
343223.130: [GC (Allocation Failure) 343223.130: [ParNew: 425827K->3017K(471872K), 0.0061778 secs] 1454101K->1035019K(4141888K), 0.0062752 secs] [Times: user=0.05 sys=0.00, real=0.01 secs] 
343243.074: [GC (Allocation Failure) 343243.074: [ParNew: 422473K->5610K(471872K), 0.0062464 secs] 1454475K->1039435K(4141888K), 0.0063399 secs] [Times: user=0.04 sys=0.00, real=0.00 secs] 
343253.125: [GC (Allocation Failure) 343253.126: [ParNew: 425066K->3829K(471872K), 0.0075829 secs] 1458891K->1041435K(4141888K), 0.0076963 secs] [Times: user=0.05 sys=0.00, real=0.00 secs] 
343260.791: [GC (Allocation Failure) 343260.791: [ParNew: 423252K->4148K(471872K), 0.0061913 secs] 1460857K->1042984K(4141888K), 0.0062946 secs] [Times: user=0.04 sys=0.00, real=0.01 secs] 
343265.713: [GC (Allocation Failure) 343265.713: [ParNew: 423604K->24035K(471872K), 0.0084376 secs] 1462440K->1064318K(4141888K), 0.0085423 secs] [Times: user=0.07 sys=0.00, real=0.01 secs] 
343277.904: [GC (Allocation Failure) 343277.904: [ParNew: 443491K->9983K(471872K), 0.0061288 secs] 1483774K->1054157K(4141888K), 0.0062435 secs] [Times: user=0.04 sys=0.00, real=0.01 secs] 
343292.345: [GC (Allocation Failure) 343292.345: [ParNew: 429439K->13029K(471872K), 0.0078844 secs] 1473613K->1058892K(4141888K), 0.0080076 secs] [Times: user=0.06 sys=0.00, real=0.00 secs] 
343302.197: [GC (Allocation Failure) 343302.197: [ParNew: 432086K->7537K(471872K), 0.0071896 secs] 1477949K->1056795K(4141888K), 0.0072972 secs] [Times: user=0.04 sys=0.00, real=0.01 secs] 
343309.813: [GC (Allocation Failure) 343309.813: [ParNew: 426993K->4701K(471872K), 0.0070584 secs] 1476251K->1055702K(4141888K), 0.0071625 secs] [Times: user=0.04 sys=0.00, real=0.01 secs] 
343317.435: [GC (Allocation Failure) 343317.435: [ParNew: 424157K->2961K(471872K), 0.0072159 secs] 1475158K->1055235K(4141888K), 0.0073141 secs] [Times: user=0.04 sys=0.00, real=0.00 secs] 
343323.432: [GC (Allocation Failure) 343323.432: [ParNew: 422417K->2336K(471872K), 0.0066831 secs] 1474691K->1055472K(4141888K), 0.0067914 secs] [Times: user=0.04 sys=0.00, real=0.01 secs] 
343329.280: [GC (Allocation Failure) 343329.280: [ParNew: 421774K->6053K(471872K), 0.0069396 secs] 1474910K->1060074K(4141888K), 0.0070672 secs] [Times: user=0.05 sys=0.00, real=0.01 secs] 
343333.128: [GC (Allocation Failure) 343333.128: [ParNew: 425509K->2664K(471872K), 0.0066557 secs] 1479530K->1060019K(4141888K), 0.0067778 secs] [Times: user=0.05 sys=0.00, real=0.01 secs] 
343339.577: [GC (Allocation Failure) 343339.577: [ParNew: 422120K->2461K(471872K), 0.0050635 secs] 1479475K->1060340K(4141888K), 0.0051659 secs] [Times: user=0.04 sys=0.01, real=0.00 secs] 
343349.164: [GC (Allocation Failure) 343349.164: [ParNew: 421917K->3807K(471872K), 0.0067197 secs] 1479796K->1062738K(4141888K), 0.0068614 secs] [Times: user=0.05 sys=0.00, real=0.00 secs] 
343355.145: [GC (Allocation Failure) 343355.145: [ParNew: 423263K->4721K(471872K), 0.0067285 secs] 1482194K->1065179K(4141888K), 0.0068801 secs] [Times: user=0.05 sys=0.00, real=0.00 secs] 
343369.838: [GC (Allocation Failure) 343369.838: [ParNew: 424177K->4091K(471872K), 0.0064488 secs] 1484635K->1067077K(4141888K), 0.0065703 secs] [Times: user=0.05 sys=0.00, real=0.01 secs] 
343385.528: [GC (Allocation Failure) 343385.528: [ParNew: 423547K->4417K(471872K), 0.0076068 secs] 1486533K->1069878K(4141888K), 0.0077227 secs] [Times: user=0.05 sys=0.00, real=0.01 secs] 
343397.808: [GC (Allocation Failure) 343397.808: [ParNew: 423873K->6776K(471872K), 0.0083561 secs] 1489334K->1074364K(4141888K), 0.0084880 secs] [Times: user=0.05 sys=0.01, real=0.01 secs] 
343412.229: [GC (Allocation Failure) 343412.230: [ParNew: 426232K->3394K(471872K), 0.0067625 secs] 1493820K->1075091K(4141888K), 0.0068742 secs] [Times: user=0.04 sys=0.00, real=0.01 secs] 
343423.054: [GC (Allocation Failure) 343423.054: [ParNew: 422850K->5108K(471872K), 0.0074731 secs] 1494547K->1078561K(4141888K), 0.0075761 secs] [Times: user=0.04 sys=0.00, real=0.00 secs] 
343431.352: [GC (Allocation Failure) 343431.352: [ParNew: 424564K->3485K(471872K), 0.0070328 secs] 1498017K->1080491K(4141888K), 0.0071359 secs] [Times: user=0.05 sys=0.00, real=0.01 secs] 
343447.536: [GC (Allocation Failure) 343447.536: [ParNew: 422941K->3266K(471872K), 0.0090965 secs] 1499947K->1081617K(4141888K), 0.0092129 secs] [Times: user=0.05 sys=0.00, real=0.01 secs] 
343454.350: [GC (Allocation Failure) 343454.350: [ParNew: 422722K->5561K(471872K), 0.0095017 secs] 1501073K->1085772K(4141888K), 0.0096390 secs] [Times: user=0.05 sys=0.00, real=0.01 secs] 
343460.608: [GC (Allocation Failure) 343460.608: [ParNew: 425017K->4761K(471872K), 0.0198569 secs] 1505228K->1088905K(4141888K), 0.0199905 secs] [Times: user=0.06 sys=0.00, real=0.02 secs] 
343464.219: [GC (Allocation Failure) 343464.219: [ParNew: 424184K->4095K(471872K), 0.0183879 secs] 1508329K->1089090K(4141888K), 0.0184953 secs] [Times: user=0.08 sys=0.00, real=0.02 secs] 
343469.698: [GC (Allocation Failure) 343469.698: [ParNew: 423551K->3274K(471872K), 0.0066624 secs] 1508546K->1088904K(4141888K), 0.0067519 secs] [Times: user=0.04 sys=0.00, real=0.01 secs] 
343474.899: [GC (Allocation Failure) 343474.899: [ParNew: 422730K->2550K(471872K), 0.0057010 secs] 1508360K->1088827K(4141888K), 0.0058320 secs] [Times: user=0.04 sys=0.00, real=0.01 secs] 
343484.327: [GC (Allocation Failure) 343484.328: [ParNew: 422006K->4750K(471872K), 0.0062966 secs] 1508283K->1091882K(4141888K), 0.0064029 secs] [Times: user=0.05 sys=0.00, real=0.01 secs] 
343502.955: [GC (Allocation Failure) 343502.955: [ParNew: 424206K->3958K(471872K), 0.0069851 secs] 1511338K->1094086K(4141888K), 0.0070900 secs] [Times: user=0.05 sys=0.00, real=0.00 secs] 
343513.087: [GC (Allocation Failure) 343513.087: [ParNew: 423414K->5641K(471872K), 0.0096912 secs] 1513542K->1098349K(4141888K), 0.0097789 secs] [Times: user=0.07 sys=0.00, real=0.01 secs] 
343525.559: [GC (Allocation Failure) 343525.559: [ParNew: 425097K->3341K(471872K), 0.0072228 secs] 1517805K->1099918K(4141888K), 0.0073429 secs] [Times: user=0.05 sys=0.00, real=0.01 secs] 
343537.541: [GC (Allocation Failure) 343537.541: [ParNew: 422797K->9049K(471872K), 0.0073791 secs] 1519374K->1107190K(4141888K), 0.0075209 secs] [Times: user=0.05 sys=0.00, real=0.01 secs] 
343554.045: [GC (Allocation Failure) 343554.046: [ParNew: 428505K->4804K(471872K), 0.0062598 secs] 1526646K->1105961K(4141888K), 0.0063627 secs] [Times: user=0.04 sys=0.00, real=0.00 secs] 
343570.792: [GC (Allocation Failure) 343570.792: [ParNew: 424260K->22160K(471872K), 0.0109972 secs] 1525417K->1125780K(4141888K), 0.0111547 secs] [Times: user=0.08 sys=0.00, real=0.01 secs] 
343583.055: [GC (Allocation Failure) 343583.055: [ParNew: 441616K->12559K(471872K), 0.0081548 secs] 1545236K->1120797K(4141888K), 0.0082566 secs] [Times: user=0.06 sys=0.00, real=0.00 secs] 
343592.419: [GC (Allocation Failure) 343592.419: [ParNew: 432015K->4825K(471872K), 0.0087311 secs] 1540253K->1114592K(4141888K), 0.0088367 secs] [Times: user=0.05 sys=0.00, real=0.01 secs] 
343603.053: [GC (Allocation Failure) 343603.053: [ParNew: 424281K->4650K(471872K), 0.0086456 secs] 1534048K->1115745K(4141888K), 0.0087705 secs] [Times: user=0.05 sys=0.00, real=0.01 secs] 
343616.816: [GC (Allocation Failure) 343616.816: [ParNew: 424106K->3854K(471872K), 0.0070799 secs] 1535201K->1117965K(4141888K), 0.0071757 secs] [Times: user=0.05 sys=0.00, real=0.00 secs] 
343631.624: [GC (Allocation Failure) 343631.624: [ParNew: 421837K->22892K(471872K), 0.0078873 secs] 1535948K->1139005K(4141888K), 0.0080077 secs] [Times: user=0.06 sys=0.00, real=0.01 secs] 
343643.052: [GC (Allocation Failure) 343643.053: [ParNew: 442348K->5034K(471872K), 0.0072977 secs] 1558461K->1125319K(4141888K), 0.0073888 secs] [Times: user=0.05 sys=0.01, real=0.01 secs] 
343650.813: [GC (Allocation Failure) 343650.813: [ParNew: 424490K->4167K(471872K), 0.0056786 secs] 1544775K->1125630K(4141888K), 0.0057650 secs] [Times: user=0.04 sys=0.00, real=0.01 secs] 
343658.676: [GC (Allocation Failure) 343658.676: [ParNew: 423623K->4905K(471872K), 0.0055919 secs] 1545086K->1127666K(4141888K), 0.0056926 secs] [Times: user=0.04 sys=0.00, real=0.00 secs] 
343664.303: [GC (Allocation Failure) 343664.303: [ParNew: 424361K->4064K(471872K), 0.0058799 secs] 1547122K->1129552K(4141888K), 0.0059693 secs] [Times: user=0.04 sys=0.00, real=0.01 secs] 
343676.459: [GC (Allocation Failure) 343676.459: [ParNew: 423520K->3725K(471872K), 0.0060779 secs] 1549008K->1130617K(4141888K), 0.0061673 secs] [Times: user=0.05 sys=0.00, real=0.01 secs] 
343692.703: [GC (Allocation Failure) 343692.703: [ParNew: 423181K->17678K(471872K), 0.0084420 secs] 1550073K->1146538K(4141888K), 0.0085591 secs] [Times: user=0.06 sys=0.00, real=0.01 secs] 
343705.598: [GC (Allocation Failure) 343705.599: [ParNew: 437134K->8792K(471872K), 0.0068627 secs] 1565994K->1142101K(4141888K), 0.0069650 secs] [Times: user=0.05 sys=0.00, real=0.01 secs] 
343715.402: [GC (Allocation Failure) 343715.402: [ParNew: 428248K->5477K(471872K), 0.0069259 secs] 1561557K->1140367K(4141888K), 0.0070286 secs] [Times: user=0.05 sys=0.00, real=0.01 secs] 
343726.861: [GC (Allocation Failure) 343726.861: [ParNew: 424933K->6410K(471872K), 0.0060513 secs] 1559823K->1142622K(4141888K), 0.0061499 secs] [Times: user=0.05 sys=0.00, real=0.01 secs] 
343741.573: [GC (Allocation Failure) 343741.573: [ParNew: 425866K->11430K(471872K), 0.0078974 secs] 1562078K->1150907K(4141888K), 0.0080217 secs] [Times: user=0.06 sys=0.00, real=0.01 secs] 
343742.103: [GC (Allocation Failure) 343742.103: [ParNew: 430886K->7401K(471872K), 0.0087849 secs] 1570363K->1153329K(4141888K), 0.0088860 secs] [Times: user=0.06 sys=0.00, real=0.01 secs] 
343742.747: [GC (Allocation Failure) 343742.747: [ParNew: 426857K->3604K(471872K), 0.0048514 secs] 1572785K->1152411K(4141888K), 0.0049740 secs] [Times: user=0.03 sys=0.00, real=0.00 secs] 
343743.230: [GC (Allocation Failure) 343743.230: [ParNew: 423060K->4277K(471872K), 0.0062961 secs] 1571867K->1153393K(4141888K), 0.0063792 secs] [Times: user=0.05 sys=0.00, real=0.01 secs] 
343743.773: [GC (Allocation Failure) 343743.773: [ParNew: 423733K->3310K(471872K), 0.0059496 secs] 1572849K->1152797K(4141888K), 0.0060658 secs] [Times: user=0.04 sys=0.00, real=0.01 secs] 
343744.331: [GC (Allocation Failure) 343744.331: [ParNew: 422766K->3424K(471872K), 0.0041923 secs] 1572253K->1153225K(4141888K), 0.0042791 secs] [Times: user=0.03 sys=0.00, real=0.01 secs] 
343753.133: [GC (Allocation Failure) 343753.133: [ParNew: 422880K->3173K(471872K), 0.0067910 secs] 1572681K->1153115K(4141888K), 0.0068910 secs] [Times: user=0.04 sys=0.00, real=0.01 secs] 
343763.840: [GC (Allocation Failure) 343763.840: [ParNew: 422629K->5988K(471872K), 0.0077061 secs] 1572571K->1157116K(4141888K), 0.0078024 secs] [Times: user=0.05 sys=0.00, real=0.01 secs] 
343771.596: [GC (Allocation Failure) 343771.596: [ParNew: 425444K->4221K(471872K), 0.0088312 secs] 1576572K->1159443K(4141888K), 0.0089306 secs] [Times: user=0.05 sys=0.00, real=0.01 secs] 
343776.780: [GC (Allocation Failure) 343776.780: [ParNew: 423677K->4293K(471872K), 0.0065921 secs] 1578899K->1160745K(4141888K), 0.0067094 secs] [Times: user=0.05 sys=0.00, real=0.01 secs] 
343781.743: [GC (Allocation Failure) 343781.743: [ParNew: 423749K->3794K(471872K), 0.0053180 secs] 1580201K->1161505K(4141888K), 0.0054563 secs] [Times: user=0.04 sys=0.00, real=0.01 secs] 
343786.645: [GC (Allocation Failure) 343786.645: [ParNew: 423250K->2917K(471872K), 0.0057171 secs] 1580961K->1162587K(4141888K), 0.0058437 secs] [Times: user=0.04 sys=0.00, real=0.00 secs] 
343801.313: [GC (Allocation Failure) 343801.313: [ParNew: 422373K->3438K(471872K), 0.0065841 secs] 1582043K->1164506K(4141888K), 0.0066890 secs] [Times: user=0.05 sys=0.00, real=0.01 secs] 
343814.640: [GC (Allocation Failure) 343814.640: [ParNew: 422894K->26059K(471872K), 0.0072153 secs] 1583962K->1189021K(4141888K), 0.0073211 secs] [Times: user=0.05 sys=0.00, real=0.01 secs] 
343828.004: [GC (Allocation Failure) 343828.004: [ParNew: 445515K->7151K(471872K), 0.0084617 secs] 1608477K->1171721K(4141888K), 0.0085627 secs] [Times: user=0.05 sys=0.00, real=0.00 secs] 
343833.095: [GC (Allocation Failure) 343833.095: [ParNew: 426607K->3741K(471872K), 0.0056105 secs] 1591177K->1172743K(4141888K), 0.0057022 secs] [Times: user=0.04 sys=0.01, real=0.00 secs] 
343843.104: [GC (Allocation Failure) 343843.104: [ParNew: 423197K->5036K(471872K), 0.0056757 secs] 1592199K->1175003K(4141888K), 0.0057879 secs] [Times: user=0.04 sys=0.00, real=0.00 secs] 
343851.944: [GC (Allocation Failure) 343851.944: [ParNew: 424492K->4585K(471872K), 0.0059363 secs] 1594459K->1177079K(4141888K), 0.0060456 secs] [Times: user=0.04 sys=0.00, real=0.00 secs] 
343856.396: [GC (Allocation Failure) 343856.396: [ParNew: 424041K->3211K(471872K), 0.0061726 secs] 1596535K->1177311K(4141888K), 0.0062819 secs] [Times: user=0.05 sys=0.00, real=0.00 secs] 
343864.519: [GC (Allocation Failure) 343864.520: [ParNew: 422667K->5175K(471872K), 0.0069549 secs] 1596767K->1180126K(4141888K), 0.0070778 secs] [Times: user=0.05 sys=0.00, real=0.01 secs] 
343870.044: [GC (Allocation Failure) 343870.044: [ParNew: 424631K->5740K(471872K), 0.0048638 secs] 1599582K->1181777K(4141888K), 0.0049452 secs] [Times: user=0.03 sys=0.00, real=0.00 secs] 
343873.500: [GC (Allocation Failure) 343873.500: [ParNew: 425196K->3780K(471872K), 0.0052978 secs] 1601233K->1180992K(4141888K), 0.0053973 secs] [Times: user=0.04 sys=0.00, real=0.01 secs] 
